DEBUG:paramiko.transport:starting thread (client mode): 0x1ad37af0
DEBUG:paramiko.transport:Local version/idstring: SSH-2.0-paramiko_2.7.1
DEBUG:paramiko.transport:starting thread (client mode): 0x1ad591c0
DEBUG:paramiko.transport:Local version/idstring: SSH-2.0-paramiko_2.7.1
DEBUG:paramiko.transport:starting thread (client mode): 0x1ad37a30
DEBUG:paramiko.transport:Remote version/idstring: SSH-2.0-Cisco-1.25
DEBUG:paramiko.transport:starting thread (client mode): 0x1ad43c40
INFO:paramiko.transport:Connected (version 2.0, client Cisco-1.25)
DEBUG:paramiko.transport:Local version/idstring: SSH-2.0-paramiko_2.7.1
DEBUG:paramiko.transport:starting thread (client mode): 0x1ad43ee0
DEBUG:paramiko.transport:Local version/idstring: SSH-2.0-paramiko_2.7.1
DEBUG:paramiko.transport:Local version/idstring: SSH-2.0-paramiko_2.7.1
DEBUG:paramiko.transport:starting thread (client mode): 0x1ad59670
DEBUG:paramiko.transport:Local version/idstring: SSH-2.0-paramiko_2.7.1
DEBUG:paramiko.transport:kex algos:['diffie-hellman-group1-sha1'] server key:['ssh-rsa'] client encrypt:['aes128-cbc', '3des-cbc', 'aes192-cbc', 'aes256-cbc'] server encrypt:['aes128-cbc', '3des-cbc', 'aes192-cbc', 'aes256-cbc'] client mac:['hmac-sha1', 'hmac-sha1-96', 'hmac-md5', 'hmac-md5-96'] server mac:['hmac-sha1', 'hmac-sha1-96', 'hmac-md5', 'hmac-md5-96'] client compress:['none'] server compress:['none'] client lang:[''] server lang:[''] kex follows?False
DEBUG:paramiko.transport:Kex agreed: diffie-hellman-group1-sha1
DEBUG:paramiko.transport:HostKey agreed: ssh-rsa
DEBUG:paramiko.transport:Cipher agreed: aes128-cbc
DEBUG:paramiko.transport:MAC agreed: hmac-sha1
DEBUG:paramiko.transport:Compression agreed: none
DEBUG:paramiko.transport:starting thread (client mode): 0x1ad59910
DEBUG:paramiko.transport:Remote version/idstring: SSH-2.0-Cisco-1.25
DEBUG:paramiko.transport:Remote version/idstring: SSH-1.99-Cisco-1.25
DEBUG:paramiko.transport:Remote version/idstring: SSH-1.99-Cisco-1.25
DEBUG:paramiko.transport:starting thread (client mode): 0x1ad593d0
DEBUG:paramiko.transport:Local version/idstring: SSH-2.0-paramiko_2.7.1
DEBUG:paramiko.transport:starting thread (client mode): 0x1ad59bb0
INFO:paramiko.transport:Connected (version 2.0, client Cisco-1.25)
INFO:paramiko.transport:Connected (version 1.99, client Cisco-1.25)
INFO:paramiko.transport:Connected (version 1.99, client Cisco-1.25)
DEBUG:paramiko.transport:Remote version/idstring: SSH-2.0-Cisco-1.25
DEBUG:paramiko.transport:Local version/idstring: SSH-2.0-paramiko_2.7.1
DEBUG:paramiko.transport:Local version/idstring: SSH-2.0-paramiko_2.7.1
INFO:paramiko.transport:Connected (version 2.0, client Cisco-1.25)
DEBUG:paramiko.transport:Remote version/idstring: SSH-2.0-Cisco-1.25
INFO:paramiko.transport:Connected (version 2.0, client Cisco-1.25)
DEBUG:paramiko.transport:kex algos:['diffie-hellman-group1-sha1'] server key:['ssh-rsa'] client encrypt:['aes128-cbc', '3des-cbc', 'aes192-cbc', 'aes256-cbc'] server encrypt:['aes128-cbc', '3des-cbc', 'aes192-cbc', 'aes256-cbc'] client mac:['hmac-sha1', 'hmac-sha1-96', 'hmac-md5', 'hmac-md5-96'] server mac:['hmac-sha1', 'hmac-sha1-96', 'hmac-md5', 'hmac-md5-96'] client compress:['none'] server compress:['none'] client lang:[''] server lang:[''] kex follows?False
DEBUG:paramiko.transport:Remote version/idstring: SSH-2.0-Cisco-1.25
DEBUG:paramiko.transport:Kex agreed: diffie-hellman-group1-sha1
INFO:paramiko.transport:Connected (version 2.0, client Cisco-1.25)
DEBUG:paramiko.transport:HostKey agreed: ssh-rsa
DEBUG:paramiko.transport:Cipher agreed: aes128-cbc
DEBUG:paramiko.transport:MAC agreed: hmac-sha1
DEBUG:paramiko.transport:kex algos:['diffie-hellman-group-exchange-sha1', 'diffie-hellman-group14-sha1', 'diffie-hellman-group1-sha1'] server key:['ssh-rsa'] client encrypt:['aes128-cbc', '3des-cbc', 'aes192-cbc', 'aes256-cbc'] server encrypt:['aes128-cbc', '3des-cbc', 'aes192-cbc', 'aes256-cbc'] client mac:['hmac-sha1', 'hmac-sha1-96', 'hmac-md5', 'hmac-md5-96'] server mac:['hmac-sha1', 'hmac-sha1-96', 'hmac-md5', 'hmac-md5-96'] client compress:['none'] server compress:['none'] client lang:[''] server lang:[''] kex follows?False
DEBUG:paramiko.transport:Compression agreed: none
DEBUG:paramiko.transport:Kex agreed: diffie-hellman-group-exchange-sha1
DEBUG:paramiko.transport:HostKey agreed: ssh-rsa
DEBUG:paramiko.transport:kex algos:['diffie-hellman-group-exchange-sha1', 'diffie-hellman-group14-sha1', 'diffie-hellman-group1-sha1'] server key:['ssh-rsa'] client encrypt:['aes128-cbc', '3des-cbc', 'aes192-cbc', 'aes256-cbc'] server encrypt:['aes128-cbc', '3des-cbc', 'aes192-cbc', 'aes256-cbc'] client mac:['hmac-sha1', 'hmac-sha1-96', 'hmac-md5', 'hmac-md5-96'] server mac:['hmac-sha1', 'hmac-sha1-96', 'hmac-md5', 'hmac-md5-96'] client compress:['none'] server compress:['none'] client lang:[''] server lang:[''] kex follows?False
DEBUG:paramiko.transport:Remote version/idstring: SSH-2.0-Cisco-1.25
DEBUG:paramiko.transport:kex algos:['diffie-hellman-group-exchange-sha1', 'diffie-hellman-group14-sha1', 'diffie-hellman-group1-sha1'] server key:['ssh-rsa'] client encrypt:['aes128-cbc', '3des-cbc', 'aes192-cbc', 'aes256-cbc'] server encrypt:['aes128-cbc', '3des-cbc', 'aes192-cbc', 'aes256-cbc'] client mac:['hmac-sha1', 'hmac-sha1-96', 'hmac-md5', 'hmac-md5-96'] server mac:['hmac-sha1', 'hmac-sha1-96', 'hmac-md5', 'hmac-md5-96'] client compress:['none'] server compress:['none'] client lang:[''] server lang:[''] kex follows?False
DEBUG:paramiko.transport:Cipher agreed: aes128-cbc
DEBUG:paramiko.transport:kex algos:['diffie-hellman-group-exchange-sha1', 'diffie-hellman-group14-sha1', 'diffie-hellman-group1-sha1'] server key:['ssh-rsa'] client encrypt:['aes128-cbc', '3des-cbc', 'aes192-cbc', 'aes256-cbc'] server encrypt:['aes128-cbc', '3des-cbc', 'aes192-cbc', 'aes256-cbc'] client mac:['hmac-sha1', 'hmac-sha1-96', 'hmac-md5', 'hmac-md5-96'] server mac:['hmac-sha1', 'hmac-sha1-96', 'hmac-md5', 'hmac-md5-96'] client compress:['none'] server compress:['none'] client lang:[''] server lang:[''] kex follows?False
DEBUG:paramiko.transport:kex algos:['diffie-hellman-group-exchange-sha1', 'diffie-hellman-group14-sha1', 'diffie-hellman-group1-sha1'] server key:['ssh-rsa'] client encrypt:['aes128-cbc', '3des-cbc', 'aes192-cbc', 'aes256-cbc'] server encrypt:['aes128-cbc', '3des-cbc', 'aes192-cbc', 'aes256-cbc'] client mac:['hmac-sha1', 'hmac-sha1-96', 'hmac-md5', 'hmac-md5-96'] server mac:['hmac-sha1', 'hmac-sha1-96', 'hmac-md5', 'hmac-md5-96'] client compress:['none'] server compress:['none'] client lang:[''] server lang:[''] kex follows?False
DEBUG:paramiko.transport:Kex agreed: diffie-hellman-group-exchange-sha1
INFO:paramiko.transport:Connected (version 2.0, client Cisco-1.25)
DEBUG:paramiko.transport:Kex agreed: diffie-hellman-group-exchange-sha1
DEBUG:paramiko.transport:MAC agreed: hmac-sha1
DEBUG:paramiko.transport:Kex agreed: diffie-hellman-group-exchange-sha1
DEBUG:paramiko.transport:Kex agreed: diffie-hellman-group-exchange-sha1
DEBUG:paramiko.transport:HostKey agreed: ssh-rsa
DEBUG:paramiko.transport:HostKey agreed: ssh-rsa
DEBUG:paramiko.transport:Compression agreed: none
DEBUG:paramiko.transport:HostKey agreed: ssh-rsa
DEBUG:paramiko.transport:HostKey agreed: ssh-rsa
DEBUG:paramiko.transport:Cipher agreed: aes128-cbc
DEBUG:paramiko.transport:Cipher agreed: aes128-cbc
DEBUG:paramiko.transport:Cipher agreed: aes128-cbc
DEBUG:paramiko.transport:Cipher agreed: aes128-cbc
DEBUG:paramiko.transport:MAC agreed: hmac-sha1
DEBUG:paramiko.transport:MAC agreed: hmac-sha1
DEBUG:paramiko.transport:MAC agreed: hmac-sha1
DEBUG:paramiko.transport:MAC agreed: hmac-sha1
DEBUG:paramiko.transport:Compression agreed: none
DEBUG:paramiko.transport:Compression agreed: none
DEBUG:paramiko.transport:Compression agreed: none
DEBUG:paramiko.transport:Compression agreed: none
DEBUG:paramiko.transport:Remote version/idstring: SSH-2.0-Cisco-1.25
INFO:paramiko.transport:Connected (version 2.0, client Cisco-1.25)
DEBUG:paramiko.transport:Got server p (2048 bits)
DEBUG:paramiko.transport:Got server p (2048 bits)
DEBUG:paramiko.transport:kex algos:['diffie-hellman-group-exchange-sha1', 'diffie-hellman-group14-sha1', 'diffie-hellman-group1-sha1'] server key:['ssh-rsa'] client encrypt:['aes128-cbc', '3des-cbc', 'aes192-cbc', 'aes256-cbc'] server encrypt:['aes128-cbc', '3des-cbc', 'aes192-cbc', 'aes256-cbc'] client mac:['hmac-sha1', 'hmac-sha1-96', 'hmac-md5', 'hmac-md5-96'] server mac:['hmac-sha1', 'hmac-sha1-96', 'hmac-md5', 'hmac-md5-96'] client compress:['none'] server compress:['none'] client lang:[''] server lang:[''] kex follows?False
DEBUG:paramiko.transport:kex algos:['diffie-hellman-group-exchange-sha1', 'diffie-hellman-group14-sha1', 'diffie-hellman-group1-sha1'] server key:['ssh-rsa'] client encrypt:['aes128-cbc', '3des-cbc', 'aes192-cbc', 'aes256-cbc'] server encrypt:['aes128-cbc', '3des-cbc', 'aes192-cbc', 'aes256-cbc'] client mac:['hmac-sha1', 'hmac-sha1-96', 'hmac-md5', 'hmac-md5-96'] server mac:['hmac-sha1', 'hmac-sha1-96', 'hmac-md5', 'hmac-md5-96'] client compress:['none'] server compress:['none'] client lang:[''] server lang:[''] kex follows?False
DEBUG:paramiko.transport:Kex agreed: diffie-hellman-group-exchange-sha1
DEBUG:paramiko.transport:HostKey agreed: ssh-rsa
DEBUG:paramiko.transport:Kex agreed: diffie-hellman-group-exchange-sha1
DEBUG:paramiko.transport:Cipher agreed: aes128-cbc
DEBUG:paramiko.transport:MAC agreed: hmac-sha1
DEBUG:paramiko.transport:HostKey agreed: ssh-rsa
DEBUG:paramiko.transport:Compression agreed: none
DEBUG:paramiko.transport:Cipher agreed: aes128-cbc
DEBUG:paramiko.transport:MAC agreed: hmac-sha1
DEBUG:paramiko.transport:Compression agreed: none
DEBUG:paramiko.transport:Got server p (2048 bits)
DEBUG:paramiko.transport:Got server p (2048 bits)
DEBUG:paramiko.transport:Got server p (2048 bits)
DEBUG:paramiko.transport:Got server p (2048 bits)
DEBUG:paramiko.transport:Got server p (2048 bits)
DEBUG:paramiko.transport:kex engine KexGex specified hash_algo <built-in function openssl_sha1>
DEBUG:paramiko.transport:kex engine KexGex specified hash_algo <built-in function openssl_sha1>
DEBUG:paramiko.transport:kex engine KexGroup1 specified hash_algo <built-in function openssl_sha1>
DEBUG:paramiko.transport:Switch to new keys ...
DEBUG:paramiko.transport:Switch to new keys ...
DEBUG:paramiko.transport:kex engine KexGroup1 specified hash_algo <built-in function openssl_sha1>
DEBUG:paramiko.transport:kex engine KexGex specified hash_algo <built-in function openssl_sha1>
DEBUG:paramiko.transport:Switch to new keys ...
DEBUG:paramiko.transport:Adding ssh-rsa host key for 123.123.1.13: b'cec2a3a33e83b6b9222dbc0e408ca84e'
DEBUG:paramiko.transport:Adding ssh-rsa host key for 123.123.1.15: b'15c19f48f5899b154df7a80698b56034'
DEBUG:paramiko.transport:kex engine KexGex specified hash_algo <built-in function openssl_sha1>
DEBUG:paramiko.transport:Switch to new keys ...
DEBUG:paramiko.transport:Adding ssh-rsa host key for 123.123.1.16: b'1c85ef063bd93c1565f4826bb82f26fd'
DEBUG:paramiko.transport:Switch to new keys ...
DEBUG:paramiko.transport:Switch to new keys ...
DEBUG:paramiko.transport:Adding ssh-rsa host key for 123.123.1.11: b'21d1094a344929c9eca5703098b9e67a'
DEBUG:paramiko.transport:Adding ssh-rsa host key for 123.123.1.12: b'f05d3c38c9d8395c49a0fc3423174fdc'
DEBUG:paramiko.transport:Adding ssh-rsa host key for 123.123.1.17: b'7aea8ef985ee2a4c9521fd46af50ff9c'
DEBUG:paramiko.transport:kex engine KexGex specified hash_algo <built-in function openssl_sha1>
DEBUG:paramiko.transport:Switch to new keys ...
DEBUG:paramiko.transport:Adding ssh-rsa host key for 123.123.1.18: b'a4da7fb29dcdd65dd80304f489202085'
DEBUG:paramiko.transport:kex engine KexGex specified hash_algo <built-in function openssl_sha1>
DEBUG:paramiko.transport:kex engine KexGex specified hash_algo <built-in function openssl_sha1>
DEBUG:paramiko.transport:Switch to new keys ...
DEBUG:paramiko.transport:userauth is OK
DEBUG:paramiko.transport:Switch to new keys ...
DEBUG:paramiko.transport:Adding ssh-rsa host key for 123.123.1.19: b'08ddefb1f4824b884799501ba0cfadd8'
DEBUG:paramiko.transport:Adding ssh-rsa host key for 123.123.1.14: b'7aea766b56198c00a915d0a620f89c87'
DEBUG:paramiko.transport:userauth is OK
INFO:paramiko.transport:Authentication (password) successful!
DEBUG:paramiko.transport:[chan 0] Max packet in: 32768 bytes
INFO:paramiko.transport:Authentication (password) successful!
DEBUG:paramiko.transport:[chan 0] Max packet in: 32768 bytes
DEBUG:paramiko.transport:userauth is OK
DEBUG:paramiko.transport:[chan 0] Max packet out: 4096 bytes
DEBUG:paramiko.transport:Secsh channel 0 opened.
DEBUG:paramiko.transport:userauth is OK
DEBUG:paramiko.transport:[chan 0] Max packet out: 4096 bytes
DEBUG:paramiko.transport:Secsh channel 0 opened.
DEBUG:paramiko.transport:userauth is OK
DEBUG:paramiko.transport:[chan 0] Sesch channel 0 request ok
DEBUG:paramiko.transport:[chan 0] Sesch channel 0 request ok
DEBUG:paramiko.transport:userauth is OK
INFO:paramiko.transport:Authentication (password) successful!
DEBUG:paramiko.transport:[chan 0] Sesch channel 0 request ok
DEBUG:paramiko.transport:[chan 0] Max packet in: 32768 bytes
INFO:paramiko.transport:Authentication (password) successful!
DEBUG:paramiko.transport:[chan 0] Max packet in: 32768 bytes
DEBUG:paramiko.transport:[chan 0] Sesch channel 0 request ok
INFO:paramiko.transport:Authentication (password) successful!
DEBUG:paramiko.transport:[chan 0] Max packet in: 32768 bytes
DEBUG:paramiko.transport:[chan 0] Max packet out: 4096 bytes
DEBUG:paramiko.transport:Secsh channel 0 opened.
INFO:paramiko.transport:Authentication (password) successful!
DEBUG:paramiko.transport:[chan 0] Max packet out: 4096 bytes
DEBUG:paramiko.transport:Secsh channel 0 opened.
DEBUG:paramiko.transport:[chan 0] Max packet in: 32768 bytes
DEBUG:paramiko.transport:[chan 0] Sesch channel 0 request ok
DEBUG:paramiko.transport:[chan 0] Max packet out: 4096 bytes
DEBUG:paramiko.transport:Secsh channel 0 opened.
DEBUG:paramiko.transport:[chan 0] Sesch channel 0 request ok
DEBUG:paramiko.transport:[chan 0] Sesch channel 0 request ok
DEBUG:paramiko.transport:[chan 0] Sesch channel 0 request ok
DEBUG:paramiko.transport:[chan 0] Sesch channel 0 request ok
DEBUG:paramiko.transport:[chan 0] Sesch channel 0 request ok
DEBUG:paramiko.transport:[chan 0] Max packet out: 4096 bytes
DEBUG:paramiko.transport:Secsh channel 0 opened.
DEBUG:paramiko.transport:[chan 0] Sesch channel 0 request ok
DEBUG:paramiko.transport:[chan 0] Sesch channel 0 request ok
DEBUG:paramiko.transport:userauth is OK
INFO:paramiko.transport:Authentication (password) successful!
DEBUG:paramiko.transport:[chan 0] Max packet in: 32768 bytes
DEBUG:paramiko.transport:[chan 0] Max packet out: 4096 bytes
DEBUG:paramiko.transport:Secsh channel 0 opened.
DEBUG:paramiko.transport:[chan 0] Sesch channel 0 request ok
DEBUG:paramiko.transport:[chan 0] Sesch channel 0 request ok
DEBUG:paramiko.transport:userauth is OK
DEBUG:paramiko.transport:userauth is OK
INFO:paramiko.transport:Authentication (password) successful!
DEBUG:paramiko.transport:[chan 0] Max packet in: 32768 bytes
INFO:paramiko.transport:Authentication (password) successful!
DEBUG:paramiko.transport:[chan 0] Max packet in: 32768 bytes
DEBUG:paramiko.transport:[chan 0] Max packet out: 4096 bytes
DEBUG:paramiko.transport:Secsh channel 0 opened.
DEBUG:paramiko.transport:[chan 0] Max packet out: 4096 bytes
DEBUG:paramiko.transport:Secsh channel 0 opened.
DEBUG:paramiko.transport:[chan 0] Sesch channel 0 request ok
DEBUG:paramiko.transport:[chan 0] Sesch channel 0 request ok
DEBUG:paramiko.transport:[chan 0] Sesch channel 0 request ok
DEBUG:paramiko.transport:[chan 0] Sesch channel 0 request ok
DEBUG:netmiko:read_channel: 
B1>
DEBUG:netmiko:read_channel: 
CR-SW1>
DEBUG:netmiko:read_channel: CAMP-1>
DEBUG:netmiko:read_channel: CAMP-2>
DEBUG:netmiko:read_channel: Only Authorized Users granted. Unauthorized access prohibited!B2>
DEBUG:netmiko:read_channel: CR-R1>
DEBUG:netmiko:read_channel: 
DEBUG:netmiko:read_channel: 
DEBUG:netmiko:read_channel: 
DEBUG:netmiko:read_channel: 
DEBUG:netmiko:read_channel: 
DEBUG:netmiko:read_channel: SD-WN>
DEBUG:netmiko:read_channel: 
DEBUG:netmiko:read_channel: DC>
DEBUG:netmiko:read_channel: CR-R2>
DEBUG:netmiko:read_channel: 
DEBUG:netmiko:read_channel: 
DEBUG:netmiko:read_channel: 
DEBUG:netmiko:read_channel: 
DEBUG:netmiko:read_channel: 
DEBUG:netmiko:read_channel: 
DEBUG:netmiko:read_channel: 
DEBUG:netmiko:read_channel: 
DEBUG:netmiko:read_channel: 
DEBUG:netmiko:read_channel: 
DEBUG:netmiko:write_channel: b'\n'
DEBUG:netmiko:read_channel: 
DEBUG:netmiko:write_channel: b'\n'
DEBUG:netmiko:read_channel: 
DEBUG:netmiko:write_channel: b'\n'
DEBUG:netmiko:read_channel: 
DEBUG:netmiko:write_channel: b'\n'
DEBUG:netmiko:read_channel: 
DEBUG:netmiko:write_channel: b'\n'
DEBUG:netmiko:read_channel: 
DEBUG:netmiko:read_channel: 
DEBUG:netmiko:write_channel: b'\n'
DEBUG:netmiko:read_channel: 
B1>
DEBUG:netmiko:read_channel: 
CR-SW1>
DEBUG:netmiko:read_channel: 
CAMP-1>
DEBUG:netmiko:read_channel: 
CAMP-2>
DEBUG:netmiko:read_channel: 
DEBUG:netmiko:read_channel: 
B2>
DEBUG:netmiko:read_channel: 
DEBUG:netmiko:read_channel: 
DEBUG:netmiko:write_channel: b'\n'
DEBUG:netmiko:read_channel: 
CR-R1>
DEBUG:netmiko:read_channel: 
DEBUG:netmiko:write_channel: b'\n'
DEBUG:netmiko:read_channel: 
DEBUG:netmiko:write_channel: b'\n'
DEBUG:netmiko:read_channel: 
SD-WN>
DEBUG:netmiko:read_channel: 
DEBUG:netmiko:[find_prompt()]: prompt is B1>
DEBUG:netmiko:read_channel: 
DEBUG:netmiko:[find_prompt()]: prompt is CR-SW1>
DEBUG:netmiko:read_channel: 
DEBUG:netmiko:[find_prompt()]: prompt is CAMP-1>
DEBUG:netmiko:read_channel: 
DEBUG:netmiko:[find_prompt()]: prompt is CAMP-2>
DEBUG:netmiko:read_channel: 
DEBUG:netmiko:[find_prompt()]: prompt is B2>
DEBUG:netmiko:read_channel: 
DC>
DEBUG:netmiko:read_channel: 
CR-R2>
DEBUG:netmiko:read_channel: 
DEBUG:netmiko:[find_prompt()]: prompt is CR-R1>
DEBUG:netmiko:read_channel: 
DEBUG:netmiko:[find_prompt()]: prompt is SD-WN>
DEBUG:netmiko:read_channel: 
DEBUG:netmiko:In disable_paging
DEBUG:netmiko:Command: terminal length 0

DEBUG:netmiko:write_channel: b'terminal length 0\n'
DEBUG:netmiko:Pattern is: B1
DEBUG:netmiko:_read_channel_expect read_data: t
DEBUG:netmiko:read_channel: 
DEBUG:netmiko:In disable_paging
DEBUG:netmiko:Command: terminal length 0

DEBUG:netmiko:write_channel: b'terminal length 0\n'
DEBUG:netmiko:Pattern is: CR\-SW1
DEBUG:netmiko:read_channel: 
DEBUG:netmiko:In disable_paging
DEBUG:netmiko:Command: terminal length 0

DEBUG:netmiko:write_channel: b'terminal length 0\n'
DEBUG:netmiko:Pattern is: CAMP\-1
DEBUG:netmiko:_read_channel_expect read_data: t
DEBUG:netmiko:_read_channel_expect read_data: t
DEBUG:netmiko:read_channel: 
DEBUG:netmiko:In disable_paging
DEBUG:netmiko:Command: terminal length 0

DEBUG:netmiko:write_channel: b'terminal length 0\n'
DEBUG:netmiko:Pattern is: CAMP\-2
DEBUG:netmiko:_read_channel_expect read_data: t
DEBUG:netmiko:read_channel: 
DEBUG:netmiko:In disable_paging
DEBUG:netmiko:Command: terminal length 0

DEBUG:netmiko:write_channel: b'terminal length 0\n'
DEBUG:netmiko:read_channel: 
DEBUG:netmiko:Pattern is: B2
DEBUG:netmiko:[find_prompt()]: prompt is DC>
DEBUG:netmiko:_read_channel_expect read_data: t
DEBUG:netmiko:read_channel: 
DEBUG:netmiko:[find_prompt()]: prompt is CR-R2>
DEBUG:netmiko:read_channel: 
DEBUG:netmiko:In disable_paging
DEBUG:netmiko:Command: terminal length 0

DEBUG:netmiko:write_channel: b'terminal length 0\n'
DEBUG:netmiko:Pattern is: CR\-R1
DEBUG:netmiko:_read_channel_expect read_data: ter
DEBUG:netmiko:_read_channel_expect read_data: erminal length 0
B1>
DEBUG:netmiko:Pattern found: B1 terminal length 0
B1>
DEBUG:netmiko:terminal length 0
B1>
DEBUG:netmiko:Exiting disable_paging
DEBUG:netmiko:write_channel: b'terminal width 511\n'
DEBUG:netmiko:Pattern is: B1
DEBUG:netmiko:_read_channel_expect read_data: t
DEBUG:netmiko:_read_channel_expect read_data: erminal l
DEBUG:netmiko:_read_channel_expect read_data: erminal length 0
CAMP-1>
DEBUG:netmiko:Pattern found: CAMP\-1 terminal length 0
CAMP-1>
DEBUG:netmiko:terminal length 0
CAMP-1>
DEBUG:netmiko:Exiting disable_paging
DEBUG:netmiko:write_channel: b'terminal width 511\n'
DEBUG:netmiko:Pattern is: CAMP\-1
DEBUG:netmiko:_read_channel_expect read_data: t
DEBUG:netmiko:_read_channel_expect read_data: erminal length 0
CAMP-2>
DEBUG:netmiko:Pattern found: CAMP\-2 terminal length 0
CAMP-2>
DEBUG:netmiko:terminal length 0
CAMP-2>
DEBUG:netmiko:Exiting disable_paging
DEBUG:netmiko:write_channel: b'terminal width 511\n'
DEBUG:netmiko:Pattern is: CAMP\-2
DEBUG:netmiko:_read_channel_expect read_data: erminal length 0
B2>
DEBUG:netmiko:Pattern found: B2 terminal length 0
B2>
DEBUG:netmiko:terminal length 0
B2>
DEBUG:netmiko:Exiting disable_paging
DEBUG:netmiko:_read_channel_expect read_data: t
DEBUG:netmiko:write_channel: b'terminal width 511\n'
DEBUG:netmiko:Pattern is: B2
DEBUG:netmiko:_read_channel_expect read_data: term
DEBUG:netmiko:read_channel: 
DEBUG:netmiko:In disable_paging
DEBUG:netmiko:Command: terminal length 0

DEBUG:netmiko:write_channel: b'terminal length 0\n'
DEBUG:netmiko:Pattern is: SD\-WN
DEBUG:netmiko:_read_channel_expect read_data: t
DEBUG:netmiko:_read_channel_expect read_data: minal length 0
CR-R1>
DEBUG:netmiko:Pattern found: CR\-R1 terminal length 0
CR-R1>
DEBUG:netmiko:terminal length 0
CR-R1>
DEBUG:netmiko:Exiting disable_paging
DEBUG:netmiko:write_channel: b'terminal width 511\n'
DEBUG:netmiko:Pattern is: CR\-R1
DEBUG:netmiko:_read_channel_expect read_data: t
DEBUG:netmiko:_read_channel_expect read_data: erminal width 511
B1>
DEBUG:netmiko:Pattern found: B1 terminal width 511
B1>
DEBUG:netmiko:_read_channel_expect read_data: ength 0
CR-SW1>
DEBUG:netmiko:Pattern found: CR\-SW1 terminal length 0
CR-SW1>
DEBUG:netmiko:terminal length 0
CR-SW1>
DEBUG:netmiko:Exiting disable_paging
DEBUG:netmiko:write_channel: b'terminal width 511\n'
DEBUG:netmiko:Pattern is: CR\-SW1
DEBUG:netmiko:_read_channel_expect read_data: t
DEBUG:netmiko:_read_channel_expect read_data: erminal width 511
CAMP-1>
DEBUG:netmiko:Pattern found: CAMP\-1 terminal width 511
CAMP-1>
DEBUG:netmiko:read_channel: 
DEBUG:netmiko:In disable_paging
DEBUG:netmiko:Command: terminal length 0

DEBUG:netmiko:write_channel: b'terminal length 0\n'
DEBUG:netmiko:Pattern is: DC
DEBUG:netmiko:_read_channel_expect read_data: erminal width 511
CAMP-2>
DEBUG:netmiko:Pattern found: CAMP\-2 terminal width 511
CAMP-2>
DEBUG:netmiko:read_channel: 
DEBUG:netmiko:In disable_paging
DEBUG:netmiko:Command: terminal length 0

DEBUG:netmiko:write_channel: b'terminal length 0\n'
DEBUG:netmiko:Pattern is: CR\-R2
DEBUG:netmiko:_read_channel_expect read_data: t
DEBUG:netmiko:_read_channel_expect read_data: inal width 511
B2>
DEBUG:netmiko:Pattern found: B2 terminal width 511
B2>
DEBUG:netmiko:_read_channel_expect read_data: t
DEBUG:netmiko:_read_channel_expect read_data: erminal length 0
SD-WN>
DEBUG:netmiko:Pattern found: SD\-WN terminal length 0
SD-WN>
DEBUG:netmiko:terminal length 0
SD-WN>
DEBUG:netmiko:Exiting disable_paging
DEBUG:netmiko:write_channel: b'terminal width 511\n'
DEBUG:netmiko:Pattern is: SD\-WN
DEBUG:netmiko:_read_channel_expect read_data: ter
DEBUG:netmiko:_read_channel_expect read_data: erminal width 511
CR-R1>
DEBUG:netmiko:Pattern found: CR\-R1 terminal width 511
CR-R1>
DEBUG:netmiko:_read_channel_expect read_data: erminal w
DEBUG:netmiko:_read_channel_expect read_data: erminal length 0
DC>
DEBUG:netmiko:Pattern found: DC terminal length 0
DC>
DEBUG:netmiko:terminal length 0
DC>
DEBUG:netmiko:Exiting disable_paging
DEBUG:netmiko:write_channel: b'terminal width 511\n'
DEBUG:netmiko:Pattern is: DC
DEBUG:netmiko:_read_channel_expect read_data: erminal length 0
CR-R2>
DEBUG:netmiko:Pattern found: CR\-R2 terminal length 0
CR-R2>
DEBUG:netmiko:terminal length 0
CR-R2>
DEBUG:netmiko:Exiting disable_paging
DEBUG:netmiko:write_channel: b'terminal width 511\n'
DEBUG:netmiko:Pattern is: CR\-R2
DEBUG:netmiko:_read_channel_expect read_data: t
DEBUG:netmiko:_read_channel_expect read_data: t
DEBUG:netmiko:_read_channel_expect read_data: minal width 511
SD-WN>
DEBUG:netmiko:Pattern found: SD\-WN terminal width 511
SD-WN>
DEBUG:netmiko:_read_channel_expect read_data: idth 511
CR-SW1>
DEBUG:netmiko:Pattern found: CR\-SW1 terminal width 511
CR-SW1>
DEBUG:netmiko:_read_channel_expect read_data: erminal width 511
DC>
DEBUG:netmiko:Pattern found: DC terminal width 511
DC>
DEBUG:netmiko:_read_channel_expect read_data: erminal width 511
CR-R2>
DEBUG:netmiko:Pattern found: CR\-R2 terminal width 511
CR-R2>
DEBUG:netmiko:read_channel: 
DEBUG:netmiko:write_channel: b'\n'
DEBUG:netmiko:Pattern is: B1
DEBUG:netmiko:_read_channel_expect read_data: 

DEBUG:netmiko:read_channel: 
DEBUG:netmiko:write_channel: b'\n'
DEBUG:netmiko:Pattern is: CAMP\-1
DEBUG:netmiko:_read_channel_expect read_data: 

DEBUG:netmiko:read_channel: 
DEBUG:netmiko:write_channel: b'\n'
DEBUG:netmiko:Pattern is: CAMP\-2
DEBUG:netmiko:read_channel: 
DEBUG:netmiko:write_channel: b'\n'
DEBUG:netmiko:Pattern is: B2
DEBUG:netmiko:_read_channel_expect read_data: 
CAMP-2>
DEBUG:netmiko:Pattern found: CAMP\-2 
CAMP-2>
DEBUG:netmiko:write_channel: b'enable\n'
DEBUG:netmiko:Pattern is: (CAMP\-2|ssword)
DEBUG:netmiko:_read_channel_expect read_data: 

DEBUG:netmiko:_read_channel_expect read_data: e
DEBUG:netmiko:read_channel: 
DEBUG:netmiko:write_channel: b'\n'
DEBUG:netmiko:Pattern is: CR\-R1
DEBUG:netmiko:_read_channel_expect read_data: 
CR-R1>
DEBUG:netmiko:Pattern found: CR\-R1 
CR-R1>
DEBUG:netmiko:write_channel: b'enable\n'
DEBUG:netmiko:Pattern is: (CR\-R1|ssword)
DEBUG:netmiko:_read_channel_expect read_data: B1>
DEBUG:netmiko:Pattern found: B1 
B1>
DEBUG:netmiko:write_channel: b'enable\n'
DEBUG:netmiko:Pattern is: (B1|ssword)
DEBUG:netmiko:_read_channel_expect read_data: e
DEBUG:netmiko:_read_channel_expect read_data: enabl
DEBUG:netmiko:_read_channel_expect read_data: CAMP-1>
DEBUG:netmiko:Pattern found: CAMP\-1 
CAMP-1>
DEBUG:netmiko:write_channel: b'enable\n'
DEBUG:netmiko:Pattern is: (CAMP\-1|ssword)
DEBUG:netmiko:_read_channel_expect read_data: e
DEBUG:netmiko:_read_channel_expect read_data: B2>
DEBUG:netmiko:Pattern found: B2 
B2>
DEBUG:netmiko:write_channel: b'enable\n'
DEBUG:netmiko:_read_channel_expect read_data: nable
Password: 
DEBUG:netmiko:Pattern is: (B2|ssword)
DEBUG:netmiko:Pattern found: (CAMP\-2|ssword) enable
Password: 
DEBUG:netmiko:write_channel: b'cisco\n'
DEBUG:netmiko:Pattern is: CAMP\-2
DEBUG:netmiko:_read_channel_expect read_data: en
DEBUG:netmiko:read_channel: 
DEBUG:netmiko:write_channel: b'\n'
DEBUG:netmiko:Pattern is: SD\-WN
DEBUG:netmiko:_read_channel_expect read_data: 

DEBUG:netmiko:_read_channel_expect read_data: 
CAMP-2#
DEBUG:netmiko:Pattern found: CAMP\-2 
CAMP-2#
DEBUG:netmiko:write_channel: b'\n'
DEBUG:netmiko:Pattern is: CAMP\-2
DEBUG:netmiko:_read_channel_expect read_data: nable
Password: 
DEBUG:netmiko:Pattern found: (CR\-R1|ssword) enable
Password: 
DEBUG:netmiko:write_channel: b'cisco\n'
DEBUG:netmiko:Pattern is: CR\-R1
DEBUG:netmiko:_read_channel_expect read_data: 

DEBUG:netmiko:_read_channel_expect read_data: e
Password: 
DEBUG:netmiko:Pattern found: (B1|ssword) enable
Password: 
DEBUG:netmiko:write_channel: b'cisco\n'
DEBUG:netmiko:Pattern is: B1
DEBUG:netmiko:_read_channel_expect read_data: 
B1#
DEBUG:netmiko:Pattern found: B1 
B1#
DEBUG:netmiko:write_channel: b'\n'
DEBUG:netmiko:Pattern is: B1
DEBUG:netmiko:_read_channel_expect read_data: 
CR-R1#
DEBUG:netmiko:Pattern found: CR\-R1 
CR-R1#
DEBUG:netmiko:write_channel: b'\n'
DEBUG:netmiko:Pattern is: CR\-R1
DEBUG:netmiko:read_channel: 
DEBUG:netmiko:write_channel: b'\n'
DEBUG:netmiko:Pattern is: CR\-SW1
DEBUG:netmiko:_read_channel_expect read_data: 

DEBUG:netmiko:_read_channel_expect read_data: 

DEBUG:netmiko:_read_channel_expect read_data: 

DEBUG:netmiko:_read_channel_expect read_data: nable
Password: 
DEBUG:netmiko:Pattern found: (CAMP\-1|ssword) enable
Password: 
DEBUG:netmiko:write_channel: b'cisco\n'
DEBUG:netmiko:Pattern is: CAMP\-1
DEBUG:netmiko:_read_channel_expect read_data: 
CAMP-1#
DEBUG:netmiko:Pattern found: CAMP\-1 
CAMP-1#
DEBUG:netmiko:write_channel: b'\n'
DEBUG:netmiko:Pattern is: CAMP\-1
DEBUG:netmiko:_read_channel_expect read_data: 

DEBUG:netmiko:read_channel: 
DEBUG:netmiko:write_channel: b'\n'
DEBUG:netmiko:Pattern is: DC
DEBUG:netmiko:_read_channel_expect read_data: 
DC>
DEBUG:netmiko:Pattern found: DC 
DC>
DEBUG:netmiko:write_channel: b'enable\n'
DEBUG:netmiko:Pattern is: (DC|ssword)
DEBUG:netmiko:read_channel: 
DEBUG:netmiko:write_channel: b'\n'
DEBUG:netmiko:Pattern is: CR\-R2
DEBUG:netmiko:_read_channel_expect read_data: 

DEBUG:netmiko:_read_channel_expect read_data: e
DEBUG:netmiko:_read_channel_expect read_data: able
Password: 
DEBUG:netmiko:Pattern found: (B2|ssword) enable
Password: 
DEBUG:netmiko:write_channel: b'cisco\n'
DEBUG:netmiko:Pattern is: B2
DEBUG:netmiko:_read_channel_expect read_data: 
B2#
DEBUG:netmiko:Pattern found: B2 
B2#
DEBUG:netmiko:write_channel: b'\n'
DEBUG:netmiko:Pattern is: B2
DEBUG:netmiko:_read_channel_expect read_data: 

DEBUG:netmiko:_read_channel_expect read_data: SD-WN>
DEBUG:netmiko:Pattern found: SD\-WN 
SD-WN>
DEBUG:netmiko:write_channel: b'enable\n'
DEBUG:netmiko:Pattern is: (SD\-WN|ssword)
DEBUG:netmiko:_read_channel_expect read_data: CAMP-2#
DEBUG:netmiko:Pattern found: CAMP\-2 
CAMP-2#
DEBUG:netmiko:_read_channel_expect read_data: en
DEBUG:netmiko:_read_channel_expect read_data: CR-SW1>
DEBUG:netmiko:Pattern found: CR\-SW1 
CR-SW1>
DEBUG:netmiko:write_channel: b'enable\n'
DEBUG:netmiko:Pattern is: (CR\-SW1|ssword)
DEBUG:netmiko:_read_channel_expect read_data: B1#
DEBUG:netmiko:Pattern found: B1 
B1#
DEBUG:netmiko:_read_channel_expect read_data: CR-R1#
DEBUG:netmiko:Pattern found: CR\-R1 
CR-R1#
DEBUG:netmiko:_read_channel_expect read_data: e
DEBUG:netmiko:_read_channel_expect read_data: CAMP-1#
DEBUG:netmiko:Pattern found: CAMP\-1 
CAMP-1#
DEBUG:netmiko:_read_channel_expect read_data: CR-R2>
DEBUG:netmiko:Pattern found: CR\-R2 
CR-R2>
DEBUG:netmiko:write_channel: b'enable\n'
DEBUG:netmiko:Pattern is: (CR\-R2|ssword)
DEBUG:netmiko:_read_channel_expect read_data: nable
Password: 
DEBUG:netmiko:Pattern found: (DC|ssword) enable
Password: 
DEBUG:netmiko:write_channel: b'cisco\n'
DEBUG:netmiko:Pattern is: DC
DEBUG:netmiko:_read_channel_expect read_data: e
DEBUG:netmiko:_read_channel_expect read_data: B2#
DEBUG:netmiko:Pattern found: B2 
B2#
DEBUG:netmiko:_read_channel_expect read_data: able
Password: 
DEBUG:netmiko:Pattern found: (SD\-WN|ssword) enable
Password: 
DEBUG:netmiko:read_channel: 
DEBUG:netmiko:write_channel: b'\n'
DEBUG:netmiko:write_channel: b'cisco\n'
DEBUG:netmiko:_read_channel_expect read_data: 
DC#
DEBUG:netmiko:Pattern is: SD\-WN
DEBUG:netmiko:Pattern found: DC 
DC#
DEBUG:netmiko:write_channel: b'\n'
DEBUG:netmiko:Pattern is: DC
DEBUG:netmiko:_read_channel_expect read_data: 

DEBUG:netmiko:_read_channel_expect read_data: 
SD-WN#
DEBUG:netmiko:Pattern found: SD\-WN 
SD-WN#
DEBUG:netmiko:write_channel: b'\n'
DEBUG:netmiko:Pattern is: SD\-WN
DEBUG:netmiko:read_channel: 
DEBUG:netmiko:write_channel: b'\n'
DEBUG:netmiko:read_channel: 
DEBUG:netmiko:write_channel: b'\n'
DEBUG:netmiko:_read_channel_expect read_data: nable
Password: 
DEBUG:netmiko:Pattern found: (CR\-SW1|ssword) enable
Password: 
DEBUG:netmiko:write_channel: b'cisco\n'
DEBUG:netmiko:Pattern is: CR\-SW1
DEBUG:netmiko:_read_channel_expect read_data: 

DEBUG:netmiko:read_channel: 
DEBUG:netmiko:write_channel: b'\n'
DEBUG:netmiko:_read_channel_expect read_data: nable
Password: 
DEBUG:netmiko:Pattern found: (CR\-R2|ssword) enable
Password: 
DEBUG:netmiko:write_channel: b'cisco\n'
DEBUG:netmiko:Pattern is: CR\-R2
DEBUG:netmiko:_read_channel_expect read_data: 
CR-R2#
DEBUG:netmiko:Pattern found: CR\-R2 
CR-R2#
DEBUG:netmiko:write_channel: b'\n'
DEBUG:netmiko:Pattern is: CR\-R2
DEBUG:netmiko:read_channel: 
DEBUG:netmiko:write_channel: b'\n'
DEBUG:netmiko:_read_channel_expect read_data: 

DEBUG:netmiko:_read_channel_expect read_data: 
CR-SW1#
DEBUG:netmiko:Pattern found: CR\-SW1 
CR-SW1#
DEBUG:netmiko:write_channel: b'\n'
DEBUG:netmiko:read_channel: 
CAMP-2#
DEBUG:netmiko:Pattern is: CR\-SW1
DEBUG:netmiko:_read_channel_expect read_data: DC#
DEBUG:netmiko:Pattern found: DC 
DC#
DEBUG:netmiko:_read_channel_expect read_data: 

DEBUG:netmiko:read_channel: 
B1#
DEBUG:netmiko:read_channel: 
CR-R1#
DEBUG:netmiko:_read_channel_expect read_data: SD-WN#
DEBUG:netmiko:Pattern found: SD\-WN 
SD-WN#
DEBUG:netmiko:read_channel: 
CAMP-1#
DEBUG:netmiko:read_channel: 
B2#
DEBUG:netmiko:_read_channel_expect read_data: CR-R2#
DEBUG:netmiko:Pattern found: CR\-R2 
CR-R2#
DEBUG:netmiko:_read_channel_expect read_data: CR-SW1#
DEBUG:netmiko:Pattern found: CR\-SW1 
CR-SW1#
DEBUG:netmiko:read_channel: 
DEBUG:netmiko:write_channel: b'\n'
DEBUG:netmiko:read_channel: 
DEBUG:netmiko:write_channel: b'\n'
DEBUG:netmiko:read_channel: 
DEBUG:netmiko:write_channel: b'\n'
DEBUG:netmiko:read_channel: 
DEBUG:netmiko:[find_prompt()]: prompt is CAMP-2#
DEBUG:netmiko:read_channel: 
DEBUG:netmiko:read_channel: 
DC#
DEBUG:netmiko:write_channel: b'\n'
DEBUG:netmiko:read_channel: 
DEBUG:netmiko:[find_prompt()]: prompt is B1#
DEBUG:netmiko:read_channel: 
DEBUG:netmiko:[find_prompt()]: prompt is CR-R1#
DEBUG:netmiko:read_channel: 
SD-WN#
DEBUG:netmiko:read_channel: 
DEBUG:netmiko:[find_prompt()]: prompt is CAMP-1#
DEBUG:netmiko:read_channel: 
DEBUG:netmiko:[find_prompt()]: prompt is B2#
DEBUG:netmiko:read_channel: 
CR-R2#
DEBUG:netmiko:read_channel: 
CR-SW1#
DEBUG:netmiko:read_channel: 
DEBUG:netmiko:[find_prompt()]: prompt is DC#
DEBUG:netmiko:read_channel: 
DEBUG:netmiko:[find_prompt()]: prompt is SD-WN#
DEBUG:netmiko:read_channel: 
DEBUG:netmiko:[find_prompt()]: prompt is CR-R2#
DEBUG:netmiko:read_channel: 
DEBUG:netmiko:write_channel: b'show run\n'
DEBUG:netmiko:Pattern is: show\ run
DEBUG:netmiko:read_channel: 
DEBUG:netmiko:[find_prompt()]: prompt is CR-SW1#
DEBUG:netmiko:_read_channel_expect read_data: s
DEBUG:netmiko:read_channel: 
DEBUG:netmiko:read_channel: 
DEBUG:netmiko:write_channel: b'show run\n'
DEBUG:netmiko:Pattern is: show\ run
DEBUG:netmiko:write_channel: b'show run\n'
DEBUG:netmiko:Pattern is: show\ run
DEBUG:netmiko:_read_channel_expect read_data: s
DEBUG:netmiko:_read_channel_expect read_data: s
DEBUG:netmiko:read_channel: 
DEBUG:netmiko:write_channel: b'show run\n'
DEBUG:netmiko:Pattern is: show\ run
DEBUG:netmiko:_read_channel_expect read_data: s
DEBUG:netmiko:read_channel: 
DEBUG:netmiko:write_channel: b'show run\n'
DEBUG:netmiko:Pattern is: show\ run
DEBUG:netmiko:_read_channel_expect read_data: s
DEBUG:netmiko:_read_channel_expect read_data: how run
Building configuration...

DEBUG:netmiko:Pattern found: show\ run show run
Building configuration...

DEBUG:netmiko:_read_channel_expect read_data: how run
Building configuration...

DEBUG:netmiko:Pattern found: show\ run show run
Building configuration...

DEBUG:netmiko:_read_channel_expect read_data: how run
Building configuration...

DEBUG:netmiko:Pattern found: show\ run show run
Building configuration...

DEBUG:netmiko:_read_channel_expect read_data: how run
Building configuration...

DEBUG:netmiko:Pattern found: show\ run show run
Building configuration...

DEBUG:netmiko:_read_channel_expect read_data: how run
Building configuration...

DEBUG:netmiko:Pattern found: show\ run show run
Building configuration...

DEBUG:netmiko:read_channel: 
DEBUG:netmiko:write_channel: b'show run\n'
DEBUG:netmiko:Pattern is: show\ run
DEBUG:netmiko:_read_channel_expect read_data: s
DEBUG:netmiko:read_channel: 
DEBUG:netmiko:write_channel: b'show run\n'
DEBUG:netmiko:Pattern is: show\ run
DEBUG:netmiko:_read_channel_expect read_data: show run

DEBUG:netmiko:Pattern found: show\ run show run

DEBUG:netmiko:read_channel: 
DEBUG:netmiko:write_channel: b'show run\n'
DEBUG:netmiko:Pattern is: show\ run
DEBUG:netmiko:_read_channel_expect read_data: show 
DEBUG:netmiko:read_channel: 
DEBUG:netmiko:write_channel: b'show run\n'
DEBUG:netmiko:Pattern is: show\ run
DEBUG:netmiko:read_channel: 
DEBUG:netmiko:_read_channel_expect read_data: how run
Building configuration...

DEBUG:netmiko:Pattern found: show\ run show run
Building configuration...

DEBUG:netmiko:_read_channel_expect read_data: s
DEBUG:netmiko:read_channel: 
DEBUG:netmiko:read_channel: 
DEBUG:netmiko:read_channel: 
DEBUG:netmiko:read_channel: 
DEBUG:netmiko:_read_channel_expect read_data: run
Building configuration...

DEBUG:netmiko:Pattern found: show\ run show run
Building configuration...

DEBUG:netmiko:_read_channel_expect read_data: how run
Building configuration...

DEBUG:netmiko:Pattern found: show\ run show run
Building configuration...

DEBUG:netmiko:read_channel: Building configuration...

DEBUG:netmiko:read_channel: 
DEBUG:netmiko:read_channel: 
DEBUG:netmiko:read_channel: 
DEBUG:netmiko:read_channel: 
DEBUG:netmiko:read_channel: 
DEBUG:netmiko:read_channel: 
DEBUG:netmiko:read_channel: 
DEBUG:netmiko:read_channel: 
DEBUG:netmiko:read_channel: 
DEBUG:netmiko:read_channel: 
DEBUG:netmiko:read_channel: 
DEBUG:netmiko:read_channel: 
DEBUG:netmiko:read_channel: 
DEBUG:netmiko:read_channel: 
DEBUG:netmiko:read_channel: 
DEBUG:netmiko:read_channel: 
DEBUG:netmiko:read_channel: 
DEBUG:netmiko:read_channel: 
DEBUG:netmiko:read_channel: 
DEBUG:netmiko:read_channel: 
DEBUG:netmiko:read_channel: 
DEBUG:netmiko:read_channel: 
Current configuration : 3084 bytes
!
version 15.2
service timestamps debug datetime msec
service timestamps log datetime msec
!
hostname CR-R1
!
boot-start-marker
boot-end-marker
!
!
enable secret 5 $1$J5ER$46bCgENUD.e77PisBrQdD.
!
no aaa new-model
no ip icmp rate-limit unreachable
ip cef
!
!
!
!
!
!
no ip domain lookup
ip domain name gns3.lab
no ipv6 cef
!
!
multilink bundle-name authenticated
!
!
file prompt quiet
!
!
!
!
!
username admin password 0 admin
username suhas privilege 15 password 0 cisco123
!
!
ip tcp synwait-time 5
ip ssh version 2
ip scp server enable
! 
!
!
!
!
!
!
!
!
!
!
!
interface Loopback190
 ip address 190.1.1.3 255.255.255.255
!
interface FastEthernet0/0
 ip address 172.16.1.1 255.255.255.252
 duplex full
!
interface FastEthernet1/0
 ip address 192.168.1.1 255.255.255.0
 speed auto
 duplex full
!
interface FastEthernet1/1
 no ip address
 shutdown
 speed auto
 duplex full
!
interface FastEthernet2/0
 no ip address
 shutdown
 speed auto
 duplex full
!
interface FastEthernet2/1
 no ip address
 shutdown
 speed auto
 duplex full
!
interface FastEthernet3/0
 description *****MNGMT*****
 ip address 123.123.1.13 255.255.255.0
 speed auto
 duplex full
!
interface FastEthernet3/1
 no ip address
 shutdown
 speed auto
 duplex full
!
!
router eigrp 100
 network 190.1.1.3 0.0.0.0
 network 192.168.1.0
 redistribute bgp 2000 metric 1000 1 255 1 1500
!
router bgp 2000
 bgp log-neighbor-changes
 network 172.16.1.0 mask 255.255.255.252
 network 190.1.1.3 mask 255.255.255.255
 redistribute connected
 redistribute static
 redistribute eigrp 100
 neighbor 172.16.1.2 remote-as 1000
 neighbor 172.16.1.2 next-hop-self
!
ip forward-protocol nd
!
!
no ip http server
no ip http secure-server
!
ip access-list extended interface_acl
 remark Allow EAPoUDP
 permit udp any any eq 21862
 remark Allow DHCP
 permit udp any eq bootpc any eq bootps
 remark Allow DNS
 permit udp any any eq domain
 remark Allow HTTP access to update server
 permit tcp any host 10.0.200.30 eq www
 remark Allow ICMP for test purposes
 permit icmp any any
 remark Implicit Deny
 deny   ip any any
 permit tcp any host 190.1.1.9 eq www
 permit tcp any host 191.191.191.191 eq www
 permit tcp any host 192.192.192.192 eq www
 permit tcp any host 193.193.193.193 eq www
 permit tcp any host 194.194.194.194 eq www
 permit tcp any host 195.195.195.195 eq www
 permit tcp any host 196.196.196.196 eq www
 permit tcp any host 197.197.197.197 eq www
 permit tcp any host 198.198.198.198 eq www
 permit tcp any host 199.199.199.199 eq www
!
access-list 102 deny   tcp any any eq ftp
access-list 102 deny   tcp any any eq ftp-data
access-list 102 deny   tcp any any eq telnet
access-list 102 deny   tcp any any eq www
access-list 102 deny   tcp any any eq whois
access-list 102 deny   tcp any any eq talk
access-list 102 deny   tcp any any eq gopher
access-list 102 permit ip any any
!
!
!
control-plane
!
!
line con 0
 exec-timeout 0 0
 privilege level 15
 logging synchronous
 stopbits 1
line aux 0
 exec-timeout 0 0
 privilege level 15
 logging synchronous
 stopbits 1
line vty 0 4
 login local
 transport input ssh
!
!
end

CR-R1#
DEBUG:netmiko:read_channel: 
DEBUG:netmiko:read_channel: 
DEBUG:netmiko:read_channel: 
DEBUG:netmiko:read_channel: 
DEBUG:netmiko:read_channel: 
DEBUG:netmiko:read_channel: 
DEBUG:netmiko:write_channel: b'\n'
DEBUG:netmiko:read_channel: 
DEBUG:netmiko:read_channel: 
DEBUG:netmiko:read_channel: 
Current configuration : 3569 bytes
!
version 12.4
service timestamps debug datetime msec
service timestamps log datetime msec
no service password-encryption
!
hostname B1
!
boot-start-marker
boot-end-marker
!
enable secret 5 $1$6F8K$jAmHppdT3277TfbnqgSak0
!
no aaa new-model
memory-size iomem 5
no ip icmp rate-limit unreachable
ip cef
!
!
!
!
no ip domain lookup
ip domain name gns3.lab
ip auth-proxy max-nodata-conns 3
ip admission max-nodata-conns 3
!
!
!
!
!
!
!
!
!
!
!
!
!
!
!
file prompt quiet
username admin password 0 admin
username suhas privilege 15 password 0 cisco123
!
!
ip tcp synwait-time 5
ip ssh version 2
ip scp server enable
! 
!
!
!
!
interface Loopback1
 ip address 1.1.1.1 255.255.255.255
!
interface Loopback11
 ip address 11.11.11.11 255.255.255.255
!
interface Loopback100
 ip address 100.100.100.100 255.255.255.255
!
interface Loopback101
 ip address 101.101.101.101 255.255.255.255
!
interface Loopback110
 ip address 110.110.110.110 255.255.255.255
!
interface Loopback111
 ip address 111.111.111.111 255.255.255.255
!
interface Loopback190
 ip address 190.1.1.1 255.255.255.255
!
interface FastEthernet0/0
 ip address 172.16.1.2 255.255.255.252
 speed 100
 full-duplex
!
interface FastEthernet0/1
 no ip address
 shutdown
 duplex auto
 speed auto
!
interface FastEthernet1/0
 no ip address
 shutdown
 duplex auto
 speed auto
!
interface FastEthernet2/0
 no ip address
 shutdown
 duplex auto
 speed auto
!
interface FastEthernet3/0
 description *****MNGMT*****
 ip address 123.123.1.11 255.255.255.0
 duplex auto
 speed auto
!
router bgp 1000
 no synchronization
 bgp log-neighbor-changes
 network 1.1.1.1 mask 255.255.255.255
 network 11.11.11.11 mask 255.255.255.255
 network 100.100.100.100 mask 255.255.255.255
 network 101.101.101.101 mask 255.255.255.255
 network 110.110.110.110 mask 255.255.255.255
 network 111.111.111.111 mask 255.255.255.255
 network 172.16.1.0 mask 255.255.255.252
 network 190.1.1.1 mask 255.255.255.255
 neighbor 172.16.1.1 remote-as 2000
 neighbor 172.16.1.1 default-originate
 default-information originate
 no auto-summary
!
ip forward-protocol nd
!
!
no ip http server
no ip http secure-server
!
ip access-list extended interface_acl
 remark Allow EAPoUDP
 permit udp any any eq 21862
 remark Allow DHCP
 permit udp any eq bootpc any eq bootps
 remark Allow DNS
 permit udp any any eq domain
 remark Allow HTTP access to update server
 permit tcp any host 10.0.200.30 eq www
 remark Allow ICMP for test purposes
 permit icmp any any
 remark Implicit Deny
 deny   ip any any
 permit tcp any host 190.1.1.9 eq www
 permit tcp any host 191.191.191.191 eq www
 permit tcp any host 192.192.192.192 eq www
 permit tcp any host 193.193.193.193 eq www
 permit tcp any host 194.194.194.194 eq www
 permit tcp any host 195.195.195.195 eq www
 permit tcp any host 196.196.196.196 eq www
 permit tcp any host 197.197.197.197 eq www
 permit tcp any host 198.198.198.198 eq www
 permit tcp any host 199.199.199.199 eq www
!
access-list 102 deny   tcp any any eq ftp
access-list 102 deny   tcp any any eq ftp-data
access-list 102 deny   tcp any any eq telnet
access-list 102 deny   tcp any any eq www
access-list 102 deny   tcp any any eq whois
access-list 102 deny   tcp any any eq talk
access-list 102 deny   tcp any any eq gopher
access-list 102 permit ip any any
no cdp log mismatch duplex
!
!
!
control-plane
!
!
!
!
!
!
!
!
!
!
line con 0
 exec-timeout 0 0
 privilege level 15
 logging synchronous
line aux 0
 exec-timeout 0 0
 privilege level 15
 logging synchronous
line vty 0 3
 login local
line vty 4
 login local
 transport input ssh
!
!
end

B1#
DEBUG:netmiko:read_channel: 
CR-R1#
DEBUG:netmiko:read_channel: 
Current configuration : 3681 bytes
!
version 15.2
service timestamps debug datetime msec
service timestamps log datetime msec
!
hostname CAMP-1
!
boot-start-marker
boot-end-marker
!
!
enable secret 5 $1$05Vq$r3p416FsB1kWN6zuIKyMN.
!
no aaa new-model
no ip icmp rate-limit unreachable
ip cef
!
!
!
!
!
!
no ip domain lookup
ip domain name gns3.lab
no ipv6 cef
!
!
multilink bundle-name authenticated
!
!
file prompt quiet
!
!
!
!
!
username admin password 0 admin
username suhas privilege 15 password 0 cisco123
!
!
ip tcp synwait-time 5
ip ssh version 2
ip scp server enable
! 
!
!
!
!
!
!
!
!
!
!
!
interface Loopback151
 ip address 151.151.151.151 255.255.255.255
!
interface Loopback152
 ip address 152.152.152.152 255.255.255.255
!
interface Loopback153
 ip address 153.153.153.153 255.255.255.255
!
interface Loopback154
 ip address 154.154.154.154 255.255.255.255
!
interface Loopback155
 ip address 155.155.155.155 255.255.255.255
!
interface Loopback156
 ip address 156.156.156.156 255.255.255.255
!
interface Loopback157
 ip address 157.157.157.157 255.255.255.255
!
interface Loopback158
 ip address 158.158.158.158 255.255.255.255
!
interface Loopback159
 ip address 159.159.159.159 255.255.255.255
!
interface Loopback190
 ip address 190.1.1.6 255.255.255.255
!
interface FastEthernet0/0
 ip address 192.168.200.1 255.255.255.252
 duplex full
!
interface FastEthernet1/0
 no ip address
 shutdown
 speed auto
 duplex full
!
interface FastEthernet1/1
 no ip address
 shutdown
 speed auto
 duplex full
!
interface FastEthernet2/0
 no ip address
 shutdown
 speed auto
 duplex full
!
interface FastEthernet2/1
 no ip address
 shutdown
 speed auto
 duplex full
!
interface FastEthernet3/0
 description *****MNGMT*****
 ip address 123.123.1.16 255.255.255.0
 speed auto
 duplex full
!
interface FastEthernet3/1
 no ip address
 shutdown
 speed auto
 duplex full
!
!
router eigrp 200
 network 151.151.151.151 0.0.0.0
 network 152.152.152.152 0.0.0.0
 network 153.153.153.153 0.0.0.0
 network 154.154.154.154 0.0.0.0
 network 155.155.155.155 0.0.0.0
 network 156.156.156.156 0.0.0.0
 network 157.157.157.157 0.0.0.0
 network 158.158.158.158 0.0.0.0
 network 159.159.159.159 0.0.0.0
 network 190.1.1.6 0.0.0.0
 network 192.168.200.0 0.0.0.3
!
ip forward-protocol nd
!
!
no ip http server
no ip http secure-server
!
ip access-list extended interface_acl
 remark Allow EAPoUDP
 permit udp any any eq 21862
 remark Allow DHCP
 permit udp any eq bootpc any eq bootps
 remark Allow DNS
 permit udp any any eq domain
 remark Allow HTTP access to update server
 permit tcp any host 10.0.200.30 eq www
 remark Allow ICMP for test purposes
 permit icmp any any
 remark Implicit Deny
 deny   ip any any
 permit tcp any host 190.1.1.9 eq www
 permit tcp any host 191.191.191.191 eq www
 permit tcp any host 192.192.192.192 eq www
 permit tcp any host 193.193.193.193 eq www
 permit tcp any host 194.194.194.194 eq www
 permit tcp any host 195.195.195.195 eq www
 permit tcp any host 196.196.196.196 eq www
 permit tcp any host 197.197.197.197 eq www
 permit tcp any host 198.198.198.198 eq www
 permit tcp any host 199.199.199.199 eq www
!
access-list 102 deny   tcp any any eq ftp
access-list 102 deny   tcp any any eq ftp-data
access-list 102 deny   tcp any any eq telnet
access-list 102 deny   tcp any any eq www
access-list 102 deny   tcp any any eq whois
access-list 102 deny   tcp any any eq talk
access-list 102 deny   tcp any any eq gopher
access-list 102 permit ip any any
!
!
!
control-plane
!
!
line con 0
 exec-timeout 0 0
 privilege level 15
 logging synchronous
 stopbits 1
line aux 0
 exec-timeout 0 0
 privilege level 15
 logging synchronous
 stopbits 1
line vty 0 4
 login local
 transport input ssh
!
!
end

CAMP-1#
DEBUG:netmiko:read_channel: 
DEBUG:netmiko:read_channel: 
DEBUG:netmiko:read_channel: 
DEBUG:netmiko:read_channel: 
DEBUG:netmiko:write_channel: b'\n'
DEBUG:netmiko:read_channel: 
DEBUG:netmiko:read_channel: 
DEBUG:netmiko:write_channel: b'\n'
DEBUG:netmiko:read_channel: 
Current configuration : 3681 bytes
!
version 15.2
service timestamps debug datetime msec
service timestamps log datetime msec
!
hostname CAMP-2
!
boot-start-marker
boot-end-marker
!
!
enable secret 5 $1$QAlH$Fdg5xcW3AlGPC1psLQ6wV/
!
no aaa new-model
no ip icmp rate-limit unreachable
ip cef
!
!
!
!
!
!
no ip domain lookup
ip domain name gns3.lab
no ipv6 cef
!
!
multilink bundle-name authenticated
!
!
file prompt quiet
!
!
!
!
!
username admin password 0 admin
username suhas privilege 15 password 0 cisco123
!
!
ip tcp synwait-time 5
ip ssh version 2
ip scp server enable
! 
!
!
!
!
!
!
!
!
!
!
!
interface Loopback161
 ip address 161.161.161.161 255.255.255.255
!
interface Loopback162
 ip address 162.162.162.162 255.255.255.255
!
interface Loopback163
 ip address 163.163.163.163 255.255.255.255
!
interface Loopback164
 ip address 164.164.164.164 255.255.255.255
!
interface Loopback165
 ip address 165.165.165.165 255.255.255.255
!
interface Loopback166
 ip address 166.166.166.166 255.255.255.255
!
interface Loopback167
 ip address 167.167.167.167 255.255.255.255
!
interface Loopback168
 ip address 168.168.168.168 255.255.255.255
!
interface Loopback169
 ip address 169.169.169.169 255.255.255.255
!
interface Loopback190
 ip address 190.1.1.7 255.255.255.255
!
interface FastEthernet0/0
 ip address 192.168.230.1 255.255.255.252
 duplex full
!
interface FastEthernet1/0
 no ip address
 shutdown
 speed auto
 duplex full
!
interface FastEthernet1/1
 no ip address
 shutdown
 speed auto
 duplex full
!
interface FastEthernet2/0
 no ip address
 shutdown
 speed auto
 duplex full
!
interface FastEthernet2/1
 no ip address
 shutdown
 speed auto
 duplex full
!
interface FastEthernet3/0
 description *****MNGMT*****
 ip address 123.123.1.17 255.255.255.0
 speed auto
 duplex full
!
interface FastEthernet3/1
 no ip address
 shutdown
 speed auto
 duplex full
!
!
router eigrp 300
 network 161.161.161.161 0.0.0.0
 network 162.162.162.162 0.0.0.0
 network 163.163.163.163 0.0.0.0
 network 164.164.164.164 0.0.0.0
 network 165.165.165.165 0.0.0.0
 network 166.166.166.166 0.0.0.0
 network 167.167.167.167 0.0.0.0
 network 168.168.168.168 0.0.0.0
 network 169.169.169.169 0.0.0.0
 network 190.1.1.7 0.0.0.0
 network 192.168.230.0 0.0.0.3
!
ip forward-protocol nd
!
!
no ip http server
no ip http secure-server
!
ip access-list extended interface_acl
 remark Allow EAPoUDP
 permit udp any any eq 21862
 remark Allow DHCP
 permit udp any eq bootpc any eq bootps
 remark Allow DNS
 permit udp any any eq domain
 remark Allow HTTP access to update server
 permit tcp any host 10.0.200.30 eq www
 remark Allow ICMP for test purposes
 permit icmp any any
 remark Implicit Deny
 deny   ip any any
 permit tcp any host 190.1.1.9 eq www
 permit tcp any host 191.191.191.191 eq www
 permit tcp any host 192.192.192.192 eq www
 permit tcp any host 193.193.193.193 eq www
 permit tcp any host 194.194.194.194 eq www
 permit tcp any host 195.195.195.195 eq www
 permit tcp any host 196.196.196.196 eq www
 permit tcp any host 197.197.197.197 eq www
 permit tcp any host 198.198.198.198 eq www
 permit tcp any host 199.199.199.199 eq www
!
access-list 102 deny   tcp any any eq ftp
access-list 102 deny   tcp any any eq ftp-data
access-list 102 deny   tcp any any eq telnet
access-list 102 deny   tcp any any eq www
access-list 102 deny   tcp any any eq whois
access-list 102 deny   tcp any any eq talk
access-list 102 deny   tcp any any eq gopher
access-list 102 permit ip any any
!
!
!
control-plane
!
!
line con 0
 exec-timeout 0 0
 privilege level 15
 logging synchronous
 stopbits 1
line aux 0
 exec-timeout 0 0
 privilege level 15
 logging synchronous
 stopbits 1
line vty 0 4
 login local
 transport input ssh
!
!
end

CAMP-2#
DEBUG:netmiko:read_channel: 
Current configuration : 4919 bytes
!
version 15.2
service timestamps debug datetime msec
service timestamps log datetime msec
!
hostname DC
!
boot-start-marker
boot-end-marker
!
!
enable secret 5 $1$0GG.$wX7GdL4sBKwe.Y3TpOk9D/
!
no aaa new-model
no ip icmp rate-limit unreachable
ip cef
!
!
!
!
!
!
no ip domain lookup
ip domain name gns3.lab
no ipv6 cef
!
!
multilink bundle-name authenticated
!
!
file prompt quiet
!
!
!
!
!
username admin password 0 admin
username suhas privilege 15 password 0 cisco123
!
!
ip tcp synwait-time 5
ip ssh version 2
ip scp server enable
! 
!
!
!
!
!
!
!
!
!
!
!
interface Loopback190
 ip address 190.1.1.9 255.255.255.255
!
interface Loopback191
 ip address 191.191.191.191 255.255.255.255
!
interface Loopback192
 ip address 192.192.192.192 255.255.255.255
!
interface Loopback193
 ip address 193.193.193.193 255.255.255.255
!
interface Loopback194
 ip address 194.194.194.194 255.255.255.255
!
interface Loopback195
 ip address 195.195.195.195 255.255.255.255
!
interface Loopback196
 ip address 196.196.196.196 255.255.255.255
!
interface Loopback199
 ip address 199.199.199.199 255.255.255.255
!
interface FastEthernet0/0
 ip address 192.168.250.1 255.255.255.252
 duplex full
!
interface FastEthernet1/0
 no ip address
 shutdown
 speed auto
 duplex full
!
interface FastEthernet1/1
 no ip address
 shutdown
 speed auto
 duplex full
!
interface FastEthernet2/0
 no ip address
 shutdown
 speed auto
 duplex full
!
interface FastEthernet2/1
 no ip address
 shutdown
 speed auto
 duplex full
!
interface FastEthernet3/0
 description *****MNGMT*****
 ip address 123.123.1.19 255.255.255.0
 speed auto
 duplex full
!
interface FastEthernet3/1
 no ip address
 shutdown
 speed auto
 duplex full
!
ip forward-protocol nd
!
!
no ip http server
no ip http secure-server
ip route 1.1.1.1 255.255.255.255 192.168.250.2 tag 900
ip route 2.2.2.2 255.255.255.255 192.168.250.2 tag 900
ip route 22.22.22.22 255.255.255.255 192.168.250.2 tag 900
ip route 92.168.230.1 255.255.255.255 192.168.250.2 tag 900
ip route 100.100.100.100 255.255.255.255 192.168.250.2 tag 900
ip route 101.101.101.101 255.255.255.255 192.168.250.2 tag 900
ip route 110.110.110.110 255.255.255.255 192.168.250.2 tag 900
ip route 111.111.111.111 255.255.255.255 192.168.250.2 tag 900
ip route 151.151.151.151 255.255.255.255 192.168.250.2 tag 900
ip route 152.152.152.152 255.255.255.255 192.168.250.2 tag 900
ip route 153.153.153.153 255.255.255.255 192.168.250.2 tag 900
ip route 154.154.154.154 255.255.255.255 192.168.250.2 tag 900
ip route 155.155.155.155 255.255.255.255 192.168.250.2 tag 900
ip route 156.156.156.156 255.255.255.255 192.168.250.2 tag 900
ip route 157.157.157.157 255.255.255.255 192.168.250.2 tag 900
ip route 158.158.158.158 255.255.255.255 192.168.250.2 tag 900
ip route 172.16.1.1 255.255.255.255 192.168.250.2 tag 900
ip route 172.16.2.1 255.255.255.255 192.168.250.2 tag 900
ip route 190.1.1.1 255.255.255.255 192.168.250.2 tag 900
ip route 190.1.1.2 255.255.255.255 192.168.250.2 tag 900
ip route 190.1.1.3 255.255.255.255 192.168.250.2 tag 900
ip route 190.1.1.4 255.255.255.255 192.168.250.2 tag 900
ip route 190.1.1.6 255.255.255.255 192.168.250.2 tag 900
ip route 192.168.1.1 255.255.255.255 192.168.250.2 tag 900
ip route 192.168.1.2 255.255.255.255 192.168.250.2 tag 900
ip route 192.168.200.1 255.255.255.255 192.168.250.2 tag 900
ip route 202.202.202.202 255.255.255.255 192.168.250.2 tag 900
ip route 220.220.220.220 255.255.255.255 192.168.250.2 tag 900
ip route 222.222.222.222 255.255.255.255 192.168.250.2 tag 900
!
ip access-list extended interface_acl
 remark Allow EAPoUDP
 permit udp any any eq 21862
 remark Allow DHCP
 permit udp any eq bootpc any eq bootps
 remark Allow DNS
 permit udp any any eq domain
 remark Allow HTTP access to update server
 permit tcp any host 10.0.200.30 eq www
 remark Allow ICMP for test purposes
 permit icmp any any
 remark Implicit Deny
 deny   ip any any
 permit tcp any host 190.1.1.9 eq www
 permit tcp any host 191.191.191.191 eq www
 permit tcp any host 192.192.192.192 eq www
 permit tcp any host 193.193.193.193 eq www
 permit tcp any host 194.194.194.194 eq www
 permit tcp any host 195.195.195.195 eq www
 permit tcp any host 196.196.196.196 eq www
 permit tcp any host 197.197.197.197 eq www
 permit tcp any host 198.198.198.198 eq www
 permit tcp any host 199.199.199.199 eq www
!
access-list 102 deny   tcp any any eq ftp
access-list 102 deny   tcp any any eq ftp-data
access-list 102 deny   tcp any any eq telnet
access-list 102 deny   tcp any any eq www
access-list 102 deny   tcp any any eq whois
access-list 102 deny   tcp any any eq talk
access-list 102 deny   tcp any any eq gopher
access-list 102 permit ip any any
!
!
!
control-plane
!
!
line con 0
 exec-timeout 0 0
 privilege level 15
 logging synchronous
 stopbits 1
line aux 0
 exec-timeout 0 0
 privilege level 15
 logging synchronous
 stopbits 1
line vty 0 4
 login local
 transport input ssh
!
!
end

DC#
DEBUG:netmiko:read_channel: 
B1#
DEBUG:netmiko:read_channel: 
DEBUG:netmiko:[find_prompt()]: prompt is CR-R1#
DEBUG:netmiko:write_channel: b'\n'
DEBUG:netmiko:read_channel: 
CAMP-1#
DEBUG:netmiko:read_channel: 
DEBUG:netmiko:read_channel: 
DEBUG:netmiko:read_channel: 
DEBUG:netmiko:write_channel: b'\n'
DEBUG:netmiko:read_channel: 
DEBUG:netmiko:write_channel: b'\n'
DEBUG:netmiko:read_channel: 
DEBUG:netmiko:read_channel: 
Current configuration : 4726 bytes
!
version 15.2
service timestamps debug datetime msec
service timestamps log datetime msec
!
hostname SD-WN
!
boot-start-marker
boot-end-marker
!
!
enable secret 5 $1$BB11$ZRC4nDH3N0R8Q4EoUxmRw0
!
no aaa new-model
no ip icmp rate-limit unreachable
ip cef
!
!
!
!
!
!
no ip domain lookup
ip domain name gns3.lab
no ipv6 cef
!
!
multilink bundle-name authenticated
!
!
file prompt quiet
!
!
!
!
!
username admin password 0 admin
username suhas privilege 15 password 0 cisco123
!
!
ip tcp synwait-time 5
ip ssh version 2
ip scp server enable
! 
!
!
!
!
!
!
!
!
!
!
!
interface Loopback171
 ip address 171.171.171.171 255.255.255.255
!
interface Loopback172
 ip address 172.172.172.172 255.255.255.255
!
interface Loopback173
 ip address 173.173.173.173 255.255.255.255
!
interface Loopback174
 ip address 174.174.174.174 255.255.255.255
!
interface Loopback175
 ip address 175.175.175.175 255.255.255.255
!
interface Loopback176
 ip address 176.176.176.176 255.255.255.255
!
interface Loopback177
 ip address 177.177.177.177 255.255.255.255
!
interface Loopback178
 ip address 178.178.178.178 255.255.255.255
!
interface Loopback179
 ip address 179.179.179.179 255.255.255.255
!
interface Loopback180
 ip address 180.180.180.180 255.255.255.255
!
interface Loopback181
 ip address 181.181.181.181 255.255.255.255
!
interface Loopback182
 ip address 182.182.182.182 255.255.255.255
!
interface Loopback183
 ip address 183.183.183.183 255.255.255.255
!
interface Loopback184
 ip address 184.184.184.184 255.255.255.255
!
interface Loopback185
 ip address 185.185.185.185 255.255.255.255
!
interface Loopback186
 ip address 186.186.186.186 255.255.255.255
!
interface Loopback188
 ip address 188.188.188.188 255.255.255.255
!
interface Loopback189
 ip address 189.189.189.189 255.255.255.255
!
interface Loopback190
 ip address 190.1.1.8 255.255.255.255
!
interface FastEthernet0/0
 ip address 192.188.188.1 255.255.255.252
 duplex full
!
interface FastEthernet1/0
 no ip address
 shutdown
 speed auto
 duplex full
!
interface FastEthernet1/1
 no ip address
 shutdown
 speed auto
 duplex full
!
interface FastEthernet2/0
 no ip address
 shutdown
 speed auto
 duplex full
!
interface FastEthernet2/1
 no ip address
 shutdown
 speed auto
 duplex full
!
interface FastEthernet3/0
 description *****MNGMT*****
 ip address 123.123.1.18 255.255.255.0
 speed auto
 duplex full
!
interface FastEthernet3/1
 no ip address
 shutdown
 speed auto
 duplex full
!
router ospf 400
 network 171.171.171.171 0.0.0.0 area 0
 network 172.172.172.172 0.0.0.0 area 0
 network 173.173.173.173 0.0.0.0 area 0
 network 174.174.174.174 0.0.0.0 area 0
 network 175.175.175.175 0.0.0.0 area 0
 network 176.176.176.176 0.0.0.0 area 0
 network 177.177.177.177 0.0.0.0 area 0
 network 178.178.178.178 0.0.0.0 area 0
 network 179.179.179.179 0.0.0.0 area 0
 network 180.180.180.180 0.0.0.0 area 0
 network 181.181.181.181 0.0.0.0 area 0
 network 182.182.182.182 0.0.0.0 area 0
 network 183.183.183.183 0.0.0.0 area 0
 network 184.184.184.184 0.0.0.0 area 0
 network 185.185.185.185 0.0.0.0 area 0
 network 186.186.186.186 0.0.0.0 area 0
 network 188.188.188.188 0.0.0.0 area 0
 network 189.189.189.189 0.0.0.0 area 0
 network 190.1.1.8 0.0.0.0 area 0
 network 192.188.188.0 0.0.0.3 area 0
!
ip forward-protocol nd
!
!
no ip http server
no ip http secure-server
!
ip access-list extended interface_acl
 remark Allow EAPoUDP
 permit udp any any eq 21862
 remark Allow DHCP
 permit udp any eq bootpc any eq bootps
 remark Allow DNS
 permit udp any any eq domain
 remark Allow HTTP access to update server
 permit tcp any host 10.0.200.30 eq www
 remark Allow ICMP for test purposes
 permit icmp any any
 remark Implicit Deny
 deny   ip any any
 permit tcp any host 190.1.1.9 eq www
 permit tcp any host 191.191.191.191 eq www
 permit tcp any host 192.192.192.192 eq www
 permit tcp any host 193.193.193.193 eq www
 permit tcp any host 194.194.194.194 eq www
 permit tcp any host 195.195.195.195 eq www
 permit tcp any host 196.196.196.196 eq www
 permit tcp any host 197.197.197.197 eq www
 permit tcp any host 198.198.198.198 eq www
 permit tcp any host 199.199.199.199 eq www
!
access-list 102 deny   tcp any any eq ftp
access-list 102 deny   tcp any any eq ftp-data
access-list 102 deny   tcp any any eq telnet
access-list 102 deny   tcp any any eq www
access-list 102 deny   tcp any any eq whois
access-list 102 deny   tcp any any eq talk
access-list 102 deny   tcp any any eq gopher
access-list 102 permit ip any any
!
!
!
control-plane
!
!
line con 0
 exec-timeout 0 0
 privilege level 15
 logging synchronous
 stopbits 1
line aux 0
 exec-timeout 0 0
 privilege level 15
 logging synchronous
 stopbits 1
line vty 0 4
 login local
 transport input ssh
!
!
end

SD-WN#
DEBUG:netmiko:read_channel: 
CR-R1#
DEBUG:netmiko:read_channel: 
CAMP-2#
DEBUG:netmiko:read_channel: 
DC#
DEBUG:netmiko:read_channel: 
DEBUG:netmiko:[find_prompt()]: prompt is B1#
DEBUG:netmiko:write_channel: b'\n'
DEBUG:netmiko:read_channel: 
DEBUG:netmiko:write_channel: b'\n'
DEBUG:netmiko:read_channel: 
DEBUG:netmiko:read_channel: 
DEBUG:netmiko:[find_prompt()]: prompt is CAMP-1#
DEBUG:netmiko:write_channel: b'\n'
DEBUG:netmiko:read_channel: 
Current configuration : 3347 bytes
!
version 15.2
service timestamps debug datetime msec
service timestamps log datetime msec
!
hostname B2
!
boot-start-marker
boot-end-marker
!
!
enable secret 5 $1$EOOT$bRs3k5uVIYPG9MdQetnMH.
!
aaa new-model
!
!
aaa authentication login default local
aaa authorization exec default local if-authenticated 
aaa accounting exec default
!
!
!
!
!
!
aaa session-id common
no ip icmp rate-limit unreachable
ip cef
!
!
!
!
!
!
no ip domain lookup
ip domain name gns3.lab
no ipv6 cef
!
!
multilink bundle-name authenticated
!
!
file prompt quiet
!
!
!
!
!
username admin password 0 admin
username suhas privilege 15 password 0 cisco123
!
!
ip tcp synwait-time 5
ip scp server enable
! 
!
!
!
!
!
!
!
!
!
!
!
interface Loopback2
 ip address 2.2.2.2 255.255.255.255
!
interface Loopback22
 ip address 22.22.22.22 255.255.255.255
!
interface Loopback190
 ip address 190.1.1.2 255.255.255.255
!
interface Loopback200
 ip address 100.100.100.100 255.255.255.255
!
interface Loopback202
 ip address 202.202.202.202 255.255.255.255
!
interface Loopback220
 ip address 220.220.220.220 255.255.255.255
!
interface Loopback222
 ip address 222.222.222.222 255.255.255.255
!
interface FastEthernet0/0
 ip address 172.16.2.2 255.255.255.252
 duplex full
!
interface FastEthernet1/0
 no ip address
 shutdown
 speed auto
 duplex auto
!
interface FastEthernet1/1
 no ip address
 shutdown
 speed auto
 duplex auto
!
interface FastEthernet2/0
 no ip address
 shutdown
 speed auto
 duplex auto
!
interface FastEthernet2/1
 no ip address
 shutdown
 speed auto
 duplex auto
!
interface FastEthernet3/0
 ip address 123.123.1.12 255.255.255.0
 speed auto
 duplex auto
!
interface FastEthernet3/1
 no ip address
 shutdown
 speed auto
 duplex auto
!
router rip
 network 0.0.0.0
!
router bgp 3000
 bgp log-neighbor-changes
 network 2.2.2.2 mask 255.255.255.255
 network 22.22.22.22 mask 255.255.255.255
 network 172.16.1.0 mask 255.255.255.252
 network 190.1.1.2 mask 255.255.255.255
 network 200.200.200.200 mask 255.255.255.255
 network 202.202.202.202 mask 255.255.255.255
 network 220.220.220.220 mask 255.255.255.255
 network 222.222.222.222 mask 255.255.255.255
 neighbor 172.16.2.1 remote-as 4000
 neighbor 172.16.2.1 default-originate
 default-information originate
!
ip forward-protocol nd
!
!
no ip http server
no ip http secure-server
!
ip access-list extended interface_acl
 remark Allow EAPoUDP
 permit udp any any eq 21862
 remark Allow DHCP
 permit udp any eq bootpc any eq bootps
 remark Allow DNS
 permit udp any any eq domain
 remark Allow HTTP access to update server
 permit tcp any host 10.0.200.30 eq www
 remark Allow ICMP for test purposes
 permit icmp any any
 remark Implicit Deny
 deny   ip any any
!
access-list 102 deny   tcp any any eq ftp
access-list 102 deny   tcp any any eq ftp-data
access-list 102 deny   tcp any any eq telnet
access-list 102 deny   tcp any any eq www
access-list 102 deny   tcp any any eq whois
access-list 102 deny   tcp any any eq talk
access-list 102 deny   tcp any any eq gopher
access-list 102 permit ip any any
!
!
!
!
control-plane
!
banner motd ^COnly Authorized Users granted. Unauthorized access prohibited!^C
!
line con 0
 exec-timeout 0 0
 privilege level 15
 logging synchronous
 stopbits 1
line aux 0
 exec-timeout 0 0
 privilege level 15
 logging synchronous
 stopbits 1
line vty 0 4
 transport input ssh
!
!
end

B2#
DEBUG:netmiko:read_channel: 
Current configuration : 3105 bytes
!
version 15.2
service timestamps debug datetime msec
service timestamps log datetime msec
!
hostname CR-R2
!
boot-start-marker
boot-end-marker
!
!
enable secret 5 $1$i..4$rZ2z9h4GAg9loR94iXdlL/
!
no aaa new-model
no ip icmp rate-limit unreachable
ip cef
!
!
!
!
!
!
no ip domain lookup
ip domain name gns3.lab
no ipv6 cef
!
!
multilink bundle-name authenticated
!
!
file prompt quiet
!
!
!
!
!
username admin password 0 admin
username suhas privilege 15 password 0 cisco123
!
!
ip tcp synwait-time 5
ip ssh version 2
ip scp server enable
! 
!
!
!
!
!
!
!
!
!
!
!
interface Loopback190
 ip address 190.1.1.4 255.255.255.255
!
interface FastEthernet0/0
 ip address 172.16.2.1 255.255.255.252
 duplex full
!
interface FastEthernet1/0
 ip address 192.168.1.2 255.255.255.0
 speed auto
 duplex full
!
interface FastEthernet1/1
 no ip address
 shutdown
 speed auto
 duplex full
!
interface FastEthernet2/0
 no ip address
 shutdown
 speed auto
 duplex full
!
interface FastEthernet2/1
 no ip address
 shutdown
 speed auto
 duplex full
!
interface FastEthernet3/0
 description *****MNGMT*****
 ip address 123.123.1.14 255.255.255.0
 speed auto
 duplex full
!
interface FastEthernet3/1
 no ip address
 shutdown
 speed auto
 duplex full
!
!
router eigrp 100
 network 190.1.1.4 0.0.0.0
 network 192.168.1.0
 redistribute static
 redistribute bgp 4000 metric 1000 1 255 1 1500
!
router bgp 4000
 bgp log-neighbor-changes
 network 172.16.2.0 mask 255.255.255.252
 network 190.1.1.4 mask 255.255.255.255
 redistribute connected
 redistribute static
 redistribute eigrp 100
 neighbor 172.16.2.2 remote-as 3000
 neighbor 172.16.2.2 next-hop-self
!
ip forward-protocol nd
!
!
no ip http server
no ip http secure-server
!
ip access-list extended interface_acl
 remark Allow EAPoUDP
 permit udp any any eq 21862
 remark Allow DHCP
 permit udp any eq bootpc any eq bootps
 remark Allow DNS
 permit udp any any eq domain
 remark Allow HTTP access to update server
 permit tcp any host 10.0.200.30 eq www
 remark Allow ICMP for test purposes
 permit icmp any any
 remark Implicit Deny
 deny   ip any any
 permit tcp any host 190.1.1.9 eq www
 permit tcp any host 191.191.191.191 eq www
 permit tcp any host 192.192.192.192 eq www
 permit tcp any host 193.193.193.193 eq www
 permit tcp any host 194.194.194.194 eq www
 permit tcp any host 195.195.195.195 eq www
 permit tcp any host 196.196.196.196 eq www
 permit tcp any host 197.197.197.197 eq www
 permit tcp any host 198.198.198.198 eq www
 permit tcp any host 199.199.199.199 eq www
!
access-list 102 deny   tcp any any eq ftp
access-list 102 deny   tcp any any eq ftp-data
access-list 102 deny   tcp any any eq telnet
access-list 102 deny   tcp any any eq www
access-list 102 deny   tcp any any eq whois
access-list 102 deny   tcp any any eq talk
access-list 102 deny   tcp any any eq gopher
access-list 102 permit ip any any
!
!
!
control-plane
!
!
line con 0
 exec-timeout 0 0
 privilege level 15
 logging synchronous
 stopbits 1
line aux 0
 exec-timeout 0 0
 privilege level 15
 logging synchronous
 stopbits 1
line vty 0 4
 login local
 transport input ssh
!
!
end

CR-R2#
DEBUG:netmiko:read_channel: 
DEBUG:netmiko:read_channel: 
B1#
DEBUG:netmiko:read_channel: 
SD-WN#
DEBUG:netmiko:read_channel: 
CAMP-1#
DEBUG:netmiko:read_channel: 
DEBUG:netmiko:write_channel: b'\n'
DEBUG:netmiko:read_channel: 
DEBUG:netmiko:write_channel: b'\n'
DEBUG:netmiko:read_channel: 
DEBUG:netmiko:[find_prompt()]: prompt is CAMP-2#
DEBUG:netmiko:write_channel: b'\n'
DEBUG:netmiko:read_channel: 
DEBUG:netmiko:[find_prompt()]: prompt is DC#
DEBUG:netmiko:write_channel: b'\n'
DEBUG:netmiko:read_channel: 
DEBUG:netmiko:read_channel: 
DEBUG:netmiko:read_channel: 
B2#
DEBUG:netmiko:read_channel: 
CR-R2#
DEBUG:netmiko:read_channel: 
CAMP-2#
DEBUG:netmiko:read_channel: 
DEBUG:netmiko:read_channel: 
DC#
DEBUG:netmiko:read_channel: 
DEBUG:netmiko:[find_prompt()]: prompt is SD-WN#
DEBUG:netmiko:write_channel: b'\n'
DEBUG:netmiko:read_channel: 
DEBUG:netmiko:read_channel: 
DEBUG:netmiko:read_channel: 
SD-WN#
DEBUG:netmiko:read_channel: 
DEBUG:netmiko:[find_prompt()]: prompt is B2#
DEBUG:netmiko:write_channel: b'\n'
DEBUG:netmiko:read_channel: 
DEBUG:netmiko:[find_prompt()]: prompt is CR-R2#
DEBUG:netmiko:write_channel: b'\n'
DEBUG:netmiko:read_channel: 
DEBUG:netmiko:read_channel: 
DEBUG:netmiko:read_channel: 
B2#
DEBUG:netmiko:read_channel: 
CR-R2#
DEBUG:netmiko:read_channel: 
DEBUG:netmiko:read_channel: 
DEBUG:netmiko:read_channel: 
DEBUG:netmiko:read_channel: 
DEBUG:netmiko:read_channel: 
DEBUG:netmiko:read_channel: 
DEBUG:netmiko:read_channel: 
Current configuration : 6678 bytes
!
version 12.4
service timestamps debug datetime msec
service timestamps log datetime msec
no service password-encryption
!
hostname CR-SW1
!
boot-start-marker
boot-end-marker
!
enable secret 5 $1$8.RH$ynW0vME59CauVj5FOaHK5.
!
no aaa new-model
memory-size iomem 5
no ip icmp rate-limit unreachable
ip cef
!
!
!
!
no ip domain lookup
ip domain name gns3.lab
!
multilink bundle-name authenticated
!
!
!
!
!
!
!
!
!
!
!
!
!
!
!
!
!
!
!
!
!
file prompt quiet
username admin password 0 admin
username suhas privilege 15 password 0 cisco123
archive
 log config
  hidekeys
! 
!
!
!
ip tcp synwait-time 5
ip scp server enable
!
!
!
!
interface Loopback190
 ip address 190.1.1.5 255.255.255.0
!
interface FastEthernet0/0
 ip address 123.123.1.15 255.255.255.0
 duplex auto
 speed 100
!
interface FastEthernet0/1
 no ip address
 shutdown
 duplex auto
 speed auto
!
interface FastEthernet1/0
 switchport access vlan 100
DEBUG:netmiko:read_channel: 
 speed 100
!
interface FastEthernet1/1
 switchport access vlan 100
 speed 100
!
interface FastEthernet1/2
 switchport access vlan 200
 speed 100
!
interface FastEthernet1/3
 switchport access vlan 300
 speed 100
!
interface FastEthernet1/4
 switchport access vlan 400
 speed 100
!
interface FastEthernet1/5
 switchport access vlan 1000
 speed 100
!
interface FastEthernet1/6
 speed 100
!
interface FastEthernet1/7
 speed 100
!
interface FastEthernet1/8
 speed 100
!
interface FastEthernet1/9
 speed 100
!
interface FastEthernet1/10
 speed 100
!
interface FastEthernet1/11
 speed 100
!
interface FastEthernet1/12
 speed 100
!
interface FastEthernet1/13
 speed 100
!
interface FastEthernet1/14
 speed 100
!
interface FastEthernet1/15
 speed 100
!
interface Vlan1
 no ip address
!
interface Vlan100
 description ***EIGRP-100-Process***
 ip address 192.168.1.100 255.255.255.0
!
interface Vlan200
 ip address 192.168.200.2 255.255.255.252
!
interface Vlan300
 ip address 192.168.230.2 255.255.255.252
!
interface Vlan400
 ip address 192.188.188.2 255.255.255.252
!
interface Vlan1000
 ip address 192.168.250.2 255.255.255.252
!
router eigrp 200
 redistribute eigrp 300 route-map EIGRP300-->EIGRP200
 redistribute ospf 400 metric 100000 10 255 1 1500 route-map OSPF400-->EIGRP100
 redistribute eigrp 100 route-map EIGRP100-->EIGRP200
 network 192.168.200.0 0.0.0.3
 no auto-summary
!
router eigrp 300
 redistribute eigrp 200 route-map EIGRP200-->EIGRP300
 redistribute ospf 400 metric 100000 10 255 1 1500 route-map OSPF400-->EIGRP100
 redistribute eigrp 100 route-map EIGRP100-->EIGRP300
 network 192.168.230.0 0.0.0.3
 no auto-summary
!
router eigrp 100
 redistribute static route-map STATIC-->EIGRP100
 redistribute eigrp 200 route-map EIGRP200-->EIGRP100
 redistribute eigrp 300 route-map EIGRP300-->EIGRP100
 redistribute ospf 400 metric 100000 10 255 1 1500 route-map OSPF400-->EIGRP100
 network 190.1.1.5 0.0.0.0
 network 192.168.1.0
 auto-summary
!
router ospf 400
 log-adjacency-changes
 redistribute eigrp 200 subnets route-map EIGRP200-->OSPF400
 redistribute eigrp 300 subnets route-map EIGRP300-->OSPF400
 redistribute eigrp 100 metric 1 subnets route-map EIGRP100-->OSPF400
 network 192.188.188.0 0.0.0.3 area 0
!
ip forward-protocol nd
ip route 190.1.1.9 255.255.255.255 192.168.250.1
ip route 191.191.191.191 255.255.255.255 192.168.250.1
ip route 192.192.192.192 255.255.255.255 192.168.250.1
ip route 193.193.193.193 255.255.255.255 192.168.250.1
ip route 194.194.194.194 255.255.255.255 192.168.250.1
ip route 195.195.195.195 255.255.255.255 192.168.250.1
ip route 196.196.196.196 255.255.255.255 192.168.250.1
ip route 197.197.197.197 255.255.255.255 192.168.250.1
ip route 198.198.198.198 255.255.255.255 192.168.250.1
ip route 199.199.199.199 255.255.255.255 192.168.250.1
!
!
no ip http server
no ip http secure-server
!
ip access-list extended interface_acl
 remark Allow EAPoUDP
 permit udp any any eq 21862
 remark Allow DHCP
 permit udp any eq bootpc any eq bootps
 remark Allow DNS
 permit udp any any eq domain
 remark Allow HTTP access to update server
 permit tcp any host 10.0.200.30 eq www
 remark Allow ICMP for test purposes
 permit icmp any any
 remark Implicit Deny
 deny   ip any any
 permit tcp any host 190.1.1.9 eq www
 permit tcp any host 191.191.191.191 eq www
 permit tcp any host 192.192.192.192 eq www
 permit tcp any host 193.193.193.193 eq www
 permit tcp any host 194.194.194.194 eq www
 permit tcp any host 195.195.195.195 eq www
 permit tcp any host 196.196.196.196 eq www
 permit tcp any host 197.197.197.197 eq www
 permit tcp any host 198.198.198.198 eq www
 permit tcp any host 199.199.199.199 eq www
!
!
ip prefix-list STATIC-->EIGRP100 seq 1 permit 0.0.0.0/0 le 32
ip prefix-list STATIC-->EIGRP100 seq 5 permit 0.0.0.0/0 ge 30
access-list 102 deny   tcp any any eq ftp
access-list 102 deny   tcp any any eq ftp-data
access-list 102 deny   tcp any any eq telnet
access-list 102 deny   tcp any any eq www
access-list 102 deny   tcp any any eq whois
access-list 102 deny   tcp any any eq talk
access-list 102 deny   tcp any any eq gopher
access-list 102 permit ip any any
no cdp log mismatch duplex
!
!
!
route-map EIGRP100-->EIGRP300 permit 5
 set tag 100
!
route-map EIGRP100-->EIGRP300 deny 10
 match tag 400
!
route-map EIGRP100-->EIGRP300 deny 15
 match tag 200 300
!
route-map EIGRP100-->EIGRP300 permit 25
 match tag 100 200 300
!
route-map EIGRP300-->EIGRP100 permit 5
 set tag 300
!
route-map EIGRP300-->EIGRP100 deny 10
 match tag 400
!
route-map EIGRP300-->EIGRP100 deny 15
 match tag 100 200
!
route-map EIGRP100-->EIGRP200 permit 5
 set tag 100
!
route-map EIGRP100-->EIGRP200 deny 10
 match tag 400
!
route-map EIGRP200-->EIGRP100 permit 5
 set tag 200
!
route-map EIGRP200-->EIGRP100 deny 10
 match tag 400
!
route-map EIGRP200-->EIGRP100 deny 15
 match tag 100 300
!
route-map EIGRP200-->EIGRP300 permit 5
 set tag 200
!
route-map EIGRP200-->EIGRP300 deny 10
 match tag 400
!
route-map EIGRP200-->EIGRP300 deny 15
 match tag 100 300
!
route-map EIGRP300-->EIGRP200 permit 5
 set tag 300
!
route-map EIGRP300-->EIGRP200 deny 10
 match tag 400
!
route-map EIGRP300-->EIGRP200 deny 15
 match tag 100 200
!
route-map EIGRP300-->EIGRP200 permit 25
 match tag 200 300
!
route-map STATIC-->EIGRP100 permit 10
 match ip address prefix-list STATIC-->EIGRP100
!
route-map EIGRP100-->OSPF400 permit 20
 set tag 100
!
route-map OSPF400-->EIGRP100 permit 20
 set tag 400
!
route-map EIGRP300-->OSPF400 permit 20
 set tag 300
!
route-map EIGRP200-->OSPF400 permit 20
 set tag 200
!
!
!
!
control-plane
!
!
!
!
!
!
!
!
!
!
line con 0
 exec-timeout 0 0
 privilege level 15
 logging synchronous
line aux 0
 exec-timeout 0 0
 privilege level 15
 logging synchronous
line vty 0 4
 login local
 transport input ssh
!
!
end

CR-SW1#
DEBUG:netmiko:read_channel: 
DEBUG:netmiko:write_channel: b'\n'
DEBUG:netmiko:read_channel: 
CR-SW1#
DEBUG:netmiko:read_channel: 
DEBUG:netmiko:write_channel: b'exit\n'
DEBUG:paramiko.transport:EOF in transport thread
DEBUG:netmiko:read_channel: 
DEBUG:netmiko:[find_prompt()]: prompt is CR-SW1#
DEBUG:netmiko:write_channel: b'\n'
DEBUG:netmiko:read_channel: 
DEBUG:netmiko:write_channel: b'exit\n'
DEBUG:paramiko.transport:EOF in transport thread
DEBUG:netmiko:read_channel: 
DEBUG:netmiko:write_channel: b'exit\n'
DEBUG:paramiko.transport:EOF in transport thread
DEBUG:netmiko:read_channel: 
CR-SW1#
DEBUG:netmiko:read_channel: 
DEBUG:netmiko:read_channel: 
DEBUG:netmiko:write_channel: b'exit\n'
DEBUG:netmiko:read_channel: 
DEBUG:netmiko:write_channel: b'exit\n'
DEBUG:paramiko.transport:EOF in transport thread
DEBUG:paramiko.transport:EOF in transport thread
DEBUG:netmiko:read_channel: 
DEBUG:netmiko:write_channel: b'exit\n'
DEBUG:paramiko.transport:EOF in transport thread
DEBUG:netmiko:read_channel: 
DEBUG:netmiko:write_channel: b'exit\n'
DEBUG:paramiko.transport:EOF in transport thread
DEBUG:netmiko:read_channel: 
DEBUG:netmiko:write_channel: b'exit\n'
DEBUG:paramiko.transport:EOF in transport thread
DEBUG:netmiko:read_channel: 
DEBUG:netmiko:write_channel: b'exit\n'
DEBUG:paramiko.transport:EOF in transport thread
DEBUG:paramiko.transport:starting thread (client mode): 0x85d50a0
DEBUG:paramiko.transport:Local version/idstring: SSH-2.0-paramiko_2.7.1
DEBUG:paramiko.transport:starting thread (client mode): 0x85b3af0
DEBUG:paramiko.transport:Local version/idstring: SSH-2.0-paramiko_2.7.1
DEBUG:paramiko.transport:starting thread (client mode): 0x85bfdc0
DEBUG:paramiko.transport:Local version/idstring: SSH-2.0-paramiko_2.7.1
DEBUG:paramiko.transport:starting thread (client mode): 0x85d5b20
DEBUG:paramiko.transport:Local version/idstring: SSH-2.0-paramiko_2.7.1
DEBUG:paramiko.transport:starting thread (client mode): 0x85d55e0
DEBUG:paramiko.transport:Local version/idstring: SSH-2.0-paramiko_2.7.1
DEBUG:paramiko.transport:starting thread (client mode): 0x85bfb20
DEBUG:paramiko.transport:Remote version/idstring: SSH-2.0-Cisco-1.25
DEBUG:paramiko.transport:Local version/idstring: SSH-2.0-paramiko_2.7.1
INFO:paramiko.transport:Connected (version 2.0, client Cisco-1.25)
DEBUG:paramiko.transport:Remote version/idstring: SSH-1.99-Cisco-1.25
DEBUG:paramiko.transport:starting thread (client mode): 0x85d5880
INFO:paramiko.transport:Connected (version 1.99, client Cisco-1.25)
DEBUG:paramiko.transport:Local version/idstring: SSH-2.0-paramiko_2.7.1
DEBUG:paramiko.transport:kex algos:['diffie-hellman-group1-sha1'] server key:['ssh-rsa'] client encrypt:['aes128-cbc', '3des-cbc', 'aes192-cbc', 'aes256-cbc'] server encrypt:['aes128-cbc', '3des-cbc', 'aes192-cbc', 'aes256-cbc'] client mac:['hmac-sha1', 'hmac-sha1-96', 'hmac-md5', 'hmac-md5-96'] server mac:['hmac-sha1', 'hmac-sha1-96', 'hmac-md5', 'hmac-md5-96'] client compress:['none'] server compress:['none'] client lang:[''] server lang:[''] kex follows?False
DEBUG:paramiko.transport:Kex agreed: diffie-hellman-group1-sha1
DEBUG:paramiko.transport:HostKey agreed: ssh-rsa
DEBUG:paramiko.transport:Cipher agreed: aes128-cbc
DEBUG:paramiko.transport:MAC agreed: hmac-sha1
DEBUG:paramiko.transport:Compression agreed: none
DEBUG:paramiko.transport:starting thread (client mode): 0x85bf040
DEBUG:paramiko.transport:Remote version/idstring: SSH-2.0-Cisco-1.25
INFO:paramiko.transport:Connected (version 2.0, client Cisco-1.25)
DEBUG:paramiko.transport:Remote version/idstring: SSH-2.0-Cisco-1.25
DEBUG:paramiko.transport:Remote version/idstring: SSH-2.0-Cisco-1.25
DEBUG:paramiko.transport:starting thread (client mode): 0x85d5340
DEBUG:paramiko.transport:Local version/idstring: SSH-2.0-paramiko_2.7.1
INFO:paramiko.transport:Connected (version 2.0, client Cisco-1.25)
INFO:paramiko.transport:Connected (version 2.0, client Cisco-1.25)
DEBUG:paramiko.transport:Remote version/idstring: SSH-2.0-Cisco-1.25
DEBUG:paramiko.transport:Local version/idstring: SSH-2.0-paramiko_2.7.1
INFO:paramiko.transport:Connected (version 2.0, client Cisco-1.25)
DEBUG:paramiko.transport:kex algos:['diffie-hellman-group1-sha1'] server key:['ssh-rsa'] client encrypt:['aes128-cbc', '3des-cbc', 'aes192-cbc', 'aes256-cbc'] server encrypt:['aes128-cbc', '3des-cbc', 'aes192-cbc', 'aes256-cbc'] client mac:['hmac-sha1', 'hmac-sha1-96', 'hmac-md5', 'hmac-md5-96'] server mac:['hmac-sha1', 'hmac-sha1-96', 'hmac-md5', 'hmac-md5-96'] client compress:['none'] server compress:['none'] client lang:[''] server lang:[''] kex follows?False
DEBUG:paramiko.transport:Kex agreed: diffie-hellman-group1-sha1
DEBUG:paramiko.transport:HostKey agreed: ssh-rsa
DEBUG:paramiko.transport:Cipher agreed: aes128-cbc
DEBUG:paramiko.transport:MAC agreed: hmac-sha1
DEBUG:paramiko.transport:Compression agreed: none
DEBUG:paramiko.transport:kex algos:['diffie-hellman-group-exchange-sha1', 'diffie-hellman-group14-sha1', 'diffie-hellman-group1-sha1'] server key:['ssh-rsa'] client encrypt:['aes128-cbc', '3des-cbc', 'aes192-cbc', 'aes256-cbc'] server encrypt:['aes128-cbc', '3des-cbc', 'aes192-cbc', 'aes256-cbc'] client mac:['hmac-sha1', 'hmac-sha1-96', 'hmac-md5', 'hmac-md5-96'] server mac:['hmac-sha1', 'hmac-sha1-96', 'hmac-md5', 'hmac-md5-96'] client compress:['none'] server compress:['none'] client lang:[''] server lang:[''] kex follows?False
DEBUG:paramiko.transport:Remote version/idstring: SSH-1.99-Cisco-1.25
DEBUG:paramiko.transport:Kex agreed: diffie-hellman-group-exchange-sha1
DEBUG:paramiko.transport:HostKey agreed: ssh-rsa
INFO:paramiko.transport:Connected (version 1.99, client Cisco-1.25)
DEBUG:paramiko.transport:kex algos:['diffie-hellman-group-exchange-sha1', 'diffie-hellman-group14-sha1', 'diffie-hellman-group1-sha1'] server key:['ssh-rsa'] client encrypt:['aes128-cbc', '3des-cbc', 'aes192-cbc', 'aes256-cbc'] server encrypt:['aes128-cbc', '3des-cbc', 'aes192-cbc', 'aes256-cbc'] client mac:['hmac-sha1', 'hmac-sha1-96', 'hmac-md5', 'hmac-md5-96'] server mac:['hmac-sha1', 'hmac-sha1-96', 'hmac-md5', 'hmac-md5-96'] client compress:['none'] server compress:['none'] client lang:[''] server lang:[''] kex follows?False
DEBUG:paramiko.transport:Cipher agreed: aes128-cbc
DEBUG:paramiko.transport:Remote version/idstring: SSH-2.0-Cisco-1.25
DEBUG:paramiko.transport:Kex agreed: diffie-hellman-group-exchange-sha1
DEBUG:paramiko.transport:MAC agreed: hmac-sha1
DEBUG:paramiko.transport:Compression agreed: none
DEBUG:paramiko.transport:HostKey agreed: ssh-rsa
INFO:paramiko.transport:Connected (version 2.0, client Cisco-1.25)
DEBUG:paramiko.transport:kex algos:['diffie-hellman-group-exchange-sha1', 'diffie-hellman-group14-sha1', 'diffie-hellman-group1-sha1'] server key:['ssh-rsa'] client encrypt:['aes128-cbc', '3des-cbc', 'aes192-cbc', 'aes256-cbc'] server encrypt:['aes128-cbc', '3des-cbc', 'aes192-cbc', 'aes256-cbc'] client mac:['hmac-sha1', 'hmac-sha1-96', 'hmac-md5', 'hmac-md5-96'] server mac:['hmac-sha1', 'hmac-sha1-96', 'hmac-md5', 'hmac-md5-96'] client compress:['none'] server compress:['none'] client lang:[''] server lang:[''] kex follows?False
DEBUG:paramiko.transport:Kex agreed: diffie-hellman-group-exchange-sha1
DEBUG:paramiko.transport:HostKey agreed: ssh-rsa
DEBUG:paramiko.transport:Cipher agreed: aes128-cbc
DEBUG:paramiko.transport:MAC agreed: hmac-sha1
DEBUG:paramiko.transport:Compression agreed: none
DEBUG:paramiko.transport:kex algos:['diffie-hellman-group-exchange-sha1', 'diffie-hellman-group14-sha1', 'diffie-hellman-group1-sha1'] server key:['ssh-rsa'] client encrypt:['aes128-cbc', '3des-cbc', 'aes192-cbc', 'aes256-cbc'] server encrypt:['aes128-cbc', '3des-cbc', 'aes192-cbc', 'aes256-cbc'] client mac:['hmac-sha1', 'hmac-sha1-96', 'hmac-md5', 'hmac-md5-96'] server mac:['hmac-sha1', 'hmac-sha1-96', 'hmac-md5', 'hmac-md5-96'] client compress:['none'] server compress:['none'] client lang:[''] server lang:[''] kex follows?False
DEBUG:paramiko.transport:Kex agreed: diffie-hellman-group-exchange-sha1
DEBUG:paramiko.transport:HostKey agreed: ssh-rsa
DEBUG:paramiko.transport:Cipher agreed: aes128-cbc
DEBUG:paramiko.transport:MAC agreed: hmac-sha1
DEBUG:paramiko.transport:Compression agreed: none
DEBUG:paramiko.transport:kex algos:['diffie-hellman-group-exchange-sha1', 'diffie-hellman-group14-sha1', 'diffie-hellman-group1-sha1'] server key:['ssh-rsa'] client encrypt:['aes128-cbc', '3des-cbc', 'aes192-cbc', 'aes256-cbc'] server encrypt:['aes128-cbc', '3des-cbc', 'aes192-cbc', 'aes256-cbc'] client mac:['hmac-sha1', 'hmac-sha1-96', 'hmac-md5', 'hmac-md5-96'] server mac:['hmac-sha1', 'hmac-sha1-96', 'hmac-md5', 'hmac-md5-96'] client compress:['none'] server compress:['none'] client lang:[''] server lang:[''] kex follows?False
DEBUG:paramiko.transport:Kex agreed: diffie-hellman-group-exchange-sha1
DEBUG:paramiko.transport:HostKey agreed: ssh-rsa
DEBUG:paramiko.transport:Cipher agreed: aes128-cbc
DEBUG:paramiko.transport:MAC agreed: hmac-sha1
DEBUG:paramiko.transport:Compression agreed: none
DEBUG:paramiko.transport:Cipher agreed: aes128-cbc
DEBUG:paramiko.transport:MAC agreed: hmac-sha1
DEBUG:paramiko.transport:Compression agreed: none
DEBUG:paramiko.transport:Got server p (2048 bits)
DEBUG:paramiko.transport:Remote version/idstring: SSH-2.0-Cisco-1.25
INFO:paramiko.transport:Connected (version 2.0, client Cisco-1.25)
DEBUG:paramiko.transport:kex algos:['diffie-hellman-group-exchange-sha1', 'diffie-hellman-group14-sha1', 'diffie-hellman-group1-sha1'] server key:['ssh-rsa'] client encrypt:['aes128-cbc', '3des-cbc', 'aes192-cbc', 'aes256-cbc'] server encrypt:['aes128-cbc', '3des-cbc', 'aes192-cbc', 'aes256-cbc'] client mac:['hmac-sha1', 'hmac-sha1-96', 'hmac-md5', 'hmac-md5-96'] server mac:['hmac-sha1', 'hmac-sha1-96', 'hmac-md5', 'hmac-md5-96'] client compress:['none'] server compress:['none'] client lang:[''] server lang:[''] kex follows?False
DEBUG:paramiko.transport:Kex agreed: diffie-hellman-group-exchange-sha1
DEBUG:paramiko.transport:Got server p (2048 bits)
DEBUG:paramiko.transport:HostKey agreed: ssh-rsa
DEBUG:paramiko.transport:Cipher agreed: aes128-cbc
DEBUG:paramiko.transport:MAC agreed: hmac-sha1
DEBUG:paramiko.transport:Compression agreed: none
DEBUG:paramiko.transport:kex algos:['diffie-hellman-group-exchange-sha1', 'diffie-hellman-group14-sha1', 'diffie-hellman-group1-sha1'] server key:['ssh-rsa'] client encrypt:['aes128-cbc', '3des-cbc', 'aes192-cbc', 'aes256-cbc'] server encrypt:['aes128-cbc', '3des-cbc', 'aes192-cbc', 'aes256-cbc'] client mac:['hmac-sha1', 'hmac-sha1-96', 'hmac-md5', 'hmac-md5-96'] server mac:['hmac-sha1', 'hmac-sha1-96', 'hmac-md5', 'hmac-md5-96'] client compress:['none'] server compress:['none'] client lang:[''] server lang:[''] kex follows?False
DEBUG:paramiko.transport:Kex agreed: diffie-hellman-group-exchange-sha1
DEBUG:paramiko.transport:HostKey agreed: ssh-rsa
DEBUG:paramiko.transport:Cipher agreed: aes128-cbc
DEBUG:paramiko.transport:MAC agreed: hmac-sha1
DEBUG:paramiko.transport:Compression agreed: none
DEBUG:paramiko.transport:Got server p (2048 bits)
DEBUG:paramiko.transport:Got server p (2048 bits)
DEBUG:paramiko.transport:Got server p (2048 bits)
DEBUG:paramiko.transport:Got server p (2048 bits)
DEBUG:paramiko.transport:Got server p (2048 bits)
DEBUG:paramiko.transport:kex engine KexGex specified hash_algo <built-in function openssl_sha1>
DEBUG:paramiko.transport:kex engine KexGroup1 specified hash_algo <built-in function openssl_sha1>
DEBUG:paramiko.transport:Switch to new keys ...
DEBUG:paramiko.transport:kex engine KexGex specified hash_algo <built-in function openssl_sha1>
DEBUG:paramiko.transport:Switch to new keys ...
DEBUG:paramiko.transport:kex engine KexGex specified hash_algo <built-in function openssl_sha1>
DEBUG:paramiko.transport:Adding ssh-rsa host key for 123.123.1.14: b'7aea766b56198c00a915d0a620f89c87'
DEBUG:paramiko.transport:Switch to new keys ...
DEBUG:paramiko.transport:kex engine KexGroup1 specified hash_algo <built-in function openssl_sha1>
DEBUG:paramiko.transport:Adding ssh-rsa host key for 123.123.1.11: b'21d1094a344929c9eca5703098b9e67a'
DEBUG:paramiko.transport:Adding ssh-rsa host key for 123.123.1.13: b'cec2a3a33e83b6b9222dbc0e408ca84e'
DEBUG:paramiko.transport:Switch to new keys ...
DEBUG:paramiko.transport:Switch to new keys ...
DEBUG:paramiko.transport:Adding ssh-rsa host key for 123.123.1.15: b'15c19f48f5899b154df7a80698b56034'
DEBUG:paramiko.transport:Adding ssh-rsa host key for 123.123.1.19: b'08ddefb1f4824b884799501ba0cfadd8'
DEBUG:paramiko.transport:kex engine KexGex specified hash_algo <built-in function openssl_sha1>
DEBUG:paramiko.transport:kex engine KexGex specified hash_algo <built-in function openssl_sha1>
DEBUG:paramiko.transport:Switch to new keys ...
DEBUG:paramiko.transport:Switch to new keys ...
DEBUG:paramiko.transport:Adding ssh-rsa host key for 123.123.1.17: b'7aea8ef985ee2a4c9521fd46af50ff9c'
DEBUG:paramiko.transport:Adding ssh-rsa host key for 123.123.1.18: b'a4da7fb29dcdd65dd80304f489202085'
DEBUG:paramiko.transport:kex engine KexGex specified hash_algo <built-in function openssl_sha1>
DEBUG:paramiko.transport:Switch to new keys ...
DEBUG:paramiko.transport:Adding ssh-rsa host key for 123.123.1.12: b'f05d3c38c9d8395c49a0fc3423174fdc'
DEBUG:paramiko.transport:kex engine KexGex specified hash_algo <built-in function openssl_sha1>
DEBUG:paramiko.transport:Switch to new keys ...
DEBUG:paramiko.transport:Adding ssh-rsa host key for 123.123.1.16: b'1c85ef063bd93c1565f4826bb82f26fd'
DEBUG:paramiko.transport:userauth is OK
DEBUG:paramiko.transport:userauth is OK
INFO:paramiko.transport:Authentication (password) successful!
DEBUG:paramiko.transport:[chan 0] Max packet in: 32768 bytes
DEBUG:paramiko.transport:userauth is OK
DEBUG:paramiko.transport:userauth is OK
INFO:paramiko.transport:Authentication (password) successful!
DEBUG:paramiko.transport:[chan 0] Max packet in: 32768 bytes
DEBUG:paramiko.transport:userauth is OK
DEBUG:paramiko.transport:[chan 0] Max packet out: 4096 bytes
DEBUG:paramiko.transport:Secsh channel 0 opened.
INFO:paramiko.transport:Authentication (password) successful!
DEBUG:paramiko.transport:[chan 0] Max packet in: 32768 bytes
DEBUG:paramiko.transport:[chan 0] Max packet out: 4096 bytes
DEBUG:paramiko.transport:Secsh channel 0 opened.
DEBUG:paramiko.transport:[chan 0] Sesch channel 0 request ok
DEBUG:paramiko.transport:[chan 0] Max packet out: 4096 bytes
DEBUG:paramiko.transport:Secsh channel 0 opened.
INFO:paramiko.transport:Authentication (password) successful!
DEBUG:paramiko.transport:[chan 0] Max packet in: 32768 bytes
DEBUG:paramiko.transport:[chan 0] Sesch channel 0 request ok
INFO:paramiko.transport:Authentication (password) successful!
DEBUG:paramiko.transport:[chan 0] Max packet in: 32768 bytes
DEBUG:paramiko.transport:[chan 0] Sesch channel 0 request ok
DEBUG:paramiko.transport:[chan 0] Sesch channel 0 request ok
DEBUG:paramiko.transport:[chan 0] Max packet out: 4096 bytes
DEBUG:paramiko.transport:Secsh channel 0 opened.
DEBUG:paramiko.transport:[chan 0] Max packet out: 4096 bytes
DEBUG:paramiko.transport:Secsh channel 0 opened.
DEBUG:paramiko.transport:[chan 0] Sesch channel 0 request ok
DEBUG:paramiko.transport:[chan 0] Sesch channel 0 request ok
DEBUG:paramiko.transport:[chan 0] Sesch channel 0 request ok
DEBUG:paramiko.transport:[chan 0] Sesch channel 0 request ok
DEBUG:paramiko.transport:userauth is OK
DEBUG:paramiko.transport:userauth is OK
DEBUG:paramiko.transport:[chan 0] Sesch channel 0 request ok
INFO:paramiko.transport:Authentication (password) successful!
DEBUG:paramiko.transport:[chan 0] Max packet in: 32768 bytes
DEBUG:paramiko.transport:[chan 0] Max packet out: 4096 bytes
DEBUG:paramiko.transport:Secsh channel 0 opened.
INFO:paramiko.transport:Authentication (password) successful!
DEBUG:paramiko.transport:[chan 0] Max packet in: 32768 bytes
DEBUG:paramiko.transport:[chan 0] Sesch channel 0 request ok
DEBUG:paramiko.transport:[chan 0] Max packet out: 4096 bytes
DEBUG:paramiko.transport:Secsh channel 0 opened.
DEBUG:paramiko.transport:[chan 0] Sesch channel 0 request ok
DEBUG:paramiko.transport:[chan 0] Sesch channel 0 request ok
DEBUG:paramiko.transport:[chan 0] Sesch channel 0 request ok
DEBUG:paramiko.transport:[chan 0] Sesch channel 0 request ok
DEBUG:paramiko.transport:userauth is OK
DEBUG:paramiko.transport:userauth is OK
INFO:paramiko.transport:Authentication (password) successful!
DEBUG:paramiko.transport:[chan 0] Max packet in: 32768 bytes
DEBUG:paramiko.transport:[chan 0] Max packet out: 4096 bytes
DEBUG:paramiko.transport:Secsh channel 0 opened.
INFO:paramiko.transport:Authentication (password) successful!
DEBUG:paramiko.transport:[chan 0] Max packet in: 32768 bytes
DEBUG:paramiko.transport:[chan 0] Sesch channel 0 request ok
DEBUG:paramiko.transport:[chan 0] Max packet out: 4096 bytes
DEBUG:paramiko.transport:Secsh channel 0 opened.
DEBUG:paramiko.transport:[chan 0] Sesch channel 0 request ok
DEBUG:paramiko.transport:[chan 0] Sesch channel 0 request ok
DEBUG:paramiko.transport:[chan 0] Sesch channel 0 request ok
DEBUG:netmiko:read_channel: 
CR-SW1>
DEBUG:netmiko:read_channel: 
B1>
DEBUG:netmiko:read_channel: DC>
DEBUG:netmiko:read_channel: CR-R2>
DEBUG:netmiko:read_channel: CR-R1>
DEBUG:netmiko:read_channel: CAMP-2>
DEBUG:netmiko:read_channel: 
DEBUG:netmiko:read_channel: SD-WN>
DEBUG:netmiko:read_channel: 
DEBUG:netmiko:read_channel: 
DEBUG:netmiko:read_channel: 
DEBUG:netmiko:read_channel: 
DEBUG:netmiko:read_channel: 
DEBUG:netmiko:read_channel: 
DEBUG:netmiko:read_channel: Only Authorized Users granted. Unauthorized access prohibited!B2>
DEBUG:netmiko:read_channel: CAMP-1>
DEBUG:netmiko:read_channel: 
DEBUG:netmiko:read_channel: 
DEBUG:netmiko:read_channel: 
DEBUG:netmiko:read_channel: 
DEBUG:netmiko:read_channel: 
DEBUG:netmiko:read_channel: 
DEBUG:netmiko:read_channel: 
DEBUG:netmiko:read_channel: 
DEBUG:netmiko:read_channel: 
DEBUG:netmiko:read_channel: 
DEBUG:netmiko:write_channel: b'\n'
DEBUG:netmiko:read_channel: 
DEBUG:netmiko:write_channel: b'\n'
DEBUG:netmiko:read_channel: 
DEBUG:netmiko:write_channel: b'\n'
DEBUG:netmiko:read_channel: 
DEBUG:netmiko:write_channel: b'\n'
DEBUG:netmiko:read_channel: 
DEBUG:netmiko:write_channel: b'\n'
DEBUG:netmiko:read_channel: 
DEBUG:netmiko:write_channel: b'\n'
DEBUG:netmiko:read_channel: 
DEBUG:netmiko:write_channel: b'\n'
DEBUG:netmiko:read_channel: 
CR-SW1>
DEBUG:netmiko:read_channel: 
B1>
DEBUG:netmiko:read_channel: 
DC>
DEBUG:netmiko:read_channel: 
CR-R2>
DEBUG:netmiko:read_channel: 
CR-R1>
DEBUG:netmiko:read_channel: 
CAMP-2>
DEBUG:netmiko:read_channel: 
SD-WN>
DEBUG:netmiko:read_channel: 
DEBUG:netmiko:read_channel: 
DEBUG:netmiko:read_channel: 
DEBUG:netmiko:[find_prompt()]: prompt is CR-SW1>
DEBUG:netmiko:read_channel: 
DEBUG:netmiko:[find_prompt()]: prompt is B1>
DEBUG:netmiko:read_channel: 
DEBUG:netmiko:[find_prompt()]: prompt is DC>
DEBUG:netmiko:read_channel: 
DEBUG:netmiko:write_channel: b'\n'
DEBUG:netmiko:read_channel: 
DEBUG:netmiko:write_channel: b'\n'
DEBUG:netmiko:read_channel: 
DEBUG:netmiko:[find_prompt()]: prompt is CR-R2>
DEBUG:netmiko:read_channel: 
DEBUG:netmiko:[find_prompt()]: prompt is CR-R1>
DEBUG:netmiko:read_channel: 
DEBUG:netmiko:[find_prompt()]: prompt is CAMP-2>
DEBUG:netmiko:read_channel: 
DEBUG:netmiko:[find_prompt()]: prompt is SD-WN>
DEBUG:netmiko:read_channel: 
B2>
DEBUG:netmiko:read_channel: 
CAMP-1>
DEBUG:netmiko:read_channel: 
DEBUG:netmiko:In disable_paging
DEBUG:netmiko:Command: terminal length 0

DEBUG:netmiko:write_channel: b'terminal length 0\n'
DEBUG:netmiko:Pattern is: CR\-SW1
DEBUG:netmiko:read_channel: 
DEBUG:netmiko:In disable_paging
DEBUG:netmiko:Command: terminal length 0

DEBUG:netmiko:write_channel: b'terminal length 0\n'
DEBUG:netmiko:Pattern is: B1
DEBUG:netmiko:_read_channel_expect read_data: t
DEBUG:netmiko:_read_channel_expect read_data: t
DEBUG:netmiko:read_channel: 
DEBUG:netmiko:In disable_paging
DEBUG:netmiko:Command: terminal length 0

DEBUG:netmiko:write_channel: b'terminal length 0\n'
DEBUG:netmiko:Pattern is: DC
DEBUG:netmiko:_read_channel_expect read_data: t
DEBUG:netmiko:read_channel: 
DEBUG:netmiko:In disable_paging
DEBUG:netmiko:Command: terminal length 0

DEBUG:netmiko:write_channel: b'terminal length 0\n'
DEBUG:netmiko:Pattern is: CR\-R2
DEBUG:netmiko:_read_channel_expect read_data: ter
DEBUG:netmiko:read_channel: 
DEBUG:netmiko:In disable_paging
DEBUG:netmiko:Command: terminal length 0

DEBUG:netmiko:write_channel: b'terminal length 0\n'
DEBUG:netmiko:Pattern is: CR\-R1
DEBUG:netmiko:read_channel: 
DEBUG:netmiko:In disable_paging
DEBUG:netmiko:Command: terminal length 0

DEBUG:netmiko:write_channel: b'terminal length 0\n'
DEBUG:netmiko:Pattern is: CAMP\-2
DEBUG:netmiko:_read_channel_expect read_data: t
DEBUG:netmiko:_read_channel_expect read_data: t
DEBUG:netmiko:read_channel: 
DEBUG:netmiko:In disable_paging
DEBUG:netmiko:Command: terminal length 0

DEBUG:netmiko:write_channel: b'terminal length 0\n'
DEBUG:netmiko:Pattern is: SD\-WN
DEBUG:netmiko:_read_channel_expect read_data: t
DEBUG:netmiko:_read_channel_expect read_data: erminal length 0
B1>
DEBUG:netmiko:Pattern found: B1 terminal length 0
B1>
DEBUG:netmiko:terminal length 0
B1>
DEBUG:netmiko:Exiting disable_paging
DEBUG:netmiko:write_channel: b'terminal width 511\n'
DEBUG:netmiko:Pattern is: B1
DEBUG:netmiko:_read_channel_expect read_data: erminal l
DEBUG:netmiko:_read_channel_expect read_data: ter
DEBUG:netmiko:read_channel: 
DEBUG:netmiko:[find_prompt()]: prompt is B2>
DEBUG:netmiko:_read_channel_expect read_data: erminal length 0
DC>
DEBUG:netmiko:Pattern found: DC terminal length 0
DC>
DEBUG:netmiko:terminal length 0
DC>
DEBUG:netmiko:Exiting disable_paging
DEBUG:netmiko:write_channel: b'terminal width 511\n'
DEBUG:netmiko:Pattern is: DC
DEBUG:netmiko:read_channel: 
DEBUG:netmiko:[find_prompt()]: prompt is CAMP-1>
DEBUG:netmiko:_read_channel_expect read_data: te
DEBUG:netmiko:_read_channel_expect read_data: minal length 0
CR-R2>
DEBUG:netmiko:Pattern found: CR\-R2 terminal length 0
CR-R2>
DEBUG:netmiko:terminal length 0
CR-R2>
DEBUG:netmiko:Exiting disable_paging
DEBUG:netmiko:write_channel: b'terminal width 511\n'
DEBUG:netmiko:Pattern is: CR\-R2
DEBUG:netmiko:_read_channel_expect read_data: t
DEBUG:netmiko:_read_channel_expect read_data: erminal length 0
CR-R1>
DEBUG:netmiko:Pattern found: CR\-R1 terminal length 0
CR-R1>
DEBUG:netmiko:terminal length 0
CR-R1>
DEBUG:netmiko:Exiting disable_paging
DEBUG:netmiko:write_channel: b'terminal width 511\n'
DEBUG:netmiko:Pattern is: CR\-R1
DEBUG:netmiko:_read_channel_expect read_data: erminal length 0
CAMP-2>
DEBUG:netmiko:Pattern found: CAMP\-2 terminal length 0
CAMP-2>
DEBUG:netmiko:terminal length 0
CAMP-2>
DEBUG:netmiko:Exiting disable_paging
DEBUG:netmiko:write_channel: b'terminal width 511\n'
DEBUG:netmiko:Pattern is: CAMP\-2
DEBUG:netmiko:_read_channel_expect read_data: t
DEBUG:netmiko:_read_channel_expect read_data: t
DEBUG:netmiko:_read_channel_expect read_data: erminal length 0
SD-WN>
DEBUG:netmiko:Pattern found: SD\-WN terminal length 0
SD-WN>
DEBUG:netmiko:terminal length 0
SD-WN>
DEBUG:netmiko:Exiting disable_paging
DEBUG:netmiko:write_channel: b'terminal width 511\n'
DEBUG:netmiko:Pattern is: SD\-WN
DEBUG:netmiko:_read_channel_expect read_data: ength 0
CR-SW1>
DEBUG:netmiko:Pattern found: CR\-SW1 terminal length 0
CR-SW1>
DEBUG:netmiko:terminal length 0
CR-SW1>
DEBUG:netmiko:Exiting disable_paging
DEBUG:netmiko:_read_channel_expect read_data: t
DEBUG:netmiko:write_channel: b'terminal width 511\n'
DEBUG:netmiko:Pattern is: CR\-SW1
DEBUG:netmiko:_read_channel_expect read_data: minal width 511
B1>
DEBUG:netmiko:Pattern found: B1 terminal width 511
B1>
DEBUG:netmiko:_read_channel_expect read_data: t
DEBUG:netmiko:_read_channel_expect read_data: rminal width 511
DC>
DEBUG:netmiko:Pattern found: DC terminal width 511
DC>
DEBUG:netmiko:_read_channel_expect read_data: erminal width 511
CR-R2>
DEBUG:netmiko:Pattern found: CR\-R2 terminal width 511
CR-R2>
DEBUG:netmiko:_read_channel_expect read_data: erminal width 511
CR-R1>
DEBUG:netmiko:Pattern found: CR\-R1 terminal width 511
CR-R1>
DEBUG:netmiko:_read_channel_expect read_data: erminal width 511
CAMP-2>
DEBUG:netmiko:Pattern found: CAMP\-2 terminal width 511
CAMP-2>
DEBUG:netmiko:_read_channel_expect read_data: erminal width 511
SD-WN>
DEBUG:netmiko:Pattern found: SD\-WN terminal width 511
SD-WN>
DEBUG:netmiko:read_channel: 
DEBUG:netmiko:In disable_paging
DEBUG:netmiko:Command: terminal length 0

DEBUG:netmiko:write_channel: b'terminal length 0\n'
DEBUG:netmiko:Pattern is: B2
DEBUG:netmiko:_read_channel_expect read_data: erminal w
DEBUG:netmiko:_read_channel_expect read_data: t
DEBUG:netmiko:read_channel: 
DEBUG:netmiko:In disable_paging
DEBUG:netmiko:Command: terminal length 0

DEBUG:netmiko:write_channel: b'terminal length 0\n'
DEBUG:netmiko:Pattern is: CAMP\-1
DEBUG:netmiko:_read_channel_expect read_data: t
DEBUG:netmiko:_read_channel_expect read_data: idth 511
CR-SW1>
DEBUG:netmiko:Pattern found: CR\-SW1 terminal width 511
CR-SW1>
DEBUG:netmiko:_read_channel_expect read_data: erminal length 0
B2>
DEBUG:netmiko:Pattern found: B2 terminal length 0
B2>
DEBUG:netmiko:terminal length 0
B2>
DEBUG:netmiko:Exiting disable_paging
DEBUG:netmiko:write_channel: b'terminal width 511\n'
DEBUG:netmiko:Pattern is: B2
DEBUG:netmiko:_read_channel_expect read_data: erminal length 0
CAMP-1>
DEBUG:netmiko:Pattern found: CAMP\-1 terminal length 0
CAMP-1>
DEBUG:netmiko:terminal length 0
CAMP-1>
DEBUG:netmiko:Exiting disable_paging
DEBUG:netmiko:write_channel: b'terminal width 511\n'
DEBUG:netmiko:Pattern is: CAMP\-1
DEBUG:netmiko:_read_channel_expect read_data: te
DEBUG:netmiko:_read_channel_expect read_data: ter
DEBUG:netmiko:_read_channel_expect read_data: rminal width 511
B2>
DEBUG:netmiko:Pattern found: B2 terminal width 511
B2>
DEBUG:netmiko:_read_channel_expect read_data: minal width 511
CAMP-1>
DEBUG:netmiko:Pattern found: CAMP\-1 terminal width 511
CAMP-1>
DEBUG:netmiko:read_channel: 
DEBUG:netmiko:write_channel: b'\n'
DEBUG:netmiko:Pattern is: B1
DEBUG:netmiko:_read_channel_expect read_data: 

DEBUG:netmiko:read_channel: 
DEBUG:netmiko:write_channel: b'\n'
DEBUG:netmiko:Pattern is: DC
DEBUG:netmiko:_read_channel_expect read_data: 

DEBUG:netmiko:read_channel: 
DEBUG:netmiko:write_channel: b'\n'
DEBUG:netmiko:Pattern is: CR\-R2
DEBUG:netmiko:_read_channel_expect read_data: 

DEBUG:netmiko:read_channel: 
DEBUG:netmiko:read_channel: 
DEBUG:netmiko:write_channel: b'\n'
DEBUG:netmiko:Pattern is: CR\-R1
DEBUG:netmiko:write_channel: b'\n'
DEBUG:netmiko:Pattern is: CAMP\-2
DEBUG:netmiko:_read_channel_expect read_data: 

DEBUG:netmiko:_read_channel_expect read_data: 

DEBUG:netmiko:read_channel: 
DEBUG:netmiko:write_channel: b'\n'
DEBUG:netmiko:Pattern is: SD\-WN
DEBUG:netmiko:_read_channel_expect read_data: 

DEBUG:netmiko:_read_channel_expect read_data: B1>
DEBUG:netmiko:Pattern found: B1 
B1>
DEBUG:netmiko:write_channel: b'enable\n'
DEBUG:netmiko:Pattern is: (B1|ssword)
DEBUG:netmiko:_read_channel_expect read_data: e
DEBUG:netmiko:_read_channel_expect read_data: DC>
DEBUG:netmiko:Pattern found: DC 
DC>
DEBUG:netmiko:write_channel: b'enable\n'
DEBUG:netmiko:Pattern is: (DC|ssword)
DEBUG:netmiko:_read_channel_expect read_data: CR-R2>
DEBUG:netmiko:Pattern found: CR\-R2 
CR-R2>
DEBUG:netmiko:write_channel: b'enable\n'
DEBUG:netmiko:Pattern is: (CR\-R2|ssword)
DEBUG:netmiko:_read_channel_expect read_data: en
DEBUG:netmiko:_read_channel_expect read_data: e
DEBUG:netmiko:_read_channel_expect read_data: CR-R1>
DEBUG:netmiko:Pattern found: CR\-R1 
CR-R1>
DEBUG:netmiko:write_channel: b'enable\n'
DEBUG:netmiko:Pattern is: (CR\-R1|ssword)
DEBUG:netmiko:_read_channel_expect read_data: CAMP-2>
DEBUG:netmiko:Pattern found: CAMP\-2 
CAMP-2>
DEBUG:netmiko:write_channel: b'enable\n'
DEBUG:netmiko:Pattern is: (CAMP\-2|ssword)
DEBUG:netmiko:_read_channel_expect read_data: SD-WN>
DEBUG:netmiko:Pattern found: SD\-WN 
SD-WN>
DEBUG:netmiko:write_channel: b'enable\n'
DEBUG:netmiko:_read_channel_expect read_data: e
DEBUG:netmiko:Pattern is: (SD\-WN|ssword)
DEBUG:netmiko:_read_channel_expect read_data: e
DEBUG:netmiko:read_channel: 
DEBUG:netmiko:write_channel: b'\n'
DEBUG:netmiko:Pattern is: CR\-SW1
DEBUG:netmiko:_read_channel_expect read_data: 

DEBUG:netmiko:_read_channel_expect read_data: e
DEBUG:netmiko:_read_channel_expect read_data: nable
Password: 
DEBUG:netmiko:Pattern found: (B1|ssword) enable
Password: 
DEBUG:netmiko:write_channel: b'cisco\n'
DEBUG:netmiko:Pattern is: B1
DEBUG:netmiko:_read_channel_expect read_data: 
B1#
DEBUG:netmiko:Pattern found: B1 
B1#
DEBUG:netmiko:write_channel: b'\n'
DEBUG:netmiko:Pattern is: B1
DEBUG:netmiko:_read_channel_expect read_data: 

DEBUG:netmiko:_read_channel_expect read_data: able
Password: 
DEBUG:netmiko:Pattern found: (DC|ssword) enable
Password: 
DEBUG:netmiko:write_channel: b'cisco\n'
DEBUG:netmiko:Pattern is: DC
DEBUG:netmiko:_read_channel_expect read_data: nable
Password: 
DEBUG:netmiko:Pattern found: (CR\-R2|ssword) enable
Password: 
DEBUG:netmiko:write_channel: b'cisco\n'
DEBUG:netmiko:Pattern is: CR\-R2
DEBUG:netmiko:_read_channel_expect read_data: 
DC#
DEBUG:netmiko:Pattern found: DC 
DC#
DEBUG:netmiko:write_channel: b'\n'
DEBUG:netmiko:Pattern is: DC
DEBUG:netmiko:_read_channel_expect read_data: 
CR-R2#
DEBUG:netmiko:Pattern found: CR\-R2 
CR-R2#
DEBUG:netmiko:write_channel: b'\n'
DEBUG:netmiko:Pattern is: CR\-R2
DEBUG:netmiko:_read_channel_expect read_data: 

DEBUG:netmiko:_read_channel_expect read_data: 

DEBUG:netmiko:_read_channel_expect read_data: nable
Password: 
DEBUG:netmiko:Pattern found: (CAMP\-2|ssword) enable
Password: 
DEBUG:netmiko:write_channel: b'cisco\n'
DEBUG:netmiko:Pattern is: CAMP\-2
DEBUG:netmiko:_read_channel_expect read_data: nable
Password: 
DEBUG:netmiko:Pattern found: (CR\-R1|ssword) enable
Password: 
DEBUG:netmiko:write_channel: b'cisco\n'
DEBUG:netmiko:Pattern is: CR\-R1
DEBUG:netmiko:_read_channel_expect read_data: CR-SW1>
DEBUG:netmiko:Pattern found: CR\-SW1 
CR-SW1>
DEBUG:netmiko:write_channel: b'enable\n'
DEBUG:netmiko:Pattern is: (CR\-SW1|ssword)
DEBUG:netmiko:_read_channel_expect read_data: nable
Password: 
DEBUG:netmiko:Pattern found: (SD\-WN|ssword) enable
Password: 
DEBUG:netmiko:write_channel: b'cisco\n'
DEBUG:netmiko:Pattern is: SD\-WN
DEBUG:netmiko:_read_channel_expect read_data: e
DEBUG:netmiko:_read_channel_expect read_data: 
CAMP-2#
DEBUG:netmiko:Pattern found: CAMP\-2 
CAMP-2#
DEBUG:netmiko:_read_channel_expect read_data: 
CR-R1#
DEBUG:netmiko:Pattern found: CR\-R1 
CR-R1#
DEBUG:netmiko:write_channel: b'\n'
DEBUG:netmiko:Pattern is: CAMP\-2
DEBUG:netmiko:write_channel: b'\n'
DEBUG:netmiko:Pattern is: CR\-R1
DEBUG:netmiko:read_channel: 
DEBUG:netmiko:write_channel: b'\n'
DEBUG:netmiko:Pattern is: B2
DEBUG:netmiko:_read_channel_expect read_data: 

DEBUG:netmiko:_read_channel_expect read_data: 

DEBUG:netmiko:_read_channel_expect read_data: 

DEBUG:netmiko:_read_channel_expect read_data: 
SD-WN#
DEBUG:netmiko:Pattern found: SD\-WN 
SD-WN#
DEBUG:netmiko:write_channel: b'\n'
DEBUG:netmiko:Pattern is: SD\-WN
DEBUG:netmiko:_read_channel_expect read_data: B1#
DEBUG:netmiko:Pattern found: B1 
B1#
DEBUG:netmiko:_read_channel_expect read_data: 

DEBUG:netmiko:read_channel: 
DEBUG:netmiko:write_channel: b'\n'
DEBUG:netmiko:Pattern is: CAMP\-1
DEBUG:netmiko:_read_channel_expect read_data: 

DEBUG:netmiko:_read_channel_expect read_data: CR-R2#
DEBUG:netmiko:Pattern found: CR\-R2 
CR-R2#
DEBUG:netmiko:_read_channel_expect read_data: DC#
DEBUG:netmiko:Pattern found: DC 
DC#
DEBUG:netmiko:_read_channel_expect read_data: nable
Password: 
DEBUG:netmiko:Pattern found: (CR\-SW1|ssword) enable
Password: 
DEBUG:netmiko:write_channel: b'cisco\n'
DEBUG:netmiko:Pattern is: CR\-SW1
DEBUG:netmiko:_read_channel_expect read_data: CAMP-2#
DEBUG:netmiko:Pattern found: CAMP\-2 
CAMP-2#
DEBUG:netmiko:_read_channel_expect read_data: CR-R1#
DEBUG:netmiko:_read_channel_expect read_data: B2>
DEBUG:netmiko:Pattern found: CR\-R1 
CR-R1#
DEBUG:netmiko:Pattern found: B2 
B2>
DEBUG:netmiko:write_channel: b'enable\n'
DEBUG:netmiko:Pattern is: (B2|ssword)
DEBUG:netmiko:read_channel: 
DEBUG:netmiko:write_channel: b'\n'
DEBUG:netmiko:_read_channel_expect read_data: SD-WN#
DEBUG:netmiko:Pattern found: SD\-WN 
SD-WN#
DEBUG:netmiko:_read_channel_expect read_data: ena
DEBUG:netmiko:_read_channel_expect read_data: CAMP-1>
DEBUG:netmiko:Pattern found: CAMP\-1 
CAMP-1>
DEBUG:netmiko:write_channel: b'enable\n'
DEBUG:netmiko:Pattern is: (CAMP\-1|ssword)
DEBUG:netmiko:_read_channel_expect read_data: en
DEBUG:netmiko:read_channel: 
DEBUG:netmiko:write_channel: b'\n'
DEBUG:netmiko:read_channel: 
DEBUG:netmiko:write_channel: b'\n'
DEBUG:netmiko:_read_channel_expect read_data: 
CR-SW1#
DEBUG:netmiko:Pattern found: CR\-SW1 
CR-SW1#
DEBUG:netmiko:write_channel: b'\n'
DEBUG:netmiko:Pattern is: CR\-SW1
DEBUG:netmiko:_read_channel_expect read_data: 

DEBUG:netmiko:read_channel: 
DEBUG:netmiko:write_channel: b'\n'
DEBUG:netmiko:read_channel: 
DEBUG:netmiko:write_channel: b'\n'
DEBUG:netmiko:read_channel: 
B1#
DEBUG:netmiko:read_channel: 
DEBUG:netmiko:write_channel: b'\n'
DEBUG:netmiko:_read_channel_expect read_data: ble
Password: 
DEBUG:netmiko:Pattern found: (B2|ssword) enable
Password: 
DEBUG:netmiko:write_channel: b'cisco\n'
DEBUG:netmiko:Pattern is: B2
DEBUG:netmiko:_read_channel_expect read_data: able
Password: 
DEBUG:netmiko:Pattern found: (CAMP\-1|ssword) enable
Password: 
DEBUG:netmiko:write_channel: b'cisco\n'
DEBUG:netmiko:Pattern is: CAMP\-1
DEBUG:netmiko:_read_channel_expect read_data: 
B2#
DEBUG:netmiko:Pattern found: B2 
B2#
DEBUG:netmiko:write_channel: b'\n'
DEBUG:netmiko:Pattern is: B2
DEBUG:netmiko:_read_channel_expect read_data: 

DEBUG:netmiko:read_channel: 
CR-R2#
DEBUG:netmiko:read_channel: 
DC#
DEBUG:netmiko:_read_channel_expect read_data: 
CAMP-1#
DEBUG:netmiko:Pattern found: CAMP\-1 
CAMP-1#
DEBUG:netmiko:write_channel: b'\n'
DEBUG:netmiko:Pattern is: CAMP\-1
DEBUG:netmiko:_read_channel_expect read_data: 
CAMP-1#
DEBUG:netmiko:Pattern found: CAMP\-1 
CAMP-1#
DEBUG:netmiko:_read_channel_expect read_data: CR-SW1#
DEBUG:netmiko:Pattern found: CR\-SW1 
CR-SW1#
DEBUG:netmiko:read_channel: 
CAMP-2#
DEBUG:netmiko:read_channel: 
CR-R1#
DEBUG:netmiko:read_channel: 
SD-WN#
DEBUG:netmiko:_read_channel_expect read_data: B2#
DEBUG:netmiko:Pattern found: B2 
B2#
DEBUG:netmiko:read_channel: 
DEBUG:netmiko:write_channel: b'\n'
DEBUG:netmiko:read_channel: 
DEBUG:netmiko:write_channel: b'\n'
DEBUG:netmiko:read_channel: 
DEBUG:netmiko:[find_prompt()]: prompt is B1#
DEBUG:netmiko:read_channel: 
DEBUG:netmiko:write_channel: b'\n'
DEBUG:netmiko:read_channel: 
DEBUG:netmiko:read_channel: 
DEBUG:netmiko:[find_prompt()]: prompt is CR-R2#
DEBUG:netmiko:[find_prompt()]: prompt is DC#
DEBUG:netmiko:read_channel: 
CAMP-1#
DEBUG:netmiko:read_channel: 
CR-SW1#
DEBUG:netmiko:read_channel: 
DEBUG:netmiko:[find_prompt()]: prompt is CAMP-2#
DEBUG:netmiko:read_channel: 
DEBUG:netmiko:[find_prompt()]: prompt is CR-R1#
DEBUG:netmiko:read_channel: 
DEBUG:netmiko:[find_prompt()]: prompt is SD-WN#
DEBUG:netmiko:read_channel: 
B2#
DEBUG:netmiko:read_channel: 
DEBUG:netmiko:[find_prompt()]: prompt is CAMP-1#
DEBUG:netmiko:read_channel: 
DEBUG:netmiko:[find_prompt()]: prompt is CR-SW1#
DEBUG:netmiko:read_channel: 
DEBUG:netmiko:write_channel: b'show run\n'
DEBUG:netmiko:Pattern is: show\ run
DEBUG:netmiko:_read_channel_expect read_data: sh
DEBUG:netmiko:read_channel: 
DEBUG:netmiko:[find_prompt()]: prompt is B2#
DEBUG:netmiko:read_channel: 
DEBUG:netmiko:read_channel: 
DEBUG:netmiko:write_channel: b'show run\n'
DEBUG:netmiko:Pattern is: show\ run
DEBUG:netmiko:write_channel: b'show run\n'
DEBUG:netmiko:Pattern is: show\ run
DEBUG:netmiko:_read_channel_expect read_data: s
DEBUG:netmiko:_read_channel_expect read_data: s
DEBUG:netmiko:read_channel: 
DEBUG:netmiko:write_channel: b'show run\n'
DEBUG:netmiko:Pattern is: show\ run
DEBUG:netmiko:read_channel: 
DEBUG:netmiko:write_channel: b'show run\n'
DEBUG:netmiko:Pattern is: show\ run
DEBUG:netmiko:read_channel: 
DEBUG:netmiko:write_channel: b'show run\n'
DEBUG:netmiko:Pattern is: show\ run
DEBUG:netmiko:_read_channel_expect read_data: ow run
Building configuration...

DEBUG:netmiko:Pattern found: show\ run show run
Building configuration...

DEBUG:netmiko:_read_channel_expect read_data: sho
DEBUG:netmiko:_read_channel_expect read_data: s
DEBUG:netmiko:_read_channel_expect read_data: s
DEBUG:netmiko:_read_channel_expect read_data: how run
Building configuration...

DEBUG:netmiko:Pattern found: show\ run show run
Building configuration...

DEBUG:netmiko:_read_channel_expect read_data: how run
Building configuration...

DEBUG:netmiko:Pattern found: show\ run show run
Building configuration...

DEBUG:netmiko:_read_channel_expect read_data: w run
Building configuration...

DEBUG:netmiko:Pattern found: show\ run show run
Building configuration...

DEBUG:netmiko:_read_channel_expect read_data: how run
Building configuration...

DEBUG:netmiko:Pattern found: show\ run show run
Building configuration...

DEBUG:netmiko:_read_channel_expect read_data: how run
Building configuration...

DEBUG:netmiko:Pattern found: show\ run show run
Building configuration...

DEBUG:netmiko:read_channel: 
DEBUG:netmiko:write_channel: b'show run\n'
DEBUG:netmiko:Pattern is: show\ run
DEBUG:netmiko:_read_channel_expect read_data: show r
DEBUG:netmiko:read_channel: 
DEBUG:netmiko:write_channel: b'show run\n'
DEBUG:netmiko:Pattern is: show\ run
DEBUG:netmiko:_read_channel_expect read_data: s
DEBUG:netmiko:read_channel: 
DEBUG:netmiko:read_channel: 
DEBUG:netmiko:write_channel: b'show run\n'
DEBUG:netmiko:Pattern is: show\ run
DEBUG:netmiko:_read_channel_expect read_data: show ru
DEBUG:netmiko:read_channel: 
DEBUG:netmiko:read_channel: 
DEBUG:netmiko:_read_channel_expect read_data: un
Building configuration...

DEBUG:netmiko:Pattern found: show\ run show run
Building configuration...

DEBUG:netmiko:_read_channel_expect read_data: how run
Building configuration...

DEBUG:netmiko:Pattern found: show\ run show run
Building configuration...

DEBUG:netmiko:read_channel: 
DEBUG:netmiko:read_channel: 
DEBUG:netmiko:read_channel: 
DEBUG:netmiko:_read_channel_expect read_data: n
Building configuration...

DEBUG:netmiko:Pattern found: show\ run show run
Building configuration...

DEBUG:netmiko:read_channel: 
DEBUG:netmiko:read_channel: 
DEBUG:netmiko:read_channel: 
DEBUG:netmiko:read_channel: 
DEBUG:netmiko:read_channel: 
DEBUG:netmiko:read_channel: 
DEBUG:netmiko:read_channel: 
DEBUG:netmiko:read_channel: 
DEBUG:netmiko:read_channel: 
DEBUG:netmiko:read_channel: 
DEBUG:netmiko:read_channel: 
DEBUG:netmiko:read_channel: 
DEBUG:netmiko:read_channel: 
DEBUG:netmiko:read_channel: 
DEBUG:netmiko:read_channel: 
DEBUG:netmiko:read_channel: 
DEBUG:netmiko:read_channel: 
DEBUG:netmiko:read_channel: 
DEBUG:netmiko:read_channel: 
Current configuration : 3569 bytes
!
version 12.4
service timestamps debug datetime msec
service timestamps log datetime msec
no service password-encryption
!
hostname B1
!
boot-start-marker
boot-end-marker
!
enable secret 5 $1$6F8K$jAmHppdT3277TfbnqgSak0
!
no aaa new-model
memory-size iomem 5
no ip icmp rate-limit unreachable
ip cef
!
!
!
!
no ip domain lookup
ip domain name gns3.lab
ip auth-proxy max-nodata-conns 3
ip admission max-nodata-conns 3
!
!
!
!
!
!
!
!
!
!
!
!
!
!
!
file prompt quiet
username admin password 0 admin
username suhas privilege 15 password 0 cisco123
!
!
ip tcp synwait-time 5
ip ssh version 2
ip scp server enable
! 
!
!
!
!
interface Loopback1
 ip address 1.1.1.1 255.255.255.255
!
interface Loopback11
 ip address 11.11.11.11 255.255.255.255
!
interface Loopback100
 ip address 100.100.100.100 255.255.255.255
!
interface Loopback101
 ip address 101.101.101.101 255.255.255.255
!
interface Loopback110
 ip address 110.110.
DEBUG:netmiko:read_channel: 
DEBUG:netmiko:read_channel: 
Current configuration : 3105 bytes
!
version 15.2
service timestamps debug datetime msec
service timestamps log datetime msec
!
hostname CR-R2
!
boot-start-marker
boot-end-marker
!
!
enable secret 5 $1$i..4$rZ2z9h4GAg9loR94iXdlL/
!
no aaa new-model
no ip icmp rate-limit unreachable
ip cef
!
!
!
!
!
!
no ip domain lookup
ip domain name gns3.lab
no ipv6 cef
!
!
multilink bundle-name authenticated
!
!
file prompt quiet
!
!
!
!
!
username admin password 0 admin
username suhas privilege 15 password 0 cisco123
!
!
ip tcp synwait-time 5
ip ssh version 2
ip scp server enable
! 
!
!
!
!
!
!
!
!
!
!
!
interface Loopback190
 ip address 190.1.1.4 255.255.255.255
!
interface FastEthernet0/0
 ip address 172.16.2.1 255.255.255.252
 duplex full
!
interface FastEthernet1/0
 ip address 192.168.1.2 255.255.255.0
 speed auto
 duplex full
!
interface FastEthernet1/1
 no ip address
 shutdown
 speed auto
 duplex full
!
interface FastEthernet2/0
 no ip address
 shutdown
 speed auto
 duplex full
!
interface FastEthernet2/1
 no ip address
 shutdown
 speed auto
 duplex full
!
interface FastEthernet3/0
 description *****MNGMT*****
 ip address 123.123.1.14 255.255.255.0
 speed auto
 duplex full
!
interface FastEthernet3/1
 no ip address
 shutdown
 speed auto
 duplex full
!
!
router eigrp 100
 network 190.1.1.4 0.0.0.0
 network 192.168.1.0
 redistribute static
 redistribute bgp 4000 metric 1000 1 255 1 1500
!
router bgp 4000
 bgp log-neighbor-changes
 network 172.16.2.0 mask 255.255.255.252
 network 190.1.1.4 mask 255.255.255.255
 redistribute connected
 redistribute static
 redistribute eigrp 100
 neighbor 172.16.2.2 remote-as 3000
 neighbor 172.16.2.2 next-hop-self
!
ip forward-protocol nd
!
!
no ip http server
no ip http secure-server
!
ip access-list extended interface_acl
 remark Allow EAPoUDP
 permit udp any any eq 21862
 remark Allow DHCP
 permit udp any eq bootpc any eq bootps
 remark Allow DNS
 permit udp any any eq domain
 remark Allow HTTP access to update server
 permit tcp any host 10.0.200.30 eq www
 remark Allow ICMP for test purposes
 permit icmp any any
 remark Implicit Deny
 deny   ip any any
 permit tcp any host 190.1.1.9 eq www
 permit tcp any host 191.191.191.191 eq www
 permit tcp any host 192.192.192.192 eq www
 permit tcp any host 193.193.193.193 eq www
 permit tcp any host 194.194.194.194 eq www
 permit tcp any host 195.195.195.195 eq www
 permit tcp any host 196.196.196.196 eq www
 permit tcp any host 197.197.197.197 eq www
 permit tcp any host 198.198.198.198 eq www
 permit tcp any host 199.199.199.199 eq www
!
access-list 102 deny   tcp any any eq ftp
access-list 102 deny   tcp any any eq ftp-data
access-list 102 deny   tcp any any eq telnet
access-list 102 deny   tcp any any eq www
access-list 102 deny   tcp any any eq whois
access-list 102 deny   tcp any any eq talk
access-list 102 deny   tcp any any eq gopher
access-list 102 permit ip any any
!
!
!
control-plane
!
!
line con 0
 exec-timeout 0 0
 privilege level 15
 logging synchronous
 stopbits 1
line aux 0
 exec-timeout 0 0
 privilege level 15
 logging synchronous
 stopbits 1
line vty 0 4
 login local
 transport input ssh
!
!
end

CR-R2#
DEBUG:netmiko:read_channel: 
DEBUG:netmiko:read_channel: 
DEBUG:netmiko:read_channel: 
DEBUG:netmiko:read_channel: 
Current configuration : 3084 bytes
!
version 15.2
service timestamps debug datetime msec
service timestamps log datetime msec
!
hostname CR-R1
!
boot-start-marker
boot-end-marker
!
!
enable secret 5 $1$J5ER$46bCgENUD.e77PisBrQdD.
!
no aaa new-model
no ip icmp rate-limit unreachable
ip cef
!
!
!
!
!
!
no ip domain lookup
ip domain name gns3.lab
no ipv6 cef
!
!
multilink bundle-name authenticated
!
!
file prompt quiet
!
!
!
!
!
username admin password 0 admin
username suhas privilege 15 password 0 cisco123
!
!
ip tcp synwait-time 5
ip ssh version 2
ip scp server enable
! 
!
!
!
!
!
!
!
!
!
!
!
interface Loopback190
 ip address 190.1.1.3 255.255.255.255
!
interface FastEthernet0/0
 ip address 172.16.1.1 255.255.255.252
 duplex full
!
interface FastEthernet1/0
 ip address 192.168.1.1 255.255.255.0
 speed auto
 duplex full
!
interface FastEthernet1/1
 no ip address
 shutdown
 speed auto
 duplex full
!
interface FastEthernet2/0
 no ip address
 shutdown
 speed auto
 duplex full
!
interface FastEthernet2/1
 no ip address
 shutdown
 speed auto
 duplex full
!
interface FastEthernet3/0
 description *****MNGMT*****
 ip address 123.123.1.13 255.255.255.0
 speed auto
 duplex full
!
interface FastEthernet3/1
 no ip address
 shutdown
 speed auto
 duplex full
!
!
router eigrp 100
 network 190.1.1.3 0.0.0.0
 network 192.168.1.0
 redistribute bgp 2000 metric 1000 1 255 1 1500
!
router bgp 2000
 bgp log-neighbor-changes
 network 172.16.1.0 mask 255.255.255.252
 network 190.1.1.3 mask 255.255.255.255
 redistribute connected
 redistribute static
 redistribute eigrp 100
 neighbor 172.16.1.2 remote-as 1000
 neighbor 172.16.1.2 next-hop-self
!
ip forward-protocol nd
!
!
no ip http server
no ip http secure-server
!
ip access-list extended interface_acl
 remark Allow EAPoUDP
 permit udp any any eq 21862
 remark Allow DHCP
 permit udp any eq bootpc any eq bootps
 remark Allow DNS
 permit udp any any eq domain
 remark Allow HTTP access to update server
 permit tcp any host 10.0.200.30 eq www
 remark Allow ICMP for test purposes
 permit icmp any any
 remark Implicit Deny
 deny   ip any any
 permit tcp any host 190.1.1.9 eq www
 permit tcp any host 191.191.191.191 eq www
 permit tcp any host 192.192.192.192 eq www
 permit tcp any host 193.193.193.193 eq www
 permit tcp any host 194.194.194.194 eq www
 permit tcp any host 195.195.195.195 eq www
 permit tcp any host 196.196.196.196 eq www
 permit tcp any host 197.197.197.197 eq www
 permit tcp any host 198.198.198.198 eq www
 permit tcp any host 199.199.199.199 eq www
!
access-list 102 deny   tcp any any eq ftp
access-list 102 deny   tcp any any eq ftp-data
access-list 102 deny   tcp any any eq telnet
access-list 102 deny   tcp any any eq www
access-list 102 deny   tcp any any eq whois
access-list 102 deny   tcp any any eq talk
access-list 102 deny   tcp any any eq gopher
access-list 102 permit ip any any
!
!
!
control-plane
!
!
line con 0
 exec-timeout 0 0
 privilege level 15
 logging synchronous
 stopbits 1
line aux 0
 exec-timeout 0 0
 privilege level 15
 logging synchronous
 stopbits 1
line vty 0 4
 login local
 transport input ssh
!
!
end

CR-R1#
DEBUG:netmiko:read_channel: 
DEBUG:netmiko:read_channel: 
DEBUG:netmiko:read_channel: 
DEBUG:netmiko:write_channel: b'\n'
DEBUG:netmiko:read_channel: 110.110 255.255.255.255
!
interface Loopback111
 ip address 111.111.111.111 255.255.255.255
!
interface Loopback190
 ip address 190.1.1.1 255.255.255.255
!
interface FastEthernet0/0
 ip address 172.16.1.2 255.255.255.252
 speed 100
 full-duplex
!
interface FastEthernet0/1
 no ip address
 shutdown
 duplex auto
 speed auto
!
interface FastEthernet1/0
 no ip address
 shutdown
 duplex auto
 speed auto
!
interface FastEthernet2/0
 no ip address
 shutdown
 duplex auto
 speed auto
!
interface FastEthernet3/0
 description *****MNGMT*****
 ip address 123.123.1.11 255.255.255.0
 duplex auto
 speed auto
!
router bgp 1000
 no synchronization
 bgp log-neighbor-changes
 network 1.1.1.1 mask 255.255.255.255
 network 11.11.11.11 mask 255.255.255.255
 network 100.100.100.100 mask 255.255.255.255
 network 101.101.101.101 mask 255.255.255.255
 network 110.110.110.110 mask 255.255.255.255
 network 111.111.111.111 mask 255.255.255.255
 network 172.16.1.0 mask 255.255.255.252
 network 190.1.1.1 mask 255.255.255.255
 neighbor 172.16.1.1 remote-as 2000
 neighbor 172.16.1.1 default-originate
 default-information originate
 no auto-summary
!
ip forward-protocol nd
!
!
no ip http server
no ip http secure-server
!
ip access-list extended interface_acl
 remark Allow EAPoUDP
 permit udp any any eq 21862
 remark Allow DHCP
 permit udp any eq bootpc any eq bootps
 remark Allow DNS
 permit udp any any eq domain
 remark Allow HTTP access to update server
 permit tcp any host 10.0.200.30 eq www
 remark Allow ICMP for test purposes
 permit icmp any any
 remark Implicit Deny
 deny   ip any any
 permit tcp any host 190.1.1.9 eq www
 permit tcp any host 191.191.191.191 eq www
 permit tcp any host 192.192.192.192 eq www
 permit tcp any host 193.193.193.193 eq www
 permit tcp any host 194.194.194.194 eq www
 permit tcp any host 195.195.195.195 eq www
 permit tcp any host 196.196.196.196 eq www
 permit tcp any host 197.197.197.197 eq www
 permit tcp any host 198.198.198.198 eq www
 permit tcp any host 199.199.199.199 eq www
!
access-list 102 deny   tcp any any eq ftp
access-list 102 deny   tcp any any eq ftp-data
access-list 102 deny   tcp any any eq telnet
access-list 102 deny   tcp any any eq www
access-list 102 deny   tcp any any eq whois
access-list 102 deny   tcp any any eq talk
access-list 102 deny   tcp any any eq gopher
access-list 102 permit ip any any
no cdp log mismatch duplex
!
!
!
control-plane
!
!
!
!
!
!
!
!
!
!
line con 0
 exec-timeout 0 0
 privilege level 15
 logging synchronous
line aux 0
 exec-timeout 0 0
 privilege level 15
 logging synchronous
line vty 0 3
 login local
line vty 4
 login local
 transport input ssh
!
!
end

B1#
DEBUG:netmiko:read_channel: 
DEBUG:netmiko:write_channel: b'\n'
DEBUG:netmiko:read_channel: 
DEBUG:netmiko:read_channel: 
CR-R2#
DEBUG:netmiko:read_channel: 
DEBUG:netmiko:read_channel: 
DEBUG:netmiko:read_channel: 
DEBUG:netmiko:write_channel: b'\n'
DEBUG:netmiko:read_channel: 
DEBUG:netmiko:read_channel: 
DEBUG:netmiko:read_channel: 
CR-R1#
DEBUG:netmiko:read_channel: 
DEBUG:netmiko:read_channel: 
B1#
DEBUG:netmiko:read_channel: 
Current configuration : 4919 bytes
!
version 15.2
service timestamps debug datetime msec
service timestamps log datetime msec
!
hostname DC
!
boot-start-marker
boot-end-marker
!
!
enable secret 5 $1$0GG.$wX7GdL4sBKwe.Y3TpOk9D/
!
no aaa new-model
no ip icmp rate-limit unreachable
ip cef
!
!
!
!
!
!
no ip domain lookup
ip domain name gns3.lab
no ipv6 cef
!
!
multilink bundle-name authenticated
!
!
file prompt quiet
!
!
!
!
!
username admin password 0 admin
username suhas privilege 15 password 0 cisco123
!
!
ip tcp synwait-time 5
ip ssh version 2
ip scp server enable
! 
!
!
!
!
!
!
!
!
!
!
!
interface Loopback190
 ip address 190.1.1.9 255.255.255.255
!
interface Loopback191
 ip address 191.191.191.191 255.255.255.255
!
interface Loopback192
 ip address 192.192.192.192 255.255.255.255
!
interface Loopback193
 ip address 193.193.193.193 255.255.255.255
!
interface Loopback194
 ip address 194.194.194.194 255.255.255.255
!
interface Loopback195
 ip address 195.195.195.195 255.255.255.255
!
interface Loopback196
 ip address 196.196.196.196 255.255.255.255
!
interface Loopback199
 ip address 199.199.199.199 255.255.255.255
!
interface FastEthernet0/0
 ip address 192.168.250.1 255.255.255.252
 duplex full
!
interface FastEthernet1/0
 no ip address
 shutdown
 speed auto
 duplex full
!
interface FastEthernet1/1
 no ip address
 shutdown
 speed auto
 duplex full
!
interface FastEthernet2/0
 no ip address
 shutdown
 speed auto
 duplex full
!
interface FastEthernet2/1
 no ip address
 shutdown
 speed auto
 duplex full
!
interface FastEthernet3/0
 description *****MNGMT*****
 ip address 123.123.1.19 255.255.255.0
 speed auto
 duplex full
!
interface FastEthernet3/1
 no ip address
 shutdown
 speed auto
 duplex full
!
ip forward-protocol nd
!
!
no ip http server
no ip http secure-server
ip route 1.1.1.1 255.255.255.255 192.168.250.2 tag 900
ip route 2.2.2.2 255.255.255.255 192.168.250.2 tag 900
ip route 22.22.22.22 255.255.255.255 192.168.250.2 tag 900
ip route 92.168.230.1 255.255.255.255 192.168.250.2 tag 900
ip route 100.100.100.100 255.255.255.255 192.168.250.2 tag 900
ip route 101.101.101.101 255.255.255.255 192.168.250.2 tag 900
ip route 110.110.110.110 255.255.255.255 192.168.250.2 tag 900
ip route 111.111.111.111 255.255.255.255 192.168.250.2 tag 900
ip route 151.151.151.151 255.255.255.255 192.168.250.2 tag 900
ip route 152.152.152.152 255.255.255.255 192.168.250.2 tag 900
ip route 153.153.153.153 255.255.255.255 192.168.250.2 tag 900
ip route 154.154.154.154 255.255.255.255 192.168.250.2 tag 900
ip route 155.155.155.155 255.255.255.255 192.168.250.2 tag 900
ip route 156.156.156.156 255.255.255.255 192.168.250.2 tag 900
ip route 157.157.157.157 255.255.255.255 192.168.250.2 tag 900
ip route 158.158.158.158 255.255.255.255 192.168.250.2 tag 900
ip route 172.16.1.1 255.255.255.255 192.168.250.2 tag 900
ip route 172.16.2.1 255.255.255.255 192.168.250.2 tag 900
ip route 190.1.1.1 255.255.255.255 192.168.250.2 tag 900
ip route 190.1.1.2 255.255.255.255 192.168.250.2 tag 900
ip route 190.1.1.3 255.255.255.255 192.168.250.2 tag 900
ip route 190.1.1.4 255.255.255.255 192.168.250.2 tag 900
ip route 190.1.1.6 255.255.255.255 192.168.250.2 tag 900
ip route 192.168.1.1 255.255.255.255 192.168.250.2 tag 900
ip route 192.168.1.2 255.255.255.255 192.168.250.2 tag 900
ip route 192.168.200.1 255.255.255.255 192.168.250.2 tag 900
ip route 202.202.202.202 255.255.255.255 192.168.250.2 tag 900
ip route 220.220.220.220 255.255.255.255 192.168.250.2 tag 900
ip route 222.222.222.222 255.255.255.255 192.168.250.2 tag 900
!
ip access-list extended interface_acl
 remark Allow EAPoUDP
 permit udp any any eq 21862
 remark Allow DHCP
 permit udp any eq bootpc any eq bootps
 remark Allow DNS
 permit udp any any eq domain
 remark Allow HTTP access to update server
 permit tcp any host 10.0.200.30 eq www
 remark Allow ICMP for test purposes
 permit icmp any any
 remark Implicit Deny
 deny   ip any any
 permit tcp any host 190.1.1.9 eq www
 permit tcp any host 191.191.191.191 eq www
 permit tcp any host 192.192.192.192 eq www
 permit tcp any host 193.193.193.193 eq www
 permit tcp any host 194.194.194.194 eq www
 permit tcp any host 195.195.195.195 eq www
 permit tcp any host 196.196.196.196 eq www
 permit tcp any host 197.197.197.197 eq www
 permit tcp any host 198.198.198.198 eq www
 permit tcp any host 199.199.199.199 eq www
!
access-list 102 deny   tcp any any eq ftp
access-list 102 deny   tcp any any eq ftp-data
access-list 102 deny   tcp any any eq telnet
access-list 102 deny   tcp any any eq www
access-list 102 deny   tcp any any eq whois
access-list 102 deny   tcp any any eq talk
access-list 102 deny   tcp any any eq gopher
access-list 102 permit ip any any
!
!
!
control-plane
!
!
line con 0
 exec-timeout 0 0
 privilege level 15
 logging synchronous
 stopbits 1
line aux 0
 exec-timeout 0 0
 privilege level 15
 logging synchronous
 stopbits 1
line vty 0 4
 login local
 transport input ssh
!
!
end

DC#
DEBUG:netmiko:read_channel: 
DEBUG:netmiko:[find_prompt()]: prompt is CR-R2#
DEBUG:netmiko:write_channel: b'\n'
DEBUG:netmiko:read_channel: 
DEBUG:netmiko:read_channel: 
DEBUG:netmiko:read_channel: 
DEBUG:netmiko:read_channel: 
Current configuration : 3681 bytes
!
version 15.2
service timestamps debug datetime msec
service timestamps log datetime msec
!
hostname CAMP-2
!
boot-start-marker
boot-end-marker
!
!
enable secret 5 $1$QAlH$Fdg5xcW3AlGPC1psLQ6wV/
!
no aaa new-model
no ip icmp rate-limit unreachable
ip cef
!
!
!
!
!
!
no ip domain lookup
ip domain name gns3.lab
no ipv6 cef
!
!
multilink bundle-name authenticated
!
!
file prompt quiet
!
!
!
!
!
username admin password 0 admin
username suhas privilege 15 password 0 cisco123
!
!
ip tcp synwait-time 5
ip ssh version 2
ip scp server enable
! 
!
!
!
!
!
!
!
!
!
!
!
interface Loopback161
 ip address 161.161.161.161 255.255.255.255
!
interface Loopback162
 ip address 162.162.162.162 255.255.255.255
!
interface Loopback163
 ip address 163.163.163.163 255.255.255.255
!
interface Loopback164
 ip address 164.164.164.164 255.255.255.255
!
interface Loopback165
 ip address 165.165.165.165 255.255.255.255
!
interface Loopback166
 ip address 166.166.166.166 255.255.255.255
!
interface Loopback167
 ip address 167.167.167.167 255.255.255.255
!
interface Loopback168
 ip address 168.168.168.168 255.255.255.255
!
interface Loopback169
 ip address 169.169.169.169 255.255.255.255
!
interface Loopback190
 ip address 190.1.1.7 255.255.255.255
!
interface FastEthernet0/0
 ip address 192.168.230.1 255.255.255.252
 duplex full
!
interface FastEthernet1/0
 no ip address
 shutdown
 speed auto
 duplex full
!
interface FastEthernet1/1
 no ip address
 shutdown
 speed auto
 duplex full
!
interface FastEthernet2/0
 no ip address
 shutdown
 speed auto
 duplex full
!
interface FastEthernet2/1
 no ip address
 shutdown
 speed auto
 duplex full
!
interface FastEthernet3/0
 description *****MNGMT*****
 ip address 123.123.1.17 255.255.255.0
 speed auto
 duplex full
!
interface FastEthernet3/1
 no ip address
 shutdown
 speed auto
 duplex full
!
!
router eigrp 300
 network 161.161.161.161 0.0.0.0
 network 162.162.162.162 0.0.0.0
 network 163.163.163.163 0.0.0.0
 network 164.164.164.164 0.0.0.0
 network 165.165.165.165 0.0.0.0
 network 166.166.166.166 0.0.0.0
 network 167.167.167.167 0.0.0.0
 network 168.168.168.168 0.0.0.0
 network 169.169.169.169 0.0.0.0
 network 190.1.1.7 0.0.0.0
 network 192.168.230.0 0.0.0.3
!
ip forward-protocol nd
!
!
no ip http server
no ip http secure-server
!
ip access-list extended interface_acl
 remark Allow EAPoUDP
 permit udp any any eq 21862
 remark Allow DHCP
 permit udp any eq bootpc any eq bootps
 remark Allow DNS
 permit udp any any eq domain
 remark Allow HTTP access to update server
 permit tcp any host 10.0.200.30 eq www
 remark Allow ICMP for test purposes
 permit icmp any any
 remark Implicit Deny
 deny   ip any any
 permit tcp any host 190.1.1.9 eq www
 permit tcp any host 191.191.191.191 eq www
 permit tcp any host 192.192.192.192 eq www
 permit tcp any host 193.193.193.193 eq www
 permit tcp any host 194.194.194.194 eq www
 permit tcp any host 195.195.195.195 eq www
 permit tcp any host 196.196.196.196 eq www
 permit tcp any host 197.197.197.197 eq www
 permit tcp any host 198.198.198.198 eq www
 permit tcp any host 199.199.199.199 eq www
!
access-list 102 deny   tcp any any eq ftp
access-list 102 deny   tcp any any eq ftp-data
access-list 102 deny   tcp any any eq telnet
access-list 102 deny   tcp any any eq www
access-list 102 deny   tcp any any eq whois
access-list 102 deny   tcp any any eq talk
access-list 102 deny   tcp any any eq gopher
access-list 102 permit ip any any
!
!
!
control-plane
!
!
line con 0
 exec-timeout 0 0
 privilege level 15
 logging synchronous
 stopbits 1
line aux 0
 exec-timeout 0 0
 privilege level 15
 logging synchronous
 stopbits 1
line vty 0 4
 login local
 transport input ssh
!
!
end

CAMP-2#
DEBUG:netmiko:read_channel: 
DEBUG:netmiko:[find_prompt()]: prompt is CR-R1#
DEBUG:netmiko:write_channel: b'\n'
DEBUG:netmiko:read_channel: 
DEBUG:netmiko:read_channel: 
DEBUG:netmiko:write_channel: b'\n'
DEBUG:netmiko:read_channel: 
CR-R2#
DEBUG:netmiko:read_channel: 
DEBUG:netmiko:[find_prompt()]: prompt is B1#
DEBUG:netmiko:write_channel: b'\n'
DEBUG:netmiko:read_channel: 
DEBUG:netmiko:write_channel: b'\n'
DEBUG:netmiko:read_channel: 
CR-R1#
DEBUG:netmiko:read_channel: 
DC#
DEBUG:netmiko:read_channel: 
DEBUG:netmiko:read_channel: 
Current configuration : 3681 bytes
!
version 15.2
service timestamps debug datetime msec
service timestamps log datetime msec
!
hostname CAMP-1
!
boot-start-marker
boot-end-marker
!
!
enable secret 5 $1$05Vq$r3p416FsB1kWN6zuIKyMN.
!
no aaa new-model
no ip icmp rate-limit unreachable
ip cef
!
!
!
!
!
!
no ip domain lookup
ip domain name gns3.lab
no ipv6 cef
!
!
multilink bundle-name authenticated
!
!
file prompt quiet
!
!
!
!
!
username admin password 0 admin
username suhas privilege 15 password 0 cisco123
!
!
ip tcp synwait-time 5
ip ssh version 2
ip scp server enable
! 
!
!
!
!
!
!
!
!
!
!
!
interface Loopback151
 ip address 151.151.151.151 255.255.255.255
!
interface Loopback152
 ip address 152.152.152.152 255.255.255.255
!
interface Loopback153
 ip address 153.153.153.153 255.255.255.255
!
interface Loopback154
 ip address 154.154.154.154 255.255.255.255
!
interface Loopback155
 ip address 155.155.155.155 255.255.255.255
!
interface Loopback156
 ip address 156.156.156.156 255.255.255.255
!
interface Loopback157
 ip address 157.157.157.157 255.255.255.255
!
interface Loopback158
 ip address 158.158.158.158 255.255.255.255
!
interface Loopback159
 ip address 159.159.159.159 255.255.255.255
!
interface Loopback190
 ip address 190.1.1.6 255.255.255.255
!
interface FastEthernet0/0
 ip address 192.168.200.1 255.255.255.252
 duplex full
!
interface FastEthernet1/0
 no ip address
 shutdown
 speed auto
 duplex full
!
interface FastEthernet1/1
 no ip address
 shutdown
 speed auto
 duplex full
!
interface FastEthernet2/0
 no ip address
 shutdown
 speed auto
 duplex full
!
interface FastEthernet2/1
 no ip address
 shutdown
 speed auto
 duplex full
!
interface FastEthernet3/0
 description *****MNGMT*****
 ip address 123.123.1.16 255.255.255.0
 speed auto
 duplex full
!
interface FastEthernet3/1
 no ip address
 shutdown
 speed auto
 duplex full
!
!
router eigrp 200
 network 151.151.151.151 0.0.0.0
 network 152.152.152.152 0.0.0.0
 network 153.153.153.153 0.0.0.0
 network 154.154.154.154 0.0.0.0
 network 155.155.155.155 0.0.0.0
 network 156.156.156.156 0.0.0.0
 network 157.157.157.157 0.0.0.0
 network 158.158.158.158 0.0.0.0
 network 159.159.159.159 0.0.0.0
 network 190.1.1.6 0.0.0.0
 network 192.168.200.0 0.0.0.3
!
ip forward-protocol nd
!
!
no ip http server
no ip http secure-server
!
ip access-list extended interface_acl
 remark Allow EAPoUDP
 permit udp any any eq 21862
 remark Allow DHCP
 permit udp any eq bootpc any eq bootps
 remark Allow DNS
 permit udp any any eq domain
 remark Allow HTTP access to update server
 permit tcp any host 10.0.200.30 eq www
 remark Allow ICMP for test purposes
 permit icmp any any
 remark Implicit Deny
 deny   ip any any
 permit tcp any host 190.1.1.9 eq www
 permit tcp any host 191.191.191.191 eq www
 permit tcp any host 192.192.192.192 eq www
 permit tcp any host 193.193.193.193 eq www
 permit tcp any host 194.194.194.194 eq www
 permit tcp any host 195.195.195.195 eq www
 permit tcp any host 196.196.196.196 eq www
 permit tcp any host 197.197.197.197 eq www
 permit tcp any host 198.198.198.198 eq www
 permit tcp any host 199.199.199.199 eq www
!
access-list 102 deny   tcp any any eq ftp
access-list 102 deny   tcp any any eq ftp-data
access-list 102 deny   tcp any any eq telnet
access-list 102 deny   tcp any any eq www
access-list 102 deny   tcp any any eq whois
access-list 102 deny   tcp any any eq talk
access-list 102 deny   tcp any any eq gopher
access-list 102 permit ip any any
!
!
!
control-plane
!
!
line con 0
 exec-timeout 0 0
 privilege level 15
 logging synchronous
 stopbits 1
line aux 0
 exec-timeout 0 0
 privilege level 15
 logging synchronous
 stopbits 1
line vty 0 4
 login local
 transport input ssh
!
!
end

CAMP-1#
DEBUG:netmiko:read_channel: 
DEBUG:netmiko:read_channel: 
DEBUG:netmiko:read_channel: 
B1#
DEBUG:netmiko:read_channel: 
CAMP-2#
DEBUG:netmiko:read_channel: 
DEBUG:netmiko:read_channel: 
Current configuration : 3347 bytes
!
version 15.2
service timestamps debug datetime msec
service timestamps log datetime msec
!
hostname B2
!
boot-start-marker
boot-end-marker
!
!
enable secret 5 $1$EOOT$bRs3k5uVIYPG9MdQetnMH.
!
aaa new-model
!
!
aaa authentication login default local
aaa authorization exec default local if-authenticated 
aaa accounting exec default
!
!
!
!
!
!
aaa session-id common
no ip icmp rate-limit unreachable
ip cef
!
!
!
!
!
!
no ip domain lookup
ip domain name gns3.lab
no ipv6 cef
!
!
multilink bundle-name authenticated
!
!
file prompt quiet
!
!
!
!
!
username admin password 0 admin
username suhas privilege 15 password 0 cisco123
!
!
ip tcp synwait-time 5
ip scp server enable
! 
!
!
!
!
!
!
!
!
!
!
!
interface Loopback2
 ip address 2.2.2.2 255.255.255.255
!
interface Loopback22
 ip address 22.22.22.22 255.255.255.255
!
interface Loopback190
 ip address 190.1.1.2 255.255.255.255
!
interface Loopback200
 ip address 100.100.100.100 255.255.255.255
!
interface Loopback202
 ip address 202.202.202.202 255.255.255.255
!
interface Loopback220
 ip address 220.220.220.220 255.255.255.255
!
interface Loopback222
 ip address 222.222.222.222 255.255.255.255
!
interface FastEthernet0/0
 ip address 172.16.2.2 255.255.255.252
 duplex full
!
interface FastEthernet1/0
 no ip address
 shutdown
 speed auto
 duplex auto
!
interface FastEthernet1/1
 no ip address
 shutdown
 speed auto
 duplex auto
!
interface FastEthernet2/0
 no ip address
 shutdown
 speed auto
 duplex auto
!
interface FastEthernet2/1
 no ip address
 shutdown
 speed auto
 duplex auto
!
interface FastEthernet3/0
 ip address 123.123.1.12 255.255.255.0
 speed auto
 duplex auto
!
interface FastEthernet3/1
 no ip address
 shutdown
 speed auto
 duplex auto
!
router rip
 network 0.0.0.0
!
router bgp 3000
 bgp log-neighbor-changes
 network 2.2.2.2 mask 255.255.255.255
 network 22.22.22.22 mask 255.255.255.255
 network 172.16.1.0 mask 255.255.255.252
 network 190.1.1.2 mask 255.255.255.255
 network 200.200.200.200 mask 255.255.255.255
 network 202.202.202.202 mask 255.255.255.255
 network 220.220.220.220 mask 255.255.255.255
 network 222.222.222.222 mask 255.255.255.255
 neighbor 172.16.2.1 remote-as 4000
 neighbor 172.16.2.1 default-originate
 default-information originate
!
ip forward-protocol nd
!
!
no ip http server
no ip http secure-server
!
ip access-list extended interface_acl
 remark Allow EAPoUDP
 permit udp any any eq 21862
 remark Allow DHCP
 permit udp any eq bootpc any eq bootps
 remark Allow DNS
 permit udp any any eq domain
 remark Allow HTTP access to update server
 permit tcp any host 10.0.200.30 eq www
 remark Allow ICMP for test purposes
 permit icmp any any
 remark Implicit Deny
 deny   ip any any
!
access-list 102 deny   tcp any any eq ftp
access-list 102 deny   tcp any any eq ftp-data
access-list 102 deny   tcp any any eq telnet
access-list 102 deny   tcp any any eq www
access-list 102 deny   tcp any any eq whois
access-list 102 deny   tcp any any eq talk
access-list 102 deny   tcp any any eq gopher
access-list 102 permit ip any any
!
!
!
!
control-plane
!
banner motd ^COnly Authorized Users granted. Unauthorized access prohibited!^C
!
line con 0
 exec-timeout 0 0
 privilege level 15
 logging synchronous
 stopbits 1
line aux 0
 exec-timeout 0 0
 privilege level 15
 logging synchronous
 stopbits 1
line vty 0 4
 transport input ssh
!
!
end

B2#
DEBUG:netmiko:read_channel: 
DEBUG:netmiko:write_channel: b'\n'
DEBUG:netmiko:read_channel: 
DEBUG:netmiko:read_channel: 
DEBUG:netmiko:write_channel: b'\n'
DEBUG:netmiko:read_channel: 
DEBUG:netmiko:[find_prompt()]: prompt is DC#
DEBUG:netmiko:write_channel: b'\n'
DEBUG:netmiko:read_channel: 
CAMP-1#
DEBUG:netmiko:read_channel: 
DEBUG:netmiko:read_channel: 
Current configuration : 4726 bytes
!
version 15.2
service timestamps debug datetime msec
service timestamps log datetime msec
!
hostname SD-WN
!
boot-start-marker
boot-end-marker
!
!
enable secret 5 $1$BB11$ZRC4nDH3N0R8Q4EoUxmRw0
!
no aaa new-model
no ip icmp rate-limit unreachable
ip cef
!
!
!
!
!
!
no ip domain lookup
ip domain name gns3.lab
no ipv6 cef
!
!
multilink bundle-name authenticated
!
!
file prompt quiet
!
!
!
!
!
username admin password 0 admin
username suhas privilege 15 password 0 cisco123
!
!
ip tcp synwait-time 5
ip ssh version 2
ip scp server enable
! 
!
!
!
!
!
!
!
!
!
!
!
interface Loopback171
 ip address 171.171.171.171 255.255.255.255
!
interface Loopback172
 ip address 172.172.172.172 255.255.255.255
!
interface Loopback173
 ip address 173.173.173.173 255.255.255.255
!
interface Loopback174
 ip address 174.174.174.174 255.255.255.255
!
interface Loopback175
 ip address 175.175.175.175 255.255.255.255
!
interface Loopback176
 ip address 176.176.176.176 255.255.255.255
!
interface Loopback177
 ip address 177.177.177.177 255.255.255.255
!
interface Loopback178
 ip address 178.178.178.178 255.255.255.255
!
interface Loopback179
 ip address 179.179.179.179 255.255.255.255
!
interface Loopback180
 ip address 180.180.180.180 255.255.255.255
!
interface Loopback181
 ip address 181.181.181.181 255.255.255.255
!
interface Loopback182
 ip address 182.182.182.182 255.255.255.255
!
interface Loopback183
 ip address 183.183.183.183 255.255.255.255
!
interface Loopback184
 ip address 184.184.184.184 255.255.255.255
!
interface Loopback185
 ip address 185.185.185.185 255.255.255.255
!
interface Loopback186
 ip address 186.186.186.186 255.255.255.255
!
interface Loopback188
 ip address 188.188.188.188 255.255.255.255
!
interface Loopback189
 ip address 189.189.189.189 255.255.255.255
!
interface Loopback190
 ip address 190.1.1.8 255.255.255.255
!
interface FastEthernet0/0
 ip address 192.188.188.1 255.255.255.252
 duplex full
!
interface FastEthernet1/0
 no ip address
 shutdown
 speed auto
 duplex full
!
interface FastEthernet1/1
 no ip address
 shutdown
 speed auto
 duplex full
!
interface FastEthernet2/0
 no ip address
 shutdown
 speed auto
 duplex full
!
interface FastEthernet2/1
 no ip address
 shutdown
 speed auto
 duplex full
!
interface FastEthernet3/0
 description *****MNGMT*****
 ip address 123.123.1.18 255.255.255.0
 speed auto
 duplex full
!
interface FastEthernet3/1
 no ip address
 shutdown
 speed auto
 duplex full
!
router ospf 400
 network 171.171.171.171 0.0.0.0 area 0
 network 172.172.172.172 0.0.0.0 area 0
 network 173.173.173.173 0.0.0.0 area 0
 network 174.174.174.174 0.0.0.0 area 0
 network 175.175.175.175 0.0.0.0 area 0
 network 176.176.176.176 0.0.0.0 area 0
 network 177.177.177.177 0.0.0.0 area 0
 network 178.178.178.178 0.0.0.0 area 0
 network 179.179.179.179 0.0.0.0 area 0
 network 180.180.180.180 0.0.0.0 area 0
 network 181.181.181.181 0.0.0.0 area 0
 network 182.182.182.182 0.0.0.0 area 0
 network 183.183.183.183 0.0.0.0 area 0
 network 184.184.184.184 0.0.0.0 area 0
 network 185.185.185.185 0.0.0.0 area 0
 network 186.186.186.186 0.0.0.0 area 0
 network 188.188.188.188 0.0.0.0 area 0
 network 189.189.189.189 0.0.0.0 area 0
 network 190.1.1.8 0.0.0.0 area 0
 network 192.188.188.0 0.0.0.3 area 0
!
ip forward-protocol nd
!
!
no ip http server
no ip http secure-server
!
ip access-list extended interface_acl
 remark Allow EAPoUDP
 permit udp any any eq 21862
 remark Allow DHCP
 permit udp any eq bootpc any eq bootps
 remark Allow DNS
 permit udp any any eq domain
 remark Allow HTTP access to update server
 permit tcp any host 10.0.200.30 eq www
 remark Allow ICMP for test purposes
 permit icmp any any
 remark Implicit Deny
 deny   ip any any
 permit tcp any host 190.1.1.9 eq www
 permit tcp any host 191.191.191.191 eq www
 permit tcp any host 192.192.192.192 eq www
 permit tcp any host 193.193.193.193 eq www
 permit tcp any host 194.194.194.194 eq www
 permit tcp any host 195.195.195.195 eq www
 permit tcp any host 196.196.196.196 eq www
 permit tcp any host 197.197.197.197 eq www
 permit tcp any host 198.198.198.198 eq www
 permit tcp any host 199.199.199.199 eq www
!
access-list 102 deny   tcp any any eq ftp
access-list 102 deny   tcp any any eq ftp-data
access-list 102 deny   tcp any any eq telnet
access-list 102 deny   tcp any any eq www
access-list 102 deny   tcp any any eq whois
access-list 102 deny   tcp any any eq talk
access-list 102 deny   tcp any any eq gopher
access-list 102 permit ip any any
!
!
!
control-plane
!
!
line con 0
 exec-timeout 0 0
 privilege level 15
 logging synchronous
 stopbits 1
line aux 0
 exec-timeout 0 0
 privilege level 15
 logging synchronous
 stopbits 1
line vty 0 4
 login local
 transport input ssh
!
!
end

SD-WN#
DEBUG:netmiko:read_channel: 
DEBUG:netmiko:[find_prompt()]: prompt is CAMP-2#
DEBUG:netmiko:write_channel: b'\n'
DEBUG:netmiko:read_channel: 
B2#
DEBUG:netmiko:read_channel: 
DC#
DEBUG:netmiko:read_channel: 
DEBUG:netmiko:write_channel: b'\n'
DEBUG:netmiko:read_channel: 
CAMP-2#
DEBUG:netmiko:read_channel: 
DEBUG:netmiko:read_channel: 
DEBUG:netmiko:[find_prompt()]: prompt is CAMP-1#
DEBUG:netmiko:write_channel: b'\n'
DEBUG:netmiko:read_channel: 
DEBUG:netmiko:read_channel: 
SD-WN#
DEBUG:netmiko:read_channel: 
DEBUG:netmiko:read_channel: 
DEBUG:netmiko:[find_prompt()]: prompt is B2#
DEBUG:netmiko:write_channel: b'\n'
DEBUG:netmiko:read_channel: 
CAMP-1#
DEBUG:netmiko:read_channel: 
B2#
DEBUG:netmiko:read_channel: 
DEBUG:netmiko:read_channel: 
DEBUG:netmiko:read_channel: 
DEBUG:netmiko:[find_prompt()]: prompt is SD-WN#
DEBUG:netmiko:write_channel: b'\n'
DEBUG:netmiko:read_channel: 
DEBUG:netmiko:read_channel: 
SD-WN#
DEBUG:netmiko:read_channel: 
DEBUG:netmiko:read_channel: 
DEBUG:netmiko:read_channel: 
DEBUG:netmiko:read_channel: 
DEBUG:netmiko:read_channel: 
Current configuration : 6678 bytes
!
version 12.4
service timestamps debug datetime msec
service timestamps log datetime msec
no service password-encryption
!
hostname CR-SW1
!
boot-start-marker
boot-end-marker
!
enable secret 5 $1$8.RH$ynW0vME59CauVj5FOaHK5.
!
no aaa new-model
memory-size iomem 5
no ip icmp rate-limit unreachable
ip cef
!
!
!
!
no ip domain lookup
ip domain name gns3.lab
!
multilink bundle-name authenticated
!
!
!
!
!
!
!
!
!
!
!
!
!
!
!
!
!
!
!
!
!
file prompt quiet
username admin password 0 admin
username suhas privilege 15 password 0 cisco123
archive
 log config
  hidekeys
! 
!
!
!
ip tcp synwait-time 5
ip scp server enable
!
!
!
!
interface Loopback190
 ip address 190.1.1.5 255.255.255.0
!
interface FastEthernet0/0
 ip address 123.123.1.15 255.255.255.0
 duplex auto
 speed 100
!
interface FastEthernet0/1
 no ip address
 shutdown
 duplex auto
 speed auto
!
interface FastEthernet1/0
 switchport access vlan 100
 speed 100
!
interface FastEthernet1/1
 switchport access vlan 100
 speed 100
!
interface FastEthernet1/2
 switchport access vlan 200
 speed 100
!
interface FastEthernet1/3
 switchport access vlan 300
 speed 100
!
interface FastEthernet1/4
 switchport access vlan 400
 speed 100
!
interface FastEthernet1/5
 switchport access vlan 1000
 speed 100
!
interface FastEthernet1/6
 speed 100
!
interface FastEthernet1/7
 speed 100
!
interface FastEthernet1/8
 speed 100
!
interface FastEthernet1/9
 speed 100
!
interface FastEthernet1/10
 speed 100
!
interface FastEthernet1/11
 speed 100
!
interface FastEthernet1/12
 speed 100
!
interface FastEthernet1/13
 speed 100
!
interface FastEthernet1/14
 speed 100
!
interface FastEthernet1/15
 speed 100
!
interface Vlan1
 no ip address
!
interface Vlan100
 description ***EIGRP-100-Process***
 ip address 192.168.1.100 255.255.255.0
!
interface Vlan200
 ip address 192.168.200.2 255.255.255.252
!
interface Vlan300
 ip address 192.168.230.2 255.255.255.252
!
interface Vlan400
 ip address 192.188.188.2 255.255.255.252
!
interface Vlan1000
 ip address 192.168.250.2 255.255.255.252
!
router eigrp 200
 redistribute eigrp 300 route-map EIGRP300-->EIGRP200
 redistribute ospf 400 metric 100000 10 255 1 1500 route-map OSPF400-->EIGRP100
 redistribute eigrp 100 route-map EIGRP100-->EIGRP200
 network 192.168.200.0 0.0.0.3
 no auto-summary
!
router eigrp 300
 redistribute eigrp 200 route-map EIGRP200-->EIGRP300
 redistribute ospf 400 metric 100000 10 255 1 1500 route-map OSPF400-->EIGRP100
 redistribute eigrp 100 route-map EIGRP100-->EIGRP300
 network 192.168.230.0 0.0.0.3
 no auto-summary
!
router eigrp 100
 redistribute static route-map STATIC-->EIGRP100
 redistribute eigrp 200 route-map EIGRP200-->EIGRP100
 redistribute eigrp 300 route-map EIGRP300-->EIGRP100
 redistribute ospf 400 metric 100000 10 255 1 1500 route-map OSPF400-->EIGRP100
 network 190.1.1.5 0.0.0.0
 network 192.168.1.0
 auto-summary
!
router ospf 400
 log-adjacency-changes
 redistribute eigrp 200 subnets route-map EIGRP200-->OSPF400
 redistribute eigrp 300 subnets route-map EIGRP300-->OSPF400
 redistribute eigrp 100 metric 1 subnets route-map EIGRP100-->OSPF400
 network 192.188.188.0 0.0.0.3 area 0
!
ip forward-protocol nd
ip route 190.1.1.9 255.255.255.255 192.168.250.1
ip route 191.191.191.191 255.255.255.255 192.168.250.1
ip route 192.192.192.192 255.255.255.255 192.168.250.1
ip route 193.193.193.193 255.255.255.255 192.168.250.1
ip route 194.194.194.194 255.255.255.255 192.168.250.1
ip route 195.195.195.195 255.255.255.255 192.168.250.1
ip route 196.196.196.196 255.255.255.255 192.168.250.1
ip route 197.197.197.197 255.255.255.255 192.168.250.1
ip route 198.198.198.198 255.255.255.255 192.168.250.1
ip route 199.199.199.199 255.255.255.255 192.168.250.1
!
!
no ip http server
no ip http secure-server
!
ip access-list extended interface_acl
 remark Allow EAPoUDP
 permit udp any any eq 21862
 remark Allow DHCP
 permit udp any eq bootpc any eq bootps
 remark Allow DNS
 permit udp any any eq domain
 remark Allow HTTP access to update server
 permit tcp any host 10.0.200.30 eq www
 remark Allow ICMP for test purposes
 permit icmp any any
 remark Implicit Deny
 deny   ip any any
 permit tcp any host 190.1.1.9 eq www
 permit tcp any host 191.191.191.191 eq www
 permit tcp any host 192.192.192.192 eq www
 permit tcp any host 193.193.193.193 eq www
 permit tcp any host 194.194.194.194 eq www
 permit tcp any host 195.195.195.195 eq www
 permit tcp any host 196.196.196.196 eq www
 permit tcp any host 197.197.197.197 eq www
 permit tcp any host 198.198.198.198 eq www
 permit tcp any host 199.199.199.199 eq www
!
!
ip prefix-list STATIC-->EIGRP100 seq 1 permit 0.0.0.0/0 le 32
ip prefix-list STATIC-->EIGRP100 seq 5 permit 0.0.0.0/0 ge 30
access-list 102 deny   tcp any any eq ftp
access-list 102 deny   tcp any any eq ftp-data
access-list 102 deny   tcp any any eq telnet
access-list 102 deny   tcp any any 
DEBUG:netmiko:read_channel: eq www
access-list 102 deny   tcp any any eq whois
access-list 102 deny   tcp any any eq talk
access-list 102 deny   tcp any any eq gopher
access-list 102 permit ip any any
no cdp log mismatch duplex
!
!
!
route-map EIGRP100-->EIGRP300 permit 5
 set tag 100
!
route-map EIGRP100-->EIGRP300 deny 10
 match tag 400
!
route-map EIGRP100-->EIGRP300 deny 15
 match tag 200 300
!
route-map EIGRP100-->EIGRP300 permit 25
 match tag 100 200 300
!
route-map EIGRP300-->EIGRP100 permit 5
 set tag 300
!
route-map EIGRP300-->EIGRP100 deny 10
 match tag 400
!
route-map EIGRP300-->EIGRP100 deny 15
 match tag 100 200
!
route-map EIGRP100-->EIGRP200 permit 5
 set tag 100
!
route-map EIGRP100-->EIGRP200 deny 10
 match tag 400
!
route-map EIGRP200-->EIGRP100 permit 5
 set tag 200
!
route-map EIGRP200-->EIGRP100 deny 10
 match tag 400
!
route-map EIGRP200-->EIGRP100 deny 15
 match tag 100 300
!
route-map EIGRP200-->EIGRP300 permit 5
 set tag 200
!
route-map EIGRP200-->EIGRP300 deny 10
 match tag 400
!
route-map EIGRP200-->EIGRP300 deny 15
 match tag 100 300
!
route-map EIGRP300-->EIGRP200 permit 5
 set tag 300
!
route-map EIGRP300-->EIGRP200 deny 10
 match tag 400
!
route-map EIGRP300-->EIGRP200 deny 15
 match tag 100 200
!
route-map EIGRP300-->EIGRP200 permit 25
 match tag 200 300
!
route-map STATIC-->EIGRP100 permit 10
 match ip address prefix-list STATIC-->EIGRP100
!
route-map EIGRP100-->OSPF400 permit 20
 set tag 100
!
route-map OSPF400-->EIGRP100 permit 20
 set tag 400
!
route-map EIGRP300-->OSPF400 permit 20
 set tag 300
!
route-map EIGRP200-->OSPF400 permit 20
 set tag 200
!
!
!
!
control-plane
!
!
!
!
!
!
!
!
!
!
line con 0
 exec-timeout 0 0
 privilege level 15
 logging synchronous
line aux 0
 exec-timeout 0 0
 privilege level 15
 logging synchronous
line vty 0 4
 login local
 transport input ssh
!
!
end

CR-SW1#
DEBUG:netmiko:read_channel: 
DEBUG:netmiko:write_channel: b'\n'
DEBUG:netmiko:read_channel: 
CR-SW1#
DEBUG:netmiko:read_channel: 
DEBUG:netmiko:write_channel: b'exit\n'
DEBUG:paramiko.transport:EOF in transport thread
DEBUG:netmiko:read_channel: 
DEBUG:netmiko:[find_prompt()]: prompt is CR-SW1#
DEBUG:netmiko:write_channel: b'\n'
DEBUG:netmiko:read_channel: 
DEBUG:netmiko:write_channel: b'exit\n'
DEBUG:paramiko.transport:EOF in transport thread
DEBUG:netmiko:read_channel: 
CR-SW1#
DEBUG:netmiko:read_channel: 
DEBUG:netmiko:write_channel: b'exit\n'
DEBUG:paramiko.transport:EOF in transport thread
DEBUG:netmiko:read_channel: 
DEBUG:netmiko:read_channel: 
DEBUG:netmiko:write_channel: b'exit\n'
DEBUG:paramiko.transport:EOF in transport thread
DEBUG:netmiko:read_channel: 
DEBUG:netmiko:write_channel: b'exit\n'
DEBUG:paramiko.transport:EOF in transport thread
DEBUG:netmiko:read_channel: 
DEBUG:netmiko:write_channel: b'exit\n'
DEBUG:paramiko.transport:EOF in transport thread
DEBUG:netmiko:read_channel: 
DEBUG:netmiko:write_channel: b'exit\n'
DEBUG:paramiko.transport:EOF in transport thread
DEBUG:netmiko:read_channel: 
DEBUG:netmiko:write_channel: b'exit\n'
DEBUG:paramiko.transport:EOF in transport thread
DEBUG:netmiko:read_channel: 
DEBUG:netmiko:write_channel: b'exit\n'
DEBUG:paramiko.transport:EOF in transport thread
DEBUG:paramiko.transport:starting thread (client mode): 0xf2d3cb20
DEBUG:paramiko.transport:Local version/idstring: SSH-2.0-paramiko_2.7.1
DEBUG:paramiko.transport:Remote version/idstring: SSH-2.0-Cisco-1.25
INFO:paramiko.transport:Connected (version 2.0, client Cisco-1.25)
DEBUG:paramiko.transport:starting thread (client mode): 0xf2d46af0
DEBUG:paramiko.transport:starting thread (client mode): 0xf2d5b610
DEBUG:paramiko.transport:Local version/idstring: SSH-2.0-paramiko_2.7.1
DEBUG:paramiko.transport:Local version/idstring: SSH-2.0-paramiko_2.7.1
DEBUG:paramiko.transport:kex algos:['diffie-hellman-group1-sha1'] server key:['ssh-rsa'] client encrypt:['aes128-cbc', '3des-cbc', 'aes192-cbc', 'aes256-cbc'] server encrypt:['aes128-cbc', '3des-cbc', 'aes192-cbc', 'aes256-cbc'] client mac:['hmac-sha1', 'hmac-sha1-96', 'hmac-md5', 'hmac-md5-96'] server mac:['hmac-sha1', 'hmac-sha1-96', 'hmac-md5', 'hmac-md5-96'] client compress:['none'] server compress:['none'] client lang:[''] server lang:[''] kex follows?False
DEBUG:paramiko.transport:Kex agreed: diffie-hellman-group1-sha1
DEBUG:paramiko.transport:HostKey agreed: ssh-rsa
DEBUG:paramiko.transport:Cipher agreed: aes128-cbc
DEBUG:paramiko.transport:MAC agreed: hmac-sha1
DEBUG:paramiko.transport:Compression agreed: none
DEBUG:paramiko.transport:starting thread (client mode): 0xf2d46310
DEBUG:paramiko.transport:Local version/idstring: SSH-2.0-paramiko_2.7.1
DEBUG:paramiko.transport:starting thread (client mode): 0xf2d3cf70
DEBUG:paramiko.transport:Local version/idstring: SSH-2.0-paramiko_2.7.1
DEBUG:paramiko.transport:Remote version/idstring: SSH-1.99-Cisco-1.25
INFO:paramiko.transport:Connected (version 1.99, client Cisco-1.25)
DEBUG:paramiko.transport:Remote version/idstring: SSH-2.0-Cisco-1.25
INFO:paramiko.transport:Connected (version 2.0, client Cisco-1.25)
DEBUG:paramiko.transport:kex algos:['diffie-hellman-group-exchange-sha1', 'diffie-hellman-group14-sha1', 'diffie-hellman-group1-sha1'] server key:['ssh-rsa'] client encrypt:['aes128-cbc', '3des-cbc', 'aes192-cbc', 'aes256-cbc'] server encrypt:['aes128-cbc', '3des-cbc', 'aes192-cbc', 'aes256-cbc'] client mac:['hmac-sha1', 'hmac-sha1-96', 'hmac-md5', 'hmac-md5-96'] server mac:['hmac-sha1', 'hmac-sha1-96', 'hmac-md5', 'hmac-md5-96'] client compress:['none'] server compress:['none'] client lang:[''] server lang:[''] kex follows?False
DEBUG:paramiko.transport:Kex agreed: diffie-hellman-group-exchange-sha1
DEBUG:paramiko.transport:HostKey agreed: ssh-rsa
DEBUG:paramiko.transport:Cipher agreed: aes128-cbc
DEBUG:paramiko.transport:MAC agreed: hmac-sha1
DEBUG:paramiko.transport:Compression agreed: none
DEBUG:paramiko.transport:kex algos:['diffie-hellman-group1-sha1'] server key:['ssh-rsa'] client encrypt:['aes128-cbc', '3des-cbc', 'aes192-cbc', 'aes256-cbc'] server encrypt:['aes128-cbc', '3des-cbc', 'aes192-cbc', 'aes256-cbc'] client mac:['hmac-sha1', 'hmac-sha1-96', 'hmac-md5', 'hmac-md5-96'] server mac:['hmac-sha1', 'hmac-sha1-96', 'hmac-md5', 'hmac-md5-96'] client compress:['none'] server compress:['none'] client lang:[''] server lang:[''] kex follows?False
DEBUG:paramiko.transport:Kex agreed: diffie-hellman-group1-sha1
DEBUG:paramiko.transport:HostKey agreed: ssh-rsa
DEBUG:paramiko.transport:starting thread (client mode): 0xf2d5bd90
DEBUG:paramiko.transport:Cipher agreed: aes128-cbc
DEBUG:paramiko.transport:MAC agreed: hmac-sha1
DEBUG:paramiko.transport:Compression agreed: none
DEBUG:paramiko.transport:Local version/idstring: SSH-2.0-paramiko_2.7.1
DEBUG:paramiko.transport:Remote version/idstring: SSH-2.0-Cisco-1.25
DEBUG:paramiko.transport:starting thread (client mode): 0xf2d3ca60
DEBUG:paramiko.transport:Remote version/idstring: SSH-2.0-Cisco-1.25
INFO:paramiko.transport:Connected (version 2.0, client Cisco-1.25)
INFO:paramiko.transport:Connected (version 2.0, client Cisco-1.25)
DEBUG:paramiko.transport:Local version/idstring: SSH-2.0-paramiko_2.7.1
DEBUG:paramiko.transport:starting thread (client mode): 0xf2d5b8e0
DEBUG:paramiko.transport:Local version/idstring: SSH-2.0-paramiko_2.7.1
DEBUG:paramiko.transport:kex algos:['diffie-hellman-group-exchange-sha1', 'diffie-hellman-group14-sha1', 'diffie-hellman-group1-sha1'] server key:['ssh-rsa'] client encrypt:['aes128-cbc', '3des-cbc', 'aes192-cbc', 'aes256-cbc'] server encrypt:['aes128-cbc', '3des-cbc', 'aes192-cbc', 'aes256-cbc'] client mac:['hmac-sha1', 'hmac-sha1-96', 'hmac-md5', 'hmac-md5-96'] server mac:['hmac-sha1', 'hmac-sha1-96', 'hmac-md5', 'hmac-md5-96'] client compress:['none'] server compress:['none'] client lang:[''] server lang:[''] kex follows?False
DEBUG:paramiko.transport:Kex agreed: diffie-hellman-group-exchange-sha1
DEBUG:paramiko.transport:HostKey agreed: ssh-rsa
DEBUG:paramiko.transport:Cipher agreed: aes128-cbc
DEBUG:paramiko.transport:MAC agreed: hmac-sha1
DEBUG:paramiko.transport:Compression agreed: none
DEBUG:paramiko.transport:Remote version/idstring: SSH-1.99-Cisco-1.25
INFO:paramiko.transport:Connected (version 1.99, client Cisco-1.25)
DEBUG:paramiko.transport:kex algos:['diffie-hellman-group-exchange-sha1', 'diffie-hellman-group14-sha1', 'diffie-hellman-group1-sha1'] server key:['ssh-rsa'] client encrypt:['aes128-cbc', '3des-cbc', 'aes192-cbc', 'aes256-cbc'] server encrypt:['aes128-cbc', '3des-cbc', 'aes192-cbc', 'aes256-cbc'] client mac:['hmac-sha1', 'hmac-sha1-96', 'hmac-md5', 'hmac-md5-96'] server mac:['hmac-sha1', 'hmac-sha1-96', 'hmac-md5', 'hmac-md5-96'] client compress:['none'] server compress:['none'] client lang:[''] server lang:[''] kex follows?False
DEBUG:paramiko.transport:Kex agreed: diffie-hellman-group-exchange-sha1
DEBUG:paramiko.transport:HostKey agreed: ssh-rsa
DEBUG:paramiko.transport:Cipher agreed: aes128-cbc
DEBUG:paramiko.transport:MAC agreed: hmac-sha1
DEBUG:paramiko.transport:Compression agreed: none
DEBUG:paramiko.transport:Remote version/idstring: SSH-2.0-Cisco-1.25
INFO:paramiko.transport:Connected (version 2.0, client Cisco-1.25)
DEBUG:paramiko.transport:Remote version/idstring: SSH-2.0-Cisco-1.25
INFO:paramiko.transport:Connected (version 2.0, client Cisco-1.25)
DEBUG:paramiko.transport:kex algos:['diffie-hellman-group-exchange-sha1', 'diffie-hellman-group14-sha1', 'diffie-hellman-group1-sha1'] server key:['ssh-rsa'] client encrypt:['aes128-cbc', '3des-cbc', 'aes192-cbc', 'aes256-cbc'] server encrypt:['aes128-cbc', '3des-cbc', 'aes192-cbc', 'aes256-cbc'] client mac:['hmac-sha1', 'hmac-sha1-96', 'hmac-md5', 'hmac-md5-96'] server mac:['hmac-sha1', 'hmac-sha1-96', 'hmac-md5', 'hmac-md5-96'] client compress:['none'] server compress:['none'] client lang:[''] server lang:[''] kex follows?False
DEBUG:paramiko.transport:Kex agreed: diffie-hellman-group-exchange-sha1
DEBUG:paramiko.transport:HostKey agreed: ssh-rsa
DEBUG:paramiko.transport:Cipher agreed: aes128-cbc
DEBUG:paramiko.transport:MAC agreed: hmac-sha1
DEBUG:paramiko.transport:Compression agreed: none
DEBUG:paramiko.transport:starting thread (client mode): 0xf2d5bb80
DEBUG:paramiko.transport:Local version/idstring: SSH-2.0-paramiko_2.7.1
DEBUG:paramiko.transport:Got server p (2048 bits)
DEBUG:paramiko.transport:Remote version/idstring: SSH-2.0-Cisco-1.25
INFO:paramiko.transport:Connected (version 2.0, client Cisco-1.25)
DEBUG:paramiko.transport:kex algos:['diffie-hellman-group-exchange-sha1', 'diffie-hellman-group14-sha1', 'diffie-hellman-group1-sha1'] server key:['ssh-rsa'] client encrypt:['aes128-cbc', '3des-cbc', 'aes192-cbc', 'aes256-cbc'] server encrypt:['aes128-cbc', '3des-cbc', 'aes192-cbc', 'aes256-cbc'] client mac:['hmac-sha1', 'hmac-sha1-96', 'hmac-md5', 'hmac-md5-96'] server mac:['hmac-sha1', 'hmac-sha1-96', 'hmac-md5', 'hmac-md5-96'] client compress:['none'] server compress:['none'] client lang:[''] server lang:[''] kex follows?False
DEBUG:paramiko.transport:kex algos:['diffie-hellman-group-exchange-sha1', 'diffie-hellman-group14-sha1', 'diffie-hellman-group1-sha1'] server key:['ssh-rsa'] client encrypt:['aes128-cbc', '3des-cbc', 'aes192-cbc', 'aes256-cbc'] server encrypt:['aes128-cbc', '3des-cbc', 'aes192-cbc', 'aes256-cbc'] client mac:['hmac-sha1', 'hmac-sha1-96', 'hmac-md5', 'hmac-md5-96'] server mac:['hmac-sha1', 'hmac-sha1-96', 'hmac-md5', 'hmac-md5-96'] client compress:['none'] server compress:['none'] client lang:[''] server lang:[''] kex follows?False
DEBUG:paramiko.transport:Kex agreed: diffie-hellman-group-exchange-sha1
DEBUG:paramiko.transport:Kex agreed: diffie-hellman-group-exchange-sha1
DEBUG:paramiko.transport:HostKey agreed: ssh-rsa
DEBUG:paramiko.transport:HostKey agreed: ssh-rsa
DEBUG:paramiko.transport:Cipher agreed: aes128-cbc
DEBUG:paramiko.transport:Cipher agreed: aes128-cbc
DEBUG:paramiko.transport:MAC agreed: hmac-sha1
DEBUG:paramiko.transport:MAC agreed: hmac-sha1
DEBUG:paramiko.transport:Compression agreed: none
DEBUG:paramiko.transport:Compression agreed: none
DEBUG:paramiko.transport:Got server p (2048 bits)
DEBUG:paramiko.transport:kex algos:['diffie-hellman-group-exchange-sha1', 'diffie-hellman-group14-sha1', 'diffie-hellman-group1-sha1'] server key:['ssh-rsa'] client encrypt:['aes128-cbc', '3des-cbc', 'aes192-cbc', 'aes256-cbc'] server encrypt:['aes128-cbc', '3des-cbc', 'aes192-cbc', 'aes256-cbc'] client mac:['hmac-sha1', 'hmac-sha1-96', 'hmac-md5', 'hmac-md5-96'] server mac:['hmac-sha1', 'hmac-sha1-96', 'hmac-md5', 'hmac-md5-96'] client compress:['none'] server compress:['none'] client lang:[''] server lang:[''] kex follows?False
DEBUG:paramiko.transport:Got server p (2048 bits)
DEBUG:paramiko.transport:Kex agreed: diffie-hellman-group-exchange-sha1
DEBUG:paramiko.transport:HostKey agreed: ssh-rsa
DEBUG:paramiko.transport:Cipher agreed: aes128-cbc
DEBUG:paramiko.transport:MAC agreed: hmac-sha1
DEBUG:paramiko.transport:Compression agreed: none
DEBUG:paramiko.transport:Got server p (2048 bits)
DEBUG:paramiko.transport:Got server p (2048 bits)
DEBUG:paramiko.transport:Got server p (2048 bits)
DEBUG:paramiko.transport:Got server p (2048 bits)
DEBUG:paramiko.transport:kex engine KexGex specified hash_algo <built-in function openssl_sha1>
DEBUG:paramiko.transport:Switch to new keys ...
DEBUG:paramiko.transport:Adding ssh-rsa host key for 123.123.1.13: b'cec2a3a33e83b6b9222dbc0e408ca84e'
DEBUG:paramiko.transport:kex engine KexGex specified hash_algo <built-in function openssl_sha1>
DEBUG:paramiko.transport:Switch to new keys ...
DEBUG:paramiko.transport:Adding ssh-rsa host key for 123.123.1.17: b'7aea8ef985ee2a4c9521fd46af50ff9c'
DEBUG:paramiko.transport:kex engine KexGroup1 specified hash_algo <built-in function openssl_sha1>
DEBUG:paramiko.transport:kex engine KexGex specified hash_algo <built-in function openssl_sha1>
DEBUG:paramiko.transport:kex engine KexGroup1 specified hash_algo <built-in function openssl_sha1>
DEBUG:paramiko.transport:Switch to new keys ...
DEBUG:paramiko.transport:Switch to new keys ...
DEBUG:paramiko.transport:Adding ssh-rsa host key for 123.123.1.19: b'08ddefb1f4824b884799501ba0cfadd8'
DEBUG:paramiko.transport:Switch to new keys ...
DEBUG:paramiko.transport:Adding ssh-rsa host key for 123.123.1.15: b'15c19f48f5899b154df7a80698b56034'
DEBUG:paramiko.transport:Adding ssh-rsa host key for 123.123.1.11: b'21d1094a344929c9eca5703098b9e67a'
DEBUG:paramiko.transport:kex engine KexGex specified hash_algo <built-in function openssl_sha1>
DEBUG:paramiko.transport:Switch to new keys ...
DEBUG:paramiko.transport:Adding ssh-rsa host key for 123.123.1.18: b'a4da7fb29dcdd65dd80304f489202085'
DEBUG:paramiko.transport:userauth is OK
INFO:paramiko.transport:Authentication (password) successful!
DEBUG:paramiko.transport:userauth is OK
DEBUG:paramiko.transport:kex engine KexGex specified hash_algo <built-in function openssl_sha1>
DEBUG:paramiko.transport:[chan 0] Max packet in: 32768 bytes
DEBUG:paramiko.transport:Switch to new keys ...
DEBUG:paramiko.transport:kex engine KexGex specified hash_algo <built-in function openssl_sha1>
DEBUG:paramiko.transport:userauth is OK
DEBUG:paramiko.transport:kex engine KexGex specified hash_algo <built-in function openssl_sha1>
DEBUG:paramiko.transport:Adding ssh-rsa host key for 123.123.1.14: b'7aea766b56198c00a915d0a620f89c87'
DEBUG:paramiko.transport:Switch to new keys ...
DEBUG:paramiko.transport:Switch to new keys ...
DEBUG:paramiko.transport:Adding ssh-rsa host key for 123.123.1.16: b'1c85ef063bd93c1565f4826bb82f26fd'
DEBUG:paramiko.transport:Adding ssh-rsa host key for 123.123.1.12: b'f05d3c38c9d8395c49a0fc3423174fdc'
DEBUG:paramiko.transport:[chan 0] Max packet out: 4096 bytes
DEBUG:paramiko.transport:Secsh channel 0 opened.
INFO:paramiko.transport:Authentication (password) successful!
DEBUG:paramiko.transport:[chan 0] Max packet in: 32768 bytes
DEBUG:paramiko.transport:userauth is OK
DEBUG:paramiko.transport:[chan 0] Sesch channel 0 request ok
DEBUG:paramiko.transport:userauth is OK
INFO:paramiko.transport:Authentication (password) successful!
DEBUG:paramiko.transport:[chan 0] Max packet in: 32768 bytes
DEBUG:paramiko.transport:[chan 0] Max packet out: 4096 bytes
DEBUG:paramiko.transport:Secsh channel 0 opened.
INFO:paramiko.transport:Authentication (password) successful!
DEBUG:paramiko.transport:[chan 0] Sesch channel 0 request ok
DEBUG:paramiko.transport:[chan 0] Max packet in: 32768 bytes
DEBUG:paramiko.transport:[chan 0] Max packet out: 4096 bytes
DEBUG:paramiko.transport:Secsh channel 0 opened.
DEBUG:paramiko.transport:[chan 0] Sesch channel 0 request ok
DEBUG:paramiko.transport:[chan 0] Max packet out: 4096 bytes
DEBUG:paramiko.transport:Secsh channel 0 opened.
INFO:paramiko.transport:Authentication (password) successful!
DEBUG:paramiko.transport:[chan 0] Max packet in: 32768 bytes
DEBUG:paramiko.transport:[chan 0] Sesch channel 0 request ok
DEBUG:paramiko.transport:[chan 0] Sesch channel 0 request ok
DEBUG:paramiko.transport:[chan 0] Sesch channel 0 request ok
DEBUG:paramiko.transport:[chan 0] Max packet out: 4096 bytes
DEBUG:paramiko.transport:Secsh channel 0 opened.
DEBUG:paramiko.transport:[chan 0] Sesch channel 0 request ok
DEBUG:paramiko.transport:[chan 0] Sesch channel 0 request ok
DEBUG:paramiko.transport:[chan 0] Sesch channel 0 request ok
DEBUG:paramiko.transport:[chan 0] Sesch channel 0 request ok
DEBUG:paramiko.transport:userauth is OK
INFO:paramiko.transport:Authentication (password) successful!
DEBUG:paramiko.transport:[chan 0] Max packet in: 32768 bytes
DEBUG:paramiko.transport:[chan 0] Max packet out: 4096 bytes
DEBUG:paramiko.transport:Secsh channel 0 opened.
DEBUG:paramiko.transport:[chan 0] Sesch channel 0 request ok
DEBUG:paramiko.transport:[chan 0] Sesch channel 0 request ok
DEBUG:paramiko.transport:userauth is OK
DEBUG:paramiko.transport:userauth is OK
DEBUG:paramiko.transport:userauth is OK
INFO:paramiko.transport:Authentication (password) successful!
DEBUG:paramiko.transport:[chan 0] Max packet in: 32768 bytes
DEBUG:paramiko.transport:[chan 0] Max packet out: 4096 bytes
DEBUG:paramiko.transport:Secsh channel 0 opened.
INFO:paramiko.transport:Authentication (password) successful!
DEBUG:paramiko.transport:[chan 0] Max packet in: 32768 bytes
DEBUG:paramiko.transport:[chan 0] Sesch channel 0 request ok
INFO:paramiko.transport:Authentication (password) successful!
DEBUG:paramiko.transport:[chan 0] Max packet in: 32768 bytes
DEBUG:paramiko.transport:[chan 0] Sesch channel 0 request ok
DEBUG:paramiko.transport:[chan 0] Max packet out: 4096 bytes
DEBUG:paramiko.transport:Secsh channel 0 opened.
DEBUG:paramiko.transport:[chan 0] Max packet out: 4096 bytes
DEBUG:paramiko.transport:Secsh channel 0 opened.
DEBUG:paramiko.transport:[chan 0] Sesch channel 0 request ok
DEBUG:paramiko.transport:[chan 0] Sesch channel 0 request ok
DEBUG:paramiko.transport:[chan 0] Sesch channel 0 request ok
DEBUG:paramiko.transport:[chan 0] Sesch channel 0 request ok
DEBUG:netmiko:read_channel: CR-R1>
DEBUG:netmiko:read_channel: 
CR-SW1>
DEBUG:netmiko:read_channel: CAMP-2>
DEBUG:netmiko:read_channel: 
B1>
DEBUG:netmiko:read_channel: DC>
DEBUG:netmiko:read_channel: 
DEBUG:netmiko:read_channel: 
DEBUG:netmiko:read_channel: 
DEBUG:netmiko:read_channel: 
DEBUG:netmiko:read_channel: SD-WN>
DEBUG:netmiko:read_channel: 
DEBUG:netmiko:read_channel: 
DEBUG:netmiko:read_channel: CAMP-1>
DEBUG:netmiko:read_channel: CR-R2>
DEBUG:netmiko:read_channel: Only Authorized Users granted. Unauthorized access prohibited!B2>
DEBUG:netmiko:read_channel: 
DEBUG:netmiko:read_channel: 
DEBUG:netmiko:read_channel: 
DEBUG:netmiko:read_channel: 
DEBUG:netmiko:read_channel: 
DEBUG:netmiko:read_channel: 
DEBUG:netmiko:read_channel: 
DEBUG:netmiko:read_channel: 
DEBUG:netmiko:read_channel: 
DEBUG:netmiko:write_channel: b'\n'
DEBUG:netmiko:read_channel: 
DEBUG:netmiko:write_channel: b'\n'
DEBUG:netmiko:read_channel: 
DEBUG:netmiko:write_channel: b'\n'
DEBUG:netmiko:read_channel: 
DEBUG:netmiko:write_channel: b'\n'
DEBUG:netmiko:read_channel: 
DEBUG:netmiko:read_channel: 
DEBUG:netmiko:write_channel: b'\n'
DEBUG:netmiko:read_channel: 
CR-R1>
DEBUG:netmiko:read_channel: 
CR-SW1>
DEBUG:netmiko:read_channel: 
CAMP-2>
DEBUG:netmiko:read_channel: 
B1>
DEBUG:netmiko:read_channel: 
DEBUG:netmiko:write_channel: b'\n'
DEBUG:netmiko:read_channel: 
DC>
DEBUG:netmiko:read_channel: 
DEBUG:netmiko:read_channel: 
DEBUG:netmiko:read_channel: 
DEBUG:netmiko:read_channel: 
SD-WN>
DEBUG:netmiko:read_channel: 
DEBUG:netmiko:write_channel: b'\n'
DEBUG:netmiko:read_channel: 
DEBUG:netmiko:[find_prompt()]: prompt is CR-R1>
DEBUG:netmiko:read_channel: 
DEBUG:netmiko:write_channel: b'\n'
DEBUG:netmiko:read_channel: 
DEBUG:netmiko:write_channel: b'\n'
DEBUG:netmiko:read_channel: 
DEBUG:netmiko:[find_prompt()]: prompt is CR-SW1>
DEBUG:netmiko:read_channel: 
DEBUG:netmiko:[find_prompt()]: prompt is CAMP-2>
DEBUG:netmiko:read_channel: 
DEBUG:netmiko:[find_prompt()]: prompt is B1>
DEBUG:netmiko:read_channel: 
DEBUG:netmiko:[find_prompt()]: prompt is DC>
DEBUG:netmiko:read_channel: 
CAMP-1>
DEBUG:netmiko:read_channel: 
CR-R2>
DEBUG:netmiko:read_channel: 
B2>
DEBUG:netmiko:read_channel: 
DEBUG:netmiko:[find_prompt()]: prompt is SD-WN>
DEBUG:netmiko:read_channel: 
DEBUG:netmiko:In disable_paging
DEBUG:netmiko:Command: terminal length 0

DEBUG:netmiko:write_channel: b'terminal length 0\n'
DEBUG:netmiko:Pattern is: CR\-R1
DEBUG:netmiko:_read_channel_expect read_data: t
DEBUG:netmiko:read_channel: 
DEBUG:netmiko:In disable_paging
DEBUG:netmiko:Command: terminal length 0

DEBUG:netmiko:write_channel: b'terminal length 0\n'
DEBUG:netmiko:Pattern is: CR\-SW1
DEBUG:netmiko:read_channel: 
DEBUG:netmiko:In disable_paging
DEBUG:netmiko:Command: terminal length 0

DEBUG:netmiko:write_channel: b'terminal length 0\n'
DEBUG:netmiko:Pattern is: CAMP\-2
DEBUG:netmiko:_read_channel_expect read_data: t
DEBUG:netmiko:read_channel: 
DEBUG:netmiko:In disable_paging
DEBUG:netmiko:Command: terminal length 0

DEBUG:netmiko:write_channel: b'terminal length 0\n'
DEBUG:netmiko:Pattern is: B1
DEBUG:netmiko:_read_channel_expect read_data: t
DEBUG:netmiko:_read_channel_expect read_data: t
DEBUG:netmiko:read_channel: 
DEBUG:netmiko:In disable_paging
DEBUG:netmiko:Command: terminal length 0

DEBUG:netmiko:write_channel: b'terminal length 0\n'
DEBUG:netmiko:Pattern is: DC
DEBUG:netmiko:_read_channel_expect read_data: t
DEBUG:netmiko:read_channel: 
DEBUG:netmiko:[find_prompt()]: prompt is CAMP-1>
DEBUG:netmiko:read_channel: 
DEBUG:netmiko:[find_prompt()]: prompt is CR-R2>
DEBUG:netmiko:read_channel: 
DEBUG:netmiko:[find_prompt()]: prompt is B2>
DEBUG:netmiko:_read_channel_expect read_data: erminal length 0
CR-R1>
DEBUG:netmiko:Pattern found: CR\-R1 terminal length 0
CR-R1>
DEBUG:netmiko:terminal length 0
CR-R1>
DEBUG:netmiko:Exiting disable_paging
DEBUG:netmiko:write_channel: b'terminal width 511\n'
DEBUG:netmiko:Pattern is: CR\-R1
DEBUG:netmiko:_read_channel_expect read_data: t
DEBUG:netmiko:_read_channel_expect read_data: erminal length 0
CAMP-2>
DEBUG:netmiko:Pattern found: CAMP\-2 terminal length 0
CAMP-2>
DEBUG:netmiko:terminal length 0
CAMP-2>
DEBUG:netmiko:Exiting disable_paging
DEBUG:netmiko:write_channel: b'terminal width 511\n'
DEBUG:netmiko:Pattern is: CAMP\-2
DEBUG:netmiko:read_channel: 
DEBUG:netmiko:In disable_paging
DEBUG:netmiko:Command: terminal length 0

DEBUG:netmiko:write_channel: b'terminal length 0\n'
DEBUG:netmiko:Pattern is: SD\-WN
DEBUG:netmiko:_read_channel_expect read_data: erminal l
DEBUG:netmiko:_read_channel_expect read_data: erminal length 0
B1>
DEBUG:netmiko:Pattern found: B1 terminal length 0
B1>
DEBUG:netmiko:terminal length 0
B1>
DEBUG:netmiko:Exiting disable_paging
DEBUG:netmiko:write_channel: b'terminal width 511\n'
DEBUG:netmiko:Pattern is: B1
DEBUG:netmiko:_read_channel_expect read_data: t
DEBUG:netmiko:_read_channel_expect read_data: t
DEBUG:netmiko:_read_channel_expect read_data: t
DEBUG:netmiko:_read_channel_expect read_data: erminal length 0
DC>
DEBUG:netmiko:Pattern found: DC terminal length 0
DC>
DEBUG:netmiko:terminal length 0
DC>
DEBUG:netmiko:Exiting disable_paging
DEBUG:netmiko:write_channel: b'terminal width 511\n'
DEBUG:netmiko:Pattern is: DC
DEBUG:netmiko:_read_channel_expect read_data: t
DEBUG:netmiko:_read_channel_expect read_data: erminal width 511
CR-R1>
DEBUG:netmiko:Pattern found: CR\-R1 terminal width 511
CR-R1>
DEBUG:netmiko:_read_channel_expect read_data: ength 0
CR-SW1>
DEBUG:netmiko:Pattern found: CR\-SW1 terminal length 0
CR-SW1>
DEBUG:netmiko:terminal length 0
CR-SW1>
DEBUG:netmiko:Exiting disable_paging
DEBUG:netmiko:write_channel: b'terminal width 511\n'
DEBUG:netmiko:Pattern is: CR\-SW1
DEBUG:netmiko:_read_channel_expect read_data: erminal width 511
CAMP-2>
DEBUG:netmiko:Pattern found: CAMP\-2 terminal width 511
CAMP-2>
DEBUG:netmiko:_read_channel_expect read_data: erminal length 0
SD-WN>
DEBUG:netmiko:Pattern found: SD\-WN terminal length 0
SD-WN>
DEBUG:netmiko:terminal length 0
SD-WN>
DEBUG:netmiko:Exiting disable_paging
DEBUG:netmiko:write_channel: b'terminal width 511\n'
DEBUG:netmiko:Pattern is: SD\-WN
DEBUG:netmiko:_read_channel_expect read_data: erminal width 511
B1>
DEBUG:netmiko:Pattern found: B1 terminal width 511
B1>
DEBUG:netmiko:_read_channel_expect read_data: t
DEBUG:netmiko:_read_channel_expect read_data: te
DEBUG:netmiko:_read_channel_expect read_data: erminal width 511
DC>
DEBUG:netmiko:Pattern found: DC terminal width 511
DC>
DEBUG:netmiko:read_channel: 
DEBUG:netmiko:In disable_paging
DEBUG:netmiko:Command: terminal length 0

DEBUG:netmiko:write_channel: b'terminal length 0\n'
DEBUG:netmiko:Pattern is: CAMP\-1
DEBUG:netmiko:_read_channel_expect read_data: t
DEBUG:netmiko:read_channel: 
DEBUG:netmiko:In disable_paging
DEBUG:netmiko:Command: terminal length 0

DEBUG:netmiko:write_channel: b'terminal length 0\n'
DEBUG:netmiko:Pattern is: CR\-R2
DEBUG:netmiko:read_channel: 
DEBUG:netmiko:In disable_paging
DEBUG:netmiko:Command: terminal length 0

DEBUG:netmiko:write_channel: b'terminal length 0\n'
DEBUG:netmiko:Pattern is: B2
DEBUG:netmiko:_read_channel_expect read_data: t
DEBUG:netmiko:_read_channel_expect read_data: t
DEBUG:netmiko:_read_channel_expect read_data: erminal w
DEBUG:netmiko:_read_channel_expect read_data: rminal width 511
SD-WN>
DEBUG:netmiko:Pattern found: SD\-WN terminal width 511
SD-WN>
DEBUG:netmiko:_read_channel_expect read_data: erminal length 0
CAMP-1>
DEBUG:netmiko:Pattern found: CAMP\-1 terminal length 0
CAMP-1>
DEBUG:netmiko:terminal length 0
CAMP-1>
DEBUG:netmiko:Exiting disable_paging
DEBUG:netmiko:write_channel: b'terminal width 511\n'
DEBUG:netmiko:Pattern is: CAMP\-1
DEBUG:netmiko:_read_channel_expect read_data: t
DEBUG:netmiko:_read_channel_expect read_data: erminal length 0
B2>
DEBUG:netmiko:Pattern found: B2 terminal length 0
B2>
DEBUG:netmiko:terminal length 0
B2>
DEBUG:netmiko:_read_channel_expect read_data: erminal length 0
CR-R2>
DEBUG:netmiko:Exiting disable_paging
DEBUG:netmiko:Pattern found: CR\-R2 terminal length 0
CR-R2>
DEBUG:netmiko:write_channel: b'terminal width 511\n'
DEBUG:netmiko:terminal length 0
CR-R2>
DEBUG:netmiko:Pattern is: B2
DEBUG:netmiko:Exiting disable_paging
DEBUG:netmiko:write_channel: b'terminal width 511\n'
DEBUG:netmiko:Pattern is: CR\-R2
DEBUG:netmiko:_read_channel_expect read_data: t
DEBUG:netmiko:_read_channel_expect read_data: t
DEBUG:netmiko:_read_channel_expect read_data: idth 511
CR-SW1>
DEBUG:netmiko:Pattern found: CR\-SW1 terminal width 511
CR-SW1>
DEBUG:netmiko:_read_channel_expect read_data: erminal width 511
CAMP-1>
DEBUG:netmiko:Pattern found: CAMP\-1 terminal width 511
CAMP-1>
DEBUG:netmiko:_read_channel_expect read_data: erminal width 511
B2>
DEBUG:netmiko:Pattern found: B2 terminal width 511
B2>
DEBUG:netmiko:_read_channel_expect read_data: erminal width 511
CR-R2>
DEBUG:netmiko:Pattern found: CR\-R2 terminal width 511
CR-R2>
DEBUG:netmiko:read_channel: 
DEBUG:netmiko:write_channel: b'\n'
DEBUG:netmiko:Pattern is: CR\-R1
DEBUG:netmiko:read_channel: 
DEBUG:netmiko:write_channel: b'\n'
DEBUG:netmiko:Pattern is: CAMP\-2
DEBUG:netmiko:_read_channel_expect read_data: 

DEBUG:netmiko:read_channel: 
DEBUG:netmiko:write_channel: b'\n'
DEBUG:netmiko:Pattern is: B1
DEBUG:netmiko:_read_channel_expect read_data: 

DEBUG:netmiko:read_channel: 
DEBUG:netmiko:write_channel: b'\n'
DEBUG:netmiko:Pattern is: DC
DEBUG:netmiko:_read_channel_expect read_data: 

DEBUG:netmiko:_read_channel_expect read_data: 

DEBUG:netmiko:_read_channel_expect read_data: CR-R1>
DEBUG:netmiko:Pattern found: CR\-R1 
CR-R1>
DEBUG:netmiko:write_channel: b'enable\n'
DEBUG:netmiko:Pattern is: (CR\-R1|ssword)
DEBUG:netmiko:read_channel: 
DEBUG:netmiko:write_channel: b'\n'
DEBUG:netmiko:Pattern is: SD\-WN
DEBUG:netmiko:_read_channel_expect read_data: e
DEBUG:netmiko:_read_channel_expect read_data: CAMP-2>
DEBUG:netmiko:Pattern found: CAMP\-2 
CAMP-2>
DEBUG:netmiko:write_channel: b'enable\n'
DEBUG:netmiko:Pattern is: (CAMP\-2|ssword)
DEBUG:netmiko:_read_channel_expect read_data: B1>
DEBUG:netmiko:Pattern found: B1 
B1>
DEBUG:netmiko:write_channel: b'enable\n'
DEBUG:netmiko:Pattern is: (B1|ssword)
DEBUG:netmiko:_read_channel_expect read_data: DC>
DEBUG:netmiko:Pattern found: DC 
DC>
DEBUG:netmiko:write_channel: b'enable\n'
DEBUG:netmiko:Pattern is: (DC|ssword)
DEBUG:netmiko:_read_channel_expect read_data: 

DEBUG:netmiko:_read_channel_expect read_data: enabl
DEBUG:netmiko:_read_channel_expect read_data: e
DEBUG:netmiko:_read_channel_expect read_data: e
DEBUG:netmiko:read_channel: 
DEBUG:netmiko:write_channel: b'\n'
DEBUG:netmiko:Pattern is: CR\-SW1
DEBUG:netmiko:_read_channel_expect read_data: 

DEBUG:netmiko:_read_channel_expect read_data: nable
Password: 
DEBUG:netmiko:Pattern found: (CR\-R1|ssword) enable
Password: 
DEBUG:netmiko:write_channel: b'cisco\n'
DEBUG:netmiko:Pattern is: CR\-R1
DEBUG:netmiko:_read_channel_expect read_data: SD-WN>
DEBUG:netmiko:Pattern found: SD\-WN 
SD-WN>
DEBUG:netmiko:write_channel: b'enable\n'
DEBUG:netmiko:Pattern is: (SD\-WN|ssword)
DEBUG:netmiko:_read_channel_expect read_data: e
Password: 
DEBUG:netmiko:Pattern found: (CAMP\-2|ssword) enable
Password: 
DEBUG:netmiko:write_channel: b'cisco\n'
DEBUG:netmiko:Pattern is: CAMP\-2
DEBUG:netmiko:_read_channel_expect read_data: nable
Password: 
DEBUG:netmiko:Pattern found: (B1|ssword) enable
Password: 
DEBUG:netmiko:write_channel: b'cisco\n'
DEBUG:netmiko:Pattern is: B1
DEBUG:netmiko:_read_channel_expect read_data: nable
Password: 
DEBUG:netmiko:Pattern found: (DC|ssword) enable
Password: 
DEBUG:netmiko:write_channel: b'cisco\n'
DEBUG:netmiko:Pattern is: DC
DEBUG:netmiko:_read_channel_expect read_data: e
DEBUG:netmiko:_read_channel_expect read_data: 
CR-R1#
DEBUG:netmiko:Pattern found: CR\-R1 
CR-R1#
DEBUG:netmiko:write_channel: b'\n'
DEBUG:netmiko:Pattern is: CR\-R1
DEBUG:netmiko:_read_channel_expect read_data: 

DEBUG:netmiko:_read_channel_expect read_data: 
DC#
DEBUG:netmiko:Pattern found: DC 
DC#
DEBUG:netmiko:write_channel: b'\n'
DEBUG:netmiko:Pattern is: DC
DEBUG:netmiko:_read_channel_expect read_data: 
CAMP-2#
DEBUG:netmiko:Pattern found: CAMP\-2 
CAMP-2#
DEBUG:netmiko:write_channel: b'\n'
DEBUG:netmiko:Pattern is: CAMP\-2
DEBUG:netmiko:read_channel: 
DEBUG:netmiko:_read_channel_expect read_data: 
B1#
DEBUG:netmiko:Pattern found: B1 
B1#
DEBUG:netmiko:write_channel: b'\n'
DEBUG:netmiko:Pattern is: CAMP\-1
DEBUG:netmiko:write_channel: b'\n'
DEBUG:netmiko:Pattern is: B1
DEBUG:netmiko:_read_channel_expect read_data: 

DEBUG:netmiko:_read_channel_expect read_data: 

DEBUG:netmiko:_read_channel_expect read_data: 

DEBUG:netmiko:_read_channel_expect read_data: 

DEBUG:netmiko:read_channel: 
DEBUG:netmiko:write_channel: b'\n'
DEBUG:netmiko:Pattern is: B2
DEBUG:netmiko:read_channel: 
DEBUG:netmiko:write_channel: b'\n'
DEBUG:netmiko:Pattern is: CR\-R2
DEBUG:netmiko:_read_channel_expect read_data: 

DEBUG:netmiko:_read_channel_expect read_data: 

DEBUG:netmiko:_read_channel_expect read_data: CR-SW1>
DEBUG:netmiko:Pattern found: CR\-SW1 
CR-SW1>
DEBUG:netmiko:write_channel: b'enable\n'
DEBUG:netmiko:Pattern is: (CR\-SW1|ssword)
DEBUG:netmiko:_read_channel_expect read_data: e
DEBUG:netmiko:_read_channel_expect read_data: nable
Password: 
DEBUG:netmiko:Pattern found: (SD\-WN|ssword) enable
Password: 
DEBUG:netmiko:write_channel: b'cisco\n'
DEBUG:netmiko:Pattern is: SD\-WN
DEBUG:netmiko:_read_channel_expect read_data: CR-R1#
DEBUG:netmiko:Pattern found: CR\-R1 
CR-R1#
DEBUG:netmiko:_read_channel_expect read_data: 
SD-WN#
DEBUG:netmiko:Pattern found: SD\-WN 
SD-WN#
DEBUG:netmiko:write_channel: b'\n'
DEBUG:netmiko:Pattern is: SD\-WN
DEBUG:netmiko:_read_channel_expect read_data: DC#
DEBUG:netmiko:Pattern found: DC 
DC#
DEBUG:netmiko:_read_channel_expect read_data: CAMP-1>
DEBUG:netmiko:Pattern found: CAMP\-1 
CAMP-1>
DEBUG:netmiko:write_channel: b'enable\n'
DEBUG:netmiko:_read_channel_expect read_data: CAMP-2#
DEBUG:netmiko:Pattern is: (CAMP\-1|ssword)
DEBUG:netmiko:Pattern found: CAMP\-2 
CAMP-2#
DEBUG:netmiko:_read_channel_expect read_data: 

DEBUG:netmiko:_read_channel_expect read_data: B1#
DEBUG:netmiko:Pattern found: B1 
B1#
DEBUG:netmiko:_read_channel_expect read_data: e
DEBUG:netmiko:_read_channel_expect read_data: B2>
DEBUG:netmiko:_read_channel_expect read_data: CR-R2>
DEBUG:netmiko:Pattern found: B2 
B2>
DEBUG:netmiko:Pattern found: CR\-R2 
CR-R2>
DEBUG:netmiko:write_channel: b'enable\n'
DEBUG:netmiko:Pattern is: (B2|ssword)
DEBUG:netmiko:write_channel: b'enable\n'
DEBUG:netmiko:Pattern is: (CR\-R2|ssword)
DEBUG:netmiko:_read_channel_expect read_data: e
DEBUG:netmiko:_read_channel_expect read_data: e
DEBUG:netmiko:_read_channel_expect read_data: nable
Password: 
DEBUG:netmiko:Pattern found: (CR\-SW1|ssword) enable
Password: 
DEBUG:netmiko:write_channel: b'cisco\n'
DEBUG:netmiko:Pattern is: CR\-SW1
DEBUG:netmiko:_read_channel_expect read_data: SD-WN#
DEBUG:netmiko:Pattern found: SD\-WN 
SD-WN#
DEBUG:netmiko:_read_channel_expect read_data: nable
Password: 
DEBUG:netmiko:Pattern found: (CAMP\-1|ssword) enable
Password: 
DEBUG:netmiko:write_channel: b'cisco\n'
DEBUG:netmiko:Pattern is: CAMP\-1
DEBUG:netmiko:_read_channel_expect read_data: 
CAMP-1#
DEBUG:netmiko:Pattern found: CAMP\-1 
CAMP-1#
DEBUG:netmiko:write_channel: b'\n'
DEBUG:netmiko:Pattern is: CAMP\-1
DEBUG:netmiko:_read_channel_expect read_data: 
CR-SW1#
DEBUG:netmiko:Pattern found: CR\-SW1 
CR-SW1#
DEBUG:netmiko:write_channel: b'\n'
DEBUG:netmiko:Pattern is: CR\-SW1
DEBUG:netmiko:_read_channel_expect read_data: 

DEBUG:netmiko:_read_channel_expect read_data: nable
Password: 
DEBUG:netmiko:Pattern found: (B2|ssword) enable
Password: 
DEBUG:netmiko:_read_channel_expect read_data: 

DEBUG:netmiko:write_channel: b'cisco\n'
DEBUG:netmiko:Pattern is: B2
DEBUG:netmiko:_read_channel_expect read_data: nable
Password: 
DEBUG:netmiko:Pattern found: (CR\-R2|ssword) enable
Password: 
DEBUG:netmiko:write_channel: b'cisco\n'
DEBUG:netmiko:Pattern is: CR\-R2
DEBUG:netmiko:_read_channel_expect read_data: 
B2#
DEBUG:netmiko:Pattern found: B2 
B2#
DEBUG:netmiko:write_channel: b'\n'
DEBUG:netmiko:Pattern is: B2
DEBUG:netmiko:_read_channel_expect read_data: 
CR-R2#
DEBUG:netmiko:Pattern found: CR\-R2 
CR-R2#
DEBUG:netmiko:write_channel: b'\n'
DEBUG:netmiko:Pattern is: CR\-R2
DEBUG:netmiko:_read_channel_expect read_data: 

DEBUG:netmiko:_read_channel_expect read_data: 

DEBUG:netmiko:_read_channel_expect read_data: CAMP-1#
DEBUG:netmiko:Pattern found: CAMP\-1 
CAMP-1#
DEBUG:netmiko:_read_channel_expect read_data: CR-SW1#
DEBUG:netmiko:Pattern found: CR\-SW1 
CR-SW1#
DEBUG:netmiko:_read_channel_expect read_data: B2#
DEBUG:netmiko:_read_channel_expect read_data: CR-R2#
DEBUG:netmiko:Pattern found: B2 
B2#
DEBUG:netmiko:Pattern found: CR\-R2 
CR-R2#
DEBUG:paramiko.transport:starting thread (client mode): 0x88b0fb20
DEBUG:paramiko.transport:Local version/idstring: SSH-2.0-paramiko_2.7.1
DEBUG:paramiko.transport:Remote version/idstring: SSH-2.0-Cisco-1.25
INFO:paramiko.transport:Connected (version 2.0, client Cisco-1.25)
DEBUG:paramiko.transport:kex algos:['diffie-hellman-group1-sha1'] server key:['ssh-rsa'] client encrypt:['aes128-cbc', '3des-cbc', 'aes192-cbc', 'aes256-cbc'] server encrypt:['aes128-cbc', '3des-cbc', 'aes192-cbc', 'aes256-cbc'] client mac:['hmac-sha1', 'hmac-sha1-96', 'hmac-md5', 'hmac-md5-96'] server mac:['hmac-sha1', 'hmac-sha1-96', 'hmac-md5', 'hmac-md5-96'] client compress:['none'] server compress:['none'] client lang:[''] server lang:[''] kex follows?False
DEBUG:paramiko.transport:Kex agreed: diffie-hellman-group1-sha1
DEBUG:paramiko.transport:HostKey agreed: ssh-rsa
DEBUG:paramiko.transport:Cipher agreed: aes128-cbc
DEBUG:paramiko.transport:MAC agreed: hmac-sha1
DEBUG:paramiko.transport:Compression agreed: none
DEBUG:paramiko.transport:starting thread (client mode): 0x88b26e20
DEBUG:paramiko.transport:Local version/idstring: SSH-2.0-paramiko_2.7.1
DEBUG:paramiko.transport:starting thread (client mode): 0x88b26940
DEBUG:paramiko.transport:Local version/idstring: SSH-2.0-paramiko_2.7.1
DEBUG:paramiko.transport:starting thread (client mode): 0x88b1aa90
DEBUG:paramiko.transport:Local version/idstring: SSH-2.0-paramiko_2.7.1
DEBUG:paramiko.transport:Remote version/idstring: SSH-1.99-Cisco-1.25
INFO:paramiko.transport:Connected (version 1.99, client Cisco-1.25)
DEBUG:paramiko.transport:Remote version/idstring: SSH-2.0-Cisco-1.25
INFO:paramiko.transport:Connected (version 2.0, client Cisco-1.25)
DEBUG:paramiko.transport:kex algos:['diffie-hellman-group-exchange-sha1', 'diffie-hellman-group14-sha1', 'diffie-hellman-group1-sha1'] server key:['ssh-rsa'] client encrypt:['aes128-cbc', '3des-cbc', 'aes192-cbc', 'aes256-cbc'] server encrypt:['aes128-cbc', '3des-cbc', 'aes192-cbc', 'aes256-cbc'] client mac:['hmac-sha1', 'hmac-sha1-96', 'hmac-md5', 'hmac-md5-96'] server mac:['hmac-sha1', 'hmac-sha1-96', 'hmac-md5', 'hmac-md5-96'] client compress:['none'] server compress:['none'] client lang:[''] server lang:[''] kex follows?False
DEBUG:paramiko.transport:Kex agreed: diffie-hellman-group-exchange-sha1
DEBUG:paramiko.transport:starting thread (client mode): 0x88b26b80
DEBUG:paramiko.transport:HostKey agreed: ssh-rsa
DEBUG:paramiko.transport:Cipher agreed: aes128-cbc
DEBUG:paramiko.transport:Local version/idstring: SSH-2.0-paramiko_2.7.1
DEBUG:paramiko.transport:MAC agreed: hmac-sha1
DEBUG:paramiko.transport:Compression agreed: none
DEBUG:paramiko.transport:Remote version/idstring: SSH-2.0-Cisco-1.25
INFO:paramiko.transport:Connected (version 2.0, client Cisco-1.25)
DEBUG:paramiko.transport:starting thread (client mode): 0x88b0fa60
DEBUG:paramiko.transport:kex algos:['diffie-hellman-group1-sha1'] server key:['ssh-rsa'] client encrypt:['aes128-cbc', '3des-cbc', 'aes192-cbc', 'aes256-cbc'] server encrypt:['aes128-cbc', '3des-cbc', 'aes192-cbc', 'aes256-cbc'] client mac:['hmac-sha1', 'hmac-sha1-96', 'hmac-md5', 'hmac-md5-96'] server mac:['hmac-sha1', 'hmac-sha1-96', 'hmac-md5', 'hmac-md5-96'] client compress:['none'] server compress:['none'] client lang:[''] server lang:[''] kex follows?False
DEBUG:paramiko.transport:Local version/idstring: SSH-2.0-paramiko_2.7.1
DEBUG:paramiko.transport:Kex agreed: diffie-hellman-group1-sha1
DEBUG:paramiko.transport:starting thread (client mode): 0x88b1a2b0
DEBUG:paramiko.transport:HostKey agreed: ssh-rsa
DEBUG:paramiko.transport:Cipher agreed: aes128-cbc
DEBUG:paramiko.transport:MAC agreed: hmac-sha1
DEBUG:paramiko.transport:Compression agreed: none
DEBUG:paramiko.transport:Local version/idstring: SSH-2.0-paramiko_2.7.1
DEBUG:paramiko.transport:starting thread (client mode): 0x88b0ff40
DEBUG:paramiko.transport:Remote version/idstring: SSH-2.0-Cisco-1.25
INFO:paramiko.transport:Connected (version 2.0, client Cisco-1.25)
DEBUG:paramiko.transport:Local version/idstring: SSH-2.0-paramiko_2.7.1
DEBUG:paramiko.transport:Remote version/idstring: SSH-1.99-Cisco-1.25
INFO:paramiko.transport:Connected (version 1.99, client Cisco-1.25)
DEBUG:paramiko.transport:kex algos:['diffie-hellman-group-exchange-sha1', 'diffie-hellman-group14-sha1', 'diffie-hellman-group1-sha1'] server key:['ssh-rsa'] client encrypt:['aes128-cbc', '3des-cbc', 'aes192-cbc', 'aes256-cbc'] server encrypt:['aes128-cbc', '3des-cbc', 'aes192-cbc', 'aes256-cbc'] client mac:['hmac-sha1', 'hmac-sha1-96', 'hmac-md5', 'hmac-md5-96'] server mac:['hmac-sha1', 'hmac-sha1-96', 'hmac-md5', 'hmac-md5-96'] client compress:['none'] server compress:['none'] client lang:[''] server lang:[''] kex follows?False
DEBUG:paramiko.transport:Kex agreed: diffie-hellman-group-exchange-sha1
DEBUG:paramiko.transport:HostKey agreed: ssh-rsa
DEBUG:paramiko.transport:Cipher agreed: aes128-cbc
DEBUG:paramiko.transport:MAC agreed: hmac-sha1
DEBUG:paramiko.transport:Compression agreed: none
DEBUG:paramiko.transport:Remote version/idstring: SSH-2.0-Cisco-1.25
INFO:paramiko.transport:Connected (version 2.0, client Cisco-1.25)
DEBUG:paramiko.transport:Remote version/idstring: SSH-2.0-Cisco-1.25
INFO:paramiko.transport:Connected (version 2.0, client Cisco-1.25)
DEBUG:paramiko.transport:kex algos:['diffie-hellman-group-exchange-sha1', 'diffie-hellman-group14-sha1', 'diffie-hellman-group1-sha1'] server key:['ssh-rsa'] client encrypt:['aes128-cbc', '3des-cbc', 'aes192-cbc', 'aes256-cbc'] server encrypt:['aes128-cbc', '3des-cbc', 'aes192-cbc', 'aes256-cbc'] client mac:['hmac-sha1', 'hmac-sha1-96', 'hmac-md5', 'hmac-md5-96'] server mac:['hmac-sha1', 'hmac-sha1-96', 'hmac-md5', 'hmac-md5-96'] client compress:['none'] server compress:['none'] client lang:[''] server lang:[''] kex follows?False
DEBUG:paramiko.transport:Kex agreed: diffie-hellman-group-exchange-sha1
DEBUG:paramiko.transport:HostKey agreed: ssh-rsa
DEBUG:paramiko.transport:Cipher agreed: aes128-cbc
DEBUG:paramiko.transport:MAC agreed: hmac-sha1
DEBUG:paramiko.transport:Compression agreed: none
DEBUG:paramiko.transport:kex algos:['diffie-hellman-group-exchange-sha1', 'diffie-hellman-group14-sha1', 'diffie-hellman-group1-sha1'] server key:['ssh-rsa'] client encrypt:['aes128-cbc', '3des-cbc', 'aes192-cbc', 'aes256-cbc'] server encrypt:['aes128-cbc', '3des-cbc', 'aes192-cbc', 'aes256-cbc'] client mac:['hmac-sha1', 'hmac-sha1-96', 'hmac-md5', 'hmac-md5-96'] server mac:['hmac-sha1', 'hmac-sha1-96', 'hmac-md5', 'hmac-md5-96'] client compress:['none'] server compress:['none'] client lang:[''] server lang:[''] kex follows?False
DEBUG:paramiko.transport:Kex agreed: diffie-hellman-group-exchange-sha1
DEBUG:paramiko.transport:HostKey agreed: ssh-rsa
DEBUG:paramiko.transport:Cipher agreed: aes128-cbc
DEBUG:paramiko.transport:MAC agreed: hmac-sha1
DEBUG:paramiko.transport:Compression agreed: none
DEBUG:paramiko.transport:Got server p (2048 bits)
DEBUG:paramiko.transport:Got server p (2048 bits)
DEBUG:paramiko.transport:kex algos:['diffie-hellman-group-exchange-sha1', 'diffie-hellman-group14-sha1', 'diffie-hellman-group1-sha1'] server key:['ssh-rsa'] client encrypt:['aes128-cbc', '3des-cbc', 'aes192-cbc', 'aes256-cbc'] server encrypt:['aes128-cbc', '3des-cbc', 'aes192-cbc', 'aes256-cbc'] client mac:['hmac-sha1', 'hmac-sha1-96', 'hmac-md5', 'hmac-md5-96'] server mac:['hmac-sha1', 'hmac-sha1-96', 'hmac-md5', 'hmac-md5-96'] client compress:['none'] server compress:['none'] client lang:[''] server lang:[''] kex follows?False
DEBUG:paramiko.transport:starting thread (client mode): 0x88b1adc0
DEBUG:paramiko.transport:kex algos:['diffie-hellman-group-exchange-sha1', 'diffie-hellman-group14-sha1', 'diffie-hellman-group1-sha1'] server key:['ssh-rsa'] client encrypt:['aes128-cbc', '3des-cbc', 'aes192-cbc', 'aes256-cbc'] server encrypt:['aes128-cbc', '3des-cbc', 'aes192-cbc', 'aes256-cbc'] client mac:['hmac-sha1', 'hmac-sha1-96', 'hmac-md5', 'hmac-md5-96'] server mac:['hmac-sha1', 'hmac-sha1-96', 'hmac-md5', 'hmac-md5-96'] client compress:['none'] server compress:['none'] client lang:[''] server lang:[''] kex follows?False
DEBUG:paramiko.transport:Got server p (2048 bits)
DEBUG:paramiko.transport:Kex agreed: diffie-hellman-group-exchange-sha1
DEBUG:paramiko.transport:Local version/idstring: SSH-2.0-paramiko_2.7.1
DEBUG:paramiko.transport:Kex agreed: diffie-hellman-group-exchange-sha1
DEBUG:paramiko.transport:HostKey agreed: ssh-rsa
DEBUG:paramiko.transport:HostKey agreed: ssh-rsa
DEBUG:paramiko.transport:Remote version/idstring: SSH-2.0-Cisco-1.25
DEBUG:paramiko.transport:Cipher agreed: aes128-cbc
DEBUG:paramiko.transport:Cipher agreed: aes128-cbc
INFO:paramiko.transport:Connected (version 2.0, client Cisco-1.25)
DEBUG:paramiko.transport:MAC agreed: hmac-sha1
DEBUG:paramiko.transport:MAC agreed: hmac-sha1
DEBUG:paramiko.transport:Compression agreed: none
DEBUG:paramiko.transport:Compression agreed: none
DEBUG:paramiko.transport:kex algos:['diffie-hellman-group-exchange-sha1', 'diffie-hellman-group14-sha1', 'diffie-hellman-group1-sha1'] server key:['ssh-rsa'] client encrypt:['aes128-cbc', '3des-cbc', 'aes192-cbc', 'aes256-cbc'] server encrypt:['aes128-cbc', '3des-cbc', 'aes192-cbc', 'aes256-cbc'] client mac:['hmac-sha1', 'hmac-sha1-96', 'hmac-md5', 'hmac-md5-96'] server mac:['hmac-sha1', 'hmac-sha1-96', 'hmac-md5', 'hmac-md5-96'] client compress:['none'] server compress:['none'] client lang:[''] server lang:[''] kex follows?False
DEBUG:paramiko.transport:Kex agreed: diffie-hellman-group-exchange-sha1
DEBUG:paramiko.transport:HostKey agreed: ssh-rsa
DEBUG:paramiko.transport:Cipher agreed: aes128-cbc
DEBUG:paramiko.transport:MAC agreed: hmac-sha1
DEBUG:paramiko.transport:Compression agreed: none
DEBUG:paramiko.transport:Got server p (2048 bits)
DEBUG:paramiko.transport:Got server p (2048 bits)
DEBUG:paramiko.transport:Got server p (2048 bits)
DEBUG:paramiko.transport:Got server p (2048 bits)
DEBUG:paramiko.transport:kex engine KexGex specified hash_algo <built-in function openssl_sha1>
DEBUG:paramiko.transport:kex engine KexGroup1 specified hash_algo <built-in function openssl_sha1>
DEBUG:paramiko.transport:kex engine KexGex specified hash_algo <built-in function openssl_sha1>
DEBUG:paramiko.transport:kex engine KexGex specified hash_algo <built-in function openssl_sha1>
DEBUG:paramiko.transport:kex engine KexGroup1 specified hash_algo <built-in function openssl_sha1>
DEBUG:paramiko.transport:Switch to new keys ...
DEBUG:paramiko.transport:kex engine KexGex specified hash_algo <built-in function openssl_sha1>
DEBUG:paramiko.transport:kex engine KexGex specified hash_algo <built-in function openssl_sha1>
DEBUG:paramiko.transport:Switch to new keys ...
DEBUG:paramiko.transport:Switch to new keys ...
DEBUG:paramiko.transport:Switch to new keys ...
DEBUG:paramiko.transport:Adding ssh-rsa host key for 123.123.1.15: b'15c19f48f5899b154df7a80698b56034'
DEBUG:paramiko.transport:Switch to new keys ...
DEBUG:paramiko.transport:Switch to new keys ...
DEBUG:paramiko.transport:Switch to new keys ...
DEBUG:paramiko.transport:Adding ssh-rsa host key for 123.123.1.13: b'cec2a3a33e83b6b9222dbc0e408ca84e'
DEBUG:paramiko.transport:Adding ssh-rsa host key for 123.123.1.11: b'21d1094a344929c9eca5703098b9e67a'
DEBUG:paramiko.transport:Adding ssh-rsa host key for 123.123.1.17: b'7aea8ef985ee2a4c9521fd46af50ff9c'
DEBUG:paramiko.transport:Adding ssh-rsa host key for 123.123.1.18: b'a4da7fb29dcdd65dd80304f489202085'
DEBUG:paramiko.transport:Adding ssh-rsa host key for 123.123.1.12: b'f05d3c38c9d8395c49a0fc3423174fdc'
DEBUG:paramiko.transport:Adding ssh-rsa host key for 123.123.1.14: b'7aea766b56198c00a915d0a620f89c87'
DEBUG:paramiko.transport:kex engine KexGex specified hash_algo <built-in function openssl_sha1>
DEBUG:paramiko.transport:Switch to new keys ...
DEBUG:paramiko.transport:Adding ssh-rsa host key for 123.123.1.19: b'08ddefb1f4824b884799501ba0cfadd8'
DEBUG:paramiko.transport:kex engine KexGex specified hash_algo <built-in function openssl_sha1>
DEBUG:paramiko.transport:Switch to new keys ...
DEBUG:paramiko.transport:Adding ssh-rsa host key for 123.123.1.16: b'1c85ef063bd93c1565f4826bb82f26fd'
DEBUG:paramiko.transport:userauth is OK
DEBUG:paramiko.transport:userauth is OK
DEBUG:paramiko.transport:userauth is OK
DEBUG:paramiko.transport:userauth is OK
INFO:paramiko.transport:Authentication (password) successful!
DEBUG:paramiko.transport:[chan 0] Max packet in: 32768 bytes
DEBUG:paramiko.transport:userauth is OK
DEBUG:paramiko.transport:userauth is OK
DEBUG:paramiko.transport:userauth is OK
INFO:paramiko.transport:Authentication (password) successful!
DEBUG:paramiko.transport:[chan 0] Max packet in: 32768 bytes
DEBUG:paramiko.transport:[chan 0] Max packet out: 4096 bytes
DEBUG:paramiko.transport:Secsh channel 0 opened.
DEBUG:paramiko.transport:[chan 0] Max packet out: 4096 bytes
DEBUG:paramiko.transport:Secsh channel 0 opened.
DEBUG:paramiko.transport:[chan 0] Sesch channel 0 request ok
DEBUG:paramiko.transport:[chan 0] Sesch channel 0 request ok
DEBUG:paramiko.transport:[chan 0] Sesch channel 0 request ok
DEBUG:paramiko.transport:[chan 0] Sesch channel 0 request ok
INFO:paramiko.transport:Authentication (password) successful!
DEBUG:paramiko.transport:[chan 0] Max packet in: 32768 bytes
INFO:paramiko.transport:Authentication (password) successful!
DEBUG:paramiko.transport:[chan 0] Max packet in: 32768 bytes
DEBUG:paramiko.transport:[chan 0] Max packet out: 4096 bytes
DEBUG:paramiko.transport:Secsh channel 0 opened.
INFO:paramiko.transport:Authentication (password) successful!
DEBUG:paramiko.transport:[chan 0] Max packet in: 32768 bytes
DEBUG:paramiko.transport:userauth is OK
DEBUG:paramiko.transport:[chan 0] Max packet out: 4096 bytes
DEBUG:paramiko.transport:Secsh channel 0 opened.
INFO:paramiko.transport:Authentication (password) successful!
DEBUG:paramiko.transport:[chan 0] Sesch channel 0 request ok
DEBUG:paramiko.transport:[chan 0] Max packet in: 32768 bytes
DEBUG:paramiko.transport:[chan 0] Max packet out: 4096 bytes
DEBUG:paramiko.transport:Secsh channel 0 opened.
DEBUG:paramiko.transport:[chan 0] Sesch channel 0 request ok
INFO:paramiko.transport:Authentication (password) successful!
DEBUG:paramiko.transport:[chan 0] Max packet in: 32768 bytes
DEBUG:paramiko.transport:[chan 0] Sesch channel 0 request ok
DEBUG:paramiko.transport:[chan 0] Sesch channel 0 request ok
DEBUG:paramiko.transport:[chan 0] Sesch channel 0 request ok
DEBUG:paramiko.transport:[chan 0] Max packet out: 4096 bytes
DEBUG:paramiko.transport:[chan 0] Max packet out: 4096 bytes
DEBUG:paramiko.transport:Secsh channel 0 opened.
DEBUG:paramiko.transport:Secsh channel 0 opened.
DEBUG:paramiko.transport:[chan 0] Sesch channel 0 request ok
DEBUG:paramiko.transport:[chan 0] Sesch channel 0 request ok
DEBUG:paramiko.transport:[chan 0] Sesch channel 0 request ok
DEBUG:paramiko.transport:[chan 0] Sesch channel 0 request ok
DEBUG:paramiko.transport:[chan 0] Sesch channel 0 request ok
INFO:paramiko.transport:Authentication (password) successful!
DEBUG:paramiko.transport:[chan 0] Max packet in: 32768 bytes
DEBUG:paramiko.transport:[chan 0] Max packet out: 4096 bytes
DEBUG:paramiko.transport:Secsh channel 0 opened.
DEBUG:paramiko.transport:[chan 0] Sesch channel 0 request ok
DEBUG:paramiko.transport:[chan 0] Sesch channel 0 request ok
DEBUG:paramiko.transport:userauth is OK
INFO:paramiko.transport:Authentication (password) successful!
DEBUG:paramiko.transport:[chan 0] Max packet in: 32768 bytes
DEBUG:paramiko.transport:[chan 0] Max packet out: 4096 bytes
DEBUG:paramiko.transport:Secsh channel 0 opened.
DEBUG:paramiko.transport:[chan 0] Sesch channel 0 request ok
DEBUG:paramiko.transport:[chan 0] Sesch channel 0 request ok
DEBUG:netmiko:read_channel: 
B1>
DEBUG:netmiko:read_channel: 
CR-SW1>
DEBUG:netmiko:read_channel: 
SD-WN>
DEBUG:netmiko:read_channel: 
CR-R1>
DEBUG:netmiko:read_channel: 
CR-R2>
DEBUG:netmiko:read_channel: 
CAMP-2>
DEBUG:netmiko:read_channel: 
DEBUG:netmiko:read_channel: Only Authorized Users granted. Unauthorized access prohibited!
B2>
DEBUG:netmiko:read_channel: 
DEBUG:netmiko:read_channel: 
DEBUG:netmiko:read_channel: 
DC>
DEBUG:netmiko:read_channel: 
DEBUG:netmiko:read_channel: 
DEBUG:netmiko:read_channel: 
DEBUG:netmiko:read_channel: 
DEBUG:netmiko:read_channel: 
CAMP-1>
DEBUG:netmiko:read_channel: 
DEBUG:netmiko:read_channel: 
DEBUG:netmiko:read_channel: 
DEBUG:netmiko:read_channel: 
DEBUG:netmiko:read_channel: 
DEBUG:netmiko:read_channel: 
DEBUG:netmiko:read_channel: 
DEBUG:netmiko:read_channel: 
DEBUG:netmiko:read_channel: 
DEBUG:netmiko:write_channel: b'\n'
DEBUG:netmiko:read_channel: 
DEBUG:netmiko:read_channel: 
DEBUG:netmiko:write_channel: b'\n'
DEBUG:netmiko:read_channel: 
DEBUG:netmiko:write_channel: b'\n'
DEBUG:netmiko:read_channel: 
DEBUG:netmiko:read_channel: 
DEBUG:netmiko:write_channel: b'\n'
DEBUG:netmiko:read_channel: 
DEBUG:netmiko:write_channel: b'\n'
DEBUG:netmiko:read_channel: 
DEBUG:netmiko:write_channel: b'\n'
DEBUG:netmiko:read_channel: 
B1>
DEBUG:netmiko:read_channel: 
DEBUG:netmiko:write_channel: b'\n'
DEBUG:netmiko:read_channel: 
CR-SW1>
DEBUG:netmiko:read_channel: 
DEBUG:netmiko:read_channel: 
SD-WN>
DEBUG:netmiko:read_channel: 
DEBUG:netmiko:write_channel: b'\n'
DEBUG:netmiko:read_channel: 
CR-R1>
DEBUG:netmiko:read_channel: 
CR-R2>
DEBUG:netmiko:read_channel: 
CAMP-2>
DEBUG:netmiko:read_channel: 
B2>
DEBUG:netmiko:read_channel: 
DEBUG:netmiko:write_channel: b'\n'
DEBUG:netmiko:read_channel: 
DC>
DEBUG:netmiko:read_channel: 
DEBUG:netmiko:[find_prompt()]: prompt is B1>
DEBUG:netmiko:read_channel: 
DEBUG:netmiko:[find_prompt()]: prompt is CR-SW1>
DEBUG:netmiko:read_channel: 
CAMP-1>
DEBUG:netmiko:read_channel: 
DEBUG:netmiko:[find_prompt()]: prompt is SD-WN>
DEBUG:netmiko:read_channel: 
DEBUG:netmiko:[find_prompt()]: prompt is CR-R1>
DEBUG:netmiko:read_channel: 
DEBUG:netmiko:[find_prompt()]: prompt is CR-R2>
DEBUG:netmiko:read_channel: 
DEBUG:netmiko:[find_prompt()]: prompt is CAMP-2>
DEBUG:netmiko:read_channel: 
DEBUG:netmiko:[find_prompt()]: prompt is B2>
DEBUG:netmiko:read_channel: 
DEBUG:netmiko:[find_prompt()]: prompt is DC>
DEBUG:netmiko:read_channel: 
DEBUG:netmiko:In disable_paging
DEBUG:netmiko:Command: terminal length 0

DEBUG:netmiko:write_channel: b'terminal length 0\n'
DEBUG:netmiko:Pattern is: B1
DEBUG:netmiko:read_channel: 
DEBUG:netmiko:In disable_paging
DEBUG:netmiko:Command: terminal length 0

DEBUG:netmiko:write_channel: b'terminal length 0\n'
DEBUG:netmiko:Pattern is: CR\-SW1
DEBUG:netmiko:_read_channel_expect read_data: t
DEBUG:netmiko:read_channel: 
DEBUG:netmiko:[find_prompt()]: prompt is CAMP-1>
DEBUG:netmiko:_read_channel_expect read_data: t
DEBUG:netmiko:read_channel: 
DEBUG:netmiko:In disable_paging
DEBUG:netmiko:Command: terminal length 0

DEBUG:netmiko:write_channel: b'terminal length 0\n'
DEBUG:netmiko:Pattern is: SD\-WN
DEBUG:netmiko:read_channel: 
DEBUG:netmiko:In disable_paging
DEBUG:netmiko:Command: terminal length 0

DEBUG:netmiko:write_channel: b'terminal length 0\n'
DEBUG:netmiko:Pattern is: CR\-R1
DEBUG:netmiko:_read_channel_expect read_data: t
DEBUG:netmiko:read_channel: 
DEBUG:netmiko:In disable_paging
DEBUG:netmiko:Command: terminal length 0

DEBUG:netmiko:write_channel: b'terminal length 0\n'
DEBUG:netmiko:Pattern is: CR\-R2
DEBUG:netmiko:_read_channel_expect read_data: t
DEBUG:netmiko:_read_channel_expect read_data: t
DEBUG:netmiko:read_channel: 
DEBUG:netmiko:In disable_paging
DEBUG:netmiko:Command: terminal length 0

DEBUG:netmiko:write_channel: b'terminal length 0\n'
DEBUG:netmiko:Pattern is: CAMP\-2
DEBUG:netmiko:_read_channel_expect read_data: t
DEBUG:netmiko:read_channel: 
DEBUG:netmiko:In disable_paging
DEBUG:netmiko:Command: terminal length 0

DEBUG:netmiko:write_channel: b'terminal length 0\n'
DEBUG:netmiko:Pattern is: B2
DEBUG:netmiko:_read_channel_expect read_data: t
DEBUG:netmiko:_read_channel_expect read_data: erminal length 0
B1>
DEBUG:netmiko:Pattern found: B1 terminal length 0
B1>
DEBUG:netmiko:terminal length 0
B1>
DEBUG:netmiko:Exiting disable_paging
DEBUG:netmiko:write_channel: b'terminal width 511\n'
DEBUG:netmiko:Pattern is: B1
DEBUG:netmiko:_read_channel_expect read_data: erminal le
DEBUG:netmiko:_read_channel_expect read_data: te
DEBUG:netmiko:read_channel: 
DEBUG:netmiko:In disable_paging
DEBUG:netmiko:Command: terminal length 0

DEBUG:netmiko:write_channel: b'terminal length 0\n'
DEBUG:netmiko:Pattern is: DC
DEBUG:netmiko:_read_channel_expect read_data: erminal length 0
SD-WN>
DEBUG:netmiko:Pattern found: SD\-WN terminal length 0
SD-WN>
DEBUG:netmiko:terminal length 0
SD-WN>
DEBUG:netmiko:Exiting disable_paging
DEBUG:netmiko:write_channel: b'terminal width 511\n'
DEBUG:netmiko:Pattern is: SD\-WN
DEBUG:netmiko:_read_channel_expect read_data: t
DEBUG:netmiko:_read_channel_expect read_data: erminal length 0
CR-R1>
DEBUG:netmiko:Pattern found: CR\-R1 terminal length 0
CR-R1>
DEBUG:netmiko:terminal length 0
CR-R1>
DEBUG:netmiko:Exiting disable_paging
DEBUG:netmiko:write_channel: b'terminal width 511\n'
DEBUG:netmiko:Pattern is: CR\-R1
DEBUG:netmiko:_read_channel_expect read_data: t
DEBUG:netmiko:_read_channel_expect read_data: erminal length 0
CR-R2>
DEBUG:netmiko:Pattern found: CR\-R2 terminal length 0
CR-R2>
DEBUG:netmiko:terminal length 0
CR-R2>
DEBUG:netmiko:Exiting disable_paging
DEBUG:netmiko:write_channel: b'terminal width 511\n'
DEBUG:netmiko:Pattern is: CR\-R2
DEBUG:netmiko:_read_channel_expect read_data: t
DEBUG:netmiko:_read_channel_expect read_data: t
DEBUG:netmiko:_read_channel_expect read_data: erminal length 0
CAMP-2>
DEBUG:netmiko:Pattern found: CAMP\-2 terminal length 0
CAMP-2>
DEBUG:netmiko:terminal length 0
CAMP-2>
DEBUG:netmiko:Exiting disable_paging
DEBUG:netmiko:write_channel: b'terminal width 511\n'
DEBUG:netmiko:Pattern is: CAMP\-2
DEBUG:netmiko:_read_channel_expect read_data: t
DEBUG:netmiko:_read_channel_expect read_data: erminal length 0
B2>
DEBUG:netmiko:Pattern found: B2 terminal length 0
B2>
DEBUG:netmiko:terminal length 0
B2>
DEBUG:netmiko:Exiting disable_paging
DEBUG:netmiko:write_channel: b'terminal width 511\n'
DEBUG:netmiko:Pattern is: B2
DEBUG:netmiko:_read_channel_expect read_data: t
DEBUG:netmiko:read_channel: 
DEBUG:netmiko:In disable_paging
DEBUG:netmiko:Command: terminal length 0

DEBUG:netmiko:write_channel: b'terminal length 0\n'
DEBUG:netmiko:Pattern is: CAMP\-1
DEBUG:netmiko:_read_channel_expect read_data: ngth 0
CR-SW1>
DEBUG:netmiko:Pattern found: CR\-SW1 terminal length 0
CR-SW1>
DEBUG:netmiko:terminal length 0
CR-SW1>
DEBUG:netmiko:Exiting disable_paging
DEBUG:netmiko:write_channel: b'terminal width 511\n'
DEBUG:netmiko:Pattern is: CR\-SW1
DEBUG:netmiko:_read_channel_expect read_data: rminal width 511
B1>
DEBUG:netmiko:Pattern found: B1 terminal width 511
B1>
DEBUG:netmiko:_read_channel_expect read_data: t
DEBUG:netmiko:_read_channel_expect read_data: t
DEBUG:netmiko:_read_channel_expect read_data: erminal length 0
DC>
DEBUG:netmiko:Pattern found: DC terminal length 0
DC>
DEBUG:netmiko:terminal length 0
DC>
DEBUG:netmiko:Exiting disable_paging
DEBUG:netmiko:write_channel: b'terminal width 511\n'
DEBUG:netmiko:Pattern is: DC
DEBUG:netmiko:_read_channel_expect read_data: erminal width 511
SD-WN>
DEBUG:netmiko:Pattern found: SD\-WN terminal width 511
SD-WN>
DEBUG:netmiko:_read_channel_expect read_data: t
DEBUG:netmiko:_read_channel_expect read_data: erminal width 511
CR-R1>
DEBUG:netmiko:Pattern found: CR\-R1 terminal width 511
CR-R1>
DEBUG:netmiko:_read_channel_expect read_data: erminal width 511
CR-R2>
DEBUG:netmiko:Pattern found: CR\-R2 terminal width 511
CR-R2>
DEBUG:netmiko:_read_channel_expect read_data: erminal width 511
CAMP-2>
DEBUG:netmiko:Pattern found: CAMP\-2 terminal width 511
CAMP-2>
DEBUG:netmiko:_read_channel_expect read_data: erminal width 511
B2>
DEBUG:netmiko:Pattern found: B2 terminal width 511
B2>
DEBUG:netmiko:_read_channel_expect read_data: erminal length 0
CAMP-1>
DEBUG:netmiko:Pattern found: CAMP\-1 terminal length 0
CAMP-1>
DEBUG:netmiko:terminal length 0
CAMP-1>
DEBUG:netmiko:Exiting disable_paging
DEBUG:netmiko:write_channel: b'terminal width 511\n'
DEBUG:netmiko:Pattern is: CAMP\-1
DEBUG:netmiko:_read_channel_expect read_data: erminal w
DEBUG:netmiko:_read_channel_expect read_data: t
DEBUG:netmiko:_read_channel_expect read_data: erminal width 511
DC>
DEBUG:netmiko:Pattern found: DC terminal width 511
DC>
DEBUG:netmiko:_read_channel_expect read_data: idth 511
CR-SW1>
DEBUG:netmiko:Pattern found: CR\-SW1 terminal width 511
CR-SW1>
DEBUG:netmiko:_read_channel_expect read_data: erminal width 511
CAMP-1>
DEBUG:netmiko:Pattern found: CAMP\-1 terminal width 511
CAMP-1>
DEBUG:netmiko:read_channel: 
DEBUG:netmiko:write_channel: b'\n'
DEBUG:netmiko:Pattern is: B1
DEBUG:netmiko:_read_channel_expect read_data: 

DEBUG:netmiko:read_channel: 
DEBUG:netmiko:write_channel: b'\n'
DEBUG:netmiko:Pattern is: SD\-WN
DEBUG:netmiko:read_channel: 
DEBUG:netmiko:write_channel: b'\n'
DEBUG:netmiko:Pattern is: CR\-R1
DEBUG:netmiko:_read_channel_expect read_data: 

DEBUG:netmiko:read_channel: 
DEBUG:netmiko:write_channel: b'\n'
DEBUG:netmiko:Pattern is: CR\-R2
DEBUG:netmiko:_read_channel_expect read_data: 

DEBUG:netmiko:read_channel: 
DEBUG:netmiko:write_channel: b'\n'
DEBUG:netmiko:Pattern is: CAMP\-2
DEBUG:netmiko:_read_channel_expect read_data: 

DEBUG:netmiko:read_channel: 
DEBUG:netmiko:write_channel: b'\n'
DEBUG:netmiko:Pattern is: B2
DEBUG:netmiko:_read_channel_expect read_data: 

DEBUG:netmiko:_read_channel_expect read_data: 

DEBUG:netmiko:_read_channel_expect read_data: B1>
DEBUG:netmiko:Pattern found: B1 
B1>
DEBUG:netmiko:write_channel: b'enable\n'
DEBUG:netmiko:Pattern is: (B1|ssword)
DEBUG:netmiko:_read_channel_expect read_data: e
DEBUG:netmiko:read_channel: 
DEBUG:netmiko:write_channel: b'\n'
DEBUG:netmiko:Pattern is: DC
DEBUG:netmiko:_read_channel_expect read_data: SD-WN>
DEBUG:netmiko:Pattern found: SD\-WN 
SD-WN>
DEBUG:netmiko:write_channel: b'enable\n'
DEBUG:netmiko:Pattern is: (SD\-WN|ssword)
DEBUG:netmiko:_read_channel_expect read_data: 

DEBUG:netmiko:_read_channel_expect read_data: enabl
DEBUG:netmiko:_read_channel_expect read_data: CR-R1>
DEBUG:netmiko:Pattern found: CR\-R1 
CR-R1>
DEBUG:netmiko:write_channel: b'enable\n'
DEBUG:netmiko:Pattern is: (CR\-R1|ssword)
DEBUG:netmiko:_read_channel_expect read_data: CAMP-2>
DEBUG:netmiko:Pattern found: CAMP\-2 
CAMP-2>
DEBUG:netmiko:write_channel: b'enable\n'
DEBUG:netmiko:Pattern is: (CAMP\-2|ssword)
DEBUG:netmiko:_read_channel_expect read_data: enab
DEBUG:netmiko:_read_channel_expect read_data: ena
DEBUG:netmiko:_read_channel_expect read_data: B2>
DEBUG:netmiko:Pattern found: B2 
B2>
DEBUG:netmiko:write_channel: b'enable\n'
DEBUG:netmiko:Pattern is: (B2|ssword)
DEBUG:netmiko:_read_channel_expect read_data: CR-R2>
DEBUG:netmiko:Pattern found: CR\-R2 
CR-R2>
DEBUG:netmiko:write_channel: b'enable\n'
DEBUG:netmiko:Pattern is: (CR\-R2|ssword)
DEBUG:netmiko:_read_channel_expect read_data: e
DEBUG:netmiko:read_channel: 
DEBUG:netmiko:write_channel: b'\n'
DEBUG:netmiko:Pattern is: CR\-SW1
DEBUG:netmiko:read_channel: 
DEBUG:netmiko:write_channel: b'\n'
DEBUG:netmiko:Pattern is: CAMP\-1
DEBUG:netmiko:_read_channel_expect read_data: nable
Password: 
DEBUG:netmiko:Pattern found: (B1|ssword) enable
Password: 
DEBUG:netmiko:_read_channel_expect read_data: e
DEBUG:netmiko:write_channel: b'cisco\n'
DEBUG:netmiko:_read_channel_expect read_data: 

DEBUG:netmiko:Pattern is: B1
DEBUG:netmiko:_read_channel_expect read_data: 

DEBUG:netmiko:_read_channel_expect read_data: 
B1#
DEBUG:netmiko:Pattern found: B1 
B1#
DEBUG:netmiko:write_channel: b'\n'
DEBUG:netmiko:Pattern is: B1
DEBUG:netmiko:_read_channel_expect read_data: DC>
DEBUG:netmiko:Pattern found: DC 
DC>
DEBUG:netmiko:write_channel: b'enable\n'
DEBUG:netmiko:Pattern is: (DC|ssword)
DEBUG:netmiko:_read_channel_expect read_data: 

DEBUG:netmiko:_read_channel_expect read_data: e
Password: 
DEBUG:netmiko:Pattern found: (SD\-WN|ssword) enable
Password: 
DEBUG:netmiko:write_channel: b'cisco\n'
DEBUG:netmiko:Pattern is: SD\-WN
DEBUG:netmiko:_read_channel_expect read_data: e
DEBUG:netmiko:_read_channel_expect read_data: 
SD-WN#
DEBUG:netmiko:Pattern found: SD\-WN 
SD-WN#
DEBUG:netmiko:write_channel: b'\n'
DEBUG:netmiko:Pattern is: SD\-WN
DEBUG:netmiko:_read_channel_expect read_data: le
Password: 
DEBUG:netmiko:Pattern found: (CR\-R1|ssword) enable
Password: 
DEBUG:netmiko:write_channel: b'cisco\n'
DEBUG:netmiko:Pattern is: CR\-R1
DEBUG:netmiko:_read_channel_expect read_data: 
SD-WN#
DEBUG:netmiko:Pattern found: SD\-WN 
SD-WN#
DEBUG:netmiko:_read_channel_expect read_data: ble
Password: 
DEBUG:netmiko:Pattern found: (CAMP\-2|ssword) enable
Password: 
DEBUG:netmiko:write_channel: b'cisco\n'
DEBUG:netmiko:Pattern is: CAMP\-2
DEBUG:netmiko:_read_channel_expect read_data: 
CR-R1#
DEBUG:netmiko:Pattern found: CR\-R1 
CR-R1#
DEBUG:netmiko:write_channel: b'\n'
DEBUG:netmiko:Pattern is: CR\-R1
DEBUG:netmiko:_read_channel_expect read_data: 

DEBUG:netmiko:_read_channel_expect read_data: 
CAMP-2#
DEBUG:netmiko:Pattern found: CAMP\-2 
CAMP-2#
DEBUG:netmiko:write_channel: b'\n'
DEBUG:netmiko:Pattern is: CAMP\-2
DEBUG:netmiko:_read_channel_expect read_data: 

DEBUG:netmiko:_read_channel_expect read_data: nable
Password: 
DEBUG:netmiko:Pattern found: (B2|ssword) enable
Password: 
DEBUG:netmiko:write_channel: b'cisco\n'
DEBUG:netmiko:Pattern is: B2
DEBUG:netmiko:_read_channel_expect read_data: nable
Password: 
DEBUG:netmiko:Pattern found: (CR\-R2|ssword) enable
Password: 
DEBUG:netmiko:write_channel: b'cisco\n'
DEBUG:netmiko:Pattern is: CR\-R2
DEBUG:netmiko:_read_channel_expect read_data: CR-SW1>
DEBUG:netmiko:Pattern found: CR\-SW1 
CR-SW1>
DEBUG:netmiko:write_channel: b'enable\n'
DEBUG:netmiko:Pattern is: (CR\-SW1|ssword)
DEBUG:netmiko:_read_channel_expect read_data: 
B2#
DEBUG:netmiko:Pattern found: B2 
B2#
DEBUG:netmiko:_read_channel_expect read_data: CAMP-1>
DEBUG:netmiko:Pattern found: CAMP\-1 
CAMP-1>
DEBUG:netmiko:write_channel: b'\n'
DEBUG:netmiko:Pattern is: B2
DEBUG:netmiko:write_channel: b'enable\n'
DEBUG:netmiko:Pattern is: (CAMP\-1|ssword)
DEBUG:netmiko:_read_channel_expect read_data: e
DEBUG:netmiko:_read_channel_expect read_data: 

DEBUG:netmiko:_read_channel_expect read_data: e
DEBUG:netmiko:_read_channel_expect read_data: 
CR-R2#
DEBUG:netmiko:Pattern found: CR\-R2 
CR-R2#
DEBUG:netmiko:write_channel: b'\n'
DEBUG:netmiko:Pattern is: CR\-R2
DEBUG:netmiko:_read_channel_expect read_data: 

DEBUG:netmiko:_read_channel_expect read_data: B1#
DEBUG:netmiko:Pattern found: B1 
B1#
DEBUG:netmiko:_read_channel_expect read_data: nable
Password: 
DEBUG:netmiko:Pattern found: (DC|ssword) enable
Password: 
DEBUG:netmiko:write_channel: b'cisco\n'
DEBUG:netmiko:Pattern is: DC
DEBUG:netmiko:_read_channel_expect read_data: 
DC#
DEBUG:netmiko:Pattern found: DC 
DC#
DEBUG:netmiko:write_channel: b'\n'
DEBUG:netmiko:Pattern is: DC
DEBUG:netmiko:read_channel: 
DEBUG:netmiko:write_channel: b'\n'
DEBUG:netmiko:_read_channel_expect read_data: 

DEBUG:netmiko:_read_channel_expect read_data: CR-R1#
DEBUG:netmiko:Pattern found: CR\-R1 
CR-R1#
DEBUG:netmiko:_read_channel_expect read_data: CAMP-2#
DEBUG:netmiko:Pattern found: CAMP\-2 
CAMP-2#
DEBUG:netmiko:_read_channel_expect read_data: nable
Password: 
DEBUG:netmiko:Pattern found: (CR\-SW1|ssword) enable
Password: 
DEBUG:netmiko:write_channel: b'cisco\n'
DEBUG:netmiko:Pattern is: CR\-SW1
DEBUG:netmiko:_read_channel_expect read_data: B2#
DEBUG:netmiko:Pattern found: B2 
B2#
DEBUG:netmiko:_read_channel_expect read_data: nable
Password: 
DEBUG:netmiko:Pattern found: (CAMP\-1|ssword) enable
Password: 
DEBUG:netmiko:write_channel: b'cisco\n'
DEBUG:netmiko:Pattern is: CAMP\-1
DEBUG:netmiko:_read_channel_expect read_data: CR-R2#
DEBUG:netmiko:read_channel: 
DEBUG:netmiko:Pattern found: CR\-R2 
CR-R2#
DEBUG:netmiko:write_channel: b'\n'
DEBUG:netmiko:_read_channel_expect read_data: 
CAMP-1#
DEBUG:netmiko:Pattern found: CAMP\-1 
CAMP-1#
DEBUG:netmiko:write_channel: b'\n'
DEBUG:netmiko:Pattern is: CAMP\-1
DEBUG:netmiko:_read_channel_expect read_data: 

DEBUG:netmiko:read_channel: 
SD-WN#
DEBUG:netmiko:_read_channel_expect read_data: DC#
DEBUG:netmiko:Pattern found: DC 
DC#
DEBUG:netmiko:read_channel: 
DEBUG:netmiko:write_channel: b'\n'
DEBUG:netmiko:read_channel: 
DEBUG:netmiko:_read_channel_expect read_data: 
CR-SW1#
DEBUG:netmiko:Pattern found: CR\-SW1 
CR-SW1#
DEBUG:netmiko:write_channel: b'\n'
DEBUG:netmiko:write_channel: b'\n'
DEBUG:netmiko:Pattern is: CR\-SW1
DEBUG:netmiko:_read_channel_expect read_data: 

DEBUG:netmiko:read_channel: 
DEBUG:netmiko:write_channel: b'\n'
DEBUG:netmiko:read_channel: 
DEBUG:netmiko:read_channel: 
B1#
DEBUG:netmiko:write_channel: b'\n'
DEBUG:netmiko:_read_channel_expect read_data: CAMP-1#
DEBUG:netmiko:Pattern found: CAMP\-1 
CAMP-1#
DEBUG:netmiko:read_channel: 
DEBUG:netmiko:write_channel: b'\n'
DEBUG:netmiko:read_channel: 
CR-R1#
DEBUG:netmiko:read_channel: 
CAMP-2#
DEBUG:netmiko:_read_channel_expect read_data: CR-SW1#
DEBUG:netmiko:Pattern found: CR\-SW1 
CR-SW1#
DEBUG:netmiko:read_channel: 
B2#
DEBUG:netmiko:read_channel: 
CR-R2#
DEBUG:netmiko:read_channel: 
DEBUG:netmiko:write_channel: b'\n'
DEBUG:netmiko:read_channel: 
DEBUG:netmiko:[find_prompt()]: prompt is SD-WN#
DEBUG:netmiko:read_channel: 
DC#
DEBUG:netmiko:read_channel: 
DEBUG:netmiko:write_channel: b'\n'
DEBUG:netmiko:read_channel: 
DEBUG:netmiko:[find_prompt()]: prompt is B1#
DEBUG:netmiko:read_channel: 
CAMP-1#
DEBUG:netmiko:read_channel: 
DEBUG:netmiko:[find_prompt()]: prompt is CR-R1#
DEBUG:netmiko:read_channel: 
DEBUG:netmiko:[find_prompt()]: prompt is CAMP-2#
DEBUG:netmiko:read_channel: 
CR-SW1#
DEBUG:netmiko:read_channel: 
DEBUG:netmiko:[find_prompt()]: prompt is B2#
DEBUG:netmiko:read_channel: 
DEBUG:netmiko:[find_prompt()]: prompt is CR-R2#
DEBUG:netmiko:read_channel: 
DEBUG:netmiko:[find_prompt()]: prompt is DC#
DEBUG:netmiko:read_channel: 
DEBUG:netmiko:[find_prompt()]: prompt is CAMP-1#
DEBUG:netmiko:read_channel: 
DEBUG:netmiko:write_channel: b'show tech\n'
DEBUG:netmiko:Pattern is: show\ tech
DEBUG:netmiko:_read_channel_expect read_data: s
DEBUG:netmiko:read_channel: 
DEBUG:netmiko:[find_prompt()]: prompt is CR-SW1#
DEBUG:netmiko:read_channel: 
DEBUG:netmiko:write_channel: b'show tech\n'
DEBUG:netmiko:Pattern is: show\ tech
DEBUG:netmiko:_read_channel_expect read_data: s
DEBUG:netmiko:read_channel: 
DEBUG:netmiko:write_channel: b'show tech\n'
DEBUG:netmiko:Pattern is: show\ tech
DEBUG:netmiko:_read_channel_expect read_data: how tech

------------------ show clock ------------------


*21:47:42.191 UTC Mon Aug 24 2020

DEBUG:netmiko:Pattern found: show\ tech show tech

------------------ show clock ------------------


*21:47:42.191 UTC Mon Aug 24 2020

DEBUG:netmiko:_read_channel_expect read_data: s
DEBUG:netmiko:read_channel: 
DEBUG:netmiko:write_channel: b'show tech\n'
DEBUG:netmiko:Pattern is: show\ tech
DEBUG:netmiko:_read_channel_expect read_data: s
DEBUG:netmiko:read_channel: 
DEBUG:netmiko:write_channel: b'show tech\n'
DEBUG:netmiko:Pattern is: show\ tech
DEBUG:netmiko:_read_channel_expect read_data: s
DEBUG:netmiko:read_channel: 
DEBUG:netmiko:write_channel: b'show tech\n'
DEBUG:netmiko:Pattern is: show\ tech
DEBUG:netmiko:_read_channel_expect read_data: how tech

------------------ show version ------------------

Cisco IOS Software, 3700 Software (C3745-ADVIPSERVICESK9-M), Version 12.4(25d), RELEASE SOFTWARE (fc1)
Technical Support: http://www.cisco.com/techsupport
Copyright (c) 1986-2010 by Cisco Systems, Inc.
Compiled Wed 18-Aug-10 08:18 by prod_rel_team

ROM: ROMMON Emulation Microcode
ROM: 3700 Software (C3745-ADVIPSERVICESK9-M), Version 12.4(25d), RELEASE SOFTWARE (fc1)

B1 uptime is 1 hour, 23 minutes
System returned to ROM by unknown reload cause - suspect boot_data[BOOT_COUNT] 0x0, BOOT_COUNT 0, BOOTDATA 19
System image file is "tftp://255.255.255.255/unknown"


This product contains cryptographic features and is subject to United
States and local country laws governing import, export, transfer and
use. Delivery of Cisco cryptographic products does not imply
third-party authority to import, export, distribute or use encryption.
Importers, exporters, distributors and users are responsible for
compliance with U.S. and local country laws. By using this product you
agree to comply with applicable laws and regulations. If you are unable
to comply with U.S. and local laws, return this product immediately.

A summary of U.S. laws governing Cisco cryptographic products may be found at:
http://www.cisco.com/wwl/export/crypto/tool/stqrg.html

If you require further assistance please contact us by sending email to
export@cisco.com.

Cisco 3745 (R7000) processor (revision 2.0) with 249856K/12288K bytes of memory.
Processor board ID FTX0945W0MY
R7000 CPU at 350MHz, Implementation 39, Rev 2.1, 256KB L2, 512KB L3 Cache
5 FastEthernet interfaces
DRAM configuration is 64 bits wide with parity enabled.
151K bytes of NVRAM.
20480K bytes of ATA System CompactFlash (Read/Write)

Configuration register is 0x2102


------------------ show running-config ------------------


Building configuration...

DEBUG:netmiko:Pattern found: show\ tech show tech

------------------ show version ------------------

Cisco IOS Software, 3700 Software (C3745-ADVIPSERVICESK9-M), Version 12.4(25d), RELEASE SOFTWARE (fc1)
Technical Support: http://www.cisco.com/techsupport
Copyright (c) 1986-2010 by Cisco Systems, Inc.
Compiled Wed 18-Aug-10 08:18 by prod_rel_team

ROM: ROMMON Emulation Microcode
ROM: 3700 Software (C3745-ADVIPSERVICESK9-M), Version 12.4(25d), RELEASE SOFTWARE (fc1)

B1 uptime is 1 hour, 23 minutes
System returned to ROM by unknown reload cause - suspect boot_data[BOOT_COUNT] 0x0, BOOT_COUNT 0, BOOTDATA 19
System image file is "tftp://255.255.255.255/unknown"


This product contains cryptographic features and is subject to United
States and local country laws governing import, export, transfer and
use. Delivery of Cisco cryptographic products does not imply
third-party authority to import, export, distribute or use encryption.
Importers, exporters, distributors and users are responsible for
compliance with U.S. and local country laws. By using this product you
agree to comply with applicable laws and regulations. If you are unable
to comply with U.S. and local laws, return this product immediately.

A summary of U.S. laws governing Cisco cryptographic products may be found at:
http://www.cisco.com/wwl/export/crypto/tool/stqrg.html

If you require further assistance please contact us by sending email to
export@cisco.com.

Cisco 3745 (R7000) processor (revision 2.0) with 249856K/12288K bytes of memory.
Processor board ID FTX0945W0MY
R7000 CPU at 350MHz, Implementation 39, Rev 2.1, 256KB L2, 512KB L3 Cache
5 FastEthernet interfaces
DRAM configuration is 64 bits wide with parity enabled.
151K bytes of NVRAM.
20480K bytes of ATA System CompactFlash (Read/Write)

Configuration register is 0x2102


------------------ show running-config ------------------


Building configuration...

DEBUG:netmiko:_read_channel_expect read_data: sh
DEBUG:netmiko:read_channel: 
DEBUG:netmiko:write_channel: b'show tech\n'
DEBUG:netmiko:Pattern is: show\ tech
DEBUG:netmiko:_read_channel_expect read_data: s
DEBUG:netmiko:_read_channel_expect read_data: how tech

------------------ show clock ------------------


*21:47:52.847 UTC Mon Aug 24 2020

DEBUG:netmiko:Pattern found: show\ tech show tech

------------------ show clock ------------------


*21:47:52.847 UTC Mon Aug 24 2020

DEBUG:netmiko:_read_channel_expect read_data: how tech

------------------ show clock ------------------


*21:47:22.471 UTC Mon Aug 24 2020

------------------ show version ------------------


Cisco IOS Software, 7200 Software (C7200-ADVIPSERVICESK9-M), Version 15.2(4)S5, RELEASE SOFTWARE (fc1)
Technical Support: http://www.cisco.com/techsupport
Copyright (c) 1986-2014 by Cisco Systems, Inc.
Compiled Thu 20-Feb-14 06:51 by prod_rel_team

ROM: ROMMON Emulation Microcode
BOOTLDR: 7200 Software (C7200-ADVIPSERVICESK9-M), Version 15.2(4)S5, RELEASE SOFTWARE (fc1)

CAMP-2 uptime is 1 hour, 3 minutes
System returned to ROM by unknown reload cause - suspect boot_data[BOOT_COUNT] 0x0, BOOT_COUNT 0, BOOTDATA 19
System image file is "tftp://255.255.255.255/unknown"
Last reload reason: Unknown reason



This product contains cryptographic features and is subject to United
States and local country laws governing import, export, transfer and
use. Delivery of Cisco cryptographic products does not imply
third-party authority to import, export, distribute or use encryption.
Importers, exporters, distributors and users are responsible for
compliance with U.S. and local country laws. By using this product you
agree to comply with applicable laws and regulations. If you are unable
to comply with U.S. and local laws, return this product immediately.

A summary of U.S. laws governing Cisco cryptographic products may be found at:
http://www.cisco.com/wwl/export/crypto/tool/stqrg.html

If you require further assistance please contact us by sending email to
export@cisco.com.

Cisco 7206VXR (NPE400) processor (revision A) with 491520K/32768K bytes of memory.
Processor board ID 4279256517
R7000 CPU at 150MHz, Implementation 39, Rev 2.1, 256KB L2 Cache
6 slot VXR midplane, Version 2.1

Last reset from power-on

PCI bus mb0_mb1 (Slots 0, 1, 3 and 5) has a capacity of 600 bandwidth points.
Current configuration on bus mb0_mb1 has a total of 1000 bandwidth points. 
The set of PA-2FE, PA-POS-2OC3, and I/O-2FE qualify for "half 
bandwidth points" consideration, when full bandwidth point counting 
results in oversubscription, under the condition that only one of the 
two ports is used. With this adjustment, current configuration on bus 
mb0_mb1 has a total of 600 bandwidth points. 
This configuration is within the PCI bus capacity and is supported 
under the above condition. 

PCI bus mb2 (Slots 2, 4, 6) has a capacity of 600 bandwidth points.
Current configuration on bus mb2 has a total of 400 bandwidth points 
This configuration is within the PCI bus capacity and is supported. 

Please refer to the following document "Cisco 7200 Series Port Adaptor
Hardware Configuration Guidelines" on Cisco.com <http://www.cisco.com>
for c7200 bandwidth points oversubscription and usage guidelines.


7 FastEthernet interfaces
509K bytes of NVRAM.

20480K bytes of ATA PCMCIA card at slot 0 (Sector size 512 bytes).
8192K bytes of Flash internal SIMM (Sector size 256K).
Configuration register is 0x2102


------------------ show running-config ------------------


Building configuration...

DEBUG:netmiko:Pattern found: show\ tech show tech

------------------ show clock ------------------


*21:47:22.471 UTC Mon Aug 24 2020

------------------ show version ------------------


Cisco IOS Software, 7200 Software (C7200-ADVIPSERVICESK9-M), Version 15.2(4)S5, RELEASE SOFTWARE (fc1)
Technical Support: http://www.cisco.com/techsupport
Copyright (c) 1986-2014 by Cisco Systems, Inc.
Compiled Thu 20-Feb-14 06:51 by prod_rel_team

ROM: ROMMON Emulation Microcode
BOOTLDR: 7200 Software (C7200-ADVIPSERVICESK9-M), Version 15.2(4)S5, RELEASE SOFTWARE (fc1)

CAMP-2 uptime is 1 hour, 3 minutes
System returned to ROM by unknown reload cause - suspect boot_data[BOOT_COUNT] 0x0, BOOT_COUNT 0, BOOTDATA 19
System image file is "tftp://255.255.255.255/unknown"
Last reload reason: Unknown reason



This product contains cryptographic features and is subject to United
States and local country laws governing import, export, transfer and
use. Delivery of Cisco cryptographic products does not imply
third-party authority to import, export, distribute or use encryption.
Importers, exporters, distributors and users are responsible for
compliance with U.S. and local country laws. By using this product you
agree to comply with applicable laws and regulations. If you are unable
to comply with U.S. and local laws, return this product immediately.

A summary of U.S. laws governing Cisco cryptographic products may be found at:
http://www.cisco.com/wwl/export/crypto/tool/stqrg.html

If you require further assistance please contact us by sending email to
export@cisco.com.

Cisco 7206VXR (NPE400) processor (revision A) with 491520K/32768K bytes of memory.
Processor board ID 4279256517
R7000 CPU at 150MHz, Implementation 39, Rev 2.1, 256KB L2 Cache
6 slot VXR midplane, Version 2.1

Last reset from power-on

PCI bus mb0_mb1 (Slots 0, 1, 3 and 5) has a capacity of 600 bandwidth points.
Current configuration on bus mb0_mb1 has a total of 1000 bandwidth points. 
The set of PA-2FE, PA-POS-2OC3, and I/O-2FE qualify for "half 
bandwidth points" consideration, when full bandwidth point counting 
results in oversubscription, under the condition that only one of the 
two ports is used. With this adjustment, current configuration on bus 
mb0_mb1 has a total of 600 bandwidth points. 
This configuration is within the PCI bus capacity and is supported 
under the above condition. 

PCI bus mb2 (Slots 2, 4, 6) has a capacity of 600 bandwidth points.
Current configuration on bus mb2 has a total of 400 bandwidth points 
This configuration is within the PCI bus capacity and is supported. 

Please refer to the following document "Cisco 7200 Series Port Adaptor
Hardware Configuration Guidelines" on Cisco.com <http://www.cisco.com>
for c7200 bandwidth points oversubscription and usage guidelines.


7 FastEthernet interfaces
509K bytes of NVRAM.

20480K bytes of ATA PCMCIA card at slot 0 (Sector size 512 bytes).
8192K bytes of Flash internal SIMM (Sector size 256K).
Configuration register is 0x2102


------------------ show running-config ------------------


Building configuration...

DEBUG:netmiko:_read_channel_expect read_data: how tech

------------------ show clock ------------------


*21:48:12.279 UTC Mon Aug 24 2020

------------------ show version ------------------


Cisco IOS Software, 7200 Software (C7200-ADVIPSERVICESK9-M), Version 15.2(4)S5, RELEASE SOFTWARE (fc1)
Technical Support: http://www.cisco.com/techsupport
Copyright (c) 1986-2014 by Cisco Systems, Inc.
Compiled Thu 20-Feb-14 06:51 by prod_rel_team

ROM: ROMMON Emulation Microcode
BOOTLDR: 7200 Software (C7200-ADVIPSERVICESK9-M), Version 15.2(4)S5, RELEASE SOFTWARE (fc1)

B2 uptime is 1 hour, 4 minutes
System returned to ROM by unknown reload cause - suspect boot_data[BOOT_COUNT] 0x0, BOOT_COUNT 0, BOOTDATA 19
System image file is "tftp://255.255.255.255/unknown"
Last reload reason: Unknown reason



This product contains cryptographic features and is subject to United
States and local country laws governing import, export, transfer and
use. Delivery of Cisco cryptographic products does not imply
third-party authority to import, export, distribute or use encryption.
Importers, exporters, distributors and users are responsible for
compliance with U.S. and local country laws. By using this product you
agree to comply with applicable laws and regulations. If you are unable
to comply with U.S. and local laws, return this product immediately.

A summary of U.S. laws governing Cisco cryptographic products may be found at:
http://www.cisco.com/wwl/export/crypto/tool/stqrg.html

If you require further assistance please contact us by sending email to
export@cisco.com.

Cisco 7206VXR (NPE400) processor (revision A) with 491520K/32768K bytes of memory.
Processor board ID 4279256517
R7000 CPU at 150MHz, Implementation 39, Rev 2.1, 256KB L2 Cache
6 slot VXR midplane, Version 2.1

Last reset from power-on

PCI bus mb0_mb1 (Slots 0, 1, 3 and 5) has a capacity of 600 bandwidth points.
Current configuration on bus mb0_mb1 has a total of 1000 bandwidth points. 
The set of PA-2FE, PA-POS-2OC3, and I/O-2FE qualify for "half 
bandwidth points" consideration, when full bandwidth point counting 
results in oversubscription, under the condition that only one of the 
two ports is used. With this adjustment, current configuration on bus 
mb0_mb1 has a total of 600 bandwidth points. 
This configuration is within the PCI bus capacity and is supported 
under the above condition. 

PCI bus mb2 (Slots 2, 4, 6) has a capacity of 600 bandwidth points.
Current configuration on bus mb2 has a total of 400 bandwidth points 
This configuration is within the PCI bus capacity and is supported. 

Please refer to the following document "Cisco 7200 Series Port Adaptor
Hardware Configuration Guidelines" on Cisco.com <http://www.cisco.com>
for c7200 bandwidth points oversubscription and usage guidelines.


7 FastEthernet interfaces
509K bytes of NVRAM.

20480K bytes of ATA PCMCIA card at slot 0 (Sector size 512 bytes).
8192K bytes of Flash internal SIMM (Sector size 256K).
Configuration register is 0x2102


------------------ show running-config ------------------


Building configuration...

DEBUG:netmiko:Pattern found: show\ tech show tech

------------------ show clock ------------------


*21:48:12.279 UTC Mon Aug 24 2020

------------------ show version ------------------


Cisco IOS Software, 7200 Software (C7200-ADVIPSERVICESK9-M), Version 15.2(4)S5, RELEASE SOFTWARE (fc1)
Technical Support: http://www.cisco.com/techsupport
Copyright (c) 1986-2014 by Cisco Systems, Inc.
Compiled Thu 20-Feb-14 06:51 by prod_rel_team

ROM: ROMMON Emulation Microcode
BOOTLDR: 7200 Software (C7200-ADVIPSERVICESK9-M), Version 15.2(4)S5, RELEASE SOFTWARE (fc1)

B2 uptime is 1 hour, 4 minutes
System returned to ROM by unknown reload cause - suspect boot_data[BOOT_COUNT] 0x0, BOOT_COUNT 0, BOOTDATA 19
System image file is "tftp://255.255.255.255/unknown"
Last reload reason: Unknown reason



This product contains cryptographic features and is subject to United
States and local country laws governing import, export, transfer and
use. Delivery of Cisco cryptographic products does not imply
third-party authority to import, export, distribute or use encryption.
Importers, exporters, distributors and users are responsible for
compliance with U.S. and local country laws. By using this product you
agree to comply with applicable laws and regulations. If you are unable
to comply with U.S. and local laws, return this product immediately.

A summary of U.S. laws governing Cisco cryptographic products may be found at:
http://www.cisco.com/wwl/export/crypto/tool/stqrg.html

If you require further assistance please contact us by sending email to
export@cisco.com.

Cisco 7206VXR (NPE400) processor (revision A) with 491520K/32768K bytes of memory.
Processor board ID 4279256517
R7000 CPU at 150MHz, Implementation 39, Rev 2.1, 256KB L2 Cache
6 slot VXR midplane, Version 2.1

Last reset from power-on

PCI bus mb0_mb1 (Slots 0, 1, 3 and 5) has a capacity of 600 bandwidth points.
Current configuration on bus mb0_mb1 has a total of 1000 bandwidth points. 
The set of PA-2FE, PA-POS-2OC3, and I/O-2FE qualify for "half 
bandwidth points" consideration, when full bandwidth point counting 
results in oversubscription, under the condition that only one of the 
two ports is used. With this adjustment, current configuration on bus 
mb0_mb1 has a total of 600 bandwidth points. 
This configuration is within the PCI bus capacity and is supported 
under the above condition. 

PCI bus mb2 (Slots 2, 4, 6) has a capacity of 600 bandwidth points.
Current configuration on bus mb2 has a total of 400 bandwidth points 
This configuration is within the PCI bus capacity and is supported. 

Please refer to the following document "Cisco 7200 Series Port Adaptor
Hardware Configuration Guidelines" on Cisco.com <http://www.cisco.com>
for c7200 bandwidth points oversubscription and usage guidelines.


7 FastEthernet interfaces
509K bytes of NVRAM.

20480K bytes of ATA PCMCIA card at slot 0 (Sector size 512 bytes).
8192K bytes of Flash internal SIMM (Sector size 256K).
Configuration register is 0x2102


------------------ show running-config ------------------


Building configuration...

DEBUG:netmiko:_read_channel_expect read_data: ow tech

------------------ show clock ------------------


*21:47:42.763 UTC Mon Aug 24 2020

------------------ show version ------------------


Cisco IOS Software, 7200 Software (C7200-ADVIPSERVICESK9-M), Version 15.2(4)S5, RELEASE SOFTWARE (fc1)
Technical Support: http://www.cisco.com/techsupport
Copyright (c) 1986-2014 by Cisco Systems, Inc.
Compiled Thu 20-Feb-14 06:51 by prod_rel_team

ROM: ROMMON Emulation Microcode
BOOTLDR: 7200 Software (C7200-ADVIPSERVICESK9-M), Version 15.2(4)S5, RELEASE SOFTWARE (fc1)

CR-R2 uptime is 1 hour, 3 minutes
System returned to ROM by unknown reload cause - suspect boot_data[BOOT_COUNT] 0x0, BOOT_COUNT 0, BOOTDATA 19
System image file is "tftp://255.255.255.255/unknown"
Last reload reason: Unknown reason



This product contains cryptographic features and is subject to United
States and local country laws governing import, export, transfer and
use. Delivery of Cisco cryptographic products does not imply
third-party authority to import, export, distribute or use encryption.
Importers, exporters, distributors and users are responsible for
compliance with U.S. and local country laws. By using this product you
agree to comply with applicable laws and regulations. If you are unable
to comply with U.S. and local laws, return this product immediately.

A summary of U.S. laws governing Cisco cryptographic products may be found at:
http://www.cisco.com/wwl/export/crypto/tool/stqrg.html

If you require further assistance please contact us by sending email to
export@cisco.com.

Cisco 7206VXR (NPE400) processor (revision A) with 491520K/32768K bytes of memory.
Processor board ID 4279256517
R7000 CPU at 150MHz, Implementation 39, Rev 2.1, 256KB L2 Cache
6 slot VXR midplane, Version 2.1

Last reset from power-on

PCI bus mb0_mb1 (Slots 0, 1, 3 and 5) has a capacity of 600 bandwidth points.
Current configuration on bus mb0_mb1 has a total of 1000 bandwidth points. 
The set of PA-2FE, PA-POS-2OC3, and I/O-2FE qualify for "half 
bandwidth points" consideration, when full bandwidth point counting 
results in oversubscription, under the condition that only one of the 
two ports is used. With this adjustment, current configuration on bus 
mb0_mb1 has a total of 600 bandwidth points. 
This configuration is within the PCI bus capacity and is supported 
under the above condition. 

PCI bus mb2 (Slots 2, 4, 6) has a capacity of 600 bandwidth points.
Current configuration on bus mb2 has a total of 400 bandwidth points 
This configuration is within the PCI bus capacity and is supported. 

Please refer to the following document "Cisco 7200 Series Port Adaptor
Hardware Configuration Guidelines" on Cisco.com <http://www.cisco.com>
for c7200 bandwidth points oversubscription and usage guidelines.


7 FastEthernet interfaces
509K bytes of NVRAM.

20480K bytes of ATA PCMCIA card at slot 0 (Sector size 512 bytes).
8192K bytes of Flash internal SIMM (Sector size 256K).
Configuration register is 0x2102


------------------ show running-config ------------------


Building configuration...

DEBUG:netmiko:Pattern found: show\ tech show tech

------------------ show clock ------------------


*21:47:42.763 UTC Mon Aug 24 2020

------------------ show version ------------------


Cisco IOS Software, 7200 Software (C7200-ADVIPSERVICESK9-M), Version 15.2(4)S5, RELEASE SOFTWARE (fc1)
Technical Support: http://www.cisco.com/techsupport
Copyright (c) 1986-2014 by Cisco Systems, Inc.
Compiled Thu 20-Feb-14 06:51 by prod_rel_team

ROM: ROMMON Emulation Microcode
BOOTLDR: 7200 Software (C7200-ADVIPSERVICESK9-M), Version 15.2(4)S5, RELEASE SOFTWARE (fc1)

CR-R2 uptime is 1 hour, 3 minutes
System returned to ROM by unknown reload cause - suspect boot_data[BOOT_COUNT] 0x0, BOOT_COUNT 0, BOOTDATA 19
System image file is "tftp://255.255.255.255/unknown"
Last reload reason: Unknown reason



This product contains cryptographic features and is subject to United
States and local country laws governing import, export, transfer and
use. Delivery of Cisco cryptographic products does not imply
third-party authority to import, export, distribute or use encryption.
Importers, exporters, distributors and users are responsible for
compliance with U.S. and local country laws. By using this product you
agree to comply with applicable laws and regulations. If you are unable
to comply with U.S. and local laws, return this product immediately.

A summary of U.S. laws governing Cisco cryptographic products may be found at:
http://www.cisco.com/wwl/export/crypto/tool/stqrg.html

If you require further assistance please contact us by sending email to
export@cisco.com.

Cisco 7206VXR (NPE400) processor (revision A) with 491520K/32768K bytes of memory.
Processor board ID 4279256517
R7000 CPU at 150MHz, Implementation 39, Rev 2.1, 256KB L2 Cache
6 slot VXR midplane, Version 2.1

Last reset from power-on

PCI bus mb0_mb1 (Slots 0, 1, 3 and 5) has a capacity of 600 bandwidth points.
Current configuration on bus mb0_mb1 has a total of 1000 bandwidth points. 
The set of PA-2FE, PA-POS-2OC3, and I/O-2FE qualify for "half 
bandwidth points" consideration, when full bandwidth point counting 
results in oversubscription, under the condition that only one of the 
two ports is used. With this adjustment, current configuration on bus 
mb0_mb1 has a total of 600 bandwidth points. 
This configuration is within the PCI bus capacity and is supported 
under the above condition. 

PCI bus mb2 (Slots 2, 4, 6) has a capacity of 600 bandwidth points.
Current configuration on bus mb2 has a total of 400 bandwidth points 
This configuration is within the PCI bus capacity and is supported. 

Please refer to the following document "Cisco 7200 Series Port Adaptor
Hardware Configuration Guidelines" on Cisco.com <http://www.cisco.com>
for c7200 bandwidth points oversubscription and usage guidelines.


7 FastEthernet interfaces
509K bytes of NVRAM.

20480K bytes of ATA PCMCIA card at slot 0 (Sector size 512 bytes).
8192K bytes of Flash internal SIMM (Sector size 256K).
Configuration register is 0x2102


------------------ show running-config ------------------


Building configuration...

DEBUG:netmiko:read_channel: 
DEBUG:netmiko:write_channel: b'show tech\n'
DEBUG:netmiko:Pattern is: show\ tech
DEBUG:netmiko:_read_channel_expect read_data: show tec
DEBUG:netmiko:_read_channel_expect read_data: how tech

------------------ show clock ------------------


*21:47:32.031 UTC Mon Aug 24 2020

------------------ show version ------------------


Cisco IOS Software, 7200 Software (C7200-ADVIPSERVICESK9-M), Version 15.2(4)S5, RELEASE SOFTWARE (fc1)
Technical Support: http://www.cisco.com/techsupport
Copyright (c) 1986-2014 by Cisco Systems, Inc.
Compiled Thu 20-Feb-14 06:51 by prod_rel_team

ROM: ROMMON Emulation Microcode
BOOTLDR: 7200 Software (C7200-ADVIPSERVICESK9-M), Version 15.2(4)S5, RELEASE SOFTWARE (fc1)

DC uptime is 1 hour, 3 minutes
System returned to ROM by unknown reload cause - suspect boot_data[BOOT_COUNT] 0x0, BOOT_COUNT 0, BOOTDATA 19
System image file is "tftp://255.255.255.255/unknown"
Last reload reason: Unknown reason



This product contains cryptographic features and is subject to United
States and local country laws governing import, export, transfer and
use. Delivery of Cisco cryptographic products does not imply
third-party authority to import, export, distribute or use encryption.
Importers, exporters, distributors and users are responsible for
compliance with U.S. and local country laws. By using this product you
agree to comply with applicable laws and regulations. If you are unable
to comply with U.S. and local laws, return this product immediately.

A summary of U.S. laws governing Cisco cryptographic products may be found at:
http://www.cisco.com/wwl/export/crypto/tool/stqrg.html

If you require further assistance please contact us by sending email to
export@cisco.com.

Cisco 7206VXR (NPE400) processor (revision A) with 491520K/32768K bytes of memory.
Processor board ID 4279256517
R7000 CPU at 150MHz, Implementation 39, Rev 2.1, 256KB L2 Cache
6 slot VXR midplane, Version 2.1

Last reset from power-on

PCI bus mb0_mb1 (Slots 0, 1, 3 and 5) has a capacity of 600 bandwidth points.
Current configuration on bus mb0_mb1 has a total of 1000 bandwidth points. 
The set of PA-2FE, PA-POS-2OC3, and I/O-2FE qualify for "half 
bandwidth points" consideration, when full bandwidth point counting 
results in oversubscription, under the condition that only one of the 
two ports is used. With this adjustment, current configuration on bus 
mb0_mb1 has a total of 600 bandwidth points. 
This configuration is within the PCI bus capacity and is supported 
under the above condition. 

PCI bus mb2 (Slots 2, 4, 6) has a capacity of 600 bandwidth points.
Current configuration on bus mb2 has a total of 400 bandwidth points 
This configuration is within the PCI bus capacity and is supported. 

Please refer to the following document "Cisco 7200 Series Port Adaptor
Hardware Configuration Guidelines" on Cisco.com <http://www.cisco.com>
for c7200 bandwidth points oversubscription and usage guidelines.


7 FastEthernet interfaces
509K bytes of NVRAM.

20480K bytes of ATA PCMCIA card at slot 0 (Sector size 512 bytes).
8192K bytes of Flash internal SIMM (Sector size 256K).
Configuration register is 0x2102


------------------ show running-config ------------------


Building configuration...

DEBUG:netmiko:Pattern found: show\ tech show tech

------------------ show clock ------------------


*21:47:32.031 UTC Mon Aug 24 2020

------------------ show version ------------------


Cisco IOS Software, 7200 Software (C7200-ADVIPSERVICESK9-M), Version 15.2(4)S5, RELEASE SOFTWARE (fc1)
Technical Support: http://www.cisco.com/techsupport
Copyright (c) 1986-2014 by Cisco Systems, Inc.
Compiled Thu 20-Feb-14 06:51 by prod_rel_team

ROM: ROMMON Emulation Microcode
BOOTLDR: 7200 Software (C7200-ADVIPSERVICESK9-M), Version 15.2(4)S5, RELEASE SOFTWARE (fc1)

DC uptime is 1 hour, 3 minutes
System returned to ROM by unknown reload cause - suspect boot_data[BOOT_COUNT] 0x0, BOOT_COUNT 0, BOOTDATA 19
System image file is "tftp://255.255.255.255/unknown"
Last reload reason: Unknown reason



This product contains cryptographic features and is subject to United
States and local country laws governing import, export, transfer and
use. Delivery of Cisco cryptographic products does not imply
third-party authority to import, export, distribute or use encryption.
Importers, exporters, distributors and users are responsible for
compliance with U.S. and local country laws. By using this product you
agree to comply with applicable laws and regulations. If you are unable
to comply with U.S. and local laws, return this product immediately.

A summary of U.S. laws governing Cisco cryptographic products may be found at:
http://www.cisco.com/wwl/export/crypto/tool/stqrg.html

If you require further assistance please contact us by sending email to
export@cisco.com.

Cisco 7206VXR (NPE400) processor (revision A) with 491520K/32768K bytes of memory.
Processor board ID 4279256517
R7000 CPU at 150MHz, Implementation 39, Rev 2.1, 256KB L2 Cache
6 slot VXR midplane, Version 2.1

Last reset from power-on

PCI bus mb0_mb1 (Slots 0, 1, 3 and 5) has a capacity of 600 bandwidth points.
Current configuration on bus mb0_mb1 has a total of 1000 bandwidth points. 
The set of PA-2FE, PA-POS-2OC3, and I/O-2FE qualify for "half 
bandwidth points" consideration, when full bandwidth point counting 
results in oversubscription, under the condition that only one of the 
two ports is used. With this adjustment, current configuration on bus 
mb0_mb1 has a total of 600 bandwidth points. 
This configuration is within the PCI bus capacity and is supported 
under the above condition. 

PCI bus mb2 (Slots 2, 4, 6) has a capacity of 600 bandwidth points.
Current configuration on bus mb2 has a total of 400 bandwidth points 
This configuration is within the PCI bus capacity and is supported. 

Please refer to the following document "Cisco 7200 Series Port Adaptor
Hardware Configuration Guidelines" on Cisco.com <http://www.cisco.com>
for c7200 bandwidth points oversubscription and usage guidelines.


7 FastEthernet interfaces
509K bytes of NVRAM.

20480K bytes of ATA PCMCIA card at slot 0 (Sector size 512 bytes).
8192K bytes of Flash internal SIMM (Sector size 256K).
Configuration register is 0x2102


------------------ show running-config ------------------


Building configuration...

DEBUG:netmiko:read_channel: 
------------------ show version ------------------


Cisco IOS Software, 7200 Software (C7200-ADVIPSERVICESK9-M), Version 15.2(4)S5, RELEASE SOFTWARE (fc1)
Technical Support: http://www.cisco.com/techsupport
Copyright (c) 1986-2014 by Cisco Systems, Inc.
Compiled Thu 20-Feb-14 06:51 by prod_rel_team

ROM: ROMMON Emulation Microcode
BOOTLDR: 7200 Software (C7200-ADVIPSERVICESK9-M), Version 15.2(4)S5, RELEASE SOFTWARE (fc1)

SD-WN uptime is 1 hour, 3 minutes
System returned to ROM by unknown reload cause - suspect boot_data[BOOT_COUNT] 0x0, BOOT_COUNT 0, BOOTDATA 19
System image file is "tftp://255.255.255.255/unknown"
Last reload reason: Unknown reason



This product contains cryptographic features and is subject to United
States and local country laws governing import, export, transfer and
use. Delivery of Cisco cryptographic products does not imply
third-party authority to import, export, distribute or use encryption.
Importers, exporters, distributors and users are responsible for
compliance with U.S. and local country laws. By using this product you
agree to comply with applicable laws and regulations. If you are unable
to comply with U.S. and local laws, return this product immediately.

A summary of U.S. laws governing Cisco cryptographic products may be found at:
http://www.cisco.com/wwl/export/crypto/tool/stqrg.html

If you require further assistance please contact us by sending email to
export@cisco.com.

Cisco 7206VXR (NPE400) processor (revision A) with 491520K/32768K bytes of memory.
Processor board ID 4279256517
R7000 CPU at 150MHz, Implementation 39, Rev 2.1, 256KB L2 Cache
6 slot VXR midplane, Version 2.1

Last reset from power-on

PCI bus mb0_mb1 (Slots 0, 1, 3 and 5) has a capacity of 600 bandwidth points.
Current configuration on bus mb0_mb1 has a total of 1000 bandwidth points. 
The set of PA-2FE, PA-POS-2OC3, and I/O-2FE qualify for "half 
bandwidth points" consideration, when full bandwidth point counting 
results in oversubscription, under the condition that only one of the 
two ports is used. With this adjustment, current configuration on bus 
mb0_mb1 has a total of 600 bandwidth points. 
This configuration is within the PCI bus capacity and is supported 
under the above condition. 

PCI bus mb2 (Slots 2, 4, 6) has a capacity of 600 bandwidth points.
Current configuration on bus mb2 has a total of 400 bandwidth points 
This configuration is within the PCI bus capacity and is supported. 

Please refer to the following document "Cisco 7200 Series Port Adaptor
Hardware Configuration Guidelines" on Cisco.com <http://www.cisco.com>
for c7200 bandwidth points oversubscription and usage guidelines.


7 FastEthernet interfaces
509K bytes of NVRAM.

20480K bytes of ATA PCMCIA card at slot 0 (Sector size 512 bytes).
8192K bytes of Flash internal SIMM (Sector size 256K).
Configuration register is 0x2102


------------------ show running-config ------------------


Building configuration...

DEBUG:netmiko:read_channel: 
DEBUG:netmiko:write_channel: b'show tech\n'
DEBUG:netmiko:Pattern is: show\ tech
DEBUG:netmiko:_read_channel_expect read_data: s
DEBUG:netmiko:read_channel: 
DEBUG:netmiko:_read_channel_expect read_data: h

------------------ show clock ------------------


*21:47:22.995 UTC Mon Aug 24 2020

DEBUG:netmiko:Pattern found: show\ tech show tech

------------------ show clock ------------------


*21:47:22.995 UTC Mon Aug 24 2020

DEBUG:netmiko:read_channel: 
------------------ show version ------------------


Cisco IOS Software, 7200 Software (C7200-ADVIPSERVICESK9-M), Version 15.2(4)S5, RELEASE SOFTWARE (fc1)
Technical Support: http://www.cisco.com/techsupport
Copyright (c) 1986-2014 by Cisco Systems, Inc.
Compiled Thu 20-Feb-14 06:51 by prod_rel_team

ROM: ROMMON Emulation Microcode
BOOTLDR: 7200 Software (C7200-ADVIPSERVICESK9-M), Version 15.2(4)S5, RELEASE SOFTWARE (fc1)

CR-R1 uptime is 1 hour, 4 minutes
System returned to ROM by unknown reload cause - suspect boot_data[BOOT_COUNT] 0x0, BOOT_COUNT 0, BOOTDATA 19
System image file is "tftp://255.255.255.255/unknown"
Last reload reason: Unknown reason



This product contains cryptographic features and is subject to United
States and local country laws governing import, export, transfer and
use. Delivery of Cisco cryptographic products does not imply
third-party authority to import, export, distribute or use encryption.
Importers, exporters, distributors and users are responsible for
compliance with U.S. and local country laws. By using this product you
agree to comply with applicable laws and regulations. If you are unable
to comply with U.S. and local laws, return this product immediately.

A summary of U.S. laws governing Cisco cryptographic products may be found at:
http://www.cisco.com/wwl/export/crypto/tool/stqrg.html

If you require further assistance please contact us by sending email to
export@cisco.com.

Cisco 7206VXR (NPE400) processor (revision A) with 491520K/32768K bytes of memory.
Processor board ID 4279256517
R7000 CPU at 150MHz, Implementation 39, Rev 2.1, 256KB L2 Cache
6 slot VXR midplane, Version 2.1

Last reset from power-on

PCI bus mb0_mb1 (Slots 0, 1, 3 and 5) has a capacity of 600 bandwidth points.
Current configuration on bus mb0_mb1 has a total of 1000 bandwidth points. 
The set of PA-2FE, PA-POS-2OC3, and I/O-2FE qualify for "half 
bandwidth points" consideration, when full bandwidth point counting 
results in oversubscription, under the condition that only one of the 
two ports is used. With this adjustment, current configuration on bus 
mb0_mb1 has a total of 600 bandwidth points. 
This configuration is within the PCI bus capacity and is supported 
under the above condition. 

PCI bus mb2 (Slots 2, 4, 6) has a capacity of 600 bandwidth points.
Current configuration on bus mb2 has a total of 400 bandwidth points 
This configuration is within the PCI bus capacity and is supported. 

Please refer to the following document "Cisco 7200 Series Port Adaptor
Hardware Configuration Guidelines" on Cisco.com <http://www.cisco.com>
for c7200 bandwidth points oversubscription and usage guidelines.


7 FastEthernet interfaces
509K bytes of NVRAM.

20480K bytes of ATA PCMCIA card at slot 0 (Sector size 512 bytes).
8192K bytes of Flash internal SIMM (Sector size 256K).
Configuration register is 0x2102


------------------ show running-config ------------------


Building configuration...

DEBUG:netmiko:read_channel: 
DEBUG:netmiko:_read_channel_expect read_data: how tech

DEBUG:netmiko:Pattern found: show\ tech show tech

DEBUG:netmiko:read_channel: 
DEBUG:netmiko:read_channel: 
DEBUG:netmiko:read_channel: 
DEBUG:netmiko:read_channel: 
DEBUG:netmiko:read_channel: 
DEBUG:netmiko:read_channel: 
------------------ show version ------------------


Cisco IOS Software, 7200 Software (C7200-ADVIPSERVICESK9-M), Version 15.2(4)S5, RELEASE SOFTWARE (fc1)
Technical Support: http://www.cisco.com/techsupport
Copyright (c) 1986-2014 by Cisco Systems, Inc.
Compiled Thu 20-Feb-14 06:51 by prod_rel_team

ROM: ROMMON Emulation Microcode
BOOTLDR: 7200 Software (C7200-ADVIPSERVICESK9-M), Version 15.2(4)S5, RELEASE SOFTWARE (fc1)

CAMP-1 uptime is 1 hour, 3 minutes
System returned to ROM by unknown reload cause - suspect boot_data[BOOT_COUNT] 0x0, BOOT_COUNT 0, BOOTDATA 19
System image file is "tftp://255.255.255.255/unknown"
Last reload reason: Unknown reason



This product contains cryptographic features and is subject to United
States and local country laws governing import, export, transfer and
use. Delivery of Cisco cryptographic products does not imply
third-party authority to import, export, distribute or use encryption.
Importers, exporters, distributors and users are responsible for
compliance with U.S. and local country laws. By using this product you
agree to comply with applicable laws and regulations. If you are unable
to comply with U.S. and local laws, return this product immediately.

A summary of U.S. laws governing Cisco cryptographic products may be found at:
http://www.cisco.com/wwl/export/crypto/tool/stqrg.html

If you require further assistance please contact us by sending email to
export@cisco.com.

Cisco 7206VXR (NPE400) processor (revision A) with 491520K/32768K bytes of memory.
Processor board ID 4279256517
R7000 CPU at 150MHz, Implementation 39, Rev 2.1, 256KB L2 Cache
6 slot VXR midplane, Version 2.1

Last reset from power-on

PCI bus mb0_mb1 (Slots 0, 1, 3 and 5) has a capacity of 600 bandwidth points.
Current configuration on bus mb0_mb1 has a total of 1000 bandwidth points. 
The set of PA-2FE, PA-POS-2OC3, and I/O-2FE qualify for "half 
bandwidth points" consideration, when full bandwidth point counting 
results in oversubscription, under the condition that only one of the 
two ports is used. With this adjustment, current configuration on bus 
mb0_mb1 has a total of 600 bandwidth points. 
This configuration is within the PCI bus capacity and is supported 
under the above condition. 

PCI bus mb2 (Slots 2, 4, 6) has a capacity of 600 bandwidth points.
Current configuration on bus mb2 has a total of 400 bandwidth points 
This configuration is within the PCI bus capacity and is supported. 

Please refer to the following document "Cisco 7200 Series Port Adaptor
Hardware Configuration Guidelines" on Cisco.com <http://www.cisco.com>
for c7200 bandwidth points oversubscription and usage guidelines.


7 FastEthernet interfaces
509K bytes of NVRAM.

20480K bytes of ATA PCMCIA card at slot 0 (Sector size 512 bytes).
8192K bytes of Flash internal SIMM (Sector size 256K).
Configuration register is 0x2102


------------------ show running-config ------------------


Building configuration...

DEBUG:netmiko:read_channel: 
DEBUG:netmiko:read_channel: 
DEBUG:netmiko:read_channel: 
------------------ show version ------------------

Cisco IOS Software, 3700 Software (C3725-ADVENTERPRISEK9-M), Version 12.4(15)T7, RELEASE SOFTWARE (fc3)
Technical Support: http://www.cisco.com/techsupport
Copyright (c) 1986-2008 by Cisco Systems, Inc.
Compiled Wed 13-Aug-08 21:36 by prod_rel_team

ROM: ROMMON Emulation Microcode
ROM: 3700 Software (C3725-ADVENTERPRISEK9-M), Version 12.4(15)T7, RELEASE SOFTWARE (fc3)

CR-SW1 uptime is 1 hour, 26 minutes
System returned to ROM by unknown reload cause - suspect boot_data[BOOT_COUNT] 0x0, BOOT_COUNT 0, BOOTDATA 19
System image file is "tftp://255.255.255.255/unknown"


This product contains cryptographic features and is subject to United
States and local country laws governing import, export, transfer and
use. Delivery of Cisco cryptographic products does not imply
third-party authority to import, export, distribute or use encryption.
Importers, exporters, distributors and users are responsible for
compliance with U.S. and local country laws. By using this product you
agree to comply with applicable laws and regulations. If you are unable
to comply with U.S. and local laws, return this product immediately.

A summary of U.S. laws governing Cisco cryptographic products may be found at:
http://www.cisco.com/wwl/export/crypto/tool/stqrg.html

If you require further assistance please contact us by sending email to
export@cisco.com.

Cisco 3725 (R7000) processor (revision 0.1) with 187392K/9216K bytes of memory.
Processor board ID FTX0945W0MY
R7000 CPU at 240MHz, Implementation 39, Rev 2.1, 256KB L2, 512KB L3 Cache
18 FastEthernet interfaces
DRAM configuration is 64 bits wide with parity enabled.
55K bytes of NVRAM.
65536K bytes of ATA System CompactFlash (Read/Write)

Configuration register is 0x2102


------------------ show running-config ------------------


Building configuration...

DEBUG:netmiko:read_channel: 
DEBUG:netmiko:read_channel: 
DEBUG:netmiko:read_channel: 
DEBUG:netmiko:read_channel: 
DEBUG:netmiko:read_channel: 
DEBUG:netmiko:read_channel: 
DEBUG:netmiko:read_channel: 
DEBUG:netmiko:read_channel: 
DEBUG:netmiko:read_channel: 
DEBUG:netmiko:read_channel: 
DEBUG:netmiko:read_channel: 
DEBUG:netmiko:read_channel: 
DEBUG:netmiko:read_channel: 
DEBUG:netmiko:read_channel: 
DEBUG:netmiko:read_channel: 
DEBUG:netmiko:read_channel: 
DEBUG:netmiko:read_channel: 
DEBUG:netmiko:read_channel: 
DEBUG:netmiko:read_channel: 
DEBUG:netmiko:read_channel: 
DEBUG:netmiko:read_channel: 
DEBUG:netmiko:read_channel: 
DEBUG:netmiko:read_channel: 
DEBUG:netmiko:read_channel: 
DEBUG:netmiko:read_channel: 
DEBUG:netmiko:read_channel: 
DEBUG:netmiko:read_channel: 
DEBUG:netmiko:read_channel: 
Current configuration : 3331 bytes
!
version 15.2
service timestamps debug datetime msec
service timestamps log datetime msec
!
hostname B2
!
boot-start-marker
boot-end-marker
!
!
enable secret 5 <removed>
!
aaa new-model
!
!
aaa authentication login default local
aaa authorization exec default local if-authenticated 
aaa accounting exec default
!
!
!
!
!
!
aaa session-id common
no ip icmp rate-limit unreachable
ip cef
!
!
!
!
!
!
no ip domain lookup
ip domain name gns3.lab
no ipv6 cef
!
!
multilink bundle-name authenticated
!
!
file prompt quiet
!
!
!
!
!
username admin password 0 <removed>
username suhas privilege 15 password 0 <removed>
!
!
ip tcp synwait-time 5
ip scp server enable
! 
!
!
!
!
!
!
!
!
!
!
!
interface Loopback2
 ip address 2.2.2.2 255.255.255.255
!
interface Loopback22
 ip address 22.22.22.22 255.255.255.255
!
interface Loopback190
 ip address 190.1.1.2 255.255.255.255
!
interface Loopback200
 ip address 100.100.100.100 255.255.255.255
!
interface Loopback202
 ip address 202.202.202.202 255.255.255.255
!
interface Loopback220
 ip address 220.220.220.220 255.255.255.255
!
interface Loopback222
 ip address 222.222.222.222 255.255.255.255
!
interface FastEthernet0/0
 ip address 172.16.2.2 255.255.255.252
 duplex full
!
interface FastEthernet1/0
 no ip address
 shutdown
 speed auto
 duplex auto
!
interface FastEthernet1/1
 no ip address
 shutdown
 speed auto
 duplex auto
!
interface FastEthernet2/0
 no ip address
 shutdown
 speed auto
 duplex auto
!
interface FastEthernet2/1
 no ip address
 shutdown
 speed auto
 duplex auto
!
interface FastEthernet3/0
 ip address 123.123.1.12 255.255.255.0
 speed auto
 duplex auto
!
interface FastEthernet3/1
 no ip address
 shutdown
 speed auto
 duplex auto
!
router rip
 network 0.0.0.0
!
router bgp 3000
 bgp log-neighbor-changes
 network 2.2.2.2 mask 255.255.255.255
 network 22.22.22.22 mask 255.255.255.255
 network 172.16.1.0 mask 255.255.255.252
 network 190.1.1.2 mask 255.255.255.255
 network 200.200.200.200 mask 255.255.255.255
 network 202.202.202.202 mask 255.255.255.255
 network 220.220.220.220 mask 255.255.255.255
 network 222.222.222.222 mask 255.255.255.255
 neighbor 172.16.2.1 remote-as 4000
 neighbor 172.16.2.1 default-originate
 default-information originate
!
ip forward-protocol nd
!
!
no ip http server
no ip http secure-server
!
ip access-list extended interface_acl
 remark Allow EAPoUDP
 permit udp any any eq 21862
 remark Allow DHCP
 permit udp any eq bootpc any eq bootps
 remark Allow DNS
 permit udp any any eq domain
 remark Allow HTTP access to update server
 permit tcp any host 10.0.200.30 eq www
 remark Allow ICMP for test purposes
 permit icmp any any
 remark Implicit Deny
 deny   ip any any
!
access-list 102 deny   tcp any any eq ftp
access-list 102 deny   tcp any any eq ftp-data
access-list 102 deny   tcp any any eq telnet
access-list 102 deny   tcp any any eq www
access-list 102 deny   tcp any any eq whois
access-list 102 deny   tcp any any eq talk
access-list 102 deny   tcp any any eq gopher
access-list 102 permit ip any any
!
!
!
!
control-plane
!
banner motd ^COnly Authorized Users granted. Unauthorized access prohibited!^C
!
line con 0
 exec-timeout 0 0
 privilege level 15
 logging synchronous
 stopbits 1
line aux 0
 exec-timeout 0 0
 privilege level 15
 logging synchronous
 stopbits 1
line vty 0 4
 transport input ssh
!
!
end


DEBUG:netmiko:read_channel: 
DEBUG:netmiko:read_channel: 
DEBUG:netmiko:read_channel: 
DEBUG:netmiko:read_channel: 
Current configuration : 3553 bytes
!
version 12.4
service timestamps debug datetime msec
service timestamps log datetime msec
no service password-encryption
!
hostname B1
!
boot-start-marker
boot-end-marker
!
enable secret 5 <removed>
!
no aaa new-model
memory-size iomem 5
no ip icmp rate-limit unreachable
ip cef
!
!
!
!
no ip domain lookup
ip domain name gns3.lab
ip auth-proxy max-nodata-conns 3
ip admission max-nodata-conns 3
!
!
!
!
!
!
!
!
!
!
!
!
!
!
!
file prompt quiet
username admin password 0 <removed>
username suhas privilege 15 password 0 <removed>
!
!
ip tcp synwait-time 5
ip ssh version 2
ip scp server enable
! 
!
!
!
!
interface Loopback1
 ip address 1.1.1.1 255.255.255.255
!
interface Loopback11
 ip address 11.11.11.11 255.255.255.255
!
interface Loopback100
 ip address 100.100.100.100 255.255.255.255
!
interface Loopback101
 ip address 101.101.101.101 255.255.255.255
!
interface Loopback110
 ip address 110.110.110.110 255.255.255.255
!
interface Loopback111
 ip address 111.111.111.111 255.255.255.255
!
interface Loopback190
 ip address 190.1.1.1 255.255.255.255
!
interface FastEthernet0/0
 ip address 172.16.1.2 255.255.255.252
 speed 100
 full-duplex
!
interface FastEthernet0/1
 no ip address
 shutdown
 duplex auto
 speed auto
!
interface FastEthernet1/0
 no ip address
 shutdown
 duplex auto
 speed auto
!
interface FastEthernet2/0
 no ip address
 shutdown
 duplex auto
 speed auto
!
interface FastEthernet3/0
 description *****MNGMT*****
 ip address 123.123.1.11 255.255.255.0
 duplex auto
 speed auto
!
router bgp 1000
 no synchronization
 bgp log-neighbor-changes
 network 1.1.1.1 mask 255.255.255.255
 network 11.11.11.11 mask 255.255.255.255
 network 100.100.100.100 mask 255.255.255.255
 network 101.101.101.101 mask 255.255.255.255
 network 110.110.110.110 mask 255.255.255.255
 network 111.111.111.111 mask 255.255.255.255
 network 172.16.1.0 mask 255.255.255.252
 network 190.1.1.1 mask 255.255.255.255
 neighbor 172.16.1.1 remote-as 2000
 neighbor 172.16.1.1 default-originate
 default-information originate
 no auto-summary
!
ip forward-protocol nd
!
!
no ip http server
no ip http secure-server
!
ip access-list extended interface_acl
 remark Allow EAPoUDP
 permit udp any any eq 21862
 remark Allow DHCP
 permit udp any eq bootpc any eq bootps
 remark Allow DNS
 permit udp any any eq domain
 remark Allow HTTP access to update server
 permit tcp any host 10.0.200.30 eq www
 remark Allow ICMP for test purposes
 permit icmp any any
 remark Implicit Deny
 deny   ip any any
 permit tcp any host 190.1.1.9 eq www
 permit tcp any host 191.191.191.191 eq www
 permit tcp any host 192.192.192.192 eq www
 permit tcp any host 193.193.193.193 eq www
 permit tcp any host 194.194.194.194 eq www
 permit tcp any host 195.195.195.195 eq www
 permit tcp any host 196.196.196.196 eq www
 permit tcp any host 197.197.197.197 eq www
 permit tcp any host 198.198.198.198 eq www
 permit tcp any host 199.199.199.199 eq www
!
access-list 102 deny   tcp any any eq ftp
access-list 102 deny   tcp any any eq ftp-data
access-list 102 deny   tcp any any eq telnet
access-list 102 deny   tcp any any eq www
access-list 102 deny   tcp any any eq whois
access-list 102 deny   tcp any any eq talk
access-list 102 deny   tcp any any eq gopher
access-list 102 permit ip any any
no cdp log mismatch duplex
!
!
!
control-plane
!
!
!
!
!
!
!
!
!
!
line con 0
 exec-timeout 0 0
 privilege level 15
 logging synchronous
line aux 0
 exec-timeout 0 0
 privilege level 15
 logging synchronous
line vty 0 3
 login local
line vty 4
 login local
 transport input ssh
!
!
end


------------------ show stacks ------------------


Minimum process stacks:
 Free/Size   Name
 5124/6000   Clock Update Proc
 5468/6000   Inspect Init Msg
 5420/6000   SPAN Subsystem
 4324/6000   DIB error message
 2468/3000   allegro libretto init
10960/12000  Router Init
 2792/12000  Init
59212/60000  script background loader
 5264/6000   RADIUS INITCONFIG
 5440/6000   BGP Accepter
 5220/6000   BGP Open
 2104/3000   Rom Random Update Process
 8416/12000  SSH Process

Interrupt level stacks:
Level    Called Unused/Size  Name
  1        5483   7784/9000  Network interfaces
  2        3181   8568/9000  DMA/Timer Interrupt
  3           0   9000/9000  PA Management Int Handler
  4         159   8640/9000  Console Uart
  5           0   9000/9000  External Interrupt
  7     1256462   8560/9000  NMI Interrupt Handler

Invalid boot_data=0xB6001780


------------------ show interfaces ------------------


FastEthernet0/0 is up, line protocol is up 
  Hardware is Gt96k FE, address is c405.0b16.0000 (bia c405.0b16.0000)
  Internet address is 172.16.1.2/30
  MTU 1500 bytes, BW 100000 Kbit/sec, DLY 100 usec, 
     reliability 255/255, txload 1/255, rxload 1/255
  Encapsulation ARPA, loopback not set
  Keepalive set (10 sec)
  Full-duplex, 100Mb/s, 100BaseTX/FX
  ARP type: ARPA, ARP Timeout 04:00:00
  Last input 00:00:21, output 00:00:08, output hang never
  Last clearing of "show interface" counters never
  Input queue: 0/75/0/0 (size/max/drops/flushes); Total output drops: 0
  Queueing strategy: fifo
  Output queue: 0/40 (size/max)
  5 minute input rate 0 bits/sec, 0 packets/sec
  5 minute output rate 0 bits/sec, 0 packets/sec
     243 packets input, 38967 bytes
     Received 77 broadcasts, 0 runts, 0 giants, 0 throttles
     0 input errors, 0 CRC, 0 frame, 0 overrun, 0 ignored
     0 watchdog
     0 input packets with dribble condition detected
     764 packets output, 73060 bytes, 0 underruns
     0 output errors, 0 collisions, 2 interface resets
     0 unknown protocol drops
     0 babbles, 0 late collision, 0 deferred
     0 lost carrier, 0 no carrier
     0 output buffer failures, 0 output buffers swapped out
FastEthernet0/1 is administratively down, line protocol is down 
  Hardware is Gt96k FE, address is c405.0b16.0001 (bia c405.0b16.0001)
  MTU 1500 bytes, BW 10000 Kbit/sec, DLY 1000 usec, 
     reliability 255/255, txload 1/255, rxload 1/255
  Encapsulation ARPA, loopback not set
  Keepalive set (10 sec)
  Half-duplex, 10Mb/s, 100BaseTX/FX
  ARP type: ARPA, ARP Timeout 04:00:00
  Last input never, output never, output hang never
  Last clearing of "show interface" counters never
  Input queue: 0/75/0/0 (size/max/drops/flushes); Total output drops: 0
  Queueing strategy: fifo
  Output queue: 0/40 (size/max)
  5 minute input rate 0 bits/sec, 0 packets/sec
  5 minute output rate 0 bits/sec, 0 packets/sec
     0 packets input, 0 bytes
     Received 0 broadcasts, 0 runts, 0 giants, 0 throttles
     0 input errors, 0 CRC, 0 frame, 0 overrun, 0 ignored
     0 watchdog
     0 input packets with dribble condition detected
     0 packets output, 0 bytes, 0 underruns
     0 output errors, 0 collisions, 0 interface resets
     0 unknown protocol drops
     0 babbles, 0 late collision, 0 deferred
     0 lost carrier, 0 no carrier
     0 output buffer failures, 0 output buffers swapped out
FastEthernet1/0 is administratively down, line protocol is down 
  Hardware is AmdFE, address is c405.0b16.0010 (bia c405.0b16.0010)
  MTU 1500 bytes, BW 100000 Kbit/sec, DLY 100 usec, 
     reliability 255/255, txload 1/255, rxload 1/255
  Encapsulation ARPA, loopback not set
  Keepalive set (10 sec)
  Full-duplex, 100Mb/s, 100BaseTX/FX
  ARP type: ARPA, ARP Timeout 04:00:00
  Last input never, output never, output hang never
  Last clearing of "show interface" counters never
  Input queue: 0/75/0/0 (size/max/drops/flushes); Total output drops: 0
  Queueing strategy: fifo
  Output queue: 0/40 (size/max)
  5 minute input rate 0 bits/sec, 0 packets/sec
  5 minute output rate 0 bits/sec, 0 packets/sec
     0 packets input, 0 bytes
     Received 0 broadcasts, 0 runts, 0 giants, 0 throttles
     0 input errors, 0 CRC, 0 frame, 0 overrun, 0 ignored
     0 watchdog
     0 input packets with dribble condition detected
     0 packets output, 0 bytes, 0 underruns
     0 output errors, 0 collisions, 0 interface resets
     0 unknown protocol drops
     0 babbles, 0 late collision, 0 deferred
     0 lost carrier, 0 no carrier
     0 output buffer failures, 0 output buffers swapped out
FastEthernet2/0 is administratively down, line protocol is down 
  Hardware is AmdFE, address is c405.0b16.0020 (bia c405.0b16.0020)
  MTU 1500 bytes, BW 100000 Kbit/sec, DLY 100 usec, 
     reliability 255/255, txload 1/255, rxload 1/255
  Encapsulation ARPA, loopback not set
  Keepalive set (10 sec)
  Full-duplex, 100Mb/s, 100BaseTX/FX
  ARP type: ARPA, ARP Timeout 04:00:00
  Last input never, output never, output hang never
  Last clearing of "show interface" counters never
  Input queue: 0/75/0/0 (size/max/drops/flushes); Total output drops: 0
  Queueing strategy: fifo
  Output queue: 0/40 (size/max)
  5 minute input rate 0 bits/sec, 0 packets/sec
  5 minute output rate 0 bits/sec, 0 packets/sec
     0 packets input, 0 bytes
     Received 0 broadcasts, 0 runts, 0 giants, 0 throttles
     0 input errors, 0 CRC, 0 frame, 0 overrun, 0 ignored
     0 watchdog
     0 input packets with dribble condition detected
     0 packets output, 0 bytes, 0 underruns
     0 output errors, 0 collisions, 0 interface resets
     0 unknown protocol drops
     0 babbles, 0 late collision, 0 deferred
     0 lost carrier, 0 no carrier
     0 output buffer failures, 0 output buffers swapped out
FastEthernet3/0 is up, line protocol is up 
  Hardware is AmdFE, address is c405.0b16.0030 (bia c405.0b16.0030)
  Description: *****MNGMT*****
  Internet address is 123.123.1.11/24
  MTU 1500 bytes, BW 100000 Kbit/sec, DLY 100 usec, 
     reliability 255/255, txload 1/255, rxload 1/255
  Encapsulation ARPA, loopback not set
  Keepalive set (10 sec)
  Full-duplex, 100Mb/s, 100BaseTX/FX
  ARP type: ARPA, ARP Timeout 04:00:00
  Last input 00:00:00, output 00:00:00, output hang never
  Last clearing of "show interface" counters never
  Input queue: 0/75/0/0 (size/max/drops/flushes); Total output drops: 0
  Queueing strategy: fifo
  Output queue: 0/40 (size/max)
  5 minute input rate 2000 bits/sec, 2 packets/sec
  5 minute output rate 2000 bits/sec, 2 packets/sec
     2941 packets input, 474069 bytes
     Received 1213 broadcasts, 0 runts, 0 giants, 0 throttles
     0 input errors, 0 CRC, 0 frame, 0 overrun, 0 ignored
     0 watchdog
     0 input packets with dribble condition detected
     4272 packets output, 576216 bytes, 0 underruns
     0 output errors, 0 collisions, 0 interface resets
     0 unknown protocol drops
     0 babbles, 0 late collision, 0 deferred
     0 lost carrier, 0 no carrier
     0 output buffer failures, 0 output buffers swapped out
Loopback1 is up, line protocol is up 
  Hardware is Loopback
  Internet address is 1.1.1.1/32
  MTU 1514 bytes, BW 8000000 Kbit/sec, DLY 5000 usec, 
     reliability 255/255, txload 1/255, rxload 1/255
  Encapsulation LOOPBACK, loopback not set
  Last input never, output never, output hang never
  Last clearing of "show interface" counters never
  Input queue: 0/75/0/0 (size/max/drops/flushes); Total output drops: 0
  Queueing strategy: fifo
  Output queue: 0/0 (size/max)
  5 minute input rate 0 bits/sec, 0 packets/sec
  5 minute output rate 0 bits/sec, 0 packets/sec
     0 packets input, 0 bytes, 0 no buffer
     Received 0 broadcasts, 0 runts, 0 giants, 0 throttles
     0 input errors, 0 CRC, 0 frame, 0 overrun, 0 ignored, 0 abort
     0 packets output, 0 bytes, 0 underruns
     0 output errors, 0 collisions, 0 interface resets
     0 unknown protocol drops
     0 output buffer failures, 0 output buffers swapped out
Loopback11 is up, line protocol is up 
  Hardware is Loopback
  Internet address is 11.11.11.11/32
  MTU 1514 bytes, BW 8000000 Kbit/sec, DLY 5000 usec, 
     reliability 255/255, txload 1/255, rxload 1/255
  Encapsulation LOOPBACK, loopback not set
  Last input never, output never, output hang never
  Last clearing of "show interface" counters never
  Input queue: 0/75/0/0 (size/max/drops/flushes); Total output drops: 0
  Queueing strategy: fifo
  Output queue: 0/0 (size/max)
  5 minute input rate 0 bits/sec, 0 packets/sec
  5 minute output rate 0 bits/sec, 0 packets/sec
     0 packets input, 0 bytes, 0 no buffer
     Received 0 broadcasts, 0 runts, 0 giants, 0 throttles
     0 input errors, 0 CRC, 0 frame, 0 overrun, 0 ignored, 0 abort
     0 packets output, 0 bytes, 0 underruns
     0 output errors, 0 collisions, 0 interface resets
     0 unknown protocol drops
     0 output buffer failures, 0 output buffers swapped out
Loopback100 is up, line protocol is up 
  Hardware is Loopback
  Internet address is 100.100.100.100/32
  MTU 1514 bytes, BW 8000000 Kbit/sec, DLY 5000 usec, 
     reliability 255/255, txload 1/255, rxload 1/255
  Encapsulation LOOPBACK, loopback not set
  Last input never, output never, output hang never
  Last clearing of "show interface" counters never
  Input queue: 0/75/0/0 (size/max/drops/flushes); Total output drops: 0
  Queueing strategy: fifo
  Output queue: 0/0 (size/max)
  5 minute input rate 0 bits/sec, 0 packets/sec
  5 minute output rate 0 bits/sec, 0 packets/sec
     0 packets input, 0 bytes, 0 no buffer
     Received 0 broadcasts, 0 runts, 0 giants, 0 throttles
     0 input errors, 0 CRC, 0 frame, 0 overrun, 0 ignored, 0 abort
     0 packets output, 0 bytes, 0 underruns
     0 output errors, 0 collisions, 0 interface resets
     0 unknown protocol drops
     0 output buffer failures, 0 output buffers swapped out
Loopback101 is up, line protocol is up 
  Hardware is Loopback
  Internet address is 101.101.101.101/32
  MTU 1514 bytes, BW 8000000 Kbit/sec, DLY 5000 usec, 
     reliability 255/255, txload 1/255, rxload 1/255
  Encapsulation LOOPBACK, loopback not set
  Last input never, output never, output hang never
  Last clearing of "show interface" counters never
  Input queue: 0/75/0/0 (size/max/drops/flushes); Total output drops: 0
  Queueing strategy: fifo
  Output queue: 0/0 (size/max)
  5 minute input rate 0 bits/sec, 0 packets/sec
  5 minute output rate 0 bits/sec, 0 packets/sec
     0 packets input, 0 bytes, 0 no buffer
     Received 0 broadcasts, 0 runts, 0 giants, 0 throttles
     0 input errors, 0 CRC, 0 frame, 0 overrun, 0 ignored, 0 abort
     0 packets output, 0 bytes, 0 underruns
     0 output errors, 0 collisions, 0 interface resets
     0 unknown protocol drops
     0 output buffer failures, 0 output buffers swapped out
Loopback110 is up, line protocol is up 
  Hardware is Loopback
  Internet address is 110.110.110.110/32
  MTU 1514 bytes, BW 8000000 Kbit/sec, DLY 5000 usec, 
     reliability 255/255, txload 1/255, rxload 1/255
  Encapsulation LOOPBACK, loopback not set
  Last input never, output never, output hang never
  Last clearing of "show interface" counters never
  Input queue: 0/75/0/0 (size/max/drops/flushes); Total output drops: 0
  Queueing strategy: fifo
  Output queue: 0/0 (size/max)
  5 minute input rate 0 bits/sec, 0 packets/sec
  5 minute output rate 0 bits/sec, 0 packets/sec
     0 packets input, 0 bytes, 0 no buffer
     Received 0 broadcasts, 0 runts, 0 giants, 0 throttles
     0 input errors, 0 CRC, 0 frame, 0 overrun, 0 ignored, 0 abort
     0 packets output, 0 bytes, 0 underruns
     0 output errors, 0 collisions, 0 interface resets
     0 unknown protocol drops
     0 output buffer failures, 0 output buffers swapped out
Loopback111 is up, line protocol is up 
  Hardware is Loopback
  Internet address is 111.111.111.111/32
  MTU 1514 bytes, BW 8000000 Kbit/sec, DLY 5000 usec, 
     reliability 255/255, txload 1/255, rxload 1/255
  Encapsulation LOOPBACK, loopback not set
  Last input never, output never, output hang never
  Last clearing of "show interface" counters never
  Input queue: 0/75/0/0 (size/max/drops/flushes); Total output drops: 0
  Queueing strategy: fifo
  Output queue: 0/0 (size/max)
  5 minute input rate 0 bits/sec, 0 packets/sec
  5 minute output rate 0 bits/sec, 0 packets/sec
     0 packets input, 0 bytes, 0 no buffer
     Received 0 broadcasts, 0 runts, 0 giants, 0 throttles
     0 input errors, 0 CRC, 0 frame, 0 overrun, 0 ignored, 0 abort
     0 packets output, 0 bytes, 0 underruns
     0 output errors, 0 collisions, 0 interface resets
     0 unknown protocol drops
     0 output buffer failures, 0 output buffers swapped out
Loopback190 is up, line protocol is up 
  Hardware is Loopback
  Internet address is 190.1.1.1/32
  MTU 1514 bytes, BW 8000000 Kbit/sec, DLY 5000 usec, 
     reliability 255/255, txload 1/255, rxload 1/255
  Encapsulation LOOPBACK, loopback not set
  Last input never, output never, output hang never
  Last clearing of "show interface" counters never
  Input queue: 0/75/0/0 (size/max/drops/flushes); Total output drops: 0
  Queueing strategy: fifo
  Output queue: 0/0 (size/max)
  5 minute input rate 0 bits/sec, 0 packets/sec
  5 minute output rate 0 bits/sec, 0 packets/sec
     0 packets input, 0 bytes, 0 no buffer
     Received 0 broadcasts, 0 runts, 0 giants, 0 throttles
     0 input errors, 0 CRC, 0 frame, 0 overrun, 0 ignored, 0 abort
     0 packets output, 0 bytes, 0 underruns
     0 output errors, 0 collisions, 0 interface resets
     0 unknown protocol drops
     0 output buffer failures, 0 output buffers swapped out

------------------ show redundancy history ------------------

436 client added: RF_INTERNAL_MSG(0) seq=0
436 client added: RF_LAST_CLIENT(65000) seq=330
436 client added: CHKPT RF(25) seq=69
448 client added: History RF Client(35) seq=185
448 client added: IKE RF Client(135) seq=281
449 client added: IPSEC RF Client(136) seq=282
449 client added: SNMP RF Client(34) seq=178
451 *my state = INITIALIZATION(2) *peer state = DISABLED(1)
451 RF_PROG_INITIALIZATION(100) RF_INTERNAL_MSG(0) op=0 rc=11
451 RF_PROG_INITIALIZATION(100) CHKPT RF(25) op=0 rc=11
451 RF_PROG_INITIALIZATION(100) SNMP RF Client(34) op=0 rc=11
451 RF_PROG_INITIALIZATION(100) History RF Client(35) op=0 rc=11
451 RF_PROG_INITIALIZATION(100) IKE RF Client(135) op=0 rc=11
451 RF_PROG_INITIALIZATION(100) IPSEC RF Client(136) op=0 rc=11
451 RF_PROG_INITIALIZATION(100) RF_LAST_CLIENT(65000) op=0 rc=11
451 *my state = NEGOTIATION(3) peer state = DISABLED(1)
792 client added: FH COMMON RF CLIENT(70) seq=208
920 Configuration parsing complete
960 System initialization complete
966 RF_STATUS_PEER_PRESENCE(400) op=0 rc=0
968 RF_STATUS_PEER_COMM(401) op=0 rc=0
971 RF_EVENT_GO_ACTIVE(512) op=0 rc=0
971 *my state = ACTIVE-FAST(9) peer state = DISABLED(1)
971 RF_STATUS_MAINTENANCE_ENABLE(403) CHKPT RF(25) op=0 rc=0
971 RF_STATUS_MAINTENANCE_ENABLE(403) SNMP RF Client(34) op=0 rc=0
971 RF_STATUS_MAINTENANCE_ENABLE(403) IKE RF Client(135) op=0 rc=0
971 RF_STATUS_MAINTENANCE_ENABLE(403) IPSEC RF Client(136) op=0 rc=0
971 RF_PROG_ACTIVE_FAST(200) RF_INTERNAL_MSG(0) op=0 rc=11
971 RF_PROG_ACTIVE_FAST(200) CHKPT RF(25) op=0 rc=11
971 RF_PROG_ACTIVE_FAST(200) SNMP RF Client(34) op=0 rc=11
971 RF_PROG_ACTIVE_FAST(200) History RF Client(35) op=0 rc=11
971 RF_PROG_ACTIVE_FAST(200) FH COMMON RF CLIENT(70) op=0 rc=11
971 RF_PROG_ACTIVE_FAST(200) IKE RF Client(135) op=0 rc=11
971 RF_PROG_ACTIVE_FAST(200) IPSEC RF Client(136) op=0 rc=11
971 RF_PROG_ACTIVE_FAST(200) RF_LAST_CLIENT(65000) op=0 rc=11
971 *my state = ACTIVE-DRAIN(10) peer state = DISABLED(1)
971 RF_PROG_ACTIVE_DRAIN(201) RF_INTERNAL_MSG(0) op=0 rc=11
971 RF_PROG_ACTIVE_DRAIN(201) CHKPT RF(25) op=0 rc=11
971 RF_PROG_ACTIVE_DRAIN(201) SNMP RF Client(34) op=0 rc=11
971 RF_PROG_ACTIVE_DRAIN(201) History RF Client(35) op=0 rc=11
971 RF_PROG_ACTIVE_DRAIN(201) FH COMMON RF CLIENT(70) op=0 rc=11
971 RF_PROG_ACTIVE_DRAIN(201) IKE RF Client(135) op=0 rc=11
971 RF_PROG_ACTIVE_DRAIN(201) IPSEC RF Client(136) op=0 rc=11
971 RF_PROG_ACTIVE_DRAIN(201) RF_LAST_CLIENT(65000) op=0 rc=11
971 *my state = ACTIVE_PRECONFIG(11) peer state = DISABLED(1)
971 RF_PROG_ACTIVE_PRECONFIG(202) RF_INTERNAL_MSG(0) op=0 rc=11
972 RF_PROG_ACTIVE_PRECONFIG(202) CHKPT RF(25) op=0 rc=11
972 RF_PROG_ACTIVE_PRECONFIG(202) SNMP RF Client(34) op=0 rc=11
972 RF_PROG_ACTIVE_PRECONFIG(202) History RF Client(35) op=0 rc=11
972 RF_PROG_ACTIVE_PRECONFIG(202) FH COMMON RF CLIENT(70) op=0 rc=11
972 RF_PROG_ACTIVE_PRECONFIG(202) IKE RF Client(135) op=0 rc=11
972 RF_PROG_ACTIVE_PRECONFIG(202) IPSEC RF Client(136) op=0 rc=11
972 RF_PROG_ACTIVE_PRECONFIG(202) RF_LAST_CLIENT(65000) op=0 rc=11
972 *my state = ACTIVE_POSTCONFIG(12) peer state = DISABLED(1)
972 RF_PROG_ACTIVE_POSTCONFIG(203) RF_INTERNAL_MSG(0) op=0 rc=11
972 RF_PROG_ACTIVE_POSTCONFIG(203) CHKPT RF(25) op=0 rc=11
972 RF_PROG_ACTIVE_POSTCONFIG(203) SNMP RF Client(34) op=0 rc=11
972 RF_PROG_ACTIVE_POSTCONFIG(203) History RF Client(35) op=0 rc=11
972 RF_PROG_ACTIVE_POSTCONFIG(203) FH COMMON RF CLIENT(70) op=0 rc=11
972 RF_PROG_ACTIVE_POSTCONFIG(203) IKE RF Client(135) op=0 rc=11
972 RF_PROG_ACTIVE_POSTCONFIG(203) IPSEC RF Client(136) op=0 rc=11
972 RF_PROG_ACTIVE_POSTCONFIG(203) RF_LAST_CLIENT(65000) op=0 rc=11
972 *my state = ACTIVE(13) peer state = DISABLED(1)
972 RF_PROG_ACTIVE(204) RF_INTERNAL_MSG(0) op=0 rc=11
972 RF_PROG_ACTIVE(204) CHKPT RF(25) op=0 rc=11
972 RF_PROG_ACTIVE(204) SNMP RF Client(34) op=0 rc=11
972 RF_PROG_ACTIVE(204) History RF Client(35) op=0 rc=11
972 RF_PROG_ACTIVE(204) FH COMMON RF CLIENT(70) op=0 rc=11
972 RF_PROG_ACTIVE(204) IKE RF Client(135) op=0 rc=11
972 RF_PROG_ACTIVE(204) IPSEC RF Client(136) op=0 rc=11
972 RF_PROG_ACTIVE(204) RF_LAST_CLIENT(65000) op=0 rc=11



------------------ show controllers ------------------


Interface FastEthernet0/0
Hardware is GT96K FE ADDR: 653FA9E8, FASTSEND: 60636064, MCI_INDEX: 0
DIST ROUTE ENABLED: 0Route Cache Flag: 11
GPIO 2 CONF= 0 GPIO 2 IO= 0  CIU arbit = 80000000 
 PHY add register = 0x0  PHY data register = 0x8000000 
 Port Conf Reg= 0x8080 ENABLE HT8K HMOD0 FDX 
 Port Conf Ex Reg= 0xCCF00 
TX1:1 RXPRI=DE(00) ~DPLXAUTO ~FLCNTL ~FLNKP MFL64KB FE ~SPDAUTO 
Port Com Reg= 0x0
 Port Status Reg= 0xF 100MB FDPX FCTL DIS LNK UP ~PAUSED TX oFF 
 Serial Param Reg= 0x0  Hash table pointer= 0xF5A5B60 
Source ADDR L= 0x0 Source ADDR H= 0x0 
SDMA conf reg= 0x223C RETX 15 RX BE TX BE FRINT BSIZE 4 
SDMA com reg= 0x30080 STP TXL STP TXH EN RX 
IMASK= 0x90003DCD ICause= 0x0 
Serial 0 mask 30000F3Serial 0 cause 0
IpDiffservP0L= 0x0 IpDiffservP0H= 0x0 IpDiffservP1L= 0x0 IpDiffservP1H= 0x0 
 IP VLAN TAG PRI= 0x0  IP VLAN TAG PRI= 0x0 
 First rxd Q0= 0xF5E5F10  Curr rxd Q0= 0xF5E5F10 
 First rxd Q1= 0xF5E6040  Curr rxd Q1= 0xF5E6040 
 First rxd Q2= 0xF5E64A0  Curr rxd Q2= 0xF5E64A0 
 First rxd Q3= 0xF5E6900  Curr rxd Q3= 0xF5E6900 
 First txd Q0= 0xF5E7520  First txd Q1= 0xF5E75A0 
gt96kfe_instance=0x653FBAB0, registers=0x24084800
RxRing entries=64, tx ring entries=128
       RxR0=0x F5E5BE0, RxR1=0x F5E6040, RxR2=0x F5E64A0, RxR3=0x F5E6900 
Malloc RxR0=0x4F5E5BE0, RxR1=0x4F5E6040, RxR2=0x4F5E64A0, RxR3=0x4F5E6900 
SDOW RxR0=0x653FC05C, RxR1=0x653FC190, RxR2=0x653FC2C4, RxR3=0x653FC3F8 
HEAD RxR0=0x33, RxR1=0x0, RxR2=0x0, RxR3=0x0 
TAIL RxR0=0x0, RxR1=0x0, RxR2=0x0, RxR30x0 

tx_limited=0(128)
TxR0=0x F5E6D60, TxR1=0x F5E75A0 
COUNT TxR0=0x0, TxR1=0x0
Head TxR0=0x7C, TxR1=0x0 Tail TxR0=0x7C, TxR1=0x0

 PHY registers:
  Register 0x00:   2100  782C  0040  61D4  01E1  41E1  0000  0000
  Register 0x08:   0000  0000  0000  0000  0000  0000  0000  0000
  Register 0x10:   0000  0000  0000  0000  0000  0000  0000  0000
  Register 0x18:   0000  0000  0000  0000  0000  0000  0000
Bytes_recvd 38967 Bytes_sent 73060 Frames_recvd 243 Frames_sent 764
total_bytes_RX 0 Total_frames_RX 0 Bcast_frames_recvd 0
Mcast_frames_RX 0 CRC_err 0 Ovr_sized_frames 0
Fragments 0 Jabber 0 collision 0
Late_collision 0 64B frame 0; 65_127B_frames 0
128_255B_frames 0 256_511B_frames 0 512_1023B_frames 0
1023_maxB_frames 0 Rx_error 0 Dropped_frames 0
Mcast_frames_tx 0 Bcast_frames_tx 0 Sml_frame_recvd 0


 Software MAC address filter(hash:length/addr/mask/hits):
  0x00:  0  ffff.ffff.ffff  0000.0000.0000         0
  0x0B:  0  c405.0b16.0000  0000.0000.0000         0
  0xC0:  0  0100.0ccc.cccc  0000.0000.0000         0

======= Driver Counters =======
Number of Transmitter Hang =  0 
tx_more_col_err=  0 tx_one_col_err=  0 
tx_exc_collision_err=  0 tx_late_collision_err=  0 
tx_underrun_err=  0 tx_error_intr=  0 
rx_soft_overflow_err=  0  rx_overflow_err= 0 

Interface FastEthernet0/1
Hardware is GT96K FE ADDR: 65407CD0, FASTSEND: 60636064, MCI_INDEX: 0
DIST ROUTE ENABLED: 0Route Cache Flag: 11
GPIO 2 CONF= 0 GPIO 2 IO= 0  CIU arbit = 80000000 
 PHY add register = 0x0  PHY data register = 0x8000000 
 Port Conf Reg= 0x0 DISABLE HT8K HMOD0 
 Port Conf Ex Reg= 0x4CD00 
TX1:1 RXPRI=DE(00) ~FLCNTL ~FLNKP MFL64KB FE 
Port Com Reg= 0x0
 Port Status Reg= 0xF 100MB FDPX FCTL DIS LNK UP ~PAUSED TX oFF 
 Serial Param Reg= 0x0  Hash table pointer= 0xF6B7E20 
Source ADDR L= 0x0 Source ADDR H= 0x0 
SDMA conf reg= 0x223C RETX 15 RX BE TX BE FRINT BSIZE 4 
SDMA com reg= 0x30000 STP TXL STP TXH 
IMASK= 0x90003DCD ICause= 0x0 
Serial 0 mask 30000F3Serial 0 cause 0
IpDiffservP0L= 0x0 IpDiffservP0H= 0x0 IpDiffservP1L= 0x0 IpDiffservP1H= 0x0 
 IP VLAN TAG PRI= 0x0  IP VLAN TAG PRI= 0x0 
 First rxd Q0= 0xF6F7EA0  Curr rxd Q0= 0xF6F7EA0 
 First rxd Q1= 0xF6F8300  Curr rxd Q1= 0xF6F8300 
 First rxd Q2= 0xF6F8760  Curr rxd Q2= 0xF6F8760 
 First rxd Q3= 0xF6F8BC0  Curr rxd Q3= 0xF6F8BC0 
 First txd Q0= 0xF6F9020  First txd Q1= 0xF6F9860 
gt96kfe_instance=0x65408D98, registers=0x24088800
RxRing entries=64, tx ring entries=128
       RxR0=0x F6F7EA0, RxR1=0x F6F8300, RxR2=0x F6F8760, RxR3=0x F6F8BC0 
Malloc RxR0=0x4F6F7EA0, RxR1=0x4F6F8300, RxR2=0x4F6F8760, RxR3=0x4F6F8BC0 
SDOW RxR0=0x654092AC, RxR1=0x654093E0, RxR2=0x65409514, RxR3=0x65409648 
HEAD RxR0=0x0, RxR1=0x0, RxR2=0x0, RxR3=0x0 
TAIL RxR0=0x0, RxR1=0x0, RxR2=0x0, RxR30x0 

tx_limited=0(128)
TxR0=0x F6F9020, TxR1=0x F6F9860 
COUNT TxR0=0x0, TxR1=0x0
Head TxR0=0x0, TxR1=0x0 Tail TxR0=0x0, TxR1=0x0

 PHY registers:
  Register 0x00:   1400  782C  0040  61D4  01E1  41E1  0000  0000
  Register 0x08:   0000  0000  0000  0000  0000  0000  0000  0000
  Register 0x10:   0000  0000  0000  0000  0000  0000  0000  0000
  Register 0x18:   0000  0000  0000  0000  0000  0000  0000
Bytes_recvd 0 Bytes_sent 0 Frames_recvd 0 Frames_sent 0
total_bytes_RX 0 Total_frames_RX 0 Bcast_frames_recvd 0
Mcast_frames_RX 0 CRC_err 0 Ovr_sized_frames 0
Fragments 0 Jabber 0 collision 0
Late_collision 0 64B frame 0; 65_127B_frames 0
128_255B_frames 0 256_511B_frames 0 512_1023B_frames 0
1023_maxB_frames 0 Rx_error 0 Dropped_frames 0
Mcast_frames_tx 0 Bcast_frames_tx 0 Sml_frame_recvd 0


 Software MAC address filter(hash:length/addr/mask/hits):
  0x00:  0  ffff.ffff.ffff  0000.0000.0000         0
  0x0A:  0  c405.0b16.0001  0000.0000.0000         0
  0xC0:  0  0100.0ccc.cccc  0000.0000.0000         0

======= Driver Counters =======
Number of Transmitter Hang =  0 
tx_more_col_err=  0 tx_one_col_err=  0 
tx_exc_collision_err=  0 tx_late_collision_err=  0 
tx_underrun_err=  0 tx_error_intr=  0 
rx_soft_overflow_err=  0  rx_overflow_err= 0 

Interface FastEthernet1/0
Hardware is AMD Am79c971
ADDR: 65416354, FASTSEND: 60136674, MCI_INDEX: 0
DIST ROUTE ENABLED: 0
Route Cache Flag: 11
 LADRF=0x0000 0x0100 0x0000 0x0000
 CSR0  =0x00000004, CSR3  =0x00001044, CSR4  =0x00004915, CSR15 =0x00000180
 CSR80 =0x00001900, CSR114=0x00000000, CRDA  =0x00000000, CXDA  =0x00000000
 BCR9 =0x00000001 
 CSR5  =0x00000000, CSR7  =0x00008000, CSR100=0x0000F000, CSR125=0x00005C00
 BCR2  =0x00000000, BCR9  =0x00000001, BCR18 =0x00001960, BCR22 =0x00000000
 BCR25 =0x000000FF, BCR26 =0x00000080, BCR27 =0x00000010, BCR32 =0x00000080
 HW filtering information:
  Promiscuous Mode Disabled, PHY Addr Enabled, Broadcast Addr Enabled
  PHY Addr=C405.0B16.0010, Multicast Filter=0x0000 0x0100 0x0000 0x0000
 amdp2_instance=0x6541741C, registers=0x3D000000, ib=0xF7CA0E0
 rx ring entries=64, tx ring entries=128
 rxring=0xF7CA140, rxr shadow=0x65417988, rx_head=0, rx_tail=0
 txring=0xF7CA580, txr shadow=0x65417ABC, tx_head=0, tx_tail=0, tx_count=0
 Software MAC address filter(hash:length/addr/mask/
DEBUG:netmiko:read_channel: 
DEBUG:netmiko:read_channel: 
Current configuration : 3068 bytes
!
version 15.2
service timestamps debug datetime msec
service timestamps log datetime msec
!
hostname CR-R1
!
boot-start-marker
boot-end-marker
!
!
enable secret 5 <removed>
!
no aaa new-model
no ip icmp rate-limit unreachable
ip cef
!
!
!
!
!
!
no ip domain lookup
ip domain name gns3.lab
no ipv6 cef
!
!
multilink bundle-name authenticated
!
!
file prompt quiet
!
!
!
!
!
username admin password 0 <removed>
username suhas privilege 15 password 0 <removed>
!
!
ip tcp synwait-time 5
ip ssh version 2
ip scp server enable
! 
!
!
!
!
!
!
!
!
!
!
!
interface Loopback190
 ip address 190.1.1.3 255.255.255.255
!
interface FastEthernet0/0
 ip address 172.16.1.1 255.255.255.252
 duplex full
!
interface FastEthernet1/0
 ip address 192.168.1.1 255.255.255.0
 speed auto
 duplex full
!
interface FastEthernet1/1
 no ip address
 shutdown
 speed auto
 duplex full
!
interface FastEthernet2/0
 no ip address
 shutdown
 speed auto
 duplex full
!
interface FastEthernet2/1
 no ip address
 shutdown
 speed auto
 duplex full
!
interface FastEthernet3/0
 description *****MNGMT*****
 ip address 123.123.1.13 255.255.255.0
 speed auto
 duplex full
!
interface FastEthernet3/1
 no ip address
 shutdown
 speed auto
 duplex full
!
!
router eigrp 100
 network 190.1.1.3 0.0.0.0
 network 192.168.1.0
 redistribute bgp 2000 metric 1000 1 255 1 1500
!
router bgp 2000
 bgp log-neighbor-changes
 network 172.16.1.0 mask 255.255.255.252
 network 190.1.1.3 mask 255.255.255.255
 redistribute connected
 redistribute static
 redistribute eigrp 100
 neighbor 172.16.1.2 remote-as 1000
 neighbor 172.16.1.2 next-hop-self
!
ip forward-protocol nd
!
!
no ip http server
no ip http secure-server
!
ip access-list extended interface_acl
 remark Allow EAPoUDP
 permit udp any any eq 21862
 remark Allow DHCP
 permit udp any eq bootpc any eq bootps
 remark Allow DNS
 permit udp any any eq domain
 remark Allow HTTP access to update server
 permit tcp any host 10.0.200.30 eq www
 remark Allow ICMP for test purposes
 permit icmp any any
 remark Implicit Deny
 deny   ip any any
 permit tcp any host 190.1.1.9 eq www
 permit tcp any host 191.191.191.191 eq www
 permit tcp any host 192.192.192.192 eq www
 permit tcp any host 193.193.193.193 eq www
 permit tcp any host 194.194.194.194 eq www
 permit tcp any host 195.195.195.195 eq www
 permit tcp any host 196.196.196.196 eq www
 permit tcp any host 197.197.197.197 eq www
 permit tcp any host 198.198.198.198 eq www
 permit tcp any host 199.199.199.199 eq www
!
access-list 102 deny   tcp any any eq ftp
access-list 102 deny   tcp any any eq ftp-data
access-list 102 deny   tcp any any eq telnet
access-list 102 deny   tcp any any eq www
access-list 102 deny   tcp any any eq whois
access-list 102 deny   tcp any any eq talk
access-list 102 deny   tcp any any eq gopher
access-list 102 permit ip any any
!
!
!
control-plane
!
!
line con 0
 exec-timeout 0 0
 privilege level 15
 logging synchronous
 stopbits 1
line aux 0
 exec-timeout 0 0
 privilege level 15
 logging synchronous
 stopbits 1
line vty 0 4
 login local
 transport input ssh
!
!
end


------------------ show stacks ------------------


Minimum process stacks:
 Free/Size   Name
 4964/6000   CDP BLOB
 7972/9000   EEM ED RF
 7976/9000   EM ED GOLD
10848/12000  MRIB IPv6 Init Process
10948/12000  MRIB IPv4 Init Process
 3688/6000   EEM Shell Director
58584/60000  EEM Auto Registration Proc
 4948/6000   SASL MAIN
 1908/3000   LIM WAVL
10824/12000  Router Init
 7896/9000   EIGRP-IPv4
18936/24000  Init
10952/12000  cdp init process
 4716/6000   RADIUS INITCONFIG
 3500/6000   BGP Open
 4820/6000   URPF stats
 2008/3000   Rom Random Update Process
 6716/12000  SSH Process

Interrupt level stacks:
Level    Called Unused/Size  Name
  1        5531   7872/9000  Network interfaces
  2        1291   8568/9000  DMA/Timer Interrupt
  3           0   9000/9000  PA Management Int Handler
  4      207975   8640/9000  Console Uart
  5           0   9000/9000  OIR/Error Interrupt
  7      961836   8528/9000  NMI Interrupt Handler

------------------ show interfaces ------------------


FastEthernet0/0 is up, line protocol is up 
  Hardware is DEC21140, address is ca01.0acc.0000 (bia ca01.0acc.0000)
  Internet address is 172.16.1.1/30
  MTU 1500 bytes, BW 100000 Kbit/sec, DLY 100 usec, 
     reliability 255/255, txload 1/255, rxload 1/255
  Encapsulation ARPA, loopback not set
  Keepalive set (10 sec)
  Full-duplex, 100Mb/s, 100BaseTX/FX
  ARP type: ARPA, ARP Timeout 04:00:00
  Last input 00:00:15, output 00:00:03, output hang never
  Last clearing of "show interface" counters never
  Input queue: 0/75/0/0 (size/max/drops/flushes); Total output drops: 0
  Queueing strategy: fifo
  Output queue: 0/40 (size/max)
  5 minute input rate 0 bits/sec, 0 packets/sec
  5 minute output rate 0 bits/sec, 0 packets/sec
     263 packets input, 43000 bytes
     Received 98 broadcasts (0 IP multicasts)
     0 runts, 0 giants, 0 throttles 
     0 input errors, 0 CRC, 0 frame, 0 overrun, 0 ignored
     0 watchdog
     0 input packets with dribble condition detected
     633 packets output, 62486 bytes, 0 underruns
     0 output errors, 0 collisions, 1 interface resets
     0 unknown protocol drops
     0 babbles, 0 late collision, 0 deferred
     0 lost carrier, 0 no carrier
     0 output buffer failures, 0 output buffers swapped out
FastEthernet1/0 is up, line protocol is up 
  Hardware is i82543 (Livengood), address is ca01.0acc.001c (bia ca01.0acc.001c)
  Internet address is 192.168.1.1/24
  MTU 1500 bytes, BW 100000 Kbit/sec, DLY 100 usec, 
     reliability 255/255, txload 1/255, rxload 1/255
  Encapsulation ARPA, loopback not set
  Keepalive set (10 sec)
  Full-duplex, 100Mb/s, 100BaseTX/FX
  ARP type: ARPA, ARP Timeout 04:00:00
  Last input 00:00:11, output 00:00:02, output hang never
  Last clearing of "show interface" counters never
  Input queue: 0/75/0/0 (size/max/drops/flushes); Total output drops: 0
  Queueing strategy: fifo
  Output queue: 0/40 (size/max)
  5 minute input rate 0 bits/sec, 0 packets/sec
  5 minute output rate 0 bits/sec, 0 packets/sec
     98 packets input, 33623 bytes
     Received 98 broadcasts (0 IP multicasts)
     0 runts, 0 giants, 0 throttles 
     0 input errors, 0 CRC, 0 frame, 0 overrun, 0 ignored
     0 watchdog
     0 input packets with dribble condition detected
     1298 packets output, 113441 bytes, 0 underruns
     0 output errors, 0 collisions, 2 interface resets
     0 unknown protocol drops
     0 babbles, 0 late collision, 0 deferred
     0 lost carrier, 0 no carrier
     0 output buffer failures, 0 output buffers swapped out
FastEthernet1/1 is administratively down, line protocol is down 
  Hardware is i82543 (Livengood), address is ca01.0acc.001d (bia ca01.0acc.001d)
  MTU 1500 bytes, BW 100000 Kbit/sec, DLY 100 usec, 
     reliability 255/255, txload 1/255, rxload 1/255
  Encapsulation ARPA, loopback not set
  Keepalive set (10 sec)
  Full-duplex, 100Mb/s, 100BaseTX/FX
  ARP type: ARPA, ARP Timeout 04:00:00
  Last input never, output never, output hang never
  Last clearing of "show interface" counters never
  Input queue: 0/75/0/0 (size/max/drops/flushes); Total output drops: 0
  Queueing strategy: fifo
  Output queue: 0/40 (size/max)
  5 minute input rate 0 bits/sec, 0 packets/sec
  5 minute output rate 0 bits/sec, 0 packets/sec
     0 packets input, 0 bytes
     Received 0 broadcasts (0 IP multicasts)
     0 runts, 0 giants, 0 throttles 
     0 input errors, 0 CRC, 0 frame, 0 overrun, 0 ignored
     0 watchdog
     0 input packets with dribble condition detected
     0 packets output, 0 bytes, 0 underruns
     0 output errors, 0 collisions, 0 interface resets
     0 unknown protocol drops
     0 babbles, 0 late collision, 0 deferred
     0 lost carrier, 0 no carrier
     0 output buffer failures, 0 output buffers swapped out
FastEthernet2/0 is administratively down, line protocol is down 
  Hardware is i82543 (Livengood), address is ca01.0acc.0038 (bia ca01.0acc.0038)
  MTU 1500 bytes, BW 100000 Kbit/sec, DLY 100 usec, 
     reliability 255/255, txload 1/255, rxload 1/255
  Encapsulation ARPA, loopback not set
  Keepalive set (10 sec)
  Full-duplex, 100Mb/s, 100BaseTX/FX
  ARP type: ARPA, ARP Timeout 04:00:00
  Last input never, output never, output hang never
  Last clearing of "show interface" counters never
  Input queue: 0/75/0/0 (size/max/drops/flushes); Total output drops: 0
  Queueing strategy: fifo
  Output queue: 0/40 (size/max)
  5 minute input rate 0 bits/sec, 0 packets/sec
  5 minute output rate 0 bits/sec, 0 packets/sec
     0 packets input, 0 bytes
     Received 0 broadcasts (0 IP multicasts)
     0 runts, 0 giants, 0 throttles 
     0 input errors, 0 CRC, 0 frame, 0 overrun, 0 ignored
     0 watchdog
     0 input packets with dribble condition detected
     0 packets output, 0 bytes, 0 underruns
     0 output errors, 0 collisions, 0 interface resets
     0 unknown protocol drops
     0 babbles, 0 late collision, 0 deferred
     0 lost carrier, 0 no carrier
     0 output buffer failures, 0 output buffers swapped out
FastEthernet2/1 is administratively down, line protocol is down 
  Hardware is i82543 (Livengood), address is ca01.0acc.0039 (bia ca01.0acc.0039)
  MTU 1500 bytes, BW 100000 Kbit/sec, DLY 100 usec, 
     reliability 255/255, txload 1/255, rxload 1/255
  Encapsulation ARPA, loopback not set
  Keepalive set (10 sec)
  Full-duplex, 100Mb/s, 100BaseTX/FX
  ARP type: ARPA, ARP Timeout 04:00:00
  Last input never, output never, output hang never
  Last clearing of "show interface" counters never
  Input queue: 0/75/0/0 (size/max/drops/flushes); Total output drops: 0
  Queueing strategy: fifo
  Output queue: 0/40 (size/max)
  5 minute input rate 0 bits/sec, 0 packets/sec
  5 minute output rate 0 bits/sec, 0 packets/sec
     0 packets input, 0 bytes
     Received 0 broadcasts (0 IP multicasts)
     0 runts, 0 giants, 0 throttles 
     0 input errors, 0 CRC, 0 frame, 0 overrun, 0 ignored
     0 watchdog
     0 input packets with dribble condition detected
     0 packets output, 0 bytes, 0 underruns
     0 output errors, 0 collisions, 0 interface resets
     0 unknown protocol drops
     0 babbles, 0 late collision, 0 deferred
     0 lost carrier, 0 no carrier
     0 output buffer failures, 0 output buffers swapped out
FastEthernet3/0 is up, line protocol is up 
  Hardware is i82543 (Livengood), address is ca01.0acc.0054 (bia ca01.0acc.0054)
  Description: *****MNGMT*****
  Internet address is 123.123.1.13/24
  MTU 1500 bytes, BW 100000 Kbit/sec, DLY 100 usec, 
     reliability 255/255, txload 1/255, rxload 1/255
  Encapsulation ARPA, loopback not set
  Keepalive set (10 sec)
  Full-duplex, 100Mb/s, 100BaseTX/FX
  ARP type: ARPA, ARP Timeout 04:00:00
  Last input 00:00:00, output 00:00:00, output hang never
  Last clearing of "show interface" counters never
  Input queue: 0/75/0/0 (size/max/drops/flushes); Total output drops: 0
  Queueing strategy: fifo
  Output queue: 0/40 (size/max)
  5 minute input rate 2000 bits/sec, 2 packets/sec
  5 minute output rate 2000 bits/sec, 2 packets/sec
     3712 packets input, 526989 bytes
     Received 1225 broadcasts (0 IP multicasts)
     0 runts, 0 giants, 0 throttles 
     0 input errors, 0 CRC, 0 frame, 0 overrun, 0 ignored
     0 watchdog
     0 input packets with dribble condition detected
     4117 packets output, 576378 bytes, 0 underruns
     0 output errors, 0 collisions, 2 interface resets
     0 unknown protocol drops
     0 babbles, 0 late collision, 0 deferred
     0 lost carrier, 0 no carrier
     0 output buffer failures, 0 output buffers swapped out
FastEthernet3/1 is administratively down, line protocol is down 
  Hardware is i82543 (Livengood), address is ca01.0acc.0055 (bia ca01.0acc.0055)
  MTU 1500 bytes, BW 100000 Kbit/sec, DLY 100 usec, 
     reliability 255/255, txload 1/255, rxload 1/255
  Encapsulation ARPA, loopback not set
  Keepalive set (10 sec)
  Full-duplex, 100Mb/s, 100BaseTX/FX
  ARP type: ARPA, ARP Timeout 04:00:00
  Last input never, output never, output hang never
  Last clearing of "show interface" counters never
  Input queue: 0/75/0/0 (size/max/drops/flushes); Total output drops: 0
  Queueing strategy: fifo
  Output queue: 0/40 (size/max)
  5 minute input rate 0 bits/sec, 0 packets/sec
  5 minute output rate 0 bits/sec, 0 packets/sec
     0 packets input, 0 bytes
     Received 0 broadcasts (0 IP multicasts)
     0 runts, 0 giants, 0 throttles 
     0 input errors, 0 CRC, 0 frame, 0 overrun, 0 ignored
     0 watchdog
     0 input packets with dribble condition detected
     0 packets output, 0 bytes, 0 underruns
     0 output errors, 0 collisions, 0 interface resets
     0 unknown protocol drops
     0 babbles, 0 late collision, 0 deferred
     0 lost carrier, 0 no carrier
     0 output buffer failures, 0 output buffers swapped out
Loopback190 is up, line protocol is up 
  Hardware is Loopback
  Internet address is 190.1.1.3/32
  MTU 1514 bytes, BW 8000000 Kbit/sec, DLY 5000 usec, 
     reliability 255/255, txload 1/255, rxload 1/255
  Encapsulation LOOPBACK, loopback not set
  Keepalive set (10 sec)
  Last input never, output never, output hang never
  Last clearing of "show interface" counters never
  Input queue: 0/75/0/0 (size/max/drops/flushes); Total output drops: 0
  Queueing strategy: fifo
  Output queue: 0/0 (size/max)
  5 minute input rate 0 bits/sec, 0 packets/sec
  5 minute output rate 0 bits/sec, 0 packets/sec
     0 packets input, 0 bytes, 0 no buffer
     Received 0 broadcasts (0 IP multicasts)
     0 runts, 0 giants, 0 throttles 
     0 input errors, 0 CRC, 0 frame, 0 overrun, 0 ignored, 0 abort
     0 packets output, 0 bytes, 0 underruns
     0 output errors, 0 collisions, 0 interface resets
     0 unknown protocol drops
     0 output buffer failures, 0 output buffers swapped out

------------------ show interfaces history ------------------



------------------ show controllers ------------------


Interface FastEthernet0/0
Hardware is DEC21140
 dec21140_ds=0x668E42B8, registers=0x3C0C0000, ib=0xE188080
 rx ring entries=128, tx ring entries=256, af setup failed=0
 rxring=0x7E188180, rxr shadow=0x668E4868, rx_head=2, rx_tail=0
 txring=0x7E1889C0, txr shadow=0x668E4A9C, tx_head=124, tx_tail=124, tx_count=0
 PHY link up
 CSR0=0x29082, CSR3=0xE188180, CSR4=0xE1889C0, CSR5=0x360000
 CSR6=0x20CA202, CSR7=0x1A261, CSR8=0x0, CSR9=0x54000
 CSR11=0x0, CSR12=0x98, CSR15=0x0
 TX state: running - reading buffer
 RX state: running - waiting for rx packet
 Far End Fault Indication (For FX Interface): OFF
 DEC21140 PCI registers:
  bus_no=0, device_no=6
  CFID=0x00091011, CFCS=0x00000000, CFRV=0x02000011, CFLT=0x00000000
  CBIO=0x00000000, CBMA=0x480C0000, CFIT=0x00000000, CFDA=0x00000000
 MII registers:
  Register 0x00:   2100  0004  0000  0000  0000  0000  0000  0000
  Register 0x08:   0000  0000  0000  0000  0000  0000  0000  0000
  Register 0x10:   0000  0000  0000  0000  0000  0000  0000  0000
  Register 0x18:   0000  0000  0000  0000  0000  0000  0000  0000
 Software MAC address filter(hash:length/addr/mask/hits):
 need_af_check = 0 
  0x00:  0  ffff.ffff.ffff  0000.0000.0000         0
  0x0A:  0  ca01.0acc.0000  0000.0000.0000         0
  0xC0:  0  0100.0ccc.cccc  0000.0000.0000         0
 throttled=0, enabled=0, disabled=0
 rx_fifo_overflow=0, rx_no_enp=0, rx_state=0
 tx_underrun_err=0, tx_jabber_timeout=0, tx_carrier_loss=0
 tx_no_carrier=0, tx_late_collision=0, tx_excess_coll=0
 tx_collision_cnt=0, tx_deferred=0, fatal_tx_err=0, tbl_overflow=0
 rx_pak_len_err = 0, filtered_pak_cnt = 0 
 tx_limited=0(256)
 HW addr filter: 0xE19CA40, ISL Disabled
  Entry= 0:  Addr=0100.0CCC.CCCC
  Entry= 1:  Addr=FFFF.FFFF.FFFF
  Entry= 2:  Addr=FFFF.FFFF.FFFF
  Entry= 3:  Addr=FFFF.FFFF.FFFF
  Entry= 4:  Addr=FFFF.FFFF.FFFF
  Entry= 5:  Addr=FFFF.FFFF.FFFF
  Entry= 6:  Addr=FFFF.FFFF.FFFF
  Entry= 7:  Addr=FFFF.FFFF.FFFF
  Entry= 8:  Addr=FFFF.FFFF.FFFF
  Entry= 9:  Addr=FFFF.FFFF.FFFF
  Entry=10:  Addr=FFFF.FFFF.FFFF
  Entry=11:  Addr=FFFF.FFFF.FFFF
  Entry=12:  Addr=FFFF.FFFF.FFFF
  Entry=13:  Addr=FFFF.FFFF.FFFF
  Entry=14:  Addr=FFFF.FFFF.FFFF
  Entry=15:  Addr=CA01.0ACC.0000

Interface FastEthernet1/0 (idb 0x668ED80C)
Hardware is i82543 (Livengood) 3?
  network link is up  
  Config is Auto Speed, Full Duplex
  loopback type is none
  10/100 PHY is enabled (MII mode)
 i82543 MAC registers:
  CTRL  =0x03C00064, STATUS=0x00000003, CTRL_X=0x00005F80, IMS   =0x00000096
  RCTL  =0x00428032, RDBAL =0x0E1C6000, RDBAH =0x00000000, RDLEN =0x00000800
  RDH   =0x0000005F, RDT   =0x0000005E, RDTR  =0x00000000
  TCTL  =0x000400FA, TDBAL =0x0E1C7000, TDBAH =0x00000000, TDLEN =0x00001000
  TDH   =0x0000000F, TDT   =0x0000000F, TIPG  =0x00000000
  ETT   =0x00000000, TXDMAC=0x00000000
  TXCW  =0x00000000, RXCW  =0x00000000, FCRTH =0x00000000, FCRTL =0x00000000
  FCAH  =0x00000100, FCAL  =0x00C28001, FCT   =0x00008808, FCTTV =0x00000000
  RDFH  =0x00000000, RDFT  =0x00000000, RDFPC =0x00000000
  TDFH  =0x00000000, TDFT  =0x00000000, TDFPC =0x00000000
  RX is normal, enabled  TX is normal, enabled
  Device status = full-duplex, link up
  Device Speed = 10Mbps
 PHY registers:
  PHY is LXT971
  Register 0x00:   3100  782C  0013  61D4  0141  41E1  0001  0000
  Register 0x08:   0000  ----  ----  ----  ----  ----  ----  ----
  Register 0x10:   0100  4700  0000  0000  0450  ----  ----  ----
  Register 0x18:   ----  ----  ----  ----  ----  ----  0000
  PHY says Link is UP, Speed 100Mbps, Full-Duplex, AUTONEG complete
  AUTONEG - Our ability is     100M/FD 10M/FD 
  AUTONEG - Partner ability is 100M/FD 100M/HD 10M/FD 10M/HD 
 PCI configuration registers:
  bus_no=5, device_no=0
  DeviceID=0x1001, VendorID=0x8086, Command=0x0000, Status=0x0000
  Class=0x02/0x00/0x00, Revision=0x03, LatencyTimer=0x00, CacheLineSize=0x00
  BaseAddr0=0x48800000, BaseAddr1=0x00000000, MaxLat=0x00, MinGnt=0x00
  SubsysDeviceID=0x0000, SubsysVendorID=0x0000
  Cap_Ptr=0x00000000  Retry/TRDY Timeout=0x00000000
  PMC=0x00000000  PMCSR=0x00000000
 i82543 Internal Driver Information:
  lc_ip_turbo_fs=0x631BB894, ip_routecache=0x11(dfs=0/mdfs=0)
  i82543_ds=0x668EEA1C, registers=0x3C800000
  rx cache size=400, rx cache end=272, rx_nobuffer=0
  max_mtu=1524
 Software MAC address filter(hash:length/addr/mask/hits):
 need_af_check = 0 
  0x00:  0  ffff.ffff.ffff  0000.0000.0000         0
  0x16:  0  ca01.0acc.001c  0000.0000.0000         0
  0x54:  0  0100.5e00.000a  0000.0000.0000         0
  0xC0:  0  0100.0ccc.cccc  0000.0000.0000         0
  ring sizes: RX=128, TX=256
  rxring=0x7E1C6000, shadow=0x668EF270, head=95, rx_buf_size=512
  txring=0x0E1C7000, shadow=0x668EF4A4, head=15, tail=15
  chip_state=2, pci_rev=3
  tx_count=0, tx_limited=0 (256)
  rx_overrun=0, rx_seq=0, rx_no_enp=0, rx_discard=0, filtered_pak=0
  throttled=0, enabled=0, disabled=0, bypassed=0
  reset=3(init=1, check=0, restart=2, pci=0), auto_restart=3
  link_reset=0, tx_carrier_loss=0, fatal_tx_err=0
  isl_err=0, wait_for_last_tdt=0, rx_stuck=0
  tx_stuck=0,  rx_max_spin=1, rx_bad_particle=0
 HW addr filter: 0x668EFCD8, ISL disabled, Promiscuous mode multicast
  Entry= 0:  Addr=CA01.0ACC.001C
  (All other entries are empty)
 i82543 Statistics
  CRC error        0             Symbol error     0           
  Missed Packets   0             Single Collision 0           
  Excessive Coll   0             Multiple Coll    0           
  Late Coll        0             Collision        0           
  Defer            0             Receive Length   0           
  Alignment Error  0             XON RX           0           
  XON TX           0             XOFF RX          0           
  XOFF TX          0             FC RX Unsupport  0           
  Packet RX (64)   0             Packet RX (127)  0           
  Packet RX (255)  0             Packet RX (511)  0           
  Packet RX (1023) 0             Packet RX (1522) 0           
  Good Packet RX   0             Broadcast RX     0           
  Multicast RX     0             Good Packet TX   0           
  Good Octets RX.H 0             Good Octets RX.L 0           
  Good Octets TX.H 0             Good Octets TX.L 0           
  RX No Buff       0             RX Undersize     0           
  RX Fragment      0             RX Oversize      0           
  RX Octets High   0             RX Octets Low    0           
  TX Octets High   0             TX Octets Low    0           
  TX Packet	   0             RX Packet        0           
  TX Broadcast     0             TX Multicast     0           
  Packet TX (64)   0             Packet TX (127)  0           
  Packet TX (255)  0             Packet TX (511)  0           
  Packet TX (1023) 0             Packet TX (1522) 0           
  TX Underruns     0             TX No CRS        0           
  RX Error Count   0             RX DMA Underruns 0           
  RX Carrier Ext   0           
  TCP Segmentation 0             TCP Seg Failed   0           
Interface FastEthernet1/1 (idb 0x668FB458)
Hardware is i82543 (Livengood) 3?
  network link is up  
  Config is Auto Speed, Full Duplex
  loopback type is none
  10/100 PHY is enabled (MII mode)
 i82543 MAC registers:
      Cannot display registers while
     Controller is in shutdown state!
 PHY registers:
  PHY is LXT971
  Register 0x00:   2800  782C  0013  61D4  01E1  41E1  0001  0000
  Register 0x08:   0000  ----  ----  ----  ----  ----  ----  ----
  Register 0x10:   0100  4700  0000  0000  0450  ----  ----  ----
  Register 0x18:   ----  ----  ----  ----  ----  ----  0000
  PHY says Link is UP, Speed 100Mbps, Full-Duplex, AUTONEG complete
  PHY is POWERED DOWN
 PCI configuration registers:
  bus_no=5, device_no=1
  DeviceID=0x1001, VendorID=0x8086, Command=0x0000, Status=0x0000
  Class=0x02/0x00/0x00, Revision=0x03, LatencyTimer=0x00, CacheLineSize=0x00
  BaseAddr0=0x48820000, BaseAddr1=0x00000000, MaxLat=0x00, MinGnt=0x00
  SubsysDeviceID=0x0000, SubsysVendorID=0x0000
  Cap_Ptr=0x00000000  Retry/TRDY Timeout=0x00000000
  PMC=0x00000000  PMCSR=0x00000000
 i82543 Internal Driver Information:
  lc_ip_turbo_fs=0x631BB894, ip_routecache=0x11(dfs=0/mdfs=0)
  i82543_ds=0x668FC668, registers=0x3C820000
  rx cache size=400, rx cache end=272, rx_nobuffer=0
  max_mtu=1524
 Software MAC address filter(hash:length/addr/mask/hits):
 need_af_check = 0 
  0x00:  0  ffff.ffff.ffff  0000.0000.0000         0
  0x17:  0  ca01.0acc.001d  0000.0000.0000         0
  0xC0:  0  0100.0ccc.cccc  0000.0000.0000         0
  ring sizes: RX=128, TX=256
  rxring=0x7E259000, shadow=0x668FCD40, head=0, rx_buf_size=512
  txring=0x0E25A000, shadow=0x668FCF74, head=0, tail=0
  chip_state=3, pci_rev=3
  tx_count=0, tx_limited=0 (256)
  rx_overrun=0, rx_seq=0, rx_no_enp=0, rx_discard=0, filtered_pak=0
  throttled=0, enabled=0, disabled=0, bypassed=0
  reset=1(init=1, check=0, restart=0, pci=0), auto_restart=1
  link_reset=0, tx_carrier_loss=0, fatal_tx_err=0
  isl_err=0, wait_for_last_tdt=0, rx_stuck=0
  tx_stuck=0,  rx_max_spin=1, rx_bad_particle=0
 HW addr filter: 0x668FD7A8, ISL disabled, Promiscuous mode multicast
  Entry= 0:  Addr=CA01.0ACC.001D
  (All other entries are empty)
 i82543 Statistics
  CRC error        0             Symbol error     0           
  Missed Packets   0             Single Collision 0           
  Excessive Coll   0             Multiple Coll    0           
  Late Coll        0             Collision        0           
  Defer            0             Receive Length   0           
  Alignment Error  0             XON RX           0           
  XON TX           0             XOFF RX          0           
  XOFF TX          0             FC RX Unsupport  0           
  Packet RX (64)   0             Packet RX (127)  0           
  Packet RX (255)  0             Packet RX (511)  0           
  Packet RX (1023) 0             Packet RX (1522) 0           
  Good Packet RX   0             Broadcast RX     0           
  Multicast RX     0             Good Packet TX   0           
  Good Octets RX.H 0             Good Octets RX.L 0           
  Good Octets TX.H 0             Good Octets TX.L 0           
  RX No Buff       0             RX Undersize     0           
  RX Fragment      0             RX Oversize      0           
  RX Octets High   0             RX Octets Low    0           
  TX Octets High   0             TX Octets Low    0           
  TX Packet	   0             RX Packet        0           
  TX Broadcast     0             TX Multicast     0           
  Packet TX (64)   0             Packet TX (127)  0           
  Packet TX (255)  0             Packet TX (511)  0           
  Packet TX (1023) 0             Packet TX (1522) 0           
  TX Underruns     0             TX No CRS        0           
  RX Error Count   0             RX DMA Underruns 0           
  RX Carrier Ext   0           
  TCP Segmentation 0             TCP Seg Failed   0           
Interface FastEthernet2/0 (idb 0x6690A544)
Hardware is i82543 (Livengood) 3?
  network link is up  
  Config is Auto Speed, Full Duplex
  loopback type is none
  10/100 PHY is enabled (MII mode)
 i82543 MAC registers:
      Cannot display registers while
     Controller is in shutdown state!
 PHY registers:
  PHY is LXT971
  Register 0x00:   2800  782C  0013  61D4  01E1  41E1  0001  0000
  Register 0x08:   0000  ----  ----  ----  ----  ----  ----  ----
  Register 0x10:   0100  4700  0000  0000  0450  ----  ----  ----
  Register 0x18:   ----  ----  ----  ----  ----  ----  0000
  PHY says Link is UP, Speed 100Mbps, Full-Duplex, AUTONEG complete
  PHY is POWERED DOWN
 PCI configuration registers:
  bus_no=11, device_no=0
  DeviceID=0x1001, VendorID=0x8086, Command=0x0000, Status=0x0000
  Class=0x02/0x00/0x00, Revision=0x03, LatencyTimer=0x00, CacheLineSize=0x00
  BaseAddr0=0x4D000000, BaseAddr1=0x00000000, MaxLat=0x00, MinGnt=0x00
  SubsysDeviceID=0x0000, SubsysVendorID=0x0000
  Cap_Ptr=0x00000000  Retry/TRDY Timeout=0x00000000
  PMC=0x00000000  PMCSR=0x00000000
 i82543 Internal Driver Information:
  lc_ip_turbo_fs=0x631BB894, ip_routecache=0x11(dfs=0/mdfs=0)
  i82543_ds=0x6690B754, registers=0x3D000000
  rx cache size=400, rx cache end=272, rx_nobuffer=0
  max_mtu=1524
 Software MAC address filter(hash:length/addr/mask/hits):
 need_af_check = 0 
  0x00:  0  ffff.ffff.ffff  0000.0000.0000         0
  0x32:  0  ca01.0acc.0038  0000.0000.0000         0
  0xC0:  0  0100.0ccc.cccc  0000.0000.0000         0
  ring sizes: RX=128, TX=256
  rxring=0x7E2EC000, shadow=0x6690BE2C, head=0, rx_buf_size=512
  txring=0x0E2ED000, shadow=0x6690C060, head=0, tail=0
  chip_state=3, pci_rev=3
  tx_count=0, tx_limited=0 (256)
  rx_overrun=0, rx_seq=0, rx_no_enp=0, rx_discard=0, filtered_pak=0
  throttled=0, enabled=0, disabled=0, bypassed=0
  reset=1(init=1, check=0, restart=0, pci=0), auto_restart=1
  link_reset=0, tx_carrier_loss=0, fatal_tx_err=0
  isl_err=0, wait_for_last_tdt=0, rx_stuck=0
  tx_stuck=0,  rx_max_spin=1, rx_bad_particle=0
 HW addr filter: 0x6690C894, ISL disabled, Promiscuous mode multicast
  Entry= 0:  Addr=CA01.0ACC.0038
  (All other entries are empty)
 i82543 Statistics
  CRC error        0             Symbol error     0           
  Missed Packets   0             Single Collision 0           
  Excessive Coll   0             Multiple Coll    0           
  Late Coll        0             Collision        0           
  Defer            0             Receive Length   0           
  Alignment Error  0             XON RX           0           
  XON TX           0             XOFF RX          0           
  XOFF TX          0             FC RX Unsupport  0           
  Packet RX (64)   0             Packet RX (127)  0           
  Packet RX (255)  0             Packet RX (511)  0           
  Packet RX (1023) 0             Packet RX (1522) 0           
  Good Packet RX   0             Broadcast RX     0           
  Multicast RX     0             Good Packet TX   0           
  Good Octets RX.H 0             Good Octets RX.L 0           
  Good Octets TX.H 0             Good Octets TX.L 0           
  RX No Buff       0             RX Undersize     0           
  RX Fragment      0             RX Oversize      0           
  RX Octets High   0             RX Octets Low    0           
  TX Octets High   0             TX Octets Low    0           
  TX Packet	   0             RX Packet        0           
  TX Broadcast     0             TX Multicast     0           
  Packet TX (64)   0             Packet TX (127)  0           
  Packet TX (255)  0             Packet TX (511)  0           
  Packet TX (1023) 0             Packet TX (1522) 0           
  TX Underruns     0             TX No CRS        0           
  RX Error Count   0             RX DMA Underruns 0           
  RX Carrier Ext   0           
  TCP Segmentation 0             TCP Seg Failed   0           
Interface FastEthernet2/1 (idb 0x66917FD8)
Hardware is i82543 (Livengood) 3?
  network link is up  
  Config is Auto Speed, Full Duplex
  loopback type is none
  10/100 PHY is enabled (MII mode)
 i82543 MAC registers:
      Cannot display registers while
     Controller is in shutdown state!
 PHY registers:
  PHY is LXT971
  Register 0x00:   2800  782C  0013  61D4  01E1  41E1  0001  0000
  Register 0x08:   0000  ----  ----  ----  ----  ----  ----  ----
  Register 0x10:   0100  4700  0000  0000  0450  ----  ----  ----
  Register 0x18:   ----  ----  ----  ----  ----  ----  0000
  PHY says Link is UP, Speed 100Mbps, Full-Duplex, AUTONEG complete
  PHY is POWERED DOWN
 PCI configuration registers:
  bus_no=11, device_no=1
  DeviceID=0x1001, VendorID=0x8086, Command=0x0000, Status=0x0000
  Class=0x02/0x00/0x00, Revision=0x03, LatencyTimer=0x00, CacheLineSize=0x00
  BaseAddr0=0x4D020000, BaseAddr1=0x00000000, MaxLat=0x00, MinGnt=0x00
  SubsysDeviceID=0x0000, SubsysVendorID=0x0000
  Cap_Ptr=0x00000000  Retry/TRDY Timeout=0x00000000
  PMC=0x00000000  PMCSR=0x00000000
 i82543 Internal Driver Information:
  lc_ip_turbo_fs=0x631BB894, ip_routecache=0x11(dfs=0/mdfs=0)
  i82543_ds=0x669191E8, registers=0x3D020000
  rx cache size=400, rx cache end=272, rx_nobuffer=0
  max_mtu=1524
 Software MAC address filter(hash:length/addr/mask/hits):
 need_af_check = 0 
  0x00:  0  ffff.ffff.ffff  0000.0000.0000         0
  0x33:  0  ca01.0acc.0039  0000.0000.0000         0
  0xC0:  0  0100.0ccc.cccc  0000.0000.0000         0
  ring sizes: RX=128, TX=256
  rxring=0x7E37F000, shadow=0x669198C0, head=0, rx_buf_size=512
  txring=0x0E380000, shadow=0x66919AF4, head=0, tail=0
  chip_state=3, pci_rev=3
  tx_count=0, tx_limited=0 (256)
  rx_overrun=0, rx_seq=0, rx_no_enp=0, rx_discard=0, filtered_pak=0
  throttled=0, enabled=0, disabled=0, bypassed=0
  reset=1(init=1, check=0, restart=0, pci=0), auto_restart=1
  link_reset=0, tx_carrier_loss=0, fatal_tx_err=0
  isl_err=0, wait_for_last_tdt=0, rx_stuck=0
  tx_stuck=0,  rx_max_spin=1, rx_bad_particle=0
 HW addr filter: 0x6691A328, ISL disabled, Promiscuous mode multicast
  Entry= 0:  Addr=CA01.0ACC.0039
  (All other entries are empty)
 i82543 Statistics
  CRC error        0             Symbol error     0           
  Missed Packets   0             Single Collision 0           
  Excessive Coll   0             Multiple Coll    0           
  Late Coll        0             Collision        0           
  Defer            0             Receive Length   0           
  Alignment Error  0             XON RX           0           
  XON TX           0             XOFF RX          0           
  XOFF TX          0             FC RX Unsupport  0           
  Packet RX (64)   0             Packet RX (127)  0           
  Packet RX (255)  0             Packet RX (511)  0           
  Packet RX (1023) 0             Packet RX (1522) 0           
  Good Packet RX   0             Broadcast RX     0           
  Multicast RX     0             Good Packet TX   0           
  Good Octets RX.H 0             Good Octets RX.L 0           
  Good Octets TX.H 0             Good Octets TX.L 0           
  RX No Buff       0             RX Undersize     0           
  RX Fragment      0             RX Oversize      0           
  RX Octets High   0             RX Octets Low    0           
  TX Octets High   0             TX Octets Low    0           
  TX Packet	   0             RX Packet        0           
  TX Broadcast     0             TX Multicast     0           
  Packet TX (64)   0             Packet TX (127)  0           
  Packet TX (255)  0             Packet TX (511)  0           
  Packet TX (1023) 0             Packet TX (1522) 0           
  TX Underruns     0             TX No CRS        0           
  RX Error Count   0             RX DMA Underruns 0           
  RX Carrier Ext   0           
  TCP Segmentation 0             TCP Seg Failed   0           
Interface FastEthernet3/0 (idb 0x66925A98)
Hardware is i82543 (Livengood) 3?
  network link is up  
  Config is Auto Speed, Full Duplex
  loopback type is none
  10/100 PHY is enabled (MII mode)
 i82543 MAC registers:
  CTRL  =0x03C00064, STATUS=0x00000003, CTRL_X=0x00005F80, IMS   =0x00000096
  RCTL  =0x00428032, RDBAL =0x0E412000, RDBAH =0x00000000, RDLEN =0x00000800
  RDH   =0x00000021, RDT   =0x00000020, RDTR  =0x00000000
  TCTL  =0x000400FA, TDBAL =0x0E413000, TDBAH =0x00000000, TDLEN =0x00001000
  TDH   =0x00000036, TDT   =0x00000045, TIPG  =0x00000000
  ETT   =0x00000000, TXDMAC=0x00000000
  TXCW  =0x00000000, RXCW  =0x00000000, FCRTH =0x00000000, FCRTL =0x00000000
  FCAH  =0x00000100, FCAL  =0x00C28001, FCT   =0x00008808, FCTTV =0x00000000
  RDFH  =0x00000000, RDFT  =0x00000000, RDFPC =0x00000000
  TDFH  =0x00000000, TDFT  =0x00000000, TDFPC =0x00000000
  RX is normal, enabled  TX is normal, enabled
  Device status = full-duplex, link up
  Device Speed = 10Mbps
 PHY registers:
  PHY is LXT971
  Register 0x00:   3100  782C  0013  61D4  0141  41E1  0001  0000
  Register 0x08:   0000  ----  ----  ----  ----  ----  ----  ----
  Register 0x10:   0100  4700  0000  0000  0450  ----  ----  ----
  Register 0x18:   ----  ----  ----  ----  ----  ----  0000
  PHY says Link is UP, Speed 100Mbps, Full-Duplex, AUTONEG complete
  AUTONEG - Our ability is     100M/FD 10M/FD 
  AUTONEG - Partner ability is 100M/FD 100M/HD 10M/FD 10M/HD 
 PCI configuration registers:
  bus_no=6, device_no=0
  DeviceID=0x1001, VendorID=0x8086, Command=0x0000, Status=0x0000
  Class=0x02/0x00/0x00, Revision=0x03, LatencyTimer=0x00, CacheLineSize=0x00
  BaseAddr0=0x49000000, BaseAddr1=0x00000000, MaxLat=0x00, MinGnt=0x00
  SubsysDeviceID=0x0000, SubsysVendorID=0x0000
  Cap_Ptr=0x00000000  Retry/TRDY Timeout=0x00000000
  PMC=0x00000000  PMCSR=0x00000000
 i82543 Internal Driver Information:
  lc_ip_turbo_fs=0x631BB894, ip_routecache=0x11(dfs=0/mdfs=0)
  i82543_ds=0x66926CA8, registers=0x3D800000
  rx cache size=400, rx cache end=272, rx_nobuffer=0
  max_mtu=1524
 Software MAC address filter(hash:length/addr/mask/hits):
 need_af_check = 0 
  0x00:  0  ffff.ffff.ffff  0000.0000.0000         0
  0x5E:  0  ca01.0acc.0054  0000.0000.0000         0
  0xC0:  0  0100.0ccc.cccc  0000.0000.0000         0
  ring sizes: RX=128, TX=256
  rxring=0x7E412000, shadow=0x66927380, head=33, rx_buf_size=512
  txring=0x0E413000, shadow=0x669275B4, head=54, tail=69
  chip_state=2, pci_rev=3
  tx_count=15, tx_limited=0 (256)
  rx_overrun=0, rx_seq=0, rx_no_enp=0, rx_discard=0, filtered_pak=0
  throttled=0, enabled=0, disabled=0, bypassed=0
  reset=3(init=1, check=0, restart=2, pci=0), auto_restart=3
  link_reset=0, tx_carrier_loss=0, fatal_tx_err=0
  isl_err=0, wait_for_last_tdt=0, rx_stuck=0
  tx_stuck=0,  rx_max_spin=1, rx_bad_particle=0
 HW addr filter: 0x66927DE8, ISL disabled, Promiscuous mode multicast
  Entry= 0:  Addr=CA01.0ACC.0054
  (All other entries are empty)
 i82543 Statistics
  CRC error        0             Symbol error     0           
  Missed Packets   0             Single Collision 0           
  Excessive Coll   0             Multiple Coll    0           
  Late Coll        0             Collision        0           
  Defer            0             Receive Length   0           
  Alignment Error  0             XON RX           0           
  XON TX           0             XOFF RX          0           
  XOFF TX          0             FC RX Unsupport  0           
  Packet RX (64)   0             Packet RX (127)  0           
  Packet RX (255)  0             Packet RX (511)  0           
  Packet RX (1023) 0             Packet RX (1522) 0           
  Good Packet RX   0             Broadcast RX     0           
  Multicast RX     0             Good Packet TX   0           
  Good Octets RX.H 0             Good Octets RX.L 0           
  Good Octets TX.H 0             Good Octets TX.L 0           
  RX No Buff       0             RX Undersize     0           
  RX Fragment      0             RX Oversize      0           
  RX Octets High   0             RX Octets Low    0           
  TX Octets High   0             TX Octets Low    0           
  TX Packet	   0             RX Packet        0           
  TX Broadcast     0             TX Multicast     0           
  Packet TX (64)   0             Packet TX (127)  0           
  Packet TX (255)  0             Packet TX (511)  0           
  Packet TX (1023) 0             Packet TX (1522) 0           
  TX Underruns     0             TX No CRS        0           
  RX Error Count   0             RX DMA Underruns 0           
  RX Carrier Ext   0           
  TCP Segmentation 0             TCP Seg Failed   0           
Interface FastEthernet3/1 (idb 0x66934ADC)
Hardware is i82543 (Livengood) 3?
  network link is up  
  Config is Auto Speed, Full Duplex
  loopback type is none
  10/100 PHY is enabled (MII mode)
 i82543 MAC registers:
      Cannot display registers while
     Controller is in shutdown state!
 PHY registers:
  PHY is LXT971
  Register 0x00:   2800  782C  0013  61D4  01E1  41E1  0001  0000
  Register 0x08:   0000  ----  ----  ----  ----  ----  ----  ----
  Register 0x10:   0100  4700  0000  0000  0450  ----  ----  ----
  Register 0x18:   ----  ----  ----  ----  ----  ----  0000
  PHY says Link is UP, Speed 100Mbps, Full-Duplex, AUTONEG complete
  PHY is POWERED DOWN
 PCI configuration registers:
  bus_no=6, device_no=1
  DeviceID=0x1001, VendorID=0x8086, Command=0x0000, Status=0x0000
  Class=0x02/0x00/0x00, Revision=0x03, LatencyTimer=0x00, CacheLineSize=0x00
  BaseAddr0=0x49020000, BaseAddr1=0x00000000, MaxLat=0x00, MinGnt=0x00
  SubsysDeviceID=0x0000, SubsysVendorID=0x0000
  Cap_Ptr=0x00000000  Retry/TRDY Timeout=0x00000000
  PMC=0x00000000  PMCSR=0x00000000
 i82543 Internal Driver Information:
  lc_ip_turbo_fs=0x631BB894, ip_routecache=0x11(dfs=0/mdfs=0)
  i82543_ds=0x66935CEC, registers=0x3D820000
  rx cache size=400, rx cache end=272, rx_nobuffer=0
  max_mtu=1524
 Software MAC address filter(hash:length/addr/mask/hits):
 need_af_check = 0 
  0x00:  0  ffff.ffff.ffff  0000.0000.0000         0
  0x5F:  0  ca01.0acc.0055  0000.0000.0000         0
  0xC0:  0  0100.0ccc.cccc  0000.0000.0000         0
  ring sizes: RX=128, TX=256
  rxring=0x7E4A5000, shadow=0x669363C4, head=0, rx_buf_size=512
  txring=0x0E4A6000, shadow=0x669365F8, head=0, tail=0
  chip_state=3, pci_rev=3
  tx_count=0, tx_limited=0 (256)
  rx_overrun=0, rx_seq=0, rx_no_enp=0, rx_discard=0, filtered_pak=0
  throttled=0, enabled=0, disabled=0, bypassed=0
  reset=1(init=1, check=0, restart=0, pci=0), auto_restart=1
  link_reset=0, tx_carrier_loss=0, fatal_tx_err=0
  isl_err=0, wait_for_last_tdt=0, rx_stuck=0
  tx_stuck=0,  rx_max_spin=1, rx_bad_particle=0
 HW addr filter: 0x66936E2C, ISL disabled, Promiscuous mode multicast
  Entry= 0:  Addr=CA01.0ACC.0055
  (All other entries are empty)
 i82543 Statistics
  CRC error        0             Symbol error     0           
  Missed Packets   0             Single Collision 0           
  Excessive Coll   0             Multiple Coll    0           
  Late Coll        0             Collision        0           
  Defer            0             Receive Length   0           
  Alignment Error  0             XON RX           0           
  XON TX           0             XOFF RX          0           
  XOFF TX          0             FC RX Unsupport  0           
  Packet RX (64)   0             Packet RX (127)  0           
  Packet RX (255)  0             Packet RX (511)  0           
  Packet RX (1023) 0             Packet RX (1522) 0           
  Good Packet RX   0             Broadcast RX     0           
  Multicast RX     0             Good Packet TX   0           
  Good Octets RX.H 0             Good Octets RX.L 0           
  Good Octets TX.H 0             Good Octets TX.L 0           
  RX No Buff       0             RX Undersize     0           
  RX Fragment      0             RX Oversize      0           
  RX Octets High   0             RX Octets Low    0           
  TX Octets High   0             TX Octets Low    0           
  TX Packet	   0             RX Packet        0           
  TX Broadcast     0             TX Multicast     0           
  Packet TX (64)   0             Packet TX (127)  0           
  Packet TX (255)  0             Packet TX (511)  0           
  Packet TX (1023) 0             Packet TX (1522) 0           
  TX Underruns     0             TX No CRS        0           
  RX Error Count   0             RX DMA Underruns 0           
  RX Carrier Ext   0           
  TCP Segmentation 0             TCP Seg Failed   0           



------------------ show user ------------------


    Line       User       Host(s)              Idle       Location
*  2 vty 0     admin      idle                 00:00:01 123.123.1.1

  Interface    User               Mode         Idle     Peer Address


------------------ show data-corruption ------------------


No data inconsistency errors have been recorded.


------------------ show environment last ------------------


	Data not available

DEBUG:netmiko:read_channel: 
Current configuration : 3665 bytes
!
version 15.2
service timestamps debug datetime msec
service timestamps log datetime msec
!
hostname CAMP-2
!
boot-start-marker
boot-end-marker
!
!
enable secret 5 <removed>
!
no aaa new-model
no ip icmp rate-limit unreachable
ip cef
!
!
!
!
!
!
no ip domain lookup
ip domain name gns3.lab
no ipv6 cef
!
!
multilink bundle-name authenticated
!
!
file prompt quiet
!
!
!
!
!
username admin password 0 <removed>
username suhas privilege 15 password 0 <removed>
!
!
ip tcp synwait-time 5
ip ssh version 2
ip scp server enable
! 
!
!
!
!
!
!
!
!
!
!
!
interface Loopback161
 ip address 161.161.161.161 255.255.255.255
!
interface Loopback162
 ip address 162.162.162.162 255.255.255.255
!
interface Loopback163
 ip address 163.163.163.163 255.255.255.255
!
interface Loopback164
 ip address 164.164.164.164 255.255.255.255
!
interface Loopback165
 ip address 165.165.165.165 255.255.255.255
!
interface Loopback166
 ip address 166.166.166.166 255.255.255.255
!
interface Loopback167
 ip address 167.167.167.167 255.255.255.255
!
interface Loopback168
 ip address 168.168.168.168 255.255.255.255
!
interface Loopback169
 ip address 169.169.169.169 255.255.255.255
!
interface Loopback190
 ip address 190.1.1.7 255.255.255.255
!
interface FastEthernet0/0
 ip address 192.168.230.1 255.255.255.252
 duplex full
!
interface FastEthernet1/0
 no ip address
 shutdown
 speed auto
 duplex full
!
interface FastEthernet1/1
 no ip address
 shutdown
 speed auto
 duplex full
!
interface FastEthernet2/0
 no ip address
 shutdown
 speed auto
 duplex full
!
interface FastEthernet2/1
 no ip address
 shutdown
 speed auto
 duplex full
!
interface FastEthernet3/0
 description *****MNGMT*****
 ip address 123.123.1.17 255.255.255.0
 speed auto
 duplex full
!
interface FastEthernet3/1
 no ip address
 shutdown
 speed auto
 duplex full
!
!
router eigrp 300
 network 161.161.161.161 0.0.0.0
 network 162.162.162.162 0.0.0.0
 network 163.163.163.163 0.0.0.0
 network 164.164.164.164 0.0.0.0
 network 165.165.165.165 0.0.0.0
 network 166.166.166.166 0.0.0.0
 network 167.167.167.167 0.0.0.0
 network 168.168.168.168 0.0.0.0
 network 169.169.169.169 0.0.0.0
 network 190.1.1.7 0.0.0.0
 network 192.168.230.0 0.0.0.3
!
ip forward-protocol nd
!
!
no ip http server
no ip http secure-server
!
ip access-list extended interface_acl
 remark Allow EAPoUDP
 permit udp any any eq 21862
 remark Allow DHCP
 permit udp any eq bootpc any eq bootps
 remark Allow DNS
 permit udp any any eq domain
 remark Allow HTTP access to update server
 permit tcp any host 10.0.200.30 eq www
 remark Allow ICMP for test purposes
 permit icmp any any
 remark Implicit Deny
 deny   ip any any
 permit tcp any host 190.1.1.9 eq www
 permit tcp any host 191.191.191.191 eq www
 permit tcp any host 192.192.192.192 eq www
 permit tcp any host 193.193.193.193 eq www
 permit tcp any host 194.194.194.194 eq www
 permit tcp any host 195.195.195.195 eq www
 permit tcp any host 196.196.196.196 eq www
 permit tcp any host 197.197.197.197 eq www
 permit tcp any host 198.198.198.198 eq www
 permit tcp any host 199.199.199.199 eq www
!
access-list 102 deny   tcp any any eq ftp
access-list 102 deny   tcp any any eq ftp-data
access-list 102 deny   tcp any any eq telnet
access-list 102 deny   tcp any any eq www
access-list 102 deny   tcp any any eq whois
access-list 102 deny   tcp any any eq talk
access-list 102 deny   tcp any any eq gopher
access-list 102 permit ip any any
!
!
!
control-plane
!
!
line con 0
 exec-timeout 0 0
 privilege level 15
 logging synchronous
 stopbits 1
line aux 0
 exec-timeout 0 0
 privilege level 15
 logging synchronous
 stopbits 1
line vty 0 4
 login local
 transport input ssh
!
!
end


------------------ show stacks ------------------


Minimum process stacks:
 Free/Size   Name
 4964/6000   CDP BLOB
 7972/9000   EEM ED RF
 7976/9000   EM ED GOLD
10848/12000  MRIB IPv6 Init Process
10948/12000  MRIB IPv4 Init Process
 3688/6000   EEM Shell Director
58584/60000  EEM Auto Registration Proc
 4948/6000   SASL MAIN
 1908/3000   LIM WAVL
10824/12000  Router Init
 7876/9000   EIGRP-IPv4
18936/24000  Init
10952/12000  cdp init process
 4716/6000   RADIUS INITCONFIG
 4820/6000   URPF stats
 1952/3000   Rom Random Update Process
 6716/12000  SSH Process

Interrupt level stacks:
Level    Called Unused/Size  Name
  1        5151   7872/9000  Network interfaces
  2        1189   8568/9000  DMA/Timer Interrupt
  3           0   9000/9000  PA Management Int Handler
  4      208053   8640/9000  Console Uart
  5           0   9000/9000  OIR/Error Interrupt
  7      954259   8528/9000  NMI Interrupt Handler

------------------ show interfaces ------------------


FastEthernet0/0 is up, line protocol is up 
  Hardware is DEC21140, address is ca04.0b06.0000 (bia ca04.0b06.0000)
  Internet address is 192.168.230.1/30
  MTU 1500 bytes, BW 100000 Kbit/sec, DLY 100 usec, 
     reliability 255/255, txload 1/255, rxload 1/255
  Encapsulation ARPA, loopback not set
  Keepalive set (10 sec)
  Full-duplex, 100Mb/s, 100BaseTX/FX
  ARP type: ARPA, ARP Timeout 04:00:00
  Last input 00:00:11, output 00:00:02, output hang never
  Last clearing of "show interface" counters never
  Input queue: 0/75/0/0 (size/max/drops/flushes); Total output drops: 0
  Queueing strategy: fifo
  Output queue: 0/40 (size/max)
  5 minute input rate 0 bits/sec, 0 packets/sec
  5 minute output rate 0 bits/sec, 0 packets/sec
     98 packets input, 33623 bytes
     Received 98 broadcasts (0 IP multicasts)
     0 runts, 0 giants, 0 throttles 
     0 input errors, 0 CRC, 0 frame, 0 overrun, 0 ignored
     0 watchdog
     0 input packets with dribble condition detected
     1280 packets output, 111339 bytes, 0 underruns
     0 output errors, 0 collisions, 0 interface resets
     0 unknown protocol drops
     0 babbles, 0 late collision, 0 deferred
     0 lost carrier, 0 no carrier
     0 output buffer failures, 0 output buffers swapped out
FastEthernet1/0 is administratively down, line protocol is down 
  Hardware is i82543 (Livengood), address is ca04.0b06.001c (bia ca04.0b06.001c)
  MTU 1500 bytes, BW 100000 Kbit/sec, DLY 100 usec, 
     reliability 255/255, txload 1/255, rxload 1/255
  Encapsulation ARPA, loopback not set
  Keepalive set (10 sec)
  Full-duplex, 100Mb/s, 100BaseTX/FX
  ARP type: ARPA, ARP Timeout 04:00:00
  Last input never, output never, output hang never
  Last clearing of "show interface" counters never
  Input queue: 0/75/0/0 (size/max/drops/flushes); Total output drops: 0
  Queueing strategy: fifo
  Output queue: 0/40 (size/max)
  5 minute input rate 0 bits/sec, 0 packets/sec
  5 minute output rate 0 bits/sec, 0 packets/sec
     0 packets input, 0 bytes
     Received 0 broadcasts (0 IP multicasts)
     0 runts, 0 giants, 0 throttles 
     0 input errors, 0 CRC, 0 frame, 0 overrun, 0 ignored
     0 watchdog
     0 input packets with dribble condition detected
     0 packets output, 0 bytes, 0 underruns
     0 output errors, 0 collisions, 0 interface resets
     0 unknown protocol drops
     0 babbles, 0 late collision, 0 deferred
     0 lost carrier, 0 no carrier
     0 output buffer failures, 0 output buffers swapped out
FastEthernet1/1 is administratively down, line protocol is down 
  Hardware is i82543 (Livengood), address is ca04.0b06.001d (bia ca04.0b06.001d)
  MTU 1500 bytes, BW 100000 Kbit/sec, DLY 100 usec, 
     reliability 255/255, txload 1/255, rxload 1/255
  Encapsulation ARPA, loopback not set
  Keepalive set (10 sec)
  Full-duplex, 100Mb/s, 100BaseTX/FX
  ARP type: ARPA, ARP Timeout 04:00:00
  Last input never, output never, output hang never
  Last clearing of "show interface" counters never
  Input queue: 0/75/0/0 (size/max/drops/flushes); Total output drops: 0
  Queueing strategy: fifo
  Output queue: 0/40 (size/max)
  5 minute input rate 0 bits/sec, 0 packets/sec
  5 minute output rate 0 bits/sec, 0 packets/sec
     0 packets input, 0 bytes
     Received 0 broadcasts (0 IP multicasts)
     0 runts, 0 giants, 0 throttles 
     0 input errors, 0 CRC, 0 frame, 0 overrun, 0 ignored
     0 watchdog
     0 input packets with dribble condition detected
     0 packets output, 0 bytes, 0 underruns
     0 output errors, 0 collisions, 0 interface resets
     0 unknown protocol drops
     0 babbles, 0 late collision, 0 deferred
     0 lost carrier, 0 no carrier
     0 output buffer failures, 0 output buffers swapped out
FastEthernet2/0 is administratively down, line protocol is down 
  Hardware is i82543 (Livengood), address is ca04.0b06.0038 (bia ca04.0b06.0038)
  MTU 1500 bytes, BW 100000 Kbit/sec, DLY 100 usec, 
     reliability 255/255, txload 1/255, rxload 1/255
  Encapsulation ARPA, loopback not set
  Keepalive set (10 sec)
  Full-duplex, 100Mb/s, 100BaseTX/FX
  ARP type: ARPA, ARP Timeout 04:00:00
  Last input never, output never, output hang never
  Last clearing of "show interface" counters never
  Input queue: 0/75/0/0 (size/max/drops/flushes); Total output drops: 0
  Queueing strategy: fifo
  Output queue: 0/40 (size/max)
  5 minute input rate 0 bits/sec, 0 packets/sec
  5 minute output rate 0 bits/sec, 0 packets/sec
     0 packets input, 0 bytes
     Received 0 broadcasts (0 IP multicasts)
     0 runts, 0 giants, 0 throttles 
     0 input errors, 0 CRC, 0 frame, 0 overrun, 0 ignored
     0 watchdog
     0 input packets with dribble condition detected
     0 packets output, 0 bytes, 0 underruns
     0 output errors, 0 collisions, 0 interface resets
     0 unknown protocol drops
     0 babbles, 0 late collision, 0 deferred
     0 lost carrier, 0 no carrier
     0 output buffer failures, 0 output buffers swapped out
FastEthernet2/1 is administratively down, line protocol is down 
  Hardware is i82543 (Livengood), address is ca04.0b06.0039 (bia ca04.0b06.0039)
  MTU 1500 bytes, BW 100000 Kbit/sec, DLY 100 usec, 
     reliability 255/255, txload 1/255, rxload 1/255
  Encapsulation ARPA, loopback not set
  Keepalive set (10 sec)
  Full-duplex, 100Mb/s, 100BaseTX/FX
  ARP type: ARPA, ARP Timeout 04:00:00
  Last input never, output never, output hang never
  Last clearing of "show interface" counters never
  Input queue: 0/75/0/0 (size/max/drops/flushes); Total output drops: 0
  Queueing strategy: fifo
  Output queue: 0/40 (size/max)
  5 minute input rate 0 bits/sec, 0 packets/sec
  5 minute output rate 0 bits/sec, 0 packets/sec
     0 packets input, 0 bytes
     Received 0 broadcasts (0 IP multicasts)
     0 runts, 0 giants, 0 throttles 
     0 input errors, 0 CRC, 0 frame, 0 overrun, 0 ignored
     0 watchdog
     0 input packets with dribble condition detected
     0 packets output, 0 bytes, 0 underruns
     0 output errors, 0 collisions, 0 interface resets
     0 unknown protocol drops
     0 babbles, 0 late collision, 0 deferred
     0 lost carrier, 0 no carrier
     0 output buffer failures, 0 output buffers swapped out
FastEthernet3/0 is up, line protocol is up 
  Hardware is i82543 (Livengood), address is ca04.0b06.0054 (bia ca04.0b06.0054)
  Description: *****MNGMT*****
  Internet address is 123.123.1.17/24
  MTU 1500 bytes, BW 100000 Kbit/sec, DLY 100 usec, 
     reliability 255/255, txload 1/255, rxload 1/255
  Encapsulation ARPA, loopback not set
  Keepalive set (10 sec)
  Full-duplex, 100Mb/s, 100BaseTX/FX
  ARP type: ARPA, ARP Timeout 04:00:00
  Last input 00:00:00, output 00:00:00, output hang never
  Last clearing of "show interface" counters never
  Input queue: 0/75/0/0 (size/max/drops/flushes); Total output drops: 0
  Queueing strategy: fifo
  Output queue: 0/40 (size/max)
  5 minute input rate 2000 bits/sec, 2 packets/sec
  5 minute output rate 2000 bits/sec, 2 packets/sec
     3786 packets input, 532976 bytes
     Received 1225 broadcasts (0 IP multicasts)
     0 runts, 0 giants, 0 throttles 
     0 input errors, 0 CRC, 0 frame, 0 overrun, 0 ignored
     0 watchdog
     0 input packets with dribble condition detected
     4155 packets output, 587429 bytes, 0 underruns
     0 output errors, 0 collisions, 2 interface resets
     0 unknown protocol drops
     0 babbles, 0 late collision, 0 deferred
     0 lost carrier, 0 no carrier
     0 output buffer failures, 0 output buffers swapped out
FastEthernet3/1 is administratively down, line protocol is down 
  Hardware is i82543 (Livengood), address is ca04.0b06.0055 (bia ca04.0b06.0055)
  MTU 1500 bytes, BW 100000 Kbit/sec, DLY 100 usec, 
     reliability 255/255, txload 1/255, rxload 1/255
  Encapsulation ARPA, loopback not set
  Keepalive set (10 sec)
  Full-duplex, 100Mb/s, 100BaseTX/FX
  ARP type: ARPA, ARP Timeout 04:00:00
  Last input never, output never, output hang never
  Last clearing of "show interface" counters never
  Input queue: 0/75/0/0 (size/max/drops/flushes); Total output drops: 0
  Queueing strategy: fifo
  Output queue: 0/40 (size/max)
  5 minute input rate 0 bits/sec, 0 packets/sec
  5 minute output rate 0 bits/sec, 0 packets/sec
     0 packets input, 0 bytes
     Received 0 broadcasts (0 IP multicasts)
     0 runts, 0 giants, 0 throttles 
     0 input errors, 0 CRC, 0 frame, 0 overrun, 0 ignored
     0 watchdog
     0 input packets with dribble condition detected
     0 packets output, 0 bytes, 0 underruns
     0 output errors, 0 collisions, 0 interface resets
     0 unknown protocol drops
     0 babbles, 0 late collision, 0 deferred
     0 lost carrier, 0 no carrier
     0 output buffer failures, 0 output buffers swapped out
Loopback161 is up, line protocol is up 
  Hardware is Loopback
  Internet address is 161.161.161.161/32
  MTU 1514 bytes, BW 8000000 Kbit/sec, DLY 5000 usec, 
     reliability 255/255, txload 1/255, rxload 1/255
  Encapsulation LOOPBACK, loopback not set
  Keepalive set (10 sec)
  Last input never, output never, output hang never
  Last clearing of "show interface" counters never
  Input queue: 0/75/0/0 (size/max/drops/flushes); Total output drops: 0
  Queueing strategy: fifo
  Output queue: 0/0 (size/max)
  5 minute input rate 0 bits/sec, 0 packets/sec
  5 minute output rate 0 bits/sec, 0 packets/sec
     0 packets input, 0 bytes, 0 no buffer
     Received 0 broadcasts (0 IP multicasts)
     0 runts, 0 giants, 0 throttles 
     0 input errors, 0 CRC, 0 frame, 0 overrun, 0 ignored, 0 abort
     0 packets output, 0 bytes, 0 underruns
     0 output errors, 0 collisions, 0 interface resets
     0 unknown protocol drops
     0 output buffer failures, 0 output buffers swapped out
Loopback162 is up, line protocol is up 
  Hardware is Loopback
  Internet address is 162.162.162.162/32
  MTU 1514 bytes, BW 8000000 Kbit/sec, DLY 5000 usec, 
     reliability 255/255, txload 1/255, rxload 1/255
  Encapsulation LOOPBACK, loopback not set
  Keepalive set (10 sec)
  Last input never, output never, output hang never
  Last clearing of "show interface" counters never
  Input queue: 0/75/0/0 (size/max/drops/flushes); Total output drops: 0
  Queueing strategy: fifo
  Output queue: 0/0 (size/max)
  5 minute input rate 0 bits/sec, 0 packets/sec
  5 minute output rate 0 bits/sec, 0 packets/sec
     0 packets input, 0 bytes, 0 no buffer
     Received 0 broadcasts (0 IP multicasts)
     0 runts, 0 giants, 0 throttles 
     0 input errors, 0 CRC, 0 frame, 0 overrun, 0 ignored, 0 abort
     0 packets output, 0 bytes, 0 underruns
     0 output errors, 0 collisions, 0 interface resets
     0 unknown protocol drops
     0 output buffer failures, 0 output buffers swapped out
Loopback163 is up, line protocol is up 
  Hardware is Loopback
  Internet address is 163.163.163.163/32
  MTU 1514 bytes, BW 8000000 Kbit/sec, DLY 5000 usec, 
     reliability 255/255, txload 1/255, rxload 1/255
  Encapsulation LOOPBACK, loopback not set
  Keepalive set (10 sec)
  Last input never, output never, output hang never
  Last clearing of "show interface" counters never
  Input queue: 0/75/0/0 (size/max/drops/flushes); Total output drops: 0
  Queueing strategy: fifo
  Output queue: 0/0 (size/max)
  5 minute input rate 0 bits/sec, 0 packets/sec
  5 minute output rate 0 bits/sec, 0 packets/sec
     0 packets input, 0 bytes, 0 no buffer
     Received 0 broadcasts (0 IP multicasts)
     0 runts, 0 giants, 0 throttles 
     0 input errors, 0 CRC, 0 frame, 0 overrun, 0 ignored, 0 abort
     0 packets output, 0 bytes, 0 underruns
     0 output errors, 0 collisions, 0 interface resets
     0 unknown protocol drops
     0 output buffer failures, 0 output buffers swapped out
Loopback164 is up, line protocol is up 
  Hardware is Loopback
  Internet address is 164.164.164.164/32
  MTU 1514 bytes, BW 8000000 Kbit/sec, DLY 5000 usec, 
     reliability 255/255, txload 1/255, rxload 1/255
  Encapsulation LOOPBACK, loopback not set
  Keepalive set (10 sec)
  Last input never, output never, output hang never
  Last clearing of "show interface" counters never
  Input queue: 0/75/0/0 (size/max/drops/flushes); Total output drops: 0
  Queueing strategy: fifo
  Output queue: 0/0 (size/max)
  5 minute input rate 0 bits/sec, 0 packets/sec
  5 minute output rate 0 bits/sec, 0 packets/sec
     0 packets input, 0 bytes, 0 no buffer
     Received 0 broadcasts (0 IP multicasts)
     0 runts, 0 giants, 0 throttles 
     0 input errors, 0 CRC, 0 frame, 0 overrun, 0 ignored, 0 abort
     0 packets output, 0 bytes, 0 underruns
     0 output errors, 0 collisions, 0 interface resets
     0 unknown protocol drops
     0 output buffer failures, 0 output buffers swapped out
Loopback165 is up, line protocol is up 
  Hardware is Loopback
  Internet address is 165.165.165.165/32
  MTU 1514 bytes, BW 8000000 Kbit/sec, DLY 5000 usec, 
     reliability 255/255, txload 1/255, rxload 1/255
  Encapsulation LOOPBACK, loopback not set
  Keepalive set (10 sec)
  Last input never, output never, output hang never
  Last clearing of "show interface" counters never
  Input queue: 0/75/0/0 (size/max/drops/flushes); Total output drops: 0
  Queueing strategy: fifo
  Output queue: 0/0 (size/max)
  5 minute input rate 0 bits/sec, 0 packets/sec
  5 minute output rate 0 bits/sec, 0 packets/sec
     0 packets input, 0 bytes, 0 no buffer
     Received 0 broadcasts (0 IP multicasts)
     0 runts, 0 giants, 0 throttles 
     0 input errors, 0 CRC, 0 frame, 0 overrun, 0 ignored, 0 abort
     0 packets output, 0 bytes, 0 underruns
     0 output errors, 0 collisions, 0 interface resets
     0 unknown protocol drops
     0 output buffer failures, 0 output buffers swapped out
Loopback166 is up, line protocol is up 
  Hardware is Loopback
  Internet address is 166.166.166.166/32
  MTU 1514 bytes, BW 8000000 Kbit/sec, DLY 5000 usec, 
     reliability 255/255, txload 1/255, rxload 1/255
  Encapsulation LOOPBACK, loopback not set
  Keepalive set (10 sec)
  Last input never, output never, output hang never
  Last clearing of "show interface" counters never
  Input queue: 0/75/0/0 (size/max/drops/flushes); Total output drops: 0
  Queueing strategy: fifo
  Output queue: 0/0 (size/max)
  5 minute input rate 0 bits/sec, 0 packets/sec
  5 minute output rate 0 bits/sec, 0 packets/sec
     0 packets input, 0 bytes, 0 no buffer
     Received 0 broadcasts (0 IP multicasts)
     0 runts, 0 giants, 0 throttles 
     0 input errors, 0 CRC, 0 frame, 0 overrun, 0 ignored, 0 abort
     0 packets output, 0 bytes, 0 underruns
     0 output errors, 0 collisions, 0 interface resets
     0 unknown protocol drops
     0 output buffer failures, 0 output buffers swapped out
Loopback167 is up, line protocol is up 
  Hardware is Loopback
  Internet address is 167.167.167.167/32
  MTU 1514 bytes, BW 8000000 Kbit/sec, DLY 5000 usec, 
     reliability 255/255, txload 1/255, rxload 1/255
  Encapsulation LOOPBACK, loopback not set
  Keepalive set (10 sec)
  Last input never, output never, output hang never
  Last clearing of "show interface" counters never
  Input queue: 0/75/0/0 (size/max/drops/flushes); Total output drops: 0
  Queueing strategy: fifo
  Output queue: 0/0 (size/max)
  5 minute input rate 0 bits/sec, 0 packets/sec
  5 minute output rate 0 bits/sec, 0 packets/sec
     0 packets input, 0 bytes, 0 no buffer
     Received 0 broadcasts (0 IP multicasts)
     0 runts, 0 giants, 0 throttles 
     0 input errors, 0 CRC, 0 frame, 0 overrun, 0 ignored, 0 abort
     0 packets output, 0 bytes, 0 underruns
     0 output errors, 0 collisions, 0 interface resets
     0 unknown protocol drops
     0 output buffer failures, 0 output buffers swapped out
Loopback168 is up, line protocol is up 
  Hardware is Loopback
  Internet address is 168.168.168.168/32
  MTU 1514 bytes, BW 8000000 Kbit/sec, DLY 5000 usec, 
     reliability 255/255, txload 1/255, rxload 1/255
  Encapsulation LOOPBACK, loopback not set
  Keepalive set (10 sec)
  Last input never, output never, output hang never
  Last clearing of "show interface" counters never
  Input queue: 0/75/0/0 (size/max/drops/flushes); Total output drops: 0
  Queueing strategy: fifo
  Output queue: 0/0 (size/max)
  5 minute input rate 0 bits/sec, 0 packets/sec
  5 minute output rate 0 bits/sec, 0 packets/sec
     0 packets input, 0 bytes, 0 no buffer
     Received 0 broadcasts (0 IP multicasts)
     0 runts, 0 giants, 0 throttles 
     0 input errors, 0 CRC, 0 frame, 0 overrun, 0 ignored, 0 abort
     0 packets output, 0 bytes, 0 underruns
     0 output errors, 0 collisions, 0 interface resets
     0 unknown protocol drops
     0 output buffer failures, 0 output buffers swapped out
Loopback169 is up, line protocol is up 
  Hardware is Loopback
  Internet address is 169.169.169.169/32
  MTU 1514 bytes, BW 8000000 Kbit/sec, DLY 5000 usec, 
     reliability 255/255, txload 1/255, rxload 1/255
  Encapsulation LOOPBACK, loopback not set
  Keepalive set (10 sec)
  Last input never, output never, output hang never
  Last clearing of "show interface" counters never
  Input queue: 0/75/0/0 (size/max/drops/flushes); Total output drops: 0
  Queueing strategy: fifo
  Output queue: 0/0 (size/max)
  5 minute input rate 0 bits/sec, 0 packets/sec
  5 minute output rate 0 bits/sec, 0 packets/sec
     0 packets input, 0 bytes, 0 no buffer
     Received 0 broadcasts (0 IP multicasts)
     0 runts, 0 giants, 0 throttles 
     0 input errors, 0 CRC, 0 frame, 0 overrun, 0 ignored, 0 abort
     0 packets output, 0 bytes, 0 underruns
     0 output errors, 0 collisions, 0 interface resets
     0 unknown protocol drops
     0 output buffer failures, 0 output buffers swapped out
Loopback190 is up, line protocol is up 
  Hardware is Loopback
  Internet address is 190.1.1.7/32
  MTU 1514 bytes, BW 8000000 Kbit/sec, DLY 5000 usec, 
     reliability 255/255, txload 1/255, rxload 1/255
  Encapsulation LOOPBACK, loopback not set
  Keepalive set (10 sec)
  Last input never, output never, output hang never
  Last clearing of "show interface" counters never
  Input queue: 0/75/0/0 (size/max/drops/flushes); Total output drops: 0
  Queueing strategy: fifo
  Output queue: 0/0 (size/max)
  5 minute input rate 0 bits/sec, 0 packets/sec
  5 minute output rate 0 bits/sec, 0 packets/sec
     0 packets input, 0 bytes, 0 no buffer
     Received 0 broadcasts (0 IP multicasts)
     0 runts, 0 giants, 0 throttles 
     0 input errors, 0 CRC, 0 frame, 0 overrun, 0 ignored, 0 abort
     0 packets output, 0 bytes, 0 underruns
     0 output errors, 0 collisions, 0 interface resets
     0 unknown protocol drops
     0 output buffer failures, 0 output buffers swapped out

------------------ show interfaces history ------------------



DEBUG:netmiko:read_channel: 
DEBUG:netmiko:read_channel: 
------------------ show stacks ------------------


Minimum process stacks:
 Free/Size   Name
 4964/6000   CDP BLOB
 7972/9000   EEM ED RF
 7976/9000   EM ED GOLD
10848/12000  MRIB IPv6 Init Process
10948/12000  MRIB IPv4 Init Process
 3688/6000   EEM Shell Director
58584/60000  EEM Auto Registration Proc
 4948/6000   SASL MAIN
 1908/3000   LIM WAVL
10776/12000  Router Init
10952/12000  cdp init process
18936/24000  Init
 4716/6000   RADIUS INITCONFIG
 4864/6000   BGP Accepter
 4820/6000   URPF stats
 2008/3000   Rom Random Update Process
 6716/12000  SSH Process

Interrupt level stacks:
Level    Called Unused/Size  Name
  1        4749   7872/9000  Network interfaces
  2        1039   8568/9000  DMA/Timer Interrupt
  3           0   9000/9000  PA Management Int Handler
  4      208090   8640/9000  Console Uart
  5           0   9000/9000  OIR/Error Interrupt
  7      966323   8528/9000  NMI Interrupt Handler

------------------ show interfaces ------------------


FastEthernet0/0 is up, line protocol is up 
  Hardware is DEC21140, address is ca06.0b27.0000 (bia ca06.0b27.0000)
  Internet address is 172.16.2.2/30
  MTU 1500 bytes, BW 100000 Kbit/sec, DLY 100 usec, 
     reliability 255/255, txload 1/255, rxload 1/255
  Encapsulation ARPA, loopback not set
  Keepalive set (10 sec)
  Full-duplex, 100Mb/s, 100BaseTX/FX
  ARP type: ARPA, ARP Timeout 04:00:00
  Last input 00:00:24, output 00:00:00, output hang never
  Last clearing of "show interface" counters never
  Input queue: 0/75/0/0 (size/max/drops/flushes); Total output drops: 0
  Queueing strategy: fifo
  Output queue: 0/40 (size/max)
  5 minute input rate 0 bits/sec, 0 packets/sec
  5 minute output rate 0 bits/sec, 0 packets/sec
     232 packets input, 38388 bytes
     Received 84 broadcasts (0 IP multicasts)
     0 runts, 0 giants, 0 throttles 
     0 input errors, 0 CRC, 0 frame, 0 overrun, 0 ignored
     0 watchdog
     0 input packets with dribble condition detected
     754 packets output, 90224 bytes, 0 underruns
     0 output errors, 0 collisions, 0 interface resets
     0 unknown protocol drops
     0 babbles, 0 late collision, 0 deferred
     0 lost carrier, 0 no carrier
     0 output buffer failures, 0 output buffers swapped out
FastEthernet1/0 is administratively down, line protocol is down 
  Hardware is i82543 (Livengood), address is ca06.0b27.001c (bia ca06.0b27.001c)
  MTU 1500 bytes, BW 100000 Kbit/sec, DLY 100 usec, 
     reliability 255/255, txload 1/255, rxload 1/255
  Encapsulation ARPA, loopback not set
  Keepalive set (10 sec)
  Full-duplex, 100Mb/s, 100BaseTX/FX
  ARP type: ARPA, ARP Timeout 04:00:00
  Last input never, output never, output hang never
  Last clearing of "show interface" counters never
  Input queue: 0/75/0/0 (size/max/drops/flushes); Total output drops: 0
  Queueing strategy: fifo
  Output queue: 0/40 (size/max)
  5 minute input rate 0 bits/sec, 0 packets/sec
  5 minute output rate 0 bits/sec, 0 packets/sec
     0 packets input, 0 bytes
     Received 0 broadcasts (0 IP multicasts)
     0 runts, 0 giants, 0 throttles 
     0 input errors, 0 CRC, 0 frame, 0 overrun, 0 ignored
     0 watchdog
     0 input packets with dribble condition detected
     0 packets output, 0 bytes, 0 underruns
     0 output errors, 0 collisions, 0 interface resets
     0 unknown protocol drops
     0 babbles, 0 late collision, 0 deferred
     0 lost carrier, 0 no carrier
     0 output buffer failures, 0 output buffers swapped out
FastEthernet1/1 is administratively down, line protocol is down 
  Hardware is i82543 (Livengood), address is ca06.0b27.001d (bia ca06.0b27.001d)
  MTU 1500 bytes, BW 100000 Kbit/sec, DLY 100 usec, 
     reliability 255/255, txload 1/255, rxload 1/255
  Encapsulation ARPA, loopback not set
  Keepalive set (10 sec)
  Full-duplex, 100Mb/s, 100BaseTX/FX
  ARP type: ARPA, ARP Timeout 04:00:00
  Last input never, output never, output hang never
  Last clearing of "show interface" counters never
  Input queue: 0/75/0/0 (size/max/drops/flushes); Total output drops: 0
  Queueing strategy: fifo
  Output queue: 0/40 (size/max)
  5 minute input rate 0 bits/sec, 0 packets/sec
  5 minute output rate 0 bits/sec, 0 packets/sec
     0 packets input, 0 bytes
     Received 0 broadcasts (0 IP multicasts)
     0 runts, 0 giants, 0 throttles 
     0 input errors, 0 CRC, 0 frame, 0 overrun, 0 ignored
     0 watchdog
     0 input packets with dribble condition detected
     0 packets output, 0 bytes, 0 underruns
     0 output errors, 0 collisions, 0 interface resets
     0 unknown protocol drops
     0 babbles, 0 late collision, 0 deferred
     0 lost carrier, 0 no carrier
     0 output buffer failures, 0 output buffers swapped out
FastEthernet2/0 is administratively down, line protocol is down 
  Hardware is i82543 (Livengood), address is ca06.0b27.0038 (bia ca06.0b27.0038)
  MTU 1500 bytes, BW 100000 Kbit/sec, DLY 100 usec, 
     reliability 255/255, txload 1/255, rxload 1/255
  Encapsulation ARPA, loopback not set
  Keepalive set (10 sec)
  Full-duplex, 100Mb/s, 100BaseTX/FX
  ARP type: ARPA, ARP Timeout 04:00:00
  Last input never, output never, output hang never
  Last clearing of "show interface" counters never
  Input queue: 0/75/0/0 (size/max/drops/flushes); Total output drops: 0
  Queueing strategy: fifo
  Output queue: 0/40 (size/max)
  5 minute input rate 0 bits/sec, 0 packets/sec
  5 minute output rate 0 bits/sec, 0 packets/sec
     0 packets input, 0 bytes
     Received 0 broadcasts (0 IP multicasts)
     0 runts, 0 giants, 0 throttles 
     0 input errors, 0 CRC, 0 frame, 0 overrun, 0 ignored
     0 watchdog
     0 input packets with dribble condition detected
     0 packets output, 0 bytes, 0 underruns
     0 output errors, 0 collisions, 0 interface resets
     0 unknown protocol drops
     0 babbles, 0 late collision, 0 deferred
     0 lost carrier, 0 no carrier
     0 output buffer failures, 0 output buffers swapped out
FastEthernet2/1 is administratively down, line protocol is down 
  Hardware is i82543 (Livengood), address is ca06.0b27.0039 (bia ca06.0b27.0039)
  MTU 1500 bytes, BW 100000 Kbit/sec, DLY 100 usec, 
     reliability 255/255, txload 1/255, rxload 1/255
  Encapsulation ARPA, loopback not set
  Keepalive set (10 sec)
  Full-duplex, 100Mb/s, 100BaseTX/FX
  ARP type: ARPA, ARP Timeout 04:00:00
  Last input never, output never, output hang never
  Last clearing of "show interface" counters never
  Input queue: 0/75/0/0 (size/max/drops/flushes); Total output drops: 0
  Queueing strategy: fifo
  Output queue: 0/40 (size/max)
  5 minute input rate 0 bits/sec, 0 packets/sec
  5 minute output rate 0 bits/sec, 0 packets/sec
     0 packets input, 0 bytes
     Received 0 broadcasts (0 IP multicasts)
     0 runts, 0 giants, 0 throttles 
     0 input errors, 0 CRC, 0 frame, 0 overrun, 0 ignored
     0 watchdog
     0 input packets with dribble condition detected
     0 packets output, 0 bytes, 0 underruns
     0 output errors, 0 collisions, 0 interface resets
     0 unknown protocol drops
     0 babbles, 0 late collision, 0 deferred
     0 lost carrier, 0 no carrier
     0 output buffer failures, 0 output buffers swapped out
FastEthernet3/0 is up, line protocol is up 
  Hardware is i82543 (Livengood), address is ca06.0b27.0054 (bia ca06.0b27.0054)
  Internet address is 123.123.1.12/24
  MTU 1500 bytes, BW 100000 Kbit/sec, DLY 100 usec, 
     reliability 255/255, txload 1/255, rxload 1/255
  Encapsulation ARPA, loopback not set
  Keepalive set (10 sec)
  Full-duplex, 100Mb/s, 100BaseTX/FX
  ARP type: ARPA, ARP Timeout 04:00:00
  Last input 00:00:00, output 00:00:00, output hang never
  Last clearing of "show interface" counters never
  Input queue: 0/75/0/0 (size/max/drops/flushes); Total output drops: 0
  Queueing strategy: fifo
  Output queue: 0/40 (size/max)
  5 minute input rate 2000 bits/sec, 2 packets/sec
  5 minute output rate 2000 bits/sec, 2 packets/sec
     3974 packets input, 520494 bytes
     Received 1086 broadcasts (0 IP multicasts)
     0 runts, 0 giants, 0 throttles 
     0 input errors, 0 CRC, 0 frame, 0 overrun, 0 ignored
     0 watchdog
     0 input packets with dribble condition detected
     4325 packets output, 621048 bytes, 0 underruns
     0 output errors, 0 collisions, 1 interface resets
     0 unknown protocol drops
     0 babbles, 0 late collision, 0 deferred
     0 lost carrier, 0 no carrier
     0 output buffer failures, 0 output buffers swapped out
FastEthernet3/1 is administratively down, line protocol is down 
  Hardware is i82543 (Livengood), address is ca06.0b27.0055 (bia ca06.0b27.0055)
  MTU 1500 bytes, BW 100000 Kbit/sec, DLY 100 usec, 
     reliability 255/255, txload 1/255, rxload 1/255
  Encapsulation ARPA, loopback not set
  Keepalive set (10 sec)
  Full-duplex, 100Mb/s, 100BaseTX/FX
  ARP type: ARPA, ARP Timeout 04:00:00
  Last input never, output never, output hang never
  Last clearing of "show interface" counters never
  Input queue: 0/75/0/0 (size/max/drops/flushes); Total output drops: 0
  Queueing strategy: fifo
  Output queue: 0/40 (size/max)
  5 minute input rate 0 bits/sec, 0 packets/sec
  5 minute output rate 0 bits/sec, 0 packets/sec
     0 packets input, 0 bytes
     Received 0 broadcasts (0 IP multicasts)
     0 runts, 0 giants, 0 throttles 
     0 input errors, 0 CRC, 0 frame, 0 overrun, 0 ignored
     0 watchdog
     0 input packets with dribble condition detected
     0 packets output, 0 bytes, 0 underruns
     0 output errors, 0 collisions, 0 interface resets
     0 unknown protocol drops
     0 babbles, 0 late collision, 0 deferred
     0 lost carrier, 0 no carrier
     0 output buffer failures, 0 output buffers swapped out
Loopback2 is up, line protocol is up 
  Hardware is Loopback
  Internet address is 2.2.2.2/32
  MTU 1514 bytes, BW 8000000 Kbit/sec, DLY 5000 usec, 
     reliability 255/255, txload 1/255, rxload 1/255
  Encapsulation LOOPBACK, loopback not set
  Keepalive set (10 sec)
  Last input 00:00:14, output never, output hang never
  Last clearing of "show interface" counters never
  Input queue: 0/75/0/0 (size/max/drops/flushes); Total output drops: 0
  Queueing strategy: fifo
  Output queue: 0/0 (size/max)
  5 minute input rate 0 bits/sec, 0 packets/sec
  5 minute output rate 0 bits/sec, 0 packets/sec
     0 packets input, 0 bytes, 0 no buffer
     Received 0 broadcasts (0 IP multicasts)
     0 runts, 0 giants, 0 throttles 
     0 input errors, 0 CRC, 0 frame, 0 overrun, 0 ignored, 0 abort
     139 packets output, 26688 bytes, 0 underruns
     0 output errors, 0 collisions, 0 interface resets
     0 unknown protocol drops
     0 output buffer failures, 0 output buffers swapped out
Loopback22 is up, line protocol is up 
  Hardware is Loopback
  Internet address is 22.22.22.22/32
  MTU 1514 bytes, BW 8000000 Kbit/sec, DLY 5000 usec, 
     reliability 255/255, txload 1/255, rxload 1/255
  Encapsulation LOOPBACK, loopback not set
  Keepalive set (10 sec)
  Last input 00:00:23, output never, output hang never
  Last clearing of "show interface" counters never
  Input queue: 0/75/0/0 (size/max/drops/flushes); Total output drops: 0
  Queueing strategy: fifo
  Output queue: 0/0 (size/max)
  5 minute input rate 0 bits/sec, 0 packets/sec
  5 minute output rate 0 bits/sec, 0 packets/sec
     0 packets input, 0 bytes, 0 no buffer
     Received 0 broadcasts (0 IP multicasts)
     0 runts, 0 giants, 0 throttles 
     0 input errors, 0 CRC, 0 frame, 0 overrun, 0 ignored, 0 abort
     138 packets output, 26496 bytes, 0 underruns
     0 output errors, 0 collisions, 0 interface resets
     0 unknown protocol drops
     0 output buffer failures, 0 output buffers swapped out
Loopback190 is up, line protocol is up 
  Hardware is Loopback
  Internet address is 190.1.1.2/32
  MTU 1514 bytes, BW 8000000 Kbit/sec, DLY 5000 usec, 
     reliability 255/255, txload 1/255, rxload 1/255
  Encapsulation LOOPBACK, loopback not set
  Keepalive set (10 sec)
  Last input 00:00:04, output never, output hang never
  Last clearing of "show interface" counters never
  Input queue: 0/75/0/0 (size/max/drops/flushes); Total output drops: 0
  Queueing strategy: fifo
  Output queue: 0/0 (size/max)
  5 minute input rate 0 bits/sec, 0 packets/sec
  5 minute output rate 0 bits/sec, 0 packets/sec
     0 packets input, 0 bytes, 0 no buffer
     Received 0 broadcasts (0 IP multicasts)
     0 runts, 0 giants, 0 throttles 
     0 input errors, 0 CRC, 0 frame, 0 overrun, 0 ignored, 0 abort
     140 packets output, 26880 bytes, 0 underruns
     0 output errors, 0 collisions, 0 interface resets
     0 unknown protocol drops
     0 output buffer failures, 0 output buffers swapped out
Loopback200 is up, line protocol is up 
  Hardware is Loopback
  Internet address is 100.100.100.100/32
  MTU 1514 bytes, BW 8000000 Kbit/sec, DLY 5000 usec, 
     reliability 255/255, txload 1/255, rxload 1/255
  Encapsulation LOOPBACK, loopback not set
  Keepalive set (10 sec)
  Last input 00:00:20, output never, output hang never
  Last clearing of "show interface" counters never
  Input queue: 0/75/0/0 (size/max/drops/flushes); Total output drops: 0
  Queueing strategy: fifo
  Output queue: 0/0 (size/max)
  5 minute input rate 0 bits/sec, 0 packets/sec
  5 minute output rate 0 bits/sec, 0 packets/sec
     0 packets input, 0 bytes, 0 no buffer
     Received 0 broadcasts (0 IP multicasts)
     0 runts, 0 giants, 0 throttles 
     0 input errors, 0 CRC, 0 frame, 0 overrun, 0 ignored, 0 abort
     139 packets output, 26688 bytes, 0 underruns
     0 output errors, 0 collisions, 0 interface resets
     0 unknown protocol drops
     0 output buffer failures, 0 output buffers swapped out
Loopback202 is up, line protocol is up 
  Hardware is Loopback
  Internet address is 202.202.202.202/32
  MTU 1514 bytes, BW 8000000 Kbit/sec, DLY 5000 usec, 
     reliability 255/255, txload 1/255, rxload 1/255
  Encapsulation LOOPBACK, loopback not set
  Keepalive set (10 sec)
  Last input 00:00:08, output never, output hang never
  Last clearing of "show interface" counters never
  Input queue: 0/75/0/0 (size/max/drops/flushes); Total output drops: 0
  Queueing strategy: fifo
  Output queue: 0/0 (size/max)
  5 minute input rate 0 bits/sec, 0 packets/sec
  5 minute output rate 0 bits/sec, 0 packets/sec
     0 packets input, 0 bytes, 0 no buffer
     Received 0 broadcasts (0 IP multicasts)
     0 runts, 0 giants, 0 throttles 
     0 input errors, 0 CRC, 0 frame, 0 overrun, 0 ignored, 0 abort
     140 packets output, 26880 bytes, 0 underruns
     0 output errors, 0 collisions, 0 interface resets
     0 unknown protocol drops
     0 output buffer failures, 0 output buffers swapped out
Loopback220 is up, line protocol is up 
  Hardware is Loopback
  Internet address is 220.220.220.220/32
  MTU 1514 bytes, BW 8000000 Kbit/sec, DLY 5000 usec, 
     reliability 255/255, txload 1/255, rxload 1/255
  Encapsulation LOOPBACK, loopback not set
  Keepalive set (10 sec)
  Last input 00:00:12, output never, output hang never
  Last clearing of "show interface" counters never
  Input queue: 0/75/0/0 (size/max/drops/flushes); Total output drops: 0
  Queueing strategy: fifo
  Output queue: 0/0 (size/max)
  5 minute input rate 0 bits/sec, 0 packets/sec
  5 minute output rate 0 bits/sec, 0 packets/sec
     0 packets input, 0 bytes, 0 no buffer
     Received 0 broadcasts (0 IP multicasts)
     0 runts, 0 giants, 0 throttles 
     0 input errors, 0 CRC, 0 frame, 0 overrun, 0 ignored, 0 abort
     139 packets output, 26688 bytes, 0 underruns
     0 output errors, 0 collisions, 0 interface resets
     0 unknown protocol drops
     0 output buffer failures, 0 output buffers swapped out
Loopback222 is up, line protocol is up 
  Hardware is Loopback
  Internet address is 222.222.222.222/32
  MTU 1514 bytes, BW 8000000 Kbit/sec, DLY 5000 usec, 
     reliability 255/255, txload 1/255, rxload 1/255
  Encapsulation LOOPBACK, loopback not set
  Keepalive set (10 sec)
  Last input 00:00:07, output never, output hang never
  Last clearing of "show interface" counters never
  Input queue: 0/75/0/0 (size/max/drops/flushes); Total output drops: 0
  Queueing strategy: fifo
  Output queue: 0/0 (size/max)
  5 minute input rate 0 bits/sec, 0 packets/sec
  5 minute output rate 0 bits/sec, 0 packets/sec
     0 packets input, 0 bytes, 0 no buffer
     Received 0 broadcasts (0 IP multicasts)
     0 runts, 0 giants, 0 throttles 
     0 input errors, 0 CRC, 0 frame, 0 overrun, 0 ignored, 0 abort
     140 packets output, 26880 bytes, 0 underruns
     0 output errors, 0 collisions, 0 interface resets
     0 unknown protocol drops
     0 output buffer failures, 0 output buffers swapped out

------------------ show interfaces history ------------------



------------------ show controllers ------------------


Interface FastEthernet0/0
Hardware is DEC21140
 dec21140_ds=0x668E42B8, registers=0x3C0C0000, ib=0xE188080
 rx ring entries=128, tx ring entries=256, af setup failed=0
 rxring=0x7E188180, rxr shadow=0x668E4868, rx_head=98, rx_tail=0
 txring=0x7E1889C0, txr shadow=0x668E4A9C, tx_head=248, tx_tail=248, tx_count=0
 PHY link up
 CSR0=0x29082, CSR3=0xE188180, CSR4=0xE1889C0, CSR5=0x360000
 CSR6=0x20CA202, CSR7=0x1A261, CSR8=0x0, CSR9=0x54000
 CSR11=0x0, CSR12=0x98, CSR15=0x0
 TX state: running - reading buffer
 RX state: running - waiting for rx packet
 Far End Fault Indication (For FX Interface): OFF
 DEC21140 PCI registers:
  bus_no=0, device_no=6
  CFID=0x00091011, CFCS=0x00000000, CFRV=0x02000011, CFLT=0x00000000
  CBIO=0x00000000, CBMA=0x480C0000, CFIT=0x00000000, CFDA=0x00000000
 MII registers:
  Register 0x00:   2100  0004  0000  0000  0000  0000  0000  0000
  Register 0x08:   0000  0000  0000  0000  0000  0000  0000  0000
  Register 0x10:   0000  0000  0000  0000  0000  0000  0000  0000
  Register 0x18:   0000  0000  0000  0000  0000  0000  0000  0000
 Software MAC address filter(hash:length/addr/mask/hits):
 need_af_check = 0 
  0x00:  0  ffff.ffff.ffff  0000.0000.0000         0
  0x0B:  0  ca06.0b27.0000  0000.0000.0000         0
  0x57:  0  0100.5e00.0009  0000.0000.0000         0
  0xC0:  0  0100.0ccc.cccc  0000.0000.0000         0
 throttled=0, enabled=0, disabled=0
 rx_fifo_overflow=0, rx_no_enp=0, rx_state=0
 tx_underrun_err=0, tx_jabber_timeout=0, tx_carrier_loss=0
 tx_no_carrier=0, tx_late_collision=0, tx_excess_coll=0
 tx_collision_cnt=0, tx_deferred=0, fatal_tx_err=0, tbl_overflow=0
 rx_pak_len_err = 0, filtered_pak_cnt = 0 
 tx_limited=0(256)
 HW addr filter: 0xE19CA40, ISL Disabled
  Entry= 0:  Addr=0100.0CCC.CCCC
  Entry= 1:  Addr=0100.5E00.0009
  Entry= 2:  Addr=FFFF.FFFF.FFFF
  Entry= 3:  Addr=FFFF.FFFF.FFFF
  Entry= 4:  Addr=FFFF.FFFF.FFFF
  Entry= 5:  Addr=FFFF.FFFF.FFFF
  Entry= 6:  Addr=FFFF.FFFF.FFFF
  Entry= 7:  Addr=FFFF.FFFF.FFFF
  Entry= 8:  Addr=FFFF.FFFF.FFFF
  Entry= 9:  Addr=FFFF.FFFF.FFFF
  Entry=10:  Addr=FFFF.FFFF.FFFF
  Entry=11:  Addr=FFFF.FFFF.FFFF
  Entry=12:  Addr=FFFF.FFFF.FFFF
  Entry=13:  Addr=FFFF.FFFF.FFFF
  Entry=14:  Addr=FFFF.FFFF.FFFF
  Entry=15:  Addr=CA06.0B27.0000

Interface FastEthernet1/0 (idb 0x668ED80C)
Hardware is i82543 (Livengood) 3?
  network link is up  
  Config is Auto Speed, Auto Duplex
  loopback type is none
  10/100 PHY is enabled (MII mode)
 i82543 MAC registers:
      Cannot display registers while
     Controller is in shutdown state!
 PHY registers:
  PHY is LXT971
  Register 0x00:   2800  782C  0013  61D4  01E1  41E1  0001  0000
  Register 0x08:   0000  ----  ----  ----  ----  ----  ----  ----
  Register 0x10:   0100  4700  0000  0000  0450  ----  ----  ----
  Register 0x18:   ----  ----  ----  ----  ----  ----  0000
  PHY says Link is UP, Speed 100Mbps, Full-Duplex, AUTONEG complete
  PHY is POWERED DOWN
 PCI configuration registers:
  bus_no=5, device_no=0
  DeviceID=0x1001, VendorID=0x8086, Command=0x0000, Status=0x0000
  Class=0x02/0x00/0x00, Revision=0x03, LatencyTimer=0x00, CacheLineSize=0x00
  BaseAddr0=0x48800000, BaseAddr1=0x00000000, MaxLat=0x00, MinGnt=0x00
  SubsysDeviceID=0x0000, SubsysVendorID=0x0000
  Cap_Ptr=0x00000000  Retry/TRDY Timeout=0x00000000
  PMC=0x00000000  PMCSR=0x00000000
 i82543 Internal Driver Information:
  lc_ip_turbo_fs=0x631BB894, ip_routecache=0x11(dfs=0/mdfs=0)
  i82543_ds=0x668EEA1C, registers=0x3C800000
  rx cache size=400, rx cache end=272, rx_nobuffer=0
  max_mtu=1524
 Software MAC address filter(hash:length/addr/mask/hits):
 need_af_check = 0 
  0x00:  0  ffff.ffff.ffff  0000.0000.0000         0
  0x17:  0  ca06.0b27.001c  0000.0000.0000         0
  0xC0:  0  0100.0ccc.cccc  0000.0000.0000         0
  ring sizes: RX=128, TX=256
  rxring=0x7E1C6000, shadow=0x668EF270, head=0, rx_buf_size=512
  txring=0x0E1C7000, shadow=0x668EF4A4, head=0, tail=0
  chip_state=3, pci_rev=3
  tx_count=0, tx_limited=0 (256)
  rx_overrun=0, rx_seq=0, rx_no_enp=0, rx_discard=0, filtered_pak=0
  throttled=0, enabled=0, disabled=0, bypassed=0
  reset=1(init=1, check=0, restart=0, pci=0), auto_restart=1
  link_reset=0, tx_carrier_loss=0, fatal_tx_err=0
  isl_err=0, wait_for_last_tdt=0, rx_stuck=0
  tx_stuck=0,  rx_max_spin=1, rx_bad_particle=0
 HW addr filter: 0x668EFCD8, ISL disabled, Promiscuous mode multicast
  Entry= 0:  Addr=CA06.0B27.001C
  (All other entries are empty)
 i82543 Statistics
  CRC error        0             Symbol error     0           
  Missed Packets   0             Single Collision 0           
  Excessive Coll   0             Multiple Coll    0           
  Late Coll        0             Collision        0           
  Defer            0             Receive Length   0           
  Alignment Error  0             XON RX           0           
  XON TX           0             XOFF RX          0           
  XOFF TX          0             FC RX Unsupport  0           
  Packet RX (64)   0             Packet RX (127)  0           
  Packet RX (255)  0             Packet RX (511)  0           
  Packet RX (1023) 0             Packet RX (1522) 0           
  Good Packet RX   0             Broadcast RX     0           
  Multicast RX     0             Good Packet TX   0           
  Good Octets RX.H 0             Good Octets RX.L 0           
  Good Octets TX.H 0             Good Octets TX.L 0           
  RX No Buff       0             RX Undersize     0           
  RX Fragment      0             RX Oversize      0           
  RX Octets High   0             RX Octets Low    0           
  TX Octets High   0             TX Octets Low    0           
  TX Packet	   0             RX Packet        0           
  TX Broadcast     0             TX Multicast     0           
  Packet TX (64)   0             Packet TX (127)  0           
  Packet TX (255)  0             Packet TX (511)  0           
  Packet TX (1023) 0             Packet TX (1522) 0           
  TX Underruns     0             TX No CRS        0           
  RX Error Count   0             RX DMA Underruns 0           
  RX Carrier Ext   0           
  TCP Segmentation 0             TCP Seg Failed   0           
Interface FastEthernet1/1 (idb 0x668FB458)
Hardware is i82543 (Livengood) 3?
  network link is up  
  Config is Auto Speed, Auto Duplex
  loopback type is none
  10/100 PHY is enabled (MII mode)
 i82543 MAC registers:
      Cannot display registers while
     Controller is in shutdown state!
 PHY registers:
  PHY is LXT971
  Register 0x00:   2800  782C  0013  61D4  01E1  41E1  0001  0000
  Register 0x08:   0000  ----  ----  ----  ----  ----  ----  ----
  Register 0x10:   0100  4700  0000  0000  0450  ----  ----  ----
  Register 0x18:   ----  ----  ----  ----  ----  ----  0000
  PHY says Link is UP, Speed 100Mbps, Full-Duplex, AUTONEG complete
  PHY is POWERED DOWN
 PCI configuration registers:
  bus_no=5, device_no=1
  DeviceID=0x1001, VendorID=0x8086, Command=0x0000, Status=0x0000
  Class=0x02/0x00/0x00, Revision=0x03, LatencyTimer=0x00, CacheLineSize=0x00
  BaseAddr0=0x48820000, BaseAddr1=0x00000000, MaxLat=0x00, MinGnt=0x00
  SubsysDeviceID=0x0000, SubsysVendorID=0x0000
  Cap_Ptr=0x00000000  Retry/TRDY Timeout=0x00000000
  PMC=0x00000000  PMCSR=0x00000000
 i82543 Internal Driver Information:
  lc_ip_turbo_fs=0x631BB894, ip_routecache=0x11(dfs=0/mdfs=0)
  i82543_ds=0x668FC668, registers=0x3C820000
  rx cache size=400, rx cache end=272, rx_nobuffer=0
  max_mtu=1524
 Software MAC address filter(hash:length/addr/mask/hits):
 need_af_check = 0 
  0x00:  0  ffff.ffff.ffff  0000.0000.0000         0
  0x16:  0  ca06.0b27.001d  0000.0000.0000         0
  0xC0:  0  0100.0ccc.cccc  0000.0000.0000         0
  ring sizes: RX=128, TX=256
  rxring=0x7E259000, shadow=0x668FCD40, head=0, rx_buf_size=512
  txring=0x0E25A000, shadow=0x668FCF74, head=0, tail=0
  chip_state=3, pci_rev=3
  tx_count=0, tx_limited=0 (256)
  rx_overrun=0, rx_seq=0, rx_no_enp=0, rx_discard=0, filtered_pak=0
  throttled=0, enabled=0, disabled=0, bypassed=0
  reset=1(init=1, check=0, restart=0, pci=0), auto_restart=1
  link_reset=0, tx_carrier_loss=0, fatal_tx_err=0
  isl_err=0, wait_for_last_tdt=0, rx_stuck=0
  tx_stuck=0,  rx_max_spin=1, rx_bad_particle=0
 HW addr filter: 0x668FD7A8, ISL disabled, Promiscuous mode multicast
  Entry= 0:  Addr=CA06.0B27.001D
  (All other entries are empty)
 i82543 Statistics
  CRC error        0             Symbol error     0           
  Missed Packets   0             Single Collision 0           
  Excessive Coll   0             Multiple Coll    0           
  Late Coll        0             Collision        0           
  Defer            0             Receive Length   0           
  Alignment Error  0             XON RX           0           
  XON TX           0             XOFF RX          0           
  XOFF TX          0             FC RX Unsupport  0           
  Packet RX (64)   0             Packet RX (127)  0           
  Packet RX (255)  0             Packet RX (511)  0           
  Packet RX (1023) 0             Packet RX (1522) 0           
  Good Packet RX   0             Broadcast RX     0           
  Multicast RX     0             Good Packet TX   0           
  Good Octets RX.H 0             Good Octets RX.L 0           
  Good Octets TX.H 0             Good Octets TX.L 0           
  RX No Buff       0             RX Undersize     0           
  RX Fragment      0             RX Oversize      0           
  RX Octets High   0             RX Octets Low    0           
  TX Octets High   0             TX Octets Low    0           
  TX Packet	   0             RX Packet        0           
  TX Broadcast     0             TX Multicast     0           
  Packet TX (64)   0             Packet TX (127)  0           
  Packet TX (255)  0             Packet TX (511)  0           
  Packet TX (1023) 0             Packet TX (1522) 0           
  TX Underruns     0             TX No CRS        0           
  RX Error Count   0             RX DMA Underruns 0           
  RX Carrier Ext   0           
  TCP Segmentation 0             TCP Seg Failed   0           
Interface FastEthernet2/0 (idb 0x6690A544)
Hardware is i82543 (Livengood) 3?
  network link is up  
  Config is Auto Speed, Auto Duplex
  loopback type is none
  10/100 PHY is enabled (MII mode)
 i82543 MAC registers:
      Cannot display registers while
     Controller is in shutdown state!
 PHY registers:
  PHY is LXT971
  Register 0x00:   2800  782C  0013  61D4  01E1  41E1  0001  0000
  Register 0x08:   0000  ----  ----  ----  ----  ----  ----  ----
  Register 0x10:   0100  4700  0000  0000  0450  ----  ----  ----
  Register 0x18:   ----  ----  ----  ----  ----  ----  0000
  PHY says Link is UP, Speed 100Mbps, Full-Duplex, AUTONEG complete
  PHY is POWERED DOWN
 PCI configuration registers:
  bus_no=11, device_no=0
  DeviceID=0x1001, VendorID=0x8086, Command=0x0000, Status=0x0000
  Class=0x02/0x00/0x00, Revision=0x03, LatencyTimer=0x00, CacheLineSize=0x00
  BaseAddr0=0x4D000000, BaseAddr1=0x00000000, MaxLat=0x00, MinGnt=0x00
  SubsysDeviceID=0x0000, SubsysVendorID=0x0000
  Cap_Ptr=0x00000000  Retry/TRDY Timeout=0x00000000
  PMC=0x00000000  PMCSR=0x00000000
 i82543 Internal Driver Information:
  lc_ip_turbo_fs=0x631BB894, ip_routecache=0x11(dfs=0/mdfs=0)
  i82543_ds=0x6690B754, registers=0x3D000000
  rx cache size=400, rx cache end=272, rx_nobuffer=0
  max_mtu=1524
 Software MAC address filter(hash:length/addr/mask/hits):
 need_af_check = 0 
  0x00:  0  ffff.ffff.ffff  0000.0000.0000         0
  0x33:  0  ca06.0b27.0038  0000.0000.0000         0
  0xC0:  0  0100.0ccc.cccc  0000.0000.0000         0
  ring sizes: RX=128, TX=256
  rxring=0x7E2EC000, shadow=0x6690BE2C, head=0, rx_buf_size=512
  txring=0x0E2ED000, shadow=0x6690C060, head=0, tail=0
  chip_state=3, pci_rev=3
  tx_count=0, tx_limited=0 (256)
  rx_overrun=0, rx_seq=0, rx_no_enp=0, rx_discard=0, filtered_pak=0
  throttled=0, enabled=0, disabled=0, bypassed=0
  reset=1(init=1, check=0, restart=0, pci=0), auto_restart=1
  link_reset=0, tx_carrier_loss=0, fatal_tx_err=0
  isl_err=0, wait_for_last_tdt=0, rx_stuck=0
  tx_stuck=0,  rx_max_spin=1, rx_bad_particle=0
 HW addr filter: 0x6690C894, ISL disabled, Promiscuous mode multicast
  Entry= 0:  Addr=CA06.0B27.0038
  (All other entries are empty)
 i82543 Statistics
  CRC error        0             Symbol error     0           
  Missed Packets   0             Single Collision 0           
  Excessive Coll   0             Multiple Coll    0           
  Late Coll        0             Collision        0           
  Defer            0             Receive Length   0           
  Alignment Error  0             XON RX           0           
  XON TX           0             XOFF RX          0           
  XOFF TX          0             FC RX Unsupport  0           
  Packet RX (64)   0             Packet RX (127)  0           
  Packet RX (255)  0             Packet RX (511)  0           
  Packet RX (1023) 0             Packet RX (1522) 0           
  Good Packet RX   0             Broadcast RX     0           
  Multicast RX     0             Good Packet TX   0           
  Good Octets RX.H 0             Good Octets RX.L 0           
  Good Octets TX.H 0             Good Octets TX.L 0           
  RX No Buff       0             RX Undersize     0           
  RX Fragment      0             RX Oversize      0           
  RX Octets High   0             RX Octets Low    0           
  TX Octets High   0             TX Octets Low    0           
  TX Packet	   0             RX Packet        0           
  TX Broadcast     0             TX Multicast     0           
  Packet TX (64)   0             Packet TX (127)  0           
  Packet TX (255)  0             Packet TX (511)  0           
  Packet TX (1023) 0             Packet TX (1522) 0           
  TX Underruns     0             TX No CRS        0           
  RX Error Count   0             RX DMA Underruns 0           
  RX Carrier Ext   0           
  TCP Segmentation 0             TCP Seg Failed   0           
Interface FastEthernet2/1 (idb 0x66917FD8)
Hardware is i82543 (Livengood) 3?
  network link is up  
  Config is Auto Speed, Auto Duplex
  loopback type is none
  10/100 PHY is enabled (MII mode)
 i82543 MAC registers:
      Cannot display registers while
     Controller is in shutdown state!
 PHY registers:
  PHY is LXT971
  Register 0x00:   2800  782C  0013  61D4  01E1  41E1  0001  0000
  Register 0x08:   0000  ----  ----  ----  ----  ----  ----  ----
  Register 0x10:   0100  4700  0000  0000  0450  ----  ----  ----
  Register 0x18:   ----  ----  ----  ----  ----  ----  0000
  PHY says Link is UP, Speed 100Mbps, Full-Duplex, AUTONEG complete
  PHY is POWERED DOWN
 PCI configuration registers:
  bus_no=11, device_no=1
  DeviceID=0x1001, VendorID=0x8086, Command=0x0000, Status=0x0000
  Class=0x02/0x00/0x00, Revision=0x03, LatencyTimer=0x00, CacheLineSize=0x00
  BaseAddr0=0x4D020000, BaseAddr1=0x00000000, MaxLat=0x00, MinGnt=0x00
  SubsysDeviceID=0x0000, SubsysVendorID=0x0000
  Cap_Ptr=0x00000000  Retry/TRDY Timeout=0x00000000
  PMC=0x00000000  PMCSR=0x00000000
 i82543 Internal Driver Information:
  lc_ip_turbo_fs=0x631BB894, ip_routecache=0x11(dfs=0/mdfs=0)
  i82543_ds=0x669191E8, registers=0x3D020000
  rx cache size=400, rx cache end=272, rx_nobuffer=0
  max_mtu=1524
 Software MAC address filter(hash:length/addr/mask/hits):
 need_af_check = 0 
  0x00:  0  ffff.ffff.ffff  0000.0000.0000         0
  0x32:  0  ca06.0b27.0039  0000.0000.0000         0
  0xC0:  0  0100.0ccc.cccc  0000.0000.0000         0
  ring sizes: RX=128, TX=256
  rxring=0x7E37F000, shadow=0x669198C0, head=0, rx_buf_size=512
  txring=0x0E380000, shadow=0x66919AF4, head=0, tail=0
  chip_state=3, pci_rev=3
  tx_count=0, tx_limited=0 (256)
  rx_overrun=0, rx_seq=0, rx_no_enp=0, rx_discard=0, filtered_pak=0
  throttled=0, enabled=0, disabled=0, bypassed=0
  reset=1(init=1, check=0, restart=0, pci=0), auto_restart=1
  link_reset=0, tx_carrier_loss=0, fatal_tx_err=0
  isl_err=0, wait_for_last_tdt=0, rx_stuck=0
  tx_stuck=0,  rx_max_spin=1, rx_bad_particle=0
 HW addr filter: 0x6691A328, ISL disabled, Promiscuous mode multicast
  Entry= 0:  Addr=CA06.0B27.0039
  (All other entries are empty)
 i82543 Statistics
  CRC error        0             Symbol error     0           
  Missed Packets   0             Single Collision 0           
  Excessive Coll   0             Multiple Coll    0           
  Late Coll        0             Collision        0           
  Defer            0             Receive Length   0           
  Alignment Error  0             XON RX           0           
  XON TX           0             XOFF RX          0           
  XOFF TX          0             FC RX Unsupport  0           
  Packet RX (64)   0             Packet RX (127)  0           
  Packet RX (255)  0             Packet RX (511)  0           
  Packet RX (1023) 0             Packet RX (1522) 0           
  Good Packet RX   0             Broadcast RX     0           
  Multicast RX     0             Good Packet TX   0           
  Good Octets RX.H 0             Good Octets RX.L 0           
  Good Octets TX.H 0             Good Octets TX.L 0           
  RX No Buff       0             RX Undersize     0           
  RX Fragment      0             RX Oversize      0           
  RX Octets High   0             RX Octets Low    0           
  TX Octets High   0             TX Octets Low    0           
  TX Packet	   0             RX Packet        0           
  TX Broadcast     0             TX Multicast     0           
  Packet TX (64)   0             Packet TX (127)  0           
  Packet TX (255)  0             Packet TX (511)  0           
  Packet TX (1023) 0             Packet TX (1522) 0           
  TX Underruns     0             TX No CRS        0           
  RX Error Count   0             RX DMA Underruns 0           
  RX Carrier Ext   0           
  TCP Segmentation 0             TCP Seg Failed   0           
Interface FastEthernet3/0 (idb 0x66925A98)
Hardware is i82543 (Livengood) 3?
  network link is up  
  Config is Auto Speed, Auto Duplex
  loopback type is none
  10/100 PHY is enabled (MII mode)
 i82543 MAC registers:
  CTRL  =0x03C00064, STATUS=0x00000003, CTRL_X=0x00005F80, IMS   =0x00000096
  RCTL  =0x00428032, RDBAL =0x0E412000, RDBAH =0x00000000, RDLEN =0x00000800
  RDH   =0x0000000D, RDT   =0x0000000C, RDTR  =0x00000000
  TCTL  =0x000400FA, TDBAL =0x0E413000, TDBAH =0x00000000, TDLEN =0x00001000
  TDH   =0x00000021, TDT   =0x00000021, TIPG  =0x00000000
  ETT   =0x00000000, TXDMAC=0x00000000
  TXCW  =0x00000000, RXCW  =0x00000000, FCRTH =0x00000000, FCRTL =0x00000000
  FCAH  =0x00000100, FCAL  =0x00C28001, FCT   =0x00008808, FCTTV =0x00000000
  RDFH  =0x00000000, RDFT  =0x00000000, RDFPC =0x00000000
  TDFH  =0x00000000, TDFT  =0x00000000, TDFPC =0x00000000
  RX is normal, enabled  TX is normal, enabled
  Device status = full-duplex, link up
  Device Speed = 10Mbps
 PHY registers:
  PHY is LXT971
  Register 0x00:   3000  782C  0013  61D4  01E1  41E1  0001  0000
  Register 0x08:   0000  ----  ----  ----  ----  ----  ----  ----
  Register 0x10:   0100  4700  0000  0000  0450  ----  ----  ----
  Register 0x18:   ----  ----  ----  ----  ----  ----  0000
  PHY says Link is UP, Speed 100Mbps, Full-Duplex, AUTONEG complete
  AUTONEG - Our ability is     100M/FD 100M/HD 10M/FD 10M/HD 
  AUTONEG - Partner ability is 100M/FD 100M/HD 10M/FD 10M/HD 
 PCI configuration registers:
  bus_no=6, device_no=0
  DeviceID=0x1001, VendorID=0x8086, Command=0x0000, Status=0x0000
  Class=0x02/0x00/0x00, Revision=0x03, LatencyTimer=0x00, CacheLineSize=0x00
  BaseAddr0=0x49000000, BaseAddr1=0x00000000, MaxLat=0x00, MinGnt=0x00
  SubsysDeviceID=0x0000, SubsysVendorID=0x0000
  Cap_Ptr=0x00000000  Retry/TRDY Timeout=0x00000000
  PMC=0x00000000  PMCSR=0x00000000
 i82543 Internal Driver Information:
  lc_ip_turbo_fs=0x631BB894, ip_routecache=0x11(dfs=0/mdfs=0)
  i82543_ds=0x66926CA8, registers=0x3D800000
  rx cache size=400, rx cache end=272, rx_nobuffer=0
  max_mtu=1524
 Software MAC address filter(hash:length/addr/mask/hits):
 need_af_check = 0 
  0x00:  0  ffff.ffff.ffff  0000.0000.0000         0
  0x57:  0  0100.5e00.0009  0000.0000.0000         0
  0x5F:  0  ca06.0b27.0054  0000.0000.0000         0
  0xC0:  0  0100.0ccc.cccc  0000.0000.0000         0
  ring sizes: RX=128, TX=256
  rxring=0x7E412000, shadow=0x66927380, head=13, rx_buf_size=512
  txring=0x0E413000, shadow=0x669275B4, head=33, tail=33
  chip_state=2, pci_rev=3
  tx_count=0, tx_limited=0 (256)
  rx_overrun=0, rx_seq=0, rx_no_enp=0, rx_discard=0, filtered_pak=0
  throttled=0, enabled=0, disabled=0, bypassed=0
  reset=2(init=1, check=0, restart=1, pci=0), auto_restart=2
  link_reset=0, tx_carrier_loss=0, fatal_tx_err=0
  isl_err=0, wait_for_last_tdt=0, rx_stuck=0
  tx_stuck=0,  rx_max_spin=1, rx_bad_particle=0
 HW addr filter: 0x66927DE8, ISL disabled, Promiscuous mode multicast
  Entry= 0:  Addr=CA06.0B27.0054
  (All other entries are empty)
 i82543 Statistics
  CRC error        0             Symbol error     0           
  Missed Packets   0             Single Collision 0           
  Excessive Coll   0             Multiple Coll    0           
  Late Coll        0             Collision        0           
  Defer            0             Receive Length   0           
  Alignment Error  0             XON RX           0           
  XON TX           0             XOFF RX          0           
  XOFF TX          0             FC RX Unsupport  0           
  Packet RX (64)   0             Packet RX (127)  0           
  Packet RX (255)  0             Packet RX (511)  0           
  Packet RX (1023) 0             Packet RX (1522) 0           
  Good Packet RX   0             Broadcast RX     0           
  Multicast RX     0             Good Packet TX   0           
  Good Octets RX.H 0             Good Octets RX.L 0           
  Good Octets TX.H 0             Good Octets TX.L 0           
  RX No Buff       0             RX Undersize     0           
  RX Fragment      0             RX Oversize      0           
  RX Octets High   0             RX Octets Low    0           
  TX Octets High   0             TX Octets Low    0           
  TX Packet	   0             RX Packet        0           
  TX Broadcast     0             TX Multicast     0           
  Packet TX (64)   0             Packet TX (127)  0           
  Packet TX (255)  0             Packet TX (511)  0           
  Packet TX (1023) 0             Packet TX (1522) 0           
  TX Underruns     0             TX No CRS        0           
  RX Error Count   0             RX DMA Underruns 0           
  RX Carrier Ext   0           
  TCP Segmentation 0             TCP Seg Failed   0           
Interface FastEthernet3/1 (idb 0x66934ADC)
Hardware is i82543 (Livengood) 3?
  network link is up  
  Config is Auto Speed, Auto Duplex
  loopback type is none
  10/100 PHY is enabled (MII mode)
 i82543 MAC registers:
      Cannot display registers while
     Controller is in shutdown state!
 PHY registers:
  PHY is LXT971
  Register 0x00:   2800  782C  0013  61D4  01E1  41E1  0001  0000
  Register 0x08:   0000  ----  ----  ----  ----  ----  ----  ----
  Register 0x10:   0100  4700  0000  0000  0450  ----  ----  ----
  Register 0x18:   ----  ----  ----  ----  ----  ----  0000
  PHY says Link is UP, Speed 100Mbps, Full-Duplex, AUTONEG complete
  PHY is POWERED DOWN
 PCI configuration registers:
  bus_no=6, device_no=1
  DeviceID=0x1001, VendorID=0x8086, Command=0x0000, Status=0x0000
  Class=0x02/0x00/0x00, Revision=0x03, LatencyTimer=0x00, CacheLineSize=0x00
  BaseAddr0=0x49020000, BaseAddr1=0x00000000, MaxLat=0x00, MinGnt=0x00
  SubsysDeviceID=0x0000, SubsysVendorID=0x0000
  Cap_Ptr=0x00000000  Retry/TRDY Timeout=0x00000000
  PMC=0x00000000  PMCSR=0x00000000
 i82543 Internal Driver Information:
  lc_ip_turbo_fs=0x631BB894, ip_routecache=0x11(dfs=0/mdfs=0)
  i82543_ds=0x66935CEC, registers=0x3D820000
  rx cache size=400, rx cache end=272, rx_nobuffer=0
  max_mtu=1524
 Software MAC address filter(hash:length/addr/mask/hits):
 need_af_check = 0 
  0x00:  0  ffff.ffff.ffff  0000.0000.0000         0
  0x5E:  0  ca06.0b27.0055  0000.0000.0000         0
  0xC0:  0  0100.0ccc.cccc  0000.0000.0000         0
  ring sizes: RX=128, TX=256
  rxring=0x7E4A5000, shadow=0x669363C4, head=0, rx_buf_size=512
  txring=0x0E4A6000, shadow=0x669365F8, head=0, tail=0
  chip_state=3, pci_rev=3
  tx_count=0, tx_limited=0 (256)
  rx_overrun=0, rx_seq=0, rx_no_enp=0, rx_discard=0, filtered_pak=0
  throttled=0, enabled=0, disabled=0, bypassed=0
  reset=1(init=1, check=0, restart=0, pci=0), auto_restart=1
  link_reset=0, tx_carrier_loss=0, fatal_tx_err=0
  isl_err=0, wait_for_last_tdt=0, rx_stuck=0
  tx_stuck=0,  rx_max_spin=1, rx_bad_particle=0
 HW addr filter: 0x66936E2C, ISL disabled, Promiscuous mode multicast
  Entry= 0:  Addr=CA06.0B27.0055
  (All other entries are empty)
 i82543 Statistics
  CRC error        0             Symbol error     0           
  Missed Packets   0             Single Collision 0           
  Excessive Coll   0             Multiple Coll    0           
  Late Coll        0             Collision        0           
  Defer            0             Receive Length   0           
  Alignment Error  0             XON RX           0           
  XON TX           0             XOFF RX          0           
  XOFF TX          0             FC RX Unsupport  0           
  Packet RX (64)   0             Packet RX (127)  0           
  Packet RX (255)  0             Packet RX (511)  0           
  Packet RX (1023) 0             Packet RX (1522) 0           
  Good Packet RX   0             Broadcast RX     0           
  Multicast RX     0             Good Packet TX   0           
  Good Octets RX.H 0             Good Octets RX.L 0           
  Good Octets TX.H 0             Good Octets TX.L 0           
  RX No Buff       0             RX Undersize     0           
  RX Fragment      0             RX Oversize      0           
  RX Octets High   0             RX Octets Low    0           
  TX Octets High   0             TX Octets Low    0           
  TX Packet	   0             RX Packet        0           
  TX Broadcast     0             TX Multicast     0           
  Packet TX (64)   0             Packet TX (127)  0           
  Packet TX (255)  0             Packet TX (511)  0           
  Packet TX (1023) 0             Packet TX (1522) 0           
  TX Underruns     0             TX No CRS        0           
  RX Error Count   0             RX DMA Underruns 0           
  RX Carrier Ext   0           
  TCP Segmentation 0             TCP Seg Failed   0           



------------------ show user ------------------


    Line       User       Host(s)              Idle       Location
*  2 vty 0     admin      idle                 00:00:01 123.123.1.1

  Interface    User               Mode         Idle     Peer Address


------------------ show data-corruption ------------------


No data inconsistency errors have been recorded.


------------------ show environment last ------------------


	Data not available

------------------ show environment all ------------------


Power Supplies:
	Power Supply 1 is AC Power Supply. Unit is on.
	Power Supply 2 is AC Power Supply. Unit is on.

Temperature readings:
	I/O Cont Inlet   measured at 22C/71F 
	I/O Cont Outlet  measured at 22C/71F 
	NPE Inlet        measured at 22C/71F 
	NPE Outlet       measured at 22C/71F 

Voltage readings:
	+3.45 V       measured at +3.43 V 
	+5.15 V       measured at +5.13 V 
	+12.15 V      measured at +12.10 V 
	-11.95 V      measured at -11.90 V 

Envm stats saved 1 time(s) since reload

DEBUG:netmiko:read_channel: 
Current configuration : 3089 bytes
!
version 15.2
service timestamps debug datetime msec
service timestamps log datetime msec
!
hostname CR-R2
!
boot-start-marker
boot-end-marker
!
!
enable secret 5 <removed>
!
no aaa new-model
no ip icmp rate-limit unreachable
ip cef
!
!
!
!
!
!
no ip domain lookup
ip domain name gns3.lab
no ipv6 cef
!
!
multilink bundle-name authenticated
!
!
file prompt quiet
!
!
!
!
!
username admin password 0 <removed>
username suhas privilege 15 password 0 <removed>
!
!
ip tcp synwait-time 5
ip ssh version 2
ip scp server enable
! 
!
!
!
!
!
!
!
!
!
!
!
interface Loopback190
 ip address 190.1.1.4 255.255.255.255
!
interface FastEthernet0/0
 ip address 172.16.2.1 255.255.255.252
 duplex full
!
interface FastEthernet1/0
 ip address 192.168.1.2 255.255.255.0
 speed auto
 duplex full
!
interface FastEthernet1/1
 no ip address
 shutdown
 speed auto
 duplex full
!
interface FastEthernet2/0
 no ip address
 shutdown
 speed auto
 duplex full
!
interface FastEthernet2/1
 no ip address
 shutdown
 speed auto
 duplex full
!
interface FastEthernet3/0
 description *****MNGMT*****
 ip address 123.123.1.14 255.255.255.0
 speed auto
 duplex full
!
interface FastEthernet3/1
 no ip address
 shutdown
 speed auto
 duplex full
!
!
router eigrp 100
 network 190.1.1.4 0.0.0.0
 network 192.168.1.0
 redistribute static
 redistribute bgp 4000 metric 1000 1 255 1 1500
!
router bgp 4000
 bgp log-neighbor-changes
 network 172.16.2.0 mask 255.255.255.252
 network 190.1.1.4 mask 255.255.255.255
 redistribute connected
 redistribute static
 redistribute eigrp 100
 neighbor 172.16.2.2 remote-as 3000
 neighbor 172.16.2.2 next-hop-self
!
ip forward-protocol nd
!
!
no ip http server
no ip http secure-server
!
ip access-list extended interface_acl
 remark Allow EAPoUDP
 permit udp any any eq 21862
 remark Allow DHCP
 permit udp any eq bootpc any eq bootps
 remark Allow DNS
 permit udp any any eq domain
 remark Allow HTTP access to update server
 permit tcp any host 10.0.200.30 eq www
 remark Allow ICMP for test purposes
 permit icmp any any
 remark Implicit Deny
 deny   ip any any
 permit tcp any host 190.1.1.9 eq www
 permit tcp any host 191.191.191.191 eq www
 permit tcp any host 192.192.192.192 eq www
 permit tcp any host 193.193.193.193 eq www
 permit tcp any host 194.194.194.194 eq www
 permit tcp any host 195.195.195.195 eq www
 permit tcp any host 196.196.196.196 eq www
 permit tcp any host 197.197.197.197 eq www
 permit tcp any host 198.198.198.198 eq www
 permit tcp any host 199.199.199.199 eq www
!
access-list 102 deny   tcp any any eq ftp
access-list 102 deny   tcp any any eq ftp-data
access-list 102 deny   tcp any any eq telnet
access-list 102 deny   tcp any any eq www
access-list 102 deny   tcp any any eq whois
access-list 102 deny   tcp any any eq talk
access-list 102 deny   tcp any any eq gopher
access-list 102 permit ip any any
!
!
!
control-plane
!
!
line con 0
 exec-timeout 0 0
 privilege level 15
 logging synchronous
 stopbits 1
line aux 0
 exec-timeout 0 0
 privilege level 15
 logging synchronous
 stopbits 1
line vty 0 4
 login local
 transport input ssh
!
!
end


DEBUG:netmiko:read_channel: 
Current configuration : 4903 bytes
!
version 15.2
service timestamps debug datetime msec
service timestamps log datetime msec
!
hostname DC
!
boot-start-marker
boot-end-marker
!
!
enable secret 5 <removed>
!
no aaa new-model
no ip icmp rate-limit unreachable
ip cef
!
!
!
!
!
!
no ip domain lookup
ip domain name gns3.lab
no ipv6 cef
!
!
multilink bundle-name authenticated
!
!
file prompt quiet
!
!
!
!
!
username admin password 0 <removed>
username suhas privilege 15 password 0 <removed>
!
!
ip tcp synwait-time 5
ip ssh version 2
ip scp server enable
! 
!
!
!
!
!
!
!
!
!
!
!
interface Loopback190
 ip address 190.1.1.9 255.255.255.255
!
interface Loopback191
 ip address 191.191.191.191 255.255.255.255
!
interface Loopback192
 ip address 192.192.192.192 255.255.255.255
!
interface Loopback193
 ip address 193.193.193.193 255.255.255.255
!
interface Loopback194
 ip address 194.194.194.194 255.255.255.255
!
interface Loopback195
 ip address 195.195.195.195 255.255.255.255
!
interface Loopback196
 ip address 196.196.196.196 255.255.255.255
!
interface Loopback199
 ip address 199.199.199.199 255.255.255.255
!
interface FastEthernet0/0
 ip address 192.168.250.1 255.255.255.252
 duplex full
!
interface FastEthernet1/0
 no ip address
 shutdown
 speed auto
 duplex full
!
interface FastEthernet1/1
 no ip address
 shutdown
 speed auto
 duplex full
!
interface FastEthernet2/0
 no ip address
 shutdown
 speed auto
 duplex full
!
interface FastEthernet2/1
 no ip address
 shutdown
 speed auto
 duplex full
!
interface FastEthernet3/0
 description *****MNGMT*****
 ip address 123.123.1.19 255.255.255.0
 speed auto
 duplex full
!
interface FastEthernet3/1
 no ip address
 shutdown
 speed auto
 duplex full
!
ip forward-protocol nd
!
!
no ip http server
no ip http secure-server
ip route 1.1.1.1 255.255.255.255 192.168.250.2 tag 900
ip route 2.2.2.2 255.255.255.255 192.168.250.2 tag 900
ip route 22.22.22.22 255.255.255.255 192.168.250.2 tag 900
ip route 92.168.230.1 255.255.255.255 192.168.250.2 tag 900
ip route 100.100.100.100 255.255.255.255 192.168.250.2 tag 900
ip route 101.101.101.101 255.255.255.255 192.168.250.2 tag 900
ip route 110.110.110.110 255.255.255.255 192.168.250.2 tag 900
ip route 111.111.111.111 255.255.255.255 192.168.250.2 tag 900
ip route 151.151.151.151 255.255.255.255 192.168.250.2 tag 900
ip route 152.152.152.152 255.255.255.255 192.168.250.2 tag 900
ip route 153.153.153.153 255.255.255.255 192.168.250.2 tag 900
ip route 154.154.154.154 255.255.255.255 192.168.250.2 tag 900
ip route 155.155.155.155 255.255.255.255 192.168.250.2 tag 900
ip route 156.156.156.156 255.255.255.255 192.168.250.2 tag 900
ip route 157.157.157.157 255.255.255.255 192.168.250.2 tag 900
ip route 158.158.158.158 255.255.255.255 192.168.250.2 tag 900
ip route 172.16.1.1 255.255.255.255 192.168.250.2 tag 900
ip route 172.16.2.1 255.255.255.255 192.168.250.2 tag 900
ip route 190.1.1.1 255.255.255.255 192.168.250.2 tag 900
ip route 190.1.1.2 255.255.255.255 192.168.250.2 tag 900
ip route 190.1.1.3 255.255.255.255 192.168.250.2 tag 900
ip route 190.1.1.4 255.255.255.255 192.168.250.2 tag 900
ip route 190.1.1.6 255.255.255.255 192.168.250.2 tag 900
ip route 192.168.1.1 255.255.255.255 192.168.250.2 tag 900
ip route 192.168.1.2 255.255.255.255 192.168.250.2 tag 900
ip route 192.168.200.1 255.255.255.255 192.168.250.2 tag 900
ip route 202.202.202.202 255.255.255.255 192.168.250.2 tag 900
ip route 220.220.220.220 255.255.255.255 192.168.250.2 tag 900
ip route 222.222.222.222 255.255.255.255 192.168.250.2 tag 900
!
ip access-list extended interface_acl
 remark Allow EAPoUDP
 permit udp any any eq 21862
 remark Allow DHCP
 permit udp any eq bootpc any eq bootps
 remark Allow DNS
 permit udp any any eq domain
 remark Allow HTTP access to update server
 permit tcp any host 10.0.200.30 eq www
 remark Allow ICMP for test purposes
 permit icmp any any
 remark Implicit Deny
 deny   ip any any
 permit tcp any host 190.1.1.9 eq www
 permit tcp any host 191.191.191.191 eq www
 permit tcp any host 192.192.192.192 eq www
 permit tcp any host 193.193.193.193 eq www
 permit tcp any host 194.194.194.194 eq www
 permit tcp any host 195.195.195.195 eq www
 permit tcp any host 196.196.196.196 eq www
 permit tcp any host 197.197.197.197 eq www
 permit tcp any host 198.198.198.198 eq www
 permit tcp any host 199.199.199.199 eq www
!
access-list 102 deny   tcp any any eq ftp
access-list 102 deny   tcp any any eq ftp-data
access-list 102 deny   tcp any any eq telnet
access-list 102 deny   tcp any any eq www
access-list 102 deny   tcp any any eq whois
access-list 102 deny   tcp any any eq talk
access-list 102 deny   tcp any any eq gopher
access-list 102 permit ip any any
!
!
!
control-plane
!
!
line con 0
 exec-timeout 0 0
 privilege level 15
 logging synchronous
 stopbits 1
line aux 0
 exec-timeout 0 0
 privilege level 15
 logging synchronous
 stopbits 1
line vty 0 4
 login local
 transport input ssh
!
!
end


DEBUG:netmiko:read_channel: 
DEBUG:netmiko:read_channel: hits):
  0xC0:  0  0100.0ccc.cccc  0000.0000.0000         0
 spurious_idon=0, filtered_pak=0, throttled=0, enabled=0, disabled=0
 rx_framing_err=0, rx_overflow_err=0, rx_buffer_err=0
 rx_bpe_err=0, rx_soft_overflow_err=0, rx_no_enp=0, rx_discard=0
 tx_one_col_err=0, tx_more_col_err=0, tx_no_enp=0, tx_deferred_err=0
 tx_underrun_err=0, tx_late_collision_err=0, tx_loss_carrier_err=0
 tx_exc_collision_err=0, tx_buff_err=0, fatal_tx_err=0
 hsrp_conf=0, need_af_check=0
 tx_limited=0(64)
 PHY registers:
  Register 0x00:   1000  782D  0013  78E2  01E1  C9E1  000F  2001
  Register 0x08:   0000  FFFF  FFFF  FFFF  FFFF  FFFF  FFFF  FFFF
  Register 0x10:   0104  4780  0000  0000        0000  0000  0000
  Register 0x18:   0000  0000  00C8  0000  FFFF

Interface FastEthernet2/0
Hardware is AMD Am79c971
ADDR: 6541BC08, FASTSEND: 60136674, MCI_INDEX: 0
DIST ROUTE ENABLED: 0
Route Cache Flag: 11
 LADRF=0x0000 0x0100 0x0000 0x0000
 CSR0  =0x00000004, CSR3  =0x00001044, CSR4  =0x00004915, CSR15 =0x00000180
 CSR80 =0x00001900, CSR114=0x00000000, CRDA  =0x00000000, CXDA  =0x00000000
 BCR9 =0x00000001 
 CSR5  =0x00000000, CSR7  =0x00008000, CSR100=0x0000F000, CSR125=0x00005C00
 BCR2  =0x00000000, BCR9  =0x00000001, BCR18 =0x00001960, BCR22 =0x00000000
 BCR25 =0x000000FF, BCR26 =0x00000080, BCR27 =0x00000010, BCR32 =0x00000080
 HW filtering information:
  Promiscuous Mode Disabled, PHY Addr Enabled, Broadcast Addr Enabled
  PHY Addr=C405.0B16.0020, Multicast Filter=0x0000 0x0100 0x0000 0x0000
 amdp2_instance=0x6541CCD0, registers=0x3E000000, ib=0xF818E00
 rx ring entries=64, tx ring entries=128
 rxring=0xF818E60, rxr shadow=0x6541D1E0, rx_head=0, rx_tail=0
 txring=0xF8192A0, txr shadow=0x6541D314, tx_head=0, tx_tail=0, tx_count=0
 Software MAC address filter(hash:length/addr/mask/hits):
  0xC0:  0  0100.0ccc.cccc  0000.0000.0000         0
 spurious_idon=0, filtered_pak=0, throttled=0, enabled=0, disabled=0
 rx_framing_err=0, rx_overflow_err=0, rx_buffer_err=0
 rx_bpe_err=0, rx_soft_overflow_err=0, rx_no_enp=0, rx_discard=0
 tx_one_col_err=0, tx_more_col_err=0, tx_no_enp=0, tx_deferred_err=0
 tx_underrun_err=0, tx_late_collision_err=0, tx_loss_carrier_err=0
 tx_exc_collision_err=0, tx_buff_err=0, fatal_tx_err=0
 hsrp_conf=0, need_af_check=0
 tx_limited=0(64)
 PHY registers:
  Register 0x00:   1000  782D  0013  78E2  01E1  C9E1  000F  2001
  Register 0x08:   0000  FFFF  FFFF  FFFF  FFFF  FFFF  FFFF  FFFF
  Register 0x10:   0104  4780  0000  0000        0000  0000  0000
  Register 0x18:   0000  0000  00C8  0000  FFFF

Interface FastEthernet3/0
Hardware is AMD Am79c971
ADDR: 65421408, FASTSEND: 60136674, MCI_INDEX: 0
DIST ROUTE ENABLED: 0
Route Cache Flag: 11
 LADRF=0x0000 0x0100 0x0000 0x0000
 CSR0  =0x00000072, CSR3  =0x00001044, CSR4  =0x00004915, CSR15 =0x00000180
 CSR80 =0x00001900, CSR114=0x00000000, CRDA  =0x00000000, CXDA  =0x00000000
 BCR9 =0x00000001 
 CSR5  =0x00000001, CSR7  =0x00008000, CSR100=0x0000F000, CSR125=0x00005C00
 BCR2  =0x00000000, BCR9  =0x00000001, BCR18 =0x00001960, BCR22 =0x00000000
 BCR25 =0x000000FF, BCR26 =0x00000080, BCR27 =0x00000010, BCR32 =0x00000080
 HW filtering information:
  Promiscuous Mode Disabled, PHY Addr Enabled, Broadcast Addr Enabled
  PHY Addr=C405.0B16.0030, Multicast Filter=0x0000 0x0100 0x0000 0x0000
 amdp2_instance=0x654224D0, registers=0x3D800000, ib=0xF867B20
 rx ring entries=64, tx ring entries=128
 rxring=0xF867B80, rxr shadow=0x65422A2C, rx_head=9, rx_tail=0
 txring=0xF867FC0, txr shadow=0x65422B60, tx_head=84, tx_tail=88, tx_count=4
 Software MAC address filter(hash:length/addr/mask/hits):
  0xC0:  0  0100.0ccc.cccc  0000.0000.0000         0
 spurious_idon=0, filtered_pak=0, throttled=0, enabled=0, disabled=0
 rx_framing_err=0, rx_overflow_err=0, rx_buffer_err=0
 rx_bpe_err=0, rx_soft_overflow_err=0, rx_no_enp=0, rx_discard=0
 tx_one_col_err=0, tx_more_col_err=0, tx_no_enp=0, tx_deferred_err=0
 tx_underrun_err=0, tx_late_collision_err=0, tx_loss_carrier_err=0
 tx_exc_collision_err=0, tx_buff_err=0, fatal_tx_err=0
 hsrp_conf=0, need_af_check=0
 tx_limited=0(64)
 PHY registers:
  Register 0x00:   1000  782D  0013  78E2  01E1  C9E1  000F  2001
  Register 0x08:   0000  FFFF  FFFF  FFFF  FFFF  FFFF  FFFF  FFFF
  Register 0x10:   0104  4780  0000  0000        0000  0000  0000
  Register 0x18:   0000  0000  00C8  0000  FFFF


------------------ show user ------------------


    Line       User       Host(s)              Idle       Location
*162 vty 0     admin      idle                 00:00:03 123.123.1.1

  Interface    User               Mode         Idle     Peer Address


------------------ show data-corruption ------------------


No data inconsistency errors have been recorded.


------------------ show file systems ------------------


File Systems:

     Size(b)     Free(b)      Type  Flags  Prefixes
           -           -    opaque     rw   archive:
           -           -    opaque     rw   system:
      155640      148435     nvram     rw   nvram:
           -           -    opaque     rw   null:
           -           -   network     rw   tftp:
*      55296       55296      disk     rw   flash:
           -           -     flash     rw   slot0:
           -           -    opaque     wo   syslog:
           -           -    opaque     rw   xmodem:
           -           -    opaque     rw   ymodem:
           -           -   network     rw   rcp:
           -           -   network     rw   pram:
           -           -   network     rw   ftp:
           -           -   network     rw   http:
           -           -   network     rw   scp:
           -           -   network     rw   https:
           -           -    opaque     ro   cns:


------------------ dir nvram: ------------------


Directory of nvram:/

  143  -rw-        3571                    <no date>  startup-config
  144  ----        3582                    <no date>  private-config

155640 bytes total (148435 bytes free)

------------------ show flash: all ------------------


No files on device

55296 bytes available (0 bytes used)

******** ATA Flash Card Geometry/Format Info ********

ATA CARD GEOMETRY
   Number of Heads:       4     
   Number of Cylinders    320   
   Sectors per Cylinder   32    
   Sector Size            512   
   Total Sectors          40960 

ATA CARD FORMAT
   Number of FAT Sectors  40    
   Sectors Per Cluster    4     
   Number of Clusters     27    
   Number of Data Sectors 224   
   Base Root Sector       81    
   Base FAT Sector        1     
   Base Data Sector       113   

ATA MONLIB INFO
   Image Monlib size = 61464
   Disk monlib size = NA
   Name = NA
   Monlib end sector = NA
   Monlib Start sector = NA
   Monlib updated by = NA
   Monlib version = NA


------------------ show memory statistics ------------------


                Head    Total(b)     Used(b)     Free(b)   Lowest(b)  Largest(b)
Processor   64B73DC0   176734784    16702100   160032684   155457948   155419592
      I/O   4F400000    12582912     5104520     7478392     7478392     7478364

------------------ show process memory ------------------


Processor Pool Total:  176734784 Used:   16701916 Free:  160032868
      I/O Pool Total:   12582912 Used:    5104512 Free:    7478400

 PID TTY  Allocated      Freed    Holding    Getbufs    Retbufs Process
   0   0   31517952    6402044   18526472          0          0 *Init*          
   0   0      12052     510392      12052          0          0 *Sched*         
   0   0   17332956   21916720      25952     186224     186224 *Dead*          
   0   0          0          0     439052          0          0 *MallocLite*    
   1   0       5052          0      12024          0          0 Chunk Manager   
   2   0        196        196       3972          0          0 Load Meter      
   3   0          0          0       6984          0          0 chkpt message ha
   4   0      65588          0      90560          0          0 EDDRI_MAIN      
   5   0       3100          0      10072          0          0 Check heaps     
   6   0          0          0       6972          0          0 Pool Manager    
   7   0        196        196       6972          0          0 Timers          
   8   0          0          0       6972          0          0 IPC Dynamic Cach
   9   0          0          0       6972          0          0 IPC Zone Manager
  10   0          0          0       6972          0          0 IPC Periodic Tim
  11   0          0          0       6972          0          0 IPC Deferred Por
  12   0        744          0       7716          0          0 IPC Seat Manager
  13   0          0          0       6972          0          0 IPC BackPressure
  14   0          0          0      12972          0          0 OIR Handler     
  15   0          0          0      24972          0          0 Crash writer    
  16   0        196        196       6972          0          0 Environmental mo
  17   0          0          0       6972          0          0 ARP Input       
  18   0        196        196       6972          0          0 ATM Idle Timer  
  19   0        196        196       6972          0          0 AAA high-capacit
  20   0          0          0       6972          0          0 AAA_SERVER_DEADT
  21   0          0          0      12972          0          0 Policy Manager  
  22   0        196        196       6972          0          0 DDR Timers      
  23   0       4296          0      11268          0          0 Entity MIB API  
  24   0     256900          0     266776     113400          0 EEM ED Syslog   
  25   0          0          0       6972          0          0 HC Counter Timer
  26   0        196        196       6972          0          0 Serial Backgroun
  27   0          0          0       6972          0          0 RO Notify Timers
  28   0        196        196       6972          0          0 SMART           
  29   0        196        196       6972          0          0 GraphIt         
  30   0        252        252      12972          0          0 Dialer event    
  31   0          0          0       6972          0          0 SERIAL A'detect 
  32   0        196        196      12972          0          0 XML Proxy Client
  33   0          0          0       6972          0          0 cpf_process_msg_
  34   0          0          0       6972          0          0 Inode Table Dest
  35   0          0          0       6972          0          0 Critical Bkgnd  
  36   0      42444        256      34244          0          0 Net Background  
  37   0       1624       1368      13228          0          0 IDB Work        
  38   0          0          0      12972          0          0 Logger          
  39   0        196        196       6972          0          0 TTY Background  
  40   0          0          0       9972          0          0 Per-Second Jobs 
  41   0      34192      33732       9516          0          0 crypto sw pk pro
  42   0          0          0       6972          0          0 IKE HA Mgr      
  43   0          0          0       6972          0          0 IPSEC HA Mgr    
  44   0      43716          0      29760          0          0 rf task         
  45   0          0          0       6972          0          0 Net Input       
  46   0        196        196       6972          0          0 Compute load avg
  47   0          0          0       6972          0          0 Per-minute Jobs 
  48   0          0          0       6972          0          0 AggMgr Process  
  49   0          0          0       6972          0          0 Transport Port A
  50   0          0          0       3972          0          0 dev_device_inser
  51   0          0          0       3972          0          0 dev_device_remov
  52   0      11628          0      18600          0          0 mxt5100         
  53   0          0          0      12972          0          0 sal_dpc_process 
  54   0          0          0       6972          0          0 ARL Table Manage
  55   0        196        196       6972          0          0 ESWILPPM        
  56   0        196        196       3972          0          0 Eswilp Storm Con
  57   0        196        196       6972          0          0 Netclock Backgro
  58   0        196        196       6972          0          0 SM Monitor      
  59   0      29048        196      35824          0          0 VNM DSPRM MAIN  
  60   0          0          0       6972          0          0 DSPFARM DSP READ
  61   0        196        196       6972          0          0 FLEX DNLD MAIN  
  62   0          0          0       6972          0          0 HDV background  
  63   0          0          0       6972          0          0 RF_INTERDEV_DELA
  64   0          0          0      24972          0          0 RF_INTERDEV_SCTP
  65   0        196        196       6972          0          0 Ether-Switch RBC
  66   0          0          0      12972          0          0 AAL2CPS TIMER_CU
  67   0          0          0       6972          0          0 IGMP Snooping Pr
  68   0          0          0       6972          0          0 IGMP Snooping Re
  69   0        196        196       6972          0          0 Call Management 
  70   0          0          0      24972          0          0 RF_INTERDEV_SCTP
  71   0        196        196       9972          0          0 Dot11 auth Dot1x
  72   0          0          0       6972          0          0 Dot11 Mac Auth  
  73   0        196        196       6972          0          0 dot1x           
  74   0       2444        196       9220          0          0 DTP Protocol    
  75   0        196        196       6972          0          0 PI MATM Aging Pr
  76   0        196        196       6972          0          0 EtherChnl       
  77   0        196        196       6972          0          0 AAA Dictionary R
  78   0        196        196       6972          0          0 AAA Server      
  79   0          0          0       6972          0          0 AAA ACCT Proc   
  80   0          0          0       6972          0          0 ACCT Periodic Pr
  81   0       6300        196      13076          0          0 CDP Protocol    
  82   0      36360      21816      15396          0          0 IP Input        
  83   0          0          0       6972          0          0 ICMP event handl
  84   0       5248        196      12024          0          0 TurboACL        
  85   0        196        196       6972          0          0 TurboACL chunk  
  86   0       5412        196      12188       2268          0 MOP Protocols   
  87   0        392        392      12972          0          0 PPP Hooks       
  88 162     777232     748408      41128          0          0 SSH Process     
  89   0          0          0      12972          0          0 SSS Manager     
  90   0          0          0      12972          0          0 SSS Test Client 
  91   0          0          0       6972          0          0 SSS Feature Mana
  92   0          0          0       6972          0          0 SSS Feature Time
  93   0          0          0      12972          0          0 VPDN call manage
  94   0          0          0      13032          0          0 L2X Socket proce
  95   0          0          0      12972          0          0 L2X SSS manager 
  96   0        196        196      12972          0          0 L2TP mgmt daemon
  97   0          0          0       6972          0          0 X.25 Encaps Mana
  98   0        196        196       9972          0          0 EAPoUDP Process 
  99   0        196        196       9972          0          0 IP Host Track Pr
 100   0          0          0       6972          0          0 IPv6 RIB Redistr
 101   0        196        196      12972          0          0 KRB5 AAA        
 102   0          0          0       6972          0          0 IP Traceroute   
 103   0        160          0      10132          0          0 IP Background   
 104   0        164          0      10136          0          0 IP RIB Update   
 105   0        196        196      12972          0          0 PPP IP Route    
 106   0        196        196      12972          0          0 PPP IPCP        
 107   0          0          0       6972          0          0 Asy FS Helper   
 108   0      74128          0      74092          0          0 CEF process     
 109   0          0          0       6972          0          0 Socket Timers   
 110   0          0          0      12972          0          0 TCP Timer       
 111   0     423052          0      14516          0          0 TCP Protocols   
 112   0          0          0      24972          0          0 COPS            
 113   0        492        156       7464          0          0 L2MM            
 114   0          0          0       6972          0          0 MRD             
 115   0          0          0       6972          0          0 IGMPSN          
 116   0        196        196       6972          0          0 RLM groups Proce
 117   0      20592        196      27368          0          0 DDP             
 118   0          0          0       6972          0          0 SNMP Timers     
 119   0        196        196       6972          0          0 SCTP Main Proces
 120   0          0          0       6972          0          0 IUA Main Process
 121   0        196        196       6972          0          0 RUDPV1 Main Proc
 122   0          0          0       6972          0          0 bsm_timers      
 123   0          0          0       6972          0          0 bsm_xmt_proc    
 124   0          0          0       9972          0          0 CES Client SVC R
 125   0        196        196       6972          0          0 Dialer Forwarder
 126   0          0          0       6972          0          0 IP Cache Ager   
 127   0        196        196       9972          0          0 Adj Manager     
 128   0        196        196      12972          0          0 ATM OAM Input   
 129   0        196        196      12972          0          0 ATM OAM TIMER   
 130   0        940          0      10912          0          0 HTTP CORE       
 131   0          0          0       6992          0          0 RARP Input      
 132   0          0          0       6972          0          0 PAD InCall      
 133   0        196        196      12972          0          0 X.25 Background 
 134   0        196        196       6972          0          0 PPP Bind        
 135   0        196        196       6972          0          0 PPP SSS         
 136   0        196        196       6972          0          0 RBSCP Background
 137   0          0          0      12972          0          0 L2F management d
 138   0          0          0       6972          0          0 Inspect Timer   
 139   0      27240          0      13152          0          0 BGP Router      
 140   0          0          0       6972          0          0 Authentication P
 141   0          0          0       6972          0          0 Auth-proxy AAA B
 142   0          0          0       7012          0          0 CHKPT EXAMPLE   
 143   0          0          0       6972          0          0 CHKPT DevTest   
 144   0          0          0      12972          0          0 IPS Timer       
 145   0        368        196       7144          0          0 SDEE Management 
 146   0          0          0       6972          0          0 IPv6 Inspect Tim
 147   0       1136        196       7912          0          0 URL filter proc 
 148   0          0          0       6972          0          0 Crypto HW Proc  
 149   0      44916        196      51692          0          0 CCVPM_HDSPRM    
 150   0        228        228       6972          0          0 FLEX DSPRM MAIN 
 151   0          0          0       6972          0          0 FLEX DSP KEEPALI
 152   0        196        196       6972          0          0 CRM_CALL_UPDATE_
 153   0        196        196       6972          0          0 HDA DSPRM MAIN  
 154   0        196        196       6972          0          0 ENABLE AAA      
 155   0          0          0       6972          0          0 EM Background Pr
 156   0          0          0       6972          0          0 Key chain liveke
 157   0        196        196       6972          0          0 LINE AAA        
 158   0       8200      29196       6972          0          0 LOCAL AAA       
 159   0        988        196       7764          0          0 TPLUS           
 160   0        196        196       6972          0          0 VSP_MGR         
 161   0          0          0      12972          0          0 encrypt proc    
 162   0        348        196       9124          0          0 Crypto WUI      
 163   0        196        196       6972          0          0 Crypto Support  
 164   0      13896          0      23868          0          0 CCVPM_HTSP      
 165   0        196        196       6972          0          0 VPM_MWI_BACKGROU
 166   0        436          0       7408          0          0 CCVPM_R2        
 167   0          0          0       6972          0          0 FB/KS Log HouseK
 168   0          0          0       6972          0          0 EPHONE MWI BG Pr
 169   0        336          0       7308          0          0 CCSWVOICE       
 170   0          0          0       6972          0          0 cpf_process_tpQ 
 171   0        940          0      61968          0          0 http client proc
 173   0      88248          0      95220          0          0 QOS_MODULE_MAIN 
 174   0        284          0      25256          0          0 RPMS_PROC_MAIN  
 175   0          0          0      24972          0          0 VoIP AAA        
 176   0          0          0       6972          0          0 crypto engine pr
 177   0       1392        596      13768          0          0 Crypto CA       
 178   0          0          0      12972          0          0 Crypto PKI-CRL  
 179   0          0          0       8972          0          0 Crypto SSL      
 180   0      45952       3868      67448          0          0 Crypto ACL      
 181   0          0          0       6972          0          0 CRYPTO QoS proce
 182   0       5052          0      12024          0          0 Crypto INT      
 183   0       4752        196      17528          0          0 Crypto IKMP     
 184   0     478568      38312      13252          0          0 IPSEC key engine
 185   0          0          0       6972          0          0 IPSEC manual key
 186   0          0          0       6972          0          0 Crypto PAS Proc 
 187   0      24912          0      37884          0          0 Crypto Delete Ma
 188   0          0          0       8972          0          0 Key Proc        
 189   0          0          0       6972          0          0 PM Callback     
 190   0        164          0       7136          0          0 DATA Transfer Pr
 191   0        164          0       7136          0          0 DATA Collector  
 192   0        196        196       6972          0          0 AAA SEND STOP EV
 193   0          0          0       9972          0          0 EEM ED CLI      
 194   0          0          0       9972          0          0 EEM ED Counter  
 195   0          0          0       9972          0          0 EEM ED Interface
 196   0          0          0       9972          0          0 EEM ED IOSWD    
 197   0          0          0       9972          0          0 EEM ED Memory-th
 198   0          0          0       9972          0          0 EEM ED None     
 199   0          0          0       9972          0          0 EM ED OIR       
 200   0          0          0       9972          0          0 EEM ED SNMP     
 201   0          0          0       9972          0          0 EEM ED Timer    
 202   0      11056       1960      16068          0          0 EEM Server      
 203   0        196        196       6972          0          0 RMON Recycle Pro
 204   0        196        196       6972          0          0 RMON Deferred Se
 205   0          0          0       6972          0          0 Syslog Traps    
 206   0          0          0       6972          0          0 trunk conditioni
 207   0       4660          0      11632          0          0 trunk conditioni
 208   0       9712       2060      14468          0          0 VLAN Manager    
 209   0          0          0       6972          0          0 BGP I/O         
 210   0       9956        856      19072          0          0 EEM Policy Direc
 211   0       6296       6296      12972          0          0 Syslog          
 212   0          0          0       6972          0          0 VPDN Scal       
 214   0      13452          0      11400          0          0 SSH Event handle
 215   0        176          0       7184          0          0 CEF Scanner     
 216   0       7096          0       6972          0          0 TCP Listener    
 217   0          0          0       9972          0          0 BGP Scanner     
                                 21804124 Total

------------------ show process cpu ------------------


CPU utilization for five seconds: 57%/0%; one minute: 8%; five minutes: 5%
 PID Runtime(ms)   Invoked      uSecs   5Sec   1Min   5Min TTY Process 
   1           0         3          0  0.00%  0.00%  0.00%   0 Chunk Manager    
   2          40      1005         39  0.00%  0.00%  0.00%   0 Load Meter       
   3           0         1          0  0.00%  0.00%  0.00%   0 chkpt message ha 
   4           0         1          0  0.00%  0.00%  0.00%   0 EDDRI_MAIN       
   5       20060      1306      15359  0.00%  0.36%  0.37%   0 Check heaps      
   6           4         1       4000  0.00%  0.00%  0.00%   0 Pool Manager     
   7           0         2          0  0.00%  0.00%  0.00%   0 Timers           
   8           0        84          0  0.00%  0.00%  0.00%   0 IPC Dynamic Cach 
   9           0         1          0  0.00%  0.00%  0.00%   0 IPC Zone Manager 
  10         400      5005         79  0.00%  0.00%  0.00%   0 IPC Periodic Tim 
  11         576      5005        115  0.00%  0.01%  0.00%   0 IPC Deferred Por 
  12           0         1          0  0.00%  0.00%  0.00%   0 IPC Seat Manager 
  13           0         1          0  0.00%  0.00%  0.00%   0 IPC BackPressure 
  14           0         1          0  0.00%  0.00%  0.00%   0 OIR Handler      
  15           0         1          0  0.00%  0.00%  0.00%   0 Crash writer     
  16           8       169         47  0.00%  0.00%  0.00%   0 Environmental mo 
  17          20       133        150  0.00%  0.00%  0.00%   0 ARP Input        
  18           0         2          0  0.00%  0.00%  0.00%   0 ATM Idle Timer   
  19           4         2       2000  0.00%  0.00%  0.00%   0 AAA high-capacit 
  20           0         1          0  0.00%  0.00%  0.00%   0 AAA_SERVER_DEADT 
  21           0         1          0  0.00%  0.00%  0.00%   0 Policy Manager   
  22           0         2          0  0.00%  0.00%  0.00%   0 DDR Timers       
  23           8         2       4000  0.00%  0.00%  0.00%   0 Entity MIB API   
  24          84        16       5250  0.00%  0.00%  0.00%   0 EEM ED Syslog    
  25       15972      1498      10662  0.47%  0.33%  0.31%   0 HC Counter Timer 
  26           0         2          0  0.00%  0.00%  0.00%   0 Serial Backgroun 
  27           0         1          0  0.00%  0.00%  0.00%   0 RO Notify Timers 
  28           0         2          0  0.00%  0.00%  0.00%   0 SMART            
  29          60      5018         11  0.00%  0.00%  0.00%   0 GraphIt          
  30           0         2          0  0.00%  0.00%  0.00%   0 Dialer event     
  31           0         1          0  0.00%  0.00%  0.00%   0 SERIAL A'detect  
  32           0         2          0  0.00%  0.00%  0.00%   0 XML Proxy Client 
  33           0         2          0  0.00%  0.00%  0.00%   0 cpf_process_msg_ 
  34           4         1       4000  0.00%  0.00%  0.00%   0 Inode Table Dest 
  35           0         1          0  0.00%  0.00%  0.00%   0 Critical Bkgnd   
  36         216      2399         90  0.00%  0.00%  0.00%   0 Net Background   
  37           0         2          0  0.00%  0.00%  0.00%   0 IDB Work         
  38           4         7        571  0.00%  0.00%  0.00%   0 Logger           
  39         324      5000         64  0.00%  0.00%  0.00%   0 TTY Background   
  40         348      5019         69  0.15%  0.03%  0.00%   0 Per-Second Jobs  
  41         444        36      12333  0.00%  0.00%  0.00%   0 crypto sw pk pro 
  42           0         1          0  0.00%  0.00%  0.00%   0 IKE HA Mgr       
  43           0         1          0  0.00%  0.00%  0.00%   0 IPSEC HA Mgr     
  44           4         4       1000  0.00%  0.00%  0.00%   0 rf task          
  45           0        17          0  0.00%  0.00%  0.00%   0 Net Input        
  46       20028      1005      19928  0.39%  0.40%  0.40%   0 Compute load avg 
  47         332        84       3952  0.00%  0.00%  0.00%   0 Per-minute Jobs  
  48           0         1          0  0.00%  0.00%  0.00%   0 AggMgr Process   
  49           0         1          0  0.00%  0.00%  0.00%   0 Transport Port A 
  50           0         1          0  0.00%  0.00%  0.00%   0 dev_device_inser 
  51           4         1       4000  0.00%  0.00%  0.00%   0 dev_device_remov 
  52           4       836          4  0.00%  0.00%  0.00%   0 mxt5100          
  53           0         1          0  0.00%  0.00%  0.00%   0 sal_dpc_process  
  54           0         1          0  0.00%  0.00%  0.00%   0 ARL Table Manage 
  55           0         2          0  0.00%  0.00%  0.00%   0 ESWILPPM         
  56           0         2          0  0.00%  0.00%  0.00%   0 Eswilp Storm Con 
  57         248     20054         12  0.00%  0.00%  0.00%   0 Netclock Backgro 
  58           0         2          0  0.00%  0.00%  0.00%   0 SM Monitor       
  59           4         2       2000  0.00%  0.00%  0.00%   0 VNM DSPRM MAIN   
  60           0         1          0  0.00%  0.00%  0.00%   0 DSPFARM DSP READ 
  61           0         2          0  0.00%  0.00%  0.00%   0 FLEX DNLD MAIN   
  62           0         1          0  0.00%  0.00%  0.00%   0 HDV background   
  63           4         1       4000  0.00%  0.00%  0.00%   0 RF_INTERDEV_DELA 
  64           0         1          0  0.00%  0.00%  0.00%   0 RF_INTERDEV_SCTP 
  65         240      5004         47  0.07%  0.03%  0.01%   0 Ether-Switch RBC 
  66           0         1          0  0.00%  0.00%  0.00%   0 AAL2CPS TIMER_CU 
  67           0         1          0  0.00%  0.00%  0.00%   0 IGMP Snooping Pr 
  68           0         1          0  0.00%  0.00%  0.00%   0 IGMP Snooping Re 
  69           0       169          0  0.00%  0.00%  0.00%   0 Call Management  
  70           0         1          0  0.00%  0.00%  0.00%   0 RF_INTERDEV_SCTP 
  71           0         2          0  0.00%  0.00%  0.00%   0 Dot11 auth Dot1x 
  72           0         1          0  0.00%  0.00%  0.00%   0 Dot11 Mac Auth   
  73           0         2          0  0.00%  0.00%  0.00%   0 dot1x            
  74           0         2          0  0.00%  0.00%  0.00%   0 DTP Protocol     
  75         304      5004         60  0.00%  0.00%  0.00%   0 PI MATM Aging Pr 
  76           0       503          0  0.00%  0.00%  0.00%   0 EtherChnl        
  77           0         2          0  0.00%  0.00%  0.00%   0 AAA Dictionary R 
  78          16        60        266  0.00%  0.00%  0.00%   0 AAA Server       
  79           0         1          0  0.00%  0.00%  0.00%   0 AAA ACCT Proc    
  80           0         1          0  0.00%  0.00%  0.00%   0 ACCT Periodic Pr 
  81         192      1176        163  0.07%  0.00%  0.00%   0 CDP Protocol     
  82        1104      2005        550  0.31%  0.05%  0.01%   0 IP Input         
  83           0         1          0  0.00%  0.00%  0.00%   0 ICMP event handl 
  84           4         4       1000  0.00%  0.00%  0.00%   0 TurboACL         
  85           0         2          0  0.00%  0.00%  0.00%   0 TurboACL chunk   
  86          16        69        231  0.00%  0.00%  0.00%   0 MOP Protocols    
  87           0         3          0  0.00%  0.00%  0.00%   0 PPP Hooks        
  88        5188       250      20752 56.37%  5.11%  1.29% 162 SSH Process      
  89           0         1          0  0.00%  0.00%  0.00%   0 SSS Manager      
  90          12       669         17  0.00%  0.00%  0.00%   0 SSS Test Client  
  91           0         1          0  0.00%  0.00%  0.00%   0 SSS Feature Mana 
  92         420     19589         21  0.07%  0.01%  0.00%   0 SSS Feature Time 
  93           0         1          0  0.00%  0.00%  0.00%   0 VPDN call manage 
  94           0         1          0  0.00%  0.00%  0.00%   0 L2X Socket proce 
  95           0         1          0  0.00%  0.00%  0.00%   0 L2X SSS manager  
  96           0         2          0  0.00%  0.00%  0.00%   0 L2TP mgmt daemon 
  97           0         1          0  0.00%  0.00%  0.00%   0 X.25 Encaps Mana 
  98           0         2          0  0.00%  0.00%  0.00%   0 EAPoUDP Process  
  99           0         2          0  0.00%  0.00%  0.00%   0 IP Host Track Pr 
 100           0         1          0  0.00%  0.00%  0.00%   0 IPv6 RIB Redistr 
 101           0         2          0  0.00%  0.00%  0.00%   0 KRB5 AAA         
 102           0         1          0  0.00%  0.00%  0.00%   0 IP Traceroute    
 103           4        95         42  0.00%  0.00%  0.00%   0 IP Background    
 104           8         3       2666  0.00%  0.00%  0.00%   0 IP RIB Update    
 105           4         2       2000  0.00%  0.00%  0.00%   0 PPP IP Route     
 106           4         2       2000  0.00%  0.00%  0.00%   0 PPP IPCP         
 107           0         1          0  0.00%  0.00%  0.00%   0 Asy FS Helper    
 108        1520      7649        198  0.00%  0.02%  0.01%   0 CEF process      
 109           0         1          0  0.00%  0.00%  0.00%   0 Socket Timers    
 110         260      1208        215  0.07%  0.00%  0.00%   0 TCP Timer        
 111         256        59       4338  0.00%  0.01%  0.00%   0 TCP Protocols    
 112           0         1          0  0.00%  0.00%  0.00%   0 COPS             
 113           4         2       2000  0.00%  0.00%  0.00%   0 L2MM             
 114           0         1          0  0.00%  0.00%  0.00%   0 MRD              
 115           0         1          0  0.00%  0.00%  0.00%   0 IGMPSN           
 116           0         2          0  0.00%  0.00%  0.00%   0 RLM groups Proce 
 117           0         2          0  0.00%  0.00%  0.00%   0 DDP              
 118           0         1          0  0.00%  0.00%  0.00%   0 SNMP Timers      
 119           4         2       2000  0.00%  0.00%  0.00%   0 SCTP Main Proces 
 120           0         1          0  0.00%  0.00%  0.00%   0 IUA Main Process 
 121         632      5004        126  0.07%  0.01%  0.00%   0 RUDPV1 Main Proc 
 122           0         1          0  0.00%  0.00%  0.00%   0 bsm_timers       
 123         164      5004         32  0.00%  0.00%  0.00%   0 bsm_xmt_proc     
 124           0         1          0  0.00%  0.00%  0.00%   0 CES Client SVC R 
 125           0         2          0  0.00%  0.00%  0.00%   0 Dialer Forwarder 
 126           4        84         47  0.00%  0.00%  0.00%   0 IP Cache Ager    
 127        1328        85      15623  0.00%  0.02%  0.00%   0 Adj Manager      
 128           0         2          0  0.00%  0.00%  0.00%   0 ATM OAM Input    
 129           0         2          0  0.00%  0.00%  0.00%   0 ATM OAM TIMER    
 130           4        18        222  0.00%  0.00%  0.00%   0 HTTP CORE        
 131           0         1          0  0.00%  0.00%  0.00%   0 RARP Input       
 132           0         1          0  0.00%  0.00%  0.00%   0 PAD InCall       
 133           0         2          0  0.00%  0.00%  0.00%   0 X.25 Background  
 134           0         2          0  0.00%  0.00%  0.00%   0 PPP Bind         
 135           0         2          0  0.00%  0.00%  0.00%   0 PPP SSS          
 136        1256     49239         25  0.15%  0.08%  0.08%   0 RBSCP Background 
 137           8      1003          7  0.00%  0.00%  0.00%   0 L2F management d 
 138           0         1          0  0.00%  0.00%  0.00%   0 Inspect Timer    
 139         188     10176         18  0.00%  0.00%  0.00%   0 BGP Router       
 140           0        17          0  0.00%  0.00%  0.00%   0 Authentication P 
 141           4         1       4000  0.00%  0.00%  0.00%   0 Auth-proxy AAA B 
 142           0         1          0  0.00%  0.00%  0.00%   0 CHKPT EXAMPLE    
 143           0         1          0  0.00%  0.00%  0.00%   0 CHKPT DevTest    
 144           0         1          0  0.00%  0.00%  0.00%   0 IPS Timer        
 145           0         2          0  0.00%  0.00%  0.00%   0 SDEE Management  
 146           0         1          0  0.00%  0.00%  0.00%   0 IPv6 Inspect Tim 
 147           4         2       2000  0.00%  0.00%  0.00%   0 URL filter proc  
 148           0         1          0  0.00%  0.00%  0.00%   0 Crypto HW Proc   
 149          20         2      10000  0.00%  0.00%  0.00%   0 CCVPM_HDSPRM     
 150          36      1854         19  0.00%  0.00%  0.00%   0 FLEX DSPRM MAIN  
 151          20      1852         10  0.00%  0.00%  0.00%   0 FLEX DSP KEEPALI 
 152           0       202          0  0.00%  0.00%  0.00%   0 CRM_CALL_UPDATE_ 
 153           0         4          0  0.00%  0.00%  0.00%   0 HDA DSPRM MAIN   
 154           8         2       4000  0.00%  0.00%  0.00%   0 ENABLE AAA       
 155           0         1          0  0.00%  0.00%  0.00%   0 EM Background Pr 
 156           0         1          0  0.00%  0.00%  0.00%   0 Key chain liveke 
 157           0         2          0  0.00%  0.00%  0.00%   0 LINE AAA         
 158          36        60        600  0.00%  0.00%  0.00%   0 LOCAL AAA        
 159           0         2          0  0.00%  0.00%  0.00%   0 TPLUS            
 160           0         2          0  0.00%  0.00%  0.00%   0 VSP_MGR          
 161           0         1          0  0.00%  0.00%  0.00%   0 encrypt proc     
 162           0         3          0  0.00%  0.00%  0.00%   0 Crypto WUI       
 163           4         2       2000  0.00%  0.00%  0.00%   0 Crypto Support   
 164           0         1          0  0.00%  0.00%  0.00%   0 CCVPM_HTSP       
 165           0         2          0  0.00%  0.00%  0.00%   0 VPM_MWI_BACKGROU 
 166           0         1          0  0.00%  0.00%  0.00%   0 CCVPM_R2         
 167           0         6          0  0.00%  0.00%  0.00%   0 FB/KS Log HouseK 
 168           0         1          0  0.00%  0.00%  0.00%   0 EPHONE MWI BG Pr 
 169           0         1          0  0.00%  0.00%  0.00%   0 CCSWVOICE        
 170           0         1          0  0.00%  0.00%  0.00%   0 cpf_process_tpQ  
 171           4         1       4000  0.00%  0.00%  0.00%   0 http client proc 
 173           0         1          0  0.00%  0.00%  0.00%   0 QOS_MODULE_MAIN  
 174           0         1          0  0.00%  0.00%  0.00%   0 RPMS_PROC_MAIN   
 175           0         1          0  0.00%  0.00%  0.00%   0 VoIP AAA         
 176           4         1       4000  0.00%  0.00%  0.00%   0 crypto engine pr 
 177           8         4       2000  0.00%  0.00%  0.00%   0 Crypto CA        
 178           0         1          0  0.00%  0.00%  0.00%   0 Crypto PKI-CRL   
 179           0         1          0  0.00%  0.00%  0.00%   0 Crypto SSL       
 180           8         6       1333  0.00%  0.00%  0.00%   0 Crypto ACL       
 181           0         1          0  0.00%  0.00%  0.00%   0 CRYPTO QoS proce 
 182           0         1          0  0.00%  0.00%  0.00%   0 Crypto INT       
 183           4         3       1333  0.00%  0.00%  0.00%   0 Crypto IKMP      
 184         224       253        885  0.00%  0.00%  0.00%   0 IPSEC key engine 
 185           0         1          0  0.00%  0.00%  0.00%   0 IPSEC manual key 
 186           0         1          0  0.00%  0.00%  0.00%   0 Crypto PAS Proc  
 187           4         1       4000  0.00%  0.00%  0.00%   0 Crypto Delete Ma 
 188           0         1          0  0.00%  0.00%  0.00%   0 Key Proc         
 189           0         1          0  0.00%  0.00%  0.00%   0 PM Callback      
 190           0         1          0  0.00%  0.00%  0.00%   0 DATA Transfer Pr 
 191           0         1          0  0.00%  0.00%  0.00%   0 DATA Collector   
 192           0         2          0  0.00%  0.00%  0.00%   0 AAA SEND STOP EV 
 193           0         3          0  0.00%  0.00%  0.00%   0 EEM ED CLI       
 194           0         2          0  0.00%  0.00%  0.00%   0 EEM ED Counter   
 195           0         2          0  0.00%  0.00%  0.00%   0 EEM ED Interface 
 196           0         3          0  0.00%  0.00%  0.00%   0 EEM ED IOSWD     
 197           4         2       2000  0.00%  0.00%  0.00%   0 EEM ED Memory-th 
 198           0         2          0  0.00%  0.00%  0.00%   0 EEM ED None      
 199           0         2          0  0.00%  0.00%  0.00%   0 EM ED OIR        
 200           4         2       2000  0.00%  0.00%  0.00%   0 EEM ED SNMP      
 201           4        85         47  0.00%  0.00%  0.00%   0 EEM ED Timer     
 202         100      1450         68  0.00%  0.00%  0.00%   0 EEM Server       
 203          32       503         63  0.00%  0.00%  0.00%   0 RMON Recycle Pro 
 204           0         2          0  0.00%  0.00%  0.00%   0 RMON Deferred Se 
 205           0         1          0  0.00%  0.00%  0.00%   0 Syslog Traps     
 206         540      4915        109  0.00%  0.00%  0.00%   0 trunk conditioni 
 207           0         1          0  0.00%  0.00%  0.00%   0 trunk conditioni 
 208          16         2       8000  0.00%  0.00%  0.00%   0 VLAN Manager     
 209          40       192        208  0.00%  0.00%  0.00%   0 BGP I/O          
 210           0         2          0  0.00%  0.00%  0.00%   0 EEM Policy Direc 
 211          12         5       2400  0.00%  0.00%  0.00%   0 Syslog           
 212           0         1          0  0.00%  0.00%  0.00%   0 VPDN Scal        
 214          16         4       4000  0.00%  0.00%  0.00%   0 SSH Event handle 
 215           8       174         45  0.00%  0.00%  0.00%   0 CEF Scanner      
 216           8         3       2666  0.00%  0.00%  0.00%   0 TCP Listener     
 217       23888       410      58263  0.00%  0.32%  0.42%   0 BGP Scanner     

------------------ show process cpu history ------------------



B1   01:23:46 AM Friday Mar 1 2002 UTC

                                                                
    5522222                                                     
    7700000222221111111111     555551111111111     7777711111111
100                                                             
 90                                                             
 80                                                             
 70                                                             
 60 **                                                          
 50 **                                                          
 40 **                                                          
 30 **                                                          
 20 *******                                                     
 10 *******                    *****               *****        
   0....5....1....1....2....2....3....3....4....4....5....5....6
             0    5    0    5    0    5    0    5    0    5    0
               CPU% per second (last 60 seconds)

                                                                
    2  1  9 9 5  79   91  2 9 2121     2 22 2   64  8236        
    277156669697789677967746962131699792662617763066926575666677
100       * *     *   *     *                                   
 90       * *     *   *     *                       *           
 80       * *    **   *     *                       *           
 70       * *    **   *     *                       *  *        
 60       * * *  **   *     *                   *   *  *        
 50       * * *  **   *     *                   *   *  *        
 40       * * *  **   *     *                   **  * **        
 30       * * *  **   *     *            *      **  * **        
 20 *     # # *  *#   #*  * # * *      * ** *   **  ****        
 10 ******#*#*#**##***#*****#*******************##**#*##********
   0....5....1....1....2....2....3....3....4....4....5....5....6
             0    5    0    5    0    5    0    5    0    5    0
               CPU% per minute (last 60 minutes)
              * = maximum CPU%   # = average CPU%

                                                                            
    9                                                                       
    9                                                                       
100 *                                                                       
 90 *                                                                       
 80 *                                                                       
 70 *                      
DEBUG:netmiko:read_channel: 
DEBUG:netmiko:read_channel: 
------------------ show environment all ------------------


Power Supplies:
	Power Supply 1 is AC Power Supply. Unit is on.
	Power Supply 2 is AC Power Supply. Unit is on.

Temperature readings:
	I/O Cont Inlet   measured at 22C/71F 
	I/O Cont Outlet  measured at 22C/71F 
	NPE Inlet        measured at 22C/71F 
	NPE Outlet       measured at 22C/71F 

Voltage readings:
	+3.45 V       measured at +3.43 V 
	+5.15 V       measured at +5.13 V 
	+12.15 V      measured at +12.10 V 
	-11.95 V      measured at -11.90 V 

Envm stats saved 1 time(s) since reload

DEBUG:netmiko:read_channel: 
------------------ show controllers ------------------


Interface FastEthernet0/0
Hardware is DEC21140
 dec21140_ds=0x668E42B8, registers=0x3C0C0000, ib=0xE188080
 rx ring entries=128, tx ring entries=256, af setup failed=0
 rxring=0x7E188180, rxr shadow=0x668E4868, rx_head=94, rx_tail=0
 txring=0x7E1889C0, txr shadow=0x668E4A9C, tx_head=6, tx_tail=6, tx_count=0
 PHY link up
 CSR0=0x29082, CSR3=0xE188180, CSR4=0xE1889C0, CSR5=0x360000
 CSR6=0x20CA202, CSR7=0x1A261, CSR8=0x0, CSR9=0x54000
 CSR11=0x0, CSR12=0x98, CSR15=0x0
 TX state: running - reading buffer
 RX state: running - waiting for rx packet
 Far End Fault Indication (For FX Interface): OFF
 DEC21140 PCI registers:
  bus_no=0, device_no=6
  CFID=0x00091011, CFCS=0x00000000, CFRV=0x02000011, CFLT=0x00000000
  CBIO=0x00000000, CBMA=0x480C0000, CFIT=0x00000000, CFDA=0x00000000
 MII registers:
  Register 0x00:   2100  0004  0000  0000  0000  0000  0000  0000
  Register 0x08:   0000  0000  0000  0000  0000  0000  0000  0000
  Register 0x10:   0000  0000  0000  0000  0000  0000  0000  0000
  Register 0x18:   0000  0000  0000  0000  0000  0000  0000  0000
 Software MAC address filter(hash:length/addr/mask/hits):
 need_af_check = 0 
  0x00:  0  ffff.ffff.ffff  0000.0000.0000         0
  0x0B:  0  ca04.0b06.0000  0000.0000.0000         0
  0x54:  0  0100.5e00.000a  0000.0000.0000         0
  0xC0:  0  0100.0ccc.cccc  0000.0000.0000         0
 throttled=0, enabled=0, disabled=0
 rx_fifo_overflow=0, rx_no_enp=0, rx_state=0
 tx_underrun_err=0, tx_jabber_timeout=0, tx_carrier_loss=0
 tx_no_carrier=0, tx_late_collision=0, tx_excess_coll=0
 tx_collision_cnt=0, tx_deferred=0, fatal_tx_err=0, tbl_overflow=0
 rx_pak_len_err = 0, filtered_pak_cnt = 0 
 tx_limited=0(256)
 HW addr filter: 0xE19CA40, ISL Disabled
  Entry= 0:  Addr=0100.0CCC.CCCC
  Entry= 1:  Addr=0100.5E00.000A
  Entry= 2:  Addr=FFFF.FFFF.FFFF
  Entry= 3:  Addr=FFFF.FFFF.FFFF
  Entry= 4:  Addr=FFFF.FFFF.FFFF
  Entry= 5:  Addr=FFFF.FFFF.FFFF
  Entry= 6:  Addr=FFFF.FFFF.FFFF
  Entry= 7:  Addr=FFFF.FFFF.FFFF
  Entry= 8:  Addr=FFFF.FFFF.FFFF
  Entry= 9:  Addr=FFFF.FFFF.FFFF
  Entry=10:  Addr=FFFF.FFFF.FFFF
  Entry=11:  Addr=FFFF.FFFF.FFFF
  Entry=12:  Addr=FFFF.FFFF.FFFF
  Entry=13:  Addr=FFFF.FFFF.FFFF
  Entry=14:  Addr=FFFF.FFFF.FFFF
  Entry=15:  Addr=CA04.0B06.0000

Interface FastEthernet1/0 (idb 0x668ED80C)
Hardware is i82543 (Livengood) 3?
  network link is up  
  Config is Auto Speed, Full Duplex
  loopback type is none
  10/100 PHY is enabled (MII mode)
 i82543 MAC registers:
      Cannot display registers while
     Controller is in shutdown state!
 PHY registers:
  PHY is LXT971
  Register 0x00:   2800  782C  0013  61D4  01E1  41E1  0001  0000
  Register 0x08:   0000  ----  ----  ----  ----  ----  ----  ----
  Register 0x10:   0100  4700  0000  0000  0450  ----  ----  ----
  Register 0x18:   ----  ----  ----  ----  ----  ----  0000
  PHY says Link is UP, Speed 100Mbps, Full-Duplex, AUTONEG complete
  PHY is POWERED DOWN
 PCI configuration registers:
  bus_no=5, device_no=0
  DeviceID=0x1001, VendorID=0x8086, Command=0x0000, Status=0x0000
  Class=0x02/0x00/0x00, Revision=0x03, LatencyTimer=0x00, CacheLineSize=0x00
  BaseAddr0=0x48800000, BaseAddr1=0x00000000, MaxLat=0x00, MinGnt=0x00
  SubsysDeviceID=0x0000, SubsysVendorID=0x0000
  Cap_Ptr=0x00000000  Retry/TRDY Timeout=0x00000000
  PMC=0x00000000  PMCSR=0x00000000
 i82543 Internal Driver Information:
  lc_ip_turbo_fs=0x631BB894, ip_routecache=0x11(dfs=0/mdfs=0)
  i82543_ds=0x668EEA1C, registers=0x3C800000
  rx cache size=400, rx cache end=272, rx_nobuffer=0
  max_mtu=1524
 Software MAC address filter(hash:length/addr/mask/hits):
 need_af_check = 0 
  0x00:  0  ffff.ffff.ffff  0000.0000.0000         0
  0x17:  0  ca04.0b06.001c  0000.0000.0000         0
  0xC0:  0  0100.0ccc.cccc  0000.0000.0000         0
  ring sizes: RX=128, TX=256
  rxring=0x7E1C6000, shadow=0x668EF270, head=0, rx_buf_size=512
  txring=0x0E1C7000, shadow=0x668EF4A4, head=0, tail=0
  chip_state=3, pci_rev=3
  tx_count=0, tx_limited=0 (256)
  rx_overrun=0, rx_seq=0, rx_no_enp=0, rx_discard=0, filtered_pak=0
  throttled=0, enabled=0, disabled=0, bypassed=0
  reset=1(init=1, check=0, restart=0, pci=0), auto_restart=1
  link_reset=0, tx_carrier_loss=0, fatal_tx_err=0
  isl_err=0, wait_for_last_tdt=0, rx_stuck=0
  tx_stuck=0,  rx_max_spin=1, rx_bad_particle=0
 HW addr filter: 0x668EFCD8, ISL disabled, Promiscuous mode multicast
  Entry= 0:  Addr=CA04.0B06.001C
  (All other entries are empty)
 i82543 Statistics
  CRC error        0             Symbol error     0           
  Missed Packets   0             Single Collision 0           
  Excessive Coll   0             Multiple Coll    0           
  Late Coll        0             Collision        0           
  Defer            0             Receive Length   0           
  Alignment Error  0             XON RX           0           
  XON TX           0             XOFF RX          0           
  XOFF TX          0             FC RX Unsupport  0           
  Packet RX (64)   0             Packet RX (127)  0           
  Packet RX (255)  0             Packet RX (511)  0           
  Packet RX (1023) 0             Packet RX (1522) 0           
  Good Packet RX   0             Broadcast RX     0           
  Multicast RX     0             Good Packet TX   0           
  Good Octets RX.H 0             Good Octets RX.L 0           
  Good Octets TX.H 0             Good Octets TX.L 0           
  RX No Buff       0             RX Undersize     0           
  RX Fragment      0             RX Oversize      0           
  RX Octets High   0             RX Octets Low    0           
  TX Octets High   0             TX Octets Low    0           
  TX Packet	   0             RX Packet        0           
  TX Broadcast     0             TX Multicast     0           
  Packet TX (64)   0             Packet TX (127)  0           
  Packet TX (255)  0             Packet TX (511)  0           
  Packet TX (1023) 0             Packet TX (1522) 0           
  TX Underruns     0             TX No CRS        0           
  RX Error Count   0             RX DMA Underruns 0           
  RX Carrier Ext   0           
  TCP Segmentation 0             TCP Seg Failed   0           
Interface FastEthernet1/1 (idb 0x668FB458)
Hardware is i82543 (Livengood) 3?
  network link is up  
  Config is Auto Speed, Full Duplex
  loopback type is none
  10/100 PHY is enabled (MII mode)
 i82543 MAC registers:
      Cannot display registers while
     Controller is in shutdown state!
 PHY registers:
  PHY is LXT971
  Register 0x00:   2800  782C  0013  61D4  01E1  41E1  0001  0000
  Register 0x08:   0000  ----  ----  ----  ----  ----  ----  ----
  Register 0x10:   0100  4700  0000  0000  0450  ----  ----  ----
  Register 0x18:   ----  ----  ----  ----  ----  ----  0000
  PHY says Link is UP, Speed 100Mbps, Full-Duplex, AUTONEG complete
  PHY is POWERED DOWN
 PCI configuration registers:
  bus_no=5, device_no=1
  DeviceID=0x1001, VendorID=0x8086, Command=0x0000, Status=0x0000
  Class=0x02/0x00/0x00, Revision=0x03, LatencyTimer=0x00, CacheLineSize=0x00
  BaseAddr0=0x48820000, BaseAddr1=0x00000000, MaxLat=0x00, MinGnt=0x00
  SubsysDeviceID=0x0000, SubsysVendorID=0x0000
  Cap_Ptr=0x00000000  Retry/TRDY Timeout=0x00000000
  PMC=0x00000000  PMCSR=0x00000000
 i82543 Internal Driver Information:
  lc_ip_turbo_fs=0x631BB894, ip_routecache=0x11(dfs=0/mdfs=0)
  i82543_ds=0x668FC668, registers=0x3C820000
  rx cache size=400, rx cache end=272, rx_nobuffer=0
  max_mtu=1524
 Software MAC address filter(hash:length/addr/mask/hits):
 need_af_check = 0 
  0x00:  0  ffff.ffff.ffff  0000.0000.0000         0
  0x16:  0  ca04.0b06.001d  0000.0000.0000         0
  0xC0:  0  0100.0ccc.cccc  0000.0000.0000         0
  ring sizes: RX=128, TX=256
  rxring=0x7E259000, shadow=0x668FCD40, head=0, rx_buf_size=512
  txring=0x0E25A000, shadow=0x668FCF74, head=0, tail=0
  chip_state=3, pci_rev=3
  tx_count=0, tx_limited=0 (256)
  rx_overrun=0, rx_seq=0, rx_no_enp=0, rx_discard=0, filtered_pak=0
  throttled=0, enabled=0, disabled=0, bypassed=0
  reset=1(init=1, check=0, restart=0, pci=0), auto_restart=1
  link_reset=0, tx_carrier_loss=0, fatal_tx_err=0
  isl_err=0, wait_for_last_tdt=0, rx_stuck=0
  tx_stuck=0,  rx_max_spin=1, rx_bad_particle=0
 HW addr filter: 0x668FD7A8, ISL disabled, Promiscuous mode multicast
  Entry= 0:  Addr=CA04.0B06.001D
  (All other entries are empty)
 i82543 Statistics
  CRC error        0             Symbol error     0           
  Missed Packets   0             Single Collision 0           
  Excessive Coll   0             Multiple Coll    0           
  Late Coll        0             Collision        0           
  Defer            0             Receive Length   0           
  Alignment Error  0             XON RX           0           
  XON TX           0             XOFF RX          0           
  XOFF TX          0             FC RX Unsupport  0           
  Packet RX (64)   0             Packet RX (127)  0           
  Packet RX (255)  0             Packet RX (511)  0           
  Packet RX (1023) 0             Packet RX (1522) 0           
  Good Packet RX   0             Broadcast RX     0           
  Multicast RX     0             Good Packet TX   0           
  Good Octets RX.H 0             Good Octets RX.L 0           
  Good Octets TX.H 0             Good Octets TX.L 0           
  RX No Buff       0             RX Undersize     0           
  RX Fragment      0             RX Oversize      0           
  RX Octets High   0             RX Octets Low    0           
  TX Octets High   0             TX Octets Low    0           
  TX Packet	   0             RX Packet        0           
  TX Broadcast     0             TX Multicast     0           
  Packet TX (64)   0             Packet TX (127)  0           
  Packet TX (255)  0             Packet TX (511)  0           
  Packet TX (1023) 0             Packet TX (1522) 0           
  TX Underruns     0             TX No CRS        0           
  RX Error Count   0             RX DMA Underruns 0           
  RX Carrier Ext   0           
  TCP Segmentation 0             TCP Seg Failed   0           
Interface FastEthernet2/0 (idb 0x6690A544)
Hardware is i82543 (Livengood) 3?
  network link is up  
  Config is Auto Speed, Full Duplex
  loopback type is none
  10/100 PHY is enabled (MII mode)
 i82543 MAC registers:
      Cannot display registers while
     Controller is in shutdown state!
 PHY registers:
  PHY is LXT971
  Register 0x00:   2800  782C  0013  61D4  01E1  41E1  0001  0000
  Register 0x08:   0000  ----  ----  ----  ----  ----  ----  ----
  Register 0x10:   0100  4700  0000  0000  0450  ----  ----  ----
  Register 0x18:   ----  ----  ----  ----  ----  ----  0000
  PHY says Link is UP, Speed 100Mbps, Full-Duplex, AUTONEG complete
  PHY is POWERED DOWN
 PCI configuration registers:
  bus_no=11, device_no=0
  DeviceID=0x1001, VendorID=0x8086, Command=0x0000, Status=0x0000
  Class=0x02/0x00/0x00, Revision=0x03, LatencyTimer=0x00, CacheLineSize=0x00
  BaseAddr0=0x4D000000, BaseAddr1=0x00000000, MaxLat=0x00, MinGnt=0x00
  SubsysDeviceID=0x0000, SubsysVendorID=0x0000
  Cap_Ptr=0x00000000  Retry/TRDY Timeout=0x00000000
  PMC=0x00000000  PMCSR=0x00000000
 i82543 Internal Driver Information:
  lc_ip_turbo_fs=0x631BB894, ip_routecache=0x11(dfs=0/mdfs=0)
  i82543_ds=0x6690B754, registers=0x3D000000
  rx cache size=400, rx cache end=272, rx_nobuffer=0
  max_mtu=1524
 Software MAC address filter(hash:length/addr/mask/hits):
 need_af_check = 0 
  0x00:  0  ffff.ffff.ffff  0000.0000.0000         0
  0x33:  0  ca04.0b06.0038  0000.0000.0000         0
  0xC0:  0  0100.0ccc.cccc  0000.0000.0000         0
  ring sizes: RX=128, TX=256
  rxring=0x7E2EC000, shadow=0x6690BE2C, head=0, rx_buf_size=512
  txring=0x0E2ED000, shadow=0x6690C060, head=0, tail=0
  chip_state=3, pci_rev=3
  tx_count=0, tx_limited=0 (256)
  rx_overrun=0, rx_seq=0, rx_no_enp=0, rx_discard=0, filtered_pak=0
  throttled=0, enabled=0, disabled=0, bypassed=0
  reset=1(init=1, check=0, restart=0, pci=0), auto_restart=1
  link_reset=0, tx_carrier_loss=0, fatal_tx_err=0
  isl_err=0, wait_for_last_tdt=0, rx_stuck=0
  tx_stuck=0,  rx_max_spin=1, rx_bad_particle=0
 HW addr filter: 0x6690C894, ISL disabled, Promiscuous mode multicast
  Entry= 0:  Addr=CA04.0B06.0038
  (All other entries are empty)
 i82543 Statistics
  CRC error        0             Symbol error     0           
  Missed Packets   0             Single Collision 0           
  Excessive Coll   0             Multiple Coll    0           
  Late Coll        0             Collision        0           
  Defer            0             Receive Length   0           
  Alignment Error  0             XON RX           0           
  XON TX           0             XOFF RX          0           
  XOFF TX          0             FC RX Unsupport  0           
  Packet RX (64)   0             Packet RX (127)  0           
  Packet RX (255)  0             Packet RX (511)  0           
  Packet RX (1023) 0             Packet RX (1522) 0           
  Good Packet RX   0             Broadcast RX     0           
  Multicast RX     0             Good Packet TX   0           
  Good Octets RX.H 0             Good Octets RX.L 0           
  Good Octets TX.H 0             Good Octets TX.L 0           
  RX No Buff       0             RX Undersize     0           
  RX Fragment      0             RX Oversize      0           
  RX Octets High   0             RX Octets Low    0           
  TX Octets High   0             TX Octets Low    0           
  TX Packet	   0             RX Packet        0           
  TX Broadcast     0             TX Multicast     0           
  Packet TX (64)   0             Packet TX (127)  0           
  Packet TX (255)  0             Packet TX (511)  0           
  Packet TX (1023) 0             Packet TX (1522) 0           
  TX Underruns     0             TX No CRS        0           
  RX Error Count   0             RX DMA Underruns 0           
  RX Carrier Ext   0           
  TCP Segmentation 0             TCP Seg Failed   0           
Interface FastEthernet2/1 (idb 0x66917FD8)
Hardware is i82543 (Livengood) 3?
  network link is up  
  Config is Auto Speed, Full Duplex
  loopback type is none
  10/100 PHY is enabled (MII mode)
 i82543 MAC registers:
      Cannot display registers while
     Controller is in shutdown state!
 PHY registers:
  PHY is LXT971
  Register 0x00:   2800  782C  0013  61D4  01E1  41E1  0001  0000
  Register 0x08:   0000  ----  ----  ----  ----  ----  ----  ----
  Register 0x10:   0100  4700  0000  0000  0450  ----  ----  ----
  Register 0x18:   ----  ----  ----  ----  ----  ----  0000
  PHY says Link is UP, Speed 100Mbps, Full-Duplex, AUTONEG complete
  PHY is POWERED DOWN
 PCI configuration registers:
  bus_no=11, device_no=1
  DeviceID=0x1001, VendorID=0x8086, Command=0x0000, Status=0x0000
  Class=0x02/0x00/0x00, Revision=0x03, LatencyTimer=0x00, CacheLineSize=0x00
  BaseAddr0=0x4D020000, BaseAddr1=0x00000000, MaxLat=0x00, MinGnt=0x00
  SubsysDeviceID=0x0000, SubsysVendorID=0x0000
  Cap_Ptr=0x00000000  Retry/TRDY Timeout=0x00000000
  PMC=0x00000000  PMCSR=0x00000000
 i82543 Internal Driver Information:
  lc_ip_turbo_fs=0x631BB894, ip_routecache=0x11(dfs=0/mdfs=0)
  i82543_ds=0x669191E8, registers=0x3D020000
  rx cache size=400, rx cache end=272, rx_nobuffer=0
  max_mtu=1524
 Software MAC address filter(hash:length/addr/mask/hits):
 need_af_check = 0 
  0x00:  0  ffff.ffff.ffff  0000.0000.0000         0
  0x32:  0  ca04.0b06.0039  0000.0000.0000         0
  0xC0:  0  0100.0ccc.cccc  0000.0000.0000         0
  ring sizes: RX=128, TX=256
  rxring=0x7E37F000, shadow=0x669198C0, head=0, rx_buf_size=512
  txring=0x0E380000, shadow=0x66919AF4, head=0, tail=0
  chip_state=3, pci_rev=3
  tx_count=0, tx_limited=0 (256)
  rx_overrun=0, rx_seq=0, rx_no_enp=0, rx_discard=0, filtered_pak=0
  throttled=0, enabled=0, disabled=0, bypassed=0
  reset=1(init=1, check=0, restart=0, pci=0), auto_restart=1
  link_reset=0, tx_carrier_loss=0, fatal_tx_err=0
  isl_err=0, wait_for_last_tdt=0, rx_stuck=0
  tx_stuck=0,  rx_max_spin=1, rx_bad_particle=0
 HW addr filter: 0x6691A328, ISL disabled, Promiscuous mode multicast
  Entry= 0:  Addr=CA04.0B06.0039
  (All other entries are empty)
 i82543 Statistics
  CRC error        0             Symbol error     0           
  Missed Packets   0             Single Collision 0           
  Excessive Coll   0             Multiple Coll    0           
  Late Coll        0             Collision        0           
  Defer            0             Receive Length   0           
  Alignment Error  0             XON RX           0           
  XON TX           0             XOFF RX          0           
  XOFF TX          0             FC RX Unsupport  0           
  Packet RX (64)   0             Packet RX (127)  0           
  Packet RX (255)  0             Packet RX (511)  0           
  Packet RX (1023) 0             Packet RX (1522) 0           
  Good Packet RX   0             Broadcast RX     0           
  Multicast RX     0             Good Packet TX   0           
  Good Octets RX.H 0             Good Octets RX.L 0           
  Good Octets TX.H 0             Good Octets TX.L 0           
  RX No Buff       0             RX Undersize     0           
  RX Fragment      0             RX Oversize      0           
  RX Octets High   0             RX Octets Low    0           
  TX Octets High   0             TX Octets Low    0           
  TX Packet	   0             RX Packet        0           
  TX Broadcast     0             TX Multicast     0           
  Packet TX (64)   0             Packet TX (127)  0           
  Packet TX (255)  0             Packet TX (511)  0           
  Packet TX (1023) 0             Packet TX (1522) 0           
  TX Underruns     0             TX No CRS        0           
  RX Error Count   0             RX DMA Underruns 0           
  RX Carrier Ext   0           
  TCP Segmentation 0             TCP Seg Failed   0           
Interface FastEthernet3/0 (idb 0x66925A98)
Hardware is i82543 (Livengood) 3?
  network link is up  
  Config is Auto Speed, Full Duplex
  loopback type is none
  10/100 PHY is enabled (MII mode)
 i82543 MAC registers:
  CTRL  =0x03C00064, STATUS=0x00000003, CTRL_X=0x00005F80, IMS   =0x00000096
  RCTL  =0x00428032, RDBAL =0x0E412000, RDBAH =0x00000000, RDLEN =0x00000800
  RDH   =0x00000059, RDT   =0x00000058, RDTR  =0x00000000
  TCTL  =0x000400FA, TDBAL =0x0E413000, TDBAH =0x00000000, TDLEN =0x00001000
  TDH   =0x0000006C, TDT   =0x0000007B, TIPG  =0x00000000
  ETT   =0x00000000, TXDMAC=0x00000000
  TXCW  =0x00000000, RXCW  =0x00000000, FCRTH =0x00000000, FCRTL =0x00000000
  FCAH  =0x00000100, FCAL  =0x00C28001, FCT   =0x00008808, FCTTV =0x00000000
  RDFH  =0x00000000, RDFT  =0x00000000, RDFPC =0x00000000
  TDFH  =0x00000000, TDFT  =0x00000000, TDFPC =0x00000000
  RX is normal, enabled  TX is normal, enabled
  Device status = full-duplex, link up
  Device Speed = 10Mbps
 PHY registers:
  PHY is LXT971
  Register 0x00:   3100  782C  0013  61D4  0141  41E1  0001  0000
  Register 0x08:   0000  ----  ----  ----  ----  ----  ----  ----
  Register 0x10:   0100  4700  0000  0000  0450  ----  ----  ----
  Register 0x18:   ----  ----  ----  ----  ----  ----  0000
  PHY says Link is UP, Speed 100Mbps, Full-Duplex, AUTONEG complete
  AUTONEG - Our ability is     100M/FD 10M/FD 
  AUTONEG - Partner ability is 100M/FD 100M/HD 10M/FD 10M/HD 
 PCI configuration registers:
  bus_no=6, device_no=0
  DeviceID=0x1001, VendorID=0x8086, Command=0x0000, Status=0x0000
  Class=0x02/0x00/0x00, Revision=0x03, LatencyTimer=0x00, CacheLineSize=0x00
  BaseAddr0=0x49000000, BaseAddr1=0x00000000, MaxLat=0x00, MinGnt=0x00
  SubsysDeviceID=0x0000, SubsysVendorID=0x0000
  Cap_Ptr=0x00000000  Retry/TRDY Timeout=0x00000000
  PMC=0x00000000  PMCSR=0x00000000
 i82543 Internal Driver Information:
  lc_ip_turbo_fs=0x631BB894, ip_routecache=0x11(dfs=0/mdfs=0)
  i82543_ds=0x66926CA8, registers=0x3D800000
  rx cache size=400, rx cache end=272, rx_nobuffer=0
  max_mtu=1524
 Software MAC address filter(hash:length/addr/mask/hits):
 need_af_check = 0 
  0x00:  0  ffff.ffff.ffff  0000.0000.0000         0
  0x5F:  0  ca04.0b06.0054  0000.0000.0000         0
  0xC0:  0  0100.0ccc.cccc  0000.0000.0000         0
  ring sizes: RX=128, TX=256
  rxring=0x7E412000, shadow=0x66927380, head=89, rx_buf_size=512
  txring=0x0E413000, shadow=0x669275B4, head=108, tail=123
  chip_state=2, pci_rev=3
  tx_count=15, tx_limited=0 (256)
  rx_overrun=0, rx_seq=0, rx_no_enp=0, rx_discard=0, filtered_pak=0
  throttled=0, enabled=0, disabled=0, bypassed=0
  reset=3(init=1, check=0, restart=2, pci=0), auto_restart=3
  link_reset=0, tx_carrier_loss=0, fatal_tx_err=0
  isl_err=0, wait_for_last_tdt=0, rx_stuck=0
  tx_stuck=0,  rx_max_spin=1, rx_bad_particle=0
 HW addr filter: 0x66927DE8, ISL disabled, Promiscuous mode multicast
  Entry= 0:  Addr=CA04.0B06.0054
  (All other entries are empty)
 i82543 Statistics
  CRC error        0             Symbol error     0           
  Missed Packets   0             Single Collision 0           
  Excessive Coll   0             Multiple Coll    0           
  Late Coll        0             Collision        0           
  Defer            0             Receive Length   0           
  Alignment Error  0             XON RX           0           
  XON TX           0             XOFF RX          0           
  XOFF TX          0             FC RX Unsupport  0           
  Packet RX (64)   0             Packet RX (127)  0           
  Packet RX (255)  0             Packet RX (511)  0           
  Packet RX (1023) 0             Packet RX (1522) 0           
  Good Packet RX   0             Broadcast RX     0           
  Multicast RX     0             Good Packet TX   0           
  Good Octets RX.H 0             Good Octets RX.L 0           
  Good Octets TX.H 0             Good Octets TX.L 0           
  RX No Buff       0             RX Undersize     0           
  RX Fragment      0             RX Oversize      0           
  RX Octets High   0             RX Octets Low    0           
  TX Octets High   0             TX Octets Low    0           
  TX Packet	   0             RX Packet        0           
  TX Broadcast     0             TX Multicast     0           
  Packet TX (64)   0             Packet TX (127)  0           
  Packet TX (255)  0             Packet TX (511)  0           
  Packet TX (1023) 0             Packet TX (1522) 0           
  TX Underruns     0             TX No CRS        0           
  RX Error Count   0             RX DMA Underruns 0           
  RX Carrier Ext   0           
  TCP Segmentation 0             TCP Seg Failed   0           
Interface FastEthernet3/1 (idb 0x66934ADC)
Hardware is i82543 (Livengood) 3?
  network link is up  
  Config is Auto Speed, Full Duplex
  loopback type is none
  10/100 PHY is enabled (MII mode)
 i82543 MAC registers:
      Cannot display registers while
     Controller is in shutdown state!
 PHY registers:
  PHY is LXT971
  Register 0x00:   2800  782C  0013  61D4  01E1  41E1  0001  0000
  Register 0x08:   0000  ----  ----  ----  ----  ----  ----  ----
  Register 0x10:   0100  4700  0000  0000  0450  ----  ----  ----
  Register 0x18:   ----  ----  ----  ----  ----  ----  0000
  PHY says Link is UP, Speed 100Mbps, Full-Duplex, AUTONEG complete
  PHY is POWERED DOWN
 PCI configuration registers:
  bus_no=6, device_no=1
  DeviceID=0x1001, VendorID=0x8086, Command=0x0000, Status=0x0000
  Class=0x02/0x00/0x00, Revision=0x03, LatencyTimer=0x00, CacheLineSize=0x00
  BaseAddr0=0x49020000, BaseAddr1=0x00000000, MaxLat=0x00, MinGnt=0x00
  SubsysDeviceID=0x0000, SubsysVendorID=0x0000
  Cap_Ptr=0x00000000  Retry/TRDY Timeout=0x00000000
  PMC=0x00000000  PMCSR=0x00000000
 i82543 Internal Driver Information:
  lc_ip_turbo_fs=0x631BB894, ip_routecache=0x11(dfs=0/mdfs=0)
  i82543_ds=0x66935CEC, registers=0x3D820000
  rx cache size=400, rx cache end=272, rx_nobuffer=0
  max_mtu=1524
 Software MAC address filter(hash:length/addr/mask/hits):
 need_af_check = 0 
  0x00:  0  ffff.ffff.ffff  0000.0000.0000         0
  0x5E:  0  ca04.0b06.0055  0000.0000.0000         0
  0xC0:  0  0100.0ccc.cccc  0000.0000.0000         0
  ring sizes: RX=128, TX=256
  rxring=0x7E4A5000, shadow=0x669363C4, head=0, rx_buf_size=512
  txring=0x0E4A6000, shadow=0x669365F8, head=0, tail=0
  chip_state=3, pci_rev=3
  tx_count=0, tx_limited=0 (256)
  rx_overrun=0, rx_seq=0, rx_no_enp=0, rx_discard=0, filtered_pak=0
  throttled=0, enabled=0, disabled=0, bypassed=0
  reset=1(init=1, check=0, restart=0, pci=0), auto_restart=1
  link_reset=0, tx_carrier_loss=0, fatal_tx_err=0
  isl_err=0, wait_for_last_tdt=0, rx_stuck=0
  tx_stuck=0,  rx_max_spin=1, rx_bad_particle=0
 HW addr filter: 0x66936E2C, ISL disabled, Promiscuous mode multicast
  Entry= 0:  Addr=CA04.0B06.0055
  (All other entries are empty)
 i82543 Statistics
  CRC error        0             Symbol error     0           
  Missed Packets   0             Single Collision 0           
  Excessive Coll   0             Multiple Coll    0           
  Late Coll        0             Collision        0           
  Defer            0             Receive Length   0           
  Alignment Error  0             XON RX           0           
  XON TX           0             XOFF RX          0           
  XOFF TX          0             FC RX Unsupport  0           
  Packet RX (64)   0             Packet RX (127)  0           
  Packet RX (255)  0             Packet RX (511)  0           
  Packet RX (1023) 0             Packet RX (1522) 0           
  Good Packet RX   0             Broadcast RX     0           
  Multicast RX     0             Good Packet TX   0           
  Good Octets RX.H 0             Good Octets RX.L 0           
  Good Octets TX.H 0             Good Octets TX.L 0           
  RX No Buff       0             RX Undersize     0           
  RX Fragment      0             RX Oversize      0           
  RX Octets High   0             RX Octets Low    0           
  TX Octets High   0             TX Octets Low    0           
  TX Packet	   0             RX Packet        0           
  TX Broadcast     0             TX Multicast     0           
  Packet TX (64)   0             Packet TX (127)  0           
  Packet TX (255)  0             Packet TX (511)  0           
  Packet TX (1023) 0             Packet TX (1522) 0           
  TX Underruns     0             TX No CRS        0           
  RX Error Count   0             RX DMA Underruns 0           
  RX Carrier Ext   0           
  TCP Segmentation 0             TCP Seg Failed   0           



------------------ show user ------------------


    Line       User       Host(s)              Idle       Location
*  2 vty 0     admin      idle                 00:00:01 123.123.1.1

  Interface    User               Mode         Idle     Peer Address


------------------ show data-corruption ------------------


No data inconsistency errors have been recorded.


------------------ show environment last ------------------


	Data not available

------------------ show environment all ------------------


Power Supplies:
	Power Supply 1 is AC Power Supply. Unit is on.
	Power Supply 2 is AC Power Supply. Unit is on.

Temperature readings:
	I/O Cont Inlet   measured at 22C/71F 
	I/O Cont Outlet  measured at 22C/71F 
	NPE Inlet        measured at 22C/71F 
	NPE Outlet       measured at 22C/71F 

Voltage readings:
	+3.45 V       measured at +3.43 V 
	+5.15 V       measured at +5.13 V 
	+12.15 V      measured at +12.10 V 
	-11.95 V      measured at -11.90 V 

Envm stats saved 1 time(s) since reload

DEBUG:netmiko:read_channel: 
DEBUG:netmiko:read_channel: 
DEBUG:netmiko:read_channel: 
------------------ show stacks ------------------


Minimum process stacks:
 Free/Size   Name
 4964/6000   CDP BLOB
 7972/9000   EEM ED RF
 7976/9000   EM ED GOLD
10848/12000  MRIB IPv6 Init Process
10948/12000  MRIB IPv4 Init Process
 3688/6000   EEM Shell Director
58584/60000  EEM Auto Registration Proc
 4948/6000   SASL MAIN
 1908/3000   LIM WAVL
10820/12000  Router Init
10952/12000  cdp init process
 7896/9000   EIGRP-IPv4
18936/24000  Init
 4716/6000   RADIUS INITCONFIG
 3504/6000   BGP Open
 4820/6000   URPF stats
 2008/3000   Rom Random Update Process
 6716/12000  SSH Process

Interrupt level stacks:
Level    Called Unused/Size  Name
  1        5751   7872/9000  Network interfaces
  2        1408   8568/9000  DMA/Timer Interrupt
  3           0   9000/9000  PA Management Int Handler
  4      208259   8640/9000  Console Uart
  5           0   9000/9000  OIR/Error Interrupt
  7      959364   8528/9000  NMI Interrupt Handler

------------------ show interfaces ------------------


FastEthernet0/0 is up, line protocol is up 
  Hardware is DEC21140, address is ca02.0adc.0000 (bia ca02.0adc.0000)
  Internet address is 172.16.2.1/30
  MTU 1500 bytes, BW 100000 Kbit/sec, DLY 100 usec, 
     reliability 255/255, txload 1/255, rxload 1/255
  Encapsulation ARPA, loopback not set
  Keepalive set (10 sec)
  Full-duplex, 100Mb/s, 100BaseTX/FX
  ARP type: ARPA, ARP Timeout 04:00:00
  Last input 00:00:06, output 00:00:04, output hang never
  Last clearing of "show interface" counters never
  Input queue: 0/75/0/0 (size/max/drops/flushes); Total output drops: 0
  Queueing strategy: fifo
  Output queue: 0/40 (size/max)
  5 minute input rate 0 bits/sec, 0 packets/sec
  5 minute output rate 0 bits/sec, 0 packets/sec
     369 packets input, 67124 bytes
     Received 224 broadcasts (0 IP multicasts)
     0 runts, 0 giants, 0 throttles 
     0 input errors, 0 CRC, 0 frame, 0 overrun, 0 ignored
     0 watchdog
     0 input packets with dribble condition detected
     614 packets output, 61308 bytes, 0 underruns
     0 output errors, 0 collisions, 1 interface resets
     0 unknown protocol drops
     0 babbles, 0 late collision, 0 deferred
     0 lost carrier, 0 no carrier
     0 output buffer failures, 0 output buffers swapped out
FastEthernet1/0 is up, line protocol is up 
  Hardware is i82543 (Livengood), address is ca02.0adc.001c (bia ca02.0adc.001c)
  Internet address is 192.168.1.2/24
  MTU 1500 bytes, BW 100000 Kbit/sec, DLY 100 usec, 
     reliability 255/255, txload 1/255, rxload 1/255
  Encapsulation ARPA, loopback not set
  Keepalive set (10 sec)
  Full-duplex, 100Mb/s, 100BaseTX/FX
  ARP type: ARPA, ARP Timeout 04:00:00
  Last input 00:00:12, output 00:00:00, output hang never
  Last clearing of "show interface" counters never
  Input queue: 0/75/0/0 (size/max/drops/flushes); Total output drops: 0
  Queueing strategy: fifo
  Output queue: 0/40 (size/max)
  5 minute input rate 0 bits/sec, 0 packets/sec
  5 minute output rate 0 bits/sec, 0 packets/sec
     98 packets input, 33623 bytes
     Received 98 broadcasts (0 IP multicasts)
     0 runts, 0 giants, 0 throttles 
     0 input errors, 0 CRC, 0 frame, 0 overrun, 0 ignored
     0 watchdog
     0 input packets with dribble condition detected
     1291 packets output, 112025 bytes, 0 underruns
     0 output errors, 0 collisions, 2 interface resets
     0 unknown protocol drops
     0 babbles, 0 late collision, 0 deferred
     0 lost carrier, 0 no carrier
     0 output buffer failures, 0 output buffers swapped out
FastEthernet1/1 is administratively down, line protocol is down 
  Hardware is i82543 (Livengood), address is ca02.0adc.001d (bia ca02.0adc.001d)
  MTU 1500 bytes, BW 100000 Kbit/sec, DLY 100 usec, 
     reliability 255/255, txload 1/255, rxload 1/255
  Encapsulation ARPA, loopback not set
  Keepalive set (10 sec)
  Full-duplex, 100Mb/s, 100BaseTX/FX
  ARP type: ARPA, ARP Timeout 04:00:00
  Last input never, output never, output hang never
  Last clearing of "show interface" counters never
  Input queue: 0/75/0/0 (size/max/drops/flushes); Total output drops: 0
  Queueing strategy: fifo
  Output queue: 0/40 (size/max)
  5 minute input rate 0 bits/sec, 0 packets/sec
  5 minute output rate 0 bits/sec, 0 packets/sec
     0 packets input, 0 bytes
     Received 0 broadcasts (0 IP multicasts)
     0 runts, 0 giants, 0 throttles 
     0 input errors, 0 CRC, 0 frame, 0 overrun, 0 ignored
     0 watchdog
     0 input packets with dribble condition detected
     0 packets output, 0 bytes, 0 underruns
     0 output errors, 0 collisions, 0 interface resets
     0 unknown protocol drops
     0 babbles, 0 late collision, 0 deferred
     0 lost carrier, 0 no carrier
     0 output buffer failures, 0 output buffers swapped out
FastEthernet2/0 is administratively down, line protocol is down 
  Hardware is i82543 (Livengood), address is ca02.0adc.0038 (bia ca02.0adc.0038)
  MTU 1500 bytes, BW 100000 Kbit/sec, DLY 100 usec, 
     reliability 255/255, txload 1/255, rxload 1/255
  Encapsulation ARPA, loopback not set
  Keepalive set (10 sec)
  Full-duplex, 100Mb/s, 100BaseTX/FX
  ARP type: ARPA, ARP Timeout 04:00:00
  Last input never, output never, output hang never
  Last clearing of "show interface" counters never
  Input queue: 0/75/0/0 (size/max/drops/flushes); Total output drops: 0
  Queueing strategy: fifo
  Output queue: 0/40 (size/max)
  5 minute input rate 0 bits/sec, 0 packets/sec
  5 minute output rate 0 bits/sec, 0 packets/sec
     0 packets input, 0 bytes
     Received 0 broadcasts (0 IP multicasts)
     0 runts, 0 giants, 0 throttles 
     0 input errors, 0 CRC, 0 frame, 0 overrun, 0 ignored
     0 watchdog
     0 input packets with dribble condition detected
     0 packets output, 0 bytes, 0 underruns
     0 output errors, 0 collisions, 0 interface resets
     0 unknown protocol drops
     0 babbles, 0 late collision, 0 deferred
     0 lost carrier, 0 no carrier
     0 output buffer failures, 0 output buffers swapped out
FastEthernet2/1 is administratively down, line protocol is down 
  Hardware is i82543 (Livengood), address is ca02.0adc.0039 (bia ca02.0adc.0039)
  MTU 1500 bytes, BW 100000 Kbit/sec, DLY 100 usec, 
     reliability 255/255, txload 1/255, rxload 1/255
  Encapsulation ARPA, loopback not set
  Keepalive set (10 sec)
  Full-duplex, 100Mb/s, 100BaseTX/FX
  ARP type: ARPA, ARP Timeout 04:00:00
  Last input never, output never, output hang never
  Last clearing of "show interface" counters never
  Input queue: 0/75/0/0 (size/max/drops/flushes); Total output drops: 0
  Queueing strategy: fifo
  Output queue: 0/40 (size/max)
  5 minute input rate 0 bits/sec, 0 packets/sec
  5 minute output rate 0 bits/sec, 0 packets/sec
     0 packets input, 0 bytes
     Received 0 broadcasts (0 IP multicasts)
     0 runts, 0 giants, 0 throttles 
     0 input errors, 0 CRC, 0 frame, 0 overrun, 0 ignored
     0 watchdog
     0 input packets with dribble condition detected
     0 packets output, 0 bytes, 0 underruns
     0 output errors, 0 collisions, 0 interface resets
     0 unknown protocol drops
     0 babbles, 0 late collision, 0 deferred
     0 lost carrier, 0 no carrier
     0 output buffer failures, 0 output buffers swapped out
FastEthernet3/0 is up, line protocol is up 
  Hardware is i82543 (Livengood), address is ca02.0adc.0054 (bia ca02.0adc.0054)
  Description: *****MNGMT*****
  Internet address is 123.123.1.14/24
  MTU 1500 bytes, BW 100000 Kbit/sec, DLY 100 usec, 
     reliability 255/255, txload 1/255, rxload 1/255
  Encapsulation ARPA, loopback not set
  Keepalive set (10 sec)
  Full-duplex, 100Mb/s, 100BaseTX/FX
  ARP type: ARPA, ARP Timeout 04:00:00
  Last input 00:00:00, output 00:00:00, output hang never
  Last clearing of "show interface" counters never
  Input queue: 0/75/0/0 (size/max/drops/flushes); Total output drops: 0
  Queueing strategy: fifo
  Output queue: 0/40 (size/max)
  5 minute input rate 2000 bits/sec, 2 packets/sec
  5 minute output rate 2000 bits/sec, 2 packets/sec
     3731 packets input, 531551 bytes
     Received 1225 broadcasts (0 IP multicasts)
     0 runts, 0 giants, 0 throttles 
     0 input errors, 0 CRC, 0 frame, 0 overrun, 0 ignored
     0 watchdog
     0 input packets with dribble condition detected
     4135 packets output, 576728 bytes, 0 underruns
     0 output errors, 0 collisions, 2 interface resets
     0 unknown protocol drops
     0 babbles, 0 late collision, 0 deferred
     0 lost carrier, 0 no carrier
     0 output buffer failures, 0 output buffers swapped out
FastEthernet3/1 is administratively down, line protocol is down 
  Hardware is i82543 (Livengood), address is ca02.0adc.0055 (bia ca02.0adc.0055)
  MTU 1500 bytes, BW 100000 Kbit/sec, DLY 100 usec, 
     reliability 255/255, txload 1/255, rxload 1/255
  Encapsulation ARPA, loopback not set
  Keepalive set (10 sec)
  Full-duplex, 100Mb/s, 100BaseTX/FX
  ARP type: ARPA, ARP Timeout 04:00:00
  Last input never, output never, output hang never
  Last clearing of "show interface" counters never
  Input queue: 0/75/0/0 (size/max/drops/flushes); Total output drops: 0
  Queueing strategy: fifo
  Output queue: 0/40 (size/max)
  5 minute input rate 0 bits/sec, 0 packets/sec
  5 minute output rate 0 bits/sec, 0 packets/sec
     0 packets input, 0 bytes
     Received 0 broadcasts (0 IP multicasts)
     0 runts, 0 giants, 0 throttles 
     0 input errors, 0 CRC, 0 frame, 0 overrun, 0 ignored
     0 watchdog
     0 input packets with dribble condition detected
     0 packets output, 0 bytes, 0 underruns
     0 output errors, 0 collisions, 0 interface resets
     0 unknown protocol drops
     0 babbles, 0 late collision, 0 deferred
     0 lost carrier, 0 no carrier
     0 output buffer failures, 0 output buffers swapped out
Loopback190 is up, line protocol is up 
  Hardware is Loopback
  Internet address is 190.1.1.4/32
  MTU 1514 bytes, BW 8000000 Kbit/sec, DLY 5000 usec, 
     reliability 255/255, txload 1/255, rxload 1/255
  Encapsulation LOOPBACK, loopback not set
  Keepalive set (10 sec)
  Last input never, output never, output hang never
  Last clearing of "show interface" counters never
  Input queue: 0/75/0/0 (size/max/drops/flushes); Total output drops: 0
  Queueing strategy: fifo
  Output queue: 0/0 (size/max)
  5 minute input rate 0 bits/sec, 0 packets/sec
  5 minute output rate 0 bits/sec, 0 packets/sec
     0 packets input, 0 bytes, 0 no buffer
     Received 0 broadcasts (0 IP multicasts)
     0 runts, 0 giants, 0 throttles 
     0 input errors, 0 CRC, 0 frame, 0 overrun, 0 ignored, 0 abort
     0 packets output, 0 bytes, 0 underruns
     0 output errors, 0 collisions, 0 interface resets
     0 unknown protocol drops
     0 output buffer failures, 0 output buffers swapped out

------------------ show interfaces history ------------------



------------------ show controllers ------------------


Interface FastEthernet0/0
Hardware is DEC21140
 dec21140_ds=0x668E42B8, registers=0x3C0C0000, ib=0xE188080
 rx ring entries=128, tx ring entries=256, af setup failed=0
 rxring=0x7E188180, rxr shadow=0x668E4868, rx_head=113, rx_tail=0
 txring=0x7E1889C0, txr shadow=0x668E4A9C, tx_head=106, tx_tail=106, tx_count=0
 PHY link up
 CSR0=0x29082, CSR3=0xE188180, CSR4=0xE1889C0, CSR5=0x360000
 CSR6=0x20CA202, CSR7=0x1A261, CSR8=0x0, CSR9=0x54000
 CSR11=0x0, CSR12=0x98, CSR15=0x0
 TX state: running - reading buffer
 RX state: running - waiting for rx packet
 Far End Fault Indication (For FX Interface): OFF
 DEC21140 PCI registers:
  bus_no=0, device_no=6
  CFID=0x00091011, CFCS=0x00000000, CFRV=0x02000011, CFLT=0x00000000
  CBIO=0x00000000, CBMA=0x480C0000, CFIT=0x00000000, CFDA=0x00000000
 MII registers:
  Register 0x00:   2100  0004  0000  0000  0000  0000  0000  0000
  Register 0x08:   0000  0000  0000  0000  0000  0000  0000  0000
  Register 0x10:   0000  0000  0000  0000  0000  0000  0000  0000
  Register 0x18:   0000  0000  0000  0000  0000  0000  0000  0000
 Software MAC address filter(hash:length/addr/mask/hits):
 need_af_check = 0 
  0x00:  0  ffff.ffff.ffff  0000.0000.0000         0
  0x0A:  0  ca02.0adc.0000  0000.0000.0000         0
  0xC0:  0  0100.0ccc.cccc  0000.0000.0000         0
 throttled=0, enabled=0, disabled=0
 rx_fifo_overflow=0, rx_no_enp=0, rx_state=0
 tx_underrun_err=0, tx_jabber_timeout=0, tx_carrier_loss=0
 tx_no_carrier=0, tx_late_collision=0, tx_excess_coll=0
 tx_collision_cnt=0, tx_deferred=0, fatal_tx_err=0, tbl_overflow=0
 rx_pak_len_err = 0, filtered_pak_cnt = 0 
 tx_limited=0(256)
 HW addr filter: 0xE19CA40, ISL Disabled
  Entry= 0:  Addr=0100.0CCC.CCCC
  Entry= 1:  Addr=FFFF.FFFF.FFFF
  Entry= 2:  Addr=FFFF.FFFF.FFFF
  Entry= 3:  Addr=FFFF.FFFF.FFFF
  Entry= 4:  Addr=FFFF.FFFF.FFFF
  Entry= 5:  Addr=FFFF.FFFF.FFFF
  Entry= 6:  Addr=FFFF.FFFF.FFFF
  Entry= 7:  Addr=FFFF.FFFF.FFFF
  Entry= 8:  Addr=FFFF.FFFF.FFFF
  Entry= 9:  Addr=FFFF.FFFF.FFFF
  Entry=10:  Addr=FFFF.FFFF.FFFF
  Entry=11:  Addr=FFFF.FFFF.FFFF
  Entry=12:  Addr=FFFF.FFFF.FFFF
  Entry=13:  Addr=FFFF.FFFF.FFFF
  Entry=14:  Addr=FFFF.FFFF.FFFF
  Entry=15:  Addr=CA02.0ADC.0000

Interface FastEthernet1/0 (idb 0x668ED80C)
Hardware is i82543 (Livengood) 3?
  network link is up  
  Config is Auto Speed, Full Duplex
  loopback type is none
  10/100 PHY is enabled (MII mode)
 i82543 MAC registers:
  CTRL  =0x03C00064, STATUS=0x00000003, CTRL_X=0x00005F80, IMS   =0x00000096
  RCTL  =0x00428032, RDBAL =0x0E1C6000, RDBAH =0x00000000, RDLEN =0x00000800
  RDH   =0x0000005F, RDT   =0x0000005E, RDTR  =0x00000000
  TCTL  =0x000400FA, TDBAL =0x0E1C7000, TDBAH =0x00000000, TDLEN =0x00001000
  TDH   =0x00000009, TDT   =0x00000009, TIPG  =0x00000000
  ETT   =0x00000000, TXDMAC=0x00000000
  TXCW  =0x00000000, RXCW  =0x00000000, FCRTH =0x00000000, FCRTL =0x00000000
  FCAH  =0x00000100, FCAL  =0x00C28001, FCT   =0x00008808, FCTTV =0x00000000
  RDFH  =0x00000000, RDFT  =0x00000000, RDFPC =0x00000000
  TDFH  =0x00000000, TDFT  =0x00000000, TDFPC =0x00000000
  RX is normal, enabled  TX is normal, enabled
  Device status = full-duplex, link up
  Device Speed = 10Mbps
 PHY registers:
  PHY is LXT971
  Register 0x00:   3100  782C  0013  61D4  0141  41E1  0001  0000
  Register 0x08:   0000  ----  ----  ----  ----  ----  ----  ----
  Register 0x10:   0100  4700  0000  0000  0450  ----  ----  ----
  Register 0x18:   ----  ----  ----  ----  ----  ----  0000
  PHY says Link is UP, Speed 100Mbps, Full-Duplex, AUTONEG complete
  AUTONEG - Our ability is     100M/FD 10M/FD 
  AUTONEG - Partner ability is 100M/FD 100M/HD 10M/FD 10M/HD 
 PCI configuration registers:
  bus_no=5, device_no=0
  DeviceID=0x1001, VendorID=0x8086, Command=0x0000, Status=0x0000
  Class=0x02/0x00/0x00, Revision=0x03, LatencyTimer=0x00, CacheLineSize=0x00
  BaseAddr0=0x48800000, BaseAddr1=0x00000000, MaxLat=0x00, MinGnt=0x00
  SubsysDeviceID=0x0000, SubsysVendorID=0x0000
  Cap_Ptr=0x00000000  Retry/TRDY Timeout=0x00000000
  PMC=0x00000000  PMCSR=0x00000000
 i82543 Internal Driver Information:
  lc_ip_turbo_fs=0x631BB894, ip_routecache=0x11(dfs=0/mdfs=0)
  i82543_ds=0x668EEA1C, registers=0x3C800000
  rx cache size=400, rx cache end=272, rx_nobuffer=0
  max_mtu=1524
 Software MAC address filter(hash:length/addr/mask/hits):
 need_af_check = 0 
  0x00:  0  ffff.ffff.ffff  0000.0000.0000         0
  0x16:  0  ca02.0adc.001c  0000.0000.0000         0
  0x54:  0  0100.5e00.000a  0000.0000.0000         0
  0xC0:  0  0100.0ccc.cccc  0000.0000.0000         0
  ring sizes: RX=128, TX=256
  rxring=0x7E1C6000, shadow=0x668EF270, head=95, rx_buf_size=512
  txring=0x0E1C7000, shadow=0x668EF4A4, head=9, tail=9
  chip_state=2, pci_rev=3
  tx_count=0, tx_limited=0 (256)
  rx_overrun=0, rx_seq=0, rx_no_enp=0, rx_discard=0, filtered_pak=0
  throttled=0, enabled=0, disabled=0, bypassed=0
  reset=3(init=1, check=0, restart=2, pci=0), auto_restart=3
  link_reset=0, tx_carrier_loss=0, fatal_tx_err=0
  isl_err=0, wait_for_last_tdt=0, rx_stuck=0
  tx_stuck=0,  rx_max_spin=1, rx_bad_particle=0
 HW addr filter: 0x668EFCD8, ISL disabled, Promiscuous mode multicast
  Entry= 0:  Addr=CA02.0ADC.001C
  (All other entries are empty)
 i82543 Statistics
  CRC error        0             Symbol error     0           
  Missed Packets   0             Single Collision 0           
  Excessive Coll   0             Multiple Coll    0           
  Late Coll        0             Collision        0           
  Defer            0             Receive Length   0           
  Alignment Error  0             XON RX           0           
  XON TX           0             XOFF RX          0           
  XOFF TX          0             FC RX Unsupport  0           
  Packet RX (64)   0             Packet RX (127)  0           
  Packet RX (255)  0             Packet RX (511)  0           
  Packet RX (1023) 0             Packet RX (1522) 0           
  Good Packet RX   0             Broadcast RX     0           
  Multicast RX     0             Good Packet TX   0           
  Good Octets RX.H 0             Good Octets RX.L 0           
  Good Octets TX.H 0             Good Octets TX.L 0           
  RX No Buff       0             RX Undersize     0           
  RX Fragment      0             RX Oversize      0           
  RX Octets High   0             RX Octets Low    0           
  TX Octets High   0             TX Octets Low    0           
  TX Packet	   0             RX Packet        0           
  TX Broadcast     0             TX Multicast     0           
  Packet TX (64)   0             Packet TX (127)  0           
  Packet TX (255)  0             Packet TX (511)  0           
  Packet TX (1023) 0             Packet TX (1522) 0           
  TX Underruns     0             TX No CRS        0           
  RX Error Count   0             RX DMA Underruns 0           
  RX Carrier Ext   0           
  TCP Segmentation 0             TCP Seg Failed   0           
Interface FastEthernet1/1 (idb 0x668FB458)
Hardware is i82543 (Livengood) 3?
  network link is up  
  Config is Auto Speed, Full Duplex
  loopback type is none
  10/100 PHY is enabled (MII mode)
 i82543 MAC registers:
      Cannot display registers while
     Controller is in shutdown state!
 PHY registers:
  PHY is LXT971
  Register 0x00:   2800  782C  0013  61D4  01E1  41E1  0001  0000
  Register 0x08:   0000  ----  ----  ----  ----  ----  ----  ----
  Register 0x10:   0100  4700  0000  0000  0450  ----  ----  ----
  Register 0x18:   ----  ----  ----  ----  ----  ----  0000
  PHY says Link is UP, Speed 100Mbps, Full-Duplex, AUTONEG complete
  PHY is POWERED DOWN
 PCI configuration registers:
  bus_no=5, device_no=1
  DeviceID=0x1001, VendorID=0x8086, Command=0x0000, Status=0x0000
  Class=0x02/0x00/0x00, Revision=0x03, LatencyTimer=0x00, CacheLineSize=0x00
  BaseAddr0=0x48820000, BaseAddr1=0x00000000, MaxLat=0x00, MinGnt=0x00
  SubsysDeviceID=0x0000, SubsysVendorID=0x0000
  Cap_Ptr=0x00000000  Retry/TRDY Timeout=0x00000000
  PMC=0x00000000  PMCSR=0x00000000
 i82543 Internal Driver Information:
  lc_ip_turbo_fs=0x631BB894, ip_routecache=0x11(dfs=0/mdfs=0)
  i82543_ds=0x668FC668, registers=0x3C820000
  rx cache size=400, rx cache end=272, rx_nobuffer=0
  max_mtu=1524
 Software MAC address filter(hash:length/addr/mask/hits):
 need_af_check = 0 
  0x00:  0  ffff.ffff.ffff  0000.0000.0000         0
  0x17:  0  ca02.0adc.001d  0000.0000.0000         0
  0xC0:  0  0100.0ccc.cccc  0000.0000.0000         0
  ring sizes: RX=128, TX=256
  rxring=0x7E259000, shadow=0x668FCD40, head=0, rx_buf_size=512
  txring=0x0E25A000, shadow=0x668FCF74, head=0, tail=0
  chip_state=3, pci_rev=3
  tx_count=0, tx_limited=0 (256)
  rx_overrun=0, rx_seq=0, rx_no_enp=0, rx_discard=0, filtered_pak=0
  throttled=0, enabled=0, disabled=0, bypassed=0
  reset=1(init=1, check=0, restart=0, pci=0), auto_restart=1
  link_reset=0, tx_carrier_loss=0, fatal_tx_err=0
  isl_err=0, wait_for_last_tdt=0, rx_stuck=0
  tx_stuck=0,  rx_max_spin=1, rx_bad_particle=0
 HW addr filter: 0x668FD7A8, ISL disabled, Promiscuous mode multicast
  Entry= 0:  Addr=CA02.0ADC.001D
  (All other entries are empty)
 i82543 Statistics
  CRC error        0             Symbol error     0           
  Missed Packets   0             Single Collision 0           
  Excessive Coll   0             Multiple Coll    0           
  Late Coll        0             Collision        0           
  Defer            0             Receive Length   0           
  Alignment Error  0             XON RX           0           
  XON TX           0             XOFF RX          0           
  XOFF TX          0             FC RX Unsupport  0           
  Packet RX (64)   0             Packet RX (127)  0           
  Packet RX (255)  0             Packet RX (511)  0           
  Packet RX (1023) 0             Packet RX (1522) 0           
  Good Packet RX   0             Broadcast RX     0           
  Multicast RX     0             Good Packet TX   0           
  Good Octets RX.H 0             Good Octets RX.L 0           
  Good Octets TX.H 0             Good Octets TX.L 0           
  RX No Buff       0             RX Undersize     0           
  RX Fragment      0             RX Oversize      0           
  RX Octets High   0             RX Octets Low    0           
  TX Octets High   0             TX Octets Low    0           
  TX Packet	   0             RX Packet        0           
  TX Broadcast     0             TX Multicast     0           
  Packet TX (64)   0             Packet TX (127)  0           
  Packet TX (255)  0             Packet TX (511)  0           
  Packet TX (1023) 0             Packet TX (1522) 0           
  TX Underruns     0             TX No CRS        0           
  RX Error Count   0             RX DMA Underruns 0           
  RX Carrier Ext   0           
  TCP Segmentation 0             TCP Seg Failed   0           
Interface FastEthernet2/0 (idb 0x6690A544)
Hardware is i82543 (Livengood) 3?
  network link is up  
  Config is Auto Speed, Full Duplex
  loopback type is none
  10/100 PHY is enabled (MII mode)
 i82543 MAC registers:
      Cannot display registers while
     Controller is in shutdown state!
 PHY registers:
  PHY is LXT971
  Register 0x00:   2800  782C  0013  61D4  01E1  41E1  0001  0000
  Register 0x08:   0000  ----  ----  ----  ----  ----  ----  ----
  Register 0x10:   0100  4700  0000  0000  0450  ----  ----  ----
  Register 0x18:   ----  ----  ----  ----  ----  ----  0000
  PHY says Link is UP, Speed 100Mbps, Full-Duplex, AUTONEG complete
  PHY is POWERED DOWN
 PCI configuration registers:
  bus_no=11, device_no=0
  DeviceID=0x1001, VendorID=0x8086, Command=0x0000, Status=0x0000
  Class=0x02/0x00/0x00, Revision=0x03, LatencyTimer=0x00, CacheLineSize=0x00
  BaseAddr0=0x4D000000, BaseAddr1=0x00000000, MaxLat=0x00, MinGnt=0x00
  SubsysDeviceID=0x0000, SubsysVendorID=0x0000
  Cap_Ptr=0x00000000  Retry/TRDY Timeout=0x00000000
  PMC=0x00000000  PMCSR=0x00000000
 i82543 Internal Driver Information:
  lc_ip_turbo_fs=0x631BB894, ip_routecache=0x11(dfs=0/mdfs=0)
  i82543_ds=0x6690B754, registers=0x3D000000
  rx cache size=400, rx cache end=272, rx_nobuffer=0
  max_mtu=1524
 Software MAC address filter(hash:length/addr/mask/hits):
 need_af_check = 0 
  0x00:  0  ffff.ffff.ffff  0000.0000.0000         0
  0x32:  0  ca02.0adc.0038  0000.0000.0000         0
  0xC0:  0  0100.0ccc.cccc  0000.0000.0000         0
  ring sizes: RX=128, TX=256
  rxring=0x7E2EC000, shadow=0x6690BE2C, head=0, rx_buf_size=512
  txring=0x0E2ED000, shadow=0x6690C060, head=0, tail=0
  chip_state=3, pci_rev=3
  tx_count=0, tx_limited=0 (256)
  rx_overrun=0, rx_seq=0, rx_no_enp=0, rx_discard=0, filtered_pak=0
  throttled=0, enabled=0, disabled=0, bypassed=0
  reset=1(init=1, check=0, restart=0, pci=0), auto_restart=1
  link_reset=0, tx_carrier_loss=0, fatal_tx_err=0
  isl_err=0, wait_for_last_tdt=0, rx_stuck=0
  tx_stuck=0,  rx_max_spin=1, rx_bad_particle=0
 HW addr filter: 0x6690C894, ISL disabled, Promiscuous mode multicast
  Entry= 0:  Addr=CA02.0ADC.0038
  (All other entries are empty)
 i82543 Statistics
  CRC error        0             Symbol error     0           
  Missed Packets   0             Single Collision 0           
  Excessive Coll   0             Multiple Coll    0           
  Late Coll        0             Collision        0           
  Defer            0             Receive Length   0           
  Alignment Error  0             XON RX           0           
  XON TX           0             XOFF RX          0           
  XOFF TX          0             FC RX Unsupport  0           
  Packet RX (64)   0             Packet RX (127)  0           
  Packet RX (255)  0             Packet RX (511)  0           
  Packet RX (1023) 0             Packet RX (1522) 0           
  Good Packet RX   0             Broadcast RX     0           
  Multicast RX     0             Good Packet TX   0           
  Good Octets RX.H 0             Good Octets RX.L 0           
  Good Octets TX.H 0             Good Octets TX.L 0           
  RX No Buff       0             RX Undersize     0           
  RX Fragment      0             RX Oversize      0           
  RX Octets High   0             RX Octets Low    0           
  TX Octets High   0             TX Octets Low    0           
  TX Packet	   0             RX Packet        0           
  TX Broadcast     0             TX Multicast     0           
  Packet TX (64)   0             Packet TX (127)  0           
  Packet TX (255)  0             Packet TX (511)  0           
  Packet TX (1023) 0             Packet TX (1522) 0           
  TX Underruns     0             TX No CRS        0           
  RX Error Count   0             RX DMA Underruns 0           
  RX Carrier Ext   0           
  TCP Segmentation 0             TCP Seg Failed   0           
Interface FastEthernet2/1 (idb 0x66917FD8)
Hardware is i82543 (Livengood) 3?
  network link is up  
  Config is Auto Speed, Full Duplex
  loopback type is none
  10/100 PHY is enabled (MII mode)
 i82543 MAC registers:
      Cannot display registers while
     Controller is in shutdown state!
 PHY registers:
  PHY is LXT971
  Register 0x00:   2800  782C  0013  61D4  01E1  41E1  0001  0000
  Register 0x08:   0000  ----  ----  ----  ----  ----  ----  ----
  Register 0x10:   0100  4700  0000  0000  0450  ----  ----  ----
  Register 0x18:   ----  ----  ----  ----  ----  ----  0000
  PHY says Link is UP, Speed 100Mbps, Full-Duplex, AUTONEG complete
  PHY is POWERED DOWN
 PCI configuration registers:
  bus_no=11, device_no=1
  DeviceID=0x1001, VendorID=0x8086, Command=0x0000, Status=0x0000
  Class=0x02/0x00/0x00, Revision=0x03, LatencyTimer=0x00, CacheLineSize=0x00
  BaseAddr0=0x4D020000, BaseAddr1=0x00000000, MaxLat=0x00, MinGnt=0x00
  SubsysDeviceID=0x0000, SubsysVendorID=0x0000
  Cap_Ptr=0x00000000  Retry/TRDY Timeout=0x00000000
  PMC=0x00000000  PMCSR=0x00000000
 i82543 Internal Driver Information:
  lc_ip_turbo_fs=0x631BB894, ip_routecache=0x11(dfs=0/mdfs=0)
  i82543_ds=0x669191E8, registers=0x3D020000
  rx cache size=400, rx cache end=272, rx_nobuffer=0
  max_mtu=1524
 Software MAC address filter(hash:length/addr/mask/hits):
 need_af_check = 0 
  0x00:  0  ffff.ffff.ffff  0000.0000.0000         0
  0x33:  0  ca02.0adc.0039  0000.0000.0000         0
  0xC0:  0  0100.0ccc.cccc  0000.0000.0000         0
  ring sizes: RX=128, TX=256
  rxring=0x7E37F000, shadow=0x669198C0, head=0, rx_buf_size=512
  txring=0x0E380000, shadow=0x66919AF4, head=0, tail=0
  chip_state=3, pci_rev=3
  tx_count=0, tx_limited=0 (256)
  rx_overrun=0, rx_seq=0, rx_no_enp=0, rx_discard=0, filtered_pak=0
  throttled=0, enabled=0, disabled=0, bypassed=0
  reset=1(init=1, check=0, restart=0, pci=0), auto_restart=1
  link_reset=0, tx_carrier_loss=0, fatal_tx_err=0
  isl_err=0, wait_for_last_tdt=0, rx_stuck=0
  tx_stuck=0,  rx_max_spin=1, rx_bad_particle=0
 HW addr filter: 0x6691A328, ISL disabled, Promiscuous mode multicast
  Entry= 0:  Addr=CA02.0ADC.0039
  (All other entries are empty)
 i82543 Statistics
  CRC error        0             Symbol error     0           
  Missed Packets   0             Single Collision 0           
  Excessive Coll   0             Multiple Coll    0           
  Late Coll        0             Collision        0           
  Defer            0             Receive Length   0           
  Alignment Error  0             XON RX           0           
  XON TX           0             XOFF RX          0           
  XOFF TX          0             FC RX Unsupport  0           
  Packet RX (64)   0             Packet RX (127)  0           
  Packet RX (255)  0             Packet RX (511)  0           
  Packet RX (1023) 0             Packet RX (1522) 0           
  Good Packet RX   0             Broadcast RX     0           
  Multicast RX     0             Good Packet TX   0           
  Good Octets RX.H 0             Good Octets RX.L 0           
  Good Octets TX.H 0             Good Octets TX.L 0           
  RX No Buff       0             RX Undersize     0           
  RX Fragment      0             RX Oversize      0           
  RX Octets High   0             RX Octets Low    0           
  TX Octets High   0             TX Octets Low    0           
  TX Packet	   0             RX Packet        0           
  TX Broadcast     0             TX Multicast     0           
  Packet TX (64)   0             Packet TX (127)  0           
  Packet TX (255)  0             Packet TX (511)  0           
  Packet TX (1023) 0             Packet TX (1522) 0           
  TX Underruns     0             TX No CRS        0           
  RX Error Count   0             RX DMA Underruns 0           
  RX Carrier Ext   0           
  TCP Segmentation 0             TCP Seg Failed   0           
Interface FastEthernet3/0 (idb 0x66925A98)
Hardware is i82543 (Livengood) 3?
  network link is up  
  Config is Auto Speed, Full Duplex
  loopback type is none
  10/100 PHY is enabled (MII mode)
 i82543 MAC registers:
  CTRL  =0x03C00064, STATUS=0x00000003, CTRL_X=0x00005F80, IMS   =0x00000096
  RCTL  =0x00428032, RDBAL =0x0E412000, RDBAH =0x00000000, RDLEN =0x00000800
  RDH   =0x0000003B, RDT   =0x0000003A, RDTR  =0x00000000
  TCTL  =0x000400FA, TDBAL =0x0E413000, TDBAH =0x00000000, TDLEN =0x00001000
  TDH   =0x00000048, TDT   =0x00000057, TIPG  =0x00000000
  ETT   =0x00000000, TXDMAC=0x00000000
  TXCW  =0x00000000, RXCW  =0x00000000, FCRTH =0x00000000, FCRTL =0x00000000
  FCAH  =0x00000100, FCAL  =0x00C28001, FCT   =0x00008808, FCTTV =0x00000000
  RDFH  =0x00000000, RDFT  =0x00000000, RDFPC =0x00000000
  TDFH  =0x00000000, TDFT  =0x00000000, TDFPC =0x00000000
  RX is normal, enabled  TX is normal, enabled
  Device status = full-duplex, link up
  Device Speed = 10Mbps
 PHY registers:
  PHY is LXT971
  Register 0x00:   3100  782C  0013  61D4  0141  41E1  0001  0000
  Register 0x08:   0000  ----  ----  ----  ----  ----  ----  ----
  Register 0x10:   0100  4700  0000  0000  0450  ----  ----  ----
  Register 0x18:   ----  ----  ----  ----  ----  ----  0000
  PHY says Link is UP, Speed 100Mbps, Full-Duplex, AUTONEG complete
  AUTONEG - Our ability is     100M/FD 10M/FD 
  AUTONEG - Partner ability is 100M/FD 100M/HD 10M/FD 10M/HD 
 PCI configuration registers:
  bus_no=6, device_no=0
  DeviceID=0x1001, VendorID=0x8086, Command=0x0000, Status=0x0000
  Class=0x02/0x00/0x00, Revision=0x03, LatencyTimer=0x00, CacheLineSize=0x00
  BaseAddr0=0x49000000, BaseAddr1=0x00000000, MaxLat=0x00, MinGnt=0x00
  SubsysDeviceID=0x0000, SubsysVendorID=0x0000
  Cap_Ptr=0x00000000  Retry/TRDY Timeout=0x00000000
  PMC=0x00000000  PMCSR=0x00000000
 i82543 Internal Driver Information:
  lc_ip_turbo_fs=0x631BB894, ip_routecache=0x11(dfs=0/mdfs=0)
  i82543_ds=0x66926CA8, registers=0x3D800000
  rx cache size=400, rx cache end=272, rx_nobuffer=0
  max_mtu=1524
 Software MAC address filter(hash:length/addr/mask/hits):
 need_af_check = 0 
  0x00:  0  ffff.ffff.ffff  0000.0000.0000         0
  0x5E:  0  ca02.0adc.0054  0000.0000.0000         0
  0xC0:  0  0100.0ccc.cccc  0000.0000.0000         0
  ring sizes: RX=128, TX=256
  rxring=0x7E412000, shadow=0x66927380, head=59, rx_buf_size=512
  txring=0x0E413000, shadow=0x669275B4, head=72, tail=87
  chip_state=2, pci_rev=3
  tx_count=15, tx_limited=0 (256)
  rx_overrun=0, rx_seq=0, rx_no_enp=0, rx_discard=0, filtered_pak=0
  throttled=0, enabled=0, disabled=0, bypassed=0
  reset=3(init=1, check=0, restart=2, pci=0), auto_restart=3
  link_reset=0, tx_carrier_loss=0, fatal_tx_err=0
  isl_err=0, wait_for_last_tdt=0, rx_stuck=0
  tx_stuck=0,  rx_max_spin=1, rx_bad_particle=0
 HW addr filter: 0x66927DE8, ISL disabled, Promiscuous mode multicast
  Entry= 0:  Addr=CA02.0ADC.0054
  (All other entries are empty)
 i82543 Statistics
  CRC error        0             Symbol error     0           
  Missed Packets   0             Single Collision 0           
  Excessive Coll   0             Multiple Coll    0           
  Late Coll        0             Collision        0           
  Defer            0             Receive Length   0           
  Alignment Error  0             XON RX           0           
  XON TX           0             XOFF RX          0           
  XOFF TX          0             FC RX Unsupport  0           
  Packet RX (64)   0             Packet RX (127)  0           
  Packet RX (255)  0             Packet RX (511)  0           
  Packet RX (1023) 0             Packet RX (1522) 0           
  Good Packet RX   0             Broadcast RX     0           
  Multicast RX     0             Good Packet TX   0           
  Good Octets RX.H 0             Good Octets RX.L 0           
  Good Octets TX.H 0             Good Octets TX.L 0           
  RX No Buff       0             RX Undersize     0           
  RX Fragment      0             RX Oversize      0           
  RX Octets High   0             RX Octets Low    0           
  TX Octets High   0             TX Octets Low    0           
  TX Packet	   0             RX Packet        0           
  TX Broadcast     0             TX Multicast     0           
  Packet TX (64)   0             Packet TX (127)  0           
  Packet TX (255)  0             Packet TX (511)  0           
  Packet TX (1023) 0             Packet TX (1522) 0           
  TX Underruns     0             TX No CRS        0           
  RX Error Count   0             RX DMA Underruns 0           
  RX Carrier Ext   0           
  TCP Segmentation 0             TCP Seg Failed   0           
Interface FastEthernet3/1 (idb 0x66934ADC)
Hardware is i82543 (Livengood) 3?
  network link is up  
  Config is Auto Speed, Full Duplex
  loopback type is none
  10/100 PHY is enabled (MII mode)
 i82543 MAC registers:
      Cannot display registers while
     Controller is in shutdown state!
 PHY registers:
  PHY is LXT971
  Register 0x00:   2800  782C  0013  61D4  01E1  41E1  0001  0000
  Register 0x08:   0000  ----  ----  ----  ----  ----  ----  ----
  Register 0x10:   0100  4700  0000  0000  0450  ----  ----  ----
  Register 0x18:   ----  ----  ----  ----  ----  ----  0000
  PHY says Link is UP, Speed 100Mbps, Full-Duplex, AUTONEG complete
  PHY is POWERED DOWN
 PCI configuration registers:
  bus_no=6, device_no=1
  DeviceID=0x1001, VendorID=0x8086, Command=0x0000, Status=0x0000
  Class=0x02/0x00/0x00, Revision=0x03, LatencyTimer=0x00, CacheLineSize=0x00
  BaseAddr0=0x49020000, BaseAddr1=0x00000000, MaxLat=0x00, MinGnt=0x00
  SubsysDeviceID=0x0000, SubsysVendorID=0x0000
  Cap_Ptr=0x00000000  Retry/TRDY Timeout=0x00000000
  PMC=0x00000000  PMCSR=0x00000000
 i82543 Internal Driver Information:
  lc_ip_turbo_fs=0x631BB894, ip_routecache=0x11(dfs=0/mdfs=0)
  i82543_ds=0x66935CEC, registers=0x3D820000
  rx cache size=400, rx cache end=272, rx_nobuffer=0
  max_mtu=1524
 Software MAC address filter(hash:length/addr/mask/hits):
 need_af_check = 0 
  0x00:  0  ffff.ffff.ffff  0000.0000.0000         0
  0x5F:  0  ca02.0adc.0055  0000.0000.0000         0
  0xC0:  0  0100.0ccc.cccc  0000.0000.0000         0
  ring sizes: RX=128, TX=256
  rxring=0x7E4A5000, shadow=0x669363C4, head=0, rx_buf_size=512
  txring=0x0E4A6000, shadow=0x669365F8, head=0, tail=0
  chip_state=3, pci_rev=3
  tx_count=0, tx_limited=0 (256)
  rx_overrun=0, rx_seq=0, rx_no_enp=0, rx_discard=0, filtered_pak=0
  throttled=0, enabled=0, disabled=0, bypassed=0
  reset=1(init=1, check=0, restart=0, pci=0), auto_restart=1
  link_reset=0, tx_carrier_loss=0, fatal_tx_err=0
  isl_err=0, wait_for_last_tdt=0, rx_stuck=0
  tx_stuck=0,  rx_max_spin=1, rx_bad_particle=0
 HW addr filter: 0x66936E2C, ISL disabled, Promiscuous mode multicast
  Entry= 0:  Addr=CA02.0ADC.0055
  (All other entries are empty)
 i82543 Statistics
  CRC error        0             Symbol error     0           
  Missed Packets   0             Single Collision 0           
  Excessive Coll   0             Multiple Coll    0           
  Late Coll        0             Collision        0           
  Defer            0             Receive Length   0           
  Alignment Error  0             XON RX           0           
  XON TX           0             XOFF RX          0           
  XOFF TX          0             FC RX Unsupport  0           
  Packet RX (64)   0             Packet RX (127)  0           
  Packet RX (255)  0             Packet RX (511)  0           
  Packet RX (1023) 0             Packet RX (1522) 0           
  Good Packet RX   0             Broadcast RX     0           
  Multicast RX     0             Good Packet TX   0           
  Good Octets RX.H 0             Good Octets RX.L 0           
  Good Octets TX.H 0             Good Octets TX.L 0           
  RX No Buff       0             RX Undersize     0           
  RX Fragment      0             RX Oversize      0           
  RX Octets High   0             RX Octets Low    0           
  TX Octets High   0             TX Octets Low    0           
  TX Packet	   0             RX Packet        0           
  TX Broadcast     0             TX Multicast     0           
  Packet TX (64)   0             Packet TX (127)  0           
  Packet TX (255)  0             Packet TX (511)  0           
  Packet TX (1023) 0             Packet TX (1522) 0           
  TX Underruns     0             TX No CRS        0           
  RX Error Count   0             RX DMA Underruns 0           
  RX Carrier Ext   0           
  TCP Segmentation 0             TCP Seg Failed   0           



------------------ show user ------------------


    Line       User       Host(s)              Idle       Location
*  2 vty 0     admin      idle                 00:00:01 123.123.1.1

  Interface    User               Mode         Idle     Peer Address


------------------ show data-corruption ------------------


No data inconsistency errors have been recorded.


------------------ show environment last ------------------


	Data not available

------------------ show environment all ------------------


Power Supplies:
	Power Supply 1 is AC Power Supply. Unit is on.
	Power Supply 2 is AC Power Supply. Unit is on.

Temperature readings:
	I/O Cont Inlet   measured at 22C/71F 
	I/O Cont Outlet  measured at 22C/71F 
	NPE Inlet        measured at 22C/71F 
	NPE Outlet       measured at 22C/71F 

Voltage readings:
	+3.45 V       measured at +3.43 V 
	+5.15 V       measured at +5.13 V 
	+12.15 V      measured at +12.10 V 
	-11.95 V      measured at -11.90 V 

Envm stats saved 1 time(s) since reload

DEBUG:netmiko:read_channel: 
------------------ show stacks ------------------


Minimum process stacks:
 Free/Size   Name
 4964/6000   CDP BLOB
 7972/9000   EEM ED RF
 7976/9000   EM ED GOLD
10848/12000  MRIB IPv6 Init Process
10948/12000  MRIB IPv4 Init Process
 3688/6000   EEM Shell Director
58584/60000  EEM Auto Registration Proc
 4948/6000   SASL MAIN
 1908/3000   LIM WAVL
18936/24000  Init
10952/12000  cdp init process
 4716/6000   RADIUS INITCONFIG
 4820/6000   URPF stats
 1912/3000   Rom Random Update Process
 6716/12000  SSH Process

Interrupt level stacks:
Level    Called Unused/Size  Name
  1        4314   7872/9000  Network interfaces
  2        1206   8568/9000  DMA/Timer Interrupt
  3           0   9000/9000  PA Management Int Handler
  4      207822   8640/9000  Console Uart
  5           0   9000/9000  OIR/Error Interrupt
  7      956346   8528/9000  NMI Interrupt Handler

------------------ show interfaces ------------------


FastEthernet0/0 is up, line protocol is up 
  Hardware is DEC21140, address is ca09.0bf8.0000 (bia ca09.0bf8.0000)
  Internet address is 192.168.250.1/30
  MTU 1500 bytes, BW 100000 Kbit/sec, DLY 100 usec, 
     reliability 255/255, txload 1/255, rxload 1/255
  Encapsulation ARPA, loopback not set
  Keepalive set (10 sec)
  Full-duplex, 100Mb/s, 100BaseTX/FX
  ARP type: ARPA, ARP Timeout 04:00:00
  Last input 00:00:13, output 00:00:00, output hang never
  Last clearing of "show interface" counters never
  Input queue: 0/75/0/0 (size/max/drops/flushes); Total output drops: 0
  Queueing strategy: fifo
  Output queue: 0/40 (size/max)
  5 minute input rate 0 bits/sec, 0 packets/sec
  5 minute output rate 0 bits/sec, 0 packets/sec
     98 packets input, 33623 bytes
     Received 98 broadcasts (0 IP multicasts)
     0 runts, 0 giants, 0 throttles 
     0 input errors, 0 CRC, 0 frame, 0 overrun, 0 ignored
     0 watchdog
     0 input packets with dribble condition detected
     484 packets output, 55584 bytes, 0 underruns
     0 output errors, 0 collisions, 0 interface resets
     0 unknown protocol drops
     0 babbles, 0 late collision, 0 deferred
     0 lost carrier, 0 no carrier
     0 output buffer failures, 0 output buffers swapped out
FastEthernet1/0 is administratively down, line protocol is down 
  Hardware is i82543 (Livengood), address is ca09.0bf8.001c (bia ca09.0bf8.001c)
  MTU 1500 bytes, BW 100000 Kbit/sec, DLY 100 usec, 
     reliability 255/255, txload 1/255, rxload 1/255
  Encapsulation ARPA, loopback not set
  Keepalive set (10 sec)
  Full-duplex, 100Mb/s, 100BaseTX/FX
  ARP type: ARPA, ARP Timeout 04:00:00
  Last input never, output never, output hang never
  Last clearing of "show interface" counters never
  Input queue: 0/75/0/0 (size/max/drops/flushes); Total output drops: 0
  Queueing strategy: fifo
  Output queue: 0/40 (size/max)
  5 minute input rate 0 bits/sec, 0 packets/sec
  5 minute output rate 0 bits/sec, 0 packets/sec
     0 packets input, 0 bytes
     Received 0 broadcasts (0 IP multicasts)
     0 runts, 0 giants, 0 throttles 
     0 input errors, 0 CRC, 0 frame, 0 overrun, 0 ignored
     0 watchdog
     0 input packets with dribble condition detected
     0 packets output, 0 bytes, 0 underruns
     0 output errors, 0 collisions, 0 interface resets
     0 unknown protocol drops
     0 babbles, 0 late collision, 0 deferred
     0 lost carrier, 0 no carrier
     0 output buffer failures, 0 output buffers swapped out
FastEthernet1/1 is administratively down, line protocol is down 
  Hardware is i82543 (Livengood), address is ca09.0bf8.001d (bia ca09.0bf8.001d)
  MTU 1500 bytes, BW 100000 Kbit/sec, DLY 100 usec, 
     reliability 255/255, txload 1/255, rxload 1/255
  Encapsulation ARPA, loopback not set
  Keepalive set (10 sec)
  Full-duplex, 100Mb/s, 100BaseTX/FX
  ARP type: ARPA, ARP Timeout 04:00:00
  Last input never, output never, output hang never
  Last clearing of "show interface" counters never
  Input queue: 0/75/0/0 (size/max/drops/flushes); Total output drops: 0
  Queueing strategy: fifo
  Output queue: 0/40 (size/max)
  5 minute input rate 0 bits/sec, 0 packets/sec
  5 minute output rate 0 bits/sec, 0 packets/sec
     0 packets input, 0 bytes
     Received 0 broadcasts (0 IP multicasts)
     0 runts, 0 giants, 0 throttles 
     0 input errors, 0 CRC, 0 frame, 0 overrun, 0 ignored
     0 watchdog
     0 input packets with dribble condition detected
     0 packets output, 0 bytes, 0 underruns
     0 output errors, 0 collisions, 0 interface resets
     0 unknown protocol drops
     0 babbles, 0 late collision, 0 deferred
     0 lost carrier, 0 no carrier
     0 output buffer failures, 0 output buffers swapped out
FastEthernet2/0 is administratively down, line protocol is down 
  Hardware is i82543 (Livengood), address is ca09.0bf8.0038 (bia ca09.0bf8.0038)
  MTU 1500 bytes, BW 100000 Kbit/sec, DLY 100 usec, 
     reliability 255/255, txload 1/255, rxload 1/255
  Encapsulation ARPA, loopback not set
  Keepalive set (10 sec)
  Full-duplex, 100Mb/s, 100BaseTX/FX
  ARP type: ARPA, ARP Timeout 04:00:00
  Last input never, output never, output hang never
  Last clearing of "show interface" counters never
  Input queue: 0/75/0/0 (size/max/drops/flushes); Total output drops: 0
  Queueing strategy: fifo
  Output queue: 0/40 (size/max)
  5 minute input rate 0 bits/sec, 0 packets/sec
  5 minute output rate 0 bits/sec, 0 packets/sec
     0 packets input, 0 bytes
     Received 0 broadcasts (0 IP multicasts)
     0 runts, 0 giants, 0 throttles 
     0 input errors, 0 CRC, 0 frame, 0 overrun, 0 ignored
     0 watchdog
     0 input packets with dribble condition detected
     0 packets output, 0 bytes, 0 underruns
     0 output errors, 0 collisions, 0 interface resets
     0 unknown protocol drops
     0 babbles, 0 late collision, 0 deferred
     0 lost carrier, 0 no carrier
     0 output buffer failures, 0 output buffers swapped out
FastEthernet2/1 is administratively down, line protocol is down 
  Hardware is i82543 (Livengood), address is ca09.0bf8.0039 (bia ca09.0bf8.0039)
  MTU 1500 bytes, BW 100000 Kbit/sec, DLY 100 usec, 
     reliability 255/255, txload 1/255, rxload 1/255
  Encapsulation ARPA, loopback not set
  Keepalive set (10 sec)
  Full-duplex, 100Mb/s, 100BaseTX/FX
  ARP type: ARPA, ARP Timeout 04:00:00
  Last input never, output never, output hang never
  Last clearing of "show interface" counters never
  Input queue: 0/75/0/0 (size/max/drops/flushes); Total output drops: 0
  Queueing strategy: fifo
  Output queue: 0/40 (size/max)
  5 minute input rate 0 bits/sec, 0 packets/sec
  5 minute output rate 0 bits/sec, 0 packets/sec
     0 packets input, 0 bytes
     Received 0 broadcasts (0 IP multicasts)
     0 runts, 0 giants, 0 throttles 
     0 input errors, 0 CRC, 0 frame, 0 overrun, 0 ignored
     0 watchdog
     0 input packets with dribble condition detected
     0 packets output, 0 bytes, 0 underruns
     0 output errors, 0 collisions, 0 interface resets
     0 unknown protocol drops
     0 babbles, 0 late collision, 0 deferred
     0 lost carrier, 0 no carrier
     0 output buffer failures, 0 output buffers swapped out
FastEthernet3/0 is up, line protocol is up 
  Hardware is i82543 (Livengood), address is ca09.0bf8.0054 (bia ca09.0bf8.0054)
  Description: *****MNGMT*****
  Internet address is 123.123.1.19/24
  MTU 1500 bytes, BW 100000 Kbit/sec, DLY 100 usec, 
     reliability 255/255, txload 1/255, rxload 1/255
  Encapsulation ARPA, loopback not set
  Keepalive set (10 sec)
  Full-duplex, 100Mb/s, 100BaseTX/FX
  ARP type: ARPA, ARP Timeout 04:00:00
  Last input 00:00:00, output 00:00:00, output hang never
  Last clearing of "show interface" counters never
  Input queue: 2/75/0/0 (size/max/drops/flushes); Total output drops: 0
  Queueing strategy: fifo
  Output queue: 0/40 (size/max)
  5 minute input rate 2000 bits/sec, 3 packets/sec
  5 minute output rate 3000 bits/sec, 2 packets/sec
     3655 packets input, 528388 bytes
     Received 1225 broadcasts (0 IP multicasts)
     0 runts, 0 giants, 0 throttles 
     0 input errors, 0 CRC, 0 frame, 0 overrun, 0 ignored
     0 watchdog
     0 input packets with dribble condition detected
     4230 packets output, 636939 bytes, 0 underruns
     0 output errors, 0 collisions, 2 interface resets
     0 unknown protocol drops
     0 babbles, 0 late collision, 0 deferred
     0 lost carrier, 0 no carrier
     0 output buffer failures, 0 output buffers swapped out
FastEthernet3/1 is administratively down, line protocol is down 
  Hardware is i82543 (Livengood), address is ca09.0bf8.0055 (bia ca09.0bf8.0055)
  MTU 1500 bytes, BW 100000 Kbit/sec, DLY 100 usec, 
     reliability 255/255, txload 1/255, rxload 1/255
  Encapsulation ARPA, loopback not set
  Keepalive set (10 sec)
  Full-duplex, 100Mb/s, 100BaseTX/FX
  ARP type: ARPA, ARP Timeout 04:00:00
  Last input never, output never, output hang never
  Last clearing of "show interface" counters never
  Input queue: 0/75/0/0 (size/max/drops/flushes); Total output drops: 0
  Queueing strategy: fifo
  Output queue: 0/40 (size/max)
  5 minute input rate 0 bits/sec, 0 packets/sec
  5 minute output rate 0 bits/sec, 0 packets/sec
     0 packets input, 0 bytes
     Received 0 broadcasts (0 IP multicasts)
     0 runts, 0 giants, 0 throttles 
     0 input errors, 0 CRC, 0 frame, 0 overrun, 0 ignored
     0 watchdog
     0 input packets with dribble condition detected
     0 packets output, 0 bytes, 0 underruns
     0 output errors, 0 collisions, 0 interface resets
     0 unknown protocol drops
     0 babbles, 0 late collision, 0 deferred
     0 lost carrier, 0 no carrier
     0 output buffer failures, 0 output buffers swapped out
Loopback190 is up, line protocol is up 
  Hardware is Loopback
  Internet address is 190.1.1.9/32
  MTU 1514 bytes, BW 8000000 Kbit/sec, DLY 5000 usec, 
     reliability 255/255, txload 1/255, rxload 1/255
  Encapsulation LOOPBACK, loopback not set
  Keepalive set (10 sec)
  Last input never, output never, output hang never
  Last clearing of "show interface" counters never
  Input queue: 0/75/0/0 (size/max/drops/flushes); Total output drops: 0
  Queueing strategy: fifo
  Output queue: 0/0 (size/max)
  5 minute input rate 0 bits/sec, 0 packets/sec
  5 minute output rate 0 bits/sec, 0 packets/sec
     0 packets input, 0 bytes, 0 no buffer
     Received 0 broadcasts (0 IP multicasts)
     0 runts, 0 giants, 0 throttles 
     0 input errors, 0 CRC, 0 frame, 0 overrun, 0 ignored, 0 abort
     0 packets output, 0 bytes, 0 underruns
     0 output errors, 0 collisions, 0 interface resets
     0 unknown protocol drops
     0 output buffer failures, 0 output buffers swapped out
Loopback191 is up, line protocol is up 
  Hardware is Loopback
  Internet address is 191.191.191.191/32
  MTU 1514 bytes, BW 8000000 Kbit/sec, DLY 5000 usec, 
     reliability 255/255, txload 1/255, rxload 1/255
  Encapsulation LOOPBACK, loopback not set
  Keepalive set (10 sec)
  Last input never, output never, output hang never
  Last clearing of "show interface" counters never
  Input queue: 0/75/0/0 (size/max/drops/flushes); Total output drops: 0
  Queueing strategy: fifo
  Output queue: 0/0 (size/max)
  5 minute input rate 0 bits/sec, 0 packets/sec
  5 minute output rate 0 bits/sec, 0 packets/sec
     0 packets input, 0 bytes, 0 no buffer
     Received 0 broadcasts (0 IP multicasts)
     0 runts, 0 giants, 0 throttles 
     0 input errors, 0 CRC, 0 frame, 0 overrun, 0 ignored, 0 abort
     0 packets output, 0 bytes, 0 underruns
     0 output errors, 0 collisions, 0 interface resets
     0 unknown protocol drops
     0 output buffer failures, 0 output buffers swapped out
Loopback192 is up, line protocol is up 
  Hardware is Loopback
  Internet address is 192.192.192.192/32
  MTU 1514 bytes, BW 8000000 Kbit/sec, DLY 5000 usec, 
     reliability 255/255, txload 1/255, rxload 1/255
  Encapsulation LOOPBACK, loopback not set
  Keepalive set (10 sec)
  Last input never, output never, output hang never
  Last clearing of "show interface" counters never
  Input queue: 0/75/0/0 (size/max/drops/flushes); Total output drops: 0
  Queueing strategy: fifo
  Output queue: 0/0 (size/max)
  5 minute input rate 0 bits/sec, 0 packets/sec
  5 minute output rate 0 bits/sec, 0 packets/sec
     0 packets input, 0 bytes, 0 no buffer
     Received 0 broadcasts (0 IP multicasts)
     0 runts, 0 giants, 0 throttles 
     0 input errors, 0 CRC, 0 frame, 0 overrun, 0 ignored, 0 abort
     0 packets output, 0 bytes, 0 underruns
     0 output errors, 0 collisions, 0 interface resets
     0 unknown protocol drops
     0 output buffer failures, 0 output buffers swapped out
Loopback193 is up, line protocol is up 
  Hardware is Loopback
  Internet address is 193.193.193.193/32
  MTU 1514 bytes, BW 8000000 Kbit/sec, DLY 5000 usec, 
     reliability 255/255, txload 1/255, rxload 1/255
  Encapsulation LOOPBACK, loopback not set
  Keepalive set (10 sec)
  Last input never, output never, output hang never
  Last clearing of "show interface" counters never
  Input queue: 0/75/0/0 (size/max/drops/flushes); Total output drops: 0
  Queueing strategy: fifo
  Output queue: 0/0 (size/max)
  5 minute input rate 0 bits/sec, 0 packets/sec
  5 minute output rate 0 bits/sec, 0 packets/sec
     0 packets input, 0 bytes, 0 no buffer
     Received 0 broadcasts (0 IP multicasts)
     0 runts, 0 giants, 0 throttles 
     0 input errors, 0 CRC, 0 frame, 0 overrun, 0 ignored, 0 abort
     0 packets output, 0 bytes, 0 underruns
     0 output errors, 0 collisions, 0 interface resets
     0 unknown protocol drops
     0 output buffer failures, 0 output buffers swapped out
Loopback194 is up, line protocol is up 
  Hardware is Loopback
  Internet address is 194.194.194.194/32
  MTU 1514 bytes, BW 8000000 Kbit/sec, DLY 5000 usec, 
     reliability 255/255, txload 1/255, rxload 1/255
  Encapsulation LOOPBACK, loopback not set
  Keepalive set (10 sec)
  Last input never, output never, output hang never
  Last clearing of "show interface" counters never
  Input queue: 0/75/0/0 (size/max/drops/flushes); Total output drops: 0
  Queueing strategy: fifo
  Output queue: 0/0 (size/max)
  5 minute input rate 0 bits/sec, 0 packets/sec
  5 minute output rate 0 bits/sec, 0 packets/sec
     0 packets input, 0 bytes, 0 no buffer
     Received 0 broadcasts (0 IP multicasts)
     0 runts, 0 giants, 0 throttles 
     0 input errors, 0 CRC, 0 frame, 0 overrun, 0 ignored, 0 abort
     0 packets output, 0 bytes, 0 underruns
     0 output errors, 0 collisions, 0 interface resets
     0 unknown protocol drops
     0 output buffer failures, 0 output buffers swapped out
Loopback195 is up, line protocol is up 
  Hardware is Loopback
  Internet address is 195.195.195.195/32
  MTU 1514 bytes, BW 8000000 Kbit/sec, DLY 5000 usec, 
     reliability 255/255, txload 1/255, rxload 1/255
  Encapsulation LOOPBACK, loopback not set
  Keepalive set (10 sec)
  Last input never, output never, output hang never
  Last clearing of "show interface" counters never
  Input queue: 0/75/0/0 (size/max/drops/flushes); Total output drops: 0
  Queueing strategy: fifo
  Output queue: 0/0 (size/max)
  5 minute input rate 0 bits/sec, 0 packets/sec
  5 minute output rate 0 bits/sec, 0 packets/sec
     0 packets input, 0 bytes, 0 no buffer
     Received 0 broadcasts (0 IP multicasts)
     0 runts, 0 giants, 0 throttles 
     0 input errors, 0 CRC, 0 frame, 0 overrun, 0 ignored, 0 abort
     0 packets output, 0 bytes, 0 underruns
     0 output errors, 0 collisions, 0 interface resets
     0 unknown protocol drops
     0 output buffer failures, 0 output buffers swapped out
Loopback196 is up, line protocol is up 
  Hardware is Loopback
  Internet address is 196.196.196.196/32
  MTU 1514 bytes, BW 8000000 Kbit/sec, DLY 5000 usec, 
     reliability 255/255, txload 1/255, rxload 1/255
  Encapsulation LOOPBACK, loopback not set
  Keepalive set (10 sec)
  Last input never, output never, output hang never
  Last clearing of "show interface" counters never
  Input queue: 0/75/0/0 (size/max/drops/flushes); Total output drops: 0
  Queueing strategy: fifo
  Output queue: 0/0 (size/max)
  5 minute input rate 0 bits/sec, 0 packets/sec
  5 minute output rate 0 bits/sec, 0 packets/sec
     0 packets input, 0 bytes, 0 no buffer
     Received 0 broadcasts (0 IP multicasts)
     0 runts, 0 giants, 0 throttles 
     0 input errors, 0 CRC, 0 frame, 0 overrun, 0 ignored, 0 abort
     0 packets output, 0 bytes, 0 underruns
     0 output errors, 0 collisions, 0 interface resets
     0 unknown protocol drops
     0 output buffer failures, 0 output buffers swapped out
Loopback199 is up, line protocol is up 
  Hardware is Loopback
  Internet address is 199.199.199.199/32
  MTU 1514 bytes, BW 8000000 Kbit/sec, DLY 5000 usec, 
     reliability 255/255, txload 1/255, rxload 1/255
  Encapsulation LOOPBACK, loopback not set
  Keepalive set (10 sec)
  Last input never, output never, output hang never
  Last clearing of "show interface" counters never
  Input queue: 0/75/0/0 (size/max/drops/flushes); Total output drops: 0
  Queueing strategy: fifo
  Output queue: 0/0 (size/max)
  5 minute input rate 0 bits/sec, 0 packets/sec
  5 minute output rate 0 bits/sec, 0 packets/sec
     0 packets input, 0 bytes, 0 no buffer
     Received 0 broadcasts (0 IP multicasts)
     0 runts, 0 giants, 0 throttles 
     0 input errors, 0 CRC, 0 frame, 0 overrun, 0 ignored, 0 abort
     0 packets output, 0 bytes, 0 underruns
     0 output errors, 0 collisions, 0 interface resets
     0 unknown protocol drops
     0 output buffer failures, 0 output buffers swapped out

------------------ show interfaces history ------------------



------------------ show controllers ------------------


Interface FastEthernet0/0
Hardware is DEC21140
 dec21140_ds=0x668E42B8, registers=0x3C0C0000, ib=0xE188080
 rx ring entries=128, tx ring entries=256, af setup failed=0
 rxring=0x7E188180, rxr shadow=0x668E4868, rx_head=94, rx_tail=0
 txring=0x7E1889C0, txr shadow=0x668E4A9C, tx_head=232, tx_tail=232, tx_count=0
 PHY link up
 CSR0=0x29082, CSR3=0xE188180, CSR4=0xE1889C0, CSR5=0x360000
 CSR6=0x20CA202, CSR7=0x1A261, CSR8=0x0, CSR9=0x54000
 CSR11=0x0, CSR12=0x98, CSR15=0x0
 TX state: running - reading buffer
 RX state: running - waiting for rx packet
 Far End Fault Indication (For FX Interface): OFF
 DEC21140 PCI registers:
  bus_no=0, device_no=6
  CFID=0x00091011, CFCS=0x00000000, CFRV=0x02000011, CFLT=0x00000000
  CBIO=0x00000000, CBMA=0x480C0000, CFIT=0x00000000, CFDA=0x00000000
 MII registers:
  Register 0x00:   2100  0004  0000  0000  0000  0000  0000  0000
  Register 0x08:   0000  0000  0000  0000  0000  0000  0000  0000
  Register 0x10:   0000  0000  0000  0000  0000  0000  0000  0000
  Register 0x18:   0000  0000  0000  0000  0000  0000  0000  0000
 Software MAC address filter(hash:length/addr/mask/hits):
 need_af_check = 0 
  0x00:  0  ffff.ffff.ffff  0000.0000.0000         0
  0x0B:  0  ca09.0bf8.0000  0000.0000.0000         0
  0xC0:  0  0100.0ccc.cccc  0000.0000.0000         0
 throttled=0, enabled=0, disabled=0
 rx_fifo_overflow=0, rx_no_enp=0, rx_state=0
 tx_underrun_err=0, tx_jabber_timeout=0, tx_carrier_loss=0
 tx_no_carrier=0, tx_late_collision=0, tx_excess_coll=0
 tx_collision_cnt=0, tx_deferred=0, fatal_tx_err=0, tbl_overflow=0
 rx_pak_len_err = 0, filtered_pak_cnt = 0 
 tx_limited=0(256)
 HW addr filter: 0xE19CA40, ISL Disabled
  Entry= 0:  Addr=0100.0CCC.CCCC
  Entry= 1:  Addr=FFFF.FFFF.FFFF
  Entry= 2:  Addr=FFFF.FFFF.FFFF
  Entry= 3:  Addr=FFFF.FFFF.FFFF
  Entry= 4:  Addr=FFFF.FFFF.FFFF
  Entry= 5:  Addr=FFFF.FFFF.FFFF
  Entry= 6:  Addr=FFFF.FFFF.FFFF
  Entry= 7:  Addr=FFFF.FFFF.FFFF
  Entry= 8:  Addr=FFFF.FFFF.FFFF
  Entry= 9:  Addr=FFFF.FFFF.FFFF
  Entry=10:  Addr=FFFF.FFFF.FFFF
  Entry=11:  Addr=FFFF.FFFF.FFFF
  Entry=12:  Addr=FFFF.FFFF.FFFF
  Entry=13:  Addr=FFFF.FFFF.FFFF
  Entry=14:  Addr=FFFF.FFFF.FFFF
  Entry=15:  Addr=CA09.0BF8.0000

Interface FastEthernet1/0 (idb 0x668ED80C)
Hardware is i82543 (Livengood) 3?
  network link is up  
  Config is Auto Speed, Full Duplex
  loopback type is none
  10/100 PHY is enabled (MII mode)
 i82543 MAC registers:
      Cannot display registers while
     Controller is in shutdown state!
 PHY registers:
  PHY is LXT971
  Register 0x00:   2800  782C  0013  61D4  01E1  41E1  0001  0000
  Register 0x08:   0000  ----  ----  ----  ----  ----  ----  ----
  Register 0x10:   0100  4700  0000  0000  0450  ----  ----  ----
  Register 0x18:   ----  ----  ----  ----  ----  ----  0000
  PHY says Link is UP, Speed 100Mbps, Full-Duplex, AUTONEG complete
  PHY is POWERED DOWN
 PCI configuration registers:
  bus_no=5, device_no=0
  DeviceID=0x1001, VendorID=0x8086, Command=0x0000, Status=0x0000
  Class=0x02/0x00/0x00, Revision=0x03, LatencyTimer=0x00, CacheLineSize=0x00
  BaseAddr0=0x48800000, BaseAddr1=0x00000000, MaxLat=0x00, MinGnt=0x00
  SubsysDeviceID=0x0000, SubsysVendorID=0x0000
  Cap_Ptr=0x00000000  Retry/TRDY Timeout=0x00000000
  PMC=0x00000000  PMCSR=0x00000000
 i82543 Internal Driver Information:
  lc_ip_turbo_fs=0x631BB894, ip_routecache=0x11(dfs=0/mdfs=0)
  i82543_ds=0x668EEA1C, registers=0x3C800000
  rx cache size=400, rx cache end=272, rx_nobuffer=0
  max_mtu=1524
 Software MAC address filter(hash:length/addr/mask/hits):
 need_af_check = 0 
  0x00:  0  ffff.ffff.ffff  0000.0000.0000         0
  0x17:  0  ca09.0bf8.001c  0000.0000.0000         0
  0xC0:  0  0100.0ccc.cccc  0000.0000.0000         0
  ring sizes: RX=128, TX=256
  rxring=0x7E1C6000, shadow=0x668EF270, head=0, rx_buf_size=512
  txring=0x0E1C7000, shadow=0x668EF4A4, head=0, tail=0
  chip_state=3, pci_rev=3
  tx_count=0, tx_limited=0 (256)
  rx_overrun=0, rx_seq=0, rx_no_enp=0, rx_discard=0, filtered_pak=0
  throttled=0, enabled=0, disabled=0, bypassed=0
  reset=1(init=1, check=0, restart=0, pci=0), auto_restart=1
  link_reset=0, tx_carrier_loss=0, fatal_tx_err=0
  isl_err=0, wait_for_last_tdt=0, rx_stuck=0
  tx_stuck=0,  rx_max_spin=1, rx_bad_particle=0
 HW addr filter: 0x668EFCD8, ISL disabled, Promiscuous mode multicast
  Entry= 0:  Addr=CA09.0BF8.001C
  (All other entries are empty)
 i82543 Statistics
  CRC error        0             Symbol error     0           
  Missed Packets   0             Single Collision 0           
  Excessive Coll   0             Multiple Coll    0           
  Late Coll        0             Collision        0           
  Defer            0             Receive Length   0           
  Alignment Error  0             XON RX           0           
  XON TX           0             XOFF RX          0           
  XOFF TX          0             FC RX Unsupport  0           
  Packet RX (64)   0             Packet RX (127)  0           
  Packet RX (255)  0             Packet RX (511)  0           
  Packet RX (1023) 0             Packet RX (1522) 0           
  Good Packet RX   0             Broadcast RX     0           
  Multicast RX     0             Good Packet TX   0           
  Good Octets RX.H 0             Good Octets RX.L 0           
  Good Octets TX.H 0             Good Octets TX.L 0           
  RX No Buff       0             RX Undersize     0           
  RX Fragment      0             RX Oversize      0           
  RX Octets High   0             RX Octets Low    0           
  TX Octets High   0             TX Octets Low    0           
  TX Packet	   0             RX Packet        0           
  TX Broadcast     0             TX Multicast     0           
  Packet TX (64)   0             Packet TX (127)  0           
  Packet TX (255)  0             Packet TX (511)  0           
  Packet TX (1023) 0             Packet TX (1522) 0           
  TX Underruns     0             TX No CRS        0           
  RX Error Count   0             RX DMA Underruns 0           
  RX Carrier Ext   0           
  TCP Segmentation 0             TCP Seg Failed   0           
Interface FastEthernet1/1 (idb 0x668FB458)
Hardware is i82543 (Livengood) 3?
  network link is up  
  Config is Auto Speed, Full Duplex
  loopback type is none
  10/100 PHY is enabled (MII mode)
 i82543 MAC registers:
      Cannot display registers while
     Controller is in shutdown state!
 PHY registers:
  PHY is LXT971
  Register 0x00:   2800  782C  0013  61D4  01E1  41E1  0001  0000
  Register 0x08:   0000  ----  ----  ----  ----  ----  ----  ----
  Register 0x10:   0100  4700  0000  0000  0450  ----  ----  ----
  Register 0x18:   ----  ----  ----  ----  ----  ----  0000
  PHY says Link is UP, Speed 100Mbps, Full-Duplex, AUTONEG complete
  PHY is POWERED DOWN
 PCI configuration registers:
  bus_no=5, device_no=1
  DeviceID=0x1001, VendorID=0x8086, Command=0x0000, Status=0x0000
  Class=0x02/0x00/0x00, Revision=0x03, LatencyTimer=0x00, CacheLineSize=0x00
  BaseAddr0=0x48820000, BaseAddr1=0x00000000, MaxLat=0x00, MinGnt=0x00
  SubsysDeviceID=0x0000, SubsysVendorID=0x0000
  Cap_Ptr=0x00000000  Retry/TRDY Timeout=0x00000000
  PMC=0x00000000  PMCSR=0x00000000
 i82543 Internal Driver Information:
  lc_ip_turbo_fs=0x631BB894, ip_routecache=0x11(dfs=0/mdfs=0)
  i82543_ds=0x668FC668, registers=0x3C820000
  rx cache size=400, rx cache end=272, rx_nobuffer=0
  max_mtu=1524
 Software MAC address filter(hash:length/addr/mask/hits):
 need_af_check = 0 
  0x00:  0  ffff.ffff.ffff  0000.0000.0000         0
  0x16:  0  ca09.0bf8.001d  0000.0000.0000         0
  0xC0:  0  0100.0ccc.cccc  0000.0000.0000         0
  ring sizes: RX=128, TX=256
  rxring=0x7E259000, shadow=0x668FCD40, head=0, rx_buf_size=512
  txring=0x0E25A000, shadow=0x668FCF74, head=0, tail=0
  chip_state=3, pci_rev=3
  tx_count=0, tx_limited=0 (256)
  rx_overrun=0, rx_seq=0, rx_no_enp=0, rx_discard=0, filtered_pak=0
  throttled=0, enabled=0, disabled=0, bypassed=0
  reset=1(init=1, check=0, restart=0, pci=0), auto_restart=1
  link_reset=0, tx_carrier_loss=0, fatal_tx_err=0
  isl_err=0, wait_for_last_tdt=0, rx_stuck=0
  tx_stuck=0,  rx_max_spin=1, rx_bad_particle=0
 HW addr filter: 0x668FD7A8, ISL disabled, Promiscuous mode multicast
  Entry= 0:  Addr=CA09.0BF8.001D
  (All other entries are empty)
 i82543 Statistics
  CRC error        0             Symbol error     0           
  Missed Packets   0             Single Collision 0           
  Excessive Coll   0             Multiple Coll    0           
  Late Coll        0             Collision        0           
  Defer            0             Receive Length   0           
  Alignment Error  0             XON RX           0           
  XON TX           0             XOFF RX          0           
  XOFF TX          0             FC RX Unsupport  0           
  Packet RX (64)   0             Packet RX (127)  0           
  Packet RX (255)  0             Packet RX (511)  0           
  Packet RX (1023) 0             Packet RX (1522) 0           
  Good Packet RX   0             Broadcast RX     0           
  Multicast RX     0             Good Packet TX   0           
  Good Octets RX.H 0             Good Octets RX.L 0           
  Good Octets TX.H 0             Good Octets TX.L 0           
  RX No Buff       0             RX Undersize     0           
  RX Fragment      0             RX Oversize      0           
  RX Octets High   0             RX Octets Low    0           
  TX Octets High   0             TX Octets Low    0           
  TX Packet	   0             RX Packet        0           
  TX Broadcast     0             TX Multicast     0           
  Packet TX (64)   0             Packet TX (127)  0           
  Packet TX (255)  0             Packet TX (511)  0           
  Packet TX (1023) 0             Packet TX (1522) 0           
  TX Underruns     0             TX No CRS        0           
  RX Error Count   0             RX DMA Underruns 0           
  RX Carrier Ext   0           
  TCP Segmentation 0             TCP Seg Failed   0           
Interface FastEthernet2/0 (idb 0x6690A544)
Hardware is i82543 (Livengood) 3?
  network link is up  
  Config is Auto Speed, Full Duplex
  loopback type is none
  10/100 PHY is enabled (MII mode)
 i82543 MAC registers:
      Cannot display registers while
     Controller is in shutdown state!
 PHY registers:
  PHY is LXT971
  Register 0x00:   2800  782C  0013  61D4  01E1  41E1  0001  0000
  Register 0x08:   0000  ----  ----  ----  ----  ----  ----  ----
  Register 0x10:   0100  4700  0000  0000  0450  ----  ----  ----
  Register 0x18:   ----  ----  ----  ----  ----  ----  0000
  PHY says Link is UP, Speed 100Mbps, Full-Duplex, AUTONEG complete
  PHY is POWERED DOWN
 PCI configuration registers:
  bus_no=11, device_no=0
  DeviceID=0x1001, VendorID=0x8086, Command=0x0000, Status=0x0000
  Class=0x02/0x00/0x00, Revision=0x03, LatencyTimer=0x00, CacheLineSize=0x00
  BaseAddr0=0x4D000000, BaseAddr1=0x00000000, MaxLat=0x00, MinGnt=0x00
  SubsysDeviceID=0x0000, SubsysVendorID=0x0000
  Cap_Ptr=0x00000000  Retry/TRDY Timeout=0x00000000
  PMC=0x00000000  PMCSR=0x00000000
 i82543 Internal Driver Information:
  lc_ip_turbo_fs=0x631BB894, ip_routecache=0x11(dfs=0/mdfs=0)
  i82543_ds=0x6690B754, registers=0x3D000000
  rx cache size=400, rx cache end=272, rx_nobuffer=0
  max_mtu=1524
 Software MAC address filter(hash:length/addr/mask/hits):
 need_af_check = 0 
  0x00:  0  ffff.ffff.ffff  0000.0000.0000         0
  0x33:  0  ca09.0bf8.0038  0000.0000.0000         0
  0xC0:  0  0100.0ccc.cccc  0000.0000.0000         0
  ring sizes: RX=128, TX=256
  rxring=0x7E2EC000, shadow=0x6690BE2C, head=0, rx_buf_size=512
  txring=0x0E2ED000, shadow=0x6690C060, head=0, tail=0
  chip_state=3, pci_rev=3
  tx_count=0, tx_limited=0 (256)
  rx_overrun=0, rx_seq=0, rx_no_enp=0, rx_discard=0, filtered_pak=0
  throttled=0, enabled=0, disabled=0, bypassed=0
  reset=1(init=1, check=0, restart=0, pci=0), auto_restart=1
  link_reset=0, tx_carrier_loss=0, fatal_tx_err=0
  isl_err=0, wait_for_last_tdt=0, rx_stuck=0
  tx_stuck=0,  rx_max_spin=1, rx_bad_particle=0
 HW addr filter: 0x6690C894, ISL disabled, Promiscuous mode multicast
  Entry= 0:  Addr=CA09.0BF8.0038
  (All other entries are empty)
 i82543 Statistics
  CRC error        0             Symbol error     0           
  Missed Packets   0             Single Collision 0           
  Excessive Coll   0             Multiple Coll    0           
  Late Coll        0             Collision        0           
  Defer            0             Receive Length   0           
  Alignment Error  0             XON RX           0           
  XON TX           0             XOFF RX          0           
  XOFF TX          0             FC RX Unsupport  0           
  Packet RX (64)   0             Packet RX (127)  0           
  Packet RX (255)  0             Packet RX (511)  0           
  Packet RX (1023) 0             Packet RX (1522) 0           
  Good Packet RX   0             Broadcast RX     0           
  Multicast RX     0             Good Packet TX   0           
  Good Octets RX.H 0             Good Octets RX.L 0           
  Good Octets TX.H 0             Good Octets TX.L 0           
  RX No Buff       0             RX Undersize     0           
  RX Fragment      0             RX Oversize      0           
  RX Octets High   0             RX Octets Low    0           
  TX Octets High   0             TX Octets Low    0           
  TX Packet	   0             RX Packet        0           
  TX Broadcast     0             TX Multicast     0           
  Packet TX (64)   0             Packet TX (127)  0           
  Packet TX (255)  0             Packet TX (511)  0           
  Packet TX (1023) 0             Packet TX (1522) 0           
  TX Underruns     0             TX No CRS        0           
  RX Error Count   0             RX DMA Underruns 0           
  RX Carrier Ext   0           
  TCP Segmentation 0             TCP Seg Failed   0           
Interface FastEthernet2/1 (idb 0x66917FD8)
Hardware is i82543 (Livengood) 3?
  network link is up  
  Config is Auto Speed, Full Duplex
  loopback type is none
  10/100 PHY is enabled (MII mode)
 i82543 MAC registers:
      Cannot display registers while
     Controller is in shutdown state!
 PHY registers:
  PHY is LXT971
  Register 0x00:   2800  782C  0013  61D4  01E1  41E1  0001  0000
  Register 0x08:   0000  ----  ----  ----  ----  ----  ----  ----
  Register 0x10:   0100  4700  0000  0000  0450  ----  ----  ----
  Register 0x18:   ----  ----  ----  ----  ----  ----  0000
  PHY says Link is UP, Speed 100Mbps, Full-Duplex, AUTONEG complete
  PHY is POWERED DOWN
 PCI configuration registers:
  bus_no=11, device_no=1
  DeviceID=0x1001, VendorID=0x8086, Command=0x0000, Status=0x0000
  Class=0x02/0x00/0x00, Revision=0x03, LatencyTimer=0x00, CacheLineSize=0x00
  BaseAddr0=0x4D020000, BaseAddr1=0x00000000, MaxLat=0x00, MinGnt=0x00
  SubsysDeviceID=0x0000, SubsysVendorID=0x0000
  Cap_Ptr=0x00000000  Retry/TRDY Timeout=0x00000000
  PMC=0x00000000  PMCSR=0x00000000
 i82543 Internal Driver Information:
  lc_ip_turbo_fs=0x631BB894, ip_routecache=0x11(dfs=0/mdfs=0)
  i82543_ds=0x669191E8, registers=0x3D020000
  rx cache size=400, rx cache end=272, rx_nobuffer=0
  max_mtu=1524
 Software MAC address filter(hash:length/addr/mask/hits):
 need_af_check = 0 
  0x00:  0  ffff.ffff.ffff  0000.0000.0000         0
  0x32:  0  ca09.0bf8.0039  0000.0000.0000         0
  0xC0:  0  0100.0ccc.cccc  0000.0000.0000         0
  ring sizes: RX=128, TX=256
  rxring=0x7E37F000, shadow=0x669198C0, head=0, rx_buf_size=512
  txring=0x0E380000, shadow=0x66919AF4, head=0, tail=0
  chip_state=3, pci_rev=3
  tx_count=0, tx_limited=0 (256)
  rx_overrun=0, rx_seq=0, rx_no_enp=0, rx_discard=0, filtered_pak=0
  throttled=0, enabled=0, disabled=0, bypassed=0
  reset=1(init=1, check=0, restart=0, pci=0), auto_restart=1
  link_reset=0, tx_carrier_loss=0, fatal_tx_err=0
  isl_err=0, wait_for_last_tdt=0, rx_stuck=0
  tx_stuck=0,  rx_max_spin=1, rx_bad_particle=0
 HW addr filter: 0x6691A328, ISL disabled, Promiscuous mode multicast
  Entry= 0:  Addr=CA09.0BF8.0039
  (All other entries are empty)
 i82543 Statistics
  CRC error        0             Symbol error     0           
  Missed Packets   0             Single Collision 0           
  Excessive Coll   0             Multiple Coll    0           
  Late Coll        0             Collision        0           
  Defer            0             Receive Length   0           
  Alignment Error  0             XON RX           0           
  XON TX           0             XOFF RX          0           
  XOFF TX          0             FC RX Unsupport  0           
  Packet RX (64)   0             Packet RX (127)  0           
  Packet RX (255)  0             Packet RX (511)  0           
  Packet RX (1023) 0             Packet RX (1522) 0           
  Good Packet RX   0             Broadcast RX     0           
  Multicast RX     0             Good Packet TX   0           
  Good Octets RX.H 0             Good Octets RX.L 0           
  Good Octets TX.H 0             Good Octets TX.L 0           
  RX No Buff       0             RX Undersize     0           
  RX Fragment      0             RX Oversize      0           
  RX Octets High   0             RX Octets Low    0           
  TX Octets High   0             TX Octets Low    0           
  TX Packet	   0             RX Packet        0           
  TX Broadcast     0             TX Multicast     0           
  Packet TX (64)   0             Packet TX (127)  0           
  Packet TX (255)  0             Packet TX (511)  0           
  Packet TX (1023) 0             Packet TX (1522) 0           
  TX Underruns     0             TX No CRS        0           
  RX Error Count   0             RX DMA Underruns 0           
  RX Carrier Ext   0           
  TCP Segmentation 0             TCP Seg Failed   0           
Interface FastEthernet3/0 (idb 0x66925A98)
Hardware is i82543 (Livengood) 3?
  network link is up  
  Config is Auto Speed, Full Duplex
  loopback type is none
  10/100 PHY is enabled (MII mode)
 i82543 MAC registers:
  CTRL  =0x03C00064, STATUS=0x00000003, CTRL_X=0x00005F80, IMS   =0x00000096
  RCTL  =0x00428032, RDBAL =0x0E412000, RDBAH =0x00000000, RDLEN =0x00000800
  RDH   =0x00000049, RDT   =0x00000048, RDTR  =0x00000000
  TCTL  =0x000400FA, TDBAL =0x0E413000, TDBAH =0x00000000, TDLEN =0x00001000
  TDH   =0x000000B4, TDT   =0x000000C3, TIPG  =0x00000000
  ETT   =0x00000000, TXDMAC=0x00000000
  TXCW  =0x00000000, RXCW  =0x00000000, FCRTH =0x00000000, FCRTL =0x00000000
  FCAH  =0x00000100, FCAL  =0x00C28001, FCT   =0x00008808, FCTTV =0x00000000
  RDFH  =0x00000000, RDFT  =0x00000000, RDFPC =0x00000000
  TDFH  =0x00000000, TDFT  =0x00000000, TDFPC =0x00000000
  RX is normal, enabled  TX is normal, enabled
  Device status = full-duplex, link up
  Device Speed = 10Mbps
 PHY registers:
  PHY is LXT971
  Register 0x00:   3100  782C  0013  61D4  0141  41E1  0001  0000
  Register 0x08:   0000  ----  ----  ----  ----  ----  ----  ----
  Register 0x10:   0100  4700  0000  0000  0450  ----  ----  ----
  Register 0x18:   ----  ----  ----  ----  ----  ----  0000
  PHY says Link is UP, Speed 100Mbps, Full-Duplex, AUTONEG complete
  AUTONEG - Our ability is     100M/FD 10M/FD 
  AUTONEG - Partner ability is 100M/FD 100M/HD 10M/FD 10M/HD 
 PCI configuration registers:
  bus_no=6, device_no=0
  DeviceID=0x1001, VendorID=0x8086, Command=0x0000, Status=0x0000
  Class=0x02/0x00/0x00, Revision=0x03, LatencyTimer=0x00, CacheLineSize=0x00
  BaseAddr0=0x49000000, BaseAddr1=0x00000000, MaxLat=0x00, MinGnt=0x00
  SubsysDeviceID=0x0000, SubsysVendorID=0x0000
  Cap_Ptr=0x00000000  Retry/TRDY Timeout=0x00000000
  PMC=0x00000000  PMCSR=0x00000000
 i82543 Internal Driver Information:
  lc_ip_turbo_fs=0x631BB894, ip_routecache=0x11(dfs=0/mdfs=0)
  i82543_ds=0x66926CA8, registers=0x3D800000
  rx cache size=400, rx cache end=272, rx_nobuffer=0
  max_mtu=1524
 Software MAC address filter(hash:length/addr/mask/hits):
 need_af_check = 0 
  0x00:  0  ffff.ffff.ffff  0000.0000.0000         0
  0x5F:  0  ca09.0bf8.0054  0000.0000.0000         0
  0xC0:  0  0100.0ccc.cccc  0000.0000.0000         0
  ring sizes: RX=128, TX=256
  rxring=0x7E412000, shadow=0x66927380, head=73, rx_buf_size=512
  txring=0x0E413000, shadow=0x669275B4, head=180, tail=195
  chip_state=2, pci_rev=3
  tx_count=15, tx_limited=0 (256)
  rx_overrun=0, rx_seq=0, rx_no_enp=0, rx_discard=0, filtered_pak=0
  throttled=0, enabled=0, disabled=0, bypassed=0
  reset=3(init=1, check=0, restart=2, pci=0), auto_restart=3
  link_reset=0, tx_carrier_loss=0, fatal_tx_err=0
  isl_err=0, wait_for_last_tdt=0, rx_stuck=0
  tx_stuck=0,  rx_max_spin=1, rx_bad_particle=0
 HW addr filter: 0x66927DE8, ISL disabled, Promiscuous mode multicast
  Entry= 0:  Addr=CA09.0BF8.0054
  (All other entries are empty)
 i82543 Statistics
  CRC error        0             Symbol error     0           
  Missed Packets   0             Single Collision 0           
  Excessive Coll   0             Multiple Coll    0           
  Late Coll        0             Collision        0           
  Defer            0             Receive Length   0           
  Alignment Error  0             XON RX           0           
  XON TX           0             XOFF RX          0           
  XOFF TX          0             FC RX Unsupport  0           
  Packet RX (64)   0             Packet RX (127)  0           
  Packet RX (255)  0             Packet RX (511)  0           
  Packet RX (1023) 0             Packet RX (1522) 0           
  Good Packet RX   0             Broadcast RX     0           
  Multicast RX     0             Good Packet TX   0           
  Good Octets RX.H 0             Good Octets RX.L 0           
  Good Octets TX.H 0             Good Octets TX.L 0           
  RX No Buff       0             RX Undersize     0           
  RX Fragment      0             RX Oversize      0           
  RX Octets High   0             RX Octets Low    0           
  TX Octets High   0             TX Octets Low    0           
  TX Packet	   0             RX Packet        0           
  TX Broadcast     0             TX Multicast     0           
  Packet TX (64)   0             Packet TX (127)  0           
  Packet TX (255)  0             Packet TX (511)  0           
  Packet TX (1023) 0             Packet TX (1522) 0           
  TX Underruns     0             TX No CRS        0           
  RX Error Count   0             RX DMA Underruns 0           
  RX Carrier Ext   0           
  TCP Segmentation 0             TCP Seg Failed   0           
Interface FastEthernet3/1 (idb 0x66934ADC)
Hardware is i82543 (Livengood) 3?
  network link is up  
  Config is Auto Speed, Full Duplex
  loopback type is none
  10/100 PHY is enabled (MII mode)
 i82543 MAC registers:
      Cannot display registers while
     Controller is in shutdown state!
 PHY registers:
  PHY is LXT971
  Register 0x00:   2800  782C  0013  61D4  01E1  41E1  0001  0000
  Register 0x08:   0000  ----  ----  ----  ----  ----  ----  ----
  Register 0x10:   0100  4700  0000  0000  0450  ----  ----  ----
  Register 0x18:   ----  ----  ----  ----  ----  ----  0000
  PHY says Link is UP, Speed 100Mbps, Full-Duplex, AUTONEG complete
  PHY is POWERED DOWN
 PCI configuration registers:
  bus_no=6, device_no=1
  DeviceID=0x1001, VendorID=0x8086, Command=0x0000, Status=0x0000
  Class=0x02/0x00/0x00, Revision=0x03, LatencyTimer=0x00, CacheLineSize=0x00
  BaseAddr0=0x49020000, BaseAddr1=0x00000000, MaxLat=0x00, MinGnt=0x00
  SubsysDeviceID=0x0000, SubsysVendorID=0x0000
  Cap_Ptr=0x00000000  Retry/TRDY Timeout=0x00000000
  PMC=0x00000000  PMCSR=0x00000000
 i82543 Internal Driver Information:
  lc_ip_turbo_fs=0x631BB894, ip_routecache=0x11(dfs=0/mdfs=0)
  i82543_ds=0x66935CEC, registers=0x3D820000
  rx cache size=400, rx cache end=272, rx_nobuffer=0
  max_mtu=1524
 Software MAC address filter(hash:length/addr/mask/hits):
 need_af_check = 0 
  0x00:  0  ffff.ffff.ffff  0000.0000.0000         0
  0x5E:  0  ca09.0bf8.0055  0000.0000.0000         0
  0xC0:  0  0100.0ccc.cccc  0000.0000.0000         0
  ring sizes: RX=128, TX=256
  rxring=0x7E4A5000, shadow=0x669363C4, head=0, rx_buf_size=512
  txring=0x0E4A6000, shadow=0x669365F8, head=0, tail=0
  chip_state=3, pci_rev=3
  tx_count=0, tx_limited=0 (256)
  rx_overrun=0, rx_seq=0, rx_no_enp=0, rx_discard=0, filtered_pak=0
  throttled=0, enabled=0, disabled=0, bypassed=0
  reset=1(init=1, check=0, restart=0, pci=0), auto_restart=1
  link_reset=0, tx_carrier_loss=0, fatal_tx_err=0
  isl_err=0, wait_for_last_tdt=0, rx_stuck=0
  tx_stuck=0,  rx_max_spin=1, rx_bad_particle=0
 HW addr filter: 0x66936E2C, ISL disabled, Promiscuous mode multicast
  Entry= 0:  Addr=CA09.0BF8.0055
  (All other entries are empty)
 i82543 Statistics
  CRC error        0             Symbol error     0           
  Missed Packets   0             Single Collision 0           
  Excessive Coll   0             Multiple Coll    0           
  Late Coll        0             Collision        0           
  Defer            0             Receive Length   0           
  Alignment Error  0             XON RX           0           
  XON TX           0             XOFF RX          0           
  XOFF TX          0             FC RX Unsupport  0           
  Packet RX (64)   0             Packet RX (127)  0           
  Packet RX (255)  0             Packet RX (511)  0           
  Packet RX (1023) 0             Packet RX (1522) 0           
  Good Packet RX   0             Broadcast RX     0           
  Multicast RX     0             Good Packet TX   0           
  Good Octets RX.H 0             Good Octets RX.L 0           
  Good Octets TX.H 0             Good Octets TX.L 0           
  RX No Buff       0             RX Undersize     0           
  RX Fragment      0             RX Oversize      0           
  RX Octets High   0             RX Octets Low    0           
  TX Octets High   0             TX Octets Low    0           
  TX Packet	   0             RX Packet        0           
  TX Broadcast     0             TX Multicast     0           
  Packet TX (64)   0             Packet TX (127)  0           
  Packet TX (255)  0             Packet TX (511)  0           
  Packet TX (1023) 0             Packet TX (1522) 0           
  TX Underruns     0             TX No CRS        0           
  RX Error Count   0             RX DMA Underruns 0           
  RX Carrier Ext   0           
  TCP Segmentation 0             TCP Seg Failed   0           



------------------ show user ------------------


    Line       User       Host(s)              Idle       Location
*  2 vty 0     admin      idle                 00:00:01 123.123.1.1

  Interface    User               Mode         Idle     Peer Address


------------------ show data-corruption ------------------


No data inconsistency errors have been recorded.


------------------ show environment last ------------------


	Data not available

------------------ show environment all ------------------


Power Supplies:
	Power Supply 1 is AC Power Supply. Unit is on.
	Power Supply 2 is AC Power Supply. Unit is on.

Temperature readings:
	I/O Cont Inlet   measured at 22C/71F 
	I/O Cont Outlet  measured at 22C/71F 
	NPE Inlet        measured at 22C/71F 
	NPE Outlet       measured at 22C/71F 

Voltage readings:
	+3.45 V       measured at +3.43 V 
	+5.15 V       measured at +5.13 V 
	+12.15 V      measured at +12.10 V 
	-11.95 V      measured at -11.90 V 

Envm stats saved 1 time(s) since reload

DEBUG:netmiko:read_channel: 
Current configuration : 4710 bytes
!
version 15.2
service timestamps debug datetime msec
service timestamps log datetime msec
!
hostname SD-WN
!
boot-start-marker
boot-end-marker
!
!
enable secret 5 <removed>
!
no aaa new-model
no ip icmp rate-limit unreachable
ip cef
!
!
!
!
!
!
no ip domain lookup
ip domain name gns3.lab
no ipv6 cef
!
!
multilink bundle-name authenticated
!
!
file prompt quiet
!
!
!
!
!
username admin password 0 <removed>
username suhas privilege 15 password 0 <removed>
!
!
ip tcp synwait-time 5
ip ssh version 2
ip scp server enable
! 
!
!
!
!
!
!
!
!
!
!
!
interface Loopback171
 ip address 171.171.171.171 255.255.255.255
!
interface Loopback172
 ip address 172.172.172.172 255.255.255.255
!
interface Loopback173
 ip address 173.173.173.173 255.255.255.255
!
interface Loopback174
 ip address 174.174.174.174 255.255.255.255
!
interface Loopback175
 ip address 175.175.175.175 255.255.255.255
!
interface Loopback176
 ip address 176.176.176.176 255.255.255.255
!
interface Loopback177
 ip address 177.177.177.177 255.255.255.255
!
interface Loopback178
 ip address 178.178.178.178 255.255.255.255
!
interface Loopback179
 ip address 179.179.179.179 255.255.255.255
!
interface Loopback180
 ip address 180.180.180.180 255.255.255.255
!
interface Loopback181
 ip address 181.181.181.181 255.255.255.255
!
interface Loopback182
 ip address 182.182.182.182 255.255.255.255
!
interface Loopback183
 ip address 183.183.183.183 255.255.255.255
!
interface Loopback184
 ip address 184.184.184.184 255.255.255.255
!
interface Loopback185
 ip address 185.185.185.185 255.255.255.255
!
interface Loopback186
 ip address 186.186.186.186 255.255.255.255
!
interface Loopback188
 ip address 188.188.188.188 255.255.255.255
!
interface Loopback189
 ip address 189.189.189.189 255.255.255.255
!
interface Loopback190
 ip address 190.1.1.8 255.255.255.255
!
interface FastEthernet0/0
 ip address 192.188.188.1 255.255.255.252
 duplex full
!
interface FastEthernet1/0
 no ip address
 shutdown
 speed auto
 duplex full
!
interface FastEthernet1/1
 no ip address
 shutdown
 speed auto
 duplex full
!
interface FastEthernet2/0
 no ip address
 shutdown
 speed auto
 duplex full
!
interface FastEthernet2/1
 no ip address
 shutdown
 speed auto
 duplex full
!
interface FastEthernet3/0
 description *****MNGMT*****
 ip address 123.123.1.18 255.255.255.0
 speed auto
 duplex full
!
interface FastEthernet3/1
 no ip address
 shutdown
 speed auto
 duplex full
!
router ospf 400
 network 171.171.171.171 0.0.0.0 area 0
 network 172.172.172.172 0.0.0.0 area 0
 network 173.173.173.173 0.0.0.0 area 0
 network 174.174.174.174 0.0.0.0 area 0
 network 175.175.175.175 0.0.0.0 area 0
 network 176.176.176.176 0.0.0.0 area 0
 network 177.177.177.177 0.0.0.0 area 0
 network 178.178.178.178 0.0.0.0 area 0
 network 179.179.179.179 0.0.0.0 area 0
 network 180.180.180.180 0.0.0.0 area 0
 network 181.181.181.181 0.0.0.0 area 0
 network 182.182.182.182 0.0.0.0 area 0
 network 183.183.183.183 0.0.0.0 area 0
 network 184.184.184.184 0.0.0.0 area 0
 network 185.185.185.185 0.0.0.0 area 0
 network 186.186.186.186 0.0.0.0 area 0
 network 188.188.188.188 0.0.0.0 area 0
 network 189.189.189.189 0.0.0.0 area 0
 network 190.1.1.8 0.0.0.0 area 0
 network 192.188.188.0 0.0.0.3 area 0
!
ip forward-protocol nd
!
!
no ip http server
no ip http secure-server
!
ip access-list extended interface_acl
 remark Allow EAPoUDP
 permit udp any any eq 21862
 remark Allow DHCP
 permit udp any eq bootpc any eq bootps
 remark Allow DNS
 permit udp any any eq domain
 remark Allow HTTP access to update server
 permit tcp any host 10.0.200.30 eq www
 remark Allow ICMP for test purposes
 permit icmp any any
 remark Implicit Deny
 deny   ip any any
 permit tcp any host 190.1.1.9 eq www
 permit tcp any host 191.191.191.191 eq www
 permit tcp any host 192.192.192.192 eq www
 permit tcp any host 193.193.193.193 eq www
 permit tcp any host 194.194.194.194 eq www
 permit tcp any host 195.195.195.195 eq www
 permit tcp any host 196.196.196.196 eq www
 permit tcp any host 197.197.197.197 eq www
 permit tcp any host 198.198.198.198 eq www
 permit tcp any host 199.199.199.199 eq www
!
access-list 102 deny   tcp any any eq ftp
access-list 102 deny   tcp any any eq ftp-data
access-list 102 deny   tcp any any eq telnet
access-list 102 deny   tcp any any eq www
access-list 102 deny   tcp any any eq whois
access-list 102 deny   tcp any any eq talk
access-list 102 deny   tcp any any eq gopher
access-list 102 permit ip any any
!
!
!
control-plane
!
!
line con 0
 exec-timeout 0 0
 privilege level 15
 logging synchronous
 stopbits 1
line aux 0
 exec-timeout 0 0
 privilege level 15
 logging synchronous
 stopbits 1
line vty 0 4
 login local
 transport input ssh
!
!
end


------------------ show stacks ------------------


Minimum process stacks:
 Free/Size   Name
 4964/6000   CDP BLOB
 7972/9000   EEM ED RF
 7976/9000   EM ED GOLD
10848/12000  MRIB IPv6 Init Process
10948/12000  MRIB IPv4 Init Process
 3688/6000   EEM Shell Director
10852/12000  Router Init
58580/60000  EEM Auto Registration Proc
 4948/6000   SASL MAIN
 1908/3000   LIM WAVL
18936/24000  Init
10952/12000  cdp init process
 4716/6000   RADIUS INITCONFIG
 4820/6000   URPF stats
 1952/3000   Rom Random Update Process
 6716/12000  SSH Process

Interrupt level stacks:
Level    Called Unused/Size  Name
  1        4527   7872/9000  Network interfaces
  2        1197   8568/9000  DMA/Timer Interrupt
  3           0   9000/9000  PA Management Int Handler
  4      207970   8640/9000  Console Uart
  5           0   9000/9000  OIR/Error Interrupt
  7      958902   8528/9000  NMI Interrupt Handler

------------------ show interfaces ------------------


FastEthernet0/0 is up, line protocol is up 
  Hardware is DEC21140, address is ca08.0b51.0000 (bia ca08.0b51.0000)
  Internet address is 192.188.188.1/30
  MTU 1500 bytes, BW 100000 Kbit/sec, DLY 100 usec, 
     reliability 255/255, txload 1/255, rxload 1/255
  Encapsulation ARPA, loopback not set
  Keepalive set (10 sec)
  Full-duplex, 100Mb/s, 100BaseTX/FX
  ARP type: ARPA, ARP Timeout 04:00:00
  Last input 00:00:11, output 00:00:07, output hang never
  Last clearing of "show interface" counters never
  Input queue: 0/75/0/0 (size/max/drops/flushes); Total output drops: 0
  Queueing strategy: fifo
  Output queue: 0/40 (size/max)
  5 minute input rate 0 bits/sec, 0 packets/sec
  5 minute output rate 0 bits/sec, 0 packets/sec
     98 packets input, 33623 bytes
     Received 98 broadcasts (0 IP multicasts)
     0 runts, 0 giants, 0 throttles 
     0 input errors, 0 CRC, 0 frame, 0 overrun, 0 ignored
     0 watchdog
     0 input packets with dribble condition detected
     865 packets output, 87263 bytes, 0 underruns
     0 output errors, 0 collisions, 0 interface resets
     0 unknown protocol drops
     0 babbles, 0 late collision, 0 deferred
     0 lost carrier, 0 no carrier
     0 output buffer failures, 0 output buffers swapped out
FastEthernet1/0 is administratively down, line protocol is down 
  Hardware is i82543 (Livengood), address is ca08.0b51.001c (bia ca08.0b51.001c)
  MTU 1500 bytes, BW 100000 Kbit/sec, DLY 100 usec, 
     reliability 255/255, txload 1/255, rxload 1/255
  Encapsulation ARPA, loopback not set
  Keepalive set (10 sec)
  Full-duplex, 100Mb/s, 100BaseTX/FX
  ARP type: ARPA, ARP Timeout 04:00:00
  Last input never, output never, output hang never
  Last clearing of "show interface" counters never
  Input queue: 0/75/0/0 (size/max/drops/flushes); Total output drops: 0
  Queueing strategy: fifo
  Output queue: 0/40 (size/max)
  5 minute input rate 0 bits/sec, 0 packets/sec
  5 minute output rate 0 bits/sec, 0 packets/sec
     0 packets input, 0 bytes
     Received 0 broadcasts (0 IP multicasts)
     0 runts, 0 giants, 0 throttles 
     0 input errors, 0 CRC, 0 frame, 0 overrun, 0 ignored
     0 watchdog
     0 input packets with dribble condition detected
     0 packets output, 0 bytes, 0 underruns
     0 output errors, 0 collisions, 0 interface resets
     0 unknown protocol drops
     0 babbles, 0 late collision, 0 deferred
     0 lost carrier, 0 no carrier
     0 output buffer failures, 0 output buffers swapped out
FastEthernet1/1 is administratively down, line protocol is down 
  Hardware is i82543 (Livengood), address is ca08.0b51.001d (bia ca08.0b51.001d)
  MTU 1500 bytes, BW 100000 Kbit/sec, DLY 100 usec, 
     reliability 255/255, txload 1/255, rxload 1/255
  Encapsulation ARPA, loopback not set
  Keepalive set (10 sec)
  Full-duplex, 100Mb/s, 100BaseTX/FX
  ARP type: ARPA, ARP Timeout 04:00:00
  Last input never, output never, output hang never
  Last clearing of "show interface" counters never
  Input queue: 0/75/0/0 (size/max/drops/flushes); Total output drops: 0
  Queueing strategy: fifo
  Output queue: 0/40 (size/max)
  5 minute input rate 0 bits/sec, 0 packets/sec
  5 minute output rate 0 bits/sec, 0 packets/sec
     0 packets input, 0 bytes
     Received 0 broadcasts (0 IP multicasts)
     0 runts, 0 giants, 0 throttles 
     0 input errors, 0 CRC, 0 frame, 0 overrun, 0 ignored
     0 watchdog
     0 input packets with dribble condition detected
     0 packets output, 0 bytes, 0 underruns
     0 output errors, 0 collisions, 0 interface resets
     0 unknown protocol drops
     0 babbles, 0 late collision, 0 deferred
     0 lost carrier, 0 no carrier
     0 output buffer failures, 0 output buffers swapped out
FastEthernet2/0 is administratively down, line protocol is down 
  Hardware is i82543 (Livengood), address is ca08.0b51.0038 (bia ca08.0b51.0038)
  MTU 1500 bytes, BW 100000 Kbit/sec, DLY 100 usec, 
     reliability 255/255, txload 1/255, rxload 1/255
  Encapsulation ARPA, loopback not set
  Keepalive set (10 sec)
  Full-duplex, 100Mb/s, 100BaseTX/FX
  ARP type: ARPA, ARP Timeout 04:00:00
  Last input never, output never, output hang never
  Last clearing of "show interface" counters never
  Input queue: 0/75/0/0 (size/max/drops/flushes); Total output drops: 0
  Queueing strategy: fifo
  Output queue: 0/40 (size/max)
  5 minute input rate 0 bits/sec, 0 packets/sec
  5 minute output rate 0 bits/sec, 0 packets/sec
     0 packets input, 0 bytes
     Received 0 broadcasts (0 IP multicasts)
     0 runts, 0 giants, 0 throttles 
     0 input errors, 0 CRC, 0 frame, 0 overrun, 0 ignored
     0 watchdog
     0 input packets with dribble condition detected
     0 packets output, 0 bytes, 0 underruns
     0 output errors, 0 collisions, 0 interface resets
     0 unknown protocol drops
     0 babbles, 0 late collision, 0 deferred
     0 lost carrier, 0 no carrier
     0 output buffer failures, 0 output buffers swapped out
FastEthernet2/1 is administratively down, line protocol is down 
  Hardware is i82543 (Livengood), address is ca08.0b51.0039 (bia ca08.0b51.0039)
  MTU 1500 bytes, BW 100000 Kbit/sec, DLY 100 usec, 
     reliability 255/255, txload 1/255, rxload 1/255
  Encapsulation ARPA, loopback not set
  Keepalive set (10 sec)
  Full-duplex, 100Mb/s, 100BaseTX/FX
  ARP type: ARPA, ARP Timeout 04:00:00
  Last input never, output never, output hang never
  Last clearing of "show interface" counters never
  Input queue: 0/75/0/0 (size/max/drops/flushes); Total output drops: 0
  Queueing strategy: fifo
  Output queue: 0/40 (size/max)
  5 minute input rate 0 bits/sec, 0 packets/sec
  5 minute output rate 0 bits/sec, 0 packets/sec
     0 packets input, 0 bytes
     Received 0 broadcasts (0 IP multicasts)
     0 runts, 0 giants, 0 throttles 
     0 input errors, 0 CRC, 0 frame, 0 overrun, 0 ignored
     0 watchdog
     0 input packets with dribble condition detected
     0 packets output, 0 bytes, 0 underruns
     0 output errors, 0 collisions, 0 interface resets
     0 unknown protocol drops
     0 babbles, 0 late collision, 0 deferred
     0 lost carrier, 0 no carrier
     0 output buffer failures, 0 output buffers swapped out
FastEthernet3/0 is up, line protocol is up 
  Hardware is i82543 (Livengood), address is ca08.0b51.0054 (bia ca08.0b51.0054)
  Description: *****MNGMT*****
  Internet address is 123.123.1.18/24
  MTU 1500 bytes, BW 100000 Kbit/sec, DLY 100 usec, 
     reliability 255/255, txload 1/255, rxload 1/255
  Encapsulation ARPA, loopback not set
  Keepalive set (10 sec)
  Full-duplex, 100Mb/s, 100BaseTX/FX
  ARP type: ARPA, ARP Timeout 04:00:00
  Last input 00:00:00, output 00:00:00, output hang never
  Last clearing of "show interface" counters never
  Input queue: 0/75/0/0 (size/max/drops/flushes); Total output drops: 0
  Queueing strategy: fifo
  Output queue: 0/40 (size/max)
  5 minute input rate 2000 bits/sec, 2 packets/sec
  5 minute output rate 2000 bits/sec, 1 packets/sec
     3826 packets input, 536807 bytes
     Received 1224 broadcasts (0 IP multicasts)
     0 runts, 0 giants, 0 throttles 
     0 input errors, 0 CRC, 0 frame, 0 overrun, 0 ignored
     0 watchdog
     0 input packets with dribble condition detected
     4227 packets output, 628430 bytes, 0 underruns
     0 output errors, 0 collisions, 2 interface resets
     0 unknown protocol drops
     0 babbles, 0 late collision, 0 deferred
     0 lost carrier, 0 no carrier
     0 output buffer failures, 0 output buffers swapped out
FastEthernet3/1 is administratively down, line protocol is down 
  Hardware is i82543 (Livengood), address is ca08.0b51.0055 (bia ca08.0b51.0055)
  MTU 1500 bytes, BW 100000 Kbit/sec, DLY 100 usec, 
     reliability 255/255, txload 1/255, rxload 1/255
  Encapsulation ARPA, loopback not set
  Keepalive set (10 sec)
  Full-duplex, 100Mb/s, 100BaseTX/FX
  ARP type: ARPA, ARP Timeout 04:00:00
  Last input never, output never, output hang never
  Last clearing of "show interface" counters never
  Input queue: 0/75/0/0 (size/max/drops/flushes); Total output drops: 0
  Queueing strategy: fifo
  Output queue: 0/40 (size/max)
  5 minute input rate 0 bits/sec, 0 packets/sec
  5 minute output rate 0 bits/sec, 0 packets/sec
     0 packets input, 0 bytes
     Received 0 broadcasts (0 IP multicasts)
     0 runts, 0 giants, 0 throttles 
     0 input errors, 0 CRC, 0 frame, 0 overrun, 0 ignored
     0 watchdog
     0 input packets with dribble condition detected
     0 packets output, 0 bytes, 0 underruns
     0 output errors, 0 collisions, 0 interface resets
     0 unknown protocol drops
     0 babbles, 0 late collision, 0 deferred
     0 lost carrier, 0 no carrier
     0 output buffer failures, 0 output buffers swapped out
Loopback171 is up, line protocol is up 
  Hardware is Loopback
  Internet address is 171.171.171.171/32
  MTU 1514 bytes, BW 8000000 Kbit/sec, DLY 5000 usec, 
     reliability 255/255, txload 1/255, rxload 1/255
  Encapsulation LOOPBACK, loopback not set
  Keepalive set (10 sec)
  Last input never, output never, output hang never
  Last clearing of "show interface" counters never
  Input queue: 0/75/0/0 (size/max/drops/flushes); Total output drops: 0
  Queueing strategy: fifo
  Output queue: 0/0 (size/max)
  5 minute input rate 0 bits/sec, 0 packets/sec
  5 minute output rate 0 bits/sec, 0 packets/sec
     0 packets input, 0 bytes, 0 no buffer
     Received 0 broadcasts (0 IP multicasts)
     0 runts, 0 giants, 0 throttles 
     0 input errors, 0 CRC, 0 frame, 0 overrun, 0 ignored, 0 abort
     0 packets output, 0 bytes, 0 underruns
     0 output errors, 0 collisions, 0 interface resets
     0 unknown protocol drops
     0 output buffer failures, 0 output buffers swapped out
Loopback172 is up, line protocol is up 
  Hardware is Loopback
  Internet address is 172.172.172.172/32
  MTU 1514 bytes, BW 8000000 Kbit/sec, DLY 5000 usec, 
     reliability 255/255, txload 1/255, rxload 1/255
  Encapsulation LOOPBACK, loopback not set
  Keepalive set (10 sec)
  Last input never, output never, output hang never
  Last clearing of "show interface" counters never
  Input queue: 0/75/0/0 (size/max/drops/flushes); Total output drops: 0
  Queueing strategy: fifo
  Output queue: 0/0 (size/max)
  5 minute input rate 0 bits/sec, 0 packets/sec
  5 minute output rate 0 bits/sec, 0 packets/sec
     0 packets input, 0 bytes, 0 no buffer
     Received 0 broadcasts (0 IP multicasts)
     0 runts, 0 giants, 0 throttles 
     0 input errors, 0 CRC, 0 frame, 0 overrun, 0 ignored, 0 abort
     0 packets output, 0 bytes, 0 underruns
     0 output errors, 0 collisions, 0 interface resets
     0 unknown protocol drops
     0 output buffer failures, 0 output buffers swapped out
Loopback173 is up, line protocol is up 
  Hardware is Loopback
  Internet address is 173.173.173.173/32
  MTU 1514 bytes, BW 8000000 Kbit/sec, DLY 5000 usec, 
     reliability 255/255, txload 1/255, rxload 1/255
  Encapsulation LOOPBACK, loopback not set
  Keepalive set (10 sec)
  Last input never, output never, output hang never
  Last clearing of "show interface" counters never
  Input queue: 0/75/0/0 (size/max/drops/flushes); Total output drops: 0
  Queueing strategy: fifo
  Output queue: 0/0 (size/max)
  5 minute input rate 0 bits/sec, 0 packets/sec
  5 minute output rate 0 bits/sec, 0 packets/sec
     0 packets input, 0 bytes, 0 no buffer
     Received 0 broadcasts (0 IP multicasts)
     0 runts, 0 giants, 0 throttles 
     0 input errors, 0 CRC, 0 frame, 0 overrun, 0 ignored, 0 abort
     0 packets output, 0 bytes, 0 underruns
     0 output errors, 0 collisions, 0 interface resets
     0 unknown protocol drops
     0 output buffer failures, 0 output buffers swapped out
Loopback174 is up, line protocol is up 
  Hardware is Loopback
  Internet address is 174.174.174.174/32
  MTU 1514 bytes, BW 8000000 Kbit/sec, DLY 5000 usec, 
     reliability 255/255, txload 1/255, rxload 1/255
  Encapsulation LOOPBACK, loopback not set
  Keepalive set (10 sec)
  Last input never, output never, output hang never
  Last clearing of "show interface" counters never
  Input queue: 0/75/0/0 (size/max/drops/flushes); Total output drops: 0
  Queueing strategy: fifo
  Output queue: 0/0 (size/max)
  5 minute input rate 0 bits/sec, 0 packets/sec
  5 minute output rate 0 bits/sec, 0 packets/sec
     0 packets input, 0 bytes, 0 no buffer
     Received 0 broadcasts (0 IP multicasts)
     0 runts, 0 giants, 0 throttles 
     0 input errors, 0 CRC, 0 frame, 0 overrun, 0 ignored, 0 abort
     0 packets output, 0 bytes, 0 underruns
     0 output errors, 0 collisions, 0 interface resets
     0 unknown protocol drops
     0 output buffer failures, 0 output buffers swapped out
Loopback175 is up, line protocol is up 
  Hardware is Loopback
  Internet address is 175.175.175.175/32
  MTU 1514 bytes, BW 8000000 Kbit/sec, DLY 5000 usec, 
     reliability 255/255, txload 1/255, rxload 1/255
  Encapsulation LOOPBACK, loopback not set
  Keepalive set (10 sec)
  Last input never, output never, output hang never
  Last clearing of "show interface" counters never
  Input queue: 0/75/0/0 (size/max/drops/flushes); Total output drops: 0
  Queueing strategy: fifo
  Output queue: 0/0 (size/max)
  5 minute input rate 0 bits/sec, 0 packets/sec
  5 minute output rate 0 bits/sec, 0 packets/sec
     0 packets input, 0 bytes, 0 no buffer
     Received 0 broadcasts (0 IP multicasts)
     0 runts, 0 giants, 0 throttles 
     0 input errors, 0 CRC, 0 frame, 0 overrun, 0 ignored, 0 abort
     0 packets output, 0 bytes, 0 underruns
     0 output errors, 0 collisions, 0 interface resets
     0 unknown protocol drops
     0 output buffer failures, 0 output buffers swapped out
Loopback176 is up, line protocol is up 
  Hardware is Loopback
  Internet address is 176.176.176.176/32
  MTU 1514 bytes, BW 8000000 Kbit/sec, DLY 5000 usec, 
     reliability 255/255, txload 1/255, rxload 1/255
  Encapsulation LOOPBACK, loopback not set
  Keepalive set (10 sec)
  Last input never, output never, output hang never
  Last clearing of "show interface" counters never
  Input queue: 0/75/0/0 (size/max/drops/flushes); Total output drops: 0
  Queueing strategy: fifo
  Output queue: 0/0 (size/max)
  5 minute input rate 0 bits/sec, 0 packets/sec
  5 minute output rate 0 bits/sec, 0 packets/sec
     0 packets input, 0 bytes, 0 no buffer
     Received 0 broadcasts (0 IP multicasts)
     0 runts, 0 giants, 0 throttles 
     0 input errors, 0 CRC, 0 frame, 0 overrun, 0 ignored, 0 abort
     0 packets output, 0 bytes, 0 underruns
     0 output errors, 0 collisions, 0 interface resets
     0 unknown protocol drops
     0 output buffer failures, 0 output buffers swapped out
Loopback177 is up, line protocol is up 
  Hardware is Loopback
  Internet address is 177.177.177.177/32
  MTU 1514 bytes, BW 8000000 Kbit/sec, DLY 5000 usec, 
     reliability 255/255, txload 1/255, rxload 1/255
  Encapsulation LOOPBACK, loopback not set
  Keepalive set (10 sec)
  Last input never, output never, output hang never
  Last clearing of "show interface" counters never
  Input queue: 0/75/0/0 (size/max/drops/flushes); Total output drops: 0
  Queueing strategy: fifo
  Output queue: 0/0 (size/max)
  5 minute input rate 0 bits/sec, 0 packets/sec
  5 minute output rate 0 bits/sec, 0 packets/sec
     0 packets input, 0 bytes, 0 no buffer
     Received 0 broadcasts (0 IP multicasts)
     0 runts, 0 giants, 0 throttles 
     0 input errors, 0 CRC, 0 frame, 0 overrun, 0 ignored, 0 abort
     0 packets output, 0 bytes, 0 underruns
     0 output errors, 0 collisions, 0 interface resets
     0 unknown protocol drops
     0 output buffer failures, 0 output buffers swapped out
Loopback178 is up, line protocol is up 
  Hardware is Loopback
  Internet address is 178.178.178.178/32
  MTU 1514 bytes, BW 8000000 Kbit/sec, DLY 5000 usec, 
     reliability 255/255, txload 1/255, rxload 1/255
  Encapsulation LOOPBACK, loopback not set
  Keepalive set (10 sec)
  Last input never, output never, output hang never
  Last clearing of "show interface" counters never
  Input queue: 0/75/0/0 (size/max/drops/flushes); Total output drops: 0
  Queueing strategy: fifo
  Output queue: 0/0 (size/max)
  5 minute input rate 0 bits/sec, 0 packets/sec
  5 minute output rate 0 bits/sec, 0 packets/sec
     0 packets input, 0 bytes, 0 no buffer
     Received 0 broadcasts (0 IP multicasts)
     0 runts, 0 giants, 0 throttles 
     0 input errors, 0 CRC, 0 frame, 0 overrun, 0 ignored, 0 abort
     0 packets output, 0 bytes, 0 underruns
     0 output errors, 0 collisions, 0 interface resets
     0 unknown protocol drops
     0 output buffer failures, 0 output buffers swapped out
Loopback179 is up, line protocol is up 
  Hardware is Loopback
  Internet address is 179.179.179.179/32
  MTU 1514 bytes, BW 8000000 Kbit/sec, DLY 5000 usec, 
     reliability 255/255, txload 1/255, rxload 1/255
  Encapsulation LOOPBACK, loopback not set
  Keepalive set (10 sec)
  Last input never, output never, output hang never
  Last clearing of "show interface" counters never
  Input queue: 0/75/0/0 (size/max/drops/flushes); Total output drops: 0
  Queueing strategy: fifo
  Output queue: 0/0 (size/max)
  5 minute input rate 0 bits/sec, 0 packets/sec
  5 minute output rate 0 bits/sec, 0 packets/sec
     0 packets input, 0 bytes, 0 no buffer
     Received 0 broadcasts (0 IP multicasts)
     0 runts, 0 giants, 0 throttles 
     0 input errors, 0 CRC, 0 frame, 0 overrun, 0 ignored, 0 abort
     0 packets output, 0 bytes, 0 underruns
     0 output errors, 0 collisions, 0 interface resets
     0 unknown protocol drops
     0 output buffer failures, 0 output buffers swapped out
Loopback180 is up, line protocol is up 
  Hardware is Loopback
  Internet address is 180.180.180.180/32
  MTU 1514 bytes, BW 8000000 Kbit/sec, DLY 5000 usec, 
     reliability 255/255, txload 1/255, rxload 1/255
  Encapsulation LOOPBACK, loopback not set
  Keepalive set (10 sec)
  Last input never, output never, output hang never
  Last clearing of "show interface" counters never
  Input queue: 0/75/0/0 (size/max/drops/flushes); Total output drops: 0
  Queueing strategy: fifo
  Output queue: 0/0 (size/max)
  5 minute input rate 0 bits/sec, 0 packets/sec
  5 minute output rate 0 bits/sec, 0 packets/sec
     0 packets input, 0 bytes, 0 no buffer
     Received 0 broadcasts (0 IP multicasts)
     0 runts, 0 giants, 0 throttles 
     0 input errors, 0 CRC, 0 frame, 0 overrun, 0 ignored, 0 abort
     0 packets output, 0 bytes, 0 underruns
     0 output errors, 0 collisions, 0 interface resets
     0 unknown protocol drops
     0 output buffer failures, 0 output buffers swapped out
Loopback181 is up, line protocol is up 
  Hardware is Loopback
  Internet address is 181.181.181.181/32
  MTU 1514 bytes, BW 8000000 Kbit/sec, DLY 5000 usec, 
     reliability 255/255, txload 1/255, rxload 1/255
  Encapsulation LOOPBACK, loopback not set
  Keepalive set (10 sec)
  Last input never, output never, output hang never
  Last clearing of "show interface" counters never
  Input queue: 0/75/0/0 (size/max/drops/flushes); Total output drops: 0
  Queueing strategy: fifo
  Output queue: 0/0 (size/max)
  5 minute input rate 0 bits/sec, 0 packets/sec
  5 minute output rate 0 bits/sec, 0 packets/sec
     0 packets input, 0 bytes, 0 no buffer
     Received 0 broadcasts (0 IP multicasts)
     0 runts, 0 giants, 0 throttles 
     0 input errors, 0 CRC, 0 frame, 0 overrun, 0 ignored, 0 abort
     0 packets output, 0 bytes, 0 underruns
     0 output errors, 0 collisions, 0 interface resets
     0 unknown protocol drops
     0 output buffer failures, 0 output buffers swapped out
Loopback182 is up, line protocol is up 
  Hardware is Loopback
  Internet address is 182.182.182.182/32
  MTU 1514 bytes, BW 8000000 Kbit/sec, DLY 5000 usec, 
     reliability 255/255, txload 1/255, rxload 1/255
  Encapsulation LOOPBACK, loopback not set
  Keepalive set (10 sec)
  Last input never, output never, output hang never
  Last clearing of "show interface" counters never
  Input queue: 0/75/0/0 (size/max/drops/flushes); Total output drops: 0
  Queueing strategy: fifo
  Output queue: 0/0 (size/max)
  5 minute input rate 0 bits/sec, 0 packets/sec
  5 minute output rate 0 bits/sec, 0 packets/sec
     0 packets input, 0 bytes, 0 no buffer
     Received 0 broadcasts (0 IP multicasts)
     0 runts, 0 giants, 0 throttles 
     0 input errors, 0 CRC, 0 frame, 0 overrun, 0 ignored, 0 abort
     0 packets output, 0 bytes, 0 underruns
     0 output errors, 0 collisions, 0 interface resets
     0 unknown protocol drops
     0 output buffer failures, 0 output buffers swapped out
Loopback183 is up, line protocol is up 
  Hardware is Loopback
  Internet address is 183.183.183.183/32
  MTU 1514 bytes, BW 8000000 Kbit/sec, DLY 5000 usec, 
     reliability 255/255, txload 1/255, rxload 1/255
  Encapsulation LOOPBACK, loopback not set
  Keepalive set (10 sec)
  Last input never, output never, output hang never
  Last clearing of "show interface" counters never
  Input queue: 0/75/0/0 (size/max/drops/flushes); Total output drops: 0
  Queueing strategy: fifo
  Output queue: 0/0 (size/max)
  5 minute input rate 0 bits/sec, 0 packets/sec
  5 minute output rate 0 bits/sec, 0 packets/sec
     0 packets input, 0 bytes, 0 no buffer
     Received 0 broadcasts (0 IP multicasts)
     0 runts, 0 giants, 0 throttles 
     0 input errors, 0 CRC, 0 frame, 0 overrun, 0 ignored, 0 abort
     0 packets output, 0 bytes, 0 underruns
     0 output errors, 0 collisions, 0 interface resets
     0 unknown protocol drops
     0 output buffer failures, 0 output buffers swapped out
Loopback184 is up, line protocol is up 
  Hardware is Loopback
  Internet address is 184.184.184.184/32
  MTU 1514 bytes, BW 8000000 Kbit/sec, DLY 5000 usec, 
     reliability 255/255, txload 1/255, rxload 1/255
  Encapsulation LOOPBACK, loopback not set
  Keepalive set (10 sec)
  Last input never, output never, output hang never
  Last clearing of "show interface" counters never
  Input queue: 0/75/0/0 (size/max/drops/flushes); Total output drops: 0
  Queueing strategy: fifo
  Output queue: 0/0 (size/max)
  5 minute input rate 0 bits/sec, 0 packets/sec
  5 minute output rate 0 bits/sec, 0 packets/sec
     0 packets input, 0 bytes, 0 no buffer
     Received 0 broadcasts (0 IP multicasts)
     0 runts, 0 giants, 0 throttles 
     0 input errors, 0 CRC, 0 frame, 0 overrun, 0 ignored, 0 abort
     0 packets output, 0 bytes, 0 underruns
     0 output errors, 0 collisions, 0 interface resets
     0 unknown protocol drops
     0 output buffer failures, 0 output buffers swapped out
Loopback185 is up, line protocol is up 
  Hardware is Loopback
  Internet address is 185.185.185.185/32
  MTU 1514 bytes, BW 8000000 Kbit/sec, DLY 5000 usec, 
     reliability 255/255, txload 1/255, rxload 1/255
  Encapsulation LOOPBACK, loopback not set
  Keepalive set (10 sec)
  Last input never, output never, output hang never
  Last clearing of "show interface" counters never
  Input queue: 0/75/0/0 (size/max/drops/flushes); Total output drops: 0
  Queueing strategy: fifo
  Output queue: 0/0 (size/max)
  5 minute input rate 0 bits/sec, 0 packets/sec
  5 minute output rate 0 bits/sec, 0 packets/sec
     0 packets input, 0 bytes, 0 no buffer
     Received 0 broadcasts (0 IP multicasts)
     0 runts, 0 giants, 0 throttles 
     0 input errors, 0 CRC, 0 frame, 0 overrun, 0 ignored, 0 abort
     0 packets output, 0 bytes, 0 underruns
     0 output errors, 0 collisions, 0 interface resets
     0 unknown protocol drops
     0 output buffer failures, 0 output buffers swapped out
Loopback186 is up, line protocol is up 
  Hardware is Loopback
  Internet address is 186.186.186.186/32
  MTU 1514 bytes, BW 8000000 Kbit/sec, DLY 5000 usec, 
     reliability 255/255, txload 1/255, rxload 1/255
  Encapsulation LOOPBACK, loopback not set
  Keepalive set (10 sec)
  Last input never, output never, output hang never
  Last clearing of "show interface" counters never
  Input queue: 0/75/0/0 (size/max/drops/flushes); Total output drops: 0
  Queueing strategy: fifo
  Output queue: 0/0 (size/max)
  5 minute input rate 0 bits/sec, 0 packets/sec
  5 minute output rate 0 bits/sec, 0 packets/sec
     0 packets input, 0 bytes, 0 no buffer
     Received 0 broadcasts (0 IP multicasts)
     0 runts, 0 giants, 0 throttles 
     0 input errors, 0 CRC, 0 frame, 0 overrun, 0 ignored, 0 abort
     0 packets output, 0 bytes, 0 underruns
     0 output errors, 0 collisions, 0 interface resets
     0 unknown protocol drops
     0 output buffer failures, 0 output buffers swapped out
Loopback188 is up, line protocol is up 
  Hardware is Loopback
  Internet address is 188.188.188.188/32
  MTU 1514 bytes, BW 8000000 Kbit/sec, DLY 5000 usec, 
     reliability 255/255, txload 1/255, rxload 1/255
  Encapsulation LOOPBACK, loopback not set
  Keepalive set (10 sec)
  Last input never, output never, output hang never
  Last clearing of "show interface" counters never
  Input queue: 0/75/0/0 (size/max/drops/flushes); Total output drops: 0
  Queueing strategy: fifo
  Output queue: 0/0 (size/max)
  5 minute input rate 0 bits/sec, 0 packets/sec
  5 minute output rate 0 bits/sec, 0 packets/sec
     0 packets input, 0 bytes, 0 no buffer
     Received 0 broadcasts (0 IP multicasts)
     0 runts, 0 giants, 0 throttles 
     0 input errors, 0 CRC, 0 frame, 0 overrun, 0 ignored, 0 abort
     0 packets output, 0 bytes, 0 underruns
     0 output errors, 0 collisions, 0 interface resets
     0 unknown protocol drops
     0 output buffer failures, 0 output buffers swapped out
Loopback189 is up, line protocol is up 
  Hardware is Loopback
  Internet address is 189.189.189.189/32
  MTU 1514 bytes, BW 8000000 Kbit/sec, DLY 5000 usec, 
     reliability 255/255, txload 1/255, rxload 1/255
  Encapsulation LOOPBACK, loopback not set
  Keepalive set (10 sec)
  Last input never, output never, output hang never
  Last clearing of "show interface" counters never
  Input queue: 0/75/0/0 (size/max/drops/flushes); Total output drops: 0
  Queueing strategy: fifo
  Output queue: 0/0 (size/max)
  5 minute input rate 0 bits/sec, 0 packets/sec
  5 minute output rate 0 bits/sec, 0 packets/sec
     0 packets input, 0 bytes, 0 no buffer
     Received 0 broadcasts (0 IP multicasts)
     0 runts, 0 giants, 0 throttles 
     0 input errors, 0 CRC, 0 frame, 0 overrun, 0 ignored, 0 abort
     0 packets output, 0 bytes, 0 underruns
     0 output errors, 0 collisions, 0 interface resets
     0 unknown protocol drops
     0 output buffer failures, 0 output buffers swapped out
Loopback190 is up, line protocol is up 
  Hardware is Loopback
  Internet address is 190.1.1.8/32
  MTU 1514 bytes, BW 8000000 Kbit/sec, DLY 5000 usec, 
     reliability 255/255, txload 1/255, rxload 1/255
  Encapsulation LOOPBACK, loopback not set
  Keepalive set (10 sec)
  Last input never, output never, output hang never
  Last clearing of "show interface" counters never
  Input queue: 0/75/0/0 (size/max/drops/flushes); Total output drops: 0
  Queueing strategy: fifo
  Output queue: 0/0 (size/max)
  5 minute input rate 0 bits/sec, 0 packets/sec
  5 minute output rate 0 bits/sec, 0 packets/sec
     0 packets input, 0 bytes, 0 no buffer
     Received 0 broadcasts (0 IP multicasts)
     0 runts, 0 giants, 0 throttles 
     0 input errors, 0 CRC, 0 frame, 0 overrun, 0 ignored, 0 abort
     0 packets output, 0 bytes, 0 underruns
     0 output errors, 0 collisions, 0 interface resets
     0 unknown protocol drops
     0 output buffer failures, 0 output buffers swapped out

------------------ show interfaces history ------------------



DEBUG:netmiko:read_channel:                                                  
 60 *                                                                       
 50 *                                                                       
 40 *                                                                       
 30 *                                                                       
 20 *                                                                       
 10 *                                                                       
   0....5....1....1....2....2....3....3....4....4....5....5....6....6....7..
             0    5    0    5    0    5    0    5    0    5    0    5    0  
                   CPU% per hour (last 72 hours)
                  * = maximum CPU%   # = average CPU%



------------------ show diag ------------------


c3700 IO-Board EEPROM:
	Hardware Revision        : 2.0
	Top Assy. Part Number    : 800-14462-01
	Board Revision           : B0
	Deviation Number         : 0-0
	Fab Version              : 03
	PCB Serial Number        : XXXXXXXXXXX
	RMA Test History         : 00
	RMA Number               : 0-0-0-0
	RMA History              : 00
	Calibration Data         : Minimum: -1 dBmV, Maximum: -1 dBmV
	      Calibration values : 0xFFFF 0xFFFF 0xFFFF 0xC28B 0x5858 0x5858 
	                           0x5858 0x5858 0x5858 0x58FF 0xFFFF 0xFFFF 
	                           0xFFFF 0xFFFF 0xFFFF 0xFFFF 0xFFFF 0xFFFF 
	                           0xFFFF 0xFFFF 0xFFFF 0xFFFF 0xFFFF 0xFFFF 
	                           0xFFFF 0xFFFF 0xFFFF 0xFFFF 0xFFFF 0xFFFF 
	                           0xFFFF 0xFFFF 0xFFFF 0xFFFF 0xFFFF 0xFFFF 
	                           0xFFFF 0xFF15 0xA3C7 0x8B00 0x0000 0x0062 
	                           0x5519 0xE465 0xF863 0x9CEF 0x4321 0xCD62 
	                           0x551A 0x700B 0x0D0B 0x0D0B 0x0D0B 0x0D0B 
	                           0x0D0B 0x0D0B 0x0D0B 0x0D0B 0x0D0B 0x0D0B 
	                           0x0D0B 0x0D0B 0x0D0B 0x0D0B 0x0D0B 0x0D0B 
	                           0x0D0B 0x0D0B 0x0D0B 0x0D0B 0x0D0B 0x0D0B 
	                           0x0D0B 0x0D0B 0x0D0B 0x0D0B 0x0D0B 0x0D0B 
	                           0x0D0B 0x0D0B 0x0D0B 0x0D0B 0x0D0B 0x0D0B 
	                           0x0D0B 0x0D0B 0x0D0B 0x0D0B 0x0D0B 0x0D0B 
	                           0x0D0B 0x0D0B 0x0D0B 0x0D0B 0x0D0B 0x0D0B 
	                           0x0D0B 0x0D0B 0x0D0B 0x0D0B 0x0D0B 0x0D0B 
	                           0x0D0B 0x0D0B 0x0D0B 0x0D0B 0x0D0B 0x0D0B 
	                           0x0D0B 0x0D15 0xA3C7 0x8B00 0x0000 0x0062 
	                           0x5519 0xE465 0xF863 0x9CEF 0x4321 0xCD62 
	                           0x551A 0x700B 0x0D0B 0x0D0B 0x0D0B 0x0D0B 
	                           0x0D0B 0x0D0B 0x0D0B 0x0D0B 0x0D0B 0x0D0B 
	                           0x0D0B 0x0D0B 0x0D0B 0x0D0B 0x0D0B 0x0D0B 
	                           0x0D0B 0x0D0B 0x0D0B 0x0D0B 0x0D0B 0x0D0B 
	                           0x0D0B 0x0D0B 0x0D0B 0x0D0B 0x0D0B 0x0D0B 
	                           0x0D0B 0x0D0B 0x0D0B 0x0D0B 0x0D0B 0x0D0B 
	                           0x0D0B 0x0D0B 0x0D0B 0x0D0B 0x0D0B 0x0D0B 
	                           0x0D0B 0x0D0B 0x0D0B 0x0D0B 0x0D0B 0x0D0B 
	                           0x0D0B 0x0D0B 0x0D0B 0x0D0B 0x0D0B 0x0D0B 
	                           0x0D0B 0x0D0B 0x0D0B 0x0D0B 0x0D0B 0x0D0B 
	                           0x0D0B 0x0D15 0xA3C7 0x8B00 0x0000 0x0062 
	                           0x5519 0xE465 0xF863 0x9CEF 0x4321 0xCD62 
	                           0x551A 0x700B 0x0D0B 0x0D0B 0x0D0B 0x0D0B 
	                           0x0D0B 0x0D0B 0x0D0B 0x0D0B 0x0D0B 0x0D0B 
	                           0x0D0B 0x0D0B 0x0D0B 0x0D0B 0x0D0B 0x0D0B 
	                           0x0D0B 0x0D0B 0x0D0B 0x0D0B 0x0D0B 0x0D0B 
	                           0x0D0B 0x0D0B 0x0D0B 0x0D0B 0x0D0B 0x0D0B 
	                           0x0D0B 0x0D0B 0x0D0B 0x0D0B 0x0D0B 0x0D0B 
	                           0x0D0B 0x0D0B 0x0D0B 0x0D0B 0x0D0B 0x0D0B 
	                           0x0D0B 0x0D0B 0x0D0B 0x0D0B 0x0D0B 0x0D0B 
	                           0x0D0B 0x0D0B 0x0D0B 0x0D0B 0x0D0B 0x0D0B 
	                           0x0D0B 0x0D0B 0x0D0B 0x0D0B 0x0D0B 0x0D0B 
	                           0x0D0B 0x0D15 0xA3C7 
	Chassis Serial Number    : XXXXXXXXXXX
	EEPROM format version 4
	EEPROM contents (hex):
	  0x00: 04 FF 40 02 F8 41 02 00 C0 46 03 20 00 38 7E 01
	  0x10: 42 42 30 80 00 00 00 00 02 03 C1 8B 58 58 58 58
	  0x20: 58 58 58 58 58 58 58 03 00 81 00 00 00 00 04 00
	  0x30: C8 09 FF FF FF FF FF FF FF FF FF C2 8B 58 58 58
	  0x40: 58 58 58 58 58 58 58 58 FF FF FF FF FF FF FF FF
	  0x50: FF FF FF FF FF FF FF FF FF FF FF FF FF FF FF FF
	  0x60: FF FF FF FF FF FF FF FF FF FF FF FF FF FF FF FF
	  0x70: FF FF FF FF FF FF FF FF FF FF FF FF FF FF FF FF
c3700 Mid-Plane EEPROM:
	Hardware Revision        : 2.0
	Top Assy. Part Number    : 800-12289-01
	Board Revision           : A0
	Deviation Number         : 0-0
	Fab Version              : 05
	PCB Serial Number        : XXXXXXXXXXX
	RMA Test History         : 00
	RMA Number               : 0-0-0-0
	RMA History              : 00
	Calibration Data         : Minimum: -1 dBmV, Maximum: -1 dBmV
	      Calibration values : 0xFFFF 0xFFFF 0xFFFF 0xC306 0xC405 0x0B16 
	                           0x0000 0x4300 0x50C2 0x8B46 0x5458 0x3039 
	                           0x3435 0x5730 0x4D59 0xFFFF 0xFFFF 0xFFFF 
	                           0xFFFF 0xFFFF 0xFFFF 0xFFFF 0xFFFF 0xFFFF 
	                           0xFFFF 0xFFFF 0xFFFF 0xFFFF 0xFFFF 0xFFFF 
	                           0xFFFF 0xFFFF 0xFFFF 0xFFFF 0xFFFF 0xFFFF 
	                           0xFFFF 0xFF15 0xA3C7 0x8B00 0x0000 0x0062 
	                           0x5519 0xE465 0xF863 0x9CEF 0x4321 0xCD62 
	                           0x551A 0x700B 0x0D0B 0x0D0B 0x0D0B 0x0D0B 
	                           0x0D0B 0x0D0B 0x0D0B 0x0D0B 0x0D0B 0x0D0B 
	                           0x0D0B 0x0D0B 0x0D0B 0x0D0B 0x0D0B 0x0D0B 
	                           0x0D0B 0x0D0B 0x0D0B 0x0D0B 0x0D0B 0x0D0B 
	                           0x0D0B 0x0D0B 0x0D0B 0x0D0B 0x0D0B 0x0D0B 
	                           0x0D0B 0x0D0B 0x0D0B 0x0D0B 0x0D0B 0x0D0B 
	                           0x0D0B 0x0D0B 0x0D0B 0x0D0B 0x0D0B 0x0D0B 
	                           0x0D0B 0x0D0B 0x0D0B 0x0D0B 0x0D0B 0x0D0B 
	                           0x0D0B 0x0D0B 0x0D0B 0x0D0B 0x0D0B 0x0D0B 
	                           0x0D0B 0x0D0B 0x0D0B 0x0D0B 0x0D0B 0x0D0B 
	                           0x0D0B 0x0D15 0xA3C7 0x8B00 0x0000 0x0160 
	                           0x263C 0x2865 0xF863 0x9C04 0xFF40 0x02F8 
	                           0x4102 0x00C0 0x4603 0x2000 0x387E 0x0142 
	                           0x4230 0x8000 0x0000 0x0002 0x03C1 0x8B58 
	                           0x5858 0x5858 0x5858 0x5858 0x5858 0x0300 
	                           0x8100 0x0000 0x0004 0x00C8 0x09FF 0xFFFF 
	                           0xFFFF 0xFFFF 0xFFFF 0xC28B 0x5858 0x5858 
	                           0x5858 0x5858 0x5858 0x58FF 0xFFFF 0xFFFF 
	                           0xFFFF 0xFFFF 0xFFFF 0xFFFF 0xFFFF 0xFFFF 
	                           0xFFFF 0xFFFF 0xFFFF 0xFFFF 0xFFFF 0xFFFF 
	                           0xFFFF 0xFFFF 0xFFFF 0xFFFF 0xFFFF 0xFFFF 
	                           0xFFFF 0xFFFF 0xFFFF 0xFFFF 0xFFFF 0xFFFF 
	                           0xFFFF 0xFF15 0xA3C7 0x8B00 0x0000 0x0062 
	                           0x5519 0xE465 0xF863 0x9CEF 0x4321 0xCD62 
	                           0x551A 0x700B 0x0D0B 0x0D0B 0x0D0B 0x0D0B 
	                           0x0D0B 0x0D0B 0x0D0B 0x0D0B 0x0D0B 0x0D0B 
	                           0x0D0B 0x0D0B 0x0D0B 0x0D0B 0x0D0B 0x0D0B 
	                           0x0D0B 0x0D0B 0x0D0B 0x0D0B 0x0D0B 0x0D0B 
	                           0x0D0B 0x0D0B 0x0D0B 0x0D0B 0x0D0B 0x0D0B 
	                           0x0D0B 0x0D0B 0x0D0B 0x0D0B 0x0D0B 0x0D0B 
	                           0x0D0B 0x0D0B 0x0D0B 0x0D0B 0x0D0B 0x0D0B 
	                           0x0D0B 0x0D0B 0x0D0B 0x0D0B 0x0D0B 0x0D0B 
	                           0x0D0B 0x0D0B 0x0D0B 0x0D0B 0x0D0B 0x0D0B 
	                           0x0D0B 0x0D0B 0x0D0B 0x0D0B 0x0D0B 0x0D0B 
	                           0x0D0B 0x0D15 0xA3C7 
	Chassis MAC Address      : c405.0b16.0000
	MAC Address block size   : 80
	Chassis Serial Number    : FTX0945W0MY
	EEPROM format version 4
	EEPROM contents (hex):
	  0x00: 04 FF 40 03 3E 41 02 00 C0 46 03 20 00 30 01 01
	  0x10: 42 41 30 80 00 00 00 00 02 05 C1 8B 58 58 58 58
	  0x20: 58 58 58 58 58 58 58 03 00 81 00 00 00 00 04 00
	  0x30: C8 09 FF FF FF FF FF FF FF FF FF C3 06 C4 05 0B
	  0x40: 16 00 00 43 00 50 C2 8B 46 54 58 30 39 34 35 57
	  0x50: 30 4D 59 FF FF FF FF FF FF FF FF FF FF FF FF FF
	  0x60: FF FF FF FF FF FF FF FF FF FF FF FF FF FF FF FF
	  0x70: FF FF FF FF FF FF FF FF FF FF FF FF FF FF FF FF
Slot 0:
	C3745 Mother board 2FE(TX)-3W Port adapter, 2 ports
	Port adapter is analyzed 
	Port adapter insertion time 01:23:40 ago
	EEPROM contents at hardware discovery:
	PCB Serial Number        : XXXXXXXXXXX
	Processor type           : 69 
	Top Assy. Part Number    : 800-15934-03
	Board Revision           : A0
	Fab Part Number          : 28-4672-04
	Deviation Number         : 65535-65535
	Manufacturing Test Data  : FF FF FF FF FF FF FF FF 
	RMA Number               : 0-0-0-0
	RMA History              : 00
	RMA Test History         : 00
	Field Diagnostics Data   : FF FF FF FF FF FF FF FF 
	Hardware Revision        : 2.0
	Fab Version              : 04
	Chassis Serial Number    : XXXXXXXXXXX
	Product (FRU) Number     : C3745-2FE
	EEPROM format version 4
	EEPROM contents (hex):
	  0x00: 04 FF C1 8B 58 58 58 58 58 58 58 58 58 58 58 09
	  0x10: 69 40 02 F7 C0 46 03 20 00 3E 3E 03 42 41 30 85
	  0x20: 1C 12 40 04 80 FF FF FF FF C4 08 FF FF FF FF FF
	  0x30: FF FF FF 81 00 00 00 00 04 00 03 00 C5 08 FF FF
	  0x40: FF FF FF FF FF FF 41 02 00 02 04 C2 8B 58 58 58
	  0x50: 58 58 58 58 58 58 58 58 FF FF FF FF FF FF FF FF
	  0x60: FF FF FF FF FF FF FF FF FF FF FF FF FF FF FF FF
	  0x70: FF FF FF FF FF FF FF FF FF FF FF FF FF FF FF FF

Slot 1:
	Fast-ethernet Port adapter, 1 port
	Port adapter is analyzed 
	Port adapter insertion time 01:23:40 ago
	EEPROM contents at hardware discovery:
	Hardware revision 1.0         	Board revision B0
	Serial number     7720321   	Part number    800-03490-01
	FRU Part Number     NM-1FE-TX=        
	Test history      0x0         	RMA number     00-00-00
	EEPROM format version 1
	EEPROM contents (hex):
	  0x00: 01 44 01 00 00 75 CD 81 50 0D A2 01 00 00 00 00
	  0x10: 58 00 00 00 98 03 20 00 FF FF FF FF FF FF FF FF
	  0x20: FF FF FF FF FF FF FF FF FF FF FF FF FF FF FF FF
	  0x30: FF FF FF FF FF FF FF FF FF FF FF FF

Slot 2:
	Fast-ethernet Port adapter, 1 port
	Port adapter is analyzed 
	Port adapter insertion time 01:23:40 ago
	EEPROM contents at hardware discovery:
	Hardware revision 1.0         	Board revision B0
	Serial number     7720321   	Part number    800-03490-01
	FRU Part Number     NM-1FE-TX=        
	Test history      0x0         	RMA number     00-00-00
	EEPROM format version 1
	EEPROM contents (hex):
	  0x00: 01 44 01 00 00 75 CD 81 50 0D A2 01 00 00 00 00
	  0x10: 58 00 00 00 98 03 20 00 FF FF FF FF FF FF FF FF
	  0x20: FF FF FF FF FF FF FF FF FF FF FF FF FF FF FF FF
	  0x30: FF FF FF FF FF FF FF FF FF FF FF FF

Slot 3:
	Fast-ethernet Port adapter, 1 port
	Port adapter is analyzed 
	Port adapter insertion time 01:23:40 ago
	EEPROM contents at hardware discovery:
	Hardware revision 1.0         	Board revision B0
	Serial number     7720321   	Part number    800-03490-01
	FRU Part Number     NM-1FE-TX=        
	Test history      0x0         	RMA number     00-00-00
	EEPROM format version 1
	EEPROM contents (hex):
	  0x00: 01 44 01 00 00 75 CD 81 50 0D A2 01 00 00 00 00
	  0x10: 58 00 00 00 98 03 20 00 FF FF FF FF FF FF FF FF
	  0x20: FF FF FF FF FF FF FF FF FF FF FF FF FF FF FF FF
	  0x30: FF FF FF FF FF FF FF FF FF FF FF FF




------------------ show platform ------------------

 3745 Network IO Interrupt Throttling:
 throttle count=0, timer count=0
 active=0, configured=0
 netint usec=4000, netint mask usec=1000
 IO Mask1 7, IO Mask2 1711
 Per Slot Intr Mask is 7

3745 Backplane EEPROM:
	Hardware Revision        : 2.0
	Top Assy. Part Number    : 800-14462-01
	Board Revision           : B0
	Deviation Number         : 0-0
	Fab Version              : 03
	PCB Serial Number        : XXXXXXXXXXX
	RMA Test History         : 00
	RMA Number               : 0-0-0-0
	RMA History              : 00
	Calibration Data         : Minimum: -1 dBmV, Maximum: -1 dBmV
	      Calibration values : 0xFFFF 0xFFFF 0xFFFF 0xC28B 0x5858 0x5858 
	                           0x5858 0x5858 0x5858 0x58FF 0xFFFF 0xFFFF 
	                           0xFFFF 0xFFFF 0xFFFF 0xFFFF 0xFFFF 0xFFFF 
	                           0xFFFF 0xFFFF 0xFFFF 0xFFFF 0xFFFF 0xFFFF 
	                           0xFFFF 0xFFFF 0xFFFF 0xFFFF 0xFFFF 0xFFFF 
	                           0xFFFF 0xFFFF 0xFFFF 0xFFFF 0xFFFF 0xFFFF 
	                           0xFFFF 0xFF15 0xA3C7 0x8B00 0x0000 0x0160 
	                           0x263C 0x2865 0xF863 0x9C04 0xFF40 0x02F8 
	                           0x4102 0x00C0 0x4603 0x2000 0x387E 0x0142 
	                           0x4230 0x8000 0x0000 0x0002 0x03C1 0x8B58 
	                           0x5858 0x5858 0x5858 0x5858 0x5858 0x0300 
	                           0x8100 0x0000 0x0004 0x00C8 0x09FF 0xFFFF 
	                           0xFFFF 0xFFFF 0xFFFF 0xC28B 0x5858 0x5858 
	                           0x5858 0x5858 0x5858 0x58FF 0xFFFF 0xFFFF 
	                           0xFFFF 0xFFFF 0xFFFF 0xFFFF 0xFFFF 0xFFFF 
	                           0xFFFF 0xFFFF 0xFFFF 0xFFFF 0xFFFF 0xFFFF 
	                           0xFFFF 0xFFFF 0xFFFF 0xFFFF 0xFFFF 0xFFFF 
	                           0xFFFF 0xFFFF 0xFFFF 0xFFFF 0xFFFF 0xFFFF 
	                           0xFFFF 0xFF15 0xA3C7 0x8B00 0x0000 0x0062 
	                           0x5519 0xE465 0xF863 0x9CEF 0x4321 0xCD62 
	                           0x551A 0x700B 0x0D0B 0x0D0B 0x0D0B 0x0D0B 
	                           0x0D0B 0x0D0B 0x0D0B 0x0D0B 0x0D0B 0x0D0B 
	                           0x0D0B 0x0D0B 0x0D0B 0x0D0B 0x0D0B 0x0D0B 
	                           0x0D0B 0x0D0B 0x0D0B 0x0D0B 0x0D0B 0x0D0B 
	                           0x0D0B 0x0D0B 0x0D0B 0x0D0B 0x0D0B 0x0D0B 
	                           0x0D0B 0x0D0B 0x0D0B 0x0D0B 0x0D0B 0x0D0B 
	                           0x0D0B 0x0D0B 0x0D0B 0x0D0B 0x0D0B 0x0D0B 
	                           0x0D0B 0x0D0B 0x0D0B 0x0D0B 0x0D0B 0x0D0B 
	                           0x0D0B 0x0D0B 0x0D0B 0x0D0B 0x0D0B 0x0D0B 
	                           0x0D0B 0x0D0B 0x0D0B 0x0D0B 0x0D0B 0x0D0B 
	                           0x0D0B 0x0D15 0xA3C7 0x8B00 0x0000 0x0062 
	                           0x5519 0xE465 0xF863 0x9CEF 0x4321 0xCD62 
	                           0x551A 0x700B 0x0D0B 0x0D0B 0x0D0B 0x0D0B 
	                           0x0D0B 0x0D0B 0x0D0B 0x0D0B 0x0D0B 0x0D0B 
	                           0x0D0B 0x0D0B 0x0D0B 0x0D0B 0x0D0B 0x0D0B 
	                           0x0D0B 0x0D0B 0x0D0B 0x0D0B 0x0D0B 0x0D0B 
	                           0x0D0B 0x0D0B 0x0D0B 0x0D0B 0x0D0B 0x0D0B 
	                           0x0D0B 0x0D0B 0x0D0B 0x0D0B 0x0D0B 0x0D0B 
	                           0x0D0B 0x0D0B 0x0D0B 0x0D0B 0x0D0B 0x0D0B 
	                           0x0D0B 0x0D0B 0x0D0B 0x0D0B 0x0D0B 0x0D0B 
	                           0x0D0B 0x0D0B 0x0D0B 0x0D0B 0x0D0B 0x0D0B 
	                           0x0D0B 0x0D0B 0x0D0B 0x0D0B 0x0D0B 0x0D0B 
	                           0x0D0B 0x0D15 0xA3C7 
	Chassis Serial Number    : XXXXXXXXXXX
	EEPROM format version 4
	EEPROM contents (hex):
	  0x00: 04 FF 40 02 F8 41 02 00 C0 46 03 20 00 38 7E 01
	  0x10: 42 42 30 80 00 00 00 00 02 03 C1 8B 58 58 58 58
	  0x20: 58 58 58 58 58 58 58 03 00 81 00 00 00 00 04 00
	  0x30: C8 09 FF FF FF FF FF FF FF FF FF C2 8B 58 58 58
	  0x40: 58 58 58 58 58 58 58 58 FF FF FF FF FF FF FF FF
	  0x50: FF FF FF FF FF FF FF FF FF FF FF FF FF FF FF FF
	  0x60: FF FF FF FF FF FF FF FF FF FF FF FF FF FF FF FF
	  0x70: FF FF FF FF FF FF FF FF FF FF FF FF FF FF FF FF

TLB entries :
Size  Virt Address range      Phy Address range       Attributes
 1M   0x3C000000:0x3C1FFFFF   0x3C000000:0x3C1FFFFF   CacheMode=2, RW, Valid
 16M  0x30000000:0x31FFFFFF   0x30000000:0x31FFFFFF   CacheMode=2, RW, Valid
 16M  0x32000000:0x33FFFFFF   0x32000000:0x33FFFFFF   CacheMode=2, RW, Valid
 4M   0x3A000000:0x3A7FFFFF   0x4A000000:0x4A7FFFFF   CacheMode=2, RW, Valid
 4M   0x3A800000:0x3AFFFFFF   0x4A800000:0x4AFFFFFF   CacheMode=2, RW, Valid
 1M   0x24000000:0x241FFFFF   0x24000000:0x241FFFFF   CacheMode=2, RW, Valid
 4M   0x3D000000:0x3D7FFFFF   0x4D000000:0x4D7FFFFF   CacheMode=2, RW, Valid
 4M   0x3E000000:0x3E7FFFFF   0x4D800000:0x4DFFFFFF   CacheMode=2, RW, Valid
 4M   0x3D800000:0x3DFFFFFF   0x4E000000:0x4E7FFFFF   CacheMode=2, RW, Valid
 4M   0x3E800000:0x3EFFFFFF   0x4E800000:0x4EFFFFFF   CacheMode=2, RW, Valid
 1M   0x3C200000:0x3C3FFFFF   0x3C200000:0x3C3FFFFF   CacheMode=2, RW, Valid
 16M  0x60000000:0x61FFFFFF   0x00000000:0x01FFFFFF   CacheMode=3, RO, Valid
 4M   0x62000000:0x627FFFFF   0x02000000:0x027FFFFF   CacheMode=3, RO, Valid
 1M   0x62800000:0x629FFFFF   0x02800000:0x029FFFFF   CacheMode=3, RO, Valid
 256K 0x62A00000:0x62A7FFFF   0x02A00000:0x02A7FFFF   CacheMode=3, RO, Valid
 64K  0x62A80000:0x62A9FFFF   0x02A80000:0x02A9FFFF   CacheMode=3, RO, Valid
 64K  0x62AA0000:0x62ABFFFF   0x02AA0000:0x02ABFFFF   CacheMode=3, RO, Valid
 64K  0x62AC0000:0x62ADFFFF   0x02AC0000:0x02ADFFFF   CacheMode=3, RW, Valid
 64K  0x62AE0000:0x62AFFFFF   0x02AE0000:0x02AFFFFF   CacheMode=3, RW, Valid
 256K 0x62B00000:0x62B7FFFF   0x02B00000:0x02B7FFFF   CacheMode=3, RW, Valid
 256K 0x62B80000:0x62BFFFFF   0x02B80000:0x02BFFFFF   CacheMode=3, RW, Valid
 1M   0x62C00000:0x62DFFFFF   0x02C00000:0x02DFFFFF   CacheMode=3, RW, Valid
 1M   0x62E00000:0x62FFFFFF   0x02E00000:0x02FFFFFF   CacheMode=3, RW, Valid
 4M   0x63000000:0x637FFFFF   0x03000000:0x037FFFFF   CacheMode=3, RW, Valid
 4M   0x6380
DEBUG:netmiko:read_channel: 
Current configuration : 3665 bytes
!
version 15.2
service timestamps debug datetime msec
service timestamps log datetime msec
!
hostname CAMP-1
!
boot-start-marker
boot-end-marker
!
!
enable secret 5 <removed>
!
no aaa new-model
no ip icmp rate-limit unreachable
ip cef
!
!
!
!
!
!
no ip domain lookup
ip domain name gns3.lab
no ipv6 cef
!
!
multilink bundle-name authenticated
!
!
file prompt quiet
!
!
!
!
!
username admin password 0 <removed>
username suhas privilege 15 password 0 <removed>
!
!
ip tcp synwait-time 5
ip ssh version 2
ip scp server enable
! 
!
!
!
!
!
!
!
!
!
!
!
interface Loopback151
 ip address 151.151.151.151 255.255.255.255
!
interface Loopback152
 ip address 152.152.152.152 255.255.255.255
!
interface Loopback153
 ip address 153.153.153.153 255.255.255.255
!
interface Loopback154
 ip address 154.154.154.154 255.255.255.255
!
interface Loopback155
 ip address 155.155.155.155 255.255.255.255
!
interface Loopback156
 ip address 156.156.156.156 255.255.255.255
!
interface Loopback157
 ip address 157.157.157.157 255.255.255.255
!
interface Loopback158
 ip address 158.158.158.158 255.255.255.255
!
interface Loopback159
 ip address 159.159.159.159 255.255.255.255
!
interface Loopback190
 ip address 190.1.1.6 255.255.255.255
!
interface FastEthernet0/0
 ip address 192.168.200.1 255.255.255.252
 duplex full
!
interface FastEthernet1/0
 no ip address
 shutdown
 speed auto
 duplex full
!
interface FastEthernet1/1
 no ip address
 shutdown
 speed auto
 duplex full
!
interface FastEthernet2/0
 no ip address
 shutdown
 speed auto
 duplex full
!
interface FastEthernet2/1
 no ip address
 shutdown
 speed auto
 duplex full
!
interface FastEthernet3/0
 description *****MNGMT*****
 ip address 123.123.1.16 255.255.255.0
 speed auto
 duplex full
!
interface FastEthernet3/1
 no ip address
 shutdown
 speed auto
 duplex full
!
!
router eigrp 200
 network 151.151.151.151 0.0.0.0
 network 152.152.152.152 0.0.0.0
 network 153.153.153.153 0.0.0.0
 network 154.154.154.154 0.0.0.0
 network 155.155.155.155 0.0.0.0
 network 156.156.156.156 0.0.0.0
 network 157.157.157.157 0.0.0.0
 network 158.158.158.158 0.0.0.0
 network 159.159.159.159 0.0.0.0
 network 190.1.1.6 0.0.0.0
 network 192.168.200.0 0.0.0.3
!
ip forward-protocol nd
!
!
no ip http server
no ip http secure-server
!
ip access-list extended interface_acl
 remark Allow EAPoUDP
 permit udp any any eq 21862
 remark Allow DHCP
 permit udp any eq bootpc any eq bootps
 remark Allow DNS
 permit udp any any eq domain
 remark Allow HTTP access to update server
 permit tcp any host 10.0.200.30 eq www
 remark Allow ICMP for test purposes
 permit icmp any any
 remark Implicit Deny
 deny   ip any any
 permit tcp any host 190.1.1.9 eq www
 permit tcp any host 191.191.191.191 eq www
 permit tcp any host 192.192.192.192 eq www
 permit tcp any host 193.193.193.193 eq www
 permit tcp any host 194.194.194.194 eq www
 permit tcp any host 195.195.195.195 eq www
 permit tcp any host 196.196.196.196 eq www
 permit tcp any host 197.197.197.197 eq www
 permit tcp any host 198.198.198.198 eq www
 permit tcp any host 199.199.199.199 eq www
!
access-list 102 deny   tcp any any eq ftp
access-list 102 deny   tcp any any eq ftp-data
access-list 102 deny   tcp any any eq telnet
access-list 102 deny   tcp any any eq www
access-list 102 deny   tcp any any eq whois
access-list 102 deny   tcp any any eq talk
access-list 102 deny   tcp any any eq gopher
access-list 102 permit ip any any
!
!
!
control-plane
!
!
line con 0
 exec-timeout 0 0
 privilege level 15
 logging synchronous
 stopbits 1
line aux 0
 exec-timeout 0 0
 privilege level 15
 logging synchronous
 stopbits 1
line vty 0 4
 login local
 transport input ssh
!
!
end


------------------ show stacks ------------------


Minimum process stacks:
 Free/Size   Name
 4964/6000   CDP BLOB
 7972/9000   EEM ED RF
 7976/9000   EM ED GOLD
10848/12000  MRIB IPv6 Init Process
10948/12000  MRIB IPv4 Init Process
 3688/6000   EEM Shell Director
58584/60000  EEM Auto Registration Proc
 4948/6000   SASL MAIN
 1908/3000   LIM WAVL
10820/12000  Router Init
 7880/9000   EIGRP-IPv4
18936/24000  Init
10952/12000  cdp init process
 4716/6000   RADIUS INITCONFIG
 4820/6000   URPF stats
 1952/3000   Rom Random Update Process
 6716/12000  SSH Process

Interrupt level stacks:
Level    Called Unused/Size  Name
  1        5117   7872/9000  Network interfaces
  2        1196   8568/9000  DMA/Timer Interrupt
  3           0   9000/9000  PA Management Int Handler
  4      207982   8640/9000  Console Uart
  5           0   9000/9000  OIR/Error Interrupt
  7      954461   8528/9000  NMI Interrupt Handler

DEBUG:netmiko:read_channel: 
DEBUG:netmiko:read_channel: 
DEBUG:netmiko:read_channel: 
DEBUG:netmiko:read_channel: 
DEBUG:netmiko:read_channel: 
DEBUG:netmiko:read_channel: 
DEBUG:netmiko:read_channel: 
------------------ show controllers ------------------


Interface FastEthernet0/0
Hardware is DEC21140
 dec21140_ds=0x668E42B8, registers=0x3C0C0000, ib=0xE188080
 rx ring entries=128, tx ring entries=256, af setup failed=0
 rxring=0x7E188180, rxr shadow=0x668E4868, rx_head=94, rx_tail=0
 txring=0x7E1889C0, txr shadow=0x668E4A9C, tx_head=105, tx_tail=105, tx_count=0
 PHY link up
 CSR0=0x29082, CSR3=0xE188180, CSR4=0xE1889C0, CSR5=0x360000
 CSR6=0x20CA202, CSR7=0x1A261, CSR8=0x0, CSR9=0x54000
 CSR11=0x0, CSR12=0x98, CSR15=0x0
 TX state: running - reading buffer
 RX state: running - waiting for rx packet
 Far End Fault Indication (For FX Interface): OFF
 DEC21140 PCI registers:
  bus_no=0, device_no=6
  CFID=0x00091011, CFCS=0x00000000, CFRV=0x02000011, CFLT=0x00000000
  CBIO=0x00000000, CBMA=0x480C0000, CFIT=0x00000000, CFDA=0x00000000
 MII registers:
  Register 0x00:   2100  0004  0000  0000  0000  0000  0000  0000
  Register 0x08:   0000  0000  0000  0000  0000  0000  0000  0000
  Register 0x10:   0000  0000  0000  0000  0000  0000  0000  0000
  Register 0x18:   0000  0000  0000  0000  0000  0000  0000  0000
 Software MAC address filter(hash:length/addr/mask/hits):
 need_af_check = 0 
  0x00:  0  ffff.ffff.ffff  0000.0000.0000         0
  0x0B:  0  ca08.0b51.0000  0000.0000.0000         0
  0x58:  0  0100.5e00.0006  0000.0000.0000         0
  0x5B:  0  0100.5e00.0005  0000.0000.0000         0
  0xC0:  0  0100.0ccc.cccc  0000.0000.0000         0
 throttled=0, enabled=0, disabled=0
 rx_fifo_overflow=0, rx_no_enp=0, rx_state=0
 tx_underrun_err=0, tx_jabber_timeout=0, tx_carrier_loss=0
 tx_no_carrier=0, tx_late_collision=0, tx_excess_coll=0
 tx_collision_cnt=0, tx_deferred=0, fatal_tx_err=0, tbl_overflow=0
 rx_pak_len_err = 0, filtered_pak_cnt = 0 
 tx_limited=0(256)
 HW addr filter: 0xE19CA40, ISL Disabled
  Entry= 0:  Addr=0100.0CCC.CCCC
  Entry= 1:  Addr=0100.5E00.0005
  Entry= 2:  Addr=0100.5E00.0006
  Entry= 3:  Addr=FFFF.FFFF.FFFF
  Entry= 4:  Addr=FFFF.FFFF.FFFF
  Entry= 5:  Addr=FFFF.FFFF.FFFF
  Entry= 6:  Addr=FFFF.FFFF.FFFF
  Entry= 7:  Addr=FFFF.FFFF.FFFF
  Entry= 8:  Addr=FFFF.FFFF.FFFF
  Entry= 9:  Addr=FFFF.FFFF.FFFF
  Entry=10:  Addr=FFFF.FFFF.FFFF
  Entry=11:  Addr=FFFF.FFFF.FFFF
  Entry=12:  Addr=FFFF.FFFF.FFFF
  Entry=13:  Addr=FFFF.FFFF.FFFF
  Entry=14:  Addr=FFFF.FFFF.FFFF
  Entry=15:  Addr=CA08.0B51.0000

Interface FastEthernet1/0 (idb 0x668ED80C)
Hardware is i82543 (Livengood) 3?
  network link is up  
  Config is Auto Speed, Full Duplex
  loopback type is none
  10/100 PHY is enabled (MII mode)
 i82543 MAC registers:
      Cannot display registers while
     Controller is in shutdown state!
 PHY registers:
  PHY is LXT971
  Register 0x00:   2800  782C  0013  61D4  01E1  41E1  0001  0000
  Register 0x08:   0000  ----  ----  ----  ----  ----  ----  ----
  Register 0x10:   0100  4700  0000  0000  0450  ----  ----  ----
  Register 0x18:   ----  ----  ----  ----  ----  ----  0000
  PHY says Link is UP, Speed 100Mbps, Full-Duplex, AUTONEG complete
  PHY is POWERED DOWN
 PCI configuration registers:
  bus_no=5, device_no=0
  DeviceID=0x1001, VendorID=0x8086, Command=0x0000, Status=0x0000
  Class=0x02/0x00/0x00, Revision=0x03, LatencyTimer=0x00, CacheLineSize=0x00
  BaseAddr0=0x48800000, BaseAddr1=0x00000000, MaxLat=0x00, MinGnt=0x00
  SubsysDeviceID=0x0000, SubsysVendorID=0x0000
  Cap_Ptr=0x00000000  Retry/TRDY Timeout=0x00000000
  PMC=0x00000000  PMCSR=0x00000000
 i82543 Internal Driver Information:
  lc_ip_turbo_fs=0x631BB894, ip_routecache=0x11(dfs=0/mdfs=0)
  i82543_ds=0x668EEA1C, registers=0x3C800000
  rx cache size=400, rx cache end=272, rx_nobuffer=0
  max_mtu=1524
 Software MAC address filter(hash:length/addr/mask/hits):
 need_af_check = 0 
  0x00:  0  ffff.ffff.ffff  0000.0000.0000         0
  0x17:  0  ca08.0b51.001c  0000.0000.0000         0
  0xC0:  0  0100.0ccc.cccc  0000.0000.0000         0
  ring sizes: RX=128, TX=256
  rxring=0x7E1C6000, shadow=0x668EF270, head=0, rx_buf_size=512
  txring=0x0E1C7000, shadow=0x668EF4A4, head=0, tail=0
  chip_state=3, pci_rev=3
  tx_count=0, tx_limited=0 (256)
  rx_overrun=0, rx_seq=0, rx_no_enp=0, rx_discard=0, filtered_pak=0
  throttled=0, enabled=0, disabled=0, bypassed=0
  reset=1(init=1, check=0, restart=0, pci=0), auto_restart=1
  link_reset=0, tx_carrier_loss=0, fatal_tx_err=0
  isl_err=0, wait_for_last_tdt=0, rx_stuck=0
  tx_stuck=0,  rx_max_spin=1, rx_bad_particle=0
 HW addr filter: 0x668EFCD8, ISL disabled, Promiscuous mode multicast
  Entry= 0:  Addr=CA08.0B51.001C
  (All other entries are empty)
 i82543 Statistics
  CRC error        0             Symbol error     0           
  Missed Packets   0             Single Collision 0           
  Excessive Coll   0             Multiple Coll    0           
  Late Coll        0             Collision        0           
  Defer            0             Receive Length   0           
  Alignment Error  0             XON RX           0           
  XON TX           0             XOFF RX          0           
  XOFF TX          0             FC RX Unsupport  0           
  Packet RX (64)   0             Packet RX (127)  0           
  Packet RX (255)  0             Packet RX (511)  0           
  Packet RX (1023) 0             Packet RX (1522) 0           
  Good Packet RX   0             Broadcast RX     0           
  Multicast RX     0             Good Packet TX   0           
  Good Octets RX.H 0             Good Octets RX.L 0           
  Good Octets TX.H 0             Good Octets TX.L 0           
  RX No Buff       0             RX Undersize     0           
  RX Fragment      0             RX Oversize      0           
  RX Octets High   0             RX Octets Low    0           
  TX Octets High   0             TX Octets Low    0           
  TX Packet	   0             RX Packet        0           
  TX Broadcast     0             TX Multicast     0           
  Packet TX (64)   0             Packet TX (127)  0           
  Packet TX (255)  0             Packet TX (511)  0           
  Packet TX (1023) 0             Packet TX (1522) 0           
  TX Underruns     0             TX No CRS        0           
  RX Error Count   0             RX DMA Underruns 0           
  RX Carrier Ext   0           
  TCP Segmentation 0             TCP Seg Failed   0           
Interface FastEthernet1/1 (idb 0x668FB458)
Hardware is i82543 (Livengood) 3?
  network link is up  
  Config is Auto Speed, Full Duplex
  loopback type is none
  10/100 PHY is enabled (MII mode)
 i82543 MAC registers:
      Cannot display registers while
     Controller is in shutdown state!
 PHY registers:
  PHY is LXT971
  Register 0x00:   2800  782C  0013  61D4  01E1  41E1  0001  0000
  Register 0x08:   0000  ----  ----  ----  ----  ----  ----  ----
  Register 0x10:   0100  4700  0000  0000  0450  ----  ----  ----
  Register 0x18:   ----  ----  ----  ----  ----  ----  0000
  PHY says Link is UP, Speed 100Mbps, Full-Duplex, AUTONEG complete
  PHY is POWERED DOWN
 PCI configuration registers:
  bus_no=5, device_no=1
  DeviceID=0x1001, VendorID=0x8086, Command=0x0000, Status=0x0000
  Class=0x02/0x00/0x00, Revision=0x03, LatencyTimer=0x00, CacheLineSize=0x00
  BaseAddr0=0x48820000, BaseAddr1=0x00000000, MaxLat=0x00, MinGnt=0x00
  SubsysDeviceID=0x0000, SubsysVendorID=0x0000
  Cap_Ptr=0x00000000  Retry/TRDY Timeout=0x00000000
  PMC=0x00000000  PMCSR=0x00000000
 i82543 Internal Driver Information:
  lc_ip_turbo_fs=0x631BB894, ip_routecache=0x11(dfs=0/mdfs=0)
  i82543_ds=0x668FC668, registers=0x3C820000
  rx cache size=400, rx cache end=272, rx_nobuffer=0
  max_mtu=1524
 Software MAC address filter(hash:length/addr/mask/hits):
 need_af_check = 0 
  0x00:  0  ffff.ffff.ffff  0000.0000.0000         0
  0x16:  0  ca08.0b51.001d  0000.0000.0000         0
  0xC0:  0  0100.0ccc.cccc  0000.0000.0000         0
  ring sizes: RX=128, TX=256
  rxring=0x7E259000, shadow=0x668FCD40, head=0, rx_buf_size=512
  txring=0x0E25A000, shadow=0x668FCF74, head=0, tail=0
  chip_state=3, pci_rev=3
  tx_count=0, tx_limited=0 (256)
  rx_overrun=0, rx_seq=0, rx_no_enp=0, rx_discard=0, filtered_pak=0
  throttled=0, enabled=0, disabled=0, bypassed=0
  reset=1(init=1, check=0, restart=0, pci=0), auto_restart=1
  link_reset=0, tx_carrier_loss=0, fatal_tx_err=0
  isl_err=0, wait_for_last_tdt=0, rx_stuck=0
  tx_stuck=0,  rx_max_spin=1, rx_bad_particle=0
 HW addr filter: 0x668FD7A8, ISL disabled, Promiscuous mode multicast
  Entry= 0:  Addr=CA08.0B51.001D
  (All other entries are empty)
 i82543 Statistics
  CRC error        0             Symbol error     0           
  Missed Packets   0             Single Collision 0           
  Excessive Coll   0             Multiple Coll    0           
  Late Coll        0             Collision        0           
  Defer            0             Receive Length   0           
  Alignment Error  0             XON RX           0           
  XON TX           0             XOFF RX          0           
  XOFF TX          0             FC RX Unsupport  0           
  Packet RX (64)   0             Packet RX (127)  0           
  Packet RX (255)  0             Packet RX (511)  0           
  Packet RX (1023) 0             Packet RX (1522) 0           
  Good Packet RX   0             Broadcast RX     0           
  Multicast RX     0             Good Packet TX   0           
  Good Octets RX.H 0             Good Octets RX.L 0           
  Good Octets TX.H 0             Good Octets TX.L 0           
  RX No Buff       0             RX Undersize     0           
  RX Fragment      0             RX Oversize      0           
  RX Octets High   0             RX Octets Low    0           
  TX Octets High   0             TX Octets Low    0           
  TX Packet	   0             RX Packet        0           
  TX Broadcast     0             TX Multicast     0           
  Packet TX (64)   0             Packet TX (127)  0           
  Packet TX (255)  0             Packet TX (511)  0           
  Packet TX (1023) 0             Packet TX (1522) 0           
  TX Underruns     0             TX No CRS        0           
  RX Error Count   0             RX DMA Underruns 0           
  RX Carrier Ext   0           
  TCP Segmentation 0             TCP Seg Failed   0           
Interface FastEthernet2/0 (idb 0x6690A544)
Hardware is i82543 (Livengood) 3?
  network link is up  
  Config is Auto Speed, Full Duplex
  loopback type is none
  10/100 PHY is enabled (MII mode)
 i82543 MAC registers:
      Cannot display registers while
     Controller is in shutdown state!
 PHY registers:
  PHY is LXT971
  Register 0x00:   2800  782C  0013  61D4  01E1  41E1  0001  0000
  Register 0x08:   0000  ----  ----  ----  ----  ----  ----  ----
  Register 0x10:   0100  4700  0000  0000  0450  ----  ----  ----
  Register 0x18:   ----  ----  ----  ----  ----  ----  0000
  PHY says Link is UP, Speed 100Mbps, Full-Duplex, AUTONEG complete
  PHY is POWERED DOWN
 PCI configuration registers:
  bus_no=11, device_no=0
  DeviceID=0x1001, VendorID=0x8086, Command=0x0000, Status=0x0000
  Class=0x02/0x00/0x00, Revision=0x03, LatencyTimer=0x00, CacheLineSize=0x00
  BaseAddr0=0x4D000000, BaseAddr1=0x00000000, MaxLat=0x00, MinGnt=0x00
  SubsysDeviceID=0x0000, SubsysVendorID=0x0000
  Cap_Ptr=0x00000000  Retry/TRDY Timeout=0x00000000
  PMC=0x00000000  PMCSR=0x00000000
 i82543 Internal Driver Information:
  lc_ip_turbo_fs=0x631BB894, ip_routecache=0x11(dfs=0/mdfs=0)
  i82543_ds=0x6690B754, registers=0x3D000000
  rx cache size=400, rx cache end=272, rx_nobuffer=0
  max_mtu=1524
 Software MAC address filter(hash:length/addr/mask/hits):
 need_af_check = 0 
  0x00:  0  ffff.ffff.ffff  0000.0000.0000         0
  0x33:  0  ca08.0b51.0038  0000.0000.0000         0
  0xC0:  0  0100.0ccc.cccc  0000.0000.0000         0
  ring sizes: RX=128, TX=256
  rxring=0x7E2EC000, shadow=0x6690BE2C, head=0, rx_buf_size=512
  txring=0x0E2ED000, shadow=0x6690C060, head=0, tail=0
  chip_state=3, pci_rev=3
  tx_count=0, tx_limited=0 (256)
  rx_overrun=0, rx_seq=0, rx_no_enp=0, rx_discard=0, filtered_pak=0
  throttled=0, enabled=0, disabled=0, bypassed=0
  reset=1(init=1, check=0, restart=0, pci=0), auto_restart=1
  link_reset=0, tx_carrier_loss=0, fatal_tx_err=0
  isl_err=0, wait_for_last_tdt=0, rx_stuck=0
  tx_stuck=0,  rx_max_spin=1, rx_bad_particle=0
 HW addr filter: 0x6690C894, ISL disabled, Promiscuous mode multicast
  Entry= 0:  Addr=CA08.0B51.0038
  (All other entries are empty)
 i82543 Statistics
  CRC error        0             Symbol error     0           
  Missed Packets   0             Single Collision 0           
  Excessive Coll   0             Multiple Coll    0           
  Late Coll        0             Collision        0           
  Defer            0             Receive Length   0           
  Alignment Error  0             XON RX           0           
  XON TX           0             XOFF RX          0           
  XOFF TX          0             FC RX Unsupport  0           
  Packet RX (64)   0             Packet RX (127)  0           
  Packet RX (255)  0             Packet RX (511)  0           
  Packet RX (1023) 0             Packet RX (1522) 0           
  Good Packet RX   0             Broadcast RX     0           
  Multicast RX     0             Good Packet TX   0           
  Good Octets RX.H 0             Good Octets RX.L 0           
  Good Octets TX.H 0             Good Octets TX.L 0           
  RX No Buff       0             RX Undersize     0           
  RX Fragment      0             RX Oversize      0           
  RX Octets High   0             RX Octets Low    0           
  TX Octets High   0             TX Octets Low    0           
  TX Packet	   0             RX Packet        0           
  TX Broadcast     0             TX Multicast     0           
  Packet TX (64)   0             Packet TX (127)  0           
  Packet TX (255)  0             Packet TX (511)  0           
  Packet TX (1023) 0             Packet TX (1522) 0           
  TX Underruns     0             TX No CRS        0           
  RX Error Count   0             RX DMA Underruns 0           
  RX Carrier Ext   0           
  TCP Segmentation 0             TCP Seg Failed   0           
Interface FastEthernet2/1 (idb 0x66917FD8)
Hardware is i82543 (Livengood) 3?
  network link is up  
  Config is Auto Speed, Full Duplex
  loopback type is none
  10/100 PHY is enabled (MII mode)
 i82543 MAC registers:
      Cannot display registers while
     Controller is in shutdown state!
 PHY registers:
  PHY is LXT971
  Register 0x00:   2800  782C  0013  61D4  01E1  41E1  0001  0000
  Register 0x08:   0000  ----  ----  ----  ----  ----  ----  ----
  Register 0x10:   0100  4700  0000  0000  0450  ----  ----  ----
  Register 0x18:   ----  ----  ----  ----  ----  ----  0000
  PHY says Link is UP, Speed 100Mbps, Full-Duplex, AUTONEG complete
  PHY is POWERED DOWN
 PCI configuration registers:
  bus_no=11, device_no=1
  DeviceID=0x1001, VendorID=0x8086, Command=0x0000, Status=0x0000
  Class=0x02/0x00/0x00, Revision=0x03, LatencyTimer=0x00, CacheLineSize=0x00
  BaseAddr0=0x4D020000, BaseAddr1=0x00000000, MaxLat=0x00, MinGnt=0x00
  SubsysDeviceID=0x0000, SubsysVendorID=0x0000
  Cap_Ptr=0x00000000  Retry/TRDY Timeout=0x00000000
  PMC=0x00000000  PMCSR=0x00000000
 i82543 Internal Driver Information:
  lc_ip_turbo_fs=0x631BB894, ip_routecache=0x11(dfs=0/mdfs=0)
  i82543_ds=0x669191E8, registers=0x3D020000
  rx cache size=400, rx cache end=272, rx_nobuffer=0
  max_mtu=1524
 Software MAC address filter(hash:length/addr/mask/hits):
 need_af_check = 0 
  0x00:  0  ffff.ffff.ffff  0000.0000.0000         0
  0x32:  0  ca08.0b51.0039  0000.0000.0000         0
  0xC0:  0  0100.0ccc.cccc  0000.0000.0000         0
  ring sizes: RX=128, TX=256
  rxring=0x7E37F000, shadow=0x669198C0, head=0, rx_buf_size=512
  txring=0x0E380000, shadow=0x66919AF4, head=0, tail=0
  chip_state=3, pci_rev=3
  tx_count=0, tx_limited=0 (256)
  rx_overrun=0, rx_seq=0, rx_no_enp=0, rx_discard=0, filtered_pak=0
  throttled=0, enabled=0, disabled=0, bypassed=0
  reset=1(init=1, check=0, restart=0, pci=0), auto_restart=1
  link_reset=0, tx_carrier_loss=0, fatal_tx_err=0
  isl_err=0, wait_for_last_tdt=0, rx_stuck=0
  tx_stuck=0,  rx_max_spin=1, rx_bad_particle=0
 HW addr filter: 0x6691A328, ISL disabled, Promiscuous mode multicast
  Entry= 0:  Addr=CA08.0B51.0039
  (All other entries are empty)
 i82543 Statistics
  CRC error        0             Symbol error     0           
  Missed Packets   0             Single Collision 0           
  Excessive Coll   0             Multiple Coll    0           
  Late Coll        0             Collision        0           
  Defer            0             Receive Length   0           
  Alignment Error  0             XON RX           0           
  XON TX           0             XOFF RX          0           
  XOFF TX          0             FC RX Unsupport  0           
  Packet RX (64)   0             Packet RX (127)  0           
  Packet RX (255)  0             Packet RX (511)  0           
  Packet RX (1023) 0             Packet RX (1522) 0           
  Good Packet RX   0             Broadcast RX     0           
  Multicast RX     0             Good Packet TX   0           
  Good Octets RX.H 0             Good Octets RX.L 0           
  Good Octets TX.H 0             Good Octets TX.L 0           
  RX No Buff       0             RX Undersize     0           
  RX Fragment      0             RX Oversize      0           
  RX Octets High   0             RX Octets Low    0           
  TX Octets High   0             TX Octets Low    0           
  TX Packet	   0             RX Packet        0           
  TX Broadcast     0             TX Multicast     0           
  Packet TX (64)   0             Packet TX (127)  0           
  Packet TX (255)  0             Packet TX (511)  0           
  Packet TX (1023) 0             Packet TX (1522) 0           
  TX Underruns     0             TX No CRS        0           
  RX Error Count   0             RX DMA Underruns 0           
  RX Carrier Ext   0           
  TCP Segmentation 0             TCP Seg Failed   0           
Interface FastEthernet3/0 (idb 0x66925A98)
Hardware is i82543 (Livengood) 3?
  network link is up  
  Config is Auto Speed, Full Duplex
  loopback type is none
  10/100 PHY is enabled (MII mode)
 i82543 MAC registers:
  CTRL  =0x03C00064, STATUS=0x00000003, CTRL_X=0x00005F80, IMS   =0x00000096
  RCTL  =0x00428032, RDBAL =0x0E412000, RDBAH =0x00000000, RDLEN =0x00000800
  RDH   =0x00000079, RDT   =0x00000078, RDTR  =0x00000000
  TCTL  =0x000400FA, TDBAL =0x0E413000, TDBAH =0x00000000, TDLEN =0x00001000
  TDH   =0x000000C7, TDT   =0x000000D6, TIPG  =0x00000000
  ETT   =0x00000000, TXDMAC=0x00000000
  TXCW  =0x00000000, RXCW  =0x00000000, FCRTH =0x00000000, FCRTL =0x00000000
  FCAH  =0x00000100, FCAL  =0x00C28001, FCT   =0x00008808, FCTTV =0x00000000
  RDFH  =0x00000000, RDFT  =0x00000000, RDFPC =0x00000000
  TDFH  =0x00000000, TDFT  =0x00000000, TDFPC =0x00000000
  RX is normal, enabled  TX is normal, enabled
  Device status = full-duplex, link up
  Device Speed = 10Mbps
 PHY registers:
  PHY is LXT971
  Register 0x00:   3100  782C  0013  61D4  0141  41E1  0001  0000
  Register 0x08:   0000  ----  ----  ----  ----  ----  ----  ----
  Register 0x10:   0100  4700  0000  0000  0450  ----  ----  ----
  Register 0x18:   ----  ----  ----  ----  ----  ----  0000
  PHY says Link is UP, Speed 100Mbps, Full-Duplex, AUTONEG complete
  AUTONEG - Our ability is     100M/FD 10M/FD 
  AUTONEG - Partner ability is 100M/FD 100M/HD 10M/FD 10M/HD 
 PCI configuration registers:
  bus_no=6, device_no=0
  DeviceID=0x1001, VendorID=0x8086, Command=0x0000, Status=0x0000
  Class=0x02/0x00/0x00, Revision=0x03, LatencyTimer=0x00, CacheLineSize=0x00
  BaseAddr0=0x49000000, BaseAddr1=0x00000000, MaxLat=0x00, MinGnt=0x00
  SubsysDeviceID=0x0000, SubsysVendorID=0x0000
  Cap_Ptr=0x00000000  Retry/TRDY Timeout=0x00000000
  PMC=0x00000000  PMCSR=0x00000000
 i82543 Internal Driver Information:
  lc_ip_turbo_fs=0x631BB894, ip_routecache=0x11(dfs=0/mdfs=0)
  i82543_ds=0x66926CA8, registers=0x3D800000
  rx cache size=400, rx cache end=272, rx_nobuffer=0
  max_mtu=1524
 Software MAC address filter(hash:length/addr/mask/hits):
 need_af_check = 0 
  0x00:  0  ffff.ffff.ffff  0000.0000.0000         0
  0x5F:  0  ca08.0b51.0054  0000.0000.0000         0
  0xC0:  0  0100.0ccc.cccc  0000.0000.0000         0
  ring sizes: RX=128, TX=256
  rxring=0x7E412000, shadow=0x66927380, head=121, rx_buf_size=512
  txring=0x0E413000, shadow=0x669275B4, head=199, tail=214
  chip_state=2, pci_rev=3
  tx_count=15, tx_limited=0 (256)
  rx_overrun=0, rx_seq=0, rx_no_enp=0, rx_discard=0, filtered_pak=0
  throttled=0, enabled=0, disabled=0, bypassed=0
  reset=3(init=1, check=0, restart=2, pci=0), auto_restart=3
  link_reset=0, tx_carrier_loss=0, fatal_tx_err=0
  isl_err=0, wait_for_last_tdt=0, rx_stuck=0
  tx_stuck=0,  rx_max_spin=1, rx_bad_particle=0
 HW addr filter: 0x66927DE8, ISL disabled, Promiscuous mode multicast
  Entry= 0:  Addr=CA08.0B51.0054
  (All other entries are empty)
 i82543 Statistics
  CRC error        0             Symbol error     0           
  Missed Packets   0             Single Collision 0           
  Excessive Coll   0             Multiple Coll    0           
  Late Coll        0             Collision        0           
  Defer            0             Receive Length   0           
  Alignment Error  0             XON RX           0           
  XON TX           0             XOFF RX          0           
  XOFF TX          0             FC RX Unsupport  0           
  Packet RX (64)   0             Packet RX (127)  0           
  Packet RX (255)  0             Packet RX (511)  0           
  Packet RX (1023) 0             Packet RX (1522) 0           
  Good Packet RX   0             Broadcast RX     0           
  Multicast RX     0             Good Packet TX   0           
  Good Octets RX.H 0             Good Octets RX.L 0           
  Good Octets TX.H 0             Good Octets TX.L 0           
  RX No Buff       0             RX Undersize     0           
  RX Fragment      0             RX Oversize      0           
  RX Octets High   0             RX Octets Low    0           
  TX Octets High   0             TX Octets Low    0           
  TX Packet	   0             RX Packet        0           
  TX Broadcast     0             TX Multicast     0           
  Packet TX (64)   0             Packet TX (127)  0           
  Packet TX (255)  0             Packet TX (511)  0           
  Packet TX (1023) 0             Packet TX (1522) 0           
  TX Underruns     0             TX No CRS        0           
  RX Error Count   0             RX DMA Underruns 0           
  RX Carrier Ext   0           
  TCP Segmentation 0             TCP Seg Failed   0           
Interface FastEthernet3/1 (idb 0x66934ADC)
Hardware is i82543 (Livengood) 3?
  network link is up  
  Config is Auto Speed, Full Duplex
  loopback type is none
  10/100 PHY is enabled (MII mode)
 i82543 MAC registers:
      Cannot display registers while
     Controller is in shutdown state!
 PHY registers:
  PHY is LXT971
  Register 0x00:   2800  782C  0013  61D4  01E1  41E1  0001  0000
  Register 0x08:   0000  ----  ----  ----  ----  ----  ----  ----
  Register 0x10:   0100  4700  0000  0000  0450  ----  ----  ----
  Register 0x18:   ----  ----  ----  ----  ----  ----  0000
  PHY says Link is UP, Speed 100Mbps, Full-Duplex, AUTONEG complete
  PHY is POWERED DOWN
 PCI configuration registers:
  bus_no=6, device_no=1
  DeviceID=0x1001, VendorID=0x8086, Command=0x0000, Status=0x0000
  Class=0x02/0x00/0x00, Revision=0x03, LatencyTimer=0x00, CacheLineSize=0x00
  BaseAddr0=0x49020000, BaseAddr1=0x00000000, MaxLat=0x00, MinGnt=0x00
  SubsysDeviceID=0x0000, SubsysVendorID=0x0000
  Cap_Ptr=0x00000000  Retry/TRDY Timeout=0x00000000
  PMC=0x00000000  PMCSR=0x00000000
 i82543 Internal Driver Information:
  lc_ip_turbo_fs=0x631BB894, ip_routecache=0x11(dfs=0/mdfs=0)
  i82543_ds=0x66935CEC, registers=0x3D820000
  rx cache size=400, rx cache end=272, rx_nobuffer=0
  max_mtu=1524
 Software MAC address filter(hash:length/addr/mask/hits):
 need_af_check = 0 
  0x00:  0  ffff.ffff.ffff  0000.0000.0000         0
  0x5E:  0  ca08.0b51.0055  0000.0000.0000         0
  0xC0:  0  0100.0ccc.cccc  0000.0000.0000         0
  ring sizes: RX=128, TX=256
  rxring=0x7E4A5000, shadow=0x669363C4, head=0, rx_buf_size=512
  txring=0x0E4A6000, shadow=0x669365F8, head=0, tail=0
  chip_state=3, pci_rev=3
  tx_count=0, tx_limited=0 (256)
  rx_overrun=0, rx_seq=0, rx_no_enp=0, rx_discard=0, filtered_pak=0
  throttled=0, enabled=0, disabled=0, bypassed=0
  reset=1(init=1, check=0, restart=0, pci=0), auto_restart=1
  link_reset=0, tx_carrier_loss=0, fatal_tx_err=0
  isl_err=0, wait_for_last_tdt=0, rx_stuck=0
  tx_stuck=0,  rx_max_spin=1, rx_bad_particle=0
 HW addr filter: 0x66936E2C, ISL disabled, Promiscuous mode multicast
  Entry= 0:  Addr=CA08.0B51.0055
  (All other entries are empty)
 i82543 Statistics
  CRC error        0             Symbol error     0           
  Missed Packets   0             Single Collision 0           
  Excessive Coll   0             Multiple Coll    0           
  Late Coll        0             Collision        0           
  Defer            0             Receive Length   0           
  Alignment Error  0             XON RX           0           
  XON TX           0             XOFF RX          0           
  XOFF TX          0             FC RX Unsupport  0           
  Packet RX (64)   0             Packet RX (127)  0           
  Packet RX (255)  0             Packet RX (511)  0           
  Packet RX (1023) 0             Packet RX (1522) 0           
  Good Packet RX   0             Broadcast RX     0           
  Multicast RX     0             Good Packet TX   0           
  Good Octets RX.H 0             Good Octets RX.L 0           
  Good Octets TX.H 0             Good Octets TX.L 0           
  RX No Buff       0             RX Undersize     0           
  RX Fragment      0             RX Oversize      0           
  RX Octets High   0             RX Octets Low    0           
  TX Octets High   0             TX Octets Low    0           
  TX Packet	   0             RX Packet        0           
  TX Broadcast     0             TX Multicast     0           
  Packet TX (64)   0             Packet TX (127)  0           
  Packet TX (255)  0             Packet TX (511)  0           
  Packet TX (1023) 0             Packet TX (1522) 0           
  TX Underruns     0             TX No CRS        0           
  RX Error Count   0             RX DMA Underruns 0           
  RX Carrier Ext   0           
  TCP Segmentation 0             TCP Seg Failed   0           



------------------ show user ------------------


    Line       User       Host(s)              Idle       Location
*  2 vty 0     admin      idle                 00:00:01 123.123.1.1

  Interface    User               Mode         Idle     Peer Address


------------------ show data-corruption ------------------


No data inconsistency errors have been recorded.


------------------ show environment last ------------------


	Data not available

------------------ show environment all ------------------


Power Supplies:
	Power Supply 1 is AC Power Supply. Unit is on.
	Power Supply 2 is AC Power Supply. Unit is on.

Temperature readings:
	I/O Cont Inlet   measured at 22C/71F 
	I/O Cont Outlet  measured at 22C/71F 
	NPE Inlet        measured at 22C/71F 
	NPE Outlet       measured at 22C/71F 

Voltage readings:
	+3.45 V       measured at +3.43 V 
	+5.15 V       measured at +5.13 V 
	+12.15 V      measured at +12.10 V 
	-11.95 V      measured at -11.90 V 

Envm stats saved 1 time(s) since reload

DEBUG:netmiko:read_channel: 0000:0x63FFFFFF   0x03800000:0x03FFFFFF   CacheMode=3, RW, Valid
 16M  0x64000000:0x65FFFFFF   0x04000000:0x05FFFFFF   CacheMode=3, RW, Valid
 16M  0x66000000:0x67FFFFFF   0x06000000:0x07FFFFFF   CacheMode=3, RW, Valid
 16M  0x68000000:0x69FFFFFF   0x08000000:0x09FFFFFF   CacheMode=3, RW, Valid
 16M  0x6A000000:0x6BFFFFFF   0x0A000000:0x0BFFFFFF   CacheMode=3, RW, Valid
 16M  0x6C000000:0x6DFFFFFF   0x0C000000:0x0DFFFFFF   CacheMode=3, RW, Valid
 16M  0x6E000000:0x6FFFFFFF   0x0E000000:0x0FFFFFFF   CacheMode=3, RW, Valid
 1M   0x0F400000:0x0F5FFFFF   0x0F400000:0x0F5FFFFF   CacheMode=2, RW, Valid
 1M   0x0F600000:0x0F7FFFFF   0x0F600000:0x0F7FFFFF   CacheMode=2, RW, Valid
 4M   0x0F800000:0x0FFFFFFF   0x0F800000:0x0FFFFFFF   CacheMode=2, RW, Valid
 1M   0x4F400000:0x4F5FFFFF   0x0F400000:0x0F5FFFFF   CacheMode=0, RW, Valid
 1M   0x4F600000:0x4F7FFFFF   0x0F600000:0x0F7FFFFF   CacheMode=0, RW, Valid
 4M   0x4F800000:0x4FFFFFFF   0x0F800000:0x0FFFFFFF   CacheMode=0, RW, Valid


Dimm 0 SPD data :
Size of dimm                 = 0 Megabytes
Memory Type                  = 0x0 
Row Addresses                = 0x0 
Column Address               = 0x0 
Module Rows                  = 0x0 
Data Width                   = 0x0   
Voltage Interface            = 0x0 
Cycle Time                   = 0x0 
Access Time                  = 0x0 
Configuration Type           = 0x0 
Refresh Rate/Type            = 0x0 
Primary Width                = 0x0 
Error Width                  = 0x0 
Minimum Clock Delay          = 0x0 
Burst Lengths                = 0x0 
Number of Banks              = 0x0 
Cas Latencies                = 0x0 
Write Latency                = 0x0 
Module Attributes            = 0x0 
General Attributes           = 0x0 
Min Cycle Time, CAS of 2     = 0x0 
Access Clock Cycle, CAS of 2 = 0x0 
Min Cycle Time, CAS of 1     = 0x0 
Access Clock Cycle, CAS of 2 = 0x0 
Row Precharge                = 0x0 
Row Active to Row Active     = 0x0 
RAS CAS Delay                = 0x0 
Ras Pulse Width              = 0x0 
Row Density                  = 0x0 
Vendor Id                    = 0000000000000000
Module Part Number           = ^@^@^@^@^@^@^@^@^@^@^@^@^@^@^@^@^@^@
Module Revision Code         = 0000
	SPD contents (hex):
	 0x00: 00 00 00 00 00 00 00 00 00 00 00 00 00 00 00 00
	 0x10: 00 00 00 00 00 00 00 00 00 00 00 00 00 00 00 00
	 0x20: 00 00 00 00 00 00 00 00 00 00 00 00 00 00 00 00
	 0x30: 00 00 00 00 00 00 00 00 00 00 00 00 00 00 00 00
	 0x40: 00 00 00 00 00 00 00 00 00 00 00 00 00 00 00 00
	 0x50: 00 00 00 00 00 00 00 00 00 00 00 00 00 00 00 00
	 0x60: 00 00 00 00 00 00 00 00 00 00 00 00 00 00 00 00
	 0x70: 00 00 00 00 00 00 00 00 00 00 00 00 00 00 00 00

Dimm 1 SPD data :
Size of dimm                 = 0 Megabytes
Memory Type                  = 0x0 
Row Addresses                = 0x0 
Column Address               = 0x0 
Module Rows                  = 0x0 
Data Width                   = 0x0   
Voltage Interface            = 0x0 
Cycle Time                   = 0x0 
Access Time                  = 0x0 
Configuration Type           = 0x0 
Refresh Rate/Type            = 0x0 
Primary Width                = 0x0 
Error Width                  = 0x0 
Minimum Clock Delay          = 0x0 
Burst Lengths                = 0x0 
Number of Banks              = 0x0 
Cas Latencies                = 0x0 
Write Latency                = 0x0 
Module Attributes            = 0x0 
General Attributes           = 0x0 
Min Cycle Time, CAS of 2     = 0x0 
Access Clock Cycle, CAS of 2 = 0x0 
Min Cycle Time, CAS of 1     = 0x0 
Access Clock Cycle, CAS of 2 = 0x0 
Row Precharge                = 0x0 
Row Active to Row Active     = 0x0 
RAS CAS Delay                = 0x0 
Ras Pulse Width              = 0x0 
Row Density                  = 0x0 
Vendor Id                    = 0000000000000000
Module Part Number           = ^@^@^@^@^@^@^@^@^@^@^@^@^@^@^@^@^@^@
Module Revision Code         = 0000
	SPD contents (hex):
	 0x00: 00 00 00 00 00 00 00 00 00 00 00 00 00 00 00 00
	 0x10: 00 00 00 00 00 00 00 00 00 00 00 00 00 00 00 00
	 0x20: 00 00 00 00 00 00 00 00 00 00 00 00 00 00 00 00
	 0x30: 00 00 00 00 00 00 00 00 00 00 00 00 00 00 00 00
	 0x40: 00 00 00 00 00 00 00 00 00 00 00 00 00 00 00 00
	 0x50: 00 00 00 00 00 00 00 00 00 00 00 00 00 00 00 00
	 0x60: 00 00 00 00 00 00 00 00 00 00 00 00 00 00 00 00
	 0x70: 00 00 00 00 00 00 00 00 00 00 00 00 00 00 00 00

------------------ show pci hardware ------------------


GT64120 External PCI Configuration registers:
PCI_0:
 Vendor / Device ID   : 0xAB115396 (b/s 0x965311AB)
 Status / Command     : 0x00000000 (b/s 0x00000000)
 Class / Revision     : 0x05800003 (b/s 0x03008005)
 Latency              : 0x00000000 (b/s 0x00000000)
 RAS[1:0] Base        : 0x00000000 (b/s 0x00000000)
 RAS[3:2] Base        : 0x00000000 (b/s 0x00000000)
 CS[2:0] Base         : 0x00000000 (b/s 0x00000000)
 CS[3] Base           : 0x00000000 (b/s 0x00000000)
 Mem Map Base         : 0x00000000 (b/s 0x00000000)
 IO Map Base          : 0x00000000 (b/s 0x00000000)
 Subsystem Vendor / D : 0x00000000 (b/s 0x00000000)
 Int Pin / Line       : 0x00000000 (b/s 0x00000000)
 Swap RAS[1:0] Base   : 0x00000000 (b/s 0x00000000)
 Swap RAS[3:2] Base   : 0x00000000 (b/s 0x00000000)
 Swap CS[3] Base      : 0x00000000 (b/s 0x00000000)
PCI_1:
 Vendor / Device ID   : 0x00000000 (b/s 0x00000000)
 Status / Command     : 0x00000000 (b/s 0x00000000)
 Class / Revision     : 0x00000000 (b/s 0x00000000)
 Latency              : 0x00000000 (b/s 0x00000000)
 RAS[1:0] Base        : 0x00000000 (b/s 0x00000000)
 RAS[3:2] Base        : 0x00000000 (b/s 0x00000000)
 CS[2:0] Base         : 0x00000000 (b/s 0x00000000)
 CS[3] Base           : 0x00000000 (b/s 0x00000000)
 Mem Map Base         : 0x00000000 (b/s 0x00000000)
 IO Map Base          : 0x00000000 (b/s 0x00000000)
 Subsystem Vendor / D : 0x00000000 (b/s 0x00000000)
 Int Pin / Line       : 0x00000000 (b/s 0x00000000)
 Swap RAS[1:0] Base   : 0x00000000 (b/s 0x00000000)
 Swap RAS[3:2] Base   : 0x00000000 (b/s 0x00000000)
 Swap CS[3] Base      : 0x00000000 (b/s 0x00000000)

TI Bridge 1, Port Module 1, Handle=0
TI2050 bridge chip, Primary Bus 0, Secondary Bus 1,config=0x0
(0x00):dev, vendor id       = 0xAC28104C
(0x04):status, command      = 0x00000000
(0x08):class code, revid    = 0x06040000
(0x0C):hdr, lat timer, cls  = 0x00000000
(0x18):sec lat,cls & bus no = 0x00040100
(0x1C):sec status, io base  = 0x00000000
(0x20):mem base & limit     = 0x00000000
(0x24):prefetch membase/lim = 0x00000000
(0x30):io base/lim upper16  = 0x00000000
(0x3C):bridge ctrl          = 0x00000000
(0x40):arb/serr, chip ctrl  = 0x00000000
(0x64):serr disable, gpio   = 0x00000000
(0x68):sec clk ctrl,serrsta = 0x00000000
(0xF0):posted write combine = 0x00000000

TI Bridge 2, Port Module 2, Handle=0
TI2050 bridge chip, Primary Bus 0, Secondary Bus 5,config=0x0
(0x00):dev, vendor id       = 0xAC28104C
(0x04):status, command      = 0x00000000
(0x08):class code, revid    = 0x06040000
(0x0C):hdr, lat timer, cls  = 0x00000000
(0x18):sec lat,cls & bus no = 0x00080500
(0x1C):sec status, io base  = 0x00000000
(0x20):mem base & limit     = 0x00000000
(0x24):prefetch membase/lim = 0x00000000
(0x30):io base/lim upper16  = 0x00000000
(0x3C):bridge ctrl          = 0x00000000
(0x40):arb/serr, chip ctrl  = 0x00000000
(0x64):serr disable, gpio   = 0x00000000
(0x68):sec clk ctrl,serrsta = 0x00000000
(0xF0):posted write combine = 0x00000000

TI Bridge 3, Port Module 3, Handle=0
TI2050 bridge chip, Primary Bus 0, Secondary Bus 9,config=0x0
(0x00):dev, vendor id       = 0xAC28104C
(0x04):status, command      = 0x00000000
(0x08):class code, revid    = 0x06040000
(0x0C):hdr, lat timer, cls  = 0x00000000
(0x18):sec lat,cls & bus no = 0x000C0900
(0x1C):sec status, io base  = 0x00000000
(0x20):mem base & limit     = 0x00000000
(0x24):prefetch membase/lim = 0x00000000
(0x30):io base/lim upper16  = 0x00000000
(0x3C):bridge ctrl          = 0x00000000
(0x40):arb/serr, chip ctrl  = 0x00000000
(0x64):serr disable, gpio   = 0x00000000
(0x68):sec clk ctrl,serrsta = 0x00000000
(0xF0):posted write combine = 0x00000000


------------------ show pci controller ------------------


GT64120 Channel 1 DMA (Packet coalescing DMA channel):
 dma_list=0x6533AE9C, dma_ring=0xF599AE0, dma_entries=256
 dma_free=0x6533BC98, dma_reqt=0x6533BC98, dma_done=0x6533BC98
 thread=0x6533BC84, thread_end=0x6533BC84
 backup_thread=0x0, backup_thread_end=0x0
 dma_working=0, dma_stalls=0, dma_stall_loop=0
 dma_complete=3251, post_coalesce_frames=3251
 exhausted_dma_entries=0, post_dma_callback=2758

GT64120 Rev level     : 5
GT64120 Register Dump : Registers at 0x24000000
CPU Interface :
 cpu_interface_conf   : 0x00000000 (b/s 0x00000000)
 multi_gt             : 0x00000000 (b/s 0x00000000)
Processor Address Space :
 ras10_low            : 0x00000000 (b/s 0x00000000)
 ras10_high           : 0x7F000000 (b/s 0x0000007F)
 ras32_low            : 0x00010000 (b/s 0x00000100)
 ras32_high           : 0x7F000000 (b/s 0x0000007F)
 cs20_low             : 0x00000000 (b/s 0x00000000)
 cs20_high            : 0x00000000 (b/s 0x00000000)
 cs3_boot_low         : 0x00000000 (b/s 0x00000000)
 cs3_boot_high        : 0x00000000 (b/s 0x00000000)
 pci_io_low           : 0x00000000 (b/s 0x00000000)
 pci_io_high          : 0x00000000 (b/s 0x00000000)
 pci_mem_low          : 0x00000000 (b/s 0x00000000)
 pci_mem_high         : 0x00000000 (b/s 0x00000000)
 pci_mem1_low         : 0x00000000 (b/s 0x00000000)
 pci_mem1_high        : 0x00000000 (b/s 0x00000000)
 pci1_io_low          : 0x00000000 (b/s 0x00000000)
 pci1_io_high         : 0x00000000 (b/s 0x00000000)
 pci1_mem0_low        : 0x00000000 (b/s 0x00000000)
 pci1_mem0_high       : 0x00000000 (b/s 0x00000000)
 pci1_mem1_low        : 0x00000000 (b/s 0x00000000)
 pci1_mem1_high       : 0x00000000 (b/s 0x00000000)
 internal_spc_decode  : 0x00000000 (b/s 0x00000000)
 bus_err_low          : 0x00000000 (b/s 0x00000000)
 bus_err_high         : 0x00000000 (b/s 0x00000000)
 pci0_sync_barrier    : 0x00000000 (b/s 0x00000000)
 pci1_sync_barrier    : 0x00000000 (b/s 0x00000000)
 ras10_addr_remap     : 0x00000000 (b/s 0x00000000)
 ras32_addr_remap     : 0x00000000 (b/s 0x00000000)
 cs20_remap           : 0x00000000 (b/s 0x00000000)
 cs3_boot_remap       : 0x00000000 (b/s 0x00000000)
 pci0_io_remap        : 0x00000000 (b/s 0x00000000)
 pci0_mem0_remap      : 0x00000000 (b/s 0x00000000)
 pci0_mem1_remap      : 0x00000000 (b/s 0x00000000)
 pci1_io_remap        : 0x00000000 (b/s 0x00000000)
 pci1_mem0_remap      : 0x00000000 (b/s 0x00000000)
 pci1_mem1_remap      : 0x00000000 (b/s 0x00000000)
SDRAM/Device Address Space :
 ras0_low             : 0x00000000 (b/s 0x00000000)
 ras0_high            : 0xFF000000 (b/s 0x000000FF)
 ras1_low             : 0x7F000000 (b/s 0x0000007F)
 ras1_high            : 0x00000000 (b/s 0x00000000)
 ras2_low             : 0x00000000 (b/s 0x00000000)
 ras2_high            : 0xFF000000 (b/s 0x000000FF)
 ras3_low             : 0x7F000000 (b/s 0x0000007F)
 ras3_high            : 0x00000000 (b/s 0x00000000)
 cs0_low              : 0x00000000 (b/s 0x00000000)
 cs0_high             : 0x00000000 (b/s 0x00000000)
 cs1_low              : 0x00000000 (b/s 0x00000000)
 cs1_high             : 0x00000000 (b/s 0x00000000)
 cs2_low              : 0x00000000 (b/s 0x00000000)
 cs2_high             : 0x00000000 (b/s 0x00000000)
 cs3_low              : 0x00000000 (b/s 0x00000000)
 cs3_high             : 0x00000000 (b/s 0x00000000)
 boot_cs_low          : 0x00000000 (b/s 0x00000000)
 boot_cs_high         : 0x00000000 (b/s 0x00000000)
 addr_decode_err      : 0x00000000 (b/s 0x00000000)
 addr_decode          : 0x00000000 (b/s 0x00000000)
 dram_config          : 0x00000000 (b/s 0x00000000)
 dram_bank0_param     : 0x00000000 (b/s 0x00000000)
 dram_bank1_param     : 0x00000000 (b/s 0x00000000)
 dram_bank2_param     : 0x00000000 (b/s 0x00000000)
 dram_bank3_param     : 0x00000000 (b/s 0x00000000)
 dram_oper_mode       : 0x00000000 (b/s 0x00000000)
Device Parameters :
 device_bank0_param   : 0x00000000 (b/s 0x00000000)
 device_bank1_param   : 0x00000000 (b/s 0x00000000)
 device_bank2_param   : 0x00000000 (b/s 0x00000000)
 device_bank3_param   : 0x00000000 (b/s 0x00000000)
 boot_bank_param      : 0x00000000 (b/s 0x00000000)
DMA Channels :
 ch0_dma_count        : 0x00000000 (b/s 0x00000000)
 ch1_dma_count        : 0x00000000 (b/s 0x00000000)
 ch2_dma_count        : 0x00000000 (b/s 0x00000000)
 ch3_dma_count        : 0x00000000 (b/s 0x00000000)
 ch0_dma_src          : 0x00000000 (b/s 0x00000000)
 ch1_dma_src          : 0xC0B9870F (b/s 0x0F87B9C0)
 ch2_dma_src          : 0x00000000 (b/s 0x00000000)
 ch3_dma_src          : 0x00000000 (b/s 0x00000000)
 ch0_dma_dst          : 0x00000000 (b/s 0x00000000)
 ch1_dma_dst          : 0x8A6D8B0F (b/s 0x0F8B6D8A)
 ch2_dma_dst          : 0x00000000 (b/s 0x00000000)
 ch3_dma_dst          : 0x00000000 (b/s 0x00000000)
 ch0_next_ptr         : 0x00000000 (b/s 0x00000000)
 ch1_next_ptr         : 0x00000000 (b/s 0x00000000)
 ch2_next_ptr         : 0x00000000 (b/s 0x00000000)
 ch3_next_ptr         : 0x00000000 (b/s 0x00000000)
 ch0_current_ptr      : 0x00000000 (b/s 0x00000000)
 ch1_current_ptr      : 0x00000000 (b/s 0x00000000)
 ch2_current_ptr      : 0x00000000 (b/s 0x00000000)
 ch3_current_ptr      : 0x00000000 (b/s 0x00000000)
 ch0_ctrl             : 0x00000000 (b/s 0x00000000)
 ch1_ctrl             : 0xC01C0000 (b/s 0x00001CC0)
 ch2_ctrl             : 0x00000000 (b/s 0x00000000)
 ch3_ctrl             : 0x00000000 (b/s 0x00000000)
 arbiter_ctrl         : 0x00000000 (b/s 0x00000000)
Timer/Counters :
 ct0                  : 0x00000000 (b/s 0x00000000)
 ct1                  : 0x00000000 (b/s 0x00000000)
 ct2                  : 0x00000000 (b/s 0x00000000)
 ct3                  : 0x00000000 (b/s 0x00000000)
 counter_ctrl         : 0x00000000 (b/s 0x00000000)
PCI Internal Registers :
 pci_cmd              : 0x01800000 (b/s 0x00008001)
 pci1_cmd             : 0x00000000 (b/s 0x00000000)
 pci_timeout          : 0x00000000 (b/s 0x00000000)
 pci1_timeout         : 0x00000000 (b/s 0x00000000)
 pci_ras10_size       : 0xFF0F0000 (b/s 0x00000FFF)
 pci1_ras10_size      : 0x00000000 (b/s 0x00000000)
 pci_ras32_size       : 0xFF0F0000 (b/s 0x00000FFF)
 pci1_ras32_size      : 0x00000000 (b/s 0x00000000)
 pci_cs20_size        : 0x00000000 (b/s 0x00000000)
 pci1_cs20_size       : 0x00000000 (b/s 0x00000000)
 pci_cs3_boot_size    : 0x00000000 (b/s 0x00000000)
 pci1_cs3_boot_size   : 0x00000000 (b/s 0x00000000)
 pci0_prefetch_burst_ : 0x00000000 (b/s 0x00000000)
 pci1_prefetch_burst_ : 0x00000000 (b/s 0x00000000)
 pci0_ras10_remap     : 0x00000000 (b/s 0x00000000)
 pci1_ras10_remap     : 0x00000000 (b/s 0x00000000)
 pci0_ras32_remap     : 0x00000000 (b/s 0x00000000)
 pci1_ras32_remap     : 0x00000000 (b/s 0x00000000)
 pci0_cs20_remap      : 0x00000000 (b/s 0x00000000)
 pci1_cs20_remap      : 0x00000000 (b/s 0x00000000)
 pci0_cs3_boot_remap  : 0x00000000 (b/s 0x00000000)
 pci1_cs3_boot_remap  : 0x00000000 (b/s 0x00000000)
 pci0_swapped_ras10_r : 0x00000000 (b/s 0x00000000)
 pci1_swapped_ras10_r : 0x00000000 (b/s 0x00000000)
 pci0_swapped_ras32_r : 0x00000000 (b/s 0x00000000)
 pci1_swapped_ras32_r : 0x00000000 (b/s 0x00000000)
 pci0_swapped_cs3_boo : 0x00000000 (b/s 0x00000000)
 pci1_swapped_cs3_boo : 0x00000000 (b/s 0x00000000)
 pci0_base_addr_regs_ : 0x00000000 (b/s 0x00000000)
Interrupt Control :
 pci_int_cause        : 0x00000000 (b/s 0x00000000)
 pci_high_int_cause   : 0x00000000 (b/s 0x00000000)
 pci_cpu_mask         : 0xF00F0000 (b/s 0x00000FF0)
 pci_high_cpu_mask    : 0x00000000 (b/s 0x00000000)
 pci_pci_mask         : 0x0ED01F00 (b/s 0x001FD00E)
 pci0_high_pci_mask   : 0x00D01D00 (b/s 0x001DD000)
 pci1_int_cause_mask  : 0x00000000 (b/s 0x00000000)
 pci1_high_int_cause_ : 0x00000000 (b/s 0x00000000)
 pci_serr_mask        : 0x00000000 (b/s 0x00000000)
 pci1_serr_mask       : 0x00000000 (b/s 0x00000000)
 pci0_int_select      : 0x00000000 (b/s 0x00000000)
 pci1_int_select      : 0x00000000 (b/s 0x00000000)
 cpu_int_select       : 0x00000000 (b/s 0x00000000)
ECC information :
 ecc_err_address      : 0x00000000 (b/s 0x00000000)
 ecc_err_data_high    : 0x00000000 (b/s 0x00000000)
 ecc_err_data_low     : 0x00000000 (b/s 0x00000000)
 ecc_bytes_from_mem   : 0x00000000 (b/s 0x00000000)
 ecc_calculation      : 0x00000000 (b/s 0x00000000)
 Single bit ECC count : 0

Parity detections on PCI1: 0


------------------ show service-module ------------------



------------------ show controllers t1 ------------------



------------------ show controllers e1 ------------------



------------------ show controllers j1 ------------------



------------------ show ip nbar version ------------------



NBAR software version:  4

1   base                 Mv: 2
2   ftp                  Mv: 2
3   http                 Mv: 9
4   static               Mv: 6
5   tftp                 Mv: 1
6   exchange             Mv: 1
7   vdolive              Mv: 1
8   sqlnet               Mv: 1
9   rcmd                 Mv: 1
10  netshow              Mv: 1
11  sunrpc               Mv: 2
12  streamwork           Mv: 1
13  citrix               Mv: 7
14  fasttrack            Mv: 2
15  gnutella             Mv: 2
16  kazaa2               Mv: 6
17  custom-protocols     Mv: 1
18  rtsp                 Mv: 4
19  rtp                  Mv: 5
20  mgcp                 Mv: 2
21  skinny               Mv: 1
22  h323                 Mv: 1
23  sip                  Mv: 1
24  rtcp                 Mv: 2
25  edonkey              Mv: 2
26  winmx                Mv: 1


{<No.>}<PDLM name> Mv: <PDLM Version>, {Nv: <NBAR Software Version>; <File name>}
            {Iv: <PDLM Interdependency Name>   - <PDLM Interdependency Version>}


------------------ show voice port ------------------



------------------ show dial-peer voice ------------------



------------------ show gateway ------------------


H.323 ITU-T Version: 4.0   H323 Stack Version: 0.1 

 H.323 service is up
 This gateway  is not registered to any gatekeeper

Alias list (CLI configured) is empty
Alias list (last RCF) is empty


------------------ show call active voice ------------------

Telephony call-legs: 0
SIP call-legs: 0
H323 call-legs: 0
Call agent controlled call-legs: 0
SCCP call-legs: 0
Multicast call-legs: 0
Total call-legs: 0


------------------ show call history voice last 50 ------------------



------------------ show raw reclaimed ------------------



------------------ show crypto key mypubkey rsa ------------------

% Key pair was generated at: 00:58:39 UTC Mar 1 2002
Key name: B1.gns3.lab
 Usage: General Purpose Key
 Key is not exportable.
 Key Data:
  30820122 300D0609 2A864886 F70D0101 01050003 82010F00 3082010A 02820101 
  00CAA8D5 49E6A313 743C1E38 8C8AA54E 3330731A E9245A3C 35E74B94 CBFA7B68 
  852C59B9 AB0B5411 8DFFFFDF 1C4436ED 66F7924D 79FC782D 34D5D902 541BBF1C 
  EAE57192 5C0D2F20 95768425 30AEF437 E73612E2 65B98131 3E825B7C 12AD111E 
  16CA9E2C 5E523F17 218F50E4 FE182C0E 35142C7B 4F3F6B7D D5401C00 57842BAE 
  63A1EB7E E2BFB20D A2451C36 5DA454D0 D51D07A3 61D451C4 9957D8B9 B0900899 
  873C3D75 4618B238 05D3E2B5 B514E443 A1D0A8F6 18F52B55 AB55F253 C18D2F7D 
  9F834551 F6CE5BE3 1C3EF012 19475B3C A45D3551 60E67709 C733466C C8C30493 
  82E71C98 3D9B74BF D4CB2721 F31E2B3B 35200B07 8F208786 22B0B04E 3D1452F9 
  15020301 0001
% Key pair was generated at: 00:00:10 UTC Mar 1 2002
Key name: B1.gns3.lab.server
 Usage: Encryption Key
 Key is not exportable.
 Key Data:
  307C300D 06092A86 4886F70D 01010105 00036B00 30680261 00A78BDA 1F512612 
  C34193B4 1E06B874 74866C2B DC55118C 5BB0A860 8E361280 4484109E 0202C787 
  D096CB40 F066EDC1 C9D38FE8 C13307A6 0061695F E8308910 91A7143D B965A6DC 
  A17FCEA1 F53ECACC 9CE44E25 726E7296 1C178B1B 572782F4 E3020301 0001

------------------ show buffers ------------------


Buffer elements:
     1117 in free list (1119 max allowed)
     18104 hits, 0 misses, 619 created

Public buffer pools:
Small buffers, 104 bytes (total 62, permanent 50, peak 62 @ 01:23:36):
     58 in free list (20 min, 150 max allowed)
     3438 hits, 4 misses, 0 trims, 12 created
     0 failures (0 no memory)
Middle buffers, 600 bytes (total 43, permanent 25, peak 43 @ 01:23:36):
     37 in free list (10 min, 150 max allowed)
     6999 hits, 6 misses, 0 trims, 18 created
     0 failures (0 no memory)
Big buffers, 1536 bytes (total 50, permanent 50):
     50 in free list (5 min, 150 max allowed)
     1697 hits, 0 misses, 0 trims, 0 created
     0 failures (0 no memory)
VeryBig buffers, 4520 bytes (total 10, permanent 10):
     10 in free list (0 min, 100 max allowed)
     0 hits, 0 misses, 0 trims, 0 created
     0 failures (0 no memory)
Large buffers, 5024 bytes (total 0, permanent 0):
     0 in free list (0 min, 10 max allowed)
     0 hits, 0 misses, 0 trims, 0 created
     0 failures (0 no memory)
Huge buffers, 18024 bytes (total 0, permanent 0):
     0 in free list (0 min, 4 max allowed)
     0 hits, 0 misses, 0 trims, 0 created
     0 failures (0 no memory)

Interface buffer pools:
Syslog ED Pool buffers, 600 bytes (total 150, permanent 150):
     122 in free list (150 min, 150 max allowed)
     29 hits, 0 misses
CD2430 I/O buffers, 1536 bytes (total 0, permanent 0):
     0 in free list (0 min, 0 max allowed)
     0 hits, 0 fallbacks
IPC buffers, 4096 bytes (total 2, permanent 2):
     2 in free list (1 min, 8 max allowed)
     0 hits, 0 fallbacks, 0 trims, 0 created
     0 failures (0 no memory)

Header pools:
Header buffers, 0 bytes (total 768, permanent 768):
     256 in free list (128 min, 1024 max allowed)
     512 hits, 0 misses, 0 trims, 0 created
     0 failures (0 no memory)
     512 max cache size, 512 in cache
     0 hits in cache, 0 misses in cache

Particle Clones:
     1024 clones, 0 hits, 0 misses

Public particle pools:
F/S buffers, 256 bytes (total 768, permanent 768):
     256 in free list (128 min, 1024 max allowed)
     512 hits, 0 misses, 0 trims, 0 created
     0 failures (0 no memory)
     512 max cache size, 512 in cache
     0 hits in cache, 0 misses in cache
Normal buffers, 1548 bytes (total 768, permanent 768):
     768 in free list (128 min, 1024 max allowed)
     0 hits, 0 misses, 0 trims, 0 created
     0 failures (0 no memory)

Private particle pools:
IDS SM buffers, 240 bytes (total 128, permanent 128):
     0 in free list (0 min, 128 max allowed)
     128 hits, 0 fallbacks
     128 max cache size, 128 in cache
     0 hits in cache, 0 misses in cache
FastEthernet1/0 buffers, 1548 bytes (total 192, permanent 192):
     0 in free list (0 min, 192 max allowed)
     192 hits, 0 fallbacks
     192 max cache size, 128 in cache
     64 hits in cache, 0 misses in cache
FastEthernet2/0 buffers, 1548 bytes (total 192, permanent 192):
     0 in free list (0 min, 192 max allowed)
     192 hits, 0 fallbacks
     192 max cache size, 128 in cache
     64 hits in cache, 0 misses in cache
FastEthernet3/0 buffers, 1548 bytes (total 192, permanent 192):
     0 in free list (0 min, 192 max allowed)
     192 hits, 0 fallbacks
     192 max cache size, 128 in cache
     3086 hits in cache, 0 misses in cache
FastEthernet0/0 buffers, 1552 bytes (total 512, permanent 512):
     0 in free list (0 min, 512 max allowed)
     512 hits, 0 fallbacks
     512 max cache size, 256 in cache
     499 hits in cache, 0 misses in cache
FastEthernet0/1 buffers, 1552 bytes (total 512, permanent 512):
     0 in free list (0 min, 512 max allowed)
     512 hits, 0 fallbacks
     512 max cache size, 256 in cache
     256 hits in cache, 0 misses in cache



------------------ show inventory ------------------

NAME: "3745 chassis", DESCR: "3745 chassis"
PID:                   , VID: 2.0, SN: FTX0945W0MY

NAME: "c3745 Motherboard with Fast Ethernet", DESCR: "c3745 Motherboard with Fast Ethernet"
PID: C3745-2FE         , VID: 2.0, SN: XXXXXXXXXXX

NAME: "One port Fastethernet TX", DESCR: "One port Fastethernet TX"
PID: NM-1FE-TX=        , VID: 1.0, SN: 7720321    

NAME: "One port Fastethernet TX", DESC
DEBUG:netmiko:read_channel: 
------------------ show interfaces ------------------


FastEthernet0/0 is up, line protocol is up 
  Hardware is DEC21140, address is ca03.0af5.0000 (bia ca03.0af5.0000)
  Internet address is 192.168.200.1/30
  MTU 1500 bytes, BW 100000 Kbit/sec, DLY 100 usec, 
     reliability 255/255, txload 1/255, rxload 1/255
  Encapsulation ARPA, loopback not set
  Keepalive set (10 sec)
  Full-duplex, 100Mb/s, 100BaseTX/FX
  ARP type: ARPA, ARP Timeout 04:00:00
  Last input 00:00:12, output 00:00:03, output hang never
  Last clearing of "show interface" counters never
  Input queue: 0/75/0/0 (size/max/drops/flushes); Total output drops: 0
  Queueing strategy: fifo
  Output queue: 0/40 (size/max)
  5 minute input rate 0 bits/sec, 0 packets/sec
  5 minute output rate 0 bits/sec, 0 packets/sec
     98 packets input, 33623 bytes
     Received 98 broadcasts (0 IP multicasts)
     0 runts, 0 giants, 0 throttles 
     0 input errors, 0 CRC, 0 frame, 0 overrun, 0 ignored
     0 watchdog
     0 input packets with dribble condition detected
     1282 packets output, 111487 bytes, 0 underruns
     0 output errors, 0 collisions, 0 interface resets
     0 unknown protocol drops
     0 babbles, 0 late collision, 0 deferred
     0 lost carrier, 0 no carrier
     0 output buffer failures, 0 output buffers swapped out
FastEthernet1/0 is administratively down, line protocol is down 
  Hardware is i82543 (Livengood), address is ca03.0af5.001c (bia ca03.0af5.001c)
  MTU 1500 bytes, BW 100000 Kbit/sec, DLY 100 usec, 
     reliability 255/255, txload 1/255, rxload 1/255
  Encapsulation ARPA, loopback not set
  Keepalive set (10 sec)
  Full-duplex, 100Mb/s, 100BaseTX/FX
  ARP type: ARPA, ARP Timeout 04:00:00
  Last input never, output never, output hang never
  Last clearing of "show interface" counters never
  Input queue: 0/75/0/0 (size/max/drops/flushes); Total output drops: 0
  Queueing strategy: fifo
  Output queue: 0/40 (size/max)
  5 minute input rate 0 bits/sec, 0 packets/sec
  5 minute output rate 0 bits/sec, 0 packets/sec
     0 packets input, 0 bytes
     Received 0 broadcasts (0 IP multicasts)
     0 runts, 0 giants, 0 throttles 
     0 input errors, 0 CRC, 0 frame, 0 overrun, 0 ignored
     0 watchdog
     0 input packets with dribble condition detected
     0 packets output, 0 bytes, 0 underruns
     0 output errors, 0 collisions, 0 interface resets
     0 unknown protocol drops
     0 babbles, 0 late collision, 0 deferred
     0 lost carrier, 0 no carrier
     0 output buffer failures, 0 output buffers swapped out
FastEthernet1/1 is administratively down, line protocol is down 
  Hardware is i82543 (Livengood), address is ca03.0af5.001d (bia ca03.0af5.001d)
  MTU 1500 bytes, BW 100000 Kbit/sec, DLY 100 usec, 
     reliability 255/255, txload 1/255, rxload 1/255
  Encapsulation ARPA, loopback not set
  Keepalive set (10 sec)
  Full-duplex, 100Mb/s, 100BaseTX/FX
  ARP type: ARPA, ARP Timeout 04:00:00
  Last input never, output never, output hang never
  Last clearing of "show interface" counters never
  Input queue: 0/75/0/0 (size/max/drops/flushes); Total output drops: 0
  Queueing strategy: fifo
  Output queue: 0/40 (size/max)
  5 minute input rate 0 bits/sec, 0 packets/sec
  5 minute output rate 0 bits/sec, 0 packets/sec
     0 packets input, 0 bytes
     Received 0 broadcasts (0 IP multicasts)
     0 runts, 0 giants, 0 throttles 
     0 input errors, 0 CRC, 0 frame, 0 overrun, 0 ignored
     0 watchdog
     0 input packets with dribble condition detected
     0 packets output, 0 bytes, 0 underruns
     0 output errors, 0 collisions, 0 interface resets
     0 unknown protocol drops
     0 babbles, 0 late collision, 0 deferred
     0 lost carrier, 0 no carrier
     0 output buffer failures, 0 output buffers swapped out
FastEthernet2/0 is administratively down, line protocol is down 
  Hardware is i82543 (Livengood), address is ca03.0af5.0038 (bia ca03.0af5.0038)
  MTU 1500 bytes, BW 100000 Kbit/sec, DLY 100 usec, 
     reliability 255/255, txload 1/255, rxload 1/255
  Encapsulation ARPA, loopback not set
  Keepalive set (10 sec)
  Full-duplex, 100Mb/s, 100BaseTX/FX
  ARP type: ARPA, ARP Timeout 04:00:00
  Last input never, output never, output hang never
  Last clearing of "show interface" counters never
  Input queue: 0/75/0/0 (size/max/drops/flushes); Total output drops: 0
  Queueing strategy: fifo
  Output queue: 0/40 (size/max)
  5 minute input rate 0 bits/sec, 0 packets/sec
  5 minute output rate 0 bits/sec, 0 packets/sec
     0 packets input, 0 bytes
     Received 0 broadcasts (0 IP multicasts)
     0 runts, 0 giants, 0 throttles 
     0 input errors, 0 CRC, 0 frame, 0 overrun, 0 ignored
     0 watchdog
     0 input packets with dribble condition detected
     0 packets output, 0 bytes, 0 underruns
     0 output errors, 0 collisions, 0 interface resets
     0 unknown protocol drops
     0 babbles, 0 late collision, 0 deferred
     0 lost carrier, 0 no carrier
     0 output buffer failures, 0 output buffers swapped out
FastEthernet2/1 is administratively down, line protocol is down 
  Hardware is i82543 (Livengood), address is ca03.0af5.0039 (bia ca03.0af5.0039)
  MTU 1500 bytes, BW 100000 Kbit/sec, DLY 100 usec, 
     reliability 255/255, txload 1/255, rxload 1/255
  Encapsulation ARPA, loopback not set
  Keepalive set (10 sec)
  Full-duplex, 100Mb/s, 100BaseTX/FX
  ARP type: ARPA, ARP Timeout 04:00:00
  Last input never, output never, output hang never
  Last clearing of "show interface" counters never
  Input queue: 0/75/0/0 (size/max/drops/flushes); Total output drops: 0
  Queueing strategy: fifo
  Output queue: 0/40 (size/max)
  5 minute input rate 0 bits/sec, 0 packets/sec
  5 minute output rate 0 bits/sec, 0 packets/sec
     0 packets input, 0 bytes
     Received 0 broadcasts (0 IP multicasts)
     0 runts, 0 giants, 0 throttles 
     0 input errors, 0 CRC, 0 frame, 0 overrun, 0 ignored
     0 watchdog
     0 input packets with dribble condition detected
     0 packets output, 0 bytes, 0 underruns
     0 output errors, 0 collisions, 0 interface resets
     0 unknown protocol drops
     0 babbles, 0 late collision, 0 deferred
     0 lost carrier, 0 no carrier
     0 output buffer failures, 0 output buffers swapped out
FastEthernet3/0 is up, line protocol is up 
  Hardware is i82543 (Livengood), address is ca03.0af5.0054 (bia ca03.0af5.0054)
  Description: *****MNGMT*****
  Internet address is 123.123.1.16/24
  MTU 1500 bytes, BW 100000 Kbit/sec, DLY 100 usec, 
     reliability 255/255, txload 1/255, rxload 1/255
  Encapsulation ARPA, loopback not set
  Keepalive set (10 sec)
  Full-duplex, 100Mb/s, 100BaseTX/FX
  ARP type: ARPA, ARP Timeout 04:00:00
  Last input 00:00:00, output 00:00:00, output hang never
  Last clearing of "show interface" counters never
  Input queue: 0/75/0/0 (size/max/drops/flushes); Total output drops: 0
  Queueing strategy: fifo
  Output queue: 0/40 (size/max)
  5 minute input rate 2000 bits/sec, 2 packets/sec
  5 minute output rate 2000 bits/sec, 2 packets/sec
     3597 packets input, 526199 bytes
     Received 1226 broadcasts (0 IP multicasts)
     0 runts, 0 giants, 0 throttles 
     0 input errors, 0 CRC, 0 frame, 0 overrun, 0 ignored
     0 watchdog
     0 input packets with dribble condition detected
     4159 packets output, 587406 bytes, 0 underruns
     0 output errors, 0 collisions, 2 interface resets
     0 unknown protocol drops
     0 babbles, 0 late collision, 0 deferred
     0 lost carrier, 0 no carrier
     0 output buffer failures, 0 output buffers swapped out
FastEthernet3/1 is administratively down, line protocol is down 
  Hardware is i82543 (Livengood), address is ca03.0af5.0055 (bia ca03.0af5.0055)
  MTU 1500 bytes, BW 100000 Kbit/sec, DLY 100 usec, 
     reliability 255/255, txload 1/255, rxload 1/255
  Encapsulation ARPA, loopback not set
  Keepalive set (10 sec)
  Full-duplex, 100Mb/s, 100BaseTX/FX
  ARP type: ARPA, ARP Timeout 04:00:00
  Last input never, output never, output hang never
  Last clearing of "show interface" counters never
  Input queue: 0/75/0/0 (size/max/drops/flushes); Total output drops: 0
  Queueing strategy: fifo
  Output queue: 0/40 (size/max)
  5 minute input rate 0 bits/sec, 0 packets/sec
  5 minute output rate 0 bits/sec, 0 packets/sec
     0 packets input, 0 bytes
     Received 0 broadcasts (0 IP multicasts)
     0 runts, 0 giants, 0 throttles 
     0 input errors, 0 CRC, 0 frame, 0 overrun, 0 ignored
     0 watchdog
     0 input packets with dribble condition detected
     0 packets output, 0 bytes, 0 underruns
     0 output errors, 0 collisions, 0 interface resets
     0 unknown protocol drops
     0 babbles, 0 late collision, 0 deferred
     0 lost carrier, 0 no carrier
     0 output buffer failures, 0 output buffers swapped out
Loopback151 is up, line protocol is up 
  Hardware is Loopback
  Internet address is 151.151.151.151/32
  MTU 1514 bytes, BW 8000000 Kbit/sec, DLY 5000 usec, 
     reliability 255/255, txload 1/255, rxload 1/255
  Encapsulation LOOPBACK, loopback not set
  Keepalive set (10 sec)
  Last input never, output never, output hang never
  Last clearing of "show interface" counters never
  Input queue: 0/75/0/0 (size/max/drops/flushes); Total output drops: 0
  Queueing strategy: fifo
  Output queue: 0/0 (size/max)
  5 minute input rate 0 bits/sec, 0 packets/sec
  5 minute output rate 0 bits/sec, 0 packets/sec
     0 packets input, 0 bytes, 0 no buffer
     Received 0 broadcasts (0 IP multicasts)
     0 runts, 0 giants, 0 throttles 
     0 input errors, 0 CRC, 0 frame, 0 overrun, 0 ignored, 0 abort
     0 packets output, 0 bytes, 0 underruns
     0 output errors, 0 collisions, 0 interface resets
     0 unknown protocol drops
     0 output buffer failures, 0 output buffers swapped out
Loopback152 is up, line protocol is up 
  Hardware is Loopback
  Internet address is 152.152.152.152/32
  MTU 1514 bytes, BW 8000000 Kbit/sec, DLY 5000 usec, 
     reliability 255/255, txload 1/255, rxload 1/255
  Encapsulation LOOPBACK, loopback not set
  Keepalive set (10 sec)
  Last input never, output never, output hang never
  Last clearing of "show interface" counters never
  Input queue: 0/75/0/0 (size/max/drops/flushes); Total output drops: 0
  Queueing strategy: fifo
  Output queue: 0/0 (size/max)
  5 minute input rate 0 bits/sec, 0 packets/sec
  5 minute output rate 0 bits/sec, 0 packets/sec
     0 packets input, 0 bytes, 0 no buffer
     Received 0 broadcasts (0 IP multicasts)
     0 runts, 0 giants, 0 throttles 
     0 input errors, 0 CRC, 0 frame, 0 overrun, 0 ignored, 0 abort
     0 packets output, 0 bytes, 0 underruns
     0 output errors, 0 collisions, 0 interface resets
     0 unknown protocol drops
     0 output buffer failures, 0 output buffers swapped out
Loopback153 is up, line protocol is up 
  Hardware is Loopback
  Internet address is 153.153.153.153/32
  MTU 1514 bytes, BW 8000000 Kbit/sec, DLY 5000 usec, 
     reliability 255/255, txload 1/255, rxload 1/255
  Encapsulation LOOPBACK, loopback not set
  Keepalive set (10 sec)
  Last input never, output never, output hang never
  Last clearing of "show interface" counters never
  Input queue: 0/75/0/0 (size/max/drops/flushes); Total output drops: 0
  Queueing strategy: fifo
  Output queue: 0/0 (size/max)
  5 minute input rate 0 bits/sec, 0 packets/sec
  5 minute output rate 0 bits/sec, 0 packets/sec
     0 packets input, 0 bytes, 0 no buffer
     Received 0 broadcasts (0 IP multicasts)
     0 runts, 0 giants, 0 throttles 
     0 input errors, 0 CRC, 0 frame, 0 overrun, 0 ignored, 0 abort
     0 packets output, 0 bytes, 0 underruns
     0 output errors, 0 collisions, 0 interface resets
     0 unknown protocol drops
     0 output buffer failures, 0 output buffers swapped out
Loopback154 is up, line protocol is up 
  Hardware is Loopback
  Internet address is 154.154.154.154/32
  MTU 1514 bytes, BW 8000000 Kbit/sec, DLY 5000 usec, 
     reliability 255/255, txload 1/255, rxload 1/255
  Encapsulation LOOPBACK, loopback not set
  Keepalive set (10 sec)
  Last input never, output never, output hang never
  Last clearing of "show interface" counters never
  Input queue: 0/75/0/0 (size/max/drops/flushes); Total output drops: 0
  Queueing strategy: fifo
  Output queue: 0/0 (size/max)
  5 minute input rate 0 bits/sec, 0 packets/sec
  5 minute output rate 0 bits/sec, 0 packets/sec
     0 packets input, 0 bytes, 0 no buffer
     Received 0 broadcasts (0 IP multicasts)
     0 runts, 0 giants, 0 throttles 
     0 input errors, 0 CRC, 0 frame, 0 overrun, 0 ignored, 0 abort
     0 packets output, 0 bytes, 0 underruns
     0 output errors, 0 collisions, 0 interface resets
     0 unknown protocol drops
     0 output buffer failures, 0 output buffers swapped out
Loopback155 is up, line protocol is up 
  Hardware is Loopback
  Internet address is 155.155.155.155/32
  MTU 1514 bytes, BW 8000000 Kbit/sec, DLY 5000 usec, 
     reliability 255/255, txload 1/255, rxload 1/255
  Encapsulation LOOPBACK, loopback not set
  Keepalive set (10 sec)
  Last input never, output never, output hang never
  Last clearing of "show interface" counters never
  Input queue: 0/75/0/0 (size/max/drops/flushes); Total output drops: 0
  Queueing strategy: fifo
  Output queue: 0/0 (size/max)
  5 minute input rate 0 bits/sec, 0 packets/sec
  5 minute output rate 0 bits/sec, 0 packets/sec
     0 packets input, 0 bytes, 0 no buffer
     Received 0 broadcasts (0 IP multicasts)
     0 runts, 0 giants, 0 throttles 
     0 input errors, 0 CRC, 0 frame, 0 overrun, 0 ignored, 0 abort
     0 packets output, 0 bytes, 0 underruns
     0 output errors, 0 collisions, 0 interface resets
     0 unknown protocol drops
     0 output buffer failures, 0 output buffers swapped out
Loopback156 is up, line protocol is up 
  Hardware is Loopback
  Internet address is 156.156.156.156/32
  MTU 1514 bytes, BW 8000000 Kbit/sec, DLY 5000 usec, 
     reliability 255/255, txload 1/255, rxload 1/255
  Encapsulation LOOPBACK, loopback not set
  Keepalive set (10 sec)
  Last input never, output never, output hang never
  Last clearing of "show interface" counters never
  Input queue: 0/75/0/0 (size/max/drops/flushes); Total output drops: 0
  Queueing strategy: fifo
  Output queue: 0/0 (size/max)
  5 minute input rate 0 bits/sec, 0 packets/sec
  5 minute output rate 0 bits/sec, 0 packets/sec
     0 packets input, 0 bytes, 0 no buffer
     Received 0 broadcasts (0 IP multicasts)
     0 runts, 0 giants, 0 throttles 
     0 input errors, 0 CRC, 0 frame, 0 overrun, 0 ignored, 0 abort
     0 packets output, 0 bytes, 0 underruns
     0 output errors, 0 collisions, 0 interface resets
     0 unknown protocol drops
     0 output buffer failures, 0 output buffers swapped out
Loopback157 is up, line protocol is up 
  Hardware is Loopback
  Internet address is 157.157.157.157/32
  MTU 1514 bytes, BW 8000000 Kbit/sec, DLY 5000 usec, 
     reliability 255/255, txload 1/255, rxload 1/255
  Encapsulation LOOPBACK, loopback not set
  Keepalive set (10 sec)
  Last input never, output never, output hang never
  Last clearing of "show interface" counters never
  Input queue: 0/75/0/0 (size/max/drops/flushes); Total output drops: 0
  Queueing strategy: fifo
  Output queue: 0/0 (size/max)
  5 minute input rate 0 bits/sec, 0 packets/sec
  5 minute output rate 0 bits/sec, 0 packets/sec
     0 packets input, 0 bytes, 0 no buffer
     Received 0 broadcasts (0 IP multicasts)
     0 runts, 0 giants, 0 throttles 
     0 input errors, 0 CRC, 0 frame, 0 overrun, 0 ignored, 0 abort
     0 packets output, 0 bytes, 0 underruns
     0 output errors, 0 collisions, 0 interface resets
     0 unknown protocol drops
     0 output buffer failures, 0 output buffers swapped out
Loopback158 is up, line protocol is up 
  Hardware is Loopback
  Internet address is 158.158.158.158/32
  MTU 1514 bytes, BW 8000000 Kbit/sec, DLY 5000 usec, 
     reliability 255/255, txload 1/255, rxload 1/255
  Encapsulation LOOPBACK, loopback not set
  Keepalive set (10 sec)
  Last input never, output never, output hang never
  Last clearing of "show interface" counters never
  Input queue: 0/75/0/0 (size/max/drops/flushes); Total output drops: 0
  Queueing strategy: fifo
  Output queue: 0/0 (size/max)
  5 minute input rate 0 bits/sec, 0 packets/sec
  5 minute output rate 0 bits/sec, 0 packets/sec
     0 packets input, 0 bytes, 0 no buffer
     Received 0 broadcasts (0 IP multicasts)
     0 runts, 0 giants, 0 throttles 
     0 input errors, 0 CRC, 0 frame, 0 overrun, 0 ignored, 0 abort
     0 packets output, 0 bytes, 0 underruns
     0 output errors, 0 collisions, 0 interface resets
     0 unknown protocol drops
     0 output buffer failures, 0 output buffers swapped out
Loopback159 is up, line protocol is up 
  Hardware is Loopback
  Internet address is 159.159.159.159/32
  MTU 1514 bytes, BW 8000000 Kbit/sec, DLY 5000 usec, 
     reliability 255/255, txload 1/255, rxload 1/255
  Encapsulation LOOPBACK, loopback not set
  Keepalive set (10 sec)
  Last input never, output never, output hang never
  Last clearing of "show interface" counters never
  Input queue: 0/75/0/0 (size/max/drops/flushes); Total output drops: 0
  Queueing strategy: fifo
  Output queue: 0/0 (size/max)
  5 minute input rate 0 bits/sec, 0 packets/sec
  5 minute output rate 0 bits/sec, 0 packets/sec
     0 packets input, 0 bytes, 0 no buffer
     Received 0 broadcasts (0 IP multicasts)
     0 runts, 0 giants, 0 throttles 
     0 input errors, 0 CRC, 0 frame, 0 overrun, 0 ignored, 0 abort
     0 packets output, 0 bytes, 0 underruns
     0 output errors, 0 collisions, 0 interface resets
     0 unknown protocol drops
     0 output buffer failures, 0 output buffers swapped out
Loopback190 is up, line protocol is up 
  Hardware is Loopback
  Internet address is 190.1.1.6/32
  MTU 1514 bytes, BW 8000000 Kbit/sec, DLY 5000 usec, 
     reliability 255/255, txload 1/255, rxload 1/255
  Encapsulation LOOPBACK, loopback not set
  Keepalive set (10 sec)
  Last input never, output never, output hang never
  Last clearing of "show interface" counters never
  Input queue: 0/75/0/0 (size/max/drops/flushes); Total output drops: 0
  Queueing strategy: fifo
  Output queue: 0/0 (size/max)
  5 minute input rate 0 bits/sec, 0 packets/sec
  5 minute output rate 0 bits/sec, 0 packets/sec
     0 packets input, 0 bytes, 0 no buffer
     Received 0 broadcasts (0 IP multicasts)
     0 runts, 0 giants, 0 throttles 
     0 input errors, 0 CRC, 0 frame, 0 overrun, 0 ignored, 0 abort
     0 packets output, 0 bytes, 0 underruns
     0 output errors, 0 collisions, 0 interface resets
     0 unknown protocol drops
     0 output buffer failures, 0 output buffers swapped out

------------------ show interfaces history ------------------



------------------ show controllers ------------------


Interface FastEthernet0/0
Hardware is DEC21140
 dec21140_ds=0x668E42B8, registers=0x3C0C0000, ib=0xE188080
 rx ring entries=128, tx ring entries=256, af setup failed=0
 rxring=0x7E188180, rxr shadow=0x668E4868, rx_head=95, rx_tail=0
 txring=0x7E1889C0, txr shadow=0x668E4A9C, tx_head=8, tx_tail=8, tx_count=0
 PHY link up
 CSR0=0x29082, CSR3=0xE188180, CSR4=0xE1889C0, CSR5=0x360000
 CSR6=0x20CA202, CSR7=0x1A261, CSR8=0x0, CSR9=0x54000
 CSR11=0x0, CSR12=0x98, CSR15=0x0
 TX state: running - reading buffer
 RX state: running - waiting for rx packet
 Far End Fault Indication (For FX Interface): OFF
 DEC21140 PCI registers:
  bus_no=0, device_no=6
  CFID=0x00091011, CFCS=0x00000000, CFRV=0x02000011, CFLT=0x00000000
  CBIO=0x00000000, CBMA=0x480C0000, CFIT=0x00000000, CFDA=0x00000000
 MII registers:
  Register 0x00:   2100  0004  0000  0000  0000  0000  0000  0000
  Register 0x08:   0000  0000  0000  0000  0000  0000  0000  0000
  Register 0x10:   0000  0000  0000  0000  0000  0000  0000  0000
  Register 0x18:   0000  0000  0000  0000  0000  0000  0000  0000
 Software MAC address filter(hash:length/addr/mask/hits):
 need_af_check = 0 
  0x00:  0  ffff.ffff.ffff  0000.0000.0000         0
  0x0A:  0  ca03.0af5.0000  0000.0000.0000         0
  0x54:  0  0100.5e00.000a  0000.0000.0000         0
  0xC0:  0  0100.0ccc.cccc  0000.0000.0000         0
 throttled=0, enabled=0, disabled=0
 rx_fifo_overflow=0, rx_no_enp=0, rx_state=0
 tx_underrun_err=0, tx_jabber_timeout=0, tx_carrier_loss=0
 tx_no_carrier=0, tx_late_collision=0, tx_excess_coll=0
 tx_collision_cnt=0, tx_deferred=0, fatal_tx_err=0, tbl_overflow=0
 rx_pak_len_err = 0, filtered_pak_cnt = 0 
 tx_limited=0(256)
 HW addr filter: 0xE19CA40, ISL Disabled
  Entry= 0:  Addr=0100.0CCC.CCCC
  Entry= 1:  Addr=0100.5E00.000A
  Entry= 2:  Addr=FFFF.FFFF.FFFF
  Entry= 3:  Addr=FFFF.FFFF.FFFF
  Entry= 4:  Addr=FFFF.FFFF.FFFF
  Entry= 5:  Addr=FFFF.FFFF.FFFF
  Entry= 6:  Addr=FFFF.FFFF.FFFF
  Entry= 7:  Addr=FFFF.FFFF.FFFF
  Entry= 8:  Addr=FFFF.FFFF.FFFF
  Entry= 9:  Addr=FFFF.FFFF.FFFF
  Entry=10:  Addr=FFFF.FFFF.FFFF
  Entry=11:  Addr=FFFF.FFFF.FFFF
  Entry=12:  Addr=FFFF.FFFF.FFFF
  Entry=13:  Addr=FFFF.FFFF.FFFF
  Entry=14:  Addr=FFFF.FFFF.FFFF
  Entry=15:  Addr=CA03.0AF5.0000

Interface FastEthernet1/0 (idb 0x668ED80C)
Hardware is i82543 (Livengood) 3?
  network link is up  
  Config is Auto Speed, Full Duplex
  loopback type is none
  10/100 PHY is enabled (MII mode)
 i82543 MAC registers:
      Cannot display registers while
     Controller is in shutdown state!
 PHY registers:
  PHY is LXT971
  Register 0x00:   2800  782C  0013  61D4  01E1  41E1  0001  0000
  Register 0x08:   0000  ----  ----  ----  ----  ----  ----  ----
  Register 0x10:   0100  4700  0000  0000  0450  ----  ----  ----
  Register 0x18:   ----  ----  ----  ----  ----  ----  0000
  PHY says Link is UP, Speed 100Mbps, Full-Duplex, AUTONEG complete
  PHY is POWERED DOWN
 PCI configuration registers:
  bus_no=5, device_no=0
  DeviceID=0x1001, VendorID=0x8086, Command=0x0000, Status=0x0000
  Class=0x02/0x00/0x00, Revision=0x03, LatencyTimer=0x00, CacheLineSize=0x00
  BaseAddr0=0x48800000, BaseAddr1=0x00000000, MaxLat=0x00, MinGnt=0x00
  SubsysDeviceID=0x0000, SubsysVendorID=0x0000
  Cap_Ptr=0x00000000  Retry/TRDY Timeout=0x00000000
  PMC=0x00000000  PMCSR=0x00000000
 i82543 Internal Driver Information:
  lc_ip_turbo_fs=0x631BB894, ip_routecache=0x11(dfs=0/mdfs=0)
  i82543_ds=0x668EEA1C, registers=0x3C800000
  rx cache size=400, rx cache end=272, rx_nobuffer=0
  max_mtu=1524
 Software MAC address filter(hash:length/addr/mask/hits):
 need_af_check = 0 
  0x00:  0  ffff.ffff.ffff  0000.0000.0000         0
  0x16:  0  ca03.0af5.001c  0000.0000.0000         0
  0xC0:  0  0100.0ccc.cccc  0000.0000.0000         0
  ring sizes: RX=128, TX=256
  rxring=0x7E1C6000, shadow=0x668EF270, head=0, rx_buf_size=512
  txring=0x0E1C7000, shadow=0x668EF4A4, head=0, tail=0
  chip_state=3, pci_rev=3
  tx_count=0, tx_limited=0 (256)
  rx_overrun=0, rx_seq=0, rx_no_enp=0, rx_discard=0, filtered_pak=0
  throttled=0, enabled=0, disabled=0, bypassed=0
  reset=1(init=1, check=0, restart=0, pci=0), auto_restart=1
  link_reset=0, tx_carrier_loss=0, fatal_tx_err=0
  isl_err=0, wait_for_last_tdt=0, rx_stuck=0
  tx_stuck=0,  rx_max_spin=1, rx_bad_particle=0
 HW addr filter: 0x668EFCD8, ISL disabled, Promiscuous mode multicast
  Entry= 0:  Addr=CA03.0AF5.001C
  (All other entries are empty)
 i82543 Statistics
  CRC error        0             Symbol error     0           
  Missed Packets   0             Single Collision 0           
  Excessive Coll   0             Multiple Coll    0           
  Late Coll        0             Collision        0           
  Defer            0             Receive Length   0           
  Alignment Error  0             XON RX           0           
  XON TX           0             XOFF RX          0           
  XOFF TX          0             FC RX Unsupport  0           
  Packet RX (64)   0             Packet RX (127)  0           
  Packet RX (255)  0             Packet RX (511)  0           
  Packet RX (1023) 0             Packet RX (1522) 0           
  Good Packet RX   0             Broadcast RX     0           
  Multicast RX     0             Good Packet TX   0           
  Good Octets RX.H 0             Good Octets RX.L 0           
  Good Octets TX.H 0             Good Octets TX.L 0           
  RX No Buff       0             RX Undersize     0           
  RX Fragment      0             RX Oversize      0           
  RX Octets High   0             RX Octets Low    0           
  TX Octets High   0             TX Octets Low    0           
  TX Packet	   0             RX Packet        0           
  TX Broadcast     0             TX Multicast     0           
  Packet TX (64)   0             Packet TX (127)  0           
  Packet TX (255)  0             Packet TX (511)  0           
  Packet TX (1023) 0             Packet TX (1522) 0           
  TX Underruns     0             TX No CRS        0           
  RX Error Count   0             RX DMA Underruns 0           
  RX Carrier Ext   0           
  TCP Segmentation 0             TCP Seg Failed   0           
Interface FastEthernet1/1 (idb 0x668FB458)
Hardware is i82543 (Livengood) 3?
  network link is up  
  Config is Auto Speed, Full Duplex
  loopback type is none
  10/100 PHY is enabled (MII mode)
 i82543 MAC registers:
      Cannot display registers while
     Controller is in shutdown state!
 PHY registers:
  PHY is LXT971
  Register 0x00:   2800  782C  0013  61D4  01E1  41E1  0001  0000
  Register 0x08:   0000  ----  ----  ----  ----  ----  ----  ----
  Register 0x10:   0100  4700  0000  0000  0450  ----  ----  ----
  Register 0x18:   ----  ----  ----  ----  ----  ----  0000
  PHY says Link is UP, Speed 100Mbps, Full-Duplex, AUTONEG complete
  PHY is POWERED DOWN
 PCI configuration registers:
  bus_no=5, device_no=1
  DeviceID=0x1001, VendorID=0x8086, Command=0x0000, Status=0x0000
  Class=0x02/0x00/0x00, Revision=0x03, LatencyTimer=0x00, CacheLineSize=0x00
  BaseAddr0=0x48820000, BaseAddr1=0x00000000, MaxLat=0x00, MinGnt=0x00
  SubsysDeviceID=0x0000, SubsysVendorID=0x0000
  Cap_Ptr=0x00000000  Retry/TRDY Timeout=0x00000000
  PMC=0x00000000  PMCSR=0x00000000
 i82543 Internal Driver Information:
  lc_ip_turbo_fs=0x631BB894, ip_routecache=0x11(dfs=0/mdfs=0)
  i82543_ds=0x668FC668, registers=0x3C820000
  rx cache size=400, rx cache end=272, rx_nobuffer=0
  max_mtu=1524
 Software MAC address filter(hash:length/addr/mask/hits):
 need_af_check = 0 
  0x00:  0  ffff.ffff.ffff  0000.0000.0000         0
  0x17:  0  ca03.0af5.001d  0000.0000.0000         0
  0xC0:  0  0100.0ccc.cccc  0000.0000.0000         0
  ring sizes: RX=128, TX=256
  rxring=0x7E259000, shadow=0x668FCD40, head=0, rx_buf_size=512
  txring=0x0E25A000, shadow=0x668FCF74, head=0, tail=0
  chip_state=3, pci_rev=3
  tx_count=0, tx_limited=0 (256)
  rx_overrun=0, rx_seq=0, rx_no_enp=0, rx_discard=0, filtered_pak=0
  throttled=0, enabled=0, disabled=0, bypassed=0
  reset=1(init=1, check=0, restart=0, pci=0), auto_restart=1
  link_reset=0, tx_carrier_loss=0, fatal_tx_err=0
  isl_err=0, wait_for_last_tdt=0, rx_stuck=0
  tx_stuck=0,  rx_max_spin=1, rx_bad_particle=0
 HW addr filter: 0x668FD7A8, ISL disabled, Promiscuous mode multicast
  Entry= 0:  Addr=CA03.0AF5.001D
  (All other entries are empty)
 i82543 Statistics
  CRC error        0             Symbol error     0           
  Missed Packets   0             Single Collision 0           
  Excessive Coll   0             Multiple Coll    0           
  Late Coll        0             Collision        0           
  Defer            0             Receive Length   0           
  Alignment Error  0             XON RX           0           
  XON TX           0             XOFF RX          0           
  XOFF TX          0             FC RX Unsupport  0           
  Packet RX (64)   0             Packet RX (127)  0           
  Packet RX (255)  0             Packet RX (511)  0           
  Packet RX (1023) 0             Packet RX (1522) 0           
  Good Packet RX   0             Broadcast RX     0           
  Multicast RX     0             Good Packet TX   0           
  Good Octets RX.H 0             Good Octets RX.L 0           
  Good Octets TX.H 0             Good Octets TX.L 0           
  RX No Buff       0             RX Undersize     0           
  RX Fragment      0             RX Oversize      0           
  RX Octets High   0             RX Octets Low    0           
  TX Octets High   0             TX Octets Low    0           
  TX Packet	   0             RX Packet        0           
  TX Broadcast     0             TX Multicast     0           
  Packet TX (64)   0             Packet TX (127)  0           
  Packet TX (255)  0             Packet TX (511)  0           
  Packet TX (1023) 0             Packet TX (1522) 0           
  TX Underruns     0             TX No CRS        0           
  RX Error Count   0             RX DMA Underruns 0           
  RX Carrier Ext   0           
  TCP Segmentation 0             TCP Seg Failed   0           
Interface FastEthernet2/0 (idb 0x6690A544)
Hardware is i82543 (Livengood) 3?
  network link is up  
  Config is Auto Speed, Full Duplex
  loopback type is none
  10/100 PHY is enabled (MII mode)
 i82543 MAC registers:
      Cannot display registers while
     Controller is in shutdown state!
 PHY registers:
  PHY is LXT971
  Register 0x00:   2800  782C  0013  61D4  01E1  41E1  0001  0000
  Register 0x08:   0000  ----  ----  ----  ----  ----  ----  ----
  Register 0x10:   0100  4700  0000  0000  0450  ----  ----  ----
  Register 0x18:   ----  ----  ----  ----  ----  ----  0000
  PHY says Link is UP, Speed 100Mbps, Full-Duplex, AUTONEG complete
  PHY is POWERED DOWN
 PCI configuration registers:
  bus_no=11, device_no=0
  DeviceID=0x1001, VendorID=0x8086, Command=0x0000, Status=0x0000
  Class=0x02/0x00/0x00, Revision=0x03, LatencyTimer=0x00, CacheLineSize=0x00
  BaseAddr0=0x4D000000, BaseAddr1=0x00000000, MaxLat=0x00, MinGnt=0x00
  SubsysDeviceID=0x0000, SubsysVendorID=0x0000
  Cap_Ptr=0x00000000  Retry/TRDY Timeout=0x00000000
  PMC=0x00000000  PMCSR=0x00000000
 i82543 Internal Driver Information:
  lc_ip_turbo_fs=0x631BB894, ip_routecache=0x11(dfs=0/mdfs=0)
  i82543_ds=0x6690B754, registers=0x3D000000
  rx cache size=400, rx cache end=272, rx_nobuffer=0
  max_mtu=1524
 Software MAC address filter(hash:length/addr/mask/hits):
 need_af_check = 0 
  0x00:  0  ffff.ffff.ffff  0000.0000.0000         0
  0x32:  0  ca03.0af5.0038  0000.0000.0000         0
  0xC0:  0  0100.0ccc.cccc  0000.0000.0000         0
  ring sizes: RX=128, TX=256
  rxring=0x7E2EC000, shadow=0x6690BE2C, head=0, rx_buf_size=512
  txring=0x0E2ED000, shadow=0x6690C060, head=0, tail=0
  chip_state=3, pci_rev=3
  tx_count=0, tx_limited=0 (256)
  rx_overrun=0, rx_seq=0, rx_no_enp=0, rx_discard=0, filtered_pak=0
  throttled=0, enabled=0, disabled=0, bypassed=0
  reset=1(init=1, check=0, restart=0, pci=0), auto_restart=1
  link_reset=0, tx_carrier_loss=0, fatal_tx_err=0
  isl_err=0, wait_for_last_tdt=0, rx_stuck=0
  tx_stuck=0,  rx_max_spin=1, rx_bad_particle=0
 HW addr filter: 0x6690C894, ISL disabled, Promiscuous mode multicast
  Entry= 0:  Addr=CA03.0AF5.0038
  (All other entries are empty)
 i82543 Statistics
  CRC error        0             Symbol error     0           
  Missed Packets   0             Single Collision 0           
  Excessive Coll   0             Multiple Coll    0           
  Late Coll        0             Collision        0           
  Defer            0             Receive Length   0           
  Alignment Error  0             XON RX           0           
  XON TX           0             XOFF RX          0           
  XOFF TX          0             FC RX Unsupport  0           
  Packet RX (64)   0             Packet RX (127)  0           
  Packet RX (255)  0             Packet RX (511)  0           
  Packet RX (1023) 0             Packet RX (1522) 0           
  Good Packet RX   0             Broadcast RX     0           
  Multicast RX     0             Good Packet TX   0           
  Good Octets RX.H 0             Good Octets RX.L 0           
  Good Octets TX.H 0             Good Octets TX.L 0           
  RX No Buff       0             RX Undersize     0           
  RX Fragment      0             RX Oversize      0           
  RX Octets High   0             RX Octets Low    0           
  TX Octets High   0             TX Octets Low    0           
  TX Packet	   0             RX Packet        0           
  TX Broadcast     0             TX Multicast     0           
  Packet TX (64)   0             Packet TX (127)  0           
  Packet TX (255)  0             Packet TX (511)  0           
  Packet TX (1023) 0             Packet TX (1522) 0           
  TX Underruns     0             TX No CRS        0           
  RX Error Count   0             RX DMA Underruns 0           
  RX Carrier Ext   0           
  TCP Segmentation 0             TCP Seg Failed   0           
Interface FastEthernet2/1 (idb 0x66917FD8)
Hardware is i82543 (Livengood) 3?
  network link is up  
  Config is Auto Speed, Full Duplex
  loopback type is none
  10/100 PHY is enabled (MII mode)
 i82543 MAC registers:
      Cannot display registers while
     Controller is in shutdown state!
 PHY registers:
  PHY is LXT971
  Register 0x00:   2800  782C  0013  61D4  01E1  41E1  0001  0000
  Register 0x08:   0000  ----  ----  ----  ----  ----  ----  ----
  Register 0x10:   0100  4700  0000  0000  0450  ----  ----  ----
  Register 0x18:   ----  ----  ----  ----  ----  ----  0000
  PHY says Link is UP, Speed 100Mbps, Full-Duplex, AUTONEG complete
  PHY is POWERED DOWN
 PCI configuration registers:
  bus_no=11, device_no=1
  DeviceID=0x1001, VendorID=0x8086, Command=0x0000, Status=0x0000
  Class=0x02/0x00/0x00, Revision=0x03, LatencyTimer=0x00, CacheLineSize=0x00
  BaseAddr0=0x4D020000, BaseAddr1=0x00000000, MaxLat=0x00, MinGnt=0x00
  SubsysDeviceID=0x0000, SubsysVendorID=0x0000
  Cap_Ptr=0x00000000  Retry/TRDY Timeout=0x00000000
  PMC=0x00000000  PMCSR=0x00000000
 i82543 Internal Driver Information:
  lc_ip_turbo_fs=0x631BB894, ip_routecache=0x11(dfs=0/mdfs=0)
  i82543_ds=0x669191E8, registers=0x3D020000
  rx cache size=400, rx cache end=272, rx_nobuffer=0
  max_mtu=1524
 Software MAC address filter(hash:length/addr/mask/hits):
 need_af_check = 0 
  0x00:  0  ffff.ffff.ffff  0000.0000.0000         0
  0x33:  0  ca03.0af5.0039  0000.0000.0000         0
  0xC0:  0  0100.0ccc.cccc  0000.0000.0000         0
  ring sizes: RX=128, TX=256
  rxring=0x7E37F000, shadow=0x669198C0, head=0, rx_buf_size=512
  txring=0x0E380000, shadow=0x66919AF4, head=0, tail=0
  chip_state=3, pci_rev=3
  tx_count=0, tx_limited=0 (256)
  rx_overrun=0, rx_seq=0, rx_no_enp=0, rx_discard=0, filtered_pak=0
  throttled=0, enabled=0, disabled=0, bypassed=0
  reset=1(init=1, check=0, restart=0, pci=0), auto_restart=1
  link_reset=0, tx_carrier_loss=0, fatal_tx_err=0
  isl_err=0, wait_for_last_tdt=0, rx_stuck=0
  tx_stuck=0,  rx_max_spin=1, rx_bad_particle=0
 HW addr filter: 0x6691A328, ISL disabled, Promiscuous mode multicast
  Entry= 0:  Addr=CA03.0AF5.0039
  (All other entries are empty)
 i82543 Statistics
  CRC error        0             Symbol error     0           
  Missed Packets   0             Single Collision 0           
  Excessive Coll   0             Multiple Coll    0           
  Late Coll        0             Collision        0           
  Defer            0             Receive Length   0           
  Alignment Error  0             XON RX           0           
  XON TX           0             XOFF RX          0           
  XOFF TX          0             FC RX Unsupport  0           
  Packet RX (64)   0             Packet RX (127)  0           
  Packet RX (255)  0             Packet RX (511)  0           
  Packet RX (1023) 0             Packet RX (1522) 0           
  Good Packet RX   0             Broadcast RX     0           
  Multicast RX     0             Good Packet TX   0           
  Good Octets RX.H 0             Good Octets RX.L 0           
  Good Octets TX.H 0             Good Octets TX.L 0           
  RX No Buff       0             RX Undersize     0           
  RX Fragment      0             RX Oversize      0           
  RX Octets High   0             RX Octets Low    0           
  TX Octets High   0             TX Octets Low    0           
  TX Packet	   0             RX Packet        0           
  TX Broadcast     0             TX Multicast     0           
  Packet TX (64)   0             Packet TX (127)  0           
  Packet TX (255)  0             Packet TX (511)  0           
  Packet TX (1023) 0             Packet TX (1522) 0           
  TX Underruns     0             TX No CRS        0           
  RX Error Count   0             RX DMA Underruns 0           
  RX Carrier Ext   0           
  TCP Segmentation 0             TCP Seg Failed   0           
Interface FastEthernet3/0 (idb 0x66925A98)
Hardware is i82543 (Livengood) 3?
  network link is up  
  Config is Auto Speed, Full Duplex
  loopback type is none
  10/100 PHY is enabled (MII mode)
 i82543 MAC registers:
  CTRL  =0x03C00064, STATUS=0x00000003, CTRL_X=0x00005F80, IMS   =0x00000096
  RCTL  =0x00428032, RDBAL =0x0E412000, RDBAH =0x00000000, RDLEN =0x00000800
  RDH   =0x00000035, RDT   =0x00000034, RDTR  =0x00000000
  TCTL  =0x000400FA, TDBAL =0x0E413000, TDBAH =0x00000000, TDLEN =0x00001000
  TDH   =0x00000071, TDT   =0x0000007F, TIPG  =0x00000000
  ETT   =0x00000000, TXDMAC=0x00000000
  TXCW  =0x00000000, RXCW  =0x00000000, FCRTH =0x00000000, FCRTL =0x00000000
  FCAH  =0x00000100, FCAL  =0x00C28001, FCT   =0x00008808, FCTTV =0x00000000
  RDFH  =0x00000000, RDFT  =0x00000000, RDFPC =0x00000000
  TDFH  =0x00000000, TDFT  =0x00000000, TDFPC =0x00000000
  RX is normal, enabled  TX is normal, enabled
  Device status = full-duplex, link up
  Device Speed = 10Mbps
 PHY registers:
  PHY is LXT971
  Register 0x00:   3100  782C  0013  61D4  0141  41E1  0001  0000
  Register 0x08:   0000  ----  ----  ----  ----  ----  ----  ----
  Register 0x10:   0100  4700  0000  0000  0450  ----  ----  ----
  Register 0x18:   ----  ----  ----  ----  ----  ----  0000
  PHY says Link is UP, Speed 100Mbps, Full-Duplex, AUTONEG complete
  AUTONEG - Our ability is     100M/FD 10M/FD 
  AUTONEG - Partner ability is 100M/FD 100M/HD 10M/FD 10M/HD 
 PCI configuration registers:
  bus_no=6, device_no=0
  DeviceID=0x1001, VendorID=0x8086, Command=0x0000, Status=0x0000
  Class=0x02/0x00/0x00, Revision=0x03, LatencyTimer=0x00, CacheLineSize=0x00
  BaseAddr0=0x49000000, BaseAddr1=0x00000000, MaxLat=0x00, MinGnt=0x00
  SubsysDeviceID=0x0000, SubsysVendorID=0x0000
  Cap_Ptr=0x00000000  Retry/TRDY Timeout=0x00000000
  PMC=0x00000000  PMCSR=0x00000000
 i82543 Internal Driver Information:
  lc_ip_turbo_fs=0x631BB894, ip_routecache=0x11(dfs=0/mdfs=0)
  i82543_ds=0x66926CA8, registers=0x3D800000
  rx cache size=400, rx cache end=272, rx_nobuffer=0
  max_mtu=1524
 Software MAC address filter(hash:length/addr/mask/hits):
 need_af_check = 0 
  0x00:  0  ffff.ffff.ffff  0000.0000.0000         0
  0x5E:  0  ca03.0af5.0054  0000.0000.0000         0
  0xC0:  0  0100.0ccc.cccc  0000.0000.0000         0
  ring sizes: RX=128, TX=256
  rxring=0x7E412000, shadow=0x66927380, head=53, rx_buf_size=512
  txring=0x0E413000, shadow=0x669275B4, head=97, tail=127
  chip_state=2, pci_rev=3
  tx_count=30, tx_limited=0 (256)
  rx_overrun=0, rx_seq=0, rx_no_enp=0, rx_discard=0, filtered_pak=0
  throttled=0, enabled=0, disabled=0, bypassed=0
  reset=3(init=1, check=0, restart=2, pci=0), auto_restart=3
  link_reset=0, tx_carrier_loss=0, fatal_tx_err=0
  isl_err=0, wait_for_last_tdt=0, rx_stuck=0
  tx_stuck=0,  rx_max_spin=1, rx_bad_particle=0
 HW addr filter: 0x66927DE8, ISL disabled, Promiscuous mode multicast
  Entry= 0:  Addr=CA03.0AF5.0054
  (All other entries are empty)
 i82543 Statistics
  CRC error        0             Symbol error     0           
  Missed Packets   0             Single Collision 0           
  Excessive Coll   0             Multiple Coll    0           
  Late Coll        0             Collision        0           
  Defer            0             Receive Length   0           
  Alignment Error  0             XON RX           0           
  XON TX           0             XOFF RX          0           
  XOFF TX          0             FC RX Unsupport  0           
  Packet RX (64)   0             Packet RX (127)  0           
  Packet RX (255)  0             Packet RX (511)  0           
  Packet RX (1023) 0             Packet RX (1522) 0           
  Good Packet RX   0             Broadcast RX     0           
  Multicast RX     0             Good Packet TX   0           
  Good Octets RX.H 0             Good Octets RX.L 0           
  Good Octets TX.H 0             Good Octets TX.L 0           
  RX No Buff       0             RX Undersize     0           
  RX Fragment      0             RX Oversize      0           
  RX Octets High   0             RX Octets Low    0           
  TX Octets High   0             TX Octets Low    0           
  TX Packet	   0             RX Packet        0           
  TX Broadcast     0             TX Multicast     0           
  Packet TX (64)   0             Packet TX (127)  0           
  Packet TX (255)  0             Packet TX (511)  0           
  Packet TX (1023) 0             Packet TX (1522) 0           
  TX Underruns     0             TX No CRS        0           
  RX Error Count   0             RX DMA Underruns 0           
  RX Carrier Ext   0           
  TCP Segmentation 0             TCP Seg Failed   0           
Interface FastEthernet3/1 (idb 0x66934ADC)
Hardware is i82543 (Livengood) 3?
  network link is up  
  Config is Auto Speed, Full Duplex
  loopback type is none
  10/100 PHY is enabled (MII mode)
 i82543 MAC registers:
      Cannot display registers while
     Controller is in shutdown state!
 PHY registers:
  PHY is LXT971
  Register 0x00:   2800  782C  0013  61D4  01E1  41E1  0001  0000
  Register 0x08:   0000  ----  ----  ----  ----  ----  ----  ----
  Register 0x10:   0100  4700  0000  0000  0450  ----  ----  ----
  Register 0x18:   ----  ----  ----  ----  ----  ----  0000
  PHY says Link is UP, Speed 100Mbps, Full-Duplex, AUTONEG complete
  PHY is POWERED DOWN
 PCI configuration registers:
  bus_no=6, device_no=1
  DeviceID=0x1001, VendorID=0x8086, Command=0x0000, Status=0x0000
  Class=0x02/0x00/0x00, Revision=0x03, LatencyTimer=0x00, CacheLineSize=0x00
  BaseAddr0=0x49020000, BaseAddr1=0x00000000, MaxLat=0x00, MinGnt=0x00
  SubsysDeviceID=0x0000, SubsysVendorID=0x0000
  Cap_Ptr=0x00000000  Retry/TRDY Timeout=0x00000000
  PMC=0x00000000  PMCSR=0x00000000
 i82543 Internal Driver Information:
  lc_ip_turbo_fs=0x631BB894, ip_routecache=0x11(dfs=0/mdfs=0)
  i82543_ds=0x66935CEC, registers=0x3D820000
  rx cache size=400, rx cache end=272, rx_nobuffer=0
  max_mtu=1524
 Software MAC address filter(hash:length/addr/mask/hits):
 need_af_check = 0 
  0x00:  0  ffff.ffff.ffff  0000.0000.0000         0
  0x5F:  0  ca03.0af5.0055  0000.0000.0000         0
  0xC0:  0  0100.0ccc.cccc  0000.0000.0000         0
  ring sizes: RX=128, TX=256
  rxring=0x7E4A5000, shadow=0x669363C4, head=0, rx_buf_size=512
  txring=0x0E4A6000, shadow=0x669365F8, head=0, tail=0
  chip_state=3, pci_rev=3
  tx_count=0, tx_limited=0 (256)
  rx_overrun=0, rx_seq=0, rx_no_enp=0, rx_discard=0, filtered_pak=0
  throttled=0, enabled=0, disabled=0, bypassed=0
  reset=1(init=1, check=0, restart=0, pci=0), auto_restart=1
  link_reset=0, tx_carrier_loss=0, fatal_tx_err=0
  isl_err=0, wait_for_last_tdt=0, rx_stuck=0
  tx_stuck=0,  rx_max_spin=1, rx_bad_particle=0
 HW addr filter: 0x66936E2C, ISL disabled, Promiscuous mode multicast
  Entry= 0:  Addr=CA03.0AF5.0055
  (All other entries are empty)
 i82543 Statistics
  CRC error        0             Symbol error     0           
  Missed Packets   0             Single Collision 0           
  Excessive Coll   0             Multiple Coll    0           
  Late Coll        0             Collision        0           
  Defer            0             Receive Length   0           
  Alignment Error  0             XON RX           0           
  XON TX           0             XOFF RX          0           
  XOFF TX          0             FC RX Unsupport  0           
  Packet RX (64)   0             Packet RX (127)  0           
  Packet RX (255)  0             Packet RX (511)  0           
  Packet RX (1023) 0             Packet RX (1522) 0           
  Good Packet RX   0             Broadcast RX     0           
  Multicast RX     0             Good Packet TX   0           
  Good Octets RX.H 0             Good Octets RX.L 0           
  Good Octets TX.H 0             Good Octets TX.L 0           
  RX No Buff       0             RX Undersize     0           
  RX Fragment      0             RX Oversize      0           
  RX Octets High   0             RX Octets Low    0           
  TX Octets High   0             TX Octets Low    0           
  TX Packet	   0             RX Packet        0           
  TX Broadcast     0             TX Multicast     0           
  Packet TX (64)   0             Packet TX (127)  0           
  Packet TX (255)  0             Packet TX (511)  0           
  Packet TX (1023) 0             Packet TX (1522) 0           
  TX Underruns     0             TX No CRS        0           
  RX Error Count   0             RX DMA Underruns 0           
  RX Carrier Ext   0           
  TCP Segmentation 0             TCP Seg Failed   0           



------------------ show user ------------------


    Line       User       Host(s)              Idle       Location
*  2 vty 0     admin      idle                 00:00:01 123.123.1.1

  Interface    User               Mode         Idle     Peer Address


------------------ show data-corruption ------------------


No data inconsistency errors have been recorded.


------------------ show environment last ------------------


	Data not available

------------------ show environment all ------------------


Power Supplies:
	Power Supply 1 is AC Power Supply. Unit is on.
	Power Supply 2 is AC Power Supply. Unit is on.

Temperature readings:
	I/O Cont Inlet   measured at 22C/71F 
	I/O Cont Outlet  measured at 22C/71F 
	NPE Inlet        measured at 22C/71F 
	NPE Outlet       measured at 22C/71F 

Voltage readings:
	+3.45 V       measured at +3.43 V 
	+5.15 V       measured at +5.13 V 
	+12.15 V      measured at +12.10 V 
	-11.95 V      measured at -11.90 V 

Envm stats saved 1 time(s) since reload

DEBUG:netmiko:read_channel: 
DEBUG:netmiko:read_channel: 
DEBUG:netmiko:read_channel: 
DEBUG:netmiko:read_channel: 
DEBUG:netmiko:read_channel: 
DEBUG:netmiko:read_channel: 
DEBUG:netmiko:read_channel: 
DEBUG:netmiko:read_channel: R: "One port Fastethernet TX"
PID: NM-1FE-TX=        , VID: 1.0, SN: 7720321    

NAME: "One port Fastethernet TX", DESCR: "One port Fastethernet TX"
PID: NM-1FE-TX=        , VID: 1.0, SN: 7720321    



------------------ Mempool statistics ------------------


                Head    Total(b)     Used(b)     Free(b)   Lowest(b)  Largest(b)
Processor   64B73DC0   176734784    16703112   160031672   155457948   155419592
      I/O   4F400000    12582912     5104520     7478392     7478392     7478364

-------------- Top 100 allocator pc summary -----------


Allocator PC Summary for: Processor

    PC          Total   Count  Name
0x60A87DA4    1840284     217  Process Stack
0x6047EFC4    1005320    1117  *Packet Header*
0x620881B0     523812      48  TCL Chunks
0x60DC429C     459116       7  BGP (0) update
0x6000FE94     439052       6  MallocLite
0x6217875C     395484      11  pak subblock chunk
0x60DC3808     393528       6  BGP IPv4 path-chunk
0x60DD1930     393528       6  IPv4 Unicast net-chunk(8)
0x6217780C     384640      32  TW Buckets
0x625DF224     208144       1  epa crypto blk
0x60244B44     155692       1  Init
0x621595D8     155660     215  Process
0x62161C4C     150164     737  Init
0x604AA1B8     138660      24  Normal
0x613C9344     133212       4  CEF: 1 path chunk pool
0x600B9DA4     131176       2  IPC Message He
0x613DA7C4     131124       1  Init
0x612AC648     124332       1  DSS Chunk
0x6047F010     121200     150  *Packet Data*
0x62A74D90     120560      20  IPv6 CEF fib tables
0x62014CE0     120052       1  MPLS Event log
0x60DC40C8     118512       4  BGP (0) attr
0x604AA24C      99144      36  Normal
0x62283B5C      98460       3  L2TP Hash Table
0x614FE71C      98356       1  Init
0x620880D8      97384      17  TCL Chunks
0x60C873A0      91252       1  Init
0x61153BCC      89680       4  Init
0x60BD0C5C      88736    1163  Init
0x62088150      83164      12  TclCreateExecEnv
0x60DC3850      82968       6  Init
0x616FE364      82580       1  Init
0x621657FC      80208       4  RMI-RO_RU Chun
0x61F944B4      77252       1  Spanning Tree Opt Port Block
0x600CA680      69684       1  Init
0x60C3F6C8      66476       2  CEF: Adjacency chunk
0x62160D48      66464      32  Reg Function 1
0x613DB1F0      66412       2  CEF: loadinfo chunk
0x60344B14      66272       2  CDAPI Msg Chunk
0x626BBED8      66140       2  FW sis
0x6008A888      65980       2  IP mtrie node
0x6001EA30      65588       1  Memory RO RU Chunks
0x6001EB74      65588       1  Memory RO RU Index Chunks
0x60A8231C      65588       1  CPU RO RU Chunks
0x6049A504      65588       1  Buffer RO RU Chunks
0x6049A530      65588       1  Buffer RU Notify Chunks
0x621BF190      65588       1  eddri_self_event
0x604A9FE4      65588       1  Clones
0x6049A278      65588       1  Buffer Display Chunks
0x61161958      65588       1  Parseinfo Blocks
0x600B9D28      65588       1  IPC Message Header Cache
0x604B3524      65588       1  IDB List Element Chunks
0x61209578      65588       1  ddb counters struct
0x600C1558      65588       1  DFS stream buffer
0x600C15A4      65588       1  PFS inode table
0x607EF160      65588       1  Mat Addr Tbl Chunk
0x62177034      65588       1  Event Manager Event Elements
0x6226BCB4      65588       1  VPDN msg chunks
0x6226FB14      65588       1  VPDN mgr call chunk
0x6226FB48      65588       1  VPDN mgr mgd timer chunk
0x6226B218      65588       1  VPDN call req chunk
0x62267C58      65588       1  VPDN user info chunks
0x622A1538      65588       1  l2tun session hdl chunk
0x622A1A20      65588       1  l2tun_session_db entries
0x62295B28      65588       1  L2TP: l2tp_tunneltype chunk
0x62295B60      65588       1  L2TP: l2tp_sessiontype chunk
0x62295BBC      65588       1  L2TP mgd timer chunk
0x617E7420      65588       1  IP RDB Chunk
0x617E845C      65588       1  IP single NDB entry
0x617E8488      65588       1  IP subnet NDB entry
0x6180E760      65588       1  IP Static Route Chunk
0x61BBD368      65588       1  OER BR Trace message Chunk
0x62277FFC      65588       1  L2F: l2f_sessiontype chunk
0x62277FC4      65588       1  L2F: l2f_tunneltype chunk
0x626F39F8      65588       1  RE column chunk block
0x626F3ADC      65588       1  RE column chun
0x62836388      65588       1  MIPV6 BCE Chunk
0x61BC1148      65588       1  OER Prefix Chunk
0x61BC1178      65588       1  OER Policy Ref Chunk
0x61BC11A8      65588       1  OER Prefix Exit Ref Chunk
0x61BC11D8      65588       1  OER List Element Chunk
0x61BC1238      65588       1  OER Prefix Active History Chunk
0x61BF7C40      65588       1  OER trace exit Chunk
0x61BF7C74      65588       1  OER traceroute result Chunk
0x625EADC4      65588       1  Crypto IKMP kekm
0x6262C834      65588       1  Crypto Delete Manager
0x610DC894      65588       1  AAA DB Chunk
0x60DC42F0      65588       1  BGP battr chunk
0x61E2DFC8      65108       1  IP SLA Monitor jitter checksum buffer
0x61166C9C      58580     759  Parser Linkage
0x600CA694      58420       1  Init
0x6045413C      56052       1  Init
0x604884E0      53352      18  *Hardware IDB*
0x62161CDC      53352      26  Reg Function 1
0x6119C3A8      49204       1  SSH Process
0x6215C3A4      42468     215  Process Events
0x62A7315C      41752      30  Init
0x61F6867C      41248       4  Init
0x62152DCC      40208       4  List Elements
0x6215BD9C      34372      11  Watched Semaph


Allocator PC Summary for: I/O

    PC          Total   Count  Name
0x604AA1B8    2839040       8  Normal
0x604AA270    1508800      23  Normal
0x60630760     524544       2  Init
0x6047F010     199616     167  *Packet Data*
0x606307B8       8960       8  Init
0x60630824       8448       4  Init
0x6012D824       6336       3  FastEthernet1/0
0x60243488       4160       1  Init
0x6012D7D8       3264       3  FastEthernet1/0
0x60340B74        960       1  Init
0x6012D7A4        288       3  FastEthernet1/0


------------------ show region ------------------


Region Manager:

      Start         End     Size(b)  Class  Media  Name
 0x0F400000  0x0FFFFFFF    12582912  Iomem  R/W    iomem:(uncached_iomem_region)
 0x4F400000  0x4FFFFFFF    12582912  Iomem  R/W    iomem
 0x60000000  0x6F3FFFFF   255852544  Local  R/W    main
 0x60008E10  0x62ABFFFF    44790256  IText  R/O    main:text
 0x62AC0000  0x646C3F5F    29376352  IData  R/W    main:data
 0x646C3F60  0x64B73DBF     4914784  IBss   R/W    main:bss
 0x64B73DC0  0x6F3FFFFF   176734784  Local  R/W    main:heap
 0x80000000  0x8F3FFFFF   255852544  Local  R/W    main:(main_k0)
 0xA0000000  0xAF3FFFFF   255852544  Local  R/W    main:(main_k1)


Free Region Manager:

      Start         End     Size(b)  Class  Media  Name



------------------ show crypto ipsec client ezvpn ------------------


Easy VPN Remote Phase: 4

------------------ show ip nat statistics ------------------



------------------ show ip nat translations ------------------



------------------ show crypto map ------------------

No crypto maps found.


------------------ show access-list ------------------


Extended IP access list 102
    10 deny tcp any any eq ftp
    20 deny tcp any any eq ftp-data
    30 deny tcp any any eq telnet
    40 deny tcp any any eq www
    50 deny tcp any any eq whois
    60 deny tcp any any eq talk
    70 deny tcp any any eq gopher
    80 permit ip any any
Extended IP access list interface_acl
    10 permit udp any any eq 21862
    20 permit udp any eq bootpc any eq bootps
    30 permit udp any any eq domain
    40 permit tcp any host 10.0.200.30 eq www
    50 permit icmp any any
    60 deny ip any any
    70 permit tcp any host 190.1.1.9 eq www
    80 permit tcp any host 191.191.191.191 eq www
    90 permit tcp any host 192.192.192.192 eq www
    100 permit tcp any host 193.193.193.193 eq www
    110 permit tcp any host 194.194.194.194 eq www
    120 permit tcp any host 195.195.195.195 eq www
    130 permit tcp any host 196.196.196.196 eq www
    140 permit tcp any host 197.197.197.197 eq www
    150 permit tcp any host 198.198.198.198 eq www
    160 permit tcp any host 199.199.199.199 eq www

------------------ show crypto isakmp policy ------------------



Global IKE policy
Default protection suite
	encryption algorithm:	DES - Data Encryption Standard (56 bit keys).
	hash algorithm:		Secure Hash Standard
	authentication method:	Rivest-Shamir-Adleman Signature
	Diffie-Hellman group:	#1 (768 bit)
	lifetime:		86400 seconds, no volume limit

------------------ show crypto ipsec transform ------------------




------------------ show crypto ipsec profile ------------------



------------------ show crypto isakmp sa ------------------


dst             src             state          conn-id slot status


------------------ show crypto engine connection active ------------------



  ID Interface            IP-Address      State  Algorithm           Encrypt  Decrypt


------------------ show crypto ipsec sa ------------------


No SAs found


B1#
DEBUG:netmiko:read_channel: 
DEBUG:netmiko:read_channel: 
DEBUG:netmiko:read_channel: 
DEBUG:netmiko:read_channel: 
DEBUG:netmiko:read_channel: 
DEBUG:netmiko:read_channel: 
DEBUG:netmiko:read_channel: 
DEBUG:netmiko:write_channel: b'\n'
DEBUG:netmiko:read_channel: 
DEBUG:netmiko:read_channel: 
DEBUG:netmiko:read_channel: 
B1#
DEBUG:netmiko:read_channel: 
DEBUG:netmiko:read_channel: 
DEBUG:netmiko:read_channel: 
DEBUG:netmiko:read_channel: 
DEBUG:netmiko:read_channel: 
DEBUG:netmiko:read_channel: 
DEBUG:netmiko:read_channel: 
DEBUG:netmiko:read_channel: 
DEBUG:netmiko:read_channel: 
DEBUG:netmiko:[find_prompt()]: prompt is B1#
DEBUG:netmiko:write_channel: b'\n'
DEBUG:netmiko:read_channel: 
DEBUG:netmiko:read_channel: 
DEBUG:netmiko:read_channel: 
DEBUG:netmiko:read_channel: 
DEBUG:netmiko:read_channel: 
DEBUG:netmiko:read_channel: 
DEBUG:netmiko:read_channel: 
B1#
DEBUG:netmiko:read_channel: 
DEBUG:netmiko:read_channel: 
DEBUG:netmiko:read_channel: 
DEBUG:netmiko:read_channel: 
DEBUG:netmiko:read_channel: 
DEBUG:netmiko:read_channel: 
DEBUG:netmiko:read_channel: 
DEBUG:netmiko:read_channel: 
DEBUG:netmiko:read_channel: 
DEBUG:netmiko:read_channel: 
DEBUG:netmiko:read_channel: 
DEBUG:netmiko:read_channel: 
DEBUG:netmiko:read_channel: 
DEBUG:netmiko:read_channel: 
DEBUG:netmiko:read_channel: 
DEBUG:netmiko:read_channel: 
DEBUG:netmiko:read_channel: 
DEBUG:netmiko:read_channel: 
DEBUG:netmiko:read_channel: 
DEBUG:netmiko:read_channel: 
DEBUG:netmiko:read_channel: 
DEBUG:netmiko:read_channel: 
DEBUG:netmiko:read_channel: 
Current configuration : 6662 bytes
!
version 12.4
service timestamps debug datetime msec
service timestamps log datetime msec
no service password-encryption
!
hostname CR-SW1
!
boot-start-marker
boot-end-marker
!
enable secret 5 <removed>
!
no aaa new-model
memory-size iomem 5
no ip icmp rate-limit unreachable
ip cef
!
!
!
!
no ip domain lookup
ip domain name gns3.lab
!
multilink bundle-name authenticated
!
!
!
!
!
!
!
!
!
!
!
!
!
!
!
!
!
!
!
!
!
file prompt quiet
username admin password 0 <removed>
username suhas privilege 15 password 0 <removed>
archive
 log config
  hidekeys
! 
!
!
!
ip tcp synwait-time 5
ip scp server enable
!
!
!
!
interface Loopback190
 ip address 190.1.1.5 255.255.255.0
!
interface FastEthernet0/0
 ip address 123.123.1.15 255.255.255.0
 duplex auto
 speed 100
!
interface FastEthernet0/1
 no ip address
 shutdown
 duplex auto
 speed auto
!
interface FastEthernet1/0
 switchport access vlan 100
 speed 100
!
interface FastEthernet1/1
 switchport access vlan 100
 speed 100
!
interface FastEthernet1/2
 switchport access vlan 200
 speed 100
!
interface FastEthernet1/3
 switchport access vlan 300
 speed 100
!
interface FastEthernet1/4
 switchport access vlan 400
 speed 100
!
interface FastEthernet1/5
 switchport access vlan 1000
 speed 100
!
interface FastEthernet1/6
 speed 100
!
interface FastEthernet1/7
 speed 100
!
interface FastEthernet1/8
 speed 100
!
interface FastEthernet1/9
 speed 100
!
interface FastEthernet1/10
 speed 100
!
interface FastEthernet1/11
 speed 100
!
interface FastEthernet1/12
 speed 100
!
interface FastEthernet1/13
 speed 100
!
interface FastEthernet1/14
 speed 100
!
interface FastEthernet1/15
 speed 100
!
interface Vlan1
 no ip address
!
interface Vlan100
 description ***EIGRP-100-Process***
 ip address 192.168.1.100 255.255.255.0
!
interface Vlan200
 ip address 192.168.200.2 255.255.255.252
!
interface Vlan300
 ip address 192.168.230.2 255.255.255.252
!
interface Vlan400
 ip address 192.188.188.2 255.255.255.252
!
interface Vlan1000
 ip address 192.168.250.2 255.255.255.252
!
router eigrp 200
 redistribute eigrp 300 route-map EIGRP300-->EIGRP200
 redistribute ospf 400 metric 100000 10 255 1 1500 route-map OSPF400-->EIGRP100
 redistribute eigrp 100 route-map EIGRP100-->EIGRP200
 network 192.168.200.0 0.0.0.3
 no auto-summary
!
router eigrp 300
 redistribute eigrp 200 route-map EIGRP200-->EIGRP300
 redistribute ospf 400 metric 100000 10 255 1 1500 route-map OSPF400-->EIGRP100
 redistribute eigrp 100 route-map EIGRP100-->EIGRP300
 network 192.168.230.0 0.0.0.3
 no auto-summary
!
router eigrp 100
 redistribute static route-map STATIC-->EIGRP100
 redistribute eigrp 200 route-map EIGRP200-->EIGRP100
 redistribute eigrp 300 route-map EIGRP300-->EIGRP100
 redistribute ospf 400 metric 100000 10 255 1 1500 route-map OSPF400-->EIGRP100
 network 190.1.1.5 0.0.0.0
 network 192.168.1.0
 auto-summary
!
router ospf 400
 log-adjacency-changes
 redistribute eigrp 200 subnets route-map EIGRP200-->OSPF400
 redistribute eigrp 300 subnets route-map EIGRP300-->OSPF400
 redistribute eigrp 100 metric 1 subnets route-map EIGRP100-->OSPF400
 network 192.188.188.0 0.0.0.3 area 0
!
ip forward-protocol nd
ip route 190.1.1.9 255.255.255.255 192.168.250.1
ip route 191.191.191.191 255.255.255.255 192.168.250.1
ip route 192.192.192.192 255.255.255.255 192.168.250.1
ip route 193.193.193.193 255.255.255.255 192.168.250.1
ip route 194.194.194.194 255.255.255.255 192.168.250.1
ip route 195.195.195.195 255.255.255.255 192.168.250.1
ip route 196.196.196.196 255.255.255.255 192.168.250.1
ip route 197.197.197.197 255.255.255.255 192.168.250.1
ip route 198.198.198.198 255.255.255.255 192.168.250.1
ip route 199.199.199.199 255.255.255.255 192.168.250.1
!
!
no ip http server
no ip http secure-server
!
ip access-list extended interface_acl
 remark Allow EAPoUDP
 permit udp any any eq 21862
 remark Allow DHCP
 permit udp any eq 
DEBUG:netmiko:read_channel: 
DEBUG:netmiko:read_channel: 
DEBUG:netmiko:read_channel: 
DEBUG:netmiko:read_channel: 
DEBUG:netmiko:read_channel: 
DEBUG:netmiko:read_channel: 
DEBUG:netmiko:read_channel: 
DEBUG:netmiko:read_channel: bootpc any eq bootps
 remark Allow DNS
 permit udp any any eq domain
 remark Allow HTTP access to update server
 permit tcp any host 10.0.200.30 eq www
 remark Allow ICMP for test purposes
 permit icmp any any
 remark Implicit Deny
 deny   ip any any
 permit tcp any host 190.1.1.9 eq www
 permit tcp any host 191.191.191.191 eq www
 permit tcp any host 192.192.192.192 eq www
 permit tcp any host 193.193.193.193 eq www
 permit tcp any host 194.194.194.194 eq www
 permit tcp any host 195.195.195.195 eq www
 permit tcp any host 196.196.196.196 eq www
 permit tcp any host 197.197.197.197 eq www
 permit tcp any host 198.198.198.198 eq www
 permit tcp any host 199.199.199.199 eq www
!
!
ip prefix-list STATIC-->EIGRP100 seq 1 permit 0.0.0.0/0 le 32
ip prefix-list STATIC-->EIGRP100 seq 5 permit 0.0.0.0/0 ge 30
access-list 102 deny   tcp any any eq ftp
access-list 102 deny   tcp any any eq ftp-data
access-list 102 deny   tcp any any eq telnet
access-list 102 deny   tcp any any eq www
access-list 102 deny   tcp any any eq whois
access-list 102 deny   tcp any any eq talk
access-list 102 deny   tcp any any eq gopher
access-list 102 permit ip any any
no cdp log mismatch duplex
!
!
!
route-map EIGRP100-->EIGRP300 permit 5
 set tag 100
!
route-map EIGRP100-->EIGRP300 deny 10
 match tag 400
!
route-map EIGRP100-->EIGRP300 deny 15
 match tag 200 300
!
route-map EIGRP100-->EIGRP300 permit 25
 match tag 100 200 300
!
route-map EIGRP300-->EIGRP100 permit 5
 set tag 300
!
route-map EIGRP300-->EIGRP100 deny 10
 match tag 400
!
route-map EIGRP300-->EIGRP100 deny 15
 match tag 100 200
!
route-map EIGRP100-->EIGRP200 permit 5
 set tag 100
!
route-map EIGRP100-->EIGRP200 deny 10
 match tag 400
!
route-map EIGRP200-->EIGRP100 permit 5
 set tag 200
!
route-map EIGRP200-->EIGRP100 deny 10
 match tag 400
!
route-map EIGRP200-->EIGRP100 deny 15
 match tag 100 300
!
route-map EIGRP200-->EIGRP300 permit 5
 set tag 200
!
route-map EIGRP200-->EIGRP300 deny 10
 match tag 400
!
route-map EIGRP200-->EIGRP300 deny 15
 match tag 100 300
!
route-map EIGRP300-->EIGRP200 permit 5
 set tag 300
!
route-map EIGRP300-->EIGRP200 deny 10
 match tag 400
!
route-map EIGRP300-->EIGRP200 deny 15
 match tag 100 200
!
route-map EIGRP300-->EIGRP200 permit 25
 match tag 200 300
!
route-map STATIC-->EIGRP100 permit 10
 match ip address prefix-list STATIC-->EIGRP100
!
route-map EIGRP100-->OSPF400 permit 20
 set tag 100
!
route-map OSPF400-->EIGRP100 permit 20
 set tag 400
!
route-map EIGRP300-->OSPF400 permit 20
 set tag 300
!
route-map EIGRP200-->OSPF400 permit 20
 set tag 200
!
!
!
!
control-plane
!
!
!
!
!
!
!
!
!
!
line con 0
 exec-timeout 0 0
 privilege level 15
 logging synchronous
line aux 0
 exec-timeout 0 0
 privilege level 15
 logging synchronous
line vty 0 4
 login local
 transport input ssh
!
!
end


------------------ show stacks ------------------


Minimum process stacks:
 Free/Size   Name
59160/60000  script background loader
 5124/6000   Clock Update Proc
 5416/6000   Inspect Init Msg
 5368/6000   SPAN Subsystem
 5368/6000   FLEX DSPRM boot download main
 4304/6000   DIB error message
 5412/6000   SASL MAIN
 2412/3000   allegro libretto init
10560/12000  Router Init
  500/12000  Init
 4320/6000   Update prst
 5204/6000   RADIUS INITCONFIG
 2104/3000   Rom Random Update Process
 8292/12000  SSH Process

Interrupt level stacks:
Level    Called Unused/Size  Name
  1        9356   7764/9000  Network interfaces
  2        4021   8572/9000  DMA/Timer Interrupt
  3           0   9000/9000  PA Management Int Handler
  4         336   8644/9000  Console Uart
  5           0   9000/9000  External Interrupt
  7     1296481   8564/9000  NMI Interrupt Handler

Invalid boot_data=0xB6001780


------------------ show interfaces ------------------


FastEthernet0/0 is up, line protocol is up 
  Hardware is Gt96k FE, address is c207.16d3.0000 (bia c207.16d3.0000)
  Internet address is 123.123.1.15/24
  MTU 1500 bytes, BW 10000 Kbit/sec, DLY 1000 usec, 
     reliability 255/255, txload 1/255, rxload 1/255
  Encapsulation ARPA, loopback not set
  Keepalive set (10 sec)
  Half-duplex, 10Mb/s, 100BaseTX/FX
  ARP type: ARPA, ARP Timeout 04:00:00
  Last input 00:00:00, output 00:00:00, output hang never
  Last clearing of "show interface" counters never
  Input queue: 1/75/0/0 (size/max/drops/flushes); Total output drops: 0
  Queueing strategy: fifo
  Output queue: 0/40 (size/max)
  5 minute input rate 3000 bits/sec, 3 packets/sec
  5 minute output rate 3000 bits/sec, 3 packets/sec
     3585 packets input, 468217 bytes
     Received 781 broadcasts, 0 runts, 0 giants, 0 throttles
     0 input errors, 0 CRC, 0 frame, 0 overrun, 0 ignored
     0 watchdog
     0 input packets with dribble condition detected
     4456 packets output, 695113 bytes, 0 underruns
     0 output errors, 0 collisions, 1 interface resets
     0 babbles, 0 late collision, 0 deferred
     0 lost carrier, 0 no carrier
     0 output buffer failures, 0 output buffers swapped out
FastEthernet0/1 is administratively down, line protocol is down 
  Hardware is Gt96k FE, address is c207.16d3.0001 (bia c207.16d3.0001)
  MTU 1500 bytes, BW 10000 Kbit/sec, DLY 1000 usec, 
     reliability 255/255, txload 1/255, rxload 1/255
  Encapsulation ARPA, loopback not set
  Keepalive set (10 sec)
  Half-duplex, 10Mb/s, 100BaseTX/FX
  ARP type: ARPA, ARP Timeout 04:00:00
  Last input never, output never, output hang never
  Last clearing of "show interface" counters never
  Input queue: 0/75/0/0 (size/max/drops/flushes); Total output drops: 0
  Queueing strategy: fifo
  Output queue: 0/40 (size/max)
  5 minute input rate 0 bits/sec, 0 packets/sec
  5 minute output rate 0 bits/sec, 0 packets/sec
     0 packets input, 0 bytes
     Received 0 broadcasts, 0 runts, 0 giants, 0 throttles
     0 input errors, 0 CRC, 0 frame, 0 overrun, 0 ignored
     0 watchdog
     0 input packets with dribble condition detected
     0 packets output, 0 bytes, 0 underruns
     0 output errors, 0 collisions, 0 interface resets
     0 babbles, 0 late collision, 0 deferred
     0 lost carrier, 0 no carrier
     0 output buffer failures, 0 output buffers swapped out
FastEthernet1/0 is up, line protocol is up 
  Hardware is Fast Ethernet, address is c207.0ef1.f100 (bia c207.0ef1.f100)
  MTU 1500 bytes, BW 100000 Kbit/sec, DLY 100 usec, 
     reliability 255/255, txload 1/255, rxload 1/255
  Encapsulation ARPA, loopback not set
  Keepalive set (10 sec)
  Full-duplex, 100Mb/s
  ARP type: ARPA, ARP Timeout 04:00:00
  Last input 00:00:48, output never, output hang never
  Last clearing of "show interface" counters never
  Input queue: 0/75/0/0 (size/max/drops/flushes); Total output drops: 0
  Queueing strategy: fifo
  Output queue: 0/40 (size/max)
  5 minute input rate 0 bits/sec, 0 packets/sec
  5 minute output rate 0 bits/sec, 0 packets/sec
     0 packets input, 0 bytes, 0 no buffer
     Received 0 broadcasts, 0 runts, 0 giants, 0 throttles
     0 input errors, 0 CRC, 0 frame, 0 overrun, 0 ignored
     0 input packets with dribble condition detected
     0 packets output, 0 bytes, 0 underruns
     0 output errors, 0 collisions, 2 interface resets
     0 babbles, 0 late collision, 0 deferred
     0 lost carrier, 0 no carrier
     0 output buffer failures, 0 output buffers swapped out
FastEthernet1/1 is up, line protocol is up 
  Hardware is Fast Ethernet, address is c207.0ef1.f101 (bia c207.0ef1.f101)
  MTU 1500 bytes, BW 100000 Kbit/sec, DLY 100 usec, 
     reliability 255/255, txload 1/255, rxload 1/255
  Encapsulation ARPA, loopback not set
  Keepalive set (10 sec)
  Full-duplex, 100Mb/s
  ARP type: ARPA, ARP Timeout 04:00:00
  Last input 00:01:05, output never, output hang never
  Last clearing of "show interface" counters never
  Input queue: 0/75/0/0 (size/max/drops/flushes); Total output drops: 0
  Queueing strategy: fifo
  Output queue: 0/40 (size/max)
  5 minute input rate 0 bits/sec, 0 packets/sec
  5 minute output rate 0 bits/sec, 0 packets/sec
     0 packets input, 0 bytes, 0 no buffer
     Received 0 broadcasts, 0 runts, 0 giants, 0 throttles
     0 input errors, 0 CRC, 0 frame, 0 overrun, 0 ignored
     0 input packets with dribble condition detected
     0 packets output, 0 bytes, 0 underruns
     0 output errors, 0 collisions, 2 interface resets
     0 babbles, 0 late collision, 0 deferred
     0 lost carrier, 0 no carrier
     0 output buffer failures, 0 output buffers swapped out
FastEthernet1/2 is up, line protocol is up 
  Hardware is Fast Ethernet, address is c207.0ef1.f102 (bia c207.0ef1.f102)
  MTU 1500 bytes, BW 100000 Kbit/sec, DLY 100 usec, 
     reliability 255/255, txload 1/255, rxload 1/255
  Encapsulation ARPA, loopback not set
  Keepalive set (10 sec)
  Full-duplex, 100Mb/s
  ARP type: ARPA, ARP Timeout 04:00:00
  Last input 00:00:30, output never, output hang never
  Last clearing of "show interface" counters never
  Input queue: 0/75/0/0 (size/max/drops/flushes); Total output drops: 0
  Queueing strategy: fifo
  Output queue: 0/40 (size/max)
  5 minute input rate 0 bits/sec, 0 packets/sec
  5 minute output rate 0 bits/sec, 0 packets/sec
     0 packets input, 0 bytes, 0 no buffer
     Received 0 broadcasts, 0 runts, 0 giants, 0 throttles
     0 input errors, 0 CRC, 0 frame, 0 overrun, 0 ignored
     0 input packets with dribble condition detected
     0 packets output, 0 bytes, 0 underruns
     0 output errors, 0 collisions, 2 interface resets
     0 babbles, 0 late collision, 0 deferred
     0 lost carrier, 0 no carrier
     0 output buffer failures, 0 output buffers swapped out
FastEthernet1/3 is up, line protocol is up 
  Hardware is Fast Ethernet, address is c207.0ef1.f103 (bia c207.0ef1.f103)
  MTU 1500 bytes, BW 100000 Kbit/sec, DLY 100 usec, 
     reliability 255/255, txload 1/255, rxload 1/255
  Encapsulation ARPA, loopback not set
  Keepalive set (10 sec)
  Full-duplex, 100Mb/s
  ARP type: ARPA, ARP Timeout 04:00:00
  Last input 00:01:06, output never, out
DEBUG:netmiko:read_channel: 
DEBUG:netmiko:read_channel: 
DEBUG:netmiko:read_channel: 
DEBUG:netmiko:read_channel: 
DEBUG:netmiko:read_channel: 
DEBUG:netmiko:read_channel: 
DEBUG:netmiko:read_channel: 
DEBUG:netmiko:read_channel: put hang never
  Last clearing of "show interface" counters never
  Input queue: 0/75/0/0 (size/max/drops/flushes); Total output drops: 0
  Queueing strategy: fifo
  Output queue: 0/40 (size/max)
  5 minute input rate 0 bits/sec, 0 packets/sec
  5 minute output rate 0 bits/sec, 0 packets/sec
     0 packets input, 0 bytes, 0 no buffer
     Received 0 broadcasts, 0 runts, 0 giants, 0 throttles
     0 input errors, 0 CRC, 0 frame, 0 overrun, 0 ignored
     0 input packets with dribble condition detected
     0 packets output, 0 bytes, 0 underruns
     0 output errors, 0 collisions, 2 interface resets
     0 babbles, 0 late collision, 0 deferred
     0 lost carrier, 0 no carrier
     0 output buffer failures, 0 output buffers swapped out
FastEthernet1/4 is up, line protocol is up 
  Hardware is Fast Ethernet, address is c207.0ef1.f104 (bia c207.0ef1.f104)
  MTU 1500 bytes, BW 100000 Kbit/sec, DLY 100 usec, 
     reliability 255/255, txload 1/255, rxload 1/255
  Encapsulation ARPA, loopback not set
  Keepalive set (10 sec)
  Full-duplex, 100Mb/s
  ARP type: ARPA, ARP Timeout 04:00:00
  Last input 00:00:35, output never, output hang never
  Last clearing of "show interface" counters never
  Input queue: 0/75/0/0 (size/max/drops/flushes); Total output drops: 0
  Queueing strategy: fifo
  Output queue: 0/40 (size/max)
  5 minute input rate 0 bits/sec, 0 packets/sec
  5 minute output rate 0 bits/sec, 0 packets/sec
     0 packets input, 0 bytes, 0 no buffer
     Received 0 broadcasts, 0 runts, 0 giants, 0 throttles
     0 input errors, 0 CRC, 0 frame, 0 overrun, 0 ignored
     0 input packets with dribble condition detected
     0 packets output, 0 bytes, 0 underruns
     0 output errors, 0 collisions, 2 interface resets
     0 babbles, 0 late collision, 0 deferred
     0 lost carrier, 0 no carrier
     0 output buffer failures, 0 output buffers swapped out
FastEthernet1/5 is up, line protocol is up 
  Hardware is Fast Ethernet, address is c207.0ef1.f105 (bia c207.0ef1.f105)
  MTU 1500 bytes, BW 100000 Kbit/sec, DLY 100 usec, 
     reliability 255/255, txload 1/255, rxload 1/255
  Encapsulation ARPA, loopback not set
  Keepalive set (10 sec)
  Full-duplex, 100Mb/s
  ARP type: ARPA, ARP Timeout 04:00:00
  Last input 00:01:12, output never, output hang never
  Last clearing of "show interface" counters never
  Input queue: 0/75/0/0 (size/max/drops/flushes); Total output drops: 0
  Queueing strategy: fifo
  Output queue: 0/40 (size/max)
  5 minute input rate 0 bits/sec, 0 packets/sec
  5 minute output rate 0 bits/sec, 0 packets/sec
     0 packets input, 0 bytes, 0 no buffer
     Received 0 broadcasts, 0 runts, 0 giants, 0 throttles
     0 input errors, 0 CRC, 0 frame, 0 overrun, 0 ignored
     0 input packets with dribble condition detected
     0 packets output, 0 bytes, 0 underruns
     0 output errors, 0 collisions, 2 interface resets
     0 babbles, 0 late collision, 0 deferred
     0 lost carrier, 0 no carrier
     0 output buffer failures, 0 output buffers swapped out
FastEthernet1/6 is up, line protocol is down 
  Hardware is Fast Ethernet, address is c207.0ef1.f106 (bia c207.0ef1.f106)
  MTU 1500 bytes, BW 100000 Kbit/sec, DLY 100 usec, 
     reliability 255/255, txload 1/255, rxload 1/255
  Encapsulation ARPA, loopback not set
  Keepalive set (10 sec)
  Auto-duplex, Auto-speed
  ARP type: ARPA, ARP Timeout 04:00:00
  Last input never, output never, output hang never
  Last clearing of "show interface" counters never
  Input queue: 0/75/0/0 (size/max/drops/flushes); Total output drops: 0
  Queueing strategy: fifo
  Output queue: 0/40 (size/max)
  5 minute input rate 0 bits/sec, 0 packets/sec
  5 minute output rate 0 bits/sec, 0 packets/sec
     0 packets input, 0 bytes, 0 no buffer
     Received 0 broadcasts, 0 runts, 0 giants, 0 throttles
     0 input errors, 0 CRC, 0 frame, 0 overrun, 0 ignored
     0 input packets with dribble condition detected
     0 packets output, 0 bytes, 0 underruns
     0 output errors, 0 collisions, 2 interface resets
     0 babbles, 0 late collision, 0 deferred
     0 lost carrier, 0 no carrier
     0 output buffer failures, 0 output buffers swapped out
FastEthernet1/7 is up, line protocol is down 
  Hardware is Fast Ethernet, address is c207.0ef1.f107 (bia c207.0ef1.f107)
  MTU 1500 bytes, BW 100000 Kbit/sec, DLY 100 usec, 
     reliability 255/255, txload 1/255, rxload 1/255
  Encapsulation ARPA, loopback not set
  Keepalive set (10 sec)
  Auto-duplex, Auto-speed
  ARP type: ARPA, ARP Timeout 04:00:00
  Last input never, output never, output hang never
  Last clearing of "show interface" counters never
  Input queue: 0/75/0/0 (size/max/drops/flushes); Total output drops: 0
  Queueing strategy: fifo
  Output queue: 0/40 (size/max)
  5 minute input rate 0 bits/sec, 0 packets/sec
  5 minute output rate 0 bits/sec, 0 packets/sec
     0 packets input, 0 bytes, 0 no buffer
     Received 0 broadcasts, 0 runts, 0 giants, 0 throttles
     0 input errors, 0 CRC, 0 frame, 0 overrun, 0 ignored
     0 input packets with dribble condition detected
     0 packets output, 0 bytes, 0 underruns
     0 output errors, 0 collisions, 2 interface resets
     0 babbles, 0 late collision, 0 deferred
     0 lost carrier, 0 no carrier
     0 output buffer failures, 0 output buffers swapped out
FastEthernet1/8 is up, line protocol is down 
  Hardware is Fast Ethernet, address is c207.0ef1.f108 (bia c207.0ef1.f108)
  MTU 1500 bytes, BW 100000 Kbit/sec, DLY 100 usec, 
     reliability 255/255, txload 1/255, rxload 1/255
  Encapsulation ARPA, loopback not set
  Keepalive set (10 sec)
  Auto-duplex, Auto-speed
  ARP type: ARPA, ARP Timeout 04:00:00
  Last input never, output never, output hang never
  Last clearing of "show interface" counters never
  Input queue: 0/75/0/0 (size/max/drops/flushes); Total output drops: 0
  Queueing strategy: fifo
  Output queue: 0/40 (size/max)
  5 minute input rate 0 bits/sec, 0 packets/sec
  5 minute output rate 0 bits/sec, 0 packets/sec
     0 packets input, 0 bytes, 0 no buffer
     Received 0 broadcasts, 0 runts, 0 giants, 0 throttles
     0 input errors, 0 CRC, 0 frame, 0 overrun, 0 ignored
     0 input packets with dribble condition detected
     0 packets output, 0 bytes, 0 underruns
     0 output errors, 0 collisions, 2 interface resets
     0 babbles, 0 late collision, 0 deferred
     0 lost carrier, 0 no carrier
     0 output buffer failures, 0 output buffers swapped out
FastEthernet1/9 is up, line protocol is down 
  Hardware is Fast Ethernet, address is c207.0ef1.f109 (bia c207.0ef1.f109)
  MTU 1500 bytes, BW 100000 Kbit/sec, DLY 100 usec, 
     reliability 255/255, txload 1/255, rxload 1/255
  Encapsulation ARPA, loopback not set
  Keepalive set (10 sec)
  Auto-duplex, Auto-speed
  ARP type: ARPA, ARP Timeout 04:00:00
  Last input never, output never, output hang never
  Last clearing of "show interface" counters never
  Input queue: 0/75/0/0 (size/max/drops/flushes); Total output drops: 0
  Queueing strategy: fifo
  Output queue: 0/40 (size/max)
  5 minute input rate 0 bits/sec, 0 packets/sec
  5 minute output rate 0 bits/sec, 0 packets/sec
     0 packets input, 0 bytes, 0 no buffer
     Received 0 broadcasts, 0 runts, 0 giants, 0 throttles
     0 input errors, 0 CRC, 0 frame, 0 overrun, 0 ignored
     0 input packets with dribble condition detected
     0 packets output, 0 bytes, 0 underruns
     0 output errors, 0 collisions, 2 interface resets
     0 babbles, 0 late collision, 0 deferred
     0 lost carrier, 0 no carrier
     0 output buffer failures, 0 output buffers swapped out
FastEthernet1/10 is up, line protocol is down 
  Hardware is Fast Ethernet, address is c207.0ef1.f10a (bia c207.0ef1.f10a)
  MTU 1500 bytes, BW 100000 Kbit/sec, DLY 100 usec, 
     reliability 255/255, txload 1/255, rxload 1/255
  Encapsulation ARPA, loopback not set
  Keepalive set (10 sec)
  Auto-duplex, Auto-speed
  ARP type: ARPA, ARP Timeout 04:00:00
  Last input never, output never, output hang never
  Last clearing of "show interface" counters never
  Input queue: 0/75/0/0 (size/max/drops/flushes); Total output drops: 0
  Queueing strategy: fifo
  Output queue: 0/40 (size/max)
  5 minute input rate 0 bits/sec, 0 packets/sec
  5 minute output rate 0 bits/sec, 0 packets/sec
     0 packets input, 0 bytes, 0 no buffer
     Received 0 broadcasts, 0 runts, 0 giants, 0 throttles
     0 input errors, 0 CRC, 0 frame, 0 overrun, 0 ignored
     0 input packets with dribble condition detected
     0 packets output, 0 bytes, 0 underruns
     0 output errors, 0 collisions, 2 interface resets
     0 babbles, 0 late collision, 0 deferred
     0 lost carrier, 0 no carrier
     0 output buffer failures, 0 output buffers swapped out
FastEthernet1/11 is up, line protocol is down 
  Hardware is Fast Ethernet, address is c207.0ef1.f10b (bia c207.0ef1.f10b)
  MTU 1500 bytes, BW 100000 Kbit/sec, DLY 100 usec, 
     reliability 255/255, txload 1/255, rxload 1/255
  Encapsulation ARPA, loopback not set
  Keepalive set (10 sec)
  Auto-duplex, Auto-speed
DEBUG:netmiko:read_channel: 
DEBUG:netmiko:read_channel: 
DEBUG:netmiko:read_channel: 
DEBUG:netmiko:read_channel: 
DEBUG:netmiko:read_channel: 
DEBUG:netmiko:read_channel: 
DEBUG:netmiko:read_channel: 
DEBUG:netmiko:read_channel: 
  ARP type: ARPA, ARP Timeout 04:00:00
  Last input never, output never, output hang never
  Last clearing of "show interface" counters never
  Input queue: 0/75/0/0 (size/max/drops/flushes); Total output drops: 0
  Queueing strategy: fifo
  Output queue: 0/40 (size/max)
  5 minute input rate 0 bits/sec, 0 packets/sec
  5 minute output rate 0 bits/sec, 0 packets/sec
     0 packets input, 0 bytes, 0 no buffer
     Received 0 broadcasts, 0 runts, 0 giants, 0 throttles
     0 input errors, 0 CRC, 0 frame, 0 overrun, 0 ignored
     0 input packets with dribble condition detected
     0 packets output, 0 bytes, 0 underruns
     0 output errors, 0 collisions, 2 interface resets
     0 babbles, 0 late collision, 0 deferred
     0 lost carrier, 0 no carrier
     0 output buffer failures, 0 output buffers swapped out
FastEthernet1/12 is up, line protocol is down 
  Hardware is Fast Ethernet, address is c207.0ef1.f10c (bia c207.0ef1.f10c)
  MTU 1500 bytes, BW 100000 Kbit/sec, DLY 100 usec, 
     reliability 255/255, txload 1/255, rxload 1/255
  Encapsulation ARPA, loopback not set
  Keepalive set (10 sec)
  Auto-duplex, Auto-speed
  ARP type: ARPA, ARP Timeout 04:00:00
  Last input never, output never, output hang never
  Last clearing of "show interface" counters never
  Input queue: 0/75/0/0 (size/max/drops/flushes); Total output drops: 0
  Queueing strategy: fifo
  Output queue: 0/40 (size/max)
  5 minute input rate 0 bits/sec, 0 packets/sec
  5 minute output rate 0 bits/sec, 0 packets/sec
     0 packets input, 0 bytes, 0 no buffer
     Received 0 broadcasts, 0 runts, 0 giants, 0 throttles
     0 input errors, 0 CRC, 0 frame, 0 overrun, 0 ignored
     0 input packets with dribble condition detected
     0 packets output, 0 bytes, 0 underruns
     0 output errors, 0 collisions, 2 interface resets
     0 babbles, 0 late collision, 0 deferred
     0 lost carrier, 0 no carrier
     0 output buffer failures, 0 output buffers swapped out
FastEthernet1/13 is up, line protocol is down 
  Hardware is Fast Ethernet, address is c207.0ef1.f10d (bia c207.0ef1.f10d)
  MTU 1500 bytes, BW 100000 Kbit/sec, DLY 100 usec, 
     reliability 255/255, txload 1/255, rxload 1/255
  Encapsulation ARPA, loopback not set
  Keepalive set (10 sec)
  Auto-duplex, Auto-speed
  ARP type: ARPA, ARP Timeout 04:00:00
  Last input never, output never, output hang never
  Last clearing of "show interface" counters never
  Input queue: 0/75/0/0 (size/max/drops/flushes); Total output drops: 0
  Queueing strategy: fifo
  Output queue: 0/40 (size/max)
  5 minute input rate 0 bits/sec, 0 packets/sec
  5 minute output rate 0 bits/sec, 0 packets/sec
     0 packets input, 0 bytes, 0 no buffer
     Received 0 broadcasts, 0 runts, 0 giants, 0 throttles
     0 input errors, 0 CRC, 0 frame, 0 overrun, 0 ignored
     0 input packets with dribble condition detected
     0 packets output, 0 bytes, 0 underruns
     0 output errors, 0 collisions, 2 interface resets
     0 babbles, 0 late collision, 0 deferred
     0 lost carrier, 0 no carrier
     0 output buffer failures, 0 output buffers swapped out
FastEthernet1/14 is up, line protocol is down 
  Hardware is Fast Ethernet, address is c207.0ef1.f10e (bia c207.0ef1.f10e)
  MTU 1500 bytes, BW 100000 Kbit/sec, DLY 100 usec, 
     reliability 255/255, txload 1/255, rxload 1/255
  Encapsulation ARPA, loopback not set
  Keepalive set (10 sec)
  Auto-duplex, Auto-speed
  ARP type: ARPA, ARP Timeout 04:00:00
  Last input never, output never, output hang never
  Last clearing of "show interface" counters never
  Input queue: 0/75/0/0 (size/max/drops/flushes); Total output drops: 0
  Queueing strategy: fifo
  Output queue: 0/40 (size/max)
  5 minute input rate 0 bits/sec, 0 packets/sec
  5 minute output rate 0 bits/sec, 0 packets/sec
     0 packets input, 0 bytes, 0 no buffer
     Received 0 broadcasts, 0 runts, 0 giants, 0 throttles
     0 input errors, 0 CRC, 0 frame, 0 overrun, 0 ignored
     0 input packets with dribble condition detected
     0 packets output, 0 bytes, 0 underruns
     0 output errors, 0 collisions, 2 interface resets
     0 babbles, 0 late collision, 0 deferred
     0 lost carrier, 0 no carrier
     0 output buffer failures, 0 output buffers swapped out
FastEthernet1/15 is up, line protocol is down 
  Hardware is Fast Ethernet, address is c207.0ef1.f10f (bia c207.0ef1.f10f)
  MTU 1500 bytes, BW 100000 Kbit/sec, DLY 100 usec, 
     reliability 255/255, txload 1/255, rxload 1/255
  Encapsulation ARPA, loopback not set
  Keepalive set (10 sec)
  Auto-duplex, Auto-speed
  ARP type: ARPA, ARP Timeout 04:00:00
  Last input never, output never, output hang never
  Last clearing of "show interface" counters never
  Input queue: 0/75/0/0 (size/max/drops/flushes); Total output drops: 0
  Queueing strategy: fifo
  Output queue: 0/40 (size/max)
  5 minute input rate 0 bits/sec, 0 packets/sec
  5 minute output rate 0 bits/sec, 0 packets/sec
     0 packets input, 0 bytes, 0 no buffer
     Received 0 broadcasts, 0 runts, 0 giants, 0 throttles
     0 input errors, 0 CRC, 0 frame, 0 overrun, 0 ignored
     0 input packets with dribble condition detected
     0 packets output, 0 bytes, 0 underruns
     0 output errors, 0 collisions, 2 interface resets
     0 babbles, 0 late collision, 0 deferred
     0 lost carrier, 0 no carrier
     0 output buffer failures, 0 output buffers swapped out
Vlan1 is up, line protocol is down 
  Hardware is EtherSVI, address is c207.16d3.0000 (bia c207.16d3.0000)
  MTU 1500 bytes, BW 100000 Kbit/sec, DLY 100 usec, 
     reliability 255/255, txload 1/255, rxload 1/255
  Encapsulation ARPA, loopback not set
  ARP type: ARPA, ARP Timeout 04:00:00
  Last input never, output never, output hang never
  Last clearing of "show interface" counters never
  Input queue: 0/75/0/0 (size/max/drops/flushes); Total output drops: 0
  Queueing strategy: fifo
  Output queue: 0/40 (size/max)
  5 minute input rate 0 bits/sec, 0 packets/sec
  5 minute output rate 0 bits/sec, 0 packets/sec
     0 packets input, 0 bytes, 0 no buffer
     Received 0 broadcasts, 0 runts, 0 giants, 0 throttles
     0 input errors, 0 CRC, 0 frame, 0 overrun, 0 ignored
     9 packets output, 693 bytes, 0 underruns
     0 output errors, 1 interface resets
     0 output buffer failures, 0 output buffers swapped out
Vlan100 is up, line protocol is down 
  Hardware is EtherSVI, address is c207.16d3.0000 (bia c207.16d3.0000)
  Description: ***EIGRP-100-Process***
  Internet address is 192.168.1.100/24
  MTU 1500 bytes, BW 100000 Kbit/sec, DLY 100 usec, 
     reliability 255/255, txload 1/255, rxload 1/255
  Encapsulation ARPA, loopback not set
  ARP type: ARPA, ARP Timeout 04:00:00
  Last input never, output never, output hang never
  Last clearing of "show interface" counters never
  Input queue: 0/75/0/0 (size/max/drops/flushes); Total output drops: 10
  Queueing strategy: fifo
  Output queue: 0/40 (size/max)
  5 minute input rate 0 bits/sec, 0 packets/sec
  5 minute output rate 0 bits/sec, 0 packets/sec
     0 packets input, 0 bytes, 0 no buffer
     Received 0 broadcasts, 0 runts, 0 giants, 0 throttles
     0 input errors, 0 CRC, 0 frame, 0 overrun, 0 ignored
     0 packets output, 0 bytes, 0 underruns
     0 output errors, 1 interface resets
     0 output buffer failures, 0 output buffers swapped out
Vlan200 is up, line protocol is down 
  Hardware is EtherSVI, address is c207.16d3.0000 (bia c207.16d3.0000)
  Internet address is 192.168.200.2/30
  MTU 1500 bytes, BW 100000 Kbit/sec, DLY 100 usec, 
     reliability 255/255, txload 1/255, rxload 1/255
  Encapsulation ARPA, loopback not set
  ARP type: ARPA, ARP Timeout 04:00:00
  Last input never, output never, output hang never
  Last clearing of "show interface" counters never
  Input queue: 0/75/0/0 (size/max/drops/flushes); Total output drops: 10
  Queueing strategy: fifo
  Output queue: 0/40 (size/max)
  5 minute input rate 0 bits/sec, 0 packets/sec
  5 minute output rate 0 bits/sec, 0 packets/sec
     0 packets input, 0 bytes, 0 no buffer
     Received 0 broadcasts, 0 runts, 0 giants, 0 throttles
     0 input errors, 0 CRC, 0 frame, 0 overrun, 0 ignored
     0 packets output, 0 bytes, 0 underruns
     0 output errors, 1 interface resets
     0 output buffer failures, 0 output buffers swapped out
Vlan300 is up, line protocol is down 
  Hardware is EtherSVI, address is c207.16d3.0000 (bia c207.16d3.0000)
  Internet address is 192.168.230.2/30
  MTU 1500 bytes, BW 100000 Kbit/sec, DLY 100 usec, 
     reliability 255/255, txload 1/255, rxload 1/255
  Encapsulation ARPA, loopback not set
  ARP type: ARPA, ARP Timeout 04:00:00
  Last input never, output never, output hang never
  Last clearing of "show interface" counters never
  Input queue: 0/75/0/0 (size/max/drops/flushes); Total output drops: 10
  Queueing strategy: fifo
  Output queue: 0/40 (size/max)
  5 minute input rate 0 bits/sec, 0 packets/sec
  5 minute output rate 0 bits/sec, 0 packets/sec
     0 packets input, 0 bytes, 0 no buffer
     Received 0 broadcasts, 0 runts, 0 giants, 0 throttles
     0 input errors, 0 CRC, 0 frame, 0 overrun, 0 ignored
     0 packets output, 0 bytes, 0 underruns
     0 output errors, 1 interface resets
     0 output buffer failures, 0 output buffers swapped out
Vlan400 is up, line protocol is down 
  Hardware is EtherSVI, address is c207.16d3.0000 (bia c207.16d3.0000)
  Internet address is 192.188.188.2/30
  MTU 1500 bytes, BW 100000 Kbit/sec, DLY 100 usec, 
     reliability 255/255, txload 1/255, rxload 1/255
  Encapsulation ARPA, loopback not set
  ARP type: ARPA, ARP Timeout 04:00:00
  Last input never, output never, output hang never
  Last clearing of "show interface" counters never
  Input queue: 0/75/0/0 (size/max/drops/flushes); Total output drops: 10
  Queueing strategy: fifo
  Output queue: 0/40 (size/max)
  5 minute input rate 0 bits/sec, 0 packets/sec
  5 minute output rate 0 bits/sec, 0 packets/sec
     0 packets input, 0 bytes, 0 no buffer
     Received 0 broadcasts, 0 runts, 0 giants, 0 throttles
     0 input error
DEBUG:netmiko:read_channel: 
DEBUG:netmiko:read_channel: 
DEBUG:netmiko:read_channel: 
DEBUG:netmiko:read_channel: 
DEBUG:netmiko:read_channel: 
DEBUG:netmiko:read_channel: 
DEBUG:netmiko:read_channel: 
DEBUG:netmiko:read_channel: s, 0 CRC, 0 frame, 0 overrun, 0 ignored
     0 packets output, 0 bytes, 0 underruns
     0 output errors, 1 interface resets
     0 output buffer failures, 0 output buffers swapped out
Vlan1000 is up, line protocol is down 
  Hardware is EtherSVI, address is c207.16d3.0000 (bia c207.16d3.0000)
  Internet address is 192.168.250.2/30
  MTU 1500 bytes, BW 100000 Kbit/sec, DLY 100 usec, 
     reliability 255/255, txload 1/255, rxload 1/255
  Encapsulation ARPA, loopback not set
  ARP type: ARPA, ARP Timeout 04:00:00
  Last input never, output never, output hang never
  Last clearing of "show interface" counters never
  Input queue: 0/75/0/0 (size/max/drops/flushes); Total output drops: 10
  Queueing strategy: fifo
  Output queue: 0/40 (size/max)
  5 minute input rate 0 bits/sec, 0 packets/sec
  5 minute output rate 0 bits/sec, 0 packets/sec
     0 packets input, 0 bytes, 0 no buffer
     Received 0 broadcasts, 0 runts, 0 giants, 0 throttles
     0 input errors, 0 CRC, 0 frame, 0 overrun, 0 ignored
     0 packets output, 0 bytes, 0 underruns
     0 output errors, 1 interface resets
     0 output buffer failures, 0 output buffers swapped out
Loopback190 is up, line protocol is up 
  Hardware is Loopback
  Internet address is 190.1.1.5/24
  MTU 1514 bytes, BW 8000000 Kbit/sec, DLY 5000 usec, 
     reliability 255/255, txload 1/255, rxload 1/255
  Encapsulation LOOPBACK, loopback not set
  Last input 00:00:01, output never, output hang never
  Last clearing of "show interface" counters never
  Input queue: 0/75/0/0 (size/max/drops/flushes); Total output drops: 0
  Queueing strategy: fifo
  Output queue: 0/0 (size/max)
  5 minute input rate 0 bits/sec, 0 packets/sec
  5 minute output rate 0 bits/sec, 0 packets/sec
     0 packets input, 0 bytes, 0 no buffer
     Received 0 broadcasts, 0 runts, 0 giants, 0 throttles
     0 input errors, 0 CRC, 0 frame, 0 overrun, 0 ignored, 0 abort
     1118 packets output, 67080 bytes, 0 underruns
     0 output errors, 0 collisions, 0 interface resets
     0 output buffer failures, 0 output buffers swapped out

------------------ show redundancy history ------------------

170 client added: RF_INTERNAL_MSG(0) seq=0
170 client added: RF_LAST_CLIENT(65000) seq=260
170 client added: CHKPT RF(25) seq=68
184 client added: FH COMMON RF CLIENT(70) seq=172
185 client added: History RF Client(35) seq=149
186 client added: IKE RF Client(135) seq=233
187 client added: IPSEC RF Client(136) seq=234
187 client added: IOS FW RF Client(140) seq=237
188 client added: SNMP RF Client(34) seq=146
190 *my state = INITIALIZATION(2) *peer state = DISABLED(1)
190 RF_PROG_INITIALIZATION(100) RF_INTERNAL_MSG(0) op=0 rc=11
202 RF_PROG_INITIALIZATION(100) CHKPT RF(25) op=0 rc=11
202 RF_PROG_INITIALIZATION(100) SNMP RF Client(34) op=0 rc=11
202 RF_PROG_INITIALIZATION(100) History RF Client(35) op=0 rc=11
202 RF_PROG_INITIALIZATION(100) FH COMMON RF CLIENT(70) op=0 rc=11
202 RF_PROG_INITIALIZATION(100) IKE RF Client(135) op=0 rc=11
202 RF_PROG_INITIALIZATION(100) IPSEC RF Client(136) op=0 rc=11
202 RF_PROG_INITIALIZATION(100) IOS FW RF Client(140) op=0 rc=11
202 RF_PROG_INITIALIZATION(100) RF_LAST_CLIENT(65000) op=0 rc=11
202 *my state = NEGOTIATION(3) peer state = DISABLED(1)
786 Configuration parsing complete
878 System initialization complete
889 RF_STATUS_PEER_PRESENCE(400) op=0 rc=0
892 RF_STATUS_PEER_COMM(401) op=0 rc=0
896 RF_EVENT_GO_ACTIVE(512) op=0 rc=0
896 *my state = ACTIVE-FAST(9) peer state = DISABLED(1)
896 RF_STATUS_MAINTENANCE_ENABLE(403) CHKPT RF(25) op=0 rc=0
896 RF_STATUS_MAINTENANCE_ENABLE(403) SNMP RF Client(34) op=0 rc=0
896 RF_STATUS_MAINTENANCE_ENABLE(403) IKE RF Client(135) op=0 rc=0
896 RF_STATUS_MAINTENANCE_ENABLE(403) IPSEC RF Client(136) op=0 rc=0
896 RF_STATUS_MAINTENANCE_ENABLE(403) IOS FW RF Client(140) op=0 rc=0
896 RF_PROG_ACTIVE_FAST(200) RF_INTERNAL_MSG(0) op=0 rc=11
896 RF_PROG_ACTIVE_FAST(200) CHKPT RF(25) op=0 rc=11
896 RF_PROG_ACTIVE_FAST(200) SNMP RF Client(34) op=0 rc=11
896 RF_PROG_ACTIVE_FAST(200) History RF Client(35) op=0 rc=11
896 RF_PROG_ACTIVE_FAST(200) FH COMMON RF CLIENT(70) op=0 rc=11
896 RF_PROG_ACTIVE_FAST(200) IKE RF Client(135) op=0 rc=11
896 RF_PROG_ACTIVE_FAST(200) IPSEC RF Client(136) op=0 rc=11
896 RF_PROG_ACTIVE_FAST(200) IOS FW RF Client(140) op=0 rc=11
896 RF_PROG_ACTIVE_FAST(200) RF_LAST_CLIENT(65000) op=0 rc=11
896 *my state = ACTIVE-DRAIN(10) peer state = DISABLED(1)
896 RF_PROG_ACTIVE_DRAIN(201) RF_INTERNAL_MSG(0) op=0 rc=11
896 RF_PROG_ACTIVE_DRAIN(201) CHKPT RF(25) op=0 rc=11
896 RF_PROG_ACTIVE_DRAIN(201) SNMP RF Client(34) op=0 rc=11
896 RF_PROG_ACTIVE_DRAIN(201) History RF Client(35) op=0 rc=11
896 RF_PROG_ACTIVE_DRAIN(201) FH COMMON RF CLIENT(70) op=0 rc=11
896 RF_PROG_ACTIVE_DRAIN(201) IKE RF Client(135) op=0 rc=11
896 RF_PROG_ACTIVE_DRAIN(201) IPSEC RF Client(136) op=0 rc=11
896 RF_PROG_ACTIVE_DRAIN(201) IOS FW RF Client(140) op=0 rc=11
896 RF_PROG_ACTIVE_DRAIN(201) RF_LAST_CLIENT(65000) op=0 rc=11
896 *my state = ACTIVE_PRECONFIG(11) peer state = DISABLED(1)
896 RF_PROG_ACTIVE_PRECONFIG(202) RF_INTERNAL_MSG(0) op=0 rc=11
896 RF_PROG_ACTIVE_PRECONFIG(202) CHKPT RF(25) op=0 rc=11
896 RF_PROG_ACTIVE_PRECONFIG(202) SNMP RF Client(34) op=0 rc=11
896 RF_PROG_ACTIVE_PRECONFIG(202) History RF Client(35) op=0 rc=11
896 RF_PROG_ACTIVE_PRECONFIG(202) FH COMMON RF CLIENT(70) op=0 rc=11
896 RF_PROG_ACTIVE_PRECONFIG(202) IKE RF Client(135) op=0 rc=11
896 RF_PROG_ACTIVE_PRECONFIG(202) IPSEC RF Client(136) op=0 rc=11
896 RF_PROG_ACTIVE_PRECONFIG(202) IOS FW RF Client(140) op=0 rc=11
896 RF_PROG_ACTIVE_PRECONFIG(202) RF_LAST_CLIENT(65000) op=0 rc=11
896 *my state = ACTIVE_POSTCONFIG(12) peer state = DISABLED(1)
896 RF_PROG_ACTIVE_POSTCONFIG(203) RF_INTERNAL_MSG(0) op=0 rc=11
896 RF_PROG_ACTIVE_POSTCONFIG(203) CHKPT RF(25) op=0 rc=11
896 RF_PROG_ACTIVE_POSTCONFIG(203) SNMP RF Client(34) op=0 rc=11
896 RF_PROG_ACTIVE_POSTCONFIG(203) History RF Client(35) op=0 rc=11
896 RF_PROG_ACTIVE_POSTCONFIG(203) FH COMMON RF CLIENT(70) op=0 rc=11
896 RF_PROG_ACTIVE_POSTCONFIG(203) IKE RF Client(135) op=0 rc=11
896 RF_PROG_ACTIVE_POSTCONFIG(203) IPSEC RF Client(136) op=0 rc=11
896 RF_PROG_ACTIVE_POSTCONFIG(203) IOS FW RF Client(140) op=0 rc=11
896 RF_PROG_ACTIVE_POSTCONFIG(203) RF_LAST_CLIENT(65000) op=0 rc=11
896 *my state = ACTIVE(13) peer state = DISABLED(1)
896 RF_PROG_ACTIVE(204) RF_INTERNAL_MSG(0) op=0 rc=11
896 RF_PROG_ACTIVE(204) CHKPT RF(25) op=0 rc=11
896 RF_PROG_ACTIVE(204) SNMP RF Client(34) op=0 rc=11
934 RF_PROG_ACTIVE(204) History RF Client(35) op=0 rc=11
934 RF_PROG_ACTIVE(204) FH COMMON RF CLIENT(70) op=0 rc=11
934 RF_PROG_ACTIVE(204) IKE RF Client(135) op=0 rc=11
934 RF_PROG_ACTIVE(204) IPSEC RF Client(136) op=0 rc=11
934 RF_PROG_ACTIVE(204) IOS FW RF Client(140) op=0 rc=11
934 RF_PROG_ACTIVE(204) RF_LAST_CLIENT(65000) op=0 rc=11



------------------ show controllers ------------------


Interface FastEthernet0/0
Hardware is GT96K FE ADDR: 666565C0, FASTSEND: 60743E50, MCI_INDEX: 0
DIST ROUTE ENABLED: 0Route Cache Flag: 11
GPIO 2 CONF= 0 GPIO 2 IO= 0  CIU arbit = 80000000 
 PHY add register = 0x0  PHY data register = 0x8000000 
 Port Conf Reg= 0x80 ENABLE HT8K HMOD0 
 Port Conf Ex Reg= 0xCCD00 
TX1:1 RXPRI=DE(00) ~FLCNTL ~FLNKP MFL64KB FE ~SPDAUTO 
Port Com Reg= 0x0
 Port Status Reg= 0xF 100MB FDPX FCTL DIS LNK UP ~PAUSED TX oFF 
 Serial Param Reg= 0x0  Hash table pointer= 0xB8A5B60 
Source ADDR L= 0x0 Source ADDR H= 0x0 
SDMA conf reg= 0x223C RETX 15 RX BE TX BE FRINT BSIZE 4 
SDMA com reg= 0x1010080 SRT TXL STP TXH EN RX 
IMASK= 0x90003DCD ICause= 0x0 
Serial 0 mask 30000F3Serial 0 cause 0
IpDiffservP0L= 0x0 IpDiffservP0H= 0x0 IpDiffservP1L= 0x0 IpDiffservP1H= 0x0 
 IP VLAN TAG PRI= 0x0  IP VLAN TAG PRI= 0x0 
 First rxd Q0= 0xB8E5DA0  Curr rxd Q0= 0xB8E5DA0 
 First rxd Q1= 0xB8E6040  Curr rxd Q1= 0xB8E6040 
 First rxd Q2= 0xB8E64A0  Curr rxd Q2= 0xB8E64A0 
 First rxd Q3= 0xB8E6900  Curr rxd Q3= 0xB8E6900 
 First txd Q0= 0xB8E6EA0  First txd Q1= 0xB8E75A0 
gt96kfe_instance=0x66657668, registers=0xB4084800
RxRing entries=64, tx ring entries=128
       RxR0=0x B8E5BE0, RxR1=0x B8E6040, RxR2=0x B8E64A0, RxR3=0x B8E6900 
Malloc RxR0=0x B8E5BE0, RxR1=0x B8E6040, RxR2=0x B8E64A0, RxR3=0x B8E6900 
SDOW RxR0=0x66657C4C, RxR1=0x66657D80, RxR2=0x66657EB4, RxR3=0x66657FE8 
HEAD RxR0=0x1B, RxR1=0x0, RxR2=0x0, RxR3=0x0 
TAIL RxR0=0x0, RxR1=0x0, RxR2=0x0, RxR30x0 

tx_limited=0(128)
TxR0=0x B8E6D60, TxR1=0x B8E75A0 
COUNT TxR0=0x14, TxR1=0x0
Head TxR0=0x12, TxR1=0x0 Tail TxR0=0x26, TxR1=0x0

 PHY registers:
  Register 0x00:   3000  782C  0040  61D4  01E1  41E1  0000  0000
  Register 0x08:   0000  0000  0000  0000  0000  0000  0000  0000
  Register 0x10:   0000  0000  0000  0000  0000  0000  0000  0000
  Register 0x18:   0000  0000  0000  0000  0000  0000  0000
Bytes_recvd 469729 Bytes_sent 722345 Frames_recvd 3613 Frames_sent 4502
total_bytes_RX 0 Total_frames_RX 0 Bcast_frames_recvd 0
Mcast_frames_RX 0 CRC_err 0 Ovr_sized_frames 0
Fragments 0 Jabber 0 collision 0
Late_collision 0 64B frame 0; 65_127B_frames 0
128_255B_frames 0 256_511B_frames 0 512_1023B_frames 0
1023_maxB_frames 0 Rx_error 0 Dropped_frames 0
Mcast_frames_tx 0 Bcast_frames_tx 0 Sml_frame_recvd 0


 Software MAC address filter(hash:length/addr/mask/hits):
  0x00:  0  ffff.ffff.ffff  0000.0000.0000         0
  0x16:  0  c207.16d3.0000  0000.0000.0000         0
  0xC0:  0  0100.0ccc.cccc  0000.0000.0000         0

======= Driver Counters =======
Number of Transmitter Hang =  0 
tx_more_col_err=  0 tx_one_col_err=  0 
tx_exc_collision_err=  0 tx_late_collision_err=  0 
tx_underrun_err=  0 tx_error_intr=  0 
rx_soft_overflow_err=  0  rx_overflow_err= 0 

Interface FastEthernet0/1
Hardware is GT96K FE ADDR: 66663960, FASTSEND: 60743E50, MCI_INDEX: 0
DIST ROUTE ENABLED: 0Route Cache Flag: 11
GPIO 2 CONF= 0 GPIO 2 IO= 0  CIU arbit = 80000000 
 PHY add register = 0x0  PHY data register = 0x8000000 
 Port Conf Reg= 0x0 DISABLE HT8K HMOD0 
 Port Conf Ex Reg= 0x4CD00 
TX1:1 RXPRI=DE(00) ~FLCNTL ~FLNKP MFL64KB FE 
Port Com Reg= 0x0
 Port Status Re
DEBUG:netmiko:read_channel: 
DEBUG:netmiko:read_channel: 
DEBUG:netmiko:read_channel: 
DEBUG:netmiko:read_channel: 
DEBUG:netmiko:read_channel: 
DEBUG:netmiko:read_channel: 
DEBUG:netmiko:read_channel: 
DEBUG:netmiko:read_channel: g= 0xF 100MB FDPX FCTL DIS LNK UP ~PAUSED TX oFF 
 Serial Param Reg= 0x0  Hash table pointer= 0xB9B7E20 
Source ADDR L= 0x0 Source ADDR H= 0x0 
SDMA conf reg= 0x223C RETX 15 RX BE TX BE FRINT BSIZE 4 
SDMA com reg= 0x30000 STP TXL STP TXH 
IMASK= 0x90003DCD ICause= 0x0 
Serial 0 mask 30000F3Serial 0 cause 0
IpDiffservP0L= 0x0 IpDiffservP0H= 0x0 IpDiffservP1L= 0x0 IpDiffservP1H= 0x0 
 IP VLAN TAG PRI= 0x0  IP VLAN TAG PRI= 0x0 
 First rxd Q0= 0xB9F7EA0  Curr rxd Q0= 0xB9F7EA0 
 First rxd Q1= 0xB9F8300  Curr rxd Q1= 0xB9F8300 
 First rxd Q2= 0xB9F8760  Curr rxd Q2= 0xB9F8760 
 First rxd Q3= 0xB9F8BC0  Curr rxd Q3= 0xB9F8BC0 
 First txd Q0= 0xB9F9020  First txd Q1= 0xB9F9860 
gt96kfe_instance=0x66664A08, registers=0xB4088800
RxRing entries=64, tx ring entries=128
       RxR0=0x B9F7EA0, RxR1=0x B9F8300, RxR2=0x B9F8760, RxR3=0x B9F8BC0 
Malloc RxR0=0x B9F7EA0, RxR1=0x B9F8300, RxR2=0x B9F8760, RxR3=0x B9F8BC0 
SDOW RxR0=0x66664F54, RxR1=0x66665088, RxR2=0x666651BC, RxR3=0x666652F0 
HEAD RxR0=0x0, RxR1=0x0, RxR2=0x0, RxR3=0x0 
TAIL RxR0=0x0, RxR1=0x0, RxR2=0x0, RxR30x0 

tx_limited=0(128)
TxR0=0x B9F9020, TxR1=0x B9F9860 
COUNT TxR0=0x0, TxR1=0x0
Head TxR0=0x0, TxR1=0x0 Tail TxR0=0x0, TxR1=0x0

 PHY registers:
  Register 0x00:   1400  782C  0040  61D4  01E1  41E1  0000  0000
  Register 0x08:   0000  0000  0000  0000  0000  0000  0000  0000
  Register 0x10:   0000  0000  0000  0000  0000  0000  0000  0000
  Register 0x18:   0000  0000  0000  0000  0000  0000  0000
Bytes_recvd 0 Bytes_sent 0 Frames_recvd 0 Frames_sent 0
total_bytes_RX 0 Total_frames_RX 0 Bcast_frames_recvd 0
Mcast_frames_RX 0 CRC_err 0 Ovr_sized_frames 0
Fragments 0 Jabber 0 collision 0
Late_collision 0 64B frame 0; 65_127B_frames 0
128_255B_frames 0 256_511B_frames 0 512_1023B_frames 0
1023_maxB_frames 0 Rx_error 0 Dropped_frames 0
Mcast_frames_tx 0 Bcast_frames_tx 0 Sml_frame_recvd 0


 Software MAC address filter(hash:length/addr/mask/hits):
  0x00:  0  ffff.ffff.ffff  0000.0000.0000         0
  0x17:  0  c207.16d3.0001  0000.0000.0000         0
  0xC0:  0  0100.0ccc.cccc  0000.0000.0000         0

======= Driver Counters =======
Number of Transmitter Hang =  0 
tx_more_col_err=  0 tx_one_col_err=  0 
tx_exc_collision_err=  0 tx_late_collision_err=  0 
tx_underrun_err=  0 tx_error_intr=  0 
rx_soft_overflow_err=  0  rx_overflow_err= 0 

Interface FastEthernet1/0 is up
 Hardware is BCM5605 Unit 0 Port 2 PHY Broadcom 5228
-------------------------------- PHY Registers -------------------------------
 00:1100   01:782C   02:0040   03:61D4   04:01E1   05:41E1   06:0000   07:0000  
 08:0000   09:0000   0A:0000   0B:0000   0C:0000   0D:0000   0E:0000   0F:0000  
 10:0000   11:0000   12:0000   13:0000   14:0000   15:0000   16:0000   17:0000  
 18:0000   19:0000   1A:0000   1B:0000   1C:0000   1D:0000   1E:0000   1F:0000  
------------------------------ Shadow Registers ------------------------------
 00:1100   01:782C   02:0040   03:61D4   04:01E1   05:41E1   06:0000   07:0000  
 08:0000   09:0000   0A:0000   0B:0000   0C:0000   0D:0000   0E:0000   0F:0000  
 10:0000   11:0000   12:0000   13:0000   14:0000   15:0000   16:0000   17:0000  
 18:0000   19:0000   1A:0000   1B:0000   1C:0000   1D:0000   1E:0000   1F:0000  

 Counters : RPKT  0 TPKT  0 FCS   0
            RDISC 0 TAGE  0 TABRT 0

Interface FastEthernet1/1 is up
 Hardware is BCM5605 Unit 0 Port 0 PHY Broadcom 5228
-------------------------------- PHY Registers -------------------------------
 00:1100   01:782C   02:0040   03:61D4   04:01E1   05:41E1   06:0000   07:0000  
 08:0000   09:0000   0A:0000   0B:0000   0C:0000   0D:0000   0E:0000   0F:0000  
 10:0000   11:0000   12:0000   13:0000   14:0000   15:0000   16:0000   17:0000  
 18:0000   19:0000   1A:0000   1B:0000   1C:0000   1D:0000   1E:0000   1F:0000  
------------------------------ Shadow Registers ------------------------------
 00:1100   01:782C   02:0040   03:61D4   04:01E1   05:41E1   06:0000   07:0000  
 08:0000   09:0000   0A:0000   0B:0000   0C:0000   0D:0000   0E:0000   0F:0000  
 10:0000   11:0000   12:0000   13:0000   14:0000   15:0000   16:0000   17:0000  
 18:0000   19:0000   1A:0000   1B:0000   1C:0000   1D:0000   1E:0000   1F:0000  

 Counters : RPKT  0 TPKT  0 FCS   0
            RDISC 0 TAGE  0 TABRT 0

Interface FastEthernet1/2 is up
 Hardware is BCM5605 Unit 0 Port 6 PHY Broadcom 5228
-------------------------------- PHY Registers -------------------------------
 00:1100   01:782C   02:0040   03:61D4   04:01E1   05:41E1   06:0000   07:0000  
 08:0000   09:0000   0A:0000   0B:0000   0C:0000   0D:0000   0E:0000   0F:0000  
 10:0000   11:0000   12:0000   13:0000   14:0000   15:0000   16:0000   17:0000  
 18:0000   19:0000   1A:0000   1B:0000   1C:0000   1D:0000   1E:0000   1F:0000  
------------------------------ Shadow Registers ------------------------------
 00:1100   01:782C   02:0040   03:61D4   04:01E1   05:41E1   06:0000   07:0000  
 08:0000   09:0000   0A:0000   0B:0000   0C:0000   0D:0000   0E:0000   0F:0000  
 10:0000   11:0000   12:0000   13:0000   14:0000   15:0000   16:0000   17:0000  
 18:0000   19:0000   1A:0000   1B:0000   1C:0000   1D:0000   1E:0000   1F:0000  

 Counters : RPKT  0 TPKT  0 FCS   0
            RDISC 0 TAGE  0 TABRT 0

Interface FastEthernet1/3 is up
 Hardware is BCM5605 Unit 0 Port 4 PHY Broadcom 5228
-------------------------------- PHY Registers -------------------------------
 00:1100   01:782C   02:0040   03:61D4   04:01E1   05:41E1   06:0000   07:0000  
 08:0000   09:0000   0A:0000   0B:0000   0C:0000   0D:0000   0E:0000   0F:0000  
 10:0000   11:0000   12:0000   13:0000   14:0000   15:0000   16:0000   17:0000  
 18:0000   19:0000   1A:0000   1B:0000   1C:0000   1D:0000   1E:0000   1F:0000  
------------------------------ Shadow Registers ------------------------------
 00:1100   01:782C   02:0040   03:61D4   04:01E1   05:41E1   06:0000   07:0000  
 08:0000   09:0000   0A:0000   0B:0000   0C:0000   0D:0000   0E:0000   0F:0000  
 10:0000   11:0000   12:0000   13:0000   14:0000   15:0000   16:0000   17:0000  
 18:0000   19:0000   1A:0000   1B:0000   1C:0000   1D:0000   1E:0000   1F:0000  

 Counters : RPKT  0 TPKT  0 FCS   0
            RDISC 0 TAGE  0 TABRT 0

Interface FastEthernet1/4 is up
 Hardware is BCM5605 Unit 0 Port 10 PHY Broadcom 5228
-------------------------------- PHY Registers -------------------------------
 00:1100   01:782C   02:0040   03:61D4   04:01E1   05:41E1   06:0000   07:0000  
 08:0000   09:0000   0A:0000   0B:0000   0C:0000   0D:0000   0E:0000   0F:0000  
 10:0000   11:0000   12:0000   13:0000   14:0000   15:0000   16:0000   17:0000  
 18:0000   19:0000   1A:0000   1B:0000   1C:0000   1D:0000   1E:0000   1F:0000  
------------------------------ Shadow Registers ------------------------------
 00:1100   01:782C   02:0040   03:61D4   04:01E1   05:41E1   06:0000   07:0000  
 08:0000   09:0000   0A:0000   0B:0000   0C:0000   0D:0000   0E:0000   0F:0000  
 10:0000   11:0000   12:0000   13:0000   14:0000   15:0000   16:0000   17:0000  
 18:0000   19:0000   1A:0000   1B:0000   1C:0000   1D:0000   1E:0000   1F:0000  

 Counters : RPKT  0 TPKT  0 FCS   0
            RDISC 0 TAGE  0 TABRT 0

Interface FastEthernet1/5 is up
 Hardware is BCM5605 Unit 0 Port 8 PHY Broadcom 5228
-------------------------------- PHY Registers -------------------------------
 00:1100   01:782C   02:0040   03:61D4   04:01E1   05:41E1   06:0000   07:0000  
 08:0000   09:0000   0A:0000   0B:0000   0C:0000   0D:0000   0E:0000   0F:0000  
 10:0000   11:0000   12:0000   13:0000   14:0000   15:0000   16:0000   17:0000  
 18:0000   19:0000   1A:0000   1B:0000   1C:0000   1D:0000   1E:0000   1F:0000  
------------------------------ Shadow Registers ------------------------------
 00:1100   01:782C   02:0040   03:61D4   04:01E1   05:41E1   06:0000   07:0000  
 08:0000   09:0000   0A:0000   0B:0000   0C:0000   0D:0000   0E:0000   0F:0000  
 10:0000   11:0000   12:0000   13:0000   14:0000   15:0000   16:0000   17:0000  
 18:0000   19:0000   1A:0000   1B:0000   1C:0000   1D:0000   1E:0000   1F:0000  

 Counters : RPKT  0 TPKT  0 FCS   0
            RDISC 0 TAGE  0 TABRT 0

Interface FastEthernet1/6 is up
 Hardware is BCM5605 Unit 0 Port 14 PHY Broadcom 5228
-------------------------------- PHY Registers -------------------------------
 00:1100   01:0000   02:0040   03:61D4   04:01E1   05:41E1   06:0000   07:0000  
 08:0000   09:0000   0A:0000   0B:0000   0C:0000   0D:0000   0E:0000   0F:0000  
 10:0000   11:0000   12:0000   13:0000   14:0000   15:0000   16:0000   17:0000  
 18:0000   19:0000   1A:0000   1B:0000   1C:0000   1D:0000   1E:0000   1F:0000  
------------------------------ Shadow Registers ------------------------------
 00:1100   01:0000   02:0040   03:61D4   04:01E1   05:41E1   06:0000   07:0000  
 08:0000   09:0000   0A:0000   0B:0000   0C:0000   0D:0000   0E:0000   0F:0000  
 10:0000   11:0000   12:0000   13:0000   14:0000   15:0000   16:0000   17:0000  
 18:0000   19:0000   1A:0000   1B:0000   1C:0000   1D:0000   1E:0000   1F:0000  

 Counters : RPKT  0 TPKT  0 FCS   0
            RDISC 0 TAGE  0 TABRT 0

Interface FastEthernet1/7 is up
 Hardware is BCM5605 Unit 0 Port 12 PHY Broadcom 5228
-------------------------------- PHY Registers -------------------------------
 00:1100   01:0000   02:0040   03:61D4   04:01E1   05:41E1   06:0000   07:0000  
 08:0000   09:0000   0A:0000   0B:0000   0C:0000   0D:0000   0E:0000   0F:0000  
 10:0000   11:0000   12:0000   13:0000   14:0000   15:0000   16:0000   17:0000  
 18:0000   19:0000   1A:0000   1B:0000   1C:0000   1D:0000   1E:0000   1F:0000  
------------------------------ Shadow Registers ------------------------------
 00:1100   01:0000   02:0040   03:61D4   04:01E1   05:41E1   06:0000   07:0000  
 08:0000   09:0000   0A:0000   0B:0000   0C:0000   0D:0000   0E:0000   0F:0000  
 10:0000   11:0000   12:0000   13:0000   14:0000   15:0000   16:0000   17:0000  
 18:0000   19:0000   1A:0000   1B:0000   1C:0000   1D:0000   1E:0000   1F:0000  

 Counters : RPKT  0 TPKT  0 FCS   0
            RDISC 0 TAGE  0 TABR
DEBUG:netmiko:read_channel: 
DEBUG:netmiko:read_channel: 
DEBUG:netmiko:read_channel: 
DEBUG:netmiko:read_channel: 
DEBUG:netmiko:read_channel: 
DEBUG:netmiko:read_channel: 
DEBUG:netmiko:read_channel: 
DEBUG:netmiko:read_channel: T 0

Interface FastEthernet1/8 is up
 Hardware is BCM5605 Unit 0 Port 3 PHY Broadcom 5228
-------------------------------- PHY Registers -------------------------------
 00:1100   01:0000   02:0040   03:61D4   04:01E1   05:41E1   06:0000   07:0000  
 08:0000   09:0000   0A:0000   0B:0000   0C:0000   0D:0000   0E:0000   0F:0000  
 10:0000   11:0000   12:0000   13:0000   14:0000   15:0000   16:0000   17:0000  
 18:0000   19:0000   1A:0000   1B:0000   1C:0000   1D:0000   1E:0000   1F:0000  
------------------------------ Shadow Registers ------------------------------
 00:1100   01:0000   02:0040   03:61D4   04:01E1   05:41E1   06:0000   07:0000  
 08:0000   09:0000   0A:0000   0B:0000   0C:0000   0D:0000   0E:0000   0F:0000  
 10:0000   11:0000   12:0000   13:0000   14:0000   15:0000   16:0000   17:0000  
 18:0000   19:0000   1A:0000   1B:0000   1C:0000   1D:0000   1E:0000   1F:0000  

 Counters : RPKT  0 TPKT  0 FCS   0
            RDISC 0 TAGE  0 TABRT 0

Interface FastEthernet1/9 is up
 Hardware is BCM5605 Unit 0 Port 1 PHY Broadcom 5228
-------------------------------- PHY Registers -------------------------------
 00:1100   01:0000   02:0040   03:61D4   04:01E1   05:41E1   06:0000   07:0000  
 08:0000   09:0000   0A:0000   0B:0000   0C:0000   0D:0000   0E:0000   0F:0000  
 10:0000   11:0000   12:0000   13:0000   14:0000   15:0000   16:0000   17:0000  
 18:0000   19:0000   1A:0000   1B:0000   1C:0000   1D:0000   1E:0000   1F:0000  
------------------------------ Shadow Registers ------------------------------
 00:1100   01:0000   02:0040   03:61D4   04:01E1   05:41E1   06:0000   07:0000  
 08:0000   09:0000   0A:0000   0B:0000   0C:0000   0D:0000   0E:0000   0F:0000  
 10:0000   11:0000   12:0000   13:0000   14:0000   15:0000   16:0000   17:0000  
 18:0000   19:0000   1A:0000   1B:0000   1C:0000   1D:0000   1E:0000   1F:0000  

 Counters : RPKT  0 TPKT  0 FCS   0
            RDISC 0 TAGE  0 TABRT 0

Interface FastEthernet1/10 is up
 Hardware is BCM5605 Unit 0 Port 7 PHY Broadcom 5228
-------------------------------- PHY Registers -------------------------------
 00:1100   01:0000   02:0040   03:61D4   04:01E1   05:41E1   06:0000   07:0000  
 08:0000   09:0000   0A:0000   0B:0000   0C:0000   0D:0000   0E:0000   0F:0000  
 10:0000   11:0000   12:0000   13:0000   14:0000   15:0000   16:0000   17:0000  
 18:0000   19:0000   1A:0000   1B:0000   1C:0000   1D:0000   1E:0000   1F:0000  
------------------------------ Shadow Registers ------------------------------
 00:1100   01:0000   02:0040   03:61D4   04:01E1   05:41E1   06:0000   07:0000  
 08:0000   09:0000   0A:0000   0B:0000   0C:0000   0D:0000   0E:0000   0F:0000  
 10:0000   11:0000   12:0000   13:0000   14:0000   15:0000   16:0000   17:0000  
 18:0000   19:0000   1A:0000   1B:0000   1C:0000   1D:0000   1E:0000   1F:0000  

 Counters : RPKT  0 TPKT  0 FCS   0
            RDISC 0 TAGE  0 TABRT 0

Interface FastEthernet1/11 is up
 Hardware is BCM5605 Unit 0 Port 5 PHY Broadcom 5228
-------------------------------- PHY Registers -------------------------------
 00:1100   01:0000   02:0040   03:61D4   04:01E1   05:41E1   06:0000   07:0000  
 08:0000   09:0000   0A:0000   0B:0000   0C:0000   0D:0000   0E:0000   0F:0000  
 10:0000   11:0000   12:0000   13:0000   14:0000   15:0000   16:0000   17:0000  
 18:0000   19:0000   1A:0000   1B:0000   1C:0000   1D:0000   1E:0000   1F:0000  
------------------------------ Shadow Registers ------------------------------
 00:1100   01:0000   02:0040   03:61D4   04:01E1   05:41E1   06:0000   07:0000  
 08:0000   09:0000   0A:0000   0B:0000   0C:0000   0D:0000   0E:0000   0F:0000  
 10:0000   11:0000   12:0000   13:0000   14:0000   15:0000   16:0000   17:0000  
 18:0000   19:0000   1A:0000   1B:0000   1C:0000   1D:0000   1E:0000   1F:0000  

 Counters : RPKT  0 TPKT  0 FCS   0
            RDISC 0 TAGE  0 TABRT 0

Interface FastEthernet1/12 is up
 Hardware is BCM5605 Unit 0 Port 11 PHY Broadcom 5228
-------------------------------- PHY Registers -------------------------------
 00:1100   01:0000   02:0040   03:61D4   04:01E1   05:41E1   06:0000   07:0000  
 08:0000   09:0000   0A:0000   0B:0000   0C:0000   0D:0000   0E:0000   0F:0000  
 10:0000   11:0000   12:0000   13:0000   14:0000   15:0000   16:0000   17:0000  
 18:0000   19:0000   1A:0000   1B:0000   1C:0000   1D:0000   1E:0000   1F:0000  
------------------------------ Shadow Registers ------------------------------
 00:1100   01:0000   02:0040   03:61D4   04:01E1   05:41E1   06:0000   07:0000  
 08:0000   09:0000   0A:0000   0B:0000   0C:0000   0D:0000   0E:0000   0F:0000  
 10:0000   11:0000   12:0000   13:0000   14:0000   15:0000   16:0000   17:0000  
 18:0000   19:0000   1A:0000   1B:0000   1C:0000   1D:0000   1E:0000   1F:0000  

 Counters : RPKT  0 TPKT  0 FCS   0
            RDISC 0 TAGE  0 TABRT 0

Interface FastEthernet1/13 is up
 Hardware is BCM5605 Unit 0 Port 9 PHY Broadcom 5228
-------------------------------- PHY Registers -------------------------------
 00:1100   01:0000   02:0040   03:61D4   04:01E1   05:41E1   06:0000   07:0000  
 08:0000   09:0000   0A:0000   0B:0000   0C:0000   0D:0000   0E:0000   0F:0000  
 10:0000   11:0000   12:0000   13:0000   14:0000   15:0000   16:0000   17:0000  
 18:0000   19:0000   1A:0000   1B:0000   1C:0000   1D:0000   1E:0000   1F:0000  
------------------------------ Shadow Registers ------------------------------
 00:1100   01:0000   02:0040   03:61D4   04:01E1   05:41E1   06:0000   07:0000  
 08:0000   09:0000   0A:0000   0B:0000   0C:0000   0D:0000   0E:0000   0F:0000  
 10:0000   11:0000   12:0000   13:0000   14:0000   15:0000   16:0000   17:0000  
 18:0000   19:0000   1A:0000   1B:0000   1C:0000   1D:0000   1E:0000   1F:0000  

 Counters : RPKT  0 TPKT  0 FCS   0
            RDISC 0 TAGE  0 TABRT 0

Interface FastEthernet1/14 is up
 Hardware is BCM5605 Unit 0 Port 15 PHY Broadcom 5228
-------------------------------- PHY Registers -------------------------------
 00:1100   01:0000   02:0040   03:61D4   04:01E1   05:41E1   06:0000   07:0000  
 08:0000   09:0000   0A:0000   0B:0000   0C:0000   0D:0000   0E:0000   0F:0000  
 10:0000   11:0000   12:0000   13:0000   14:0000   15:0000   16:0000   17:0000  
 18:0000   19:0000   1A:0000   1B:0000   1C:0000   1D:0000   1E:0000   1F:0000  
------------------------------ Shadow Registers ------------------------------
 00:1100   01:0000   02:0040   03:61D4   04:01E1   05:41E1   06:0000   07:0000  
 08:0000   09:0000   0A:0000   0B:0000   0C:0000   0D:0000   0E:0000   0F:0000  
 10:0000   11:0000   12:0000   13:0000   14:0000   15:0000   16:0000   17:0000  
 18:0000   19:0000   1A:0000   1B:0000   1C:0000   1D:0000   1E:0000   1F:0000  

 Counters : RPKT  0 TPKT  0 FCS   0
            RDISC 0 TAGE  0 TABRT 0

Interface FastEthernet1/15 is up
 Hardware is BCM5605 Unit 0 Port 13 PHY Broadcom 5228
-------------------------------- PHY Registers -------------------------------
 00:1100   01:0000   02:0040   03:61D4   04:01E1   05:41E1   06:0000   07:0000  
 08:0000   09:0000   0A:0000   0B:0000   0C:0000   0D:0000   0E:0000   0F:0000  
 10:0000   11:0000   12:0000   13:0000   14:0000   15:0000   16:0000   17:0000  
 18:0000   19:0000   1A:0000   1B:0000   1C:0000   1D:0000   1E:0000   1F:0000  
------------------------------ Shadow Registers ------------------------------
 00:1100   01:0000   02:0040   03:61D4   04:01E1   05:41E1   06:0000   07:0000  
 08:0000   09:0000   0A:0000   0B:0000   0C:0000   0D:0000   0E:0000   0F:0000  
 10:0000   11:0000   12:0000   13:0000   14:0000   15:0000   16:0000   17:0000  
 18:0000   19:0000   1A:0000   1B:0000   1C:0000   1D:0000   1E:0000   1F:0000  

 Counters : RPKT  0 TPKT  0 FCS   0
            RDISC 0 TAGE  0 TABRT 0

 bcm_instance=0x6668A968
 bcm_rx_instance[0]=0x6668A974, bcm_rx_instance[1]=0x6668AA84
 bcm_tx_instance[0]=0x6668AB94, bcm_tx_instance[1]=0x6668BBA4
 rx ring size=64
 tx ring size=512
 rxring[0]=0x0BBC8DC0, rx_cnt=53, rx_tail=63
 rxring[1]=0x0BBC9600, rx_cnt=0, rx_tail=63
 txring[0]=0x0BBC9E40, tx_cnt=0
 txring[1]=0x0BBCDE80, tx_cnt=0
Premature Done chain counter=0

------------------ show user ------------------


    Line       User       Host(s)              Idle       Location
* 98 vty 0     admin      idle                 00:00:03 123.123.1.1

  Interface    User               Mode         Idle     Peer Address


------------------ show data-corruption ------------------


No data inconsistency errors have been recorded.


------------------ show file systems ------------------


File Systems:

       Size(b)       Free(b)      Type  Flags  Prefixes
             -             -    opaque     rw   archive:
             -             -    opaque     rw   system:
             -             -    opaque     rw   tmpsys:
         57336         44974     nvram     rw   nvram:
             -             -    opaque     rw   null:
             -             -   network     rw   tftp:
* 2199023220736     134211584      disk     rw   flash:
             -             -     flash     rw   slot0:
             -             -    opaque     wo   syslog:
             -             -    opaque     rw   xmodem:
             -             -    opaque     rw   ymodem:
             -             -   network     rw   rcp:
             -             -   network     rw   pram:
             -             -   network     rw   ftp:
             -             -   network     rw   http:
             -             -   network     rw   scp:
             -             -    opaque     ro   tar:
             -             -   network     rw   https:
             -             -    opaque     ro   cns:


------------------ dir nvram: ------------------


Directory of nvram:/

   44  -rw-        6680                    <no date>  startup-config
   45  ----        3582                    <no date>  private-config
    1  ----          15                    <no date>  persistent-data
    2  -rw-           4                    <no date>  rf_cold_starts

57336 bytes total (44974 bytes free)

--------------
DEBUG:netmiko:read_channel: 
DEBUG:netmiko:read_channel: 
DEBUG:netmiko:read_channel: 
DEBUG:netmiko:read_channel: 
DEBUG:netmiko:read_channel: 
DEBUG:netmiko:read_channel: 
DEBUG:netmiko:read_channel: 
DEBUG:netmiko:read_channel: ---- show flash: all ------------------


No files on device

134211584 bytes available (2198889009152 bytes used)

******** ATA Flash Card Geometry/Format Info ********

ATA CARD GEOMETRY
   Manufacturer Name      
   Model Number           
   Serial Number          
   Firmware Revision      
   Number of Heads        4     
   Number of Cylinders    1024  
   Sectors per Cylinder   32    
   Sector Size            512   
   Total Sectors          131072

ATA PARTITION 1 INFO
   Start Sector           32    
   Number of Sectors      131040
   Size in Bytes          67092480
   File System Type       FAT16
   Number of FAT Sectors  128   
   Sectors Per Cluster    4     
   Number of Clusters     1073741807
   Number of Data Sectors -68   
   Base FAT Sector        1     
   Base Root Sector       257   
   Base Data Sector       289   

ATA MONLIB INFO
   Image Monlib size      67608 
   Disk Monlib Size       NA
   Disk Space Available   NA
   Name                   NA
   End Sector             NA
   Start sector           NA
   Updated By             NA
   Version                NA


------------------ show memory statistics ------------------


                Head    Total(b)     Used(b)     Free(b)   Lowest(b)  Largest(b)
Processor   6613F920    90952192    24558804    66393388    65934364    65962620
      I/O    B700000     9437184     5338824     4098360     4098360     4098332

------------------ show process memory ------------------


Processor Pool Total:   90952192 Used:   24558736 Free:   66393456
      I/O Pool Total:    9437184 Used:    5338816 Free:    4098368

 PID TTY  Allocated      Freed    Holding    Getbufs    Retbufs Process
   0   0   40234268   15387580   21834072          0          0 *Init*          
   0   0      12052     492088      12052          0          0 *Sched*         
   0   0   33552592   31017588    3194772     206924     206924 *Dead*          
   1   0     149096      13968     156164          0          0 Chunk Manager   
   2   0        252        252       4068          0          0 Load Meter      
   3   0          0          0      10068          0          0 OSPF-400 Hello  
   4   0      65588          0      90656          0          0 EDDRI_MAIN      
   5   0       3352        252      10228          0          0 Check heaps     
   6   0          0          0       7068          0          0 Pool Manager    
   7   0        252        252       7068          0          0 Timers          
   8   0          0          0      13068          0          0 OIR Handler     
   9   0          0          0      25068          0          0 Crash writer    
  10   0        252        252       7068          0          0 Environmental mo
  11   0          0          0       7068          0          0 IPC Dynamic Cach
  12   0          0          0       7068          0          0 IPC Zone Manager
  13   0          0          0       7068          0          0 IPC Periodic Tim
  14   0          0          0       7068          0          0 IPC Deferred Por
  15   0        744          0       7812          0          0 IPC Seat Manager
  16   0          0          0       7068          0          0 IPC BackPressure
  17   0      40324        220      47172          0          0 ARP Input       
  18   0      10868       7064      10872        780          0 ARP Background  
  19   0        252        252       7068          0          0 ATM Idle Timer  
  20   0        252        252       7068          0          0 AAA high-capacit
  21   0          0          0       7068          0          0 AAA_SERVER_DEADT
  22   0          0          0      13068          0          0 Policy Manager  
  23   0        252        252       7068          0          0 DDR Timers      
  24   0       6636          0      13704          0          0 Entity MIB API  
  25   0     264484          0     273864     113400          0 EEM ED Syslog   
  26   0          0          0       7068          0          0 HC Counter Timer
  27   0        252        252       7068          0          0 Serial Backgroun
  28   0          0          0       7068          0          0 RO Notify Timers
  29   0          0          0       4068          0          0 RMI RM Notify Wa
  30   0        252        252       7068          0          0 SMART           
  31   0        252        252       7068          0          0 GraphIt         
  32   0        252        252      13068          0          0 Dialer event    
  33   0          0          0       7068          0          0 SERIAL A'detect 
  34   0        252        252      13068          0          0 XML Proxy Client
  35   0          0          0       7068          0          0 Critical Bkgnd  
  36   0      23536        904      14496          0          0 Net Background  
  37   0       5728       5472      13324          0          0 IDB Work        
  38   0        252        252      13068          0          0 Logger          
  39   0        252        252       7068          0          0 TTY Background  
  40   0          0          0      10068          0          0 Per-Second Jobs 
  41   0          0          0       4068          0          0 Inode Table Dest
  42   0          0          0       7068          0          0 DHCPD Timer     
  43   0          0          0       7068          0          0 IKE HA Mgr      
  44   0          0          0       7068          0          0 IPSEC HA Mgr    
  45   0      45540        800      30604          0          0 rf task         
  46   0          0          0       7068          0          0 Net Input       
  47   0        252        252       7068          0          0 Compute load avg
  48   0          0          0       7068          0          0 Per-minute Jobs 
  49   0          0          0       7068          0          0 AggMgr Process  
  50   0          0          0       4068          0          0 dev_device_inser
  51   0          0          0       4068          0          0 dev_device_remov
  52   0      11688          0      18756          0          0 mxt5100         
  53   0          0          0      13068          0          0 sal_dpc_process 
  54   0          0          0       7068          0          0 ARL Table Manage
  55   0       9588       1188       8796          0          0 ESWILPPM        
  56   0        252        252       4068          0          0 Eswilp Storm Con
  57   0        252        252       7068          0          0 SM Monitor      
  58   0      57904        252      64720          0          0 VNM DSPRM MAIN  
  59   0          0          0       7068          0          0 DSPFARM DSP READ
  60   0        252        252       7068          0          0 FLEX DNLD MAIN  
  61   0          0          0       7068          0          0 HDV background  
  62   0        252        252       7068          0          0 Bryce I2C CMD Qu
  63   0        252        252       7068          0          0 VMI Background  
  64   0          0          0       7068          0          0 RF_INTERDEV_DELA
  65   0          0          0      25068          0          0 RF_INTERDEV_SCTP
  66   0          0          0       7068          0          0 chkpt message ha
  67   0        252        252       7068          0          0 Ether-Switch RBC
  68   0          0          0      13068          0          0 AAL2CPS TIMER_CU
  69   0          0          0       7068          0          0 IGMP Snooping Pr
  70   0          0          0       7068          0          0 IGMP Snooping Re
  71   0        252        252       7068          0          0 Call Management 
  72   0          0          0      25068          0          0 CF_INTERDEV_SCTP
  73   0        936        936      13068          0          0 tBCMlink        
  74   0          0          0      13068          0          0 tCOUNTER        
  75   0        252        252       7068          0          0 Dot1x Mgr Proces
  76   0          0          0       7068          0          0 MAB Framework   
  77   0          0          0       7068          0          0 EAP Framework   
  78   0       2500        252       9316          0          0 DTP Protocol    
  79   0        252        252       7068          0          0 PI MATM Aging Pr
  80   0        252        252       7068          0          0 EtherChnl       
  81   0        252        252       7068          0          0 AAA Server      
  82   0          0          0       7068          0          0 AAA ACCT Proc   
  83   0      49384          0      56452          0          0 ACCT Periodic Pr
  84   0       5304        252      12120          0          0 AAA Dictionary R
  85   0      12516        252      19332          0          0 CDP Protocol    
  86   0       1072          0       8140          0          0 IP ARP Adjacency
  87   0      49384          0      56452          0          0 IP ARP Retry Age
  88   0      39788      30184      14440          0          0 IP Input        
  89   0          0          0       7068          0          0 ICMP event handl
  90   0        252        252       7068          0          0 TurboACL        
  91   0        252        252       7068          0          0 TurboACL chunk  
  92   0          0          0       7068          0          0 IPv6 RIB Redistr
  93   0      32348        252      39164      13608          0 MOP Protocols   
  94   0        504        504      13068          0          0 PPP Hooks       
  95  98    1441012    1410880      41336          0          0 SSH Process     
  96   0          0          0      13068          0          0 SSS Manager     
  97   0          0          0      13068          0          0 SSS Test Client 
  98   0          0          0       7068          0          0 SSS Feature Mana
  99   0          0          0       7068          0          0 SSS Feature Time
 100   0        504        252       7320          0          0 Spanning Tree   
 101   0          0          0       7068          0   
DEBUG:netmiko:read_channel: 
DEBUG:netmiko:read_channel: 
DEBUG:netmiko:read_channel: 
DEBUG:netmiko:read_channel: 
DEBUG:netmiko:read_channel: 
DEBUG:netmiko:write_channel: b'exit\n'
DEBUG:netmiko:read_channel: 
DEBUG:paramiko.transport:EOF in transport thread
DEBUG:netmiko:read_channel: 
DEBUG:netmiko:read_channel: 
DEBUG:netmiko:read_channel:        0 X.25 Encaps Mana
 102   0        252        252      13068          0          0 SSM connection m
 103   0          0          0       7068          0          0 AC Switch       
 104   0     178148       2252     178568          0          0 EAPoUDP Process 
 105   0        252        252      10068          0          0 IP Host Track Pr
 106   0        252        252      13068          0          0 KRB5 AAA        
 107   0         76          0      10144          0          0 IP Background   
 108   0        224          0      10292          0          0 IP RIB Update   
 109   0        252        252      13068          0          0 PPP IP Route    
 110   0        252        252      13068          0          0 PPP IPCP        
 111   0          0          0       7068          0          0 IP Traceroute   
 112   0          0          0       7068          0          0 SNMP Timers     
 113   0          0          0       7068          0          0 Asy FS Helper   
 114   0     230920       6280     224968          0          0 CEF process     
 115   0          0          0       7068          0          0 Socket Timers   
 116   0          0          0      13068          0          0 TCP Timer       
 117   0     430968          0      14820          0          0 TCP Protocols   
 118   0          0          0      25068          0          0 COPS            
 119   0        504        252       7320          0          0 Dot1x Supplicant
 120   0        504        252       7320          0          0 Dot1x Supplicant
 121   0        476        252       7292          0          0 Dot1x Supplicant
 122   0        732       1496       7800          0          0 L2MM            
 123   0          0          0       7068          0          0 MRD             
 124   0          0          0       7068          0          0 IGMPSN          
 125   0        252        252       7068          0          0 RLM groups Proce
 126   0          0          0      13068          0          0 L2X Data Daemon 
 127   0        252        252       7068          0          0 PPPoE Flow Contr
 128   0      18944        252      25760          0          0 SCTP Main Proces
 129   0          0          0       7068          0          0 IUA Main Process
 130   0        252        252       7068          0          0 RUDPV1 Main Proc
 131   0          0          0       7068          0          0 bsm_timers      
 132   0          0          0       7068          0          0 bsm_xmt_proc    
 133   0          0          0      10068          0          0 CES Client SVC R
 134   0     104800        252     103440          0          0 DHCPD Receive   
 135   0        252        252       7068          0          0 Dialer Forwarder
 136   0          0          0       7068          0          0 IP Cache Ager   
 137   0        252        252      10068          0          0 Adj Manager     
 138   0        252        252       7068          0          0 Flow Exporter Ti
 139   0        252        252      13068          0          0 ATM OAM Input   
 140   0        252        252      13068          0          0 ATM OAM TIMER   
 141   0        940          0      11008          0          0 HTTP CORE       
 142   0          0          0       7068          0          0 RARP Input      
 143   0          0          0       7068          0          0 Transport Port A
 144   0          0          0       7068          0          0 IPv6 Inspect Tim
 145   0          0          0       7068          0          0 PAD InCall      
 146   0        252        252      13068          0          0 X.25 Background 
 147   0        252        252       7068          0          0 PPP Bind        
 148   0        252        252       7068          0          0 PPP SSS         
 149   0          0          0       7068          0          0 MQC Flow Event B
 150   0        252        252       7068          0          0 RBSCP Background
 151   0          0          0      13068          0          0 VPDN call manage
 152   0        252        252       7068          0          0 Inspect process 
 153   0        252          0       7360          0          0 DHCPD Database  
 154   0          0          0       7068          0          0 Authentication P
 155   0          0          0       7068          0          0 Auth-proxy AAA B
 156   0          0          0       7068          0          0 CHKPT EXAMPLE   
 157   0          0          0       7068          0          0 CHKPT DevTest   
 158   0          0          0      13068          0          0 IPS Process     
 159   0      16812        252      29628          0          0 IPS Auto Update 
 160   0        404        252       7220          0          0 SDEE Management 
 161   0          0          0       7068          0          0 Select Timers   
 162   0      66548        252      73364          0          0 HTTP Process    
 163   0        252        252       7068          0          0 CIFS API Process
 164   0      12592        252      19408          0          0 CIFS Proxy Proce
 165   0       1192        252       8008          0          0 URL filter proc 
 166   0          0          0       7068          0          0 Crypto HW Proc  
 167   0      27084        252      33900          0          0 CCVPM_HDSPRM    
 168   0       7684        252       7068          0          0 FLEX DSPRM MAIN 
 169   0          0          0       7068          0          0 FLEX DSP KEEPALI
 170   0        252        252       7068          0          0 CRM_CALL_UPDATE_
 171   0        252        252       7068          0          0 HDA DSPRM MAIN  
 172   0          0          0       7068          0          0 cpf_process_msg_
 173   0        252        252       7068          0          0 AAA Cached Serve
 174   0        252        252       7068          0          0 ENABLE AAA      
 175   0          0          0       7068          0          0 EM Background Pr
 176   0          0          0       7068          0          0 Key chain liveke
 177   0        252        252       7068          0          0 LINE AAA        
 178   0       8000      21340       7068          0          0 LOCAL AAA       
 179   0       1028        252       7844          0          0 TPLUS           
 180   0        252        252       7068          0          0 VSP_MGR         
 181   0        404        252       9220          0          0 Crypto WUI      
 182   0       5304        252      12120          0          0 Crypto Support  
 183   0          0          0       7068          0          0 IPSECv6 PS Proc 
 184   0          0          0       7068          0          0 EPM MAIN PROCESS
 185   0      13400          0      23468          0          0 CCVPM_HTSP      
 186   0        252        252       7068          0          0 VPM_MWI_BACKGROU
 187   0      10488          0      17556          0          0 CCVPM_R2        
 188   0          0          0       7140          0          0 EPHONE MWI Refre
 189   0          0          0       7068          0          0 FB/KS Log HouseK
 190   0          0          0       7068          0          0 EPHONE MWI BG Pr
 191   0       8244          0      15312          0          0 Skinny HW confer
 192   0          0          0       7068          0          0 VOICE REG BG Pro
 193   0          0          0       7068          0          0 Presence Process
 194   0        336          0       7404          0          0 CCSWVOICE       
 195   0          0          0       7068          0          0 cpf_process_tpQ 
 196   0        940          0      62008          0          0 http client proc
 197   0     859264     901408       8276          0          0 crypto sw pk pro
 198   0     247992          0     255060          0          0 QOS_MODULE_MAIN 
 199   0        284          0      25352          0          0 RPMS_PROC_MAIN  
 200   0          0          0      25068          0          0 VoIP AAA        
 201   0      22380       8680      20652          0          0 crypto engine pr
 202   0       4524        832      16760          0          0 Crypto CA       
 203   0          0          0       9068          0          0 Crypto PKI-CRL  
 204   0          0          0       9068          0          0 Crypto SSL      
 205   0          0          0      13068          0          0 encrypt proc    
 206   0          0          0       7068          0          0 Crypto INT      
 207   0       5592        716      18408       2268          0 Crypto IKE Dispa
 208   0       6864        252      19680          0          0 Crypto IKMP     
 209   0      66852          0      79920          0          0 Crypto IKEv2    
 210   0          0          0       7068          0          0 IPSEC manual key
 211   0      89932      10600      92400          0          0 IPSEC key engine
 212   0          0          0       7068          0          0 CRYPTO QoS proce
 213   0      46908       3432      68544          0          0 Crypto ACL      
 214   0          0          0       7068          0          0 Crypto PAS Proc 
 215   0          0          0       9068          0          0 Key Proc        
 216   0          0          0       7068          0          0 GDOI GM Process 
 217   0          0          0       7068          0          0 UNICAST REKEY   
 218   0          0          0       7068          0          0 UNICAST REKEY AC
 219   0        252        252       7068          0          0 Control-plane ho
 220   0          0       6672       7068          0          0 PM Callback     
 221   0        224          0       7292          0          0 DATA Transfer Pr
 222   0        224          0       7292          0          0 DATA Collector  
 223   0        252        252       7068          0          0 AAA SEND STOP EV
 224   0       2764          0      12220          0          0 EEM ED Resource 
 225   0        612          0      10068          0          0 EEM ED Track    
 226   0        252        252       7068    
DEBUG:netmiko:read_channel: 
DEBUG:netmiko:read_channel: 
DEBUG:netmiko:read_channel: 
DEBUG:netmiko:read_channel: 
DEBUG:netmiko:read_channel: 
DEBUG:netmiko:read_channel: 
DEBUG:netmiko:read_channel: 
DEBUG:netmiko:read_channel:       0          0 RMON Recycle Pro
 227   0        252        252       7068          0          0 RMON Deferred Se
 228   0          0          0       7068          0          0 Syslog Traps    
 229   0          0          0       7068          0          0 Crypto cTCP proc
 230   0          0          0       7068          0          0 trunk conditioni
 231   0       4660          0      11728          0          0 trunk conditioni
 232   0     351116       5184     332500          0          0 VLAN Manager    
 233   0          0          0      18236          0          0 IP-EIGRP Router 
 234   0     189408      12240     195864          0          0 EEM Server      
 235   0       1224          0      10068          0          0 EEM ED CLI      
 236   0       1224          0      10068          0          0 EEM ED Counter  
 237   0       1224          0      10068          0          0 EEM ED Interface
 238   0       1224          0      10068          0          0 EEM ED IOSWD    
 239   0       1224          0      10068          0          0 EEM ED None     
 240   0       1224          0      10068          0          0 EEM ED OIR      
 241   0       1224          0      10068          0          0 EEM ED SNMP     
 242   0       1224          0      10068          0          0 EEM ED Timer    
 243   0      10020        912      16176          0          0 EEM Policy Direc
 244   0      16776      16776      13068          0          0 Syslog          
 245   0          0          0       7068          0          0 IP SLA MPLSLM Pr
 246   0          0          0       7068          0          0 VPDN Test       
 248   0        252          0       4320          0          0 Async write proc
 249   0        252          0       4320          0          0 Async write proc
 250   0        252          0       4320          0          0 Async write proc
 251   0        252          0       4320          0          0 Async write proc
 252   0          0          0       4068          0          0 DFS flush period
 253   0      16140          0      15780          0          0 SSH Event handle
 255   0        224          0       7292          0          0 CEF Scanner     
 257   0       7960          0      14140          0          0 IP-EIGRP: PDM   
 258   0          0          0      18184          0          0 IP-EIGRP Router 
 259   0       7856          0      14036          0          0 IP-EIGRP: PDM   
 260   0          0          0      18184          0          0 IP-EIGRP Router 
 261   0       8008          0      14188          0          0 IP-EIGRP: PDM   
 262   0      21676       5616      16128          0          0 OSPF-400 Router 
 263   0          0          0       7068          0          0 IP-EIGRP: HELLO 
 264   0          0          0       7068          0          0 IP-EIGRP: HELLO 
 265   0          0          0       7068          0          0 IP-EIGRP: HELLO 
                                 29896640 Total

------------------ show process cpu ------------------


CPU utilization for five seconds: 22%/0%; one minute: 7%; five minutes: 5%
 PID Runtime(ms)   Invoked      uSecs   5Sec   1Min   5Min TTY Process 
   1           0        76          0  0.00%  0.00%  0.00%   0 Chunk Manager    
   2          44      1037         42  0.00%  0.01%  0.00%   0 Load Meter       
   3           0        13          0  0.00%  0.00%  0.00%   0 OSPF-400 Hello   
   4           0         1          0  0.00%  0.00%  0.00%   0 EDDRI_MAIN       
   5       79860      4121      19378  0.00%  1.69%  1.63%   0 Check heaps      
   6           0         1          0  0.00%  0.00%  0.00%   0 Pool Manager     
   7           0         2          0  0.00%  0.00%  0.00%   0 Timers           
   8           0         1          0  0.00%  0.00%  0.00%   0 OIR Handler      
   9           4         1       4000  0.00%  0.00%  0.00%   0 Crash writer     
  10          56       174        321  0.00%  0.00%  0.00%   0 Environmental mo 
  11           0        87          0  0.00%  0.00%  0.00%   0 IPC Dynamic Cach 
  12           0         1          0  0.00%  0.00%  0.00%   0 IPC Zone Manager 
  13        1108      5172        214  0.00%  0.04%  0.01%   0 IPC Periodic Tim 
  14         832      5172        160  0.00%  0.04%  0.02%   0 IPC Deferred Por 
  15           0         1          0  0.00%  0.00%  0.00%   0 IPC Seat Manager 
  16           0         1          0  0.00%  0.00%  0.00%   0 IPC BackPressure 
  17          16        39        410  0.00%  0.00%  0.00%   0 ARP Input        
  18         208      5400         38  0.00%  0.00%  0.00%   0 ARP Background   
  19           0         2          0  0.00%  0.00%  0.00%   0 ATM Idle Timer   
  20           0         2          0  0.00%  0.00%  0.00%   0 AAA high-capacit 
  21           0         1          0  0.00%  0.00%  0.00%   0 AAA_SERVER_DEADT 
  22           0         1          0  0.00%  0.00%  0.00%   0 Policy Manager   
  23           0         2          0  0.00%  0.00%  0.00%   0 DDR Timers       
  24           4         2       2000  0.00%  0.00%  0.00%   0 Entity MIB API   
  25         112        20       5600  0.00%  0.00%  0.00%   0 EEM ED Syslog    
  26        7916      1182       6697  0.31%  0.17%  0.15%   0 HC Counter Timer 
  27           0         2          0  0.00%  0.00%  0.00%   0 Serial Backgroun 
  28           0         1          0  0.00%  0.00%  0.00%   0 RO Notify Timers 
  29           0         1          0  0.00%  0.00%  0.00%   0 RMI RM Notify Wa 
  30           0         2          0  0.00%  0.00%  0.00%   0 SMART            
  31         124      5179         23  0.00%  0.00%  0.00%   0 GraphIt          
  32           0         2          0  0.00%  0.00%  0.00%   0 Dialer event     
  33           0         1          0  0.00%  0.00%  0.00%   0 SERIAL A'detect  
  34           0         2          0  0.00%  0.00%  0.00%   0 XML Proxy Client 
  35           0         1          0  0.00%  0.00%  0.00%   0 Critical Bkgnd   
  36        1276      4162        306  0.00%  0.01%  0.00%   0 Net Background   
  37           4         2       2000  0.00%  0.00%  0.00%   0 IDB Work         
  38           4        10        400  0.00%  0.00%  0.00%   0 Logger           
  39         388      5165         75  0.00%  0.00%  0.00%   0 TTY Background   
  40         664      5182        128  0.15%  0.03%  0.00%   0 Per-Second Jobs  
  41           0         1          0  0.00%  0.00%  0.00%   0 Inode Table Dest 
  42           4        44         90  0.00%  0.00%  0.00%   0 DHCPD Timer      
  43           0         1          0  0.00%  0.00%  0.00%   0 IKE HA Mgr       
  44           0         1          0  0.00%  0.00%  0.00%   0 IPSEC HA Mgr     
  45         156        16       9750  0.00%  0.00%  0.00%   0 rf task          
  46           0         2          0  0.00%  0.00%  0.00%   0 Net Input        
  47       20396      1038      19649  0.39%  0.40%  0.40%   0 Compute load avg 
  48         352        87       4045  0.00%  0.00%  0.00%   0 Per-minute Jobs  
  49           0         1          0  0.00%  0.00%  0.00%   0 AggMgr Process   
  50           0         1          0  0.00%  0.00%  0.00%   0 dev_device_inser 
  51           0         1          0  0.00%  0.00%  0.00%   0 dev_device_remov 
  52          20       864         23  0.00%  0.00%  0.00%   0 mxt5100          
  53           0         1          0  0.00%  0.00%  0.00%   0 sal_dpc_process  
  54           0         1          0  0.00%  0.00%  0.00%   0 ARL Table Manage 
  55          84         3      28000  0.00%  0.00%  0.00%   0 ESWILPPM         
  56           4         2       2000  0.00%  0.00%  0.00%   0 Eswilp Storm Con 
  57           0         2          0  0.00%  0.00%  0.00%   0 SM Monitor       
  58          12         2       6000  0.00%  0.00%  0.00%   0 VNM DSPRM MAIN   
  59           0         1          0  0.00%  0.00%  0.00%   0 DSPFARM DSP READ 
  60           0         2          0  0.00%  0.00%  0.00%   0 FLEX DNLD MAIN   
  61           0         1          0  0.00%  0.00%  0.00%   0 HDV background   
  62           0         2          0  0.00%  0.00%  0.00%   0 Bryce I2C CMD Qu 
  63           0         2          0  0.00%  0.00%  0.00%   0 VMI Background   
  64           0         1          0  0.00%  0.00%  0.00%   0 RF_INTERDEV_DELA 
  65           0         1          0  0.00%  0.00%  0.00%   0 RF_INTERDEV_SCTP 
  66           0         1          0  0.00%  0.00%  0.00%   0 chkpt message ha 
  67         300      5170         58  0.00%  0.00%  0.00%   0 Ether-Switch RBC 
  68           0         1          0  0.00%  0.00%  0.00%   0 AAL2CPS TIMER_CU 
  69           4         1       4000  0.00%  0.00%  0.00%   0 IGMP Snooping Pr 
  70           0         1          0  0.00%  0.00%  0.00%   0 IGMP Snooping Re 
  71           0       174          0  0.00%  0.00%  0.00%   0 Call Management  
  72           0         1          0  0.00%  0.00%  0.00%   0 CF_INTERDEV_SCTP 
  73          64         3      21333  0.00%  0.00%  0.00%   0 
DEBUG:netmiko:read_channel: 
DEBUG:netmiko:read_channel: 
DEBUG:netmiko:read_channel: 
DEBUG:netmiko:read_channel: 
DEBUG:netmiko:read_channel: 
DEBUG:netmiko:read_channel: 
DEBUG:netmiko:read_channel: 
DEBUG:netmiko:read_channel: tBCMlink         
  74           0         1          0  0.00%  0.00%  0.00%   0 tCOUNTER         
  75           0         2          0  0.00%  0.00%  0.00%   0 Dot1x Mgr Proces 
  76           0         1          0  0.00%  0.00%  0.00%   0 MAB Framework    
  77           0         1          0  0.00%  0.00%  0.00%   0 EAP Framework    
  78           0         2          0  0.00%  0.00%  0.00%   0 DTP Protocol     
  79         288      5169         55  0.00%  0.01%  0.00%   0 PI MATM Aging Pr 
  80           0       519          0  0.00%  0.00%  0.00%   0 EtherChnl        
  81          32        60        533  0.00%  0.00%  0.00%   0 AAA Server       
  82           0         1          0  0.00%  0.00%  0.00%   0 AAA ACCT Proc    
  83        2788    156087         17  0.15%  0.19%  0.18%   0 ACCT Periodic Pr 
  84           4         2       2000  0.00%  0.00%  0.00%   0 AAA Dictionary R 
  85        1572      1714        917  0.00%  0.03%  0.00%   0 CDP Protocol     
  86           4         2       2000  0.00%  0.00%  0.00%   0 IP ARP Adjacency 
  87        2724    156087         17  0.23%  0.18%  0.18%   0 IP ARP Retry Age 
  88        2200      4084        538  0.39%  0.07%  0.01%   0 IP Input         
  89           0         1          0  0.00%  0.00%  0.00%   0 ICMP event handl 
  90           0         5          0  0.00%  0.00%  0.00%   0 TurboACL         
  91           0         2          0  0.00%  0.00%  0.00%   0 TurboACL chunk   
  92           0         1          0  0.00%  0.00%  0.00%   0 IPv6 RIB Redistr 
  93          72        11       6545  0.00%  0.00%  0.00%   0 MOP Protocols    
  94           0         3          0  0.00%  0.00%  0.00%   0 PPP Hooks        
  95        4560       488       9344 20.10%  3.24%  0.69%  98 SSH Process      
  96           0         1          0  0.00%  0.00%  0.00%   0 SSS Manager      
  97          12       691         17  0.00%  0.00%  0.00%   0 SSS Test Client  
  98           4         1       4000  0.00%  0.00%  0.00%   0 SSS Feature Mana 
  99         560     20216         27  0.00%  0.02%  0.00%   0 SSS Feature Time 
 100           0         2          0  0.00%  0.00%  0.00%   0 Spanning Tree    
 101           0         1          0  0.00%  0.00%  0.00%   0 X.25 Encaps Mana 
 102           0         8          0  0.00%  0.00%  0.00%   0 SSM connection m 
 103           0         1          0  0.00%  0.00%  0.00%   0 AC Switch        
 104         180         9      20000  0.00%  0.00%  0.00%   0 EAPoUDP Process  
 105           0         2          0  0.00%  0.00%  0.00%   0 IP Host Track Pr 
 106           0         2          0  0.00%  0.00%  0.00%   0 KRB5 AAA         
 107          16       101        158  0.00%  0.00%  0.00%   0 IP Background    
 108           0         2          0  0.00%  0.00%  0.00%   0 IP RIB Update    
 109           0         2          0  0.00%  0.00%  0.00%   0 PPP IP Route     
 110           0         2          0  0.00%  0.00%  0.00%   0 PPP IPCP         
 111           0         1          0  0.00%  0.00%  0.00%   0 IP Traceroute    
 112           0         1          0  0.00%  0.00%  0.00%   0 SNMP Timers      
 113           0         1          0  0.00%  0.00%  0.00%   0 Asy FS Helper    
 114        1572      8252        190  0.00%  0.02%  0.00%   0 CEF process      
 115          16      5150          3  0.00%  0.00%  0.00%   0 Socket Timers    
 116         252       945        266  0.07%  0.00%  0.00%   0 TCP Timer        
 117         324        59       5491  0.00%  0.01%  0.00%   0 TCP Protocols    
 118           0         1          0  0.00%  0.00%  0.00%   0 COPS             
 119           0         2          0  0.00%  0.00%  0.00%   0 Dot1x Supplicant 
 120           0         2          0  0.00%  0.00%  0.00%   0 Dot1x Supplicant 
 121           0         2          0  0.00%  0.00%  0.00%   0 Dot1x Supplicant 
 122           8         4       2000  0.00%  0.00%  0.00%   0 L2MM             
 123           0         1          0  0.00%  0.00%  0.00%   0 MRD              
 124           0         1          0  0.00%  0.00%  0.00%   0 IGMPSN           
 125           8         2       4000  0.00%  0.00%  0.00%   0 RLM groups Proce 
 126           0         1          0  0.00%  0.00%  0.00%   0 L2X Data Daemon  
 127           0         2          0  0.00%  0.00%  0.00%   0 PPPoE Flow Contr 
 128           4         2       2000  0.00%  0.00%  0.00%   0 SCTP Main Proces 
 129           0         1          0  0.00%  0.00%  0.00%   0 IUA Main Process 
 130         404      5169         78  0.00%  0.01%  0.00%   0 RUDPV1 Main Proc 
 131           0         1          0  0.00%  0.00%  0.00%   0 bsm_timers       
 132        1392      5171        269  0.07%  0.00%  0.00%   0 bsm_xmt_proc     
 133           0         1          0  0.00%  0.00%  0.00%   0 CES Client SVC R 
 134        1020     10300         99  0.07%  0.10%  0.08%   0 DHCPD Receive    
 135           0         2          0  0.00%  0.00%  0.00%   0 Dialer Forwarder 
 136           8        87         91  0.00%  0.00%  0.00%   0 IP Cache Ager    
 137        1360        88      15454  0.00%  0.03%  0.00%   0 Adj Manager      
 138           0         3          0  0.00%  0.00%  0.00%   0 Flow Exporter Ti 
 139           0         2          0  0.00%  0.00%  0.00%   0 ATM OAM Input    
 140           0         2          0  0.00%  0.00%  0.00%   0 ATM OAM TIMER    
 141           0        19          0  0.00%  0.00%  0.00%   0 HTTP CORE        
 142           0         1          0  0.00%  0.00%  0.00%   0 RARP Input       
 143           0        55          0  0.00%  0.00%  0.00%   0 Transport Port A 
 144           0         1          0  0.00%  0.00%  0.00%   0 IPv6 Inspect Tim 
 145           0         1          0  0.00%  0.00%  0.00%   0 PAD InCall       
 146           0         2          0  0.00%  0.00%  0.00%   0 X.25 Background  
 147           0         2          0  0.00%  0.00%  0.00%   0 PPP Bind         
 148           0         2          0  0.00%  0.00%  0.00%   0 PPP SSS          
 149           0         1          0  0.00%  0.00%  0.00%   0 MQC Flow Event B 
 150        1496     51034         29  0.15%  0.11%  0.08%   0 RBSCP Background 
 151           0         1          0  0.00%  0.00%  0.00%   0 VPDN call manage 
 152         204     10060         20  0.00%  0.00%  0.00%   0 Inspect process  
 153           0        92          0  0.00%  0.00%  0.00%   0 DHCPD Database   
 154           0        18          0  0.00%  0.00%  0.00%   0 Authentication P 
 155           0         1          0  0.00%  0.00%  0.00%   0 Auth-proxy AAA B 
 156           0         1          0  0.00%  0.00%  0.00%   0 CHKPT EXAMPLE    
 157           0         1          0  0.00%  0.00%  0.00%   0 CHKPT DevTest    
 158           0         1          0  0.00%  0.00%  0.00%   0 IPS Process      
 159           0         2          0  0.00%  0.00%  0.00%   0 IPS Auto Update  
 160           0         2          0  0.00%  0.00%  0.00%   0 SDEE Management  
 161           0         1          0  0.00%  0.00%  0.00%   0 Select Timers    
 162           8         2       4000  0.00%  0.00%  0.00%   0 HTTP Process     
 163           0         2          0  0.00%  0.00%  0.00%   0 CIFS API Process 
 164           0         2          0  0.00%  0.00%  0.00%   0 CIFS Proxy Proce 
 165           0         2          0  0.00%  0.00%  0.00%   0 URL filter proc  
 166           0         1          0  0.00%  0.00%  0.00%   0 Crypto HW Proc   
 167          16         2       8000  0.00%  0.00%  0.00%   0 CCVPM_HDSPRM     
 168          48      1919         25  0.00%  0.00%  0.00%   0 FLEX DSPRM MAIN  
 169          32      1917         16  0.00%  0.00%  0.00%   0 FLEX DSP KEEPALI 
 170           0       209          0  0.00%  0.00%  0.00%   0 CRM_CALL_UPDATE_ 
 171           0         4          0  0.00%  0.00%  0.00%   0 HDA DSPRM MAIN   
 172           0         2          0  0.00%  0.00%  0.00%   0 cpf_process_msg_ 
 173           0         2          0  0.00%  0.00%  0.00%   0 AAA Cached Serve 
 174           4         2       2000  0.00%  0.00%  0.00%   0 ENABLE AAA       
 175           0         1          0  0.00%  0.00%  0.00%   0 EM Background Pr 
 176           0         1          0  0.00%  0.00%  0.00%   0 Key chain liveke 
 177           0         2          0  0.00%  0.00%  0.00%   0 LINE AAA         
 178         116        60       1933  0.00%  0.00%  0.00%   0 LOCAL AAA        
 179           0         2          0  0.00%  0.00%  0.00%   0 TPLUS            
 180           0         2          0  0.00%  0.00%  0.00%   0 VSP_MGR          
 181           4         3       1333  0.00%  0.00%  0.00%   0 Crypto WUI       
 182           0         2          0  0.00%  0.00%  0.00%   0 Crypto Support   
 183           0         1          0  0.00%  0.00%  0.00%   0 IPSECv6 PS Proc  
 184           0         1          0  0.00%  0.00%  0.00%   0 EPM MAIN PROCESS 
 185           0         1          0  0.00%  0.00%  0.00%   0 CCVPM_HTSP       
 186           0         2          0  0.00%  0.00%  0.00%   0 VPM_MWI_BACKGROU 
 187           4         1       4000  0.00%  0.00%  0.00%   0 CCVPM_R2         
 188           0         1          0  0.00%  0.00%  0.00%   0 EPHONE MWI Refre 
 189           0         6          0  0.00%  0.00%  0.00%   0 FB/KS Log HouseK 
 190           0         1          0  0.00%  0.00%  0.00%   0 EPHONE MWI BG Pr 
 191           0         1          0  0.00%  0.00%  0.00%   0 Skinny HW confer 
 192          24       173        138  0.00%  0.00%  0.00%   0 VOICE REG BG Pro 
 193           0         1          0  0.00%  0.00%  0.00%   0 Presence Process 
 194           0         1          0  0.00%  0.00%  0.00%   0 CCSWVOICE        
 195           0         1          0  0.00%  0.00%  0.00%   0 cpf_process_tpQ  
 196           0         1          0  0.00%  0.00%  0.00%   0 http client proc 
 197       10020       491      20407  0.00%  0.00%  0.00%   0 crypto sw pk pro 
 198           0         1          0  0.00%  0.00%  
DEBUG:netmiko:read_channel: 
DEBUG:netmiko:read_channel: 
DEBUG:netmiko:read_channel: 
DEBUG:netmiko:read_channel: 
DEBUG:netmiko:read_channel: 
DEBUG:netmiko:read_channel: 
DEBUG:netmiko:read_channel: 
DEBUG:netmiko:read_channel: 0.00%   0 QOS_MODULE_MAIN  
 199           0         1          0  0.00%  0.00%  0.00%   0 RPMS_PROC_MAIN   
 200           0         1          0  0.00%  0.00%  0.00%   0 VoIP AAA         
 201          64         9       7111  0.00%  0.00%  0.00%   0 crypto engine pr 
 202          20         4       5000  0.00%  0.00%  0.00%   0 Crypto CA        
 203           0         1          0  0.00%  0.00%  0.00%   0 Crypto PKI-CRL   
 204           0         1          0  0.00%  0.00%  0.00%   0 Crypto SSL       
 205           0         1          0  0.00%  0.00%  0.00%   0 encrypt proc     
 206           0         1          0  0.00%  0.00%  0.00%   0 Crypto INT       
 207           4         3       1333  0.00%  0.00%  0.00%   0 Crypto IKE Dispa 
 208           4         3       1333  0.00%  0.00%  0.00%   0 Crypto IKMP      
 209          32         1      32000  0.00%  0.00%  0.00%   0 Crypto IKEv2     
 210           0         1          0  0.00%  0.00%  0.00%   0 IPSEC manual key 
 211         144       262        549  0.00%  0.00%  0.00%   0 IPSEC key engine 
 212           0         1          0  0.00%  0.00%  0.00%   0 CRYPTO QoS proce 
 213           0         7          0  0.00%  0.00%  0.00%   0 Crypto ACL       
 214           4         1       4000  0.00%  0.00%  0.00%   0 Crypto PAS Proc  
 215           0         1          0  0.00%  0.00%  0.00%   0 Key Proc         
 216           0         1          0  0.00%  0.00%  0.00%   0 GDOI GM Process  
 217           0         1          0  0.00%  0.00%  0.00%   0 UNICAST REKEY    
 218           0         1          0  0.00%  0.00%  0.00%   0 UNICAST REKEY AC 
 219           0         2          0  0.00%  0.00%  0.00%   0 Control-plane ho 
 220         224      9971         22  0.00%  0.00%  0.00%   0 PM Callback      
 221           0         1          0  0.00%  0.00%  0.00%   0 DATA Transfer Pr 
 222           0         1          0  0.00%  0.00%  0.00%   0 DATA Collector   
 223           0         2          0  0.00%  0.00%  0.00%   0 AAA SEND STOP EV 
 224           4         4       1000  0.00%  0.00%  0.00%   0 EEM ED Resource  
 225           0         7          0  0.00%  0.00%  0.00%   0 EEM ED Track     
 226          28       519         53  0.00%  0.00%  0.00%   0 RMON Recycle Pro 
 227           0         2          0  0.00%  0.00%  0.00%   0 RMON Deferred Se 
 228           0         1          0  0.00%  0.00%  0.00%   0 Syslog Traps     
 229           0         1          0  0.00%  0.00%  0.00%   0 Crypto cTCP proc 
 230         248      5085         48  0.00%  0.01%  0.00%   0 trunk conditioni 
 231           4         1       4000  0.00%  0.00%  0.00%   0 trunk conditioni 
 232          24         2      12000  0.00%  0.00%  0.00%   0 VLAN Manager     
 233           0         1          0  0.00%  0.00%  0.00%   0 IP-EIGRP Router  
 234          24        57        421  0.00%  0.00%  0.00%   0 EEM Server       
 235           4         7        571  0.00%  0.00%  0.00%   0 EEM ED CLI       
 236           8         7       1142  0.00%  0.00%  0.00%   0 EEM ED Counter   
 237           4         6        666  0.00%  0.00%  0.00%   0 EEM ED Interface 
 238           0         7          0  0.00%  0.00%  0.00%   0 EEM ED IOSWD     
 239           0         7          0  0.00%  0.00%  0.00%   0 EEM ED None      
 240           0         7          0  0.00%  0.00%  0.00%   0 EEM ED OIR       
 241           4         7        571  0.00%  0.00%  0.00%   0 EEM ED SNMP      
 242           0       136          0  0.00%  0.00%  0.00%   0 EEM ED Timer     
 243           4         5        800  0.00%  0.00%  0.00%   0 EEM Policy Direc 
 244           8         9        888  0.00%  0.00%  0.00%   0 Syslog           
 245           8       222         36  0.00%  0.00%  0.00%   0 IP SLA MPLSLM Pr 
 246           0         1          0  0.00%  0.00%  0.00%   0 VPDN Test        
 248           0         1          0  0.00%  0.00%  0.00%   0 Async write proc 
 249           0         1          0  0.00%  0.00%  0.00%   0 Async write proc 
 250           0         1          0  0.00%  0.00%  0.00%   0 Async write proc 
 251           4         1       4000  0.00%  0.00%  0.00%   0 Async write proc 
 252           0        87          0  0.00%  0.00%  0.00%   0 DFS flush period 
 253          12         5       2400  0.00%  0.00%  0.00%   0 SSH Event handle 
 255          28       179        156  0.00%  0.00%  0.00%   0 CEF Scanner      
 257          32         4       8000  0.00%  0.00%  0.00%   0 IP-EIGRP: PDM    
 258           0         1          0  0.00%  0.00%  0.00%   0 IP-EIGRP Router  
 259          12         4       3000  0.00%  0.00%  0.00%   0 IP-EIGRP: PDM    
 260           0         1          0  0.00%  0.00%  0.00%   0 IP-EIGRP Router  
 261        3016      1122       2688  0.00%  0.04%  0.06%   0 IP-EIGRP: PDM    
 262         148      5083         29  0.07%  0.00%  0.00%   0 OSPF-400 Router  
 263          24      1121         21  0.00%  0.00%  0.00%   0 IP-EIGRP: HELLO  
 264          28      1121         24  0.00%  0.00%  0.00%   0 IP-EIGRP: HELLO  
 265         864      3353        257  0.07%  0.02%  0.00%   0 IP-EIGRP: HELLO 

------------------ show process cpu history ------------------



CR-SW1   01:26:27 AM Friday Mar 1 2002 UTC

                                                                
    222222222               11111                               
    222233333222221111144444888881111111111111111111133333111111
100                                                             
 90                                                             
 80                                                             
 70                                                             
 60                                                             
 50                                                             
 40                                                             
 30                                                             
 20 *********               *****                               
 10 *********               *****                               
   0....5....1....1....2....2....3....3....4....4....5....5....6
             0    5    0    5    0    5    0    5    0    5    0
               CPU% per second (last 60 seconds)

                                                                
    121222715161169321242118991212111111222411121169113299111 21
    808101465503269109064458995323355582404428918439338097199702
100               *         **                     *    **      
 90               *        ***                     *    **      
 80               *        ***                     *    **      
 70       *      **        ***                     *    **      
 60       * * *  **        ***                    **    **      
 50       * * *  **    *   ***                    **    **      
 40       * * *  **    *   ***             *      **  * **      
 30       * * *  ***   *   ***             *      **  * **      
 20 ***********  *#****** *#*#** * **** **** **** *#  **## ** * 
 10 *#****#*#*#**###***#***###*#*#******#*##******##**#*##******
   0....5....1....1....2....2....3....3....4....4....5....5....6
             0    5    0    5    0    5    0    5    0    5    0
               CPU% per minute (last 60 minutes)
              * = maximum CPU%   # = average CPU%

                                                                            
    9                                                                       
    9                                                                       
100 *                                                                       
 90 *                                                                       
 80 *                                                                       
 70 *                                                                       
 60 *                                                                       
 50 *                                                                       
 40 *                                                                       
 30 *                                                                       
 20 *                                                                       
 10 #                                                                       
   0....5....1....1....2....2....3....3....4....4....5....5....6....6....7..
             0    5    0    5    0    5    0    5    0    5    0    5    0  
                   CPU% per hour (last 72 hours)
                  * = maximum CPU%   # = average CPU%



------------------ show diag ------------------


3725 Backplane EEPROM:
	PCB Serial Number        : XXXXXXXXXXX
	Processor type           : 61 
	Top Assy. Part Number    : 800-16147-02
	Board Revision           : D0
	Fab Part Number          : 28-4226-06
	Deviation Number         : 65535-65535
	Manufacturing Test Data  : FF FF FF FF FF FF FF FF 
	RMA Number               : 255-255-255-255
	RMA Test History         : FF
	RMA History              : FF
	Chassis Serial Number    : FTX0945W0MY
	Chassis MAC Address      : c207.16d3.0000
	MAC Address block size   : 48
	Field Diagnostics Data   : FF FF FF FF FF FF FF FF 
	Hardware Revision        : 0.1
	Number of Slots          : 2
	EEPROM format version 4
	EEPROM contents (hex):
	  0x00: 04 FF C1 8B 58 58 58 58 58 58 58 58 58 58 58 09
	  0x10: 61 40 02 59 C0 46 03 20 00 3F 13 02 42 44 30 85
	  0x20: 1C 10 82 06 80 FF FF FF FF C4 08 FF FF FF FF FF
	  0x30: FF FF FF 81 FF FF FF FF 03 FF 04 FF C2 8B 46 54
	  0x40: 58 30 39 34 35 57 30 4D 59 C3 06 C2 07 16 D3 00
	  0x50: 00 43 00 30 C5 08 FF FF FF FF FF FF FF FF 41 00
	  0x60: 01 01 02 FF FF FF FF FF FF FF FF FF FF FF FF FF
	  0x70: FF FF FF FF FF FF FF FF FF FF FF FF FF FF FF FF
Slot 0:
	C3725 Mother board 2FE(TX)-3W Port adapter, 2 ports
	Port adapter is analyzed 
	Port adapter insertion time unknown
	EEPROM contents at hardware discovery:
	PCB Serial Number        : XXXXXXXXXXX

DEBUG:netmiko:read_channel: 
DEBUG:netmiko:read_channel: 
DEBUG:netmiko:read_channel: 
DEBUG:netmiko:read_channel: 
DEBUG:netmiko:read_channel: 
DEBUG:netmiko:read_channel: 
DEBUG:netmiko:read_channel: 
DEBUG:netmiko:read_channel: 	Processor type           : 61 
	Top Assy. Part Number    : 800-16147-02
	Board Revision           : D0
	Fab Part Number          : 28-4226-06
	Deviation Number         : 65535-65535
	Manufacturing Test Data  : FF FF FF FF FF FF FF FF 
	RMA Number               : 255-255-255-255
	RMA Test History         : FF
	RMA History              : FF
	Chassis Serial Number    : FTX0945W0MY
	Chassis MAC Address      : c207.16d3.0000
	MAC Address block size   : 48
	Field Diagnostics Data   : FF FF FF FF FF FF FF FF 
	Hardware Revision        : 0.1
	Number of Slots          : 2
	Product (FRU) Number     : C3725-2FE
	EEPROM format version 4
	EEPROM contents (hex):
	  0x00: 04 FF C1 8B 58 58 58 58 58 58 58 58 58 58 58 09
	  0x10: 61 40 02 59 C0 46 03 20 00 3F 13 02 42 44 30 85
	  0x20: 1C 10 82 06 80 FF FF FF FF C4 08 FF FF FF FF FF
	  0x30: FF FF FF 81 FF FF FF FF 03 FF 04 FF C2 8B 46 54
	  0x40: 58 30 39 34 35 57 30 4D 59 C3 06 C2 07 16 D3 00
	  0x50: 00 43 00 30 C5 08 FF FF FF FF FF FF FF FF 41 00
	  0x60: 01 01 02 FF FF FF FF FF FF FF FF FF FF FF FF FF
	  0x70: FF FF FF FF FF FF FF FF FF FF FF FF FF FF FF FF

Slot 1:
	FastEthernet Port adapter, 16 ports
	Port adapter is analyzed 
	Port adapter insertion time unknown
	EEPROM contents at hardware discovery:
	Hardware Revision        : 1.0
	Top Assy. Part Number    : 800-15156-01
	Board Revision           : E0
	Deviation Number         : 0-0
	Fab Version              : 03
	PCB Serial Number        : 00000000000
	RMA Test History         : 00
	RMA Number               : 0-0-0-0
	RMA History              : 00
	Base MAC Address         : c207.0ef1.f100
	MAC Address block size   : 17
	Product (FRU) Number     : NM-16ESW=
	EEPROM format version 4
	EEPROM contents (hex):
	  0x00: 04 FF 40 02 A9 41 01 00 C0 46 03 20 00 3B 34 01
	  0x10: 42 45 30 80 00 00 00 00 02 03 C1 8B 30 30 30 30
	  0x20: 30 30 30 30 30 30 30 03 00 81 00 00 00 00 04 00
	  0x30: CF 06 C2 07 0E F1 F1 00 43 00 11 FF FF FF FF FF
	  0x40: FF FF FF FF FF FF FF FF FF FF FF FF FF FF FF FF
	  0x50: FF FF FF FF FF FF FF FF FF FF FF FF FF FF FF FF
	  0x60: FF FF FF FF FF FF FF FF FF FF FF FF FF FF FF FF
	  0x70: FF FF FF FF FF FF FF FF FF FF FF FF FF FF FF FF




------------------ show platform ------------------

 3725 Network IO Interrupt Throttling:
 throttle count=0, timer count=0
 active=0, configured=0
 netint usec=4000, netint mask usec=1000
 IO Mask is 1
 3725,  r4k_cpu_level: 0
 r4k_cpu_level: 0
 Intr Mask is 9701
        Level               Intr count  
----------------------------------------
       1(netio)                 9657      
       2(dma/wd)                4123      
       3(net mgt)               0      
       4(console)               336      
       5(error)                 0      
       6(unknown)               0      
       7(timer)                 1297000      


3725 Backplane EEPROM:
	PCB Serial Number        : XXXXXXXXXXX
	Processor type           : 61 
	Top Assy. Part Number    : 800-16147-02
	Board Revision           : D0
	Fab Part Number          : 28-4226-06
	Deviation Number         : 65535-65535
	Manufacturing Test Data  : FF FF FF FF FF FF FF FF 
	RMA Number               : 255-255-255-255
	RMA Test History         : FF
	RMA History              : FF
	Chassis Serial Number    : FTX0945W0MY
	Chassis MAC Address      : c207.16d3.0000
	MAC Address block size   : 48
	Field Diagnostics Data   : FF FF FF FF FF FF FF FF 
	Hardware Revision        : 0.1
	Number of Slots          : 2
	EEPROM format version 4
	EEPROM contents (hex):
	  0x00: 04 FF C1 8B 58 58 58 58 58 58 58 58 58 58 58 09
	  0x10: 61 40 02 59 C0 46 03 20 00 3F 13 02 42 44 30 85
	  0x20: 1C 10 82 06 80 FF FF FF FF C4 08 FF FF FF FF FF
	  0x30: FF FF FF 81 FF FF FF FF 03 FF 04 FF C2 8B 46 54
	  0x40: 58 30 39 34 35 57 30 4D 59 C3 06 C2 07 16 D3 00
	  0x50: 00 43 00 30 C5 08 FF FF FF FF FF FF FF FF 41 00
	  0x60: 01 01 02 FF FF FF FF FF FF FF FF FF FF FF FF FF
	  0x70: FF FF FF FF FF FF FF FF FF FF FF FF FF FF FF FF

CPU Registers:
  Processor Revision ID    : 0x2721
  Configuration            : 0xC08FF0
  Status                   : 0x3400FF01
  Cause                    : 0x0
  Count                    : 0xABBC1488
  Compare                  : 0xABBF77B0


TLB entries :
Size  Virt Address range      Phy Address range       Attributes
 1M   0x3C000000:0x3C1FFFFF   0x3C000000:0x3C1FFFFF   CacheMode=2, RW, Valid
 16M  0x30000000:0x31FFFFFF   0x30000000:0x31FFFFFF   CacheMode=2, RW, Valid
 16M  0x32000000:0x33FFFFFF   0x32000000:0x33FFFFFF   CacheMode=2, RW, Valid
 4M   0x3A000000:0x3A7FFFFF   0x4A000000:0x4A7FFFFF   CacheMode=2, RW, Valid
 4M   0x3A800000:0x3AFFFFFF   0x4A800000:0x4AFFFFFF   CacheMode=2, RW, Valid
 4M   0x3D000000:0x3D7FFFFF   0x4D000000:0x4D7FFFFF   CacheMode=2, RW, Valid
 4M   0x3E000000:0x3E7FFFFF   0x4D800000:0x4DFFFFFF   CacheMode=2, RW, Valid
 1M   0x3C200000:0x3C3FFFFF   0x3C200000:0x3C3FFFFF   CacheMode=2, RW, Valid
 256K 0x1FC00000:0x1FC7FFFF   0x1FC00000:0x1FC7FFFF   CacheMode=2, RW, Valid
 256K 0x1FC80000:0x1FCFFFFF   0x1FC80000:0x1FCFFFFF   CacheMode=2, RW, Valid
 1M   0x1E800000:0x1E9FFFFF   0x1E800000:0x1E9FFFFF   CacheMode=2, RW, Valid
 16M  0x60000000:0x61FFFFFF   0x00000000:0x01FFFFFF   CacheMode=3, RO, Valid
 4M   0x62000000:0x627FFFFF   0x02000000:0x027FFFFF   CacheMode=3, RO, Valid
 4M   0x62800000:0x62FFFFFF   0x02800000:0x02FFFFFF   CacheMode=3, RO, Valid
 1M   0x63000000:0x631FFFFF   0x03000000:0x031FFFFF   CacheMode=3, RO, Valid
 1M   0x63200000:0x633FFFFF   0x03200000:0x033FFFFF   CacheMode=3, RO, Valid
 1M   0x63400000:0x635FFFFF   0x03400000:0x035FFFFF   CacheMode=3, RO, Valid
 64K  0x63600000:0x6361FFFF   0x03600000:0x0361FFFF   CacheMode=3, RO, Valid
 64K  0x63620000:0x6363FFFF   0x03620000:0x0363FFFF   CacheMode=3, RO, Valid
 16K  0x63640000:0x63647FFF   0x03640000:0x03647FFF   CacheMode=3, RO, Valid
 16K  0x63648000:0x6364FFFF   0x03648000:0x0364FFFF   CacheMode=3, RO, Valid
 4K   0x63650000:0x63651FFF   0x03650000:0x03651FFF   CacheMode=3, RO, Valid
 4K   0x63652000:0x63653FFF   0x03652000:0x03653FFF   CacheMode=3, RW, Valid
 4K   0x63654000:0x63655FFF   0x03654000:0x03655FFF   CacheMode=3, RW, Valid
 4K   0x63656000:0x63657FFF   0x03656000:0x03657FFF   CacheMode=3, RW, Valid
 16K  0x63658000:0x6365FFFF   0x03658000:0x0365FFFF   CacheMode=3, RW, Valid
 64K  0x63660000:0x6367FFFF   0x03660000:0x0367FFFF   CacheMode=3, RW, Valid
 256K 0x63680000:0x636FFFFF   0x03680000:0x036FFFFF   CacheMode=3, RW, Valid
 256K 0x63700000:0x6377FFFF   0x03700000:0x0377FFFF   CacheMode=3, RW, Valid
 256K 0x63780000:0x637FFFFF   0x03780000:0x037FFFFF   CacheMode=3, RW, Valid
 4M   0x63800000:0x63FFFFFF   0x03800000:0x03FFFFFF   CacheMode=3, RW, Valid
 16M  0x64000000:0x65FFFFFF   0x04000000:0x05FFFFFF   CacheMode=3, RW, Valid
 16M  0x66000000:0x67FFFFFF   0x06000000:0x07FFFFFF   CacheMode=3, RW, Valid
 16M  0x68000000:0x69FFFFFF   0x08000000:0x09FFFFFF   CacheMode=3, RW, Valid
 16M  0x6A000000:0x6BFFFFFF   0x0A000000:0x0BFFFFFF   CacheMode=3, RW, Valid
 256K 0x0B700000:0x0B77FFFF   0x0B700000:0x0B77FFFF   CacheMode=2, RW, Valid
 256K 0x0B780000:0x0B7FFFFF   0x0B780000:0x0B7FFFFF   CacheMode=2, RW, Valid
 4M   0x0B800000:0x0BFFFFFF   0x0B800000:0x0BFFFFFF   CacheMode=2, RW, Valid


Dimm 0 SPD data :
Size of dimm                 = 0 Megabytes
Memory Type                  = 0x0 
Row Addresses                = 0x0 
Column Address               = 0x0 
Module Rows                  = 0x0 
Data Width                   = 0x0   
Voltage Interface            = 0x0 
Cycle Time                   = 0x0 
Access Time                  = 0x0 
Configuration Type           = 0x0 
Refresh Rate/Type            = 0x0 
Primary Width                = 0x0 
Error Width                  = 0x0 
Minimum Clock Delay          = 0x0 
Burst Lengths                = 0x0 
Number of Banks              = 0x0 
Cas Latencies                = 0x0 
Write Latency                = 0x0 
Module Attributes            = 0x0 
General Attributes           = 0x0 
Min Cycle Time, CAS of 2     = 0x0 
Access Clock Cycle, CAS of 2 = 0x0 
Min Cycle Time, CAS of 1     = 0x0 
Access Clock Cycle, CAS of 2 = 0x0 
Row Precharge                = 0x0 
Row Active to Row Active     = 0x0 
RAS CAS Delay                = 0x0 
Ras Pulse Width              = 0x0 
Row Density                  = 0x0 
Vendor Id                    = 0000000000000000
Module Part Number           = ^@^@^@^@^@^@^@^@^@^@^@^@^@^@^@^@^@^@
Module Revision Code         = 0000
	SPD contents (hex):
	 0x00: 00 00 00 00 00 00 00 00 00 00 00 00 00 00 00 00
	 0x10: 00 00 00 00 00 00 00 00 00 00 00 00 00 00 00 00
	 0x20: 00 00 00 00 00 00 00 00 00 00 00 00 00 00 00 00
	 0x30: 00 00 00 00 00 00 00 00 00 00 00 00 00 00 00 00
	 0x40: 00 00 00 00 00 00 00 00 00 00 00 00 00 00 00 00
	 0x50: 00 00 00 00 00 00 00 00 00 00 00 00 00 00 00 00
	 0x60: 00 00 00 00 00 00 00 00 00 00 00 00 00 00 00 00
	 0x70: 00 00 00 00 00 00 00 00 00 00 00 00 00 00 00 00

Dimm 1 SPD data :
Size of dimm                 = 0 Megabytes
Memory Type                  = 0x0 
Row Addresses                = 0x0 
Column Address               = 0x0 
Module Rows                  = 0x0 
Data Width                   = 0x0   
Voltage Interface            = 0x0 
Cycle Time                   = 0x0 
Access Time                  = 0x0 
Configuration Type           = 0x0 
Refresh Rate/Type            = 0x0 
Primary Width                = 0x0 
Error Width                  = 0x0 
Minimum Clock Delay          = 0x0 
Burst Lengths                = 0x0 
Number of Banks              = 0x0 
Cas Latencies                = 0x0 
Write Latency                = 0x0 
Module Attributes            = 0x0 
General Attributes           = 0x0 
Min Cycle Time, CAS of 2     = 0x0 
Access Clock Cycle, CAS of 2 = 0x0 
Min Cycle Time, CAS of 1     = 0x0 
Access Clock Cycle, CAS of 2 = 0x0 
Row Precharge                = 0x0 
Row Active to Row Active     = 0x0 
RAS CAS Delay                = 0x0 
Ras Pulse Width              = 0x0 
Row Density                  = 0x0 
Vendor Id           
DEBUG:netmiko:read_channel: 
DEBUG:netmiko:read_channel: 
DEBUG:netmiko:read_channel: 
DEBUG:netmiko:read_channel: 
DEBUG:netmiko:read_channel: 
DEBUG:netmiko:read_channel: 
DEBUG:netmiko:read_channel: 
DEBUG:netmiko:read_channel:          = 0000000000000000
Module Part Number           = ^@^@^@^@^@^@^@^@^@^@^@^@^@^@^@^@^@^@
Module Revision Code         = 0000
	SPD contents (hex):
	 0x00: 00 00 00 00 00 00 00 00 00 00 00 00 00 00 00 00
	 0x10: 00 00 00 00 00 00 00 00 00 00 00 00 00 00 00 00
	 0x20: 00 00 00 00 00 00 00 00 00 00 00 00 00 00 00 00
	 0x30: 00 00 00 00 00 00 00 00 00 00 00 00 00 00 00 00
	 0x40: 00 00 00 00 00 00 00 00 00 00 00 00 00 00 00 00
	 0x50: 00 00 00 00 00 00 00 00 00 00 00 00 00 00 00 00
	 0x60: 00 00 00 00 00 00 00 00 00 00 00 00 00 00 00 00
	 0x70: 00 00 00 00 00 00 00 00 00 00 00 00 00 00 00 00

------------------ show pci hardware ------------------


GT64120 External PCI Configuration registers:
PCI_0:
 Vendor / Device ID   : 0xAB115396 (b/s 0x965311AB)
 Status / Command     : 0x00000000 (b/s 0x00000000)
 Class / Revision     : 0x05800003 (b/s 0x03008005)
 Latency              : 0x00000000 (b/s 0x00000000)
 RAS[1:0] Base        : 0x00000000 (b/s 0x00000000)
 RAS[3:2] Base        : 0x00000000 (b/s 0x00000000)
 CS[2:0] Base         : 0x00000000 (b/s 0x00000000)
 CS[3] Base           : 0x00000000 (b/s 0x00000000)
 Mem Map Base         : 0x00000000 (b/s 0x00000000)
 IO Map Base          : 0x00000000 (b/s 0x00000000)
 Subsystem Vendor / D : 0x00000000 (b/s 0x00000000)
 Int Pin / Line       : 0x00000000 (b/s 0x00000000)
 Swap RAS[1:0] Base   : 0x00000000 (b/s 0x00000000)
 Swap RAS[3:2] Base   : 0x00000000 (b/s 0x00000000)
 Swap CS[3] Base      : 0x00000000 (b/s 0x00000000)
PCI_1:
 Vendor / Device ID   : 0x00000000 (b/s 0x00000000)
 Status / Command     : 0x00000000 (b/s 0x00000000)
 Class / Revision     : 0x00000000 (b/s 0x00000000)
 Latency              : 0x00000000 (b/s 0x00000000)
 RAS[1:0] Base        : 0x00000000 (b/s 0x00000000)
 RAS[3:2] Base        : 0x00000000 (b/s 0x00000000)
 CS[2:0] Base         : 0x00000000 (b/s 0x00000000)
 CS[3] Base           : 0x00000000 (b/s 0x00000000)
 Mem Map Base         : 0x00000000 (b/s 0x00000000)
 IO Map Base          : 0x00000000 (b/s 0x00000000)
 Subsystem Vendor / D : 0x00000000 (b/s 0x00000000)
 Int Pin / Line       : 0x00000000 (b/s 0x00000000)
 Swap RAS[1:0] Base   : 0x00000000 (b/s 0x00000000)
 Swap RAS[3:2] Base   : 0x00000000 (b/s 0x00000000)
 Swap CS[3] Base      : 0x00000000 (b/s 0x00000000)


------------------ show pci controller ------------------


GT64120 Channel 1 DMA (Packet coalescing DMA channel):
 dma_list=0x66550260, dma_ring=0xB899AE0, dma_entries=256
 dma_free=0x66550544, dma_reqt=0x66550544, dma_done=0x66550544
 thread=0x66550530, thread_end=0x66550530
 backup_thread=0x0, backup_thread_end=0x0
 dma_working=0, dma_stalls=0, dma_stall_loop=0
 dma_complete=4133, post_coalesce_frames=4133
 exhausted_dma_entries=0, post_dma_callback=4085

GT64120 Rev level     : 5
GT64120 Register Dump : Registers at 0xB4000000
CPU Interface :
 cpu_interface_conf   : 0x00000000 (b/s 0x00000000)
 multi_gt             : 0x00000000 (b/s 0x00000000)
Processor Address Space :
 ras10_low            : 0x00000000 (b/s 0x00000000)
 ras10_high           : 0x7F000000 (b/s 0x0000007F)
 ras32_low            : 0x00010000 (b/s 0x00000100)
 ras32_high           : 0x7F000000 (b/s 0x0000007F)
 cs20_low             : 0x00000000 (b/s 0x00000000)
 cs20_high            : 0x00000000 (b/s 0x00000000)
 cs3_boot_low         : 0x00000000 (b/s 0x00000000)
 cs3_boot_high        : 0x00000000 (b/s 0x00000000)
 pci_io_low           : 0x00000000 (b/s 0x00000000)
 pci_io_high          : 0x00000000 (b/s 0x00000000)
 pci_mem_low          : 0x00000000 (b/s 0x00000000)
 pci_mem_high         : 0x00000000 (b/s 0x00000000)
 pci_mem1_low         : 0x00000000 (b/s 0x00000000)
 pci_mem1_high        : 0x00000000 (b/s 0x00000000)
 pci1_io_low          : 0x00000000 (b/s 0x00000000)
 pci1_io_high         : 0x00000000 (b/s 0x00000000)
 pci1_mem0_low        : 0x00000000 (b/s 0x00000000)
 pci1_mem0_high       : 0x00000000 (b/s 0x00000000)
 pci1_mem1_low        : 0x00000000 (b/s 0x00000000)
 pci1_mem1_high       : 0x00000000 (b/s 0x00000000)
 internal_spc_decode  : 0x00000000 (b/s 0x00000000)
 bus_err_low          : 0x00000000 (b/s 0x00000000)
 bus_err_high         : 0x00000000 (b/s 0x00000000)
 pci0_sync_barrier    : 0x00000000 (b/s 0x00000000)
 pci1_sync_barrier    : 0x00000000 (b/s 0x00000000)
 ras10_addr_remap     : 0x00000000 (b/s 0x00000000)
 ras32_addr_remap     : 0x00000000 (b/s 0x00000000)
 cs20_remap           : 0x00000000 (b/s 0x00000000)
 cs3_boot_remap       : 0x00000000 (b/s 0x00000000)
 pci0_io_remap        : 0x00000000 (b/s 0x00000000)
 pci0_mem0_remap      : 0x00000000 (b/s 0x00000000)
 pci0_mem1_remap      : 0x00000000 (b/s 0x00000000)
 pci1_io_remap        : 0x00000000 (b/s 0x00000000)
 pci1_mem0_remap      : 0x00000000 (b/s 0x00000000)
 pci1_mem1_remap      : 0x00000000 (b/s 0x00000000)
SDRAM/Device Address Space :
 ras0_low             : 0x00000000 (b/s 0x00000000)
 ras0_high            : 0xFF000000 (b/s 0x000000FF)
 ras1_low             : 0x7F000000 (b/s 0x0000007F)
 ras1_high            : 0x00000000 (b/s 0x00000000)
 ras2_low             : 0x00000000 (b/s 0x00000000)
 ras2_high            : 0xFF000000 (b/s 0x000000FF)
 ras3_low             : 0x7F000000 (b/s 0x0000007F)
 ras3_high            : 0x00000000 (b/s 0x00000000)
 cs0_low              : 0x00000000 (b/s 0x00000000)
 cs0_high             : 0x00000000 (b/s 0x00000000)
 cs1_low              : 0x00000000 (b/s 0x00000000)
 cs1_high             : 0x00000000 (b/s 0x00000000)
 cs2_low              : 0x00000000 (b/s 0x00000000)
 cs2_high             : 0x00000000 (b/s 0x00000000)
 cs3_low              : 0x00000000 (b/s 0x00000000)
 cs3_high             : 0x00000000 (b/s 0x00000000)
 boot_cs_low          : 0x00000000 (b/s 0x00000000)
 boot_cs_high         : 0x00000000 (b/s 0x00000000)
 addr_decode_err      : 0x00000000 (b/s 0x00000000)
 addr_decode          : 0x00000000 (b/s 0x00000000)
 dram_config          : 0x00000000 (b/s 0x00000000)
 dram_bank0_param     : 0x00000000 (b/s 0x00000000)
 dram_bank1_param     : 0x00000000 (b/s 0x00000000)
 dram_bank2_param     : 0x00000000 (b/s 0x00000000)
 dram_bank3_param     : 0x00000000 (b/s 0x00000000)
 dram_oper_mode       : 0x00000000 (b/s 0x00000000)
Device Parameters :
 device_bank0_param   : 0x00000000 (b/s 0x00000000)
 device_bank1_param   : 0x00000000 (b/s 0x00000000)
 device_bank2_param   : 0x00000000 (b/s 0x00000000)
 device_bank3_param   : 0x00000000 (b/s 0x00000000)
 boot_bank_param      : 0x00000000 (b/s 0x00000000)
DMA Channels :
 ch0_dma_count        : 0x00000000 (b/s 0x00000000)
 ch1_dma_count        : 0x00000000 (b/s 0x00000000)
 ch2_dma_count        : 0x00000000 (b/s 0x00000000)
 ch3_dma_count        : 0x00000000 (b/s 0x00000000)
 ch0_dma_src          : 0x00000000 (b/s 0x00000000)
 ch1_dma_src          : 0xA0FD8F0B (b/s 0x0B8FFDA0)
 ch2_dma_src          : 0x00000000 (b/s 0x00000000)
 ch3_dma_src          : 0x00000000 (b/s 0x00000000)
 ch0_dma_dst          : 0x00000000 (b/s 0x00000000)
 ch1_dma_dst          : 0x4A72BE0B (b/s 0x0BBE724A)
 ch2_dma_dst          : 0x00000000 (b/s 0x00000000)
 ch3_dma_dst          : 0x00000000 (b/s 0x00000000)
 ch0_next_ptr         : 0x00000000 (b/s 0x00000000)
 ch1_next_ptr         : 0x00000000 (b/s 0x00000000)
 ch2_next_ptr         : 0x00000000 (b/s 0x00000000)
 ch3_next_ptr         : 0x00000000 (b/s 0x00000000)
 ch0_current_ptr      : 0x00000000 (b/s 0x00000000)
 ch1_current_ptr      : 0x00000000 (b/s 0x00000000)
 ch2_current_ptr      : 0x00000000 (b/s 0x00000000)
 ch3_current_ptr      : 0x00000000 (b/s 0x00000000)
 ch0_ctrl             : 0x00000000 (b/s 0x00000000)
 ch1_ctrl             : 0xC01C0000 (b/s 0x00001CC0)
 ch2_ctrl             : 0x00000000 (b/s 0x00000000)
 ch3_ctrl             : 0x00000000 (b/s 0x00000000)
 arbiter_ctrl         : 0x00000000 (b/s 0x00000000)
Timer/Counters :
 ct0                  : 0x00000000 (b/s 0x00000000)
 ct1                  : 0x00000000 (b/s 0x00000000)
 ct2                  : 0x00000000 (b/s 0x00000000)
 ct3                  : 0x00000000 (b/s 0x00000000)
 counter_ctrl         : 0x00000000 (b/s 0x00000000)
PCI Internal Registers :
 pci_cmd              : 0x01800000 (b/s 0x00008001)
 pci1_cmd             : 0x00000000 (b/s 0x00000000)
 pci_timeout          : 0x00000000 (b/s 0x00000000)
 pci1_timeout         : 0x00000000 (b/s 0x00000000)
 pci_ras10_size       : 0xFF0F0000 (b/s 0x00000FFF)
 pci1_ras10_size      : 0x00000000 (b/s 0x00000000)
 pci_ras32_size       : 0xFF0F0000 (b/s 0x00000FFF)
 pci1_ras32_size      : 0x00000000 (b/s 0x00000000)
 pci_cs20_size        : 0x00000000 (b/s 0x00000000)
 pci1_cs20_size       : 0x00000000 (b/s 0x00000000)
 pci_cs3_boot_size    : 0x00000000 (b/s 0x00000000)
 pci1_cs3_boot_size   : 0x00000000 (b/s 0x00000000)
 pci0_prefetch_burst_ : 0x00000000 (b/s 0x00000000)
 pci1_prefetch_burst_ : 0x00000000 (b/s 0x00000000)
 pci0_ras10_remap     : 0x00000000 (b/s 0x00000000)
 pci1_ras10_remap     : 0x00000000 (b/s 0x00000000)
 pci0_ras32_remap     : 0x00000000 (b/s 0x00000000)
 pci1_ras32_remap     : 0x00000000 (b/s 0x00000000)
 pci0_cs20_remap      : 0x00000000 (b/s 0x00000000)
 pci1_cs20_remap      : 0x00000000 (b/s 0x00000000)
 pci0_cs3_boot_remap  : 0x00000000 (b/s 0x00000000)
 pci1_cs3_boot_remap  : 0x00000000 (b/s 0x00000000)
 pci0_swapped_ras10_r : 0x00000000 (b/s 0x00000000)
 pci1_swapped_ras10_r : 0x00000000 (b/s 0x00000000)
 pci0_swapped_ras32_r : 0x00000000 (b/s 0x00000000)
 pci1_swapped_ras32_r : 0x00000000 (b/s 0x00000000)
 pci0_swapped_cs3_boo : 0x00000000 (b/s 0x00000000)
 pci1_swapped_cs3_boo : 0x00000000 (b/s 0x00000000)
 pci0_base_addr_regs_ : 0x00000000 (b/s 0x00000000)
Interrupt Control :
 pci_int_cause        : 0x00000000 (b/s 0x00000000)
 pci_high_int_cause   : 0x00000000 (b/s 0x00000000)
 pci_cpu_mask         : 0xF00F0000 (b/s 0x00000FF0)
 pci_high_cpu_mask    : 0x00000000 (b/s 0x00000000)
 pci_pci_mask         : 0x0ED01F00 (b/s 0x001FD00E)
 pci0_high_pci_mask   : 0x00D01D00 (b/s 0x001DD000)
 pci1_int_cause_mask  : 0x00000000 (b/s 0x00000000)
 pci1_high_int_cause_ : 0x00000000 (b/s 0x00000000)
 pci_serr_mask        : 0
DEBUG:netmiko:read_channel: 
DEBUG:netmiko:read_channel: 
DEBUG:netmiko:read_channel: 
DEBUG:netmiko:read_channel: 
DEBUG:netmiko:read_channel: 
DEBUG:netmiko:read_channel: 
DEBUG:netmiko:read_channel: 
DEBUG:netmiko:read_channel: x00000000 (b/s 0x00000000)
 pci1_serr_mask       : 0x00000000 (b/s 0x00000000)
 pci0_int_select      : 0x00000000 (b/s 0x00000000)
 pci1_int_select      : 0x00000000 (b/s 0x00000000)
 cpu_int_select       : 0x00000000 (b/s 0x00000000)
ECC information :
 ecc_err_address      : 0x00000000 (b/s 0x00000000)
 ecc_err_data_high    : 0x00000000 (b/s 0x00000000)
 ecc_err_data_low     : 0x00000000 (b/s 0x00000000)
 ecc_bytes_from_mem   : 0x00000000 (b/s 0x00000000)
 ecc_calculation      : 0x00000000 (b/s 0x00000000)
 Single bit ECC count : 0

Parity detections on PCI1: 0


------------------ show service-module ------------------



------------------ show controllers t1 ------------------



------------------ show controllers e1 ------------------



------------------ show controllers j1 ------------------



------------------ show ip nbar version ------------------



NBAR software version:  6

1   base                 Mv: 2
2   ftp                  Mv: 2
3   http                 Mv: 9
4   static               Mv: 6
5   tftp                 Mv: 1
6   exchange             Mv: 1
7   vdolive              Mv: 1
8   sqlnet               Mv: 1
9   rcmd                 Mv: 1
10  netshow              Mv: 1
11  sunrpc               Mv: 2
12  streamwork           Mv: 1
13  citrix               Mv: 10
14  fasttrack            Mv: 2
15  gnutella             Mv: 4
16  kazaa2               Mv: 7
17  custom-protocols     Mv: 1
18  rtsp                 Mv: 4
19  rtp                  Mv: 5
20  mgcp                 Mv: 2
21  skinny               Mv: 1
22  h323                 Mv: 1
23  sip                  Mv: 1
24  rtcp                 Mv: 2
25  edonkey              Mv: 5
26  winmx                Mv: 3
27  bittorrent           Mv: 4
28  directconnect        Mv: 2
29  skype                Mv: 1


{<No.>}<PDLM name> Mv: <PDLM Version>, {Nv: <NBAR Software Version>; <File name>}
            {Iv: <PDLM Interdependency Name>   - <PDLM Interdependency Version>}


------------------ show webvpn session ------------------



------------------ show webvpn statistics ------------------



------------------ show webvpn statistics context ------------------



------------------ show webvpn nbns context all ------------------



------------------ show webvpn stats cifs ------------------


CIFS statistics:
  SMB related Per Context:
    TCP VC's                 : 0          UDP VC's                 : 0         
    Active VC's              : 0          Active Contexts          : 0         
    Aborted Conns            : 0         
  NetBIOS related Per Context:
    Name Queries             : 0          Name Replies             : 0         
    NB DGM Requests          : 0          NB DGM Replies           : 0         
    NB TCP Connect Fails     : 0          NB Name Resolution Fails : 0         
  SMB related Global:
    Sessions in use          : 0          Mbufs in use             : 0         
    Mbuf Chains in use       : 0          Active VC's              : 0         
    Active Contexts          : 0          Browse Errors            : 0         
    Empty Browser List       : 0          NetServEnum Errors       : 0         
    Empty Server List        : 0          NBNS Config Errors       : 0         
    NetShareEnum Errors      : 0         
  HTTP related Per Context:
    Requests                 : 0          Request Bytes RX         : 0         
    Request Packets RX       : 0          Response Bytes TX        : 0         
    Response Packets TX      : 0          Active Connections       : 0         
    Active CIFS context      : 0          Requests Dropped         : 0         
  HTTP related Global:
    Server User data         : 0          CIFS User data           : 0         
    Net Handles              : 0          Active CIFS context      : 0         
    Authentication Fails     : 0          Operations Aborted       : 0         
    Timers Expired           : 0          Pending Close            : 0         
    Net Handles Pending SMB  : 0          File Open Fails          : 0         
    Browse Network Ops       : 0          Browse Network Fails     : 0         
    Browse Domain Ops        : 0          Browse Domain Fails      : 0         
    Browse Server Ops        : 0          Browse Server Fails      : 0         
    Browse Share Ops         : 0          Browse Share Fails       : 0         
    Browse Dir Ops           : 0          Browse Network Fails     : 0         
    File Read Ops            : 0          File Read Fails          : 0         
    File Write Ops           : 0          File Write Fails         : 0         
    Folder Create Ops        : 0          Folder Create Fails      : 0         
    File Delete Ops          : 0          File Delete Fails        : 0         
    File Rename Ops          : 0          File Rename Fails        : 0         
    URL List Access OK       : 0          URL List Access Fails    : 0         


------------------ show webvpn stats sock ------------------


Socket statistics:
    Sockets in use           : 1          Sock Usr Blocks in use   : 1         
    Sock Data Buffers in use : 0          Sock Buf desc in use     : 0         
    Select timers in use     : 1          Sock Select Timeouts     : 0         
    Sock Tx Blocked          : 0          Sock Tx Unblocked        : 0         
    Sock Rx Blocked          : 0          Sock Rx Unblocked        : 0         
    Sock UDP Connects        : 0          Sock UDP Disconnects     : 0         
    Sock Premature Close     : 0          Sock Pipe Errors         : 0         
    Sock Select Timeout Errs : 0         


------------------ show voice port ------------------



------------------ show dial-peer voice ------------------



------------------ show gateway ------------------


H.323 ITU-T Version: 4.0   H323 Stack Version: 0.1 

 H.323 service is up
 This gateway  is not registered to any gatekeeper

Alias list (CLI configured) is empty
Alias list (last RCF) is empty


------------------ show call active voice ------------------

Telephony call-legs: 0
SIP call-legs: 0
H323 call-legs: 0
Call agent controlled call-legs: 0
SCCP call-legs: 0
Multicast call-legs: 0
Media call-legs: 0
Total call-legs: 0


------------------ show call history voice last 50 ------------------



------------------ show raw reclaimed ------------------



------------------ show crypto key mypubkey rsa ------------------

% Key pair was generated at: 01:03:48 UTC Mar 1 2002
Key name: CR-SW1.gns3.lab
 Storage Device: private-config
 Usage: General Purpose Key
 Key is not exportable.
 Key Data:
  30820122 300D0609 2A864886 F70D0101 01050003 82010F00 3082010A 02820101 
  00B0D8AC 75774CCE 73F2DC79 C8D4D1D9 F3969350 AF86D829 493C0D31 6E86CCEF 
  662B0560 1405BAAE 31961DF1 3F9C5AF1 8062EF3C C15A5020 9C7B69F8 04DA3DAC 
  A8D59598 83144381 D59DADFE 0550D172 97FC91E7 442007ED A3668FF7 7B3C7BB6 
  9B2AD348 60D5A385 3EB5E41C 63269477 498C82B3 1643DDE7 4000D7D4 7C4529B9 
  09EB3718 14DA7ACF 22E4DE09 5AFD5B5F 5B1E1AB7 84664112 B52ADA11 10721076 
  55973E65 47600D27 0450563E F0C5F6C6 1DDD43CC C86FF916 DEE7197B A5FF849B 
  0EDDF032 12253B9B 062F6254 5889CC9E ABD7A266 F5869799 7BBCF86C C37D009B 
  568EC7C9 40C8E0D4 B38ACE41 D5A25CDB C69D6F7C FE4D5DA6 FA80D80E 3A8281A7 
  05020301 0001
% Key pair was generated at: 01:00:19 UTC Mar 1 2002
Key name: CR-SW1.gns3.lab.server
Temporary key
 Usage: Encryption Key
 Key is not exportable.
 Key Data:
  307C300D 06092A86 4886F70D 01010105 00036B00 30680261 00D51071 AFB1465B 
  FA0D958A 955E03A4 9B1F6DD7 71C0C925 BA9A797B 1C3CC474 2A8864A0 B2AAB046 
  F15091AE 01336705 3FD40894 59473C5C CF827067 8EFBDDFD EAF639F5 359A85DE 
  3E883A3E 5993D2DF 2A8F0C03 BCD9A7BC 0D71D6D7 6C760277 23020301 0001

------------------ show buffers ------------------


Buffer elements:
     1099 in free list (1119 max allowed)
     18834 hits, 0 misses, 619 created

Public buffer pools:
Small buffers, 104 bytes (total 101, permanent 50, peak 101 @ 01:26:19):
     99 in free list (20 min, 150 max allowed)
     5890 hits, 17 misses, 0 trims, 51 created
     0 failures (0 no memory)
Middle buffers, 600 bytes (total 76, permanent 25, peak 76 @ 01:26:19):
     55 in free list (10 min, 150 max allowed)
     7610 hits, 17 misses, 0 trims, 51 created
     0 failures (0 no memory)
Big buffers, 1536 bytes (total 50, permanent 50):
     50 in free list (5 min, 150 max allowed)
     2147 hits, 0 misses, 0 trims, 0 created
     0 failures (0 no memory)
VeryBig buffers, 4520 bytes (total 10, permanent 10):
     10 in free list (0 min, 100 max allowed)
     0 hits, 0 misses, 0 trims, 0 created
     0 failures (0 no memory)
Large buffers, 5024 bytes (total 0, permanent 0):
     0 in free list (0 min, 10 max allowed)
     0 hits, 0 misses, 0 trims, 0 created
     0 failures (0 no memory)
Huge buffers, 18024 bytes (total 0, permanent 0):
     0 in free list (0 min, 4 max allowed)
     0 hits, 0 misses, 0 trims, 0 created
     0 failures (0 no memory)

Interface buffer pools:
Syslog ED Pool buffers, 600 bytes (total 150, permanent 150):
     118 in free list (150 min, 150 max allowed)
     63 hits, 0 misses
CD2430 I/O buffers, 1536 bytes (total 0, permanent 0):
     0 in free list (0 min, 0 max allowed)
     0 hits, 0 fallbacks
IPC buffers, 4096 bytes (total 2, permanent 2):
     2 in free list (1 min, 8 max allowed)
     0 hits, 0 fallbacks, 0 trims, 0 created
     0 failures (0 no memory)

Header pools:
Header buffers, 0 bytes (total 768, permanent 768):
     256 in free list (128 min, 1024 max allowed)
     512 hits, 0 misses, 0 trims, 0 created
     0 failures (0 no memory)
     512 max cache size, 512 in cache
     0 hits in cache, 0 misses in cache

Particle Clones:
     1024 clones, 0 hits, 0 misses

Public particle pools:
F/S buffers, 256 bytes (total 768, permanent 768):
     256 in free list (128 min, 1024 max allowed)
     512 hits, 0 misses, 0 trims, 0 created
     0 failures (0 no memory)
     512 m
DEBUG:netmiko:read_channel: 
DEBUG:netmiko:read_channel: 
DEBUG:netmiko:read_channel: 
DEBUG:netmiko:read_channel: 
DEBUG:netmiko:read_channel: 
DEBUG:netmiko:read_channel: 
DEBUG:netmiko:read_channel: 
DEBUG:netmiko:read_channel: ax cache size, 512 in cache
     0 hits in cache, 0 misses in cache
Normal buffers, 1548 bytes (total 768, permanent 768):
     768 in free list (128 min, 1024 max allowed)
     0 hits, 0 misses, 0 trims, 0 created
     0 failures (0 no memory)
FastEthernet1/1 buffers, 1608 bytes (total 600, permanent 600):
     0 in free list (0 min, 600 max allowed)
     600 hits, 0 misses
     600 max cache size, 524 in cache
     513 hits in cache, 0 misses in cache

Private particle pools:
bcm_stack_tag_buf_pool1 buffers, 64 bytes (total 256, permanent 256):
     0 in free list (0 min, 256 max allowed)
     256 hits, 0 misses
     256 max cache size, 256 in cache
     0 hits in cache, 0 misses in cache
bcm_stack_tag_buf_pool2 buffers, 64 bytes (total 256, permanent 256):
     0 in free list (0 min, 256 max allowed)
     256 hits, 0 misses
     256 max cache size, 256 in cache
     0 hits in cache, 0 misses in cache
IDS SM buffers, 240 bytes (total 128, permanent 128):
     0 in free list (0 min, 128 max allowed)
     128 hits, 0 fallbacks
     128 max cache size, 128 in cache
     0 hits in cache, 0 misses in cache
FastEthernet0/0 buffers, 1552 bytes (total 512, permanent 512):
     0 in free list (0 min, 512 max allowed)
     512 hits, 0 fallbacks
     512 max cache size, 256 in cache
     3971 hits in cache, 0 misses in cache
FastEthernet0/1 buffers, 1552 bytes (total 512, permanent 512):
     0 in free list (0 min, 512 max allowed)
     512 hits, 0 fallbacks
     512 max cache size, 256 in cache
     256 hits in cache, 0 misses in cache



------------------ show inventory ------------------

NAME: "3725 chassis", DESCR: "3725 chassis"
PID:                   , VID: 0.1, SN: FTX0945W0MY

NAME: "16 Port 10BaseT/100BaseTX EtherSwitch on Slot 1", DESCR: "16 Port 10BaseT/100BaseTX EtherSwitch"
PID: NM-16ESW=         , VID: 1.0, SN: 00000000000



------------------ Mempool statistics ------------------


                Head    Total(b)     Used(b)     Free(b)   Lowest(b)  Largest(b)
Processor   6613F920    90952192    24560400    66391792    65934364    65962620
      I/O    B700000     9437184     5338824     4098360     4098360     4098332

------------------ show memory summary -----------------


          Processor memory

Alloc PC        Size     Blocks      Bytes    What

0x60015BD0 0000000960 0000000001 0000000960    Check heaps
0x60015C08 0000001728 0000000001 0000001728    Check heaps
0x600162B4 0000065536 0000000004 0000262144    MallocLite
0x600162B4 0000079048 0000000001 0000079048    MallocLite
0x600162B4 0000102860 0000000001 0000102860    MallocLite
0x6001F338 0000065536 0000000001 0000065536    MallocLite
0x600265B4 0000065536 0000000001 0000065536    Memory RO RU C
0x60026A30 0000065536 0000000001 0000065536    Memory RO RU Chunks
0x60026BE4 0000065536 0000000001 0000065536    Memory RO RU Index Chunks
0x60027940 0000020000 0000000001 0000020000    Managed Chunk Queue Elements
0x60027DD4 0000000160 0000000001 0000000160    CCE dp c3pl fi
0x60027DD4 0000000164 0000000001 0000000164    CCE dp c3pl fi
0x60027DD4 0000000480 0000000001 0000000480    CCE dp c3pl fi
0x60027DD4 0000000756 0000000001 0000000756    CCE dp c3pl fi
0x60027DD4 0000006048 0000000001 0000006048    pak subblock c
0x60027DD4 0000010000 0000000001 0000010000    IPS CAT string
0x60027DD4 0000065536 0000000002 0000131072    regex
0x60028168 0000000400 0000000001 0000000400    *Init*
0x6002C590 0000000344 0000000021 0000007224    Pool Info
0x6002CC94 0000000512 0000000001 0000000512    Pool Cache
0x6002CC94 0000001024 0000000002 0000002048    Pool Cache
0x6002CC94 0000002048 0000000004 0000008192    Pool Cache
0x6002CC94 0000002400 0000000001 0000002400    Pool Cache
0x60031480 0000000040 0000000001 0000000040    *Init*
0x600A5188 0000000896 0000000001 0000000896    *In-use Packet Header*
0x600A9310 0000000340 0000000001 0000000340    IP mtrie node
0x600A9310 0000065536 0000000001 0000065536    IP mtrie node
0x600B88B8 0000000520 0000000001 0000000520    VLAN Manager
0x600B88D0 0000000520 0000000001 0000000520    VLAN Manager
0x600B88F8 0000002056 0000000001 0000002056    VLAN Manager
0x600B8920 0000002056 0000000001 0000002056    VLAN Manager
0x600BFB04 0000001256 0000000001 0000001256    Init
0x600C9980 0000000120 0000000001 0000000120    Init
0x600C99A4 0000000032 0000000001 0000000032    Init
0x600C9AA0 0000037508 0000000001 0000037508    PCMCIAFS LFN Node
0x600C9AF4 0000005000 0000000001 0000005000    PFS inode table
0x600C9B48 0000003000 0000000001 0000003000    FDNODE
0x600C9B90 0000001500 0000000001 0000001500    FDNODE
0x600C9CD8 0000000040 0000000004 0000000160    VLAN Manager
0x600C9DF4 0000000024 0000000001 0000000024    VLAN Manager
0x600CA32C 0000003564 0000000001 0000003564    (coalesced) (Free Blocks)
0x600CC9AC 0000000064 0000000004 0000000256    VLAN Manager
0x600CD3E0 0000000896 0000000001 0000000896    Empty buffer chunk
0x600CD420 0000000024 0000000001 0000000024    VLAN Manager
0x600CD420 0000000032 0000000003 0000000096    VLAN Manager
0x600CD474 0000000512 0000000002 0000001024    VLAN Manager
0x600CD474 0000002048 0000000002 0000004096    VLAN Manager
0x600CD508 0000000064 0000000070 0000004480    VLAN Manager
0x600CD520 0000000512 0000000040 0000020480    VLAN Manager
0x600CD520 0000002048 0000000030 0000061440    VLAN Manager
0x600CD59C 0000000064 0000000003 0000000192    VLAN Manager
0x600CD5B4 0000065536 0000000003 0000196608    VLAN Manager
0x600CFA24 0000000128 0000000004 0000000512    VLAN Manager
0x600D0474 0000000024 0000000004 0000000096    VLAN Manager
0x600D7018 0000000024 0000000006 0000000144    Init
0x600DD844 0000000156 0000000002 0000000312    Device Info
0x600DD860 0000000328 0000000002 0000000656    Dev: Cons Info
0x600DD87C 0000001836 0000000002 0000003672    Dev: Chip Info
0x600E4718 0000000060 0000000001 0000000060    FileSys Callback
0x600E47F4 0000000088 0000000001 0000000088    FileSys Info
0x600E4810 0000016384 0000000001 0000016384    Init
0x600E4890 0000001024 0000000001 0000001024    Init
0x600E48A4 0000001024 0000000001 0000001024    Init
0x600E48D0 0000000512 0000000001 0000000512    Init
0x600E49F0 0000008192 0000000001 0000008192    FileSys Scratch
0x600E4F8C 0000000052 0000000002 0000000104    Init
0x600F1FBC 0000000072 0000000001 0000000072    SSS switch information
0x600F200C 0000001024 0000000001 0000001024    SSS Switch Handle
0x6013F4E4 0000000064 0000000072 0000004608    Init
0x6013F4E4 0000000100 0000000003 0000000300    Init
0x6013F4E4 0000000124 0000000001 0000000124    Init
0x6013F4E4 0000000136 0000000001 0000000136    Init
0x6013F4E4 0000065536 0000000014 0000917504    MallocLite
0x6013F4E4 0000104008 0000000001 0000104008    MallocLite
0x6014BDD8 0000000120 0000000001 0000000120    Init
0x60187F90 0000009940 0000000001 0000009940    mxt5100
0x60187FC0 0000001420 0000000001 0000001420    mxt5100
0x601E4F50 0000006656 0000000001 0000006656    Init
0x601E4F68 0000013312 0000000001 0000013312    Init
0x601EB084 0000001288 0000000005 0000006440    Init
0x601FC304 0000000024 0000000076 0000001824    Init
0x601FC304 0000000040 0000000001 0000000040    Init
0x602006DC 0000000024 0000000268 0000006432    Init
0x60203ABC 0000016384 0000000001 0000016384    Init
0x60266068 0000000896 0000000001 0000000896    *In-use Packet Header*
0x6026A7AC 0000057336 0000000001 0000057336    Init
0x60276B90 0000000136 0000000002 0000000272    Init
0x60276B90 0000000156 0000000001 0000000156    SSH Process (Free Blocks)
0x6027B718 0000000024 0000000002 0000000048    *Init*
0x6027BBDC 0000000112 0000000001 0000000112    Init
0x6027BBF0 0000005120 0000000001 0000005120    Init
0x6027BC00 0000006144 0000000001 0000006144    Init
0x60288A28 0000000128 0000000001 0000000128    *Init*
0x60294770 0000000168 0000000001 0000000168    Init
0x6029F104 0000002000 0000000001 0000002000    fslib file record pool chunk
0x602D404C 0000000024 0000000001 0000000024    ISDN-t-callmib
0x602F8F78 0000000752 0000000001 0000000752    CBWFQ Module
0x60303768 0000001440 0000000001 0000001440    Init
0x60303768 0000004608 0000000001 0000004608    trunk conditioning supervisory event handler
0x60303768 0000012800 0000000001 0000012800    CCVPM_HTSP
0x60328DC4 0000000384 0000000001 0000000384    CCVPM_R2
0x603385CC 0000000096 0000000012 0000001152    CCVPM_HDSPRM
0x603603CC 0000002112 0000000001 0000002112    Init
0x60366374 0000013440 0000000001 0000013440    cd2430 stb
0x6037E434 0000000040 0000000048 0000001920    CDAPI-RtgTbl
0x6037E69C 0000000624 0000000001 0000000624    CDAPI Msg Chunk
0x6037E69C 0000065536 0000000001 0000065536    CDAPI Msg Chunk
0x603ECA50 0000000024 0000000001 0000000024    Init
0x604F6904 0000000672 0000000001 0000000672    Init
0x605035A8 0000000060 0000000150 0000009000    Init
0x60511E24 0000056000 0000000001 0000056000    Init
0x605126D4 0000000024 0000000001 0000000024    Init
0x605126F4 0000000024 0000000001 0000000024    Init
0x60525970 0000008192 0000000001 0000008192    Skinny HW conference digit event
0x60548100 0000000064 0000000001 0000000064
DEBUG:netmiko:read_channel: 
DEBUG:netmiko:read_channel: 
DEBUG:netmiko:read_channel: 
DEBUG:netmiko:read_channel: 
DEBUG:netmiko:read_channel: 
DEBUG:netmiko:read_channel: 
DEBUG:netmiko:read_channel: 
DEBUG:netmiko:read_channel:     Init
0x60548124 0000000064 0000000001 0000000064    Init
0x60548144 0000000024 0000000001 0000000024    Init
0x60548164 0000000064 0000000001 0000000064    Init
0x60548184 0000000064 0000000001 0000000064    Init
0x605481A4 0000000024 0000000001 0000000024    Init
0x605481C4 0000000064 0000000001 0000000064    Init
0x605481E4 0000000064 0000000001 0000000064    Init
0x60548204 0000000024 0000000001 0000000024    Init
0x60559800 0000000896 0000001132 0001014272    *Free Packet Header*
0x60559800 0000000924 0000000002 0000001848    *Free Packet Header*
0x60559850 0000000756 0000000150 0000113400    *Packet Data*
0x60561BC0 0000010000 0000000001 0000010000    Packet Elements Cache
0x60561BF0 0000010000 0000000001 0000010000    Packet Elements
0x60563B80 0000002904 0000000032 0000092928    *Hardware IDB*
0x60563B9C 0000001256 0000000032 0000040192    *Software IDB*
0x60564FF8 0000000024 0000000003 0000000072    Init
0x60565084 0000000024 0000000003 0000000072    Init
0x60571B1C 0000000028 0000000001 0000000028    Init
0x605750FC 0000065536 0000000001 0000065536    Buffer Display Chunks
0x605753E0 0000065536 0000000001 0000065536    Buffer RO RU Chunks
0x60575404 0000065536 0000000001 0000065536    Buffer RU Notify Chunks
0x60586484 0000065536 0000000001 0000065536    Clones
0x60586650 0000000248 0000000001 0000000248    Normal
0x60586650 0000000404 0000000002 0000000808    Normal
0x60586650 0000000604 0000000002 0000001208    IDS SM
0x60586650 0000000836 0000000001 0000000836    F/S
0x60586650 0000001116 0000000004 0000004464    bcm_stack_tag_buf_pool1
0x60586650 0000002140 0000000004 0000008560    FastEthernet0/0
0x60586650 0000002492 0000000002 0000004984    FastEthernet1/1
0x60586650 0000005000 0000000002 0000010000    Normal
0x60586650 0000008192 0000000001 0000008192    IDS SM
0x60586650 0000016384 0000000002 0000032768    bcm_stack_tag_buf_pool1
0x60586650 0000032768 0000000002 0000065536    FastEthernet0/0
0x60586650 0000038400 0000000001 0000038400    FastEthernet1/1
0x605866E4 0000000404 0000000018 0000007272    Normal
0x605866E4 0000005000 0000000018 0000090000    Normal
0x60586708 0000000248 0000000019 0000004712    Normal
0x60586708 0000000836 0000000004 0000003344    F/S
0x6058FA54 0000065536 0000000001 0000065536    IDB List Element Chunks
0x60593EF8 0000000400 0000000001 0000000400    *Init*
0x605A934C 0000000024 0000000067 0000001608    Init
0x605A94C4 0000000024 0000000011 0000000264    Init
0x605A97A8 0000000112 0000000008 0000000896    Init
0x605A97B8 0000000024 0000000008 0000000192    Init
0x605A991C 0000000024 0000000001 0000000024    Init
0x605A99AC 0000000024 0000000007 0000000168    Init
0x605ACB0C 0000000024 0000000002 0000000048    Init
0x605ACE64 0000000024 0000000002 0000000048    Init
0x605B1BB0 0000065536 0000000001 0000065536    Control-plane feature data
0x605B1CB8 0000065536 0000000002 0000131072    Control-plane 
0x605B1E0C 0000000024 0000000004 0000000096    Init
0x605B41D8 0000000024 0000000001 0000000024    Init
0x605B41D8 0000000044 0000000001 0000000044    Init
0x605B4210 0000000024 0000000001 0000000024    Init
0x605B4210 0000000076 0000000001 0000000076    Init
0x605B499C 0000000076 0000000001 0000000076    Init
0x605B499C 0000000100 0000000001 0000000100    Init
0x605B4A38 0000000040 0000000001 0000000040    Init
0x605B4A38 0000000100 0000000001 0000000100    Init
0x605BEC40 0000096000 0000000001 0000096000    Simple Trace
0x605E3154 0000000808 0000000001 0000000808    CSM data
0x606174A8 0000000128 0000000001 0000000128    MAB session handle table
0x60621FF8 0000000032 0000000001 0000000032    Init
0x60626C50 0000000172 0000000001 0000000172    Dot1x supplicant process chunk
0x60626C50 0000000240 0000000001 0000000240    Dot1x supplicant process chunk
0x60627FEC 0000000128 0000000001 0000000128    SUPP HANDLE IDs
0x6062EEA4 0000000032 0000000003 0000000096    EAP LL Context
0x6062EF08 0000000024 0000000001 0000000024    EAP LL Peer Config
0x6062F060 0000000036 0000000002 0000000072    EAP LL Auth Config
0x60630E1C 0000000128 0000000001 0000000128    EAP session handle table
0x60631A30 0000000024 0000000001 0000000024    EAP Method Context
0x60634B24 0000000064 0000000001 0000000064    EAP-MD5 session handle table
0x60693AF4 0000001500 0000000001 0000001500    DTP messages
0x606B9E2C 0000000128 0000000001 0000000128    Init
0x606BAD68 0000000288 0000000001 0000000288    Init
0x606BB16C 0000000760 0000000016 0000012160    Init
0x606BB2D0 0000008804 0000000001 0000008804    Init
0x606BB2FC 0000000896 0000000001 0000000896    *In-use Packet Header*
0x606BE2A8 0000000024 0000000014 0000000336    Init
0x606BE2A8 0000000056 0000000001 0000000056    Init
0x606BE2A8 0000000064 0000000001 0000000064    Init
0x606BE2F4 0000000024 0000000016 0000000384    Init
0x606C9660 0000001316 0000000001 0000001316    ESWILP NMs table
0x606CB640 0000000384 0000000001 0000000384    ESWILP VLAN MAC addr table
0x606CB9D4 0000002552 0000000001 0000002552    logical-tab-phy-ports
0x606D8AAC 0000000264 0000000006 0000001584    SSH Process
0x606E3E54 0000000048 0000000001 0000000048    Init
0x606F5268 0000005000 0000000001 0000005000    FEC XDR chunk
0x60735A74 0000000372 0000000001 0000000372    Init
0x6073945C 0000001024 0000000002 0000002048    AF filter
0x6073961C 0000000100 0000000006 0000000600    AF entry
0x6073A580 0000000896 0000000008 0000007168    *In-use Packet Header*
0x6073B7DC 0000000024 0000000001 0000000024    Init
0x6073B7DC 0000000060 0000000001 0000000060    Init
0x6073B7F8 0000000024 0000000002 0000000048    Init
0x6073B814 0000000024 0000000002 0000000048    Init
0x6073B8B4 0000000256 0000000008 0000002048    Init
0x6073B914 0000001536 0000000004 0000006144    Init
0x6073E714 0000000760 0000000002 0000001520    Init
0x60748664 0000000056 0000000003 0000000168    Init
0x60778368 0000001536 0000000001 0000001536    Init
0x60778E78 0000000120 0000000001 0000000120    Init
0x607E56CC 0000000184 0000000001 0000000184    L2MM
0x607EFFA0 0000000296 0000000001 0000000296    L2MM
0x607F5AE0 0000000096 0000000001 0000000096    L2MM
0x6085E71C 0000001044 0000000001 0000001044    ISDN Called Number Chunk
0x6085E71C 0000020000 0000000001 0000020000    ISDN Called Number Chunk
0x6085E74C 0000000228 0000000001 0000000228    ISDN Router Message Chunk
0x6085E74C 0000010000 0000000001 0000010000    ISDN Router Message Chunk
0x608EBBA8 0000000024 0000000001 0000000024    Init
0x608EBBC4 0000000024 0000000001 0000000024    Init
0x608EBBE0 0000000024 0000000001 0000000024    Init
0x608EBBFC 0000000024 0000000001 0000000024    Init
0x608EBC18 0000000024 0000000001 0000000024    Init
0x608EBC34 0000000024 0000000001 0000000024    Init
0x608EBC50 0000000024 0000000001 0000000024    Init
0x608EBC70 0000000024 0000000001 0000000024    Init
0x608EBC90 0000000024 0000000001 0000000024    Init
0x608EBCB0 0000000024 0000000001 0000000024    Init
0x608EBCD0 0000000024 0000000001 0000000024    Init
0x608EBCF0 0000000024 0000000001 0000000024    Init
0x608EBD10 0000000024 0000000001 0000000024    Init
0x608EBD30 0000000024 0000000001 0000000024    Init
0x608EBD50 0000000024 0000000001 0000000024    Init
0x608EBD70 0000000024 0000000001 0000000024    Init
0x608EBD90 0000000024 0000000001 0000000024    Init
0x608EBDB0 0000000028 0000000001 0000000028    Init
0x608EBDD0 0000000024 0000000001 0000000024    Init
0x608EBDF0 0000000028 0000000001 0000000028    Init
0x608EBE10 0000000024 0000000001 0000000024    Init
0x608EBE30 0000000024 0000000001 0000000024    Init
0x608EBE50 0000000024 0000000001 0000000024    Init
0x608EBE70 0000000024 0000000001 0000000024    Init
0x608EBE90 0000000024 0000000001 0000000024    Init
0x608EBEB0 0000000024 0000000001 0000000024    Init
0x608EBED0 0000000024 0000000001 0000000024    Init
0x608EBEF0 0000000028 0000000001 0000000028    Init
0x608EBF10 0000000028 0000000001 0000000028    Init
0x608EBF30 0000000028 0000000001 0000000028    Init
0x608EBF50 0000000028 0000000001 0000000028    Init
0x608EBF70 0000000028 0000000001 0000000028    Init
0x608EBF90 0000000028 0000000001 0000000028    Init
0x608EBFB0 0000000028 0000000001 0000000028    Init
0x608EBFD0 0000000028 0000000001 0000000028    Init
0x608EBFF0 0000000028 0000000001 0000000028    Init
0x608EC010 0000000028 0000000001 0000000028    Init
0x608EC030 0000000028 0000000001 0000000028    Init
0x608EC050 0000000028 0000000001 0000000028    Init
0x608EC070 0000000028 0000000001 0000000028    Init
0x608EC090 0000000028 0000000001 0000000028    Init
0x608EC0B0 0000000024 0000000001 0000000024    Init
0x608EC0D0 0000000024 0000000001 0000000024    Init
0x608EC0F0 0000000024 0000000001 0000000024    Init
0x608EC114 0000001760 0000000001 0000001760    Init
0x608EC1A0 0000000024 0000000001 0000000024    Init
0x608EC1C0 0000000040 0000000001 0000000040    Init
0x608EC224 0000000024 0000000001 0000000024    Init
0x608EC240 0000000040 0000000001 0000000040    Init
0x608EC2A0 0000000024 0000000001 0000000024    Init
0x608EC2BC 0000000040 0000000001 0000000040    Init
0x608EC304 0000000024 0000000001 0000000024    Init
0x608EC320 0000000040 0000000001 0000000040    Init
0x608EC364 0000000024 0000000001 0000000024    Init
0x608EC380 0000000040 0000000001 0000000040    Init
0x608EC3C4 0000000024 0000000001 0000000024    Init
0x608EC3E0 0000000040 0000000001 0000000040    Init
0x608EC428 0000000024 0000000001 0000000024    Init
0x608EC444 0000000040 0000000001 0000000040    Init
0x608EC488 0000000024 0000000001 0000000024    Init
0x608EC4A4 0000000040 0000000001 0000000040    Init
0x608EC4FC 0000000024 0000000001 0000000024    Init
0x608EC518 0000000040 0000000001 0000000040    Init
0x608EC560 0000000024 0000000001 0000000024    Init
0x608EC57C 0000000040 0000000001 0000000040    Init
0x608EC5C0 0000000024 0000000001 0000000024    Init
0x608EC5DC 0000000040 0000000001 0000000040    Init
0x608EC620 0000000024 0000000001 0000000024    Init
0x608EC63C 0000000040 0000000001 0000000040    Init
0x608EC680 0000000024 0000000001 0000000024    Init
0x608EC69C 0000000040 0000000001 0000000040    Init
0x608E
DEBUG:netmiko:read_channel: 
DEBUG:netmiko:read_channel: 
DEBUG:netmiko:read_channel: 
DEBUG:netmiko:read_channel: 
DEBUG:netmiko:read_channel: 
DEBUG:netmiko:read_channel: 
DEBUG:netmiko:read_channel: 
DEBUG:netmiko:read_channel: C6E0 0000000024 0000000001 0000000024    Init
0x608EC6FC 0000000040 0000000001 0000000040    Init
0x608EC754 0000000024 0000000001 0000000024    Init
0x608EC770 0000000040 0000000001 0000000040    Init
0x608EC7B8 0000000024 0000000001 0000000024    Init
0x608EC7D4 0000000040 0000000001 0000000040    Init
0x608EC818 0000000024 0000000001 0000000024    Init
0x608EC834 0000000040 0000000001 0000000040    Init
0x608EC878 0000000024 0000000001 0000000024    Init
0x608EC894 0000000040 0000000001 0000000040    Init
0x608EC8D8 0000000024 0000000001 0000000024    Init
0x608EC8F4 0000000040 0000000001 0000000040    Init
0x608EC938 0000000024 0000000001 0000000024    Init
0x608EC954 0000000040 0000000001 0000000040    Init
0x608EC9AC 0000000024 0000000001 0000000024    Init
0x608EC9C8 0000000040 0000000001 0000000040    Init
0x608ECA10 0000000024 0000000001 0000000024    Init
0x608ECA2C 0000000040 0000000001 0000000040    Init
0x608ECA74 0000000024 0000000001 0000000024    Init
0x608ECA90 0000000040 0000000001 0000000040    Init
0x608ECAD4 0000000024 0000000001 0000000024    Init
0x608ECAF0 0000000040 0000000001 0000000040    Init
0x608ECB34 0000000024 0000000001 0000000024    Init
0x608ECB50 0000000040 0000000001 0000000040    Init
0x608ECB94 0000000024 0000000001 0000000024    Init
0x608ECBB0 0000000040 0000000001 0000000040    Init
0x608ECC08 0000000024 0000000001 0000000024    Init
0x608ECC24 0000000040 0000000001 0000000040    Init
0x608ECC6C 0000000024 0000000001 0000000024    Init
0x608ECC88 0000000040 0000000001 0000000040    Init
0x608ECCCC 0000000024 0000000001 0000000024    Init
0x608ECCE8 0000000040 0000000001 0000000040    Init
0x608ECD2C 0000000024 0000000001 0000000024    Init
0x608ECD48 0000000040 0000000001 0000000040    Init
0x608ECD90 0000000024 0000000001 0000000024    Init
0x608ECDAC 0000000040 0000000001 0000000040    Init
0x608ECDF0 0000000024 0000000001 0000000024    Init
0x608ECE0C 0000000040 0000000001 0000000040    Init
0x608ECE64 0000000024 0000000001 0000000024    Init
0x608ECE80 0000000040 0000000001 0000000040    Init
0x608ECEC8 0000000024 0000000001 0000000024    Init
0x608ECEE4 0000000040 0000000001 0000000040    Init
0x608ECF28 0000000024 0000000001 0000000024    Init
0x608ECF44 0000000040 0000000001 0000000040    Init
0x608ECF88 0000000024 0000000001 0000000024    Init
0x608ECFA4 0000000040 0000000001 0000000040    Init
0x608ECFE8 0000000024 0000000001 0000000024    Init
0x608ED004 0000000040 0000000001 0000000040    Init
0x608ED048 0000000024 0000000001 0000000024    Init
0x608ED064 0000000040 0000000001 0000000040    Init
0x608ED0C0 0000000024 0000000001 0000000024    Init
0x608ED0DC 0000000040 0000000001 0000000040    Init
0x608ED124 0000000024 0000000001 0000000024    Init
0x608ED140 0000000040 0000000001 0000000040    Init
0x608ED184 0000000024 0000000001 0000000024    Init
0x608ED1A0 0000000040 0000000001 0000000040    Init
0x608ED1E4 0000000024 0000000001 0000000024    Init
0x608ED200 0000000040 0000000001 0000000040    Init
0x608ED244 0000000024 0000000001 0000000024    Init
0x608ED260 0000000040 0000000001 0000000040    Init
0x608ED2A4 0000000024 0000000001 0000000024    Init
0x608ED2C0 0000000040 0000000001 0000000040    Init
0x608ED318 0000000024 0000000001 0000000024    Init
0x608ED334 0000000040 0000000001 0000000040    Init
0x608ED37C 0000000024 0000000001 0000000024    Init
0x608ED398 0000000040 0000000001 0000000040    Init
0x608ED3DC 0000000024 0000000001 0000000024    Init
0x608ED3F8 0000000040 0000000001 0000000040    Init
0x608ED440 0000000024 0000000001 0000000024    Init
0x608ED45C 0000000040 0000000001 0000000040    Init
0x608ED4A0 0000000024 0000000001 0000000024    Init
0x608ED4BC 0000000040 0000000001 0000000040    Init
0x608ED500 0000000024 0000000001 0000000024    Init
0x608ED51C 0000000040 0000000001 0000000040    Init
0x608ED560 0000000024 0000000001 0000000024    Init
0x608ED57C 0000000040 0000000001 0000000040    Init
0x608ED5D4 0000000024 0000000001 0000000024    Init
0x608ED5F0 0000000040 0000000001 0000000040    Init
0x608ED638 0000000024 0000000001 0000000024    Init
0x608ED654 0000000040 0000000001 0000000040    Init
0x608ED698 0000000024 0000000001 0000000024    Init
0x608ED6B4 0000000040 0000000001 0000000040    Init
0x608ED6F8 0000000024 0000000001 0000000024    Init
0x608ED714 0000000040 0000000001 0000000040    Init
0x608ED758 0000000024 0000000001 0000000024    Init
0x608ED774 0000000040 0000000001 0000000040    Init
0x608ED7BC 0000000024 0000000001 0000000024    Init
0x608ED7D8 0000000040 0000000001 0000000040    Init
0x608ED830 0000000024 0000000001 0000000024    Init
0x608ED84C 0000000040 0000000001 0000000040    Init
0x608ED894 0000000024 0000000001 0000000024    Init
0x608ED8B0 0000000040 0000000001 0000000040    Init
0x608ED8F4 0000000024 0000000001 0000000024    Init
0x608ED910 0000000040 0000000001 0000000040    Init
0x608ED954 0000000024 0000000001 0000000024    Init
0x608ED970 0000000040 0000000001 0000000040    Init
0x608ED9B4 0000000024 0000000001 0000000024    Init
0x608ED9D0 0000000040 0000000001 0000000040    Init
0x608EDA14 0000000024 0000000001 0000000024    Init
0x608EDA30 0000000040 0000000001 0000000040    Init
0x608EDA88 0000000024 0000000001 0000000024    Init
0x608EDAA4 0000000040 0000000001 0000000040    Init
0x608EDB04 0000000024 0000000001 0000000024    Init
0x608EDB20 0000000040 0000000001 0000000040    Init
0x608EDB7C 0000000024 0000000001 0000000024    Init
0x608EDB98 0000000040 0000000001 0000000040    Init
0x608EDBE0 0000000024 0000000001 0000000024    Init
0x608EDBFC 0000000040 0000000001 0000000040    Init
0x608EDC40 0000000024 0000000001 0000000024    Init
0x608EDC5C 0000000040 0000000001 0000000040    Init
0x608EDCA0 0000000024 0000000001 0000000024    Init
0x608EDCBC 0000000040 0000000001 0000000040    Init
0x608EDD00 0000000024 0000000001 0000000024    Init
0x608EDD1C 0000000040 0000000001 0000000040    Init
0x608EDD60 0000000024 0000000001 0000000024    Init
0x608EDD7C 0000000040 0000000001 0000000040    Init
0x608EDDD4 0000000024 0000000001 0000000024    Init
0x608EDDF0 0000000040 0000000001 0000000040    Init
0x608EDE3C 0000000024 0000000001 0000000024    Init
0x608EDE58 0000000040 0000000001 0000000040    Init
0x608EDE9C 0000000024 0000000001 0000000024    Init
0x608EDEB4 0000000040 0000000001 0000000040    Init
0x608EDEF8 0000000024 0000000001 0000000024    Init
0x608EDF14 0000000040 0000000001 0000000040    Init
0x608EDF58 0000000024 0000000001 0000000024    Init
0x608EDF74 0000000040 0000000001 0000000040    Init
0x608EDFB8 0000000024 0000000001 0000000024    Init
0x608EDFD4 0000000040 0000000001 0000000040    Init
0x608EE018 0000000024 0000000001 0000000024    Init
0x608EE034 0000000040 0000000001 0000000040    Init
0x60910CE0 0000000304 0000000001 0000000304    TDM Clock Information
0x6091482C 0000065536 0000000001 0000065536    Mat Addr Tbl Chunk
0x60914858 0000010000 0000000001 0000010000    Mat Addr Entry Chunk
0x60914884 0000000756 0000000001 0000000756    Mat Port List Chunk
0x6091B92C 0000020000 0000000001 0000020000    Init
0x60A29CC8 0000000104 0000000001 0000000104    dspFarm Information
0x60A29D10 0000000100 0000000001 0000000100    dspfarm strings
0x60A31028 0000057600 0000000001 0000057600    VNM DSPRM MAIN
0x60A680B8 0000000644 0000000016 0000010304    Port Counter Info
0x60A68CFC 0000001200 0000000016 0000019200    Init
0x60A6CF4C 0000049792 0000000001 0000049792    Init
0x60A8A5DC 0000000376 0000004092 0001538592    SSH Process
0x60A8A5DC 0000000404 0000000001 0000000404    Init
0x60A8A5DC 0000000428 0000000001 0000000428    SSH Process
0x60A8A640 0000000024 0000000006 0000000144    Init
0x60A8D3C4 0000016384 0000000001 0000016384    Init
0x60A935D8 0000000040 0000000001 0000000040    Init
0x60A93678 0000000024 0000000016 0000000384    Init
0x60A93678 0000000032 0000000001 0000000032    Init
0x60AB0DD8 0000000096 0000000001 0000000096    Init
0x60B1A5CC 0000009564 0000000001 0000009564    Init
0x60B73E54 0000000264 0000000002 0000000528    Init
0x60B73E54 0000000272 0000000001 0000000272    Init
0x60B73E54 0000000328 0000000003 0000000984    Init
0x60B74098 0000000024 0000000004 0000000096    Init
0x60B74098 0000000028 0000000001 0000000028    Init
0x60B74098 0000000084 0000000001 0000000084    Init
0x60B740D8 0000000024 0000000006 0000000144    Init
0x60B746C8 0000000756 0000000001 0000000756    ESWILP_OIDB
0x60B748B0 0000000024 0000000001 0000000024    Init
0x60B748CC 0000000024 0000000001 0000000024    Init
0x60B841A4 0000000056 0000000002 0000000112    VLAN Manager
0x60B8A4C8 0000000076 0000000004 0000000304    VLAN Manager
0x60B8A4C8 0000000140 0000000001 0000000140    VLAN Manager
0x60B8C3F4 0000005664 0000000001 0000005664    VLAN Manager
0x60B96014 0000028668 0000000001 0000028668    (coalesced) (Free Blocks)
0x60BAF170 0000012368 0000000001 0000012368    Ext Vlan DB Init
0x60BB612C 0000000584 0000000001 0000000584    TGRM Trunk Groups Head
0x60BCCF78 0000000756 0000000001 0000000756    CRM call update events chunk
0x60BF9E0C 0000065536 0000000001 0000065536    CPU RO RU Chun
0x60BFA468 0000065536 0000000001 0000065536    CPU RO RU Chunks
0x60BFAFF8 0000000256 0000000001 0000000256    Init
0x60C0040C 0000000172 0000000007 0000001204    Process Signals
0x60C0040C 0000000200 0000000005 0000001000    Process Signals
0x60C0095C 0000003000 0000000011 0000033000    Process Stack
0x60C0095C 0000006000 0000000173 0001038000    Process Stack
0x60C0095C 0000008000 0000000004 0000032000    Process Stack
0x60C0095C 0000009000 0000000028 0000252000    Process Stack
0x60C0095C 0000012000 0000000038 0000456000    Scheduler Stack
0x60C0095C 0000024000 0000000008 0000192000    Process Stack
0x60C0095C 0000054000 0000000001 0000054000    Interrupt Stack
0x60C0095C 0000060000 0000000001 0000060000    Process Stack
0x60C01098 0000000252 0000000001 0000000252    *Init*
0x60C8B244 0000000024 0000000001 0000000024    Init
0x60C922C0 0000000024 0000000001 0000000024    Init
0x60C9C444 0000000032 0000000005 0000000160    Init
0x60C9C480 0000040560 00000
DEBUG:netmiko:read_channel: 
DEBUG:netmiko:read_channel: 
DEBUG:netmiko:read_channel: 
DEBUG:netmiko:read_channel: 
DEBUG:netmiko:read_channel: 
DEBUG:netmiko:read_channel: 
DEBUG:netmiko:read_channel: 
DEBUG:netmiko:read_channel: 00001 0000040560    Init
0x60C9E3D8 0000000600 0000000001 0000000600    Init
0x60CA945C 0000000024 0000000002 0000000048    asnl:asnlAppReg_t
0x60CA94A0 0000000024 0000000002 0000000048    presence: asnl url
0x60CDE3C0 0000065536 0000000001 0000065536    L2X Sw Sn chunk
0x60CE04A8 0000008196 0000000001 0000008196    L2TP Session ID Table
0x60CE04C0 0000000096 0000000001 0000000096    L2TP v3 L3VPN Session ID Table
0x60CE07CC 0000032768 0000000001 0000032768    L2X Sn DB entries chunk
0x60CE081C 0000016384 0000000001 0000016384    L2X Hash Table
0x60CE2354 0000005760 0000000001 0000005760    PPTP: pptp_switching_session chunk
0x60CE2628 0000062144 0000000001 0000062144    VPDN switching subblock chunks
0x60CEB84C 0000000896 0000000001 0000000896    *In-use Packet Header*
0x60D32078 0000000248 0000000001 0000000248    Init
0x60D320B0 0000000816 0000000001 0000000816    Init
0x60D65BFC 0000000256 0000000005 0000001280    Init
0x60D65EE8 0000000272 0000000001 0000000272    Init
0x60D65EE8 0000000464 0000000001 0000000464    Init
0x60D65EE8 0000000500 0000000001 0000000500    Init
0x60D65EE8 0000000524 0000000001 0000000524    Init
0x60D65EE8 0000000576 0000000001 0000000576    Init
0x60D65F18 0000000024 0000000005 0000000120    Init
0x60D79A98 0000001096 0000000001 0000001096    HTTP Process
0x60D7A3A8 0000000028 0000000001 0000000028    HTTP Process
0x60D7A510 0000000024 0000000001 0000000024    HTTP Process
0x60D7C9E8 0000000056 0000000266 0000014896    HTTP Process
0x60D7CD3C 0000000036 0000000003 0000000108    HTTP Process
0x60D8B1A4 0000000024 0000000002 0000000048    HTTP Process
0x60D8B1A4 0000000028 0000000001 0000000028    HTTP Process
0x60D8B1A4 0000000084 0000000001 0000000084    HTTP Process
0x60D8B1A4 0000000096 0000000001 0000000096    HTTP Process
0x60D960B4 0000010000 0000000001 0000010000    PPPoE BG Event Chunk
0x60D960E0 0000010000 0000000001 0000010000    PPPoE Flow Control Block Chunk
0x60D9D49C 0000032768 0000000001 0000032768    VMI L2 Event Chunk
0x60D9D540 0000020000 0000000001 0000020000    VMI L2 Control Block Chunk
0x60DA3524 0000000320 0000000001 0000000320    IPC Seat Manager
0x60DA353C 0000000320 0000000001 0000000320    IPC Seat Manager
0x60DA8F50 0000000440 0000000001 0000000440    IPC Global Info
0x60DA8F74 0000000440 0000000001 0000000440    IPC Global Cache Info
0x60DA9140 0000001500 0000000001 0000001500    IPC Split Init Func Cache
0x60DA91BC 0000000556 0000000001 0000000556    IPC Split Init level
0x60DA9250 0000020000 0000000001 0000020000    IPC port info
0x60DAC7F4 0000000844 0000000003 0000002532    IPC Port
0x60DAC814 0000000024 0000000003 0000000072    IPC Name
0x60DB14A4 0000000060 0000000001 0000000060    IPC Seat
0x60DB367C 0000065536 0000000001 0000065536    IPC Message Header Cache
0x60DB36F8 0000065536 0000000002 0000131072    IPC Message He
0x60DB3788 0000000400 0000000001 0000000400    IPC Msg Cache
0x60DB37B4 0000000136 0000000100 0000013600    IPC Message
0x60DB37F0 0000000128 0000000001 0000000128    IPC Frag Cache
0x60DB380C 0000000024 0000000032 0000000768    IPC Fragment
0x60DB4BF4 0000000044 0000000008 0000000352    IPC Thread
0x60DB4C14 0000000064 0000000001 0000000064    IPC Thread Slot
0x60DB4C14 0000000172 0000000001 0000000172    IPC Thread Slot
0x60DB4C14 0000000388 0000000006 0000002328    IPC Thread Slot
0x60DB5710 0000000024 0000000005 0000000120    IPC Name String
0x60DB9708 0000000092 0000000001 0000000092    IPC Zone
0x60DE127C 0000000024 0000000001 0000000024    workqueue_create
0x60DFED90 0000010000 0000000001 0000010000    AAA chunk
0x60E0493C 0000001024 0000000001 0000001024    AAA mlist ID table
0x60E18E38 0000000768 0000000001 0000000768    EXEC ACCT LISTS
0x60E18E80 0000009600 0000000001 0000009600    NET ACCT LISTS
0x60E18EC4 0000009600 0000000001 0000009600    SYS ACCT LISTS
0x60E22018 0000000032 0000000008 0000000256    Init
0x60E2212C 0000000024 0000000013 0000000312    Init
0x60E2DD08 0000000056 0000000017 0000000952    aisAppRecord
0x60E2DD28 0000000024 0000000017 0000000408    aisApp app name
0x60E2DD3C 0000000024 0000000001 0000000024    aisApp url
0x60E2DD3C 0000000028 0000000002 0000000056    aisApp url
0x60E2DD3C 0000000032 0000000004 0000000128    aisApp url
0x60E2DD3C 0000000036 0000000005 0000000180    aisApp url
0x60E2DD3C 0000000040 0000000003 0000000120    aisApp url
0x60E2DD3C 0000000044 0000000002 0000000088    aisApp url
0x60E44D7C 0000000028 0000000008 0000000224    ARP APP Data Client
0x60E44D7C 0000000036 0000000001 0000000036    ARP APP Data Client
0x60E44DAC 0000000024 0000000008 0000000192    Init
0x60E462B8 0000020000 0000000001 0000020000    dynamic ARP subblock
0x60E46E30 0000010000 0000000001 0000010000    ARP IDB Subblock
0x60E47790 0000002000 0000000001 0000002000    interface ARP subblock
0x60E4B4EC 0000000024 0000000005 0000000120    Init
0x60E4CCDC 0000020000 0000000001 0000020000    ARP Entry
0x60E4F86C 0000005000 0000000001 0000005000    ARP tree node
0x60E4F8B8 0000000184 0000000001 0000000184    ARP Interrupt traceback info
0x60E4F8B8 0000020000 0000000001 0000020000    ARP Interrupt traceback info
0x60E57BD4 0000008720 0000000001 0000008720    asnl: appEventInfo_t
0x60E58010 0000002400 0000000001 0000002400    asnl: asnlRegEvent_t
0x60E5A8E0 0000000024 0000000006 0000000144    Init
0x60E6B820 0000001500 0000000001 0000001500    Atalk Redist
0x60E6BCD0 0000000036 0000000002 0000000072    Init
0x60E7CD08 0000000080 0000000001 0000000080    Init
0x60E7CE1C 0000000300 0000000001 0000000300    Init
0x60E7CE54 0000000200 0000000001 0000000200    Init
0x60E81DA8 0000000176 0000000001 0000000176    Init
0x60E82578 0000000472 0000000001 0000000472    Init
0x60E82744 0000000756 0000000001 0000000756    AT GC Context Chunk
0x60E8DF88 0000005000 0000000001 0000005000    Atalk ZipNet
0x60E8DFC8 0000005100 0000000001 0000005100    AT Sockets
0x60E965B4 0000000024 0000000014 0000000336    AT Debug
0x60E9AA14 0000000024 0000000002 0000000048    Init
0x60E9AA50 0000000024 0000000001 0000000024    Init
0x60E9AA50 0000000032 0000000001 0000000032    Init
0x60E9B5F8 0000000024 0000000004 0000000096    Init
0x60E9BA10 0000000024 0000000009 0000000216    Init
0x60E9BA38 0000000024 0000000009 0000000216    Init
0x60E9BA5C 0000000024 0000000009 0000000216    Init
0x60E9BE68 0000000524 0000000002 0000001048    MacIP Symbols
0x60E9BEC0 0000000024 0000000002 0000000048    Init
0x60E9C90C 0000001024 0000000001 0000001024    MacIP Database
0x60EA8518 0000000080 0000000001 0000000080    Init
0x60EA8F20 0000001020 0000000001 0000001020    AT PPP Nodes
0x60EB01D8 0000000040 0000000001 0000000040    Init
0x60EB04CC 0000000040 0000000001 0000000040    Init
0x60ED5A10 0000057312 0000000001 0000057312    Init
0x60ED5A3C 0000003024 0000000001 0000003024    Init
0x60ED5A6C 0000014112 0000000001 0000014112    Init
0x60F27638 0000000048 0000000007 0000000336    Init
0x60F27638 0000000120 0000000001 0000000120    Init
0x60F27668 0000000024 0000000008 0000000192    Init
0x60FB85A4 0000070380 0000000001 0000070380    ATM_VV_ADD
0x60FB8604 0000000024 0000000001 0000000024    ATM_VV_ILMIDB
0x60FD2FB0 0000000024 0000000016 0000000384    *Init*
0x60FD5D98 0000020000 0000000001 0000020000    AC msg chunks
0x60FD68DC 0000001024 0000000001 0000001024    AC HANDLE IDs
0x60FE427C 0000000836 0000000001 0000000836    CEF: Adjacency chunk
0x60FE427C 0000065536 0000000001 0000065536    CEF: Adjacency chunk
0x60FE42A8 0000003000 0000000001 0000003000    CEF: Protocol adjacency chunk
0x60FE42B8 0000001024 0000000001 0000001024    Init
0x60FE4328 0000000336 0000000001 0000000336    CEF: NULL adjacency
0x60FE43D0 0000000336 0000000001 0000000336    CEF: NULL (drop) adjacency
0x60FE4478 0000000336 0000000001 0000000336    CEF: PUNT adjacency
0x60FE4514 0000000336 0000000001 0000000336    CEF: DROP adjacency
0x60FE45B8 0000000336 0000000001 0000000336    CEF: Glean adjacency
0x60FE465C 0000000336 0000000001 0000000336    CEF: Discard adjacency
0x60FE46F8 0000000336 0000000001 0000000336    DoS Punt adjacency
0x60FE47A4 0000000336 0000000001 0000000336    CEF: Default route adjacency
0x60FE9B74 0000000128 0000000002 0000000256    ALPS_PEER_FLAGS
0x60FE9BF4 0000000224 0000000002 0000000448    ALPS_CKT_FLAGS
0x60FE9C78 0000000128 0000000002 0000000256    ALPS_ASCU_FLAGS
0x6100FD98 0000001984 0000000001 0000001984    Init
0x6100FE34 0000002368 0000000001 0000002368    Init
0x6100FED8 0000003776 0000000001 0000003776    Init
0x610FA134 0000000032 0000000011 0000000352    bstun-protocol-list
0x6115E0B0 0000000280 0000000017 0000004760    Init
0x6115F2F4 0000000572 0000000004 0000002288    Init
0x6115FF68 0000000024 0000000001 0000000024    Init
0x611601C8 0000000024 0000000001 0000000024    Init
0x61167B20 0000000068 0000000013 0000000884    Init
0x6118B55C 0000002552 0000000001 0000002552    Init
0x6118FC58 0000003968 0000000001 0000003968    Init
0x6118FC84 0000000092 0000000001 0000000092    Init
0x61225528 0000000228 0000000001 0000000228    MPPE ID bits
0x612FB2D4 0000000024 0000000004 0000000096    Init
0x612FB2E8 0000000024 0000000004 0000
DEBUG:netmiko:read_channel: 
DEBUG:netmiko:read_channel: 
DEBUG:netmiko:read_channel: 
DEBUG:netmiko:read_channel: 
DEBUG:netmiko:read_channel: 
DEBUG:netmiko:read_channel: 
DEBUG:netmiko:read_channel: 
DEBUG:netmiko:read_channel: 000096    Init
0x61300EAC 0000000024 0000000001 0000000024    Init
0x61313988 0000000056 0000000003 0000000168    Init
0x61318A70 0000000024 0000000001 0000000024    Init
0x61318A80 0000000024 0000000001 0000000024    Init
0x61318B34 0000000040 0000000032 0000001280    Init
0x61318B64 0000000136 0000000032 0000004352    Init
0x61339CC4 0000000284 0000000002 0000000568    atm vcd info
0x6134FF9C 0000000216 0000000013 0000002808    CDP Protocol
0x6134FF9C 0000000248 0000000001 0000000248    CDP Protocol
0x613505DC 0000000268 0000000001 0000000268    Init
0x613507D8 0000000024 0000000001 0000000024    Init
0x61356B20 0000000248 0000000014 0000003472    CDP Protocol
0x6135850C 0000000028 0000000001 0000000028    CDP hw subblock
0x6135850C 0000000036 0000000002 0000000072    CDP hw subblock
0x6135850C 0000000040 0000000001 0000000040    CDP hw subblock
0x6135850C 0000000044 0000000001 0000000044    CDP hw subblock
0x6135850C 0000000068 0000000001 0000000068    CDP hw subblock
0x6135850C 0000000072 0000000004 0000000288    CDP hw subblock
0x6135850C 0000000076 0000000001 0000000076    CDP hw subblock
0x6135850C 0000000084 0000000005 0000000420    CDP hw subblock
0x6135850C 0000000092 0000000002 0000000184    CDP hw subblock
0x6135A490 0000000064 0000000017 0000001088    CDP sw subblock
0x6135A490 0000000100 0000000001 0000000100    CDP sw subblock
0x61364834 0000000024 0000000001 0000000024    Init
0x613648F8 0000000060 0000000001 0000000060    Init
0x61365700 0000000896 0000000002 0000001792    *In-use Packet Header*
0x613680BC 0000000104 0000000001 0000000104    chat script
0x61370740 0000000024 0000000001 0000000024    Init
0x6137131C 0000008400 0000000001 0000008400    CLNS Static PDB
0x6137212C 0000001024 0000000001 0000001024    CLNS adjacency database
0x61372B6C 0000008400 0000000001 0000008400    CLNS ESIS PDB
0x6139F7AC 0000000024 0000000001 0000000024    Init
0x613A75A0 0000000056 0000000001 0000000056    Init
0x6140DF40 0000001024 0000000001 0000001024    Init
0x61411B44 0000000184 0000000002 0000000368    AAA SG HEAD
0x61411B80 0000000024 0000000002 0000000048    AAA SG NAME
0x61414598 0000001024 0000000001 0000001024    AAA attr list handle IDs
0x61414690 0000009600 0000000001 0000009600    AAA attr list handle IDs
0x61424078 0000004096 0000000001 0000004096    AAA Unique Id Hash Table
0x6142412C 0000065536 0000000001 0000065536    AAA DB Chunk
0x6143A58C 0000000024 0000000004 0000000096    Init
0x6143A5BC 0000000096 0000000004 0000000384    Init
0x6143A634 0000000024 0000000004 0000000096    Init
0x6143F8E0 0000000032 0000000001 0000000032    Init
0x6143FB98 0000001024 0000000001 0000001024    AAA SG ID table
0x6144043C 0000000024 0000000002 0000000048    AAA nvgend sg elt
0x61440470 0000000264 0000000001 0000000264    AAA Public Server Group
0x61440470 0000000280 0000000001 0000000280    AAA Public Server Group
0x6144049C 0000000028 0000000002 0000000056    AAA Public Server Group wrapper
0x614404DC 0000000024 0000000002 0000000048    AAA pub SG servers
0x61440518 0000000024 0000000002 0000000048    AAA pub SG server stats
0x614405A4 0000000024 0000000002 0000000048    AAA pub SG wrap name
0x614405B4 0000032768 0000000001 0000032768    AAA SG ID table
0x614405EC 0000000024 0000000002 0000000048    AAA pub SG name
0x61447274 0000000024 0000000002 0000000048    AAA Secrettype
0x614472A4 0000000024 0000000002 0000000048    AAA Secrettype encrypt
0x61447314 0000000024 0000000002 0000000048    AAA_Secrettype pw
0x6144B8F0 0000009200 0000000001 0000009200    PPP ACC LISTS
0x6144B934 0000008000 0000000001 0000008000    NET AUTHOR LISTS
0x6144B96C 0000000736 0000000001 0000000736    LOGIN ACC LISTS
0x6144B9A4 0000000640 0000000001 0000000640    SHELL AUTHOR LISTS
0x6144B9F0 0000009200 0000000001 0000009200    DOT1X ACC LISTS
0x6144BA3C 0000009200 0000000001 0000009200    EOU ACC LISTS
0x6144BA84 0000000024 0000000001 0000000024    AAA PROMPT P1
0x6144BAA0 0000000024 0000000001 0000000024    AAA PROMPT U1
0x614520A4 0000000628 0000000001 0000000628    Acct system ustruct
0x6145C888 0000000024 0000000001 0000000024    Init
0x6145C9F0 0000065536 0000000001 0000065536    Extended ACL entry
0x6145CA64 0000020000 0000000001 0000020000    ACL Header
0x6145CA9C 0000020000 0000000001 0000020000    Internal IP NACL Hash Entry
0x6145CB10 0000000024 0000000002 0000000048    Init
0x6145D43C 0000002000 0000000001 0000002000    ACL Comments Chunks
0x6145D500 0000000024 0000000004 0000000096    Init
0x6145D500 0000000060 0000000002 0000000120    Init
0x6145E064 0000000024 0000000002 0000000048    Init
0x6145E0CC 0000000024 0000000003 0000000072    Init
0x614625E4 0000000024 0000000001 0000000024    Init
0x61462610 0000000040 0000000001 0000000040    Init
0x6146262C 0000000024 0000000001 0000000024    Init
0x61462658 0000000036 0000000001 0000000036    Init
0x61462790 0000000032 0000000001 0000000032    Init
0x61465DC4 0000001368 0000000001 0000001368    Connection
0x61468580 0000000024 0000000001 0000000024    Init
0x614686A0 0000000048 0000000001 0000000048    Init
0x61468700 0000000028 0000000001 0000000028    Init
0x61468780 0000000028 0000000001 0000000028    Init
0x614687D0 0000000024 0000000001 0000000024    Init
0x614688B8 0000000024 0000000001 0000000024    Init
0x61468924 0000000024 0000000001 0000000024    Init
0x61468A70 0000000100 0000000002 0000000200    Init
0x61469E3C 0000000024 0000000002 0000000048    Init
0x6147C128 0000000156 0000000001 0000000156    Ion New Block
0x6147C128 0000000176 0000000001 0000000176    Ion New Block
0x6147C548 0000000024 0000000002 0000000048    Ion Password
0x6147DAA8 0000000100 0000000001 0000000100    Init
0x61487524 0000006628 0000000001 0000006628    (coalesced) (Free Blocks)
0x61487524 0000020140 0000000001 0000020140    (coalesced) (Free Blocks)
0x61488E88 0000000512 0000000001 0000000512    Init
0x61490AFC 0000000412 0000000001 0000000412    Name info
0x614935C0 0000000308 0000000001 0000000308    Name view
0x61494194 0000000896 0000000001 0000000896    String-DB owners
0x614941C0 0000000896 0000000001 0000000896    String-DB contexts
0x614941D8 0000001024 0000000001 0000001024    String DB Hash Table
0x61494AF8 0000000496 0000000001 0000000496    SDB Owner info
0x61495024 0000000100 0000000004 0000000400    SDB String
0x614955C4 0000001500 0000000001 0000001500    String-DB entries
0x614955F0 0000001500 0000000001 0000001500    String-DB owners
0x6149561C 0000000480 0000000001 0000000480    String-DB handles
0x61495634 0000001024 0000000001 0000001024    String DB Hash Table
0x61495AB4 0000000480 0000000008 0000003840    String-DB hand
0x61495B1C 0000000896 0000000007 0000006272    String-DB entr
0x61495B48 0000000024 0000000218 0000005232    NameDB String
0x61495B48 0000000028 0000000013 0000000364    NameDB String
0x61495B48 0000000032 0000000007 0000000224    NameDB String
0x61495B48 0000000036 0000000003 0000000108    NameDB String
0x61495B48 0000000040 0000000001 0000000040    NameDB String
0x61495B48 0000000044 0000000003 0000000132    NameDB String
0x61495B48 0000000048 0000000002 0000000096    NameDB String
0x61495B48 0000000052 0000000001 0000000052    NameDB String
0x61495B48 0000000056 0000000001 0000000056    NameDB String
0x61495B48 0000000060 0000000002 0000000120    NameDB String
0x61495B48 0000000064 0000000001 0000000064    NameDB String
0x61495B48 0000000068 0000000001 0000000068    NameDB String
0x61495B48 0000000072 0000000004 0000000288    NameDB String
0x61495B48 0000000080 0000000003 0000000240    NameDB String
0x61495B48 0000000084 0000000002 0000000168    NameDB String
0x61495B48 0000000092 0000000001 0000000092    NameDB String
0x61495B48 0000000100 0000000001 0000000100    NameDB String
0x61495C08 0000000896 0000000007 0000006272    String-DB owne
0x61496064 0000000096 0000000001 0000000096    Init
0x6149AA68 0000002000 0000000002 0000004000    TTY Input Buf
0x6149AA9C 0000000512 0000000001 0000000512    TTY Output Buf
0x6149AA9C 0000001000 0000000001 0000001000    TTY Output Buf
0x6149E238 0000000420 0000000001 0000000420    SSH Process
0x6149F7B0 0000004384 0000000009 0000039456    TTY data
0x614A2334 0000000024 0000000001 0000000024    Bitfield pool
0x614A2368 0000000340 0000000001 0000000340    Bitfields
0x614A2368 0000001500 0000000001 0000001500    Bitfields
0x614A2D24 0000004008 0000000001 0000004008    TTY timers array
0x614A2D84 0000000100 0000000002 0000000200    TTY timer block
0x614A2EF8 0000000104 0000000001 0000000104    TTYBKG Timer
0x614A2EF8 0000000108 0000000001 0000000108    TTYBKG Timer
0x614A7030 0000000024 0000000013 0000000312    Init
0x614A7040 0000000024 0000000013 0000000312    Init
0x614A7050 0000000024 0000000013 0000000312    Init
0x614A7060 0000000024 0000000013 0000000312    Init
0x614A7070 0000000024 0000000013 0000000312    Init
0x614A84D8 0000000052 0000000021 0000001092    MAC ADDR subblock
0x614A84D8 0000000100 0000000003 0000000300    MAC ADDR subblock
0x614AA950 0000003000 0000000001 0000003000    keepalive sb chunk
0x614AAA4C 0000000052 0000000006 0000000312    Init
0x614AAA78 0000001792 0000000001 0000001792    Init
0x614AAA78 0000007168 0000000001 0000007168    Init
0x614AAA78 0000036000 0000000001 0000036000    Init
0x614AAA78 0000041088 0000000001 0000041088    Init
0x614AAA78 0000064000 0000000001 0000064000    Init
0x614AAA78 0000140000 0000000001 0000140000    Init
0x614AB1A4 0000000048 0000000001 0000000048    Init
0x614AB1D0 0000000048 0000000005 0000000240    Init
0x614AE10C 0000000112 0000000001 0000000112    *Init*
0x614B160C 0000000268 0000000001 0000000268    PROTO_COUNTER
0x614B160C 0000003000 0000000001 0000003000    PROTO_COUNTER
0x614B1E34 0000000080 0000000001 0000000080    SSM SH inQ interrupt chunk msgs
0x614B1E34 0000000104 0000000001 0000000104    SSM CM inQ msgs
0x614B1F3C 0000005000 0000000001 0000005000    SSM SH inQ interrupt chunk msgs
0x614B1F3C 0000032768 0000000001 0000032768    SSM CM inQ interrupt msgs
0x614B1F68 0000005000 0000000001 0000005000    SSM SH inQ chunk msgs
0x614B1F68 0000032768 0000000002 0000065536    SSM CM inQ small chunk msgs

DEBUG:netmiko:read_channel: 
DEBUG:netmiko:read_channel: 
DEBUG:netmiko:read_channel: 
DEBUG:netmiko:read_channel: 
DEBUG:netmiko:read_channel: 
DEBUG:netmiko:read_channel: 
DEBUG:netmiko:read_channel: 
DEBUG:netmiko:read_channel: 0x614B6244 0000026400 0000000001 0000026400    PM Event Pool
0x614BCCAC 0000032768 0000000001 0000032768    Parseinfo Blocks
0x614BCCDC 0000000404 0000000001 0000000404    tokenQ node
0x614BCD08 0000000480 0000000001 0000000480    Chain Cache Nodes
0x614BCD34 0000032768 0000000001 0000032768    Parse Nodes
0x614BFCCC 0000000024 0000000069 0000001656    Init
0x614BFCCC 0000000044 0000000001 0000000044    Init
0x614C2BC0 0000000720 0000000001 0000000720    Init
0x614C2E20 0000000300 0000000001 0000000300    Init
0x614C2F84 0000000040 0000000001 0000000040    Init
0x614C3154 0000000024 0000000924 0000022176    Parser Linkage
0x614C3154 0000000028 0000000003 0000000084    Parser Linkage
0x614C3154 0000000032 0000000001 0000000032    Parser Linkage
0x614C3154 0000000036 0000000001 0000000036    Parser Linkage
0x614C3154 0000000040 0000000002 0000000080    Parser Linkage
0x614C3154 0000000048 0000000005 0000000240    Parser Linkage
0x614C3154 0000000052 0000000002 0000000104    Parser Linkage
0x614C3154 0000000056 0000000001 0000000056    Parser Linkage
0x614C3154 0000000072 0000000001 0000000072    Parser Linkage
0x614C3154 0000000076 0000000002 0000000152    Parser Linkage
0x614C3154 0000000080 0000000001 0000000080    Parser Linkage
0x614C4C50 0000000056 0000000373 0000020888    Parser Mode
0x614C4C50 0000000112 0000000001 0000000112    Parser Mode
0x614C4C50 0000000124 0000000001 0000000124    Parser Mode
0x614C4CC0 0000000024 0000000366 0000008784    Parser Mode Q1
0x614C4CC0 0000000028 0000000003 0000000084    Parser Mode Q1
0x614C4CC0 0000000032 0000000001 0000000032    Parser Mode Q1
0x614C4CC0 0000000036 0000000001 0000000036    Parser Mode Q1
0x614C4CC0 0000000068 0000000001 0000000068    Parser Mode Q1
0x614C4CC0 0000000072 0000000001 0000000072    Parser Mode Q1
0x614C4CC0 0000000080 0000000002 0000000160    Parser Mode Q1
0x614C4CE4 0000000024 0000000369 0000008856    Parser Mode Q2
0x614C4CE4 0000000028 0000000003 0000000084    Parser Mode Q2
0x614C4CE4 0000000032 0000000001 0000000032    Parser Mode Q2
0x614C4CE4 0000000044 0000000001 0000000044    Parser Mode Q2
0x614C4CE4 0000000056 0000000001 0000000056    Parser Mode Q2
0x614C71A8 0000000480 0000000001 0000000480    Chain Cache No
0x614C728C 0000000480 0000000009 0000004320    Chain Cache No
0x614C728C 0000000512 0000000001 0000000512    Chain Cache No
0x614C7394 0000000480 0000000002 0000000960    Chain Cache No
0x614C927C 0000000032 0000000020 0000000640    Init
0x614C9374 0000000024 0000000004 0000000096    Init
0x614C9430 0000000024 0000000004 0000000096    Init
0x614C953C 0000000024 0000000004 0000000096    Init
0x614CB868 0000000252 0000000001 0000000252    PRC Blocks
0x614CBA0C 0000000024 0000000001 0000000024    Init
0x614D9C54 0000000032 0000000016 0000000512    Parser Alias
0x614D9C80 0000000024 0000000016 0000000384    *Init*
0x614E1920 0000007972 0000000001 0000007972    (coalesced) (Free Blocks)
0x614E3BB8 0000000024 0000000001 0000000024    Init
0x614EB178 0000000024 0000000017 0000000408    Cond Debug definition
0x614EB178 0000000096 0000000001 0000000096    Cond Debug definition
0x614EFC60 0000000084 0000000003 0000000252    GraphIt Data
0x614EFC7C 0000001316 0000000003 0000003948    GraphIt Client
0x614EFC8C 0000000024 0000000002 0000000048    Init
0x614EFC8C 0000000032 0000000001 0000000032    Init
0x614FEE08 0000000164 0000000002 0000000328    Init
0x614FEE30 0000000164 0000000002 0000000328    Init
0x614FEE58 0000000164 0000000002 0000000328    Init
0x61509BF0 0000000164 0000000001 0000000164    Init
0x61509C14 0000000164 0000000001 0000000164    Init
0x61509C38 0000000164 0000000001 0000000164    Init
0x6150BC90 0000010000 0000000001 0000010000    Init
0x6150BCBC 0000010000 0000000001 0000010000    Init
0x6150C644 0000019968 0000000001 0000019968    Init
0x6150C6CC 0000000072 0000000241 0000017352    Init
0x6150C6CC 0000000108 0000000001 0000000108    Init
0x6150C6CC 0000000140 0000000001 0000000140    Init
0x6150C6EC 0000000120 0000000001 0000000120    Init
0x6151B9C8 0000032772 0000000001 0000032772    Init
0x6153880C 0000000024 0000000003 0000000072    Init
0x61538824 0000002048 0000000003 0000006144    Init
0x6153883C 0000000128 0000000003 0000000384    Init
0x61538864 0000002048 0000000003 0000006144    Init
0x61538894 0000002048 0000000003 0000006144    Init
0x6153B800 0000000512 0000000001 0000000512    DFP Agent CB
0x615425A8 0000000328 0000000001 0000000328    dhcpc_lq_chunk
0x615425A8 0000010000 0000000001 0000010000    dhcpc_lq_chunk
0x6154EA24 0000000120 0000000003 0000000360    SWIDB_SB_DYNDNSUPD_CLIENT
0x6154EA24 0000000176 0000000004 0000000704    SWIDB_SB_DYNDNSUPD_CLIENT
0x61558294 0000013072 0000000001 0000013072    DHCPD Message Workspace
0x615582B4 0000008192 0000000001 0000008192    DHCPD Workspaces
0x6155B374 0000000276 0000000001 0000000276    DHCPD Radix Information Nodes
0x6155B374 0000001500 0000000001 0000001500    DHCPD Radix Information Nodes
0x6155B47C 0000000128 0000000001 0000000128    DHCPD Workspaces
0x6156AD08 0000001028 0000000001 0000001028    DHCPD Database Workspace
0x6158A0EC 0000065536 0000000001 0000065536    ddb counters struct
0x615A18E4 0000002492 0000000001 0000002492    dialer_ckt_swt_pool
0x615A5EE4 0000002000 0000000001 0000002000    DIALER FWD Requests
0x615AC024 0000000092 0000000001 0000000092    Init
0x615AC04C 0000000132 0000000001 0000000132    Init
0x615AD3A8 0000000040 0000000001 0000000040    CLID Group
0x615AD3CC 0000000024 0000000001 0000000024    CG:Name
0x615AD3F0 0000000032 0000000001 0000000032    CLID Entry
0x615AD410 0000000024 0000000001 0000000024    CE:Num
0x615B16C8 0000000060 0000000001 0000000060    Init
0x615B16EC 0000000024 0000000001 0000000024    Init
0x615B290C 0000000036 0000000003 0000000108    Init
0x615B4634 0000000240 0000000001 0000000240    Init
0x6163BBE4 0000000448 0000000001 0000000448    DNSquery structs
0x6163BBE4 0000010000 0000000001 0000010000    DNSquery structs
0x6163BC08 0000000348 0000000001 0000000348    DNS queries
0x6163BC08 0000032768 0000000001 0000032768    DNS queries
0x6163BC34 0000000132 0000000001 0000000132    DNS packet construction
0x6163BC34 0000000328 0000000001 0000000328    DNS packet construction
0x61641B84 0000000224 0000000001 0000000224    CCVPM_HTSP
0x616B0F74 0000065536 0000000001 0000065536    DSS Chunk
0x616B4BCC 0000000056 0000000021 0000001176    DSS-SB
0x616B4BCC 0000000100 0000000003 0000000300    DSS-SB
0x616C06B8 0000000600 0000000007 0000004200    EIGRP IIDB
0x616C0D18 0000000756 0000000001 0000000756    EIGRP peer goodbyes
0x616C0D18 0000001500 0000000001 0000001500    EIGRP suspended peers
0x616C0D18 0000003000 0000000002 0000006000    EIGRP packet descriptors
0x616C0D18 0000005000 0000000001 0000005000    EIGRP S-Comm
0x616C0D18 0000005332 0000000001 0000005332    EIGRP small output packet buffers
0x616C0D18 0000010000 0000000005 0000050000    EIGRP queue elements
0x616C0D18 0000065536 0000000001 0000065536    EIGRP large packet buffers
0x616C0E98 0000000024 0000000001 0000000024    EIGRP IIDB link
0x616C0E98 0000000036 0000000001 0000000036    EIGRP IIDB link
0x616C0E98 0000000044 0000000001 0000000044    EIGRP IIDB link
0x616C0E98 0000000084 0000000001 0000000084    EIGRP IIDB link
0x616C8D40 0000000200 0000000003 0000000600    DUAL RDB
0x616C9F60 0000030000 0000000003 0000090000    Dual Events
0x616CA02C 0000000024 0000000003 0000000072    Dual IIDB scratch table
0x616CA194 0000001500 0000000003 0000004500    EIGRP ExtData
0x616CA1BC 0000002000 0000000003 0000006000    EIGRP Work Entry
0x616CA90C 0000000232 0000000002 0000000464    Dual NDB
0x616CA90C 0000000260 0000000001 0000000260    Dual NDB
0x616F36D0 0000000144 0000000030 0000004320    Entity MIB API
0x616F36D0 0000000200 0000000003 0000000600    Entity MIB API
0x61700918 0000000024 0000000003 0000000072    Init
0x61700944 0000000040 0000000003 0000000120    Init
0x617089E8 0000000224 0000000001 0000000224    corvil CDK
0x617117A0 0000000024 0000000001 0000000024    corvil CDK
0x61721408 0000000024 0000000005 0000000120    corvil CDK
0x617285BC 0000000264 0000000018 0000004752    Init
0x6172E340 0000000024 0000000001 0000000024    EM EVENT HANDLER
0x61756418 0000000244 0000000001 0000000244    Init
0x617A5A64 0000000896 0000000032 0000028672    *In-use Packet Header*
0x617A924C 0000009056 0000000001 0000009056    EEM Policy Director
0x617ADF80 0000000040 0000000001 0000000040    Init
0x617BF2BC 0000000840 0000000020 0000016800    EEM Server
0x617BF384 0000004200 0000000020 0000084000    EEM Server
0x617BF398 0000004200 0000000020 0000084000    EEM Server
0x617C1BAC 0000000672 0000000001 0000000672    EEM Server
0x617C505C 0000000040 0000000001 0000000040    Init
0x617DD1C4 0000000040 0000000028 0000001120    Init
0x617DFB74 0000000352 0000000001 0000000352    CEF: 16 path chunk pool
0x617DFB74 0000001580 0000000001 0000001580    CEF: 1 path chunk pool
0x617DFB74 0000065536 0000000002 0000131072    CEF: 1 path chunk pool
0x617F01FC 0000001152 0000000001 0000001152    CEF: Control Block
0x617F026C 0000000032 0000000001 0000000032    Init
0x617F04B8 0000004800 0000000001 0000004800    CEF: Root-table
0x617F04D8 0000004800 0000000001 0000004800    CEF: Cblk-table
0x617F0558 0000000116 0000000001 0000000116    Init
0x617F0568 0000000116 0000000001 0000000116    Init
0x617F0578 0000000264 0000000001 0000000264    Init
0x617F0588 0000000264 0000000001 0000000264    Init
0x617F0598 0000000264 0000000001 0000000264    Init
0x617F05A4 0000000264 0000000001 0000000264    Init
0x617F0C60 0000131072 0000000001 0000131072    Init
0x617F1668 0000001024 0000000001 0000001024    Init
0x617F169C 0000002092 0000000001 0000002092    CEF: arp throttle chunk
0x617F169C 0000016000 0000000001 0000016000    CEF: arp throttle chunk
0x617F16CC 0000000772 0000000001 0000000772    CEF: loadinfo chunk
0x617F16CC 0000065536 0000000001 0000065536    CEF: loadinfo chunk
0x617F16F8 0000000132 0000000001 0000000132    CEF: walker chunk
0x617F16F8 0000000328 0000000001 0000000328    CEF: walker chunk
0x617F1780 0000000128 0000000001 0000000128 
DEBUG:netmiko:read_channel: 
DEBUG:netmiko:read_channel: 
DEBUG:netmiko:read_channel: 
DEBUG:netmiko:read_channel: 
DEBUG:netmiko:read_channel: 
DEBUG:netmiko:read_channel: 
DEBUG:netmiko:read_channel: 
DEBUG:netmiko:read_channel:    CEF: ndb
0x617F179C 0000001152 0000000001 0000001152    CEF: rdb
0x617F8338 0000000024 0000000069 0000001656    CEF: IDB namestring
0x617F8338 0000000028 0000000036 0000001008    CEF: IDB namestring
0x617F8338 0000000032 0000000001 0000000032    CEF: IDB namestring
0x617F8338 0000000036 0000000001 0000000036    CEF: IDB namestring
0x617F8338 0000000040 0000000001 0000000040    CEF: IDB namestring
0x617F85A0 0000000192 0000000022 0000004224    CEF: FIBIDB
0x617F85A0 0000000252 0000000005 0000001260    CEF: FIBIDB
0x617F9228 0000000592 0000000027 0000015984    CEF: FIBHWIDB
0x617F9420 0000004800 0000000001 0000004800    Init
0x617F9434 0000004800 0000000001 0000004800    CEF: HWIDB MAP TABLE
0x617FB0F0 0000000392 0000000001 0000000392    FIB: traceback nodes
0x617FB0F0 0000003000 0000000001 0000003000    FIB: traceback nodes
0x617FCD98 0000000228 0000000001 0000000228    CEF: RemoveReceiveHash Entries
0x617FCD98 0000000556 0000000001 0000000556    CEF: RemoveReceiveHash Entries
0x617FEC4C 0000001340 0000000001 0000001340    CEF: IPv4 Unicast RPF subblock
0x617FEC4C 0000020000 0000000001 0000020000    CEF: IPv4 Unicast RPF subblock
0x61801D40 0000001024 0000000002 0000002048    CEF: Adjacency Epoch Stats
0x618023BC 0000000024 0000000001 0000000024    FIB: event log block
0x618023EC 0000002560 0000000001 0000002560    FIB: event log data
0x61812554 0000000840 0000000001 0000000840    CEF: up event chunk
0x61812554 0000001500 0000000001 0000001500    CEF: up event chunk
0x61812580 0000000840 0000000001 0000000840    CEF: up event subblock chunk
0x61812580 0000003000 0000000001 0000003000    CEF: up event subblock chunk
0x6181691C 0000003000 0000000001 0000003000    CEF: Adj Event Chunk
0x6183A618 0000010000 0000000001 0000010000    NetFlow Template Chunks
0x6183DEF0 0000004804 0000000001 0000004804    Init
0x61846218 0000000416 0000000014 0000005824    Init
0x61879304 0000000032 0000000001 0000000032    FR LMI Root Timer
0x6187931C 0000000032 0000000001 0000000032    FR LMI Error Timer
0x61879334 0000000032 0000000001 0000000032    FR LMI IDB Timer
0x61879344 0000000032 0000000001 0000000032    FR LMI Route Timer
0x61889DA8 0000000032 0000000001 0000000032    FR Arp Init Timer
0x61890AC0 0000000032 0000000001 0000000032    FR ELMI Version Timer
0x61890AE0 0000000032 0000000001 0000000032    FR LMI QOS Timer
0x61890AF0 0000000032 0000000001 0000000032    FR LMI PVC Timer
0x61890DE0 0000000044 0000000247 0000010868    Init
0x61890DE0 0000000116 0000000001 0000000116    Init
0x61890DF8 0000000024 0000000166 0000003984    Init
0x61890DF8 0000000028 0000000049 0000001372    Init
0x61890DF8 0000000032 0000000028 0000000896    Init
0x61890DF8 0000000036 0000000004 0000000144    Init
0x61890DF8 0000000040 0000000001 0000000040    Init
0x61892094 0000000180 0000000006 0000001080    Init
0x61892410 0000000036 0000000005 0000000180    Init
0x618925A4 0000000024 0000000027 0000000648    Init
0x61892D9C 0000000320 0000000029 0000009280    Init
0x618933F0 0000000036 0000000179 0000006444    Init
0x618937B0 0000000036 0000000147 0000005292    Init
0x61893D50 0000000120 0000000003 0000000360    Init
0x61893D98 0000000036 0000000011 0000000396    Init
0x6189A06C 0000000028 0000000009 0000000252    Init
0x6189A768 0000000024 0000000017 0000000408    Init
0x6189AAE0 0000000024 0000000105 0000002520    Init
0x6189AAE0 0000000028 0000000019 0000000532    Init
0x6189AAE0 0000000032 0000000010 0000000320    Init
0x6189AAE0 0000000036 0000000001 0000000036    Init
0x6189AAE0 0000000040 0000000002 0000000080    Init
0x6189AAE0 0000000044 0000000001 0000000044    Init
0x6189ACB4 0000000024 0000000137 0000003288    Init
0x6189ACB4 0000000032 0000000001 0000000032    Init
0x6189AD30 0000000024 0000000001 0000000024    Init
0x6189AD68 0000000024 0000000001 0000000024    Init
0x6189ADA0 0000000024 0000000001 0000000024    Init
0x6189ADE0 0000000024 0000000001 0000000024    Init
0x6189AE18 0000000024 0000000001 0000000024    Init
0x6189AE54 0000000024 0000000001 0000000024    Init
0x6189AE90 0000000024 0000000001 0000000024    Init
0x6189AECC 0000000024 0000000001 0000000024    Init
0x6189AF08 0000000024 0000000001 0000000024    Init
0x6189AF44 0000000024 0000000001 0000000024    Init
0x6189AF80 0000000024 0000000001 0000000024    Init
0x6189AFBC 0000000024 0000000001 0000000024    Init
0x6189AFF8 0000000024 0000000001 0000000024    Init
0x6189B034 0000000024 0000000001 0000000024    Init
0x6189B070 0000000024 0000000001 0000000024    Init
0x6189B0AC 0000000024 0000000001 0000000024    Init
0x6189B0E8 0000000024 0000000001 0000000024    Init
0x6189B124 0000000040 0000000001 0000000040    Init
0x6189B1A0 0000000040 0000000001 0000000040    Init
0x6189B20C 0000000040 0000000001 0000000040    Init
0x6189B27C 0000000040 0000000001 0000000040    Init
0x6189B2F4 0000000040 0000000001 0000000040    Init
0x6189B364 0000000040 0000000001 0000000040    Init
0x6189B3D8 0000000040 0000000001 0000000040    Init
0x6189B450 0000000040 0000000001 0000000040    Init
0x6189B4CC 0000000040 0000000001 0000000040    Init
0x6189B548 0000000040 0000000001 0000000040    Init
0x6189B5BC 0000000040 0000000001 0000000040    Init
0x6189B634 0000000040 0000000001 0000000040    Init
0x6189B6AC 0000000040 0000000001 0000000040    Init
0x6189B720 0000000040 0000000001 0000000040    Init
0x6189B794 0000000040 0000000001 0000000040    Init
0x6189B808 0000000040 0000000001 0000000040    Init
0x6189B87C 0000000040 0000000001 0000000040    Init
0x6189B8F4 0000000040 0000000001 0000000040    Init
0x6189B968 0000000040 0000000001 0000000040    Init
0x6189B9E0 0000000040 0000000001 0000000040    Init
0x6189BA60 0000000040 0000000001 0000000040    Init
0x6189BADC 0000000040 0000000001 0000000040    Init
0x6189BB50 0000000040 0000000001 0000000040    Init
0x6189BBC4 0000000040 0000000001 0000000040    Init
0x6189BC38 0000000040 0000000001 0000000040    Init
0x6189BCB0 0000000040 0000000001 0000000040    Init
0x6189BD2C 0000000040 0000000001 0000000040    Init
0x6189BDA0 0000000040 0000000001 0000000040    Init
0x6189BE14 0000000040 0000000001 0000000040    Init
0x6189BE88 0000000040 0000000001 0000000040    Init
0x6189BF04 0000000040 0000000001 0000000040    Init
0x6189BF7C 0000000040 0000000001 0000000040    Init
0x6189BFF0 0000000040 0000000001 0000000040    Init
0x6189C05C 0000000040 0000000001 0000000040    Init
0x6189C0D4 0000000040 0000000001 0000000040    Init
0x6189C14C 0000000040 0000000001 0000000040    Init
0x6189C1C4 0000000040 0000000001 0000000040    Init
0x6189C23C 0000000040 0000000001 0000000040    Init
0x6189C2B4 0000000040 0000000001 0000000040    Init
0x6189C32C 0000000040 0000000001 0000000040    Init
0x6189C3A4 0000000040 0000000001 0000000040    Init
0x6189C41C 0000000040 0000000001 0000000040    Init
0x6189C494 0000000040 0000000001 0000000040    Init
0x6189C50C 0000000040 0000000001 0000000040    Init
0x6189C584 0000000040 0000000001 0000000040    Init
0x6189C5FC 0000000040 0000000001 0000000040    Init
0x6189C674 0000000040 0000000001 0000000040    Init
0x6189C6EC 0000000040 0000000001 0000000040    Init
0x6189C768 0000000040 0000000001 0000000040    Init
0x6189C7E8 0000000040 0000000001 0000000040    Init
0x6189C86C 0000000040 0000000001 0000000040    Init
0x6189C8EC 0000000040 0000000001 0000000040    Init
0x6189C964 0000000040 0000000001 0000000040    Init
0x6189C9E0 0000000040 0000000001 0000000040    Init
0x6189CA58 0000000040 0000000001 0000000040    Init
0x6189CAD0 0000000040 0000000001 0000000040    Init
0x6189CB50 0000000040 0000000001 0000000040    Init
0x6189CBCC 0000000040 0000000001 0000000040    Init
0x6189CC44 0000000040 0000000001 0000000040    Init
0x6189CCB8 0000000040 0000000001 0000000040    Init
0x6189CD28 0000000040 0000000001 0000000040    Init
0x6189CD9C 0000000040 0000000001 0000000040    Init
0x6189CE10 0000000040 0000000001 0000000040    Init
0x6189CE84 0000000040 0000000001 0000000040    Init
0x6189CEF8 0000000040 0000000001 0000000040    Init
0x6189CF70 0000000040 0000000001 0000000040    Init
0x6189CFE4 0000000040 0000000001 0000000040    Init
0x6189D058 0000000040 0000000001 0000000040    Init
0x6189D0CC 0000000040 0000000001 0000000040    Init
0x6189D140 0000000040 0000000001 0000000040    Init
0x6189D1B8 0000000040 0000000001 0000000040    Init
0x6189D238 0000000040 0000000001 0000000040    Init
0x6189D2B8 0000000040 0000000001 0000000040    Init
0x6189D334 0000000040 0000000001 0000000040    Init
0x6189D3B4 0000000040 0000000001 0000000040    Init
0x6189D42C 0000000040 0000000001 0000000040    Init
0x6189D4A4 0000000040 0000000001 0000000040    Init
0x6189D51C 0000000040 0000000001 0000000040    Init
0x6189D594 0000000040 0000000001 0000000040    Init
0x6189D60C 0000000040 0000000001 0000000040    Init
0x6189D680 0000000040 0000000001 0000000040    Init
0x6189D6F0 0000000040 0000000001 0000000040    Init
0x6189D764 0000000040 0000000001 0000000040    Init
0x6189D7E4 0000000040 0000000001 0000000040    Init
0x6189D854 0000000040 0000000001 0000000040    Init
0x6189D8C8 0000000040 0000000001 0000000040    Init
0x6189D93C 0000000040 0000000001 0000000040    Init
0x6189D9AC 0000000040 0000000001 0000000040    Init
0x6189DA1C 0000000040 0000000001 0000000040    Init
0x6189DA8C 0000000040 0000000001 0000000040    Init
0x6189DB08 0000000040 0000000001 0000000040    Init
0x6189DB88 0000000040 0000000001 0000000040    Init
0x6189DC00 0000000040 0000000001 0000000040    Init
0x6189DC74 0000000040 0000000001 0000000040    Init
0x6189DCE4 0000000040 0000000001 0000000040    Init
0x6189DD64 0000000040 0000000001 0000000040    Init
0x6189DDD8 0000000040 0000000001 0000000040    Init
0x6189DE4C 0000000040 0000000001 0000000040    Init
0x6189DEC4 0000000040 0000000001 0000000040    Init
0x6189DF3C 0000000040 0000000001 0000000040    Init
0x6189DFB4 0000000040 0000000001 0000000040    Init
0x6189E02C 0000000040 0000000001 0000000040    Init
0x6189E09C 0000000040 0000000001 0000000040    Init
0x6189E10C 0000000040 0000000001 0000000040    Init
0x6189E188 0000000040 0000000001 0000000040    Init
0
DEBUG:netmiko:read_channel: 
DEBUG:netmiko:read_channel: 
DEBUG:netmiko:read_channel: 
DEBUG:netmiko:read_channel: 
DEBUG:netmiko:read_channel: 
DEBUG:netmiko:read_channel: 
DEBUG:netmiko:read_channel: 
DEBUG:netmiko:read_channel: x6189E200 0000000040 0000000001 0000000040    Init
0x6189E278 0000000040 0000000001 0000000040    Init
0x6189E2F0 0000000040 0000000001 0000000040    Init
0x6189E364 0000000040 0000000001 0000000040    Init
0x6189E3D8 0000000040 0000000001 0000000040    Init
0x6189E44C 0000000040 0000000001 0000000040    Init
0x6189E4C0 0000000040 0000000001 0000000040    Init
0x6189E538 0000000040 0000000001 0000000040    Init
0x6189E5A4 0000000040 0000000001 0000000040    Init
0x6189E620 0000000040 0000000001 0000000040    Init
0x6189E698 0000000040 0000000001 0000000040    Init
0x6189E710 0000000040 0000000001 0000000040    Init
0x6189E788 0000000040 0000000001 0000000040    Init
0x6189E800 0000000040 0000000001 0000000040    Init
0x6189E87C 0000000040 0000000001 0000000040    Init
0x6189E8F0 0000000040 0000000001 0000000040    Init
0x6189E964 0000000040 0000000001 0000000040    Init
0x6189E9D8 0000000040 0000000001 0000000040    Init
0x6189EA48 0000000040 0000000001 0000000040    Init
0x6189EABC 0000000040 0000000001 0000000040    Init
0x6189EB30 0000000040 0000000001 0000000040    Init
0x6189EBA4 0000000040 0000000001 0000000040    Init
0x6189EC14 0000000040 0000000001 0000000040    Init
0x6189EC88 0000000040 0000000001 0000000040    Init
0x6189ECF8 0000000040 0000000001 0000000040    Init
0x6189ED68 0000000040 0000000001 0000000040    Init
0x6189EDD8 0000000040 0000000001 0000000040    Init
0x6189EE48 0000000040 0000000001 0000000040    Init
0x6189EEB8 0000000040 0000000001 0000000040    Init
0x6189EF28 0000000040 0000000001 0000000040    Init
0x6189EF98 0000000040 0000000001 0000000040    Init
0x6189F008 0000000040 0000000001 0000000040    Init
0x6189F080 0000000040 0000000001 0000000040    Init
0x618A6AB4 0000000092 0000000003 0000000276    flow_exp_option_st
0x618B2288 0000000032 0000000001 0000000032    FR Fragmentation timer
0x618B2BA8 0000000484 0000000001 0000000484    Init
0x618D20D4 0000000896 0000000001 0000000896    *In-use Packet Header*
0x618F8BE4 0000000032 0000000001 0000000032    FR Diag Parent Timer
0x61904930 0000000032 0000000001 0000000032    FR Tunnel Master Timer
0x61923618 0000000032 0000000001 0000000032    Init
0x6196C240 0000098304 0000000001 0000098304    Init
0x61981AA8 0000000096 0000000023 0000002208    Init
0x61981AA8 0000000100 0000000003 0000000300    Init
0x61981ADC 0000000048 0000000022 0000001056    Init
0x61981ADC 0000000100 0000000003 0000000300    Init
0x61981ADC 0000000104 0000000001 0000000104    Init
0x61981B30 0000000040 0000000002 0000000080    Init
0x619DAD18 0000013312 0000000001 0000013312    Init
0x619E6550 0000000056 0000000005 0000000280    ivr: hdata
0x619E6574 0000000024 0000000005 0000000120    ivr: hdata start_of_data
0x619E65A8 0000000024 0000000005 0000000120    ivr: hdata hdr
0x619E65BC 0000000024 0000000005 0000000120    ivr: hdata body
0x619EABC0 0000008192 0000000001 0000008192    Init
0x619EDB18 0000000064 0000000001 0000000064    HTTP
0x619EE664 0000000064 0000000001 0000000064    HTTP
0x619EF048 0000000040 0000000002 0000000080    HTTP
0x619EF048 0000000044 0000000017 0000000748    HTTP
0x619EF048 0000000048 0000000002 0000000096    HTTP
0x619EF048 0000000052 0000000016 0000000832    HTTP
0x619EF358 0000000024 0000000036 0000000864    HTTP
0x619EF358 0000000028 0000000001 0000000028    HTTP
0x619F1054 0000000036 0000000003 0000000108    HTTP
0x619F7FD8 0000000056 0000000005 0000000280    HTTP
0x619FE990 0000000576 0000000001 0000000576    HTTP
0x61A04DB8 0000004096 0000000001 0000004096    HTTP
0x61A04DE8 0000005000 0000000001 0000005000    HTTP_SMALL_CHUNK
0x61A0A42C 0000000084 0000000012 0000001008    HTTP
0x61A0A42C 0000000100 0000000002 0000000200    HTTP
0x61A24804 0000000056 0000000024 0000001344    SNMP IDB
0x61A24804 0000000100 0000000003 0000000300    SNMP IDB
0x61A24A4C 0000000064 0000000024 0000001536    IfMib Element
0x61A24A4C 0000000100 0000000003 0000000300    IfMib Element
0x61A24FF0 0000000024 0000000035 0000000840    Init
0x61A24FF0 0000000076 0000000001 0000000076    Init
0x61A25008 0000000024 0000000036 0000000864    Init
0x61A289F0 0000000024 0000000001 0000000024    Init
0x61A28C20 0000000036 0000000005 0000000180    Init
0x61A28C20 0000000040 0000000001 0000000040    Init
0x61A28C20 0000000044 0000000018 0000000792    Init
0x61A28C20 0000000100 0000000002 0000000200    Init
0x61A28C20 0000000108 0000000001 0000000108    Init
0x61A294EC 0000000024 0000000025 0000000600    IFINDEX hw subblock
0x61A2C308 0000000040 0000000020 0000000800    Init
0x61A2C330 0000000044 0000000020 0000000880    Init
0x61A2D8D4 0000005000 0000000001 0000005000    File Descriptors
0x61A2DBCC 0000358608 0000000001 0000358608    (coalesced) (Free Blocks)
0x61A2E520 0000000028 0000000006 0000000168    Init
0x61A33BB4 0000010000 0000000001 0000010000    Pathents for parsing
0x61A33BE0 0000010000 0000000001 0000010000    TTY Pathents for parsing
0x61A34CF0 0000001368 0000000001 0000001368    Init
0x61A37FEC 0000000028 0000000003 0000000084    Init
0x61A3AC18 0000000320 0000000001 0000000320    (coalesced) (Free Blocks)
0x61A3E980 0000000360 0000000001 0000000360    Init
0x61A441C8 0000000400 0000000001 0000000400    SSH Process (Free Blocks)
0x61A6D078 0000000024 0000000001 0000000024    Init
0x61A71800 0000000024 0000000003 0000000072    Init
0x61A71850 0000000024 0000000003 0000000072    Init
0x61A7C87C 0000001500 0000000001 0000001500    Syslogd Messages chunk
0x61A853D4 0000005000 0000000001 0000005000    IP Addresses
0x61A8D248 0000003000 0000000001 0000003000    IPAD DIT chunks
0x61AAF0E4 0000000076 0000000013 0000000988    Init
0x61AAF8E0 0000000076 0000000003 0000000228    Init
0x61AB84C8 0000020000 0000000001 0000020000    IP ARP Adjacency Subblock
0x61ABA4AC 0000003000 0000000001 0000003000    IP ARP Retry Tree
0x61ACCFCC 0000000084 0000000001 0000000084    ippeerinfo
0x61AD275C 0000005000 0000000001 0000005000    ip localpool
0x61ADDBE0 0000010000 0000000001 0000010000    IPTRACE probe chunks
0x61AE8448 0000000036 0000000001 0000000036    Init
0x61AEF0A4 0000000024 0000000001 0000000024    IP-EIGRP SOCK
0x61AEF0A4 0000000044 0000000002 0000000088    IP-EIGRP SOCK
0x61AFAE10 0000000024 0000000001 0000000024    IP-EIGRP netlist
0x61AFAE58 0000000024 0000000001 0000000024    IP-EIGRP netlist
0x61AFD9A4 0000000120 0000000003 0000000360    IP-PDB Proto
0x61AFD9E0 0000003128 0000000003 0000009384    IP-EIGRP DDB
0x61AFE2B0 0000008064 0000000003 0000024192    IP PDB
0x61B05180 0000000024 0000000001 0000000024    Init
0x61B0635C 0000000756 0000000001 0000000756    IP Cache Info Chunk
0x61B06434 0000005000 0000000001 0000005000    IP cache bitfield chunk
0x61B0644C 0000000152 0000000001 0000000152    Init
0x61B0645C 0000000152 0000000001 0000000152    Init
0x61B2B638 0000000480 0000000001 0000000480    Multicast VIF - BindQ
0x61B4BF00 0000000024 0000000001 0000000024    Init
0x61B706DC 0000000064 0000000001 0000000064    Init
0x61B93424 0000003000 0000000001 0000003000    Mobile IPAD DIT chunks
0x61BDC018 0000082448 0000000001 0000082448    Init
0x61C07170 0000000040 0000000003 0000000120    Init
0x61C071B4 0000000640 0000000001 0000000640    Init
0x61C071B4 0000004800 0000000001 0000004800    Init
0x61C071B4 0000012000 0000000001 0000012000    Init
0x61C4CA84 0000000032 0000000001 0000000032    Internal IP ACL User
0x61CE3F78 0000000064 0000000024 0000001536    IDB: IP Routing
0x61CE3F78 0000000100 0000000003 0000000300    IDB: IP Routing
0x61CE4728 0000065536 0000000001 0000065536    IP RDB Chunk
0x61CE5568 0000033224 0000000001 0000033224    IP: Control Block
0x61CE557C 0000000028 0000000001 0000000028    Init
0x61CE57B8 0000065536 0000000001 0000065536    IP single NDB entry
0x61CE57E4 0000065536 0000000001 0000065536    IP subnet NDB entry
0x61CE5810 0000020000 0000000001 0000020000    NET REDIST
0x61CE5834 0000004800 0000000001 0000004800    IP: Cblk-table
0x61CE58D0 0000008064 0000000001 0000008064    IP PDB
0x61D032C8 0000000024 0000000013 0000000312    Init
0x61D07658 0000000100 0000000001 0000000100    Init
0x61D0C1D0 0000065536 0000000001 0000065536    IP Static Route Chunk
0x61D0C234 0000000256 0000000001 0000000256    Init
0x61D0C250 0000000256 0000000001 0000000256    Init
0x61D0C2DC 0000008064 0000000001 0000008064    IP PDB
0x61D0E810 0000000024 0000000008 0000000192    Init
0x61D0E810 0000000028 0000000002 0000000056    Init
0x61D0E810 0000000032 0000000001 0000000032    Init
0x61D0E810 0000000040 0000000001 0000000040    Init
0x61D0E810 0000000044 0000000001 0000000044    Init
0x61D0E810 0000000060 0000000003 0000000180    Init
0x61D0E810 0000000064 0000000001 0000000064    Init
0x61D0E810 0000000068 0000000001 0000000068    Init
0x61D0E810 0000000092 0000000002 0000000184    Init
0x61D0E810 0000000096 0000000001 0000000096    Init
0x61D18D3C 0000000052 0000000001 0000000052    Init
0x61D18D90 0000020000 0000000001 0000020000    IP Prefixlist Info Chunks
0x61D18DC0 0000010000 0000000001 0000010000    IP Prefixlist Seq Chunks
0x61D19058 0000000084 0000000001 0000000084    Init
0x61D19070 0000000024 0000000001 0000000024    Init
0x61D19078 0000000068 0000000001 0000000068    Init
0x61D1BC50 0000000056 0000000011 0000000616    Init
0x61D1BC70 0000000024 0000000006 0000000144    Init
0x61D1BC70 0000000028 0000000001 0000000028    Init
0x61D1BC70 0000000048 0000000001 0000000048    Init
0x61D1BC70 0000000064 0000000001 0000000064    Init
0x61D1BC70 0000000076 0000000001 0000000076    Init
0x61D1BC70 0000000088 0000000001 0000000088    Init
0x61D1BDCC 0000000368 0000000024 0000008832    Init
0x61D1CBCC 0000000024 0000000001 0000000024    Init
0x61D26FF8 0000004800 0000000001 0000004800    Init
0x61D27030 0000000152 0000000001 0000000152    Init
0x61D299DC 0000000032 0000000001 0000000032    Init
0x61D44544 0000000144 0000000003 0000000432    URL filter proc
0x61D44544 0000000160 0000000001 0000000160    TPLUS
0x61D44544 0000000200 0000000001 0000000200    DHCPD Receive
0x61D445C8 0000000512 0000000004 0000002048    http client process
0x61D445C8 0000000560 0000000001 0000000560    DHCPD Receive
0x61D44600 000000
DEBUG:netmiko:read_channel: 
DEBUG:netmiko:read_channel: 
DEBUG:netmiko:read_channel: 
DEBUG:netmiko:read_channel: 
DEBUG:netmiko:read_channel: 
DEBUG:netmiko:read_channel: 
DEBUG:netmiko:read_channel: 
DEBUG:netmiko:read_channel: 0128 0000000003 0000000384    URL filter proc
0x61D47174 0000000200 0000000001 0000000200    DHCPD Receive
0x61D6C4AC 0000000248 0000000004 0000000992    Router Init
0x61D75D30 0000000896 0000000019 0000017024    *In-use Packet Header*
0x61D79854 0000001320 0000000001 0000001320    TCP CB
0x61D924D8 0000001176 0000000001 0000001176    IPX IDB
0x61D99920 0000000028 0000000001 0000000028    NOV HW Subblock
0x61D999FC 0000000320 0000000001 0000000320    SWIDB_SB: NOVELL
0x61DC2170 0000000028 0000000001 0000000028    Init
0x61DC6B6C 0000004096 0000000001 0000004096    IPX FS Cache
0x61E0643C 0000000168 0000000002 0000000336    Init
0x61E08C70 0000000432 0000000002 0000000864    Init
0x61E1C128 0000000068 0000000001 0000000068    Init
0x61E1C510 0000000248 0000000002 0000000496    Init
0x61E2D7EC 0000080160 0000000001 0000080160    MIPV6 BCE Chunk
0x61E38A84 0000000152 0000000004 0000000608    IPv6 CEF not-sw cnt
0x61E3959C 0000000644 0000000001 0000000644    ipv6 fib fibtypes
0x61E3959C 0000020000 0000000001 0000020000    ipv6 fib fibtypes
0x61E3A3EC 0000000592 0000000001 0000000592    ipv6 fib paths
0x61E3A3EC 0000010000 0000000001 0000010000    ipv6 fib paths
0x61E3C1AC 0000000756 0000000001 0000000756    ipv6 fib path lists
0x61E3C1AC 0000010000 0000000001 0000010000    ipv6 fib path lists
0x61E3F1D4 0000003072 0000000001 0000003072    Init
0x61E3F234 0000001292 0000000001 0000001292    ipv6fib nd throttle chunk
0x61E3F234 0000014400 0000000001 0000014400    ipv6fib nd throttle chunk
0x61E60240 0000001500 0000000001 0000001500    RIPv6 paths
0x61E60270 0000005000 0000000001 0000005000    RIPv6 routes
0x61EC4C20 0000000024 0000000027 0000000648    Init
0x61EC4E00 0000000212 0000000001 0000000212    Init
0x61FA75A8 0000000024 0000000045 0000001080    Init
0x61FAB1A4 0000001600 0000000012 0000019200    ivr: DataArray
0x61FAC4DC 0000000800 0000000005 0000004000    ivr: DataList
0x61FACC68 0000000024 0000000285 0000006840    IVR: pWrapper
0x61FACC68 0000000032 0000000001 0000000032    IVR: pWrapper
0x61FACC68 0000000048 0000000001 0000000048    IVR: pWrapper
0x61FACC68 0000000076 0000000001 0000000076    IVR: pWrapper
0x61FACC68 0000000092 0000000002 0000000184    IVR: pWrapper
0x61FAD208 0000000400 0000000003 0000001200    ivr: DataInteger
0x61FAD788 0000000400 0000000001 0000000400    ivr: DataBoolean
0x61FADCEC 0000000400 0000000017 0000006800    ivr: DataString
0x61FADD1C 0000000024 0000000328 0000007872    ivr: data_value
0x61FADD1C 0000000052 0000000001 0000000052    ivr: data_value
0x61FADD1C 0000000084 0000000001 0000000084    ivr: data_value
0x61FB23EC 0000000560 0000000005 0000002800    ivr: ParamRegistr
0x61FB2524 0000000024 0000000003 0000000072    ivr: param_descr
0x61FB2524 0000000028 0000000033 0000000924    ivr: param_descr
0x61FB2524 0000000032 0000000004 0000000128    ivr: param_descr
0x61FB2524 0000000036 0000000005 0000000180    ivr: param_descr
0x61FB2524 0000000040 0000000011 0000000440    ivr: param_descr
0x61FB2524 0000000048 0000000005 0000000240    ivr: param_descr
0x61FB2524 0000000052 0000000013 0000000676    ivr: param_descr
0x61FB2524 0000000064 0000000002 0000000128    ivr: param_descr
0x61FB2524 0000000068 0000000002 0000000136    ivr: param_descr
0x61FB2524 0000000080 0000000001 0000000080    ivr: param_descr
0x61FB2524 0000000088 0000000003 0000000264    ivr: param_descr
0x61FB2524 0000000092 0000000001 0000000092    ivr: param_descr
0x61FB2524 0000000096 0000000002 0000000192    ivr: param_descr
0x61FB2524 0000000100 0000000013 0000001300    ivr: param_descr
0x61FB2524 0000000116 0000000001 0000000116    ivr: param_descr
0x61FB4060 0000001040 0000000002 0000002080    ivr: ProcManager
0x61FB4098 0000000024 0000000034 0000000816    IVR: ProcManager Name
0x61FB40B0 0000000032 0000000034 0000001088    IVR: ProcManager Description
0x61FBF960 0000004640 0000000003 0000013920    ivr: ExecEnv
0x61FC3ADC 0000000024 0000000041 0000000984    IVR: Script Name
0x61FC3AF4 0000000024 0000000016 0000000384    IVR: Script Description
0x61FC3AF4 0000000028 0000000011 0000000308    IVR: Script Description
0x61FC3AF4 0000000032 0000000004 0000000128    IVR: Script Description
0x61FC3AF4 0000000036 0000000005 0000000180    IVR: Script Description
0x61FC3AF4 0000000040 0000000003 0000000120    IVR: Script Description
0x61FC3AF4 0000000044 0000000002 0000000088    IVR: Script Description
0x61FC3B10 0000000024 0000000016 0000000384    IVR: Script URL
0x61FC3B10 0000000028 0000000011 0000000308    IVR: Script URL
0x61FC3B10 0000000032 0000000004 0000000128    IVR: Script URL
0x61FC3B10 0000000036 0000000005 0000000180    IVR: Script URL
0x61FC3B10 0000000040 0000000003 0000000120    IVR: Script URL
0x61FC3B10 0000000044 0000000002 0000000088    IVR: Script URL
0x61FC3CC4 0000000024 0000000041 0000000984    IVR: Script Name
0x61FC3CDC 0000000024 0000000016 0000000384    IVR: Script Description
0x61FC3CDC 0000000028 0000000011 0000000308    IVR: Script Description
0x61FC3CDC 0000000032 0000000004 0000000128    IVR: Script Description
0x61FC3CDC 0000000036 0000000005 0000000180    IVR: Script Description
0x61FC3CDC 0000000040 0000000003 0000000120    IVR: Script Description
0x61FC3CDC 0000000044 0000000002 0000000088    IVR: Script Description
0x61FC3D1C 0000000024 0000000016 0000000384    IVR: Script URL
0x61FC3D1C 0000000028 0000000011 0000000308    IVR: Script URL
0x61FC3D1C 0000000032 0000000004 0000000128    IVR: Script URL
0x61FC3D1C 0000000036 0000000005 0000000180    IVR: Script URL
0x61FC3D1C 0000000040 0000000003 0000000120    IVR: Script URL
0x61FC3D1C 0000000044 0000000002 0000000088    IVR: Script URL
0x61FC5B5C 0000003680 0000000002 0000007360    ivr: Service
0x61FC6FD8 0000002720 0000000003 0000008160    ivr: Package
0x61FF7230 0000000024 0000000024 0000000576    ivr: GlobalPackage
0x61FF7284 0000000024 0000000024 0000000576    ivr: GlobalPkgAvail
0x61FF72B8 0000000024 0000000024 0000000576    ivr: TclPkgAvail->version
0x61FF72CC 0000000024 0000000015 0000000360    ivr: TclPkgAvail->scriptUrl
0x61FF72CC 0000000028 0000000009 0000000252    ivr: TclPkgAvail->scriptUrl
0x61FF87F4 0000000720 0000000018 0000012960    ivr: PackTable
0x61FF88E8 0000000024 0000000335 0000008040    ivr: version
0x61FF88E8 0000000056 0000000001 0000000056    ivr: version
0x61FF88E8 0000000084 0000000002 0000000168    ivr: version
0x61FF88E8 0000000096 0000000001 0000000096    ivr: version
0x6200C034 0000002080 0000000001 0000002080    ivr: FSM
0x6200CAFC 0000000320 0000000012 0000003840    AFW_FSM_AddTransitions
0x6200CBD8 0000000024 0000000149 0000003576    AFW_FSM_AddTransitions
0x6200CBD8 0000000028 0000000001 0000000028    AFW_FSM_AddTransitions
0x6200CBD8 0000000032 0000000001 0000000032    AFW_FSM_AddTransitions
0x6200CBD8 0000000036 0000000001 0000000036    AFW_FSM_AddTransitions
0x6200CBD8 0000000040 0000000001 0000000040    AFW_FSM_AddTransitions
0x6200CBD8 0000000056 0000000001 0000000056    AFW_FSM_AddTransitions
0x6200CBD8 0000000072 0000000001 0000000072    AFW_FSM_AddTransitions
0x6200CBD8 0000000080 0000000001 0000000080    AFW_FSM_AddTransitions
0x62022024 0000007360 0000000003 0000022080    ivr: TclModule
0x62034000 0000000024 0000000001 0000000024    asnl:asnlAppReg_t
0x62034040 0000000024 0000000001 0000000024    ivr: subInfo->appName
0x62039818 0000000024 0000000002 0000000048    asnl:asnlAppReg_t
0x6203986C 0000000024 0000000002 0000000048    Init
0x6212331C 0000000480 0000000001 0000000480    LLC CB
0x6212FEDC 0000001024 0000000001 0000001024    Init
0x6213F560 0000000416 0000000005 0000002080    ivr: mediaContent
0x6213F744 0000000024 0000000005 0000000120    ivr: mediaContent name
0x62140134 0000000024 0000000005 0000000120    Init
0x62141490 0000000024 0000000005 0000000120    ivr: mediaContent url
0x62151608 0000003280 0000000001 0000003280    ivr: msw_genericStream_t
0x6215165C 0000000080 0000000001 0000000080    ivr: msw_rtsp_stream_t
0x62151690 0000000080 0000000001 0000000080    ivr: msw_mrcp_stream_t
0x621C1744 0000000572 0000000001 0000000572    Init
0x621C1778 0000001792 0000000001 0000001792    Init
0x621C17B4 0000000800 0000000001 0000000800    Init
0x621C5FE8 0000000024 0000000001 0000000024    Data Train
0x621C60D0 0000001024 0000000001 0000001024    Init
0x621CBF68 0000005000 0000000001 0000005000    MPC LEC msg chunks
0x621CBFAC 0000032768 0000000001 0000032768    MPC LEC msg backup chunks
0x6220E314 0000010000 0000000001 0000010000    LSPV parser pool
0x6220E344 0000032768 0000000001 0000032768    LSPV results pool
0x6220E36C 0000000176 0000000001 0000000176    LSPV event pool
0x6220E398 0000000404 0000000001 0000000404    LSPV parser tt status pool
0x6220E3C4 0000065536 0000000001 0000065536    LSPV parser tt path pool
0x62237BD4 0000000080 0000000023 0000001840    SWIDB_SB: NETBIOS Info
0x62237BD4 0000000100 0000000001 0000000100    SWIDB_SB: NETBIOS Info
0x62237BD4 0000000136 0000000001 0000000136    SWIDB_SB: NETBIOS Info
0x6223A3FC 0000000080 0000000001 0000000080    SWIDB_SB: NETBIOS Info
0x62275AA0 0000001500 0000000001 0000001500    NTP Chunk
0x6227B1EC 0000000040 0000000001 0000000040    NTP refclock vectors
0x6227FC80 0000000456 0000000001 0000000456    (coalesced) (Free Blocks)
0x622851CC 0000001584 0000000001 0000001584    Init
0x62288098 0000008064 0000000001 0000008064    Init
0x622880F8 0000003936 0000000001 0000003936    Init
0x62288244 0000000044 0000000001 0000000044    Init
0x622882B8 0000000024 0000000001 0000000024    Init
0x622882CC 0000000024 0000000001 0000000024    Init
0x622882EC 0000000024 0000000001 0000000024    Init
0x622882FC 0000000024 0000000001 0000000024    Init
0x6228830C 0000000024 0000000001 0000000024    Init
0x62288778 0000000024 0000000001 0000000024    Init
0x622889D4 0000032768 0000000001 0000032768    OSPF lsidnode
0x622889FC 0000001108 0000000001 0000001108    Init
0x62288A44 0000005000 0000000001 0000005000    OSPF work
0x62288A80 0000010000 0000000001 0000010000    OSPF nbr retx unit
0x62288ABC 0000003000 0000000001 0000003000    OSPF nbr retx block
0x62288AF8 0000005000 0000000001 0000005000    OSPF flood info
0
DEBUG:netmiko:read_channel: 
DEBUG:netmiko:read_channel: 
DEBUG:netmiko:read_channel: 
DEBUG:netmiko:read_channel: 
DEBUG:netmiko:read_channel: 
DEBUG:netmiko:read_channel: 
DEBUG:netmiko:read_channel: 
DEBUG:netmiko:read_channel: x62288B34 0000003000 0000000001 0000003000    OSPF LSA hdr
0x62288B98 0000032768 0000000001 0000032768    OSPF redist RI
0x62288BC4 0000010000 0000000001 0000010000    OSPF redist PI
0x62288BF0 0000065536 0000000001 0000065536    OSPF lsdb
0x62288C1C 0000020000 0000000001 0000020000    OSPF stub-lsa
0x62288C48 0000020000 0000000001 0000020000    OSPF sum-lsa
0x62288C74 0000020000 0000000001 0000020000    OSPF ex-lsa
0x62288CA0 0000020000 0000000001 0000020000    OSPF path
0x62288CCC 0000010000 0000000001 0000010000    OSPF rl timer
0x62288CF8 0000020000 0000000001 0000020000    OSPF req hasht
0x62291E04 0000002032 0000000002 0000004064    Init
0x62291F44 0000000024 0000000001 0000000024    Init
0x62291FB0 0000000024 0000000001 0000000024    Init
0x62294220 0000000744 0000000001 0000000744    OSPF sw subblock
0x6229E208 0000000292 0000000001 0000000292    OSPF-400 Router
0x622A1040 0000000552 0000000001 0000000552    OSPF-400 Router
0x622A9348 0000024000 0000000001 0000024000    Init
0x622B1360 0000000040 0000000001 0000000040    Init
0x622D4C60 0000005000 0000000001 0000005000    OSPF_outputq
0x622D4C74 0000000024 0000000001 0000000024    Init
0x622DEDFC 0000020000 0000000001 0000020000    OSPF rth
0x622DEE3C 0000032768 0000000001 0000032768    OSPF rt
0x622DEE7C 0000020000 0000000001 0000020000    OSPF rtp
0x622DEEBC 0000010000 0000000001 0000010000    OSPF rtr rt
0x622DEEFC 0000020000 0000000001 0000020000    OSPF rtr path
0x622DEF3C 0000020000 0000000001 0000020000    OSPF rt backup
0x622F39D8 0000000300 0000000001 0000000300    X25PAD PACKET
0x62316D40 0000001024 0000000001 0000001024    PPP HANDLE IDs
0x6233E744 0000032768 0000000001 0000032768    PPP Context Chunks
0x62360BCC 0000065536 0000000001 0000065536    OER BR Trace message Chunk
0x6236BC80 0000000132 0000000001 0000000132    MC SHOW CHUNKS
0x6236BC80 0000020000 0000000001 0000020000    MC SHOW CHUNKS
0x62371D64 0000000056 0000000001 0000000056    OER BR TTE Learn List
0x623725F8 0000000592 0000000001 0000000592    MC MSG
0x623725F8 0000002000 0000000001 0000002000    MC MSG
0x62372C54 0000065536 0000000001 0000065536    OER Prefix Chunk
0x62372C84 0000065536 0000000001 0000065536    OER Policy Ref Chunk
0x62372CB4 0000065536 0000000001 0000065536    OER Prefix Exit Ref Chunk
0x62372CE4 0000065536 0000000001 0000065536    OER List Element Chunk
0x62372D14 0000032768 0000000001 0000032768    OER TTC Prefix Chunk
0x62372D44 0000065536 0000000001 0000065536    OER Prefix Active History Chunk
0x623BA878 0000032768 0000000001 0000032768    OER MC TTC List Element Chunk
0x623F599C 0000065536 0000000001 0000065536    OER trace exit Chunk
0x623F59D0 0000065536 0000000001 0000065536    OER traceroute result Chunk
0x623FA9C8 0000000060 0000000003 0000000180    Init
0x624111F8 0000010000 0000000001 0000010000    OER BR TC FILTER LIST Chunk
0x62429C3C 0000010000 0000000001 0000010000    PPPoE SB Chunk
0x62429C68 0000010000 0000000001 0000010000    PPPoE ETH SB Chunk
0x62429C9C 0000020092 0000000001 0000020092    PPPoE BKG Chunk
0x624524AC 0000000032 0000000001 0000000032    Init
0x62454AC0 0000004008 0000000001 0000004008    Init
0x62484480 0000000448 0000000001 0000000448    CCE dp class group
0x62484480 0000065536 0000000001 0000065536    CCE dp class group
0x624844B0 0000001728 0000000001 0000001728    CCE dp class
0x624844B0 0000065536 0000000001 0000065536    CCE dp class
0x624844E0 0000001728 0000000001 0000001728    CCE dp class instance
0x624844E0 0000065536 0000000001 0000065536    CCE dp class instance
0x62484510 0000002140 0000000001 0000002140    CCE dp filter
0x62484510 0000032768 0000000001 0000032768    CCE dp filter
0x62484540 0000002140 0000000001 0000002140    CCE dp filter list
0x62484540 0000032768 0000000001 0000032768    CCE dp filter list
0x62484570 0000002140 0000000001 0000002140    CCE dp feature object element
0x62484570 0000065536 0000000001 0000065536    CCE dp feature object element
0x6248534C 0000032768 0000000001 0000032768    FID Mapping Table
0x62485E20 0000002140 0000000001 0000002140    CCE dp token element
0x62485E20 0000032768 0000000001 0000032768    CCE dp token element
0x62485E50 0000002140 0000000001 0000002140    CCE dp reclassify_classgroup element
0x62485E50 0000032768 0000000001 0000032768    CCE dp reclassify_classgroup element
0x62485E88 0000000264 0000000001 0000000264    CCE dp subblock
0x62485E88 0000065536 0000000001 0000065536    CCE dp subblock
0x62485F40 0000001468 0000000001 0000001468    Init
0x6248D718 0000000588 0000000001 0000000588    CCE dp feature object
0x6248D718 0000032768 0000000001 0000032768    CCE dp feature object
0x6249388C 0000000716 0000000001 0000000716    default attribute DB
0x6249388C 0000005000 0000000001 0000005000    default attribute DB
0x62497864 0000000496 0000000001 0000000496    nat stat feature object
0x62497864 0000065536 0000000001 0000065536    nat stat feature object
0x6249B2BC 0000000024 0000000001 0000000024    CCE dp c3pl stat
0x6249B2D4 0000000036 0000000001 0000000036    CCE dp c3pl stat
0x6249B380 0000000160 0000000001 0000000160    CCE dp c3pl filter
0x6249B380 0000000480 0000000001 0000000480    CCE dp c3pl filter
0x6249B3B0 0000000164 0000000001 0000000164    CCE dp c3pl filter list
0x6249B3B0 0000000756 0000000001 0000000756    CCE dp c3pl filter list
0x6249B400 0000000164 0000000001 0000000164    CCE dp c3pl fi
0x6249B400 0000000756 0000000001 0000000756    CCE dp c3pl fi
0x6249BC74 0000000496 0000000001 0000000496    CCE dp feature object
0x6249BC74 0000065536 0000000001 0000065536    CCE dp feature object
0x624A27B0 0000000496 0000000001 0000000496    FPM stat feature object
0x624A27B0 0000065536 0000000001 0000065536    FPM stat feature object
0x624A2DBC 0000000716 0000000001 0000000716    fpm attribute DB
0x624A2DBC 0000005000 0000000001 0000005000    fpm attribute DB
0x624B0250 0000000496 0000000001 0000000496    qos stat feature object
0x624B0250 0000065536 0000000001 0000065536    qos stat feature object
0x624B1144 0000000716 0000000001 0000000716    CCEdppipd cgrp
0x624B1144 0000005000 0000000001 0000005000    CCEdppipd cgrp
0x624B1174 0000000644 0000000001 0000000644    CCEdppipd class
0x624B1174 0000005000 0000000001 0000005000    CCEdppipd class
0x624B11A4 0000000592 0000000001 0000000592    CCEdppipd filter
0x624B11A4 0000005000 0000000001 0000005000    CCEdppipd filter
0x624B11D4 0000000520 0000000001 0000000520    CCEdppipd flist
0x624B11D4 0000003000 0000000001 0000003000    CCEdppipd flist
0x624B1204 0000000644 0000000001 0000000644    CCE dp pi-pd match field offset
0x624B1204 0000005000 0000000001 0000005000    CCE dp pi-pd match field offset
0x624B3074 0000000924 0000000001 0000000924    cce_dpt_target_id_chunk
0x624B3074 0000010000 0000000001 0000010000    cce_dpt_target_id_chunk
0x624BACB4 0000000616 0000000001 0000000616    Addr DB Hash Table
0x624BCB04 0000000756 0000000001 0000000756    CCE DP IM AddrDbElem Chunk
0x624BCB04 0000010000 0000000001 0000010000    CCE DP IM AddrDbElem Chunk
0x624C2F98 0000000024 0000000100 0000002400    lookup queue item
0x624C42AC 0000000024 0000000001 0000000024    Prev_context
0x624C42C4 0000000024 0000000001 0000000024    Curr_context
0x624CBBF4 0000000024 0000000003 0000000072    Init
0x624CBC48 0000000024 0000000219 0000005256    Init
0x624CBC48 0000000032 0000000002 0000000064    Init
0x624CBE24 0000000128 0000000005 0000000640    IP PAM Range Tree
0x624CBF00 0000000024 0000000037 0000000888    IP PAM Range appl
0x624CE7BC 0000000044 0000000172 0000007568    IP PAM App Entry
0x624CE964 0000000064 0000000241 0000015424    IP PAM Port Entry
0x624CEF00 0000000212 0000000001 0000000212    Init
0x624CEF54 0000000212 0000000001 0000000212    Init
0x624CEF74 0000001024 0000000001 0000001024    Init
0x624DCB94 0000000024 0000000001 0000000024    CLASSMAP_MODULE
0x624DCBE8 0000000120 0000000001 0000000120    CLASSMAP_MODULE
0x624DD8A8 0000000184 0000000001 0000000184    CLASSMAP_MODULE
0x624DD8C8 0000000024 0000000001 0000000024    CLASSMAP_MODULE
0x624DFAF0 0000000264 0000000001 0000000264    CLASSMAP_MODULE
0x6252C5FC 0000065536 0000000001 0000065536    mqc_flow_event_chunk
0x6252C634 0000000888 0000000001 0000000888    CCE rate list pool
0x6252C634 0000065536 0000000001 0000065536    CCE rate list pool
0x6254FEA4 0000005000 0000000001 0000005000    c3pl class stats chunk
0x6254FED0 0000005000 0000000001 0000005000    c3pl filter stats chunk
0x625A21B0 0000109568 0000000001 0000109568    QOS_MODULE_MAIN
0x625A221C 0000005120 0000000001 0000005120    QOS_MODULE_MAIN
0x625A2288 0000004036 0000000001 0000004036    QOS_MODULE_MAIN
0x625A229C 0000004036 0000000001 0000004036    QOS_MODULE_MAIN
0x625A22B0 0000004036 0000000001 0000004036    QOS_MODULE_MAIN
0x625A22E8 0000116736 0000000001 0000116736    QOS_MODULE_MAIN
0x625A2340 0000004096 0000000001 0000004096    QOS_MODULE_MAIN
0x625A257C 0000000032 0000000001 0000000032    Init
0x625CB6E8 0000000092 0000000001 0000000092    AAA MI SG NAME
0x625DF360 0000004800 0000000001 0000004800    Init
0x625E3178 0000002000 0000000001 0000002000    Transmit Queue Entries
0x625E31A0 0000000896 0000000001 0000000896    In Queue Entries
0x625EBD1C 0000000756 0000000001 0000000756    Translation rule chunk
0x625F0ABC 0000000024 0000000001 0000000024    Init
0x625F0AF4 0000000480 0000000001 0000000480    Translation profile queue chunk
0x625F13CC 0000000328 0000000001 0000000328    SED chunk
0x62626F54 0000000096 0000000016 0000001536    Init
0x626278FC 0000000032 0000000001 0000000032    Init
0x626278FC 0000000064 0000000005 0000000320    Init
0x62627FA8 0000000024 0000000001 0000000024    Init
0x6262913C 0000000024 0000000001 0000000024    Init
0x62637998 0000000024 0000000001 0000000024    Init
0x62637998 0000000084 0000000001 0000000084    Init
0x62637998 0000000112 0000000001 0000000112    Init
0x62637998 0000000204 0000000001 0000000204    Init
0x62637998 0000000252 0000000001 0000000252    Init
0x62637998 0000000496 0000000001 0000000496    Init
0x62639548 0000000024 0000000061 0000001464    Init
0x62639574 0000000024 0000000046 0000001104    Init
DEBUG:netmiko:read_channel: 
DEBUG:netmiko:read_channel: 
DEBUG:netmiko:read_channel: 
DEBUG:netmiko:read_channel: 
DEBUG:netmiko:read_channel: 
DEBUG:netmiko:read_channel: 
DEBUG:netmiko:read_channel: 
DEBUG:netmiko:read_channel: 
0x62639D14 0000065536 0000000001 0000065536    regex
0x62639D34 0000000024 0000000006 0000000144    Init
0x62639D58 0000000024 0000000001 0000000024    Init
0x62639D58 0000000084 0000000001 0000000084    Init
0x62639D58 0000000112 0000000001 0000000112    Init
0x62639D58 0000000204 0000000001 0000000204    Init
0x62639D58 0000000252 0000000001 0000000252    Init
0x62639D58 0000000496 0000000001 0000000496    Init
0x62639D90 0000065536 0000000002 0000131072    regex
0x6263ABAC 0000000024 0000000001 0000000024    Init
0x6263B3C4 0000000056 0000000006 0000000336    Init
0x6263BE14 0000000024 0000000007 0000000168    Init
0x6263BE14 0000000028 0000000018 0000000504    Init
0x6263BE14 0000000036 0000000003 0000000108    Init
0x6263BE14 0000000044 0000000006 0000000264    Init
0x6263BE14 0000000048 0000000004 0000000192    Init
0x6263BE14 0000000052 0000000002 0000000104    Init
0x6263BE14 0000000056 0000000004 0000000224    Init
0x6263BE14 0000000060 0000000001 0000000060    Init
0x6269D06C 0000012292 0000000001 0000012292    RSVP DB Handle Bin
0x62724964 0000005000 0000000001 0000005000    IP SLAs Hash Element Chunk
0x6272F2F4 0000000256 0000000001 0000000256    IP SLAs LatestSetError
0x627458EC 0000065056 0000000001 0000065056    IP SLA Monitor jitter checksum buffer
0x6276ECF8 0000000048 0000000001 0000000048    IP SLAs APM OPER LIST
0x6279C71C 0000002048 0000000001 0000002048    SCTP Main Process
0x6279C71C 0000004096 0000000004 0000016384    SCTP Main Process
0x627EAC6C 0000000080 0000000002 0000000160    SDP Library
0x6280BEFC 0000000024 0000004068 0000097632    State Machine Instance
0x6280BEFC 0000000032 0000000002 0000000064    State Machine Instance
0x6280BEFC 0000000036 0000000003 0000000108    State Machine Instance
0x6280BEFC 0000000040 0000000006 0000000240    State Machine Instance
0x6280BEFC 0000000044 0000000002 0000000088    State Machine Instance
0x6280BEFC 0000000052 0000000009 0000000468    State Machine Instance
0x6280BEFC 0000000056 0000000002 0000000112    State Machine Instance
0x6280BEFC 0000000060 0000000003 0000000180    State Machine Instance
0x6280BEFC 0000000064 0000000001 0000000064    State Machine Instance
0x6280BEFC 0000000068 0000000001 0000000068    State Machine Instance
0x6280BEFC 0000000072 0000000002 0000000144    State Machine Instance
0x6280BEFC 0000000080 0000000005 0000000400    State Machine Instance
0x6280BEFC 0000000084 0000000004 0000000336    State Machine Instance
0x6280BEFC 0000000092 0000000002 0000000184    State Machine Instance
0x6282B5F0 0000000024 0000000001 0000000024    Init
0x6282B5F0 0000000556 0000000001 0000000556    Init
0x6282BDF4 0000000384 0000000001 0000000384    Init
0x628378B0 0000000024 0000000001 0000000024    Init
0x628378D8 0000000096 0000000001 0000000096    Init
0x62839DD0 0000000024 0000000001 0000000024    Init
0x62839EA0 0000000024 0000000001 0000000024    Init
0x62839F80 0000000024 0000000001 0000000024    Init
0x6283A184 0000000024 0000000001 0000000024    Init
0x6283A228 0000000024 0000000001 0000000024    Init
0x62840EAC 0000000024 0000000004 0000000096    Init
0x62840EAC 0000000040 0000000001 0000000040    Init
0x62840EBC 0000000024 0000000001 0000000024    Init
0x62840EBC 0000000032 0000000002 0000000064    Init
0x62840EBC 0000000036 0000000009 0000000324    Init
0x62840EBC 0000000056 0000000001 0000000056    Init
0x62840EBC 0000000064 0000000002 0000000128    Init
0x62840EBC 0000000108 0000000001 0000000108    Init
0x628420A4 0000000024 0000000001 0000000024    Init
0x62843344 0000038496 0000000001 0000038496    Init
0x62844718 0000000080 0000000001 0000000080    Init
0x62844798 0000000080 0000000016 0000001280    Init
0x62844798 0000000144 0000000001 0000000144    Init
0x62850834 0000000036 0000000001 0000000036    Init
0x62850844 0000000024 0000000001 0000000024    Init
0x62850924 0000000024 0000000001 0000000024    Init
0x6285A194 0000000024 0000000002 0000000048    Init
0x6285A194 0000000040 0000000001 0000000040    Init
0x6285DE8C 0000000024 0000000213 0000005112    SNMP Trap
0x6285DE8C 0000000032 0000000001 0000000032    SNMP Trap
0x6285DE8C 0000000036 0000000001 0000000036    SNMP Trap
0x6285DE8C 0000000056 0000000001 0000000056    SNMP Trap
0x62864ECC 0000000024 0000000059 0000001416    Init
0x62864ECC 0000000028 0000000012 0000000336    Init
0x62864ECC 0000000032 0000000002 0000000064    Init
0x62864ECC 0000000036 0000000003 0000000108    Init
0x62864ECC 0000000044 0000000006 0000000264    Init
0x62864ECC 0000000048 0000000003 0000000144    Init
0x62864ECC 0000000052 0000000009 0000000468    Init
0x62864ECC 0000000056 0000000013 0000000728    Init
0x62864ECC 0000000060 0000000004 0000000240    Init
0x62864ECC 0000000064 0000000002 0000000128    Init
0x62864ECC 0000000068 0000000006 0000000408    Init
0x62864ECC 0000000076 0000000001 0000000076    Init
0x62864ECC 0000000088 0000000001 0000000088    Init
0x62864ECC 0000000256 0000000001 0000000256    Init
0x62864ECC 0000000268 0000000001 0000000268    Init
0x62864ECC 0000000272 0000000001 0000000272    Init
0x6286508C 0000010000 0000000001 0000010000    SNMP SMALL CHUNK
0x628650D8 0000010000 0000000001 0000010000    SNMP MEDIUM CHUNK
0x62865120 0000002000 0000000001 0000002000    SNMP BIG CHUNK
0x628651E4 0000000756 0000000001 0000000756    SNMP VB CHUNK
0x62865764 0000002048 0000000001 0000002048    Init
0x62865AA0 0000000024 0000000005 0000000120    Init
0x628C7DFC 0000001024 0000000001 0000001024    SSS HANDLE IDs
0x628C912C 0000003000 0000000001 0000003000    SSS Test client timer chunk
0x628CF960 0000000400 0000000001 0000000400    SSS Relay Context Handle Table
0x628D203C 0000001024 0000000001 0000001024    SSF cfg circ handle table
0x628F7B30 0000010260 0000000005 0000051300    Init
0x6290AB34 0000000024 0000000002 0000000048    Init
0x62915BEC 0000000024 0000000029 0000000696    Init
0x62916130 0000000052 0000000029 0000001508    Init
0x62920328 0000000088 0000000007 0000000616    Init
0x62923500 0000000320 0000000001 0000000320    Spanning Tree Opt Tree Block
0x62923538 0000077200 0000000001 0000077200    Spanning Tree Opt Port Block
0x62925CEC 0000000352 0000000001 0000000352    stp_timer_tree_type
0x6293141C 0000000032 0000000003 0000000096    Init
0x6293AC88 0000000112 0000000001 0000000112    Init
0x6293E2B4 0000000344 0000000001 0000000344    Syslog History
0x6297AB54 0000004804 0000000001 0000004804    Init
0x629A5490 0000000040 0000000001 0000000040    MPLS Label Region AllocRec
0x629A54A8 0000000044 0000000001 0000000044    MPLS Label Region ParamRec
0x629B1118 0000120000 0000000001 0000120000    MPLS Event log
0x629EE524 0000000400 0000000001 0000000400    Init
0x629EE5A0 0000000136 0000000099 0000013464    Init
0x62A17054 0000000036 0000000001 0000000036    Init
0x62A299E0 0000000480 0000000001 0000000480    TCL Chunks
0x62A299E0 0000000756 0000000001 0000000756    TCL Chunks
0x62A299E0 0000001500 0000000003 0000004500    TCL Chunks
0x62A299E0 0000002000 0000000001 0000002000    TCL Chunks
0x62A299E0 0000003000 0000000005 0000015000    TCL Chunks
0x62A299E0 0000005000 0000000003 0000015000    TCL Chunks
0x62A299E0 0000010000 0000000002 0000020000    TCL Chunks
0x62A299E0 0000020000 0000000001 0000020000    TCL Chunks
0x62A29A68 0000001040 0000000001 0000001040    Tcl_NewStringObj
0x62A29A68 0000001120 0000000001 0000001120    Tcl_NewStringObj
0x62A29A68 0000001208 0000000001 0000001208    Tcl_NewStringObj
0x62A29A68 0000001228 0000000001 0000001228    Tcl_NewStringObj
0x62A29A68 0000001380 0000000001 0000001380    Tcl_NewStringObj
0x62A29A68 0000001396 0000000002 0000002792    Tcl_NewStringObj
0x62A29A68 0000001468 0000000001 0000001468    Tcl_NewStringObj
0x62A29A68 0000001728 0000000001 0000001728    TclInitByteCodeObj
0x62A29A68 0000001792 0000000001 0000001792    Tcl_NewStringObj
0x62A29A68 0000001892 0000000001 0000001892    Tcl_NewStringObj
0x62A29A68 0000002292 0000000001 0000002292    Tcl_NewStringObj
0x62A29A68 0000002356 0000000001 0000002356    TclReComp
0x62A29A68 0000002904 0000000001 0000002904    Tcl_NewStringObj
0x62A29A68 0000003108 0000000001 0000003108    Tcl_SetObjLength
0x62A29A68 0000003200 0000000001 0000003200    Tcl_SetObjLength
0x62A29A68 0000004204 0000000001 0000004204    Tcl_SetObjLength
0x62A29A68 0000006904 0000000001 0000006904    Tcl_NewStringObj
0x62A29A68 0000007276 0000000001 0000007276    Tcl_SetObjLength
0x62A29A68 0000008012 0000000012 0000096144    TclCreateExecEnv
0x62A29A68 0000017924 0000000001 0000017924    Tcl_SetObjLength
0x62A29AE4 0000000480 0000000024 0000011520    TCL Chunks
0x62A29AE4 0000000488 0000000001 0000000488    TCL Chunks
0x62A29AE4 0000000756 0000000061 0000046116    TCL Chunks
0x62A29AE4 0000001500 0000000016 0000024000    TCL Chunks
0x62A29AE4 0000002000 0000000001 0000002000    TCL Chunks
0x62A29AE4 0000003000 0000000006 0000018000    TCL Chunks
0x62A29AE4 0000005000 0000000053 0000265000    TCL Chunks
0x62A29AE4 0000005420 0000000001 0000005420    TCL Chunks
0x62A29AE4 0000005996 0000000001 0000005996    TCL Chunks
0x62A29AE4 0000008012 0000000001 0000008012    TCL Chunks
0x62A29AE4 0000008184 0000000001 0000008184    TCL Chunks
0x62A29AE4 0000009352 0000000001 0000009352    TCL Chunks
0x62A29AE4 0000020000 0000000017 0000340000    TCL Chunks
0x62AA8BA0 0000010000 0000000001 0000010000    Time Range Entry Chunks
0x62AA8BCC 0000003000 0000000001 0000003000    Time Range Item Chunks
0x62AA8BF8 0000000896 0000000001 0000000896    Time Range User Chunks
0x62AD56D8 0000000024 0000000001 0000000024    *Init*
0x62AE8AD4 0000000128 0000000025 0000003200    RIF Cache
0x62AEFA1C 0000000024 0000000001 0000000024    Init
0x62B002A4 0000010852 0000000001 0000010852    Alignment Data
0x62B0720C 0000010000 0000000006 0000060000    List Elements
0x62B074B4 0000010000 0000000001 0000010000    List Elements
0x62B081A0 0000005000 0000000002 0000010000    List Headers
0x62B08680 0000010000 0000000001 0000010000    List Elements
0x62B086B0 0000005000 0000000001 0000005000    List Headers
0x62B0DB58 0000001032 0000000002 0000002064    Process Array
0x62B0DBEC 0000000712 0000000
DEBUG:netmiko:read_channel: 
DEBUG:netmiko:read_channel: 
DEBUG:netmiko:read_channel: 
DEBUG:netmiko:read_channel: 
DEBUG:netmiko:read_channel: 
DEBUG:netmiko:read_channel: 
DEBUG:netmiko:read_channel: 
DEBUG:netmiko:read_channel: 262 0000186544    Process
0x62B10538 0000005000 0000000003 0000015000    Watcher Info
0x62B107AC 0000001500 0000000014 0000021000    Watched Semaph
0x62B107AC 0000010000 0000000004 0000040000    Watched Boolea
0x62B10DE4 0000000200 0000000258 0000051600    Process Events
0x62B10DE4 0000000240 0000000002 0000000480    Process Events
0x62B10DE4 0000000244 0000000001 0000000244    Process Events
0x62B10DE4 0000000252 0000000002 0000000504    Process Events
0x62B10DE4 0000000260 0000000001 0000000260    Process Events
0x62B10DE4 0000000268 0000000001 0000000268    Process Events
0x62B10DE4 0000000272 0000000001 0000000272    Process Events
0x62B10DE4 0000000320 0000000001 0000000320    (coalesced) (Free Blocks)
0x62B1334C 0000001500 0000000001 0000001500    messages
0x62B1337C 0000001500 0000000001 0000001500    Watched messages
0x62B133A8 0000010000 0000000001 0000010000    Watched Queue
0x62B133D4 0000010000 0000000001 0000010000    Watched Boolean
0x62B13400 0000010000 0000000001 0000010000    Watched Bitfield
0x62B1342C 0000001500 0000000001 0000001500    Watched Semaphore
0x62B13458 0000005000 0000000001 0000005000    Watcher Info
0x62B13484 0000000480 0000000001 0000000480    Watched Message Queue
0x62B134B0 0000001500 0000000001 0000001500    Watcher Message Queue
0x62B134DC 0000003636 0000000001 0000003636    Read/Write Locks
0x62B158A4 0000002000 0000000001 0000002000    Reg Function 12
0x62B158D0 0000002000 0000000001 0000002000    Reg Function iList
0x62B158FC 0000001500 0000000001 0000001500    Reg Function Caselist
0x62B15958 0000002000 0000000018 0000036000    Reg Function 1
0x62B159B0 0000002000 0000000041 0000082000    Reg Function 1
0x62B15E40 0000000024 0000000393 0000009432    *Init*
0x62B15E40 0000000028 0000000020 0000000560    Init
0x62B15E40 0000000032 0000000006 0000000192    Init
0x62B15E40 0000000036 0000000017 0000000612    Init
0x62B15E40 0000000040 0000000022 0000000880    *Init*
0x62B15E40 0000000044 0000000028 0000001232    Init
0x62B15E40 0000000048 0000000015 0000000720    Init
0x62B15E40 0000000052 0000000003 0000000156    Init
0x62B15E40 0000000056 0000000032 0000001792    Init
0x62B15E40 0000000060 0000000033 0000001980    Init
0x62B15E40 0000000064 0000000007 0000000448    Init
0x62B15E40 0000000072 0000000004 0000000288    Init
0x62B15E40 0000000076 0000000005 0000000380    Init
0x62B15E40 0000000080 0000000031 0000002480    Init
0x62B15E40 0000000084 0000000015 0000001260    Init
0x62B15E40 0000000088 0000000027 0000002376    *Init*
0x62B15E40 0000000104 0000000003 0000000312    Init
0x62B15E40 0000000108 0000000001 0000000108    Init
0x62B15E40 0000000112 0000000037 0000004144    Init
0x62B15E40 0000000116 0000000034 0000003944    Init
0x62B15E40 0000000120 0000000005 0000000600    *Init*
0x62B15E40 0000000128 0000000009 0000001152    Init
0x62B15E40 0000000140 0000000001 0000000140    Init
0x62B15E40 0000000152 0000000001 0000000152    Init
0x62B15E40 0000000156 0000000002 0000000312    Init
0x62B15E40 0000000172 0000000001 0000000172    Init
0x62B15E40 0000000192 0000000006 0000001152    *Init*
0x62B15E40 0000000260 0000000022 0000005720    *Init*
0x62B15E40 0000000332 0000000085 0000028220    Init
0x62B15E40 0000000772 0000000054 0000041688    Init
0x62B15E40 0000000796 0000000013 0000010348    Init
0x62B15E40 0000001012 0000000001 0000001012    Init
0x62B15E40 0000001020 0000000001 0000001020    Init
0x62B15E40 0000001024 0000000003 0000003072    Init
0x62B15E40 0000001028 0000000004 0000004112    Init
0x62B15E40 0000005664 0000000001 0000005664    Init
0x62B15ECC 0000002000 0000000022 0000044000    Reg Function 1
0x62B160C0 0000002000 0000000003 0000006000    Reg Function 1
0x62B1A838 0000000132 0000000001 0000000132    *Init*
0x62B1A838 0000000200 0000000001 0000000200    *Init*
0x62B1A8D0 0000000024 0000000002 0000000048    *Init*
0x62B1A8D0 0000000032 0000000001 0000000032    *Init*
0x62B1AFDC 0000005000 0000000001 0000005000    RMI-RO Chunks
0x62B1B008 0000020000 0000000001 0000020000    RMI-RO_RU Chunks
0x62B1B034 0000020000 0000000001 0000020000    RMI-RO_RG Chunks
0x62B1B050 0000000032 0000000001 0000000032    Resource Owner IDs
0x62B1B590 0000000128 0000000001 0000000128    Resource Owner IDs
0x62B1BFEC 0000020000 0000000001 0000020000    RMI-RU Chunks
0x62B1C1D8 0000020000 0000000002 0000040000    RMI-RU Chunks
0x62B1C880 0000004096 0000000001 0000004096    Resource User IDs
0x62B1C9F8 0000020000 0000000002 0000040000    RMI-RO_RU Chun
0x62B1C9F8 0000024120 0000000001 0000024120    RMI-RO_RU Chun
0x62B1C9F8 0000031832 0000000001 0000031832    RMI-RO_RU Chun
0x62B1CA8C 0000000024 0000000475 0000011400    Init
0x62B1CA8C 0000000028 0000000002 0000000056    Init
0x62B1CA8C 0000000032 0000000003 0000000096    Init
0x62B1CA8C 0000000048 0000000003 0000000144    Init
0x62B1CA8C 0000000052 0000000002 0000000104    Init
0x62B1CA8C 0000000056 0000000001 0000000056    Init
0x62B1CA8C 0000000060 0000000001 0000000060    Init
0x62B1CA8C 0000000068 0000000002 0000000136    Init
0x62B1CA8C 0000000072 0000000004 0000000288    Init
0x62B1CA8C 0000000076 0000000001 0000000076    Init
0x62B1CA8C 0000000080 0000000002 0000000160    Init
0x62B1CA8C 0000000092 0000000001 0000000092    Init
0x62B1CA8C 0000000096 0000000001 0000000096    Init
0x62B1D4B8 0000005000 0000000001 0000005000    RMI-RUT Chunks
0x62B1D4D4 0000000064 0000000001 0000000064    Resource User Type IDs
0x62B1D63C 0000001024 0000000001 0000001024    Resource User IDs
0x62B1DDEC 0000002048 0000000001 0000002048    Resource User Type IDs
0x62B1E44C 0000010000 0000000001 0000010000    RMI-RG Chunks
0x62B1F58C 0000001500 0000000001 0000001500    RMI-RM Chunks
0x62B1F5A8 0000000032 0000000001 0000000032    Resource Monitor IDs
0x62B1F6C0 0000000128 0000000001 0000000128    Resource Monitor IDs
0x62B24A10 0000000064 0000000001 0000000064    Resource Policy IDs
0x62B2A62C 0000000024 0000000001 0000000024    Init
0x62B38600 0000000024 0000000003 0000000072    CCA UserType
0x62B386E4 0000003000 0000000001 0000003000    CCA CCB chunks
0x62B38804 0000000048 0000000010 0000000480    CCA Component
0x62B38864 0000000024 0000000009 0000000216    CCA Notification Flags
0x62B38864 0000000124 0000000001 0000000124    CCA Notification Flags
0x62B388D0 0000003000 0000000010 0000030000    Keepalive
0x62B38A38 0000003000 0000000001 0000003000    CCA CLA chunks
0x62B3AC68 0000000052 0000000001 0000000052    uBT ATM VC CONFIG
0x62B3AC68 0000000220 0000000001 0000000220    uBT ATM VC
0x62B3AC68 0000001012 0000000001 0000001012    uBT PPP
0x62B3B7D8 0000065536 0000000001 0000065536    Event Manager Event Elements
0x62B3B80C 0000000072 0000000004 0000000288    Event Manager Queue
0x62B3B914 0000000096 0000000002 0000000192    Event Manager Table
0x62B3B914 0000000672 0000000002 0000001344    Event Manager Table
0x62B3BF6C 0000000024 0000000018 0000000432    TW Wheels
0x62B3BF6C 0000000028 0000000001 0000000028    TW Wheels
0x62B3BF6C 0000000080 0000000001 0000000080    TW Wheels
0x62B3BFA0 0000000512 0000000006 0000003072    TW Buckets
0x62B3BFA0 0000002048 0000000003 0000006144    TW Buckets
0x62B3BFA0 0000004096 0000000004 0000016384    TW Buckets
0x62B3BFA0 0000008192 0000000012 0000098304    TW Buckets
0x62B3BFA0 0000016384 0000000039 0000638976    TW Buckets
0x62B3D4B8 0000020000 0000000005 0000100000    pak subblock chunk
0x62B3D4B8 0000032768 0000000003 0000098304    pak subblock chunk
0x62B3D4B8 0000065536 0000000005 0000327680    pak subblock chunk
0x62B3D534 0000006048 0000000001 0000006048    pak subblock chunk
0x62B3D534 0000065536 0000000001 0000065536    pak subblock chunk
0x62B3F170 0000000048 0000000001 0000000048    *Init*
0x62B3F20C 0000000096 0000000014 0000001344    *Init*
0x62B3FB90 0000000060 0000000001 0000000060    *Init*
0x62B5B154 0000000024 0000000006 0000000144    Init
0x62B84120 0000065536 0000000001 0000065536    eddri_self_event
0x62B8F498 0000001760 0000000001 0000001760    Init
0x62B9544C 0000003000 0000000001 0000003000    vurimib chunk
0x62BC720C 0000000024 0000000001 0000000024    asnl:asnlAppReg_t
0x62BC725C 0000000024 0000000001 0000000024    voip aaa: asnl url
0x62BC9310 0000000064 0000000001 0000000064    idb:ipinfo
0x62BC932C 0000033224 0000000001 0000033224    IP:CBlock
0x62BD1970 0000000052 0000000001 0000000052    Init
0x62BD5638 0000000048 0000000001 0000000048    Dialog Manager Control Block
0x62BDC230 0000000024 0000000001 0000000024    Shared-Line CCB Table
0x62BDC294 0000000148 0000000032 0000004736    Init
0x62C06770 0065962620 0000000001 0065962620    (coalesced) (Free Blocks)
0x62C5113C 0000032768 0000000001 0000032768    VPDN subblock chunks
0x62C51B50 0000125388 0000000001 0000125388    VPDN msg chunks
0x62C53F0C 0000065536 0000000001 0000065536    VPDN call req chunk
0x62C615D4 0000065536 0000000001 0000065536    VPDN user info chunks
0x62C65048 0000065536 0000000001 0000065536    VPDN mgr call chunk
0x62C65084 0000065536 0000000001 0000065536    VPDN mgr mgd timer chunk
0x62C650D0 0000008192 0000000001 0000008192    VPDN MGR hash table
0x62C6910C 0000000068 0000000001 0000000068    VPN User Failure History Table
0x62C69160 0000000320 0000000001 0000000320    VPDN User Failure ID Hash Table
0x62C691A4 0000000320 0000000001 0000000320    VPN User Failure Name Hash Table
0x62CD2934 0000000804 0000000001 0000000804    Virtual Template Info Table
0x62CD2EE4 0000010000 0000000001 0000010000    VACCESS info block chunk
0x62CD2F10 0000000404 0000000001 0000000404    VTEMPLATE swidb queue chunk
0x62CD2F3C 0000007260 0000000001 0000007260    VTEMPLATE current process info
0x62CD2F68 0000005000 0000000001 0000005000    VTEMPLATE request info
0x62CD2F94 0000000556 0000000001 0000000556    VTEMPLATE propagate chunk
0x62D6D1CC 0000000300 0000000001 0000000300    X.25 packet descr
0x62DAD0F8 0000065536 0000000001 0000065536    xconnect instance chunks
0x62DB7B74 0000019300 0000000001 0000019300    PW management entry chunks
0x62DBDB20 0000008284 0000000001 0000008284    SSM DP inQ msg chunks
0x62DCEA0C 0000000108 0000000002 0000000216    SW MGR ADJ DB
0x62DCEA28 000000003
DEBUG:netmiko:read_channel: 
DEBUG:netmiko:read_channel: 
DEBUG:netmiko:read_channel: 
DEBUG:netmiko:read_channel: 
DEBUG:netmiko:read_channel: 
DEBUG:netmiko:read_channel: 
DEBUG:netmiko:read_channel: 
DEBUG:netmiko:read_channel: 6 0000000002 0000000072    SW MGR ADJ DB
0x62DD103C 0000000036 0000000001 0000000036    SSM ID tree
0x62DD5250 0000010000 0000000001 0000010000    SSM HW Class Context
0x62DD527C 0000003000 0000000001 0000003000    SSM Generic CM Message
0x62DE2894 0000000896 0000000001 0000000896    l2frag pak
0x62DE28A8 0000000896 0000000001 0000000896    l2frag next pak
0x62DF3F68 0000010000 0000000001 0000010000    AToM VC LDP Msg Chunk
0x62DF5018 0000000556 0000000001 0000000556    AToM LDP Chunk
0x62DFCC44 0000000716 0000000001 0000000716    AToM SMgr request pool
0x62DFCC44 0000005000 0000000001 0000005000    AToM SMgr request pool
0x62DFCC70 0000000136 0000000001 0000000136    AToM SMgr destination block pool
0x62DFCC70 0000000756 0000000001 0000000756    AToM SMgr destination block pool
0x62DFCC98 0000000140 0000000001 0000000140    AToM SMgr PW pool
0x62DFCC98 0000002000 0000000001 0000002000    AToM SMgr PW pool
0x62DFCCC0 0000000132 0000000001 0000000132    AToM SMgr Imp VC pool
0x62DFCCC0 0000003000 0000000001 0000003000    AToM SMgr Imp VC pool
0x62DFCCE8 0000000136 0000000001 0000000136    AToM SMgr TE tunnel block pool
0x62DFCCE8 0000000756 0000000001 0000000756    AToM SMgr TE tunnel block pool
0x62DFCD10 0000000136 0000000001 0000000136    AToM SMgr preferred destination block pool
0x62DFCD10 0000000756 0000000001 0000000756    AToM SMgr preferred destination block pool
0x62E59E20 0000069004 0000000001 0000069004    l2tun app socket msg chunks
0x62E7F318 0000000656 0000000002 0000001312    Init
0x62E7F364 0000000256 0000000002 0000000512    Init
0x62E7F38C 0000001024 0000000002 0000002048    Init
0x62E93FA0 0000000040 0000000003 0000000120    Init
0x62E93FE4 0000000024 0000000003 0000000072    Init
0x62E9404C 0000000024 0000000003 0000000072    Init
0x62E940D4 0000000024 0000000003 0000000072    Init
0x62E9647C 0000000024 0000000002 0000000048    Init
0x62E964F8 0000000068 0000000002 0000000136    Init
0x62E96510 0000000116 0000000002 0000000232    Init
0x62E9660C 0000000024 0000000021 0000000504    Init
0x62E9660C 0000000028 0000000006 0000000168    Init
0x62E9660C 0000000032 0000000002 0000000064    Init
0x62E9669C 0000000024 0000000011 0000000264    Init
0x62E9669C 0000000028 0000000001 0000000028    Init
0x62EE54B8 0000000264 0000000001 0000000264    Init
0x62F4D530 0000000032 0000000001 0000000032    crypto_handle_table
0x62F4D530 0000000048 0000000001 0000000048    crypto_handle_table
0x62F4D530 0000000080 0000000001 0000000080    crypto_handle_table
0x62F4D530 0000000108 0000000001 0000000108    crypto_handle_table
0x62F4DFCC 0000000328 0000000001 0000000328    Init
0x62F4DFCC 0000001280 0000000001 0000001280    Init
0x62F4E42C 0000000160 0000000001 0000000160    Init
0x62F4E450 0000000024 0000000001 0000000024    Init
0x62F635D0 0000000024 0000000015 0000000360    Init
0x62F635D0 0000000028 0000000002 0000000056    Init
0x62F635D0 0000000032 0000000002 0000000064    Init
0x62F635D0 0000000036 0000000001 0000000036    Init
0x62F635D0 0000000040 0000000001 0000000040    Init
0x62F635D0 0000000044 0000000001 0000000044    Init
0x62F635D0 0000000052 0000000002 0000000104    Init
0x62F635D0 0000000060 0000000001 0000000060    Init
0x62F635D0 0000000068 0000000002 0000000136    Init
0x62F635D0 0000000088 0000000001 0000000088    Init
0x62F635D0 0000000092 0000000001 0000000092    Init
0x62F635D0 0000000104 0000000004 0000000416    Init
0x62F635D0 0000000108 0000000001 0000000108    Init
0x62F635D0 0000000112 0000000002 0000000224    Init
0x62F635D0 0000000120 0000000001 0000000120    Init
0x62F635D0 0000000124 0000000001 0000000124    Init
0x62F635D0 0000000136 0000000006 0000000816    SSH Process
0x62F635D0 0000000140 0000000026 0000003640    crypto engine proc
0x62F635D0 0000000144 0000000002 0000000288    SSH Process
0x62F635D0 0000000148 0000000001 0000000148    SSH Process
0x62F635D0 0000000156 0000000004 0000000624    crypto sw pk proc
0x62F635D0 0000000160 0000000002 0000000320    crypto engine proc
0x62F635D0 0000000164 0000000002 0000000328    SSH Process
0x62F635D0 0000000172 0000000003 0000000516    SSH Process
0x62F635D0 0000000176 0000000003 0000000528    crypto engine proc
0x62F635D0 0000000180 0000000002 0000000360    SSH Process
0x62F635D0 0000000184 0000000001 0000000184    SSH Process
0x62F635D0 0000000188 0000000001 0000000188    SSH Process
0x62F635D0 0000000192 0000000001 0000000192    SSH Process
0x62F635D0 0000000196 0000000003 0000000588    SSH Process
0x62F635D0 0000000200 0000000003 0000000600    SSH Process
0x62F635D0 0000000204 0000000017 0000003468    SSH Process
0x62F635D0 0000000208 0000000002 0000000416    crypto engine proc
0x62F635D0 0000000212 0000000002 0000000424    SSH Process
0x62F635D0 0000000216 0000000001 0000000216    SSH Process
0x62F635D0 0000000220 0000000002 0000000440    SSH Process
0x62F635D0 0000000224 0000000001 0000000224    SSH Process
0x62F635D0 0000000228 0000000001 0000000228    SSH Process
0x62F635D0 0000000232 0000000001 0000000232    SSH Process
0x62F635D0 0000000236 0000000001 0000000236    SSH Process
0x62F635D0 0000000248 0000000001 0000000248    SSH Process
0x62F635D0 0000000260 0000000002 0000000520    SSH Process
0x62F635D0 0000000264 0000000001 0000000264    SSH Process
0x62F635D0 0000000268 0000000034 0000009112    SSH Process
0x62F635D0 0000000276 0000000003 0000000828    SSH Process
0x62F635D0 0000000328 0000000001 0000000328    SSH Process
0x62F66BCC 0000000024 0000000001 0000000024    Init
0x62F66BE0 0000000024 0000000001 0000000024    Init
0x62F671A0 0000000492 0000000001 0000000492    crypto sw pk proc
0x62F67CA0 0000000116 0000000001 0000000116    Init
0x62F751E0 0000000512 0000000001 0000000512    Crypto Engine Object Table
0x62F751E0 0000000936 0000000001 0000000936    Crypto Engine Object Table
0x62F751E0 0000008584 0000000002 0000017168    Crypto Engine Object Table
0x62F75BF8 0000002000 0000000001 0000002000    Crypto requests
0x62F83368 0000000064 0000000001 0000000064    Init
0x62F8E7A0 0000004004 0000000001 0000004004    Init
0x62F8E7B8 0000000404 0000000001 0000000404    Init
0x62F8E7D0 0000000204 0000000001 0000000204    Init
0x62F8EC80 0000000092 0000000001 0000000092    Software engine status
0x62F92690 0000000896 0000000001 0000000896    *In-use Packet Header*
0x62F96DF0 0000020380 0000000001 0000020380    Init
0x62F96E2C 0000004164 0000000001 0000004164    Init
0x62FAFC98 0000000048 0000000001 0000000048    AAA Request Data
0x62FAFC98 0000000236 0000000001 0000000236    AAA Request
0x62FB55B8 0000008204 0000000001 0000008204    SSH memory
0x62FB55D0 0000000072 0000000001 0000000072    Init
0x62FB7864 0000008204 0000000001 0000008204    SSH memory
0x62FB78D4 0000000024 0000000001 0000000024    SSH memory
0x62FBEB14 0000004096 0000000003 0000012288    SSH2 Buffer
0x62FBEB7C 0000001024 0000000001 0000001024    SSH2 Buffer
0x62FBEB7C 0000002048 0000000002 0000004096    SSH2 Buffer
0x62FBECF0 0000005120 0000000001 0000005120    SSH2 Buffer
0x62FBF064 0000000072 0000000001 0000000072    SSH2 String
0x62FC2578 0000000032 0000000001 0000000032    SSH2 Session-id
0x62FC310C 0000000516 0000000002 0000001032    SSH2 memory
0x62FC40CC 0000000100 0000000001 0000000100    SSH2 Channel
0x62FE20C8 0000000200 0000000001 0000000200    Crypto CA
0x63014BF0 0000000240 0000000001 0000000240    Crypto CA
0x63014D4C 0000000220 0000000001 0000000220    Crypto CA
0x63015A98 0000000192 0000000001 0000000192    Crypto CA
0x6303B708 0000000528 0000000001 0000000528    Crypto CA
0x63047DE8 0000000024 0000000001 0000000024    Init
0x6305AD70 0000003988 0000000001 0000003988    AUTH-PROXY hash pointer
0x6305AE28 0000001024 0000000001 0000001024    Authproxy info handle table
0x630680C0 0000000512 0000000001 0000000512    AUTH-PROXY wlist hash
0x63068798 0000001024 0000000001 0000001024    Authproxy posture info handle table
0x6306E65C 0000010000 0000000001 0000010000    CPF Message Desc
0x6306F53C 0000000136 0000000007 0000000952    Init
0x630743C4 0000000064 0000000128 0000008192    Init
0x63084430 0000010000 0000000001 0000010000    Host Track Notify Info Chunk
0x6308587C 0000000512 0000000001 0000000512    TMS ID list
0x630869B8 0000000024 0000000017 0000000408    Init
0x63093B14 0000000024 0000000001 0000000024    Init
0x630B7CAC 0000000024 0000000005 0000000120    Init
0x630B7CAC 0000000048 0000000001 0000000048    Init
0x630CD5C8 0000004096 0000000001 0000004096    Init
0x630CD61C 0000000040 0000000001 0000000040    Init
0x630CD670 0000000256 0000000001 0000000256    Init
0x630CD6D4 0000000256 0000000001 0000000256    Init
0x630E30B8 0000208092 0000000001 0000208092    epa crypto blk
0x6313CF08 0000006000 0000000001 0000006000    mtree leaf
0x6313CF34 0000003000 0000000001 0000003000    mtree leaf-multiple
0x6313CF60 0000001500 0000000001 0000001500    mtree hash-table
0x6313CF8C 0000032768 0000000001 0000032768    mtree root
0x63143CD8 0000003000 0000000001 0000003000    Crypto ACL Commands
0x63152418 0000000572 0000000001 0000000572    crypto fragment info
0x6315253C 0000000564 0000000001 0000000564    Init
0x63169480 0000000028 0000000001 0000000028    Init
0x6316948C 0000000024 0000000001 0000000024    Init
0x63174A7C 0000001500 0000000001 0000001500    KMI id chunk pool
0x63174AAC 0000000404 0000000001 0000000404    KMI msg chunk pool
0x63174ADC 0000000896 0000000001 0000000896    KMI pyld chunk pool
0x63174B0C 0000005000 0000000001 0000005000    KMI sa pair chunk pool
0x63174B3C 0000005000 0000000001 0000005000    KMI prop list chunk pool
0x63174B6C 0000005000 0000000001 0000005000    KMI proposal chunk pool
0x63174B9C 0000002000 0000000001 0000002000    KMI spi chunk pool
0x63174BCC 0000005000 0000000001 0000005000    KMI sa delete chunk pool
0x63174BFC 0000005000 0000000001 0000005000    KMI notify chunk pool
0x63174C2C 0000005000 0000000001 0000005000    KMI num ipsec sas chunk pool
0x63174C5C 0000000756 0000000001 0000000756    KMI key mgr profile chunk pool
0x63174C8C 0000000756 0000000001 0000000756    KMI ipv6 delete chunk pool
0x63174CBC 0000020000 0000000001 0000020000    KMI sa request chunk pool
0x6
DEBUG:netmiko:read_channel: 
DEBUG:netmiko:read_channel: 
DEBUG:netmiko:read_channel: 
DEBUG:netmiko:read_channel: 
DEBUG:netmiko:read_channel: 
DEBUG:netmiko:read_channel: 
DEBUG:netmiko:read_channel: 
DEBUG:netmiko:read_channel: 3174CEC 0000010000 0000000001 0000010000    KMI sa list chunk pool
0x63174D1C 0000003000 0000000001 0000003000    KMI route chunk pool
0x63174E28 0000000024 0000000004 0000000096    KMI Client Table
0x63174E70 0000000224 0000000004 0000000896    KMI Msg Stats
0x631815BC 0000000024 0000000311 0000007464    Crypto IKEv2
0x63181600 0000000024 0000000554 0000013296    Crypto IKEv2
0x63195118 0000000148 0000000001 0000000148    Crypto IKEv2
0x63195C10 0000000024 0000000001 0000000024    Init
0x63195C9C 0000000024 0000000001 0000000024    Init
0x631E777C 0000010000 0000000001 0000010000    EzVPN Client Process
0x63236C7C 0000000024 0000000014 0000000336    IPS SME Name
0x6323C070 0000010000 0000000002 0000020000    IPS CAT string
0x6323C110 0000000068 0000000111 0000007548    IPS CAT struct
0x6323C4A8 0000010000 0000000001 0000010000    IPS CAT string chunk
0x6323C4C4 0000000200 0000000001 0000000200    IPS CAT Table head pointers
0x6323C548 0000000032 0000000003 0000000096    IPS CAT Table
0x6323C548 0000000048 0000000003 0000000144    IPS CAT Table
0x6323C548 0000000064 0000000004 0000000256    IPS CAT Table
0x6323C548 0000000080 0000000002 0000000160    IPS CAT Table
0x6323C548 0000000096 0000000002 0000000192    IPS CAT Table
0x6323C548 0000000112 0000000003 0000000336    IPS CAT Table
0x6323C548 0000000116 0000000001 0000000116    IPS CAT Table
0x6323C548 0000000128 0000000001 0000000128    IPS CAT Table
0x6323C548 0000000192 0000000001 0000000192    IPS CAT Table
0x6323C548 0000000272 0000000001 0000000272    IPS CAT Table
0x6323C548 0000000304 0000000001 0000000304    IPS CAT Table
0x63247960 0000016508 0000000001 0000016508    IPS AU chunk block
0x63261B24 0000000204 0000000001 0000000204    FWMIB protocol nodes
0x63261B24 0000005000 0000000001 0000005000    FWMIB protocol nodes
0x63262F68 0000000192 0000000001 0000000192    FWMIB target protocol nodes
0x63262F68 0000002000 0000000001 0000002000    FWMIB target protocol nodes
0x632772F8 0000056892 0000000001 0000056892    SMM pak token
0x63277614 0000000040 0000000006 0000000240    Init
0x632B1DB8 0000004096 0000000001 0000004096    FW hash tbl
0x632B1E40 0000000460 0000000001 0000000460    FW sis
0x632B1E40 0000065536 0000000001 0000065536    FW sis
0x632B1E78 0000001028 0000000001 0000001028    FW host entry
0x632B1E78 0000032768 0000000001 0000032768    FW host entry
0x632B1EAC 0000000924 0000000001 0000000924    FW ICMP extn
0x632B1EAC 0000005000 0000000001 0000005000    FW ICMP extn
0x632B1EE4 0000003212 0000000001 0000003212    FW SID
0x632B1EE4 0000065536 0000000001 0000065536    FW SID
0x632B1F18 0000001092 0000000001 0000001092    L2 FW
0x632B1F18 0000020000 0000000001 0000020000    L2 FW
0x632B1FFC 0000000640 0000000001 0000000640    FW SIP call info
0x632D1990 0000000764 0000000001 0000000764    FW FTP chunk
0x632D1990 0000065536 0000000001 0000065536    FW FTP chunk
0x632D621C 0000000156 0000000001 0000000156    FW SCCP CALL CTXT
0x632D621C 0000001500 0000000001 0000001500    FW SCCP CALL CTXT
0x632E01D4 0000001024 0000000001 0000001024    Init
0x632E0248 0000000024 0000000005 0000000120    Init
0x632E02C8 0000000024 0000000030 0000000720    Init
0x632E02C8 0000000056 0000000001 0000000056    Init
0x632E02C8 0000000060 0000000001 0000000060    Init
0x632E02EC 0000000024 0000000008 0000000192    Init
0x632E0314 0000000024 0000000040 0000000960    Init
0x632E3F78 0000001092 0000000001 0000001092    FW HTTP chunk
0x632E3F78 0000010000 0000000001 0000010000    FW HTTP chunk
0x633225F8 0000001192 0000000007 0000008344    Insp P2P Protocol
0x6332898C 0000003000 0000000001 0000003000    Crypto Dropped Packets Chunk
0x63328D08 0000003584 0000000001 0000003584    Init
0x63328D24 0000003584 0000000001 0000003584    Init
0x63328DB4 0000010000 0000000001 0000010000    Crypto conntable Chunk
0x63328DD8 0000005000 0000000001 0000005000    Crypto flowtable Chunk
0x6332A4CC 0000003292 0000000001 0000003292    Crypto Background Requests
0x6332C9FC 0000000032 0000000001 0000000032    CE info table
0x63333B84 0000020380 0000000001 0000020380    Init
0x63333BB4 0000020380 0000000001 0000020380    Init
0x6333FF10 0000000024 0000000001 0000000024    crypto_data_handler_info
0x63342B78 0000003000 0000000001 0000003000    IPSEC TED Chunk
0x63349A58 0000010000 0000000001 0000010000    SADB RootChunk
0x63349A84 0000000556 0000000001 0000000556    IPSEC If MAP Chunk
0x6334F580 0000005000 0000000001 0000005000    SADB SA Info Chunk
0x6334F5AC 0000001500 0000000001 0000001500    IPSEC transient spi Chunk
0x6334F5DC 0000010000 0000000001 0000010000    SADB SA Header List Chunk
0x6334F604 0000005000 0000000001 0000005000    IPSEC SA sibling Chunk
0x6334F618 0000014336 0000000001 0000014336    Init
0x63350020 0000010000 0000000001 0000010000    SADB Peering Chunk
0x633527B0 0000005000 0000000001 0000005000    IPSEC Ident list Chunk
0x633527DC 0000000556 0000000001 0000000556    IPv6 IPsec ACE struct chunk
0x6335363C 0000005708 0000000001 0000005708    IPSEC debug rate limit array Chunk
0x6337E970 0000002000 0000000001 0000002000    Coop fsm ctx chunk
0x63389444 0000000036 0000000001 0000000036    GM TREE WAVL HANDLE
0x6339564C 0000000024 0000000002 0000000048    Init
0x63395E68 0000000028 0000000005 0000000140    ipsmRing
0x63395EA4 0000000024 0000000002 0000000048    Init
0x63395EA4 0000000028 0000000003 0000000084    Init
0x633A5174 0000000904 0000000001 0000000904    crypto VDI
0x633A52CC 0000000024 0000000001 0000000024    crypto VDI avl node
0x633AD3D8 0000020000 0000000001 0000020000    EPM pmap node chunks
0x633B1124 0000001024 0000000001 0000001024    EPM session handle table
0x633B1150 0000010000 0000000001 0000010000    EPM session context chunks
0x633B1180 0000032768 0000000001 0000032768    EPM client context chunks
0x633B1788 0000010000 0000000001 0000010000    EPM session db chunks
0x633B29F0 0000005000 0000000001 0000005000    EPM data type list chunks
0x633B2A1C 0000032768 0000000001 0000032768    EPM feature chunks
0x634428C8 0000000080 0000000009 0000000720    Init
0x6344739C 0000002312 0000000001 0000002312    Redundancy Eve
0x6344739C 0000020000 0000000001 0000020000    Redundancy Eve
0x63447B30 0000002312 0000000001 0000002312    Redundancy Event Chunks
0x63447B30 0000020000 0000000001 0000020000    Redundancy Event Chunks
0x6344F044 0000000064 0000000128 0000008192    Init
0x63456444 0000010000 0000000001 0000010000    TT Feat prof Chunks
0x63456F34 0000000024 0000000001 0000000024    Srtp crypto engine status
0x63456F50 0000004004 0000000001 0000004004    Init
0x6345701C 0000000448 0000000001 0000000448    Srtp stream chunk
0x6345701C 0000005000 0000000001 0000005000    Srtp stream chunk
0x63457050 0000000256 0000000001 0000000256    
0x63457050 0000002000 0000000001 0000002000    
0x6345707C 0000000128 0000000001 0000000128    
0x6345707C 0000005000 0000000001 0000005000    
0x6345C1AC 0000000048 0000000001 0000000048    Init
0x634A38C0 0000004188 0000000001 0000004188    sslvpn url disp
0x634A38C0 0000032768 0000000001 0000032768    sslvpn url disp
0x634A38E8 0000000072 0000000001 0000000072    Init
0x634B3B34 0000001712 0000000001 0000001712    (coalesced) (Free Blocks)
0x634B5730 0000000032 0000000001 0000000032    HTTP Process
0x634BC50C 0000000708 0000000001 0000000708    webvpn session
0x634BC50C 0000065536 0000000001 0000065536    webvpn session
0x634C225C 0000006644 0000000001 0000006644    WEBVPN Queue Descriptor
0x634C225C 0000065536 0000000001 0000065536    WEBVPN Queue Descriptor
0x634D6050 0000000028 0000000001 0000000028    Init
0x634D6060 0000000024 0000000001 0000000024    Init
0x634D6078 0000000028 0000000001 0000000028    Init
0x634D6088 0000000024 0000000001 0000000024    Init
0x634F710C 0000012288 0000000001 0000012288    CIFS Proxy Process
0x634F9750 0000000200 0000000001 0000000200    HTTP Process
0x634FC938 0000016384 0000000001 0000016384    HTTP Process
0x634FCD44 0000003072 0000000001 0000003072    Init
0x634FCFE4 0000000072 0000000001 0000000072    HTTP Process
0x634FD010 0000016388 0000000001 0000016388    HTTP Process
0x634FD06C 0000001548 0000000001 0000001548    HTTP Process
0x634FD0BC 0000000404 0000000001 0000000404    HTTP Process
0x634FD800 0000004188 0000000001 0000004188    sslvpn socket bufdesc
0x634FD800 0000032768 0000000001 0000032768    sslvpn socket bufdesc
0x634FE2B4 0000000040 0000000001 0000000040    HTTP Process
0x635260F8 0000000084 0000000001 0000000084    FW zone
0x63526124 0000000024 0000000001 0000000024    Self Zone Name
0x6355D8D4 0000000024 0000001321 0000031704    Init
0x6355D8D4 0000000028 0000000001 0000000028    Init
0x6355D8D4 0000000036 0000000001 0000000036    Init
0x6355D8D4 0000000052 0000000001 0000000052    Init
0x6355D8D4 0000000056 0000000001 0000000056    Init
0x6355D8D4 0000000064 0000000007 0000000448    Init
0x6355D8D4 0000000072 0000000001 0000000072    Init
0x6355D8D4 0000000088 0000000002 0000000176    Init
0x6355D8D4 0000000096 0000000007 0000000672    Init
0x6355D8D4 0000000332 0000000001 0000000332    Init
0x6355D9E8 0000000032 0000000002 0000000064    Init
0x6355D9E8 0000004096 0000000001 0000004096    Init
0x63600F68 0000000024 0000000003 0000000072    Init
0x63601098 0000000024 0000000021 0000000504    Init
0x63601098 0000000036 0000000001 0000000036    Init
0x63601098 0000000052 0000000001 0000000052    Init
0x63601098 0000000056 0000000001 0000000056    Init
0x636010B0 0000000032 0000000024 0000000768    Init
0x63608820 0000001024 0000000024 0000024576    Init
0x6360D0A4 0000000024 0000000007 0000000168    Init
0x6360D0A4 0000000028 0000000004 0000000112    Init
0x6360D0A4 0000000032 0000000006 0000000192    Init
0x6360D0A4 0000000036 0000000004 0000000144    Init
0x6360D0A4 0000000040 0000000004 0000000160    Init
0x6360D0A4 0000000044 0000000007 0000000308    Init
0x6360D0A4 0000000048 0000000002 0000000096    Init
0x6360D0A4 0000000068 0000000001 0000000068    Init
0x6360D0A4 0000000088 0000000001 0000000088    Init
0x6360D154 0000000136 0000000036 0000004896    ENTMIB entPhysicalTable RBTree
0x6360D154 0000000152 0000000002 0000000304    O
DEBUG:netmiko:read_channel: 
DEBUG:netmiko:read_channel: 
DEBUG:netmiko:read_channel: 
DEBUG:netmiko:read_channel: 
DEBUG:netmiko:read_channel: 
DEBUG:netmiko:read_channel: 
DEBUG:netmiko:read_channel: 
DEBUG:netmiko:read_channel: SPF Network LSA RBTree
0x6360D154 0000000156 0000000001 0000000156    OSPF Summary LSA RBTree
0x6360D154 0000000172 0000000001 0000000172    OSPF Stub LSA RBTree
0x6360D154 0000000192 0000000002 0000000384    OSPF Type-7 AS LSA RBTree
0x6360D154 0000000200 0000000002 0000000400    OSPF Opaque Area LSA RBTree
0x6361293C 0000000184 0000000001 0000000184    Init
0x6361293C 0000000192 0000000001 0000000192    Init
0x6361293C 0000000220 0000000001 0000000220    Init
0x63616148 0000000024 0000000055 0000001320    *Init*
0x63616148 0000000040 0000000002 0000000080    Init
0x63616148 0000000088 0000000001 0000000088    Init
0x63616160 0000000024 0000000055 0000001320    *Init*
0x63616160 0000000040 0000000002 0000000080    Init
0x63616160 0000000048 0000000001 0000000048    Init
0x63616180 0000000024 0000000056 0000001344    *Init*
0x63616180 0000000040 0000000002 0000000080    Init
0x6361AA28 0000000068 0000000001 0000000068    Init
0x6361AB18 0000032768 0000000001 0000032768    Radix trie mask chunks
0x6361AB2C 0000000104 0000000004 0000000416    Init
0x6361E7FC 0000000024 0000000010 0000000240    *Init*
0x6361E7FC 0000000028 0000000005 0000000140    Init
0x6361E7FC 0000000032 0000000002 0000000064    Init
0x6361E7FC 0000000036 0000000001 0000000036    Init
0x6361E7FC 0000000048 0000000002 0000000096    *Init*
0x6361E7FC 0000000052 0000000001 0000000052    Init
0x6361E7FC 0000000064 0000000001 0000000064    Init
0x63620F38 0000000256 0000000034 0000008704    Init
0x63620F38 0000000308 0000000001 0000000308    Init
0x63620F38 0000032768 0000000001 0000032768    Init
0x63622DD8 0000000256 0000000003 0000000768    EIGRP-IPv6 summary
0x63622DD8 0000001756 0000000005 0000008780    IPv6 CEF fib tables
0x63622DD8 0000002000 0000000003 0000006000    EIGRP-IPv6 summary
0x63622DD8 0000002820 0000000002 0000005640    OSPF RIB tree
0x63622DD8 0000020000 0000000005 0000100000    IPv6 CEF fib tables
0x63622DD8 0000032768 0000000002 0000065536    OSPF RIB tree
0x63623EA0 0000000052 0000000001 0000000052    Init
0x63623EB4 0000000052 0000000001 0000000052    Init
0x63623F58 0000001520 0000000001 0000001520    acl subtree
0x63623F58 0000020000 0000000001 0000020000    acl subtree
0x63623FB8 0000000036 0000000001 0000000036    Init
0x63623FB8 0000000044 0000000001 0000000044    Init
0x63624958 0000000028 0000000012 0000000336    CCVPM_HDSPRM
0x6362498C 0000001600 0000000012 0000019200    CCVPM_HDSPRM
0x636249A0 0000000024 0000000012 0000000288    CCVPM_HDSPRM
0x636249B4 0000000024 0000000012 0000000288    CCVPM_HDSPRM
0x6362516C 0000000028 0000000012 0000000336    CCVPM_HDSPRM
0x63625194 0000000072 0000000012 0000000864    CCVPM_HDSPRM
0x6362CC9C 0000000064 0000000004 0000000256    SSM SEG freelist DB
0x6362CCD8 0000001500 0000000001 0000001500    SSM INFOTYPE freelist DB
0x6362CCD8 0000005000 0000000003 0000015000    SSM SEG freelist DB
0x6362DC08 0000001036 0000000004 0000004144    Minmax8u
0x6362DE9C 0000001028 0000000004 0000004112    Index Table Block
0x6362F2DC 0000000024 0000000021 0000000504    Init
0x6362F2DC 0000000052 0000000017 0000000884    Init
0x63630834 0000000044 0000000003 0000000132    Child Trees
0x63630834 0000000088 0000000001 0000000088    Child Trees
0x63630DC8 0000000264 0000000001 0000000264    Child Trees
0x63630EDC 0000000044 0000000005 0000000220    AToM Mgr VC Table
0x63630F1C 0000020000 0000000005 0000100000    Tree DB Node Chunk
0x6363D4D4 0000000024 0000000001 0000000024    Hashtable
0x6363D4F0 0000000128 0000000001 0000000128    Hashtable Buckets
0x6363DC5C 0000000028 0000000001 0000000028    Iterator (Free Blocks)
0x6363DC5C 0000000096 0000000001 0000000096    Iterator (Free Blocks)
0x6363DC94 0000000028 0000000001 0000000028    Iterator Hash Entry (Free Blocks)
0x6363DC94 0000000076 0000000001 0000000076    Iterator Hash Entry (Free Blocks)
0x63642610 0000001024 0000000001 0000001024    Init
0x63645B4C 0000000160 0000000249 0000039840    *Init*
0x63645B4C 0000000176 0000000001 0000000176    Init
0x63645B4C 0000000192 0000000001 0000000192    rf task
0x63645B4C 0000000200 0000000016 0000003200    Init
0x63645B4C 0000000204 0000000001 0000000204    TCP Protocols
0x0       0000000000 0000028280 0023103176    Pool Summary
0x0       0000000000 0000000017 0066391792    Pool Summary (Free Blocks)
0x0       0000000052 0000028297 0001471444    Pool Summary(All Block Headers)

          I/O memory

Alloc PC        Size     Blocks      Bytes    What

0x0       0000000028 0000000001 0000000028    (fragment) (Free Blocks)
0x601E4F38 0000006668 0000000001 0000006668    Counter DMA Buffer
0x602056A0 0000016396 0000000001 0000016396    sdma_dv_alloc
0x602056B0 0000016396 0000000001 0000016396    sdma_dv_alloc
0x60205798 0000000044 0000000001 0000000044    sdma_dv_alloc
0x60205838 0000002060 0000000001 0000002060    sdma_dv_alloc
0x60205848 0000002060 0000000001 0000002060    sdma_dv_alloc
0x60269134 0000004108 0000000001 0000004108    Init
0x6037A480 0000000972 0000000001 0000000972    Init
0x60559850 0000000268 0000000101 0000027068    *Packet Data*
0x60559850 0000000780 0000000076 0000059280    *Packet Data*
0x60559850 0000001708 0000000050 0000085400    *Packet Data*
0x60559850 0000004268 0000000002 0000008536    *Packet Data*
0x60559850 0000004684 0000000010 0000046840    *Packet Data*
0x60559850 0004098332 0000000001 0004098332    (fragment) (Free Blocks)
0x60586650 0000040972 0000000002 0000081944    bcm_stack_tag_buf_pool1
0x60586650 0000045068 0000000001 0000045068    IDS SM
0x60586650 0000065548 0000000002 0000131096    Normal
0x60586650 0000851980 0000000002 0001703960    FastEthernet0/0
0x60586650 0001036812 0000000001 0001036812    FastEthernet1/1
0x60586708 0000065548 0000000023 0001507604    Normal
0x6073B84C 0000262220 0000000002 0000524440    Init
0x6073B898 0000001068 0000000008 0000008544    Init
0x6073B8F8 0000002060 0000000004 0000008240    Init
0x0       0000000000 0000000292 0005323536    Pool Summary
0x0       0000000000 0000000002 0004098360    Pool Summary (Free Blocks)
0x0       0000000052 0000000294 0000015288    Pool Summary(All Block Headers)

0x0       0000000000 0000028572 0028426712    Memory Summary

0x0       0000000000 0000000019 0070490152    Memory Summary (Free Blocks)

------------------ show region ------------------


Region Manager:

      Start         End     Size(b)  Class  Media  Name
 0x0B700000  0x0BFFFFFF     9437184  Iomem  R/W    iomem
 0x60000000  0x6B6FFFFF   191889408  Local  R/W    main
 0x60008930  0x6365127F    56920400  IText  R/O    main:text
 0x63652000  0x6579BD5F    34905440  IData  R/W    main:data
 0x6504ECE0  0x6514B7FF     1035040  Local  R/W    data:firmware
 0x6579BD60  0x6613F91F    10107840  IBss   R/W    main:bss
 0x6613F920  0x6B6FFFFF    89917152  Local  R/W    main:heap
 0x80000000  0x8B6FFFFF   191889408  Local  R/W    main:(main_k0)
 0xA0000000  0xAB6FFFFF   191889408  Local  R/W    main:(main_k1)


Free Region Manager:

      Start         End     Size(b)  Class  Media  Name



------------------ show dmvpn detail ------------------

Legend: Attrb --> S - Static, D - Dynamic, I - Incompletea
	N - NATed, L - Local, X - No Socket
	# Ent --> Number of NHRP entries with same NBMA peer


------------------ show crypto ipsec client ezvpn ------------------


Easy VPN Remote Phase: 6

------------------ show ip nat statistics ------------------



------------------ show ip nat translations ------------------



------------------ show crypto map ------------------

No crypto maps found.


------------------ show access-list ------------------


Extended IP access list 102
    10 deny tcp any any eq ftp
    20 deny tcp any any eq ftp-data
    30 deny tcp any any eq telnet
    40 deny tcp any any eq www
    50 deny tcp any any eq whois
    60 deny tcp any any eq talk
    70 deny tcp any any eq gopher
    80 permit ip any any
Extended IP access list interface_acl
    10 permit udp any any eq 21862
    20 permit udp any eq bootpc any eq bootps
    30 permit udp any any eq domain
    40 permit tcp any host 10.0.200.30 eq www
    50 permit icmp any any
    60 deny ip any any
    70 permit tcp any host 190.1.1.9 eq www
    80 permit tcp any host 191.191.191.191 eq www
    90 permit tcp any host 192.192.192.192 eq www
    100 permit tcp any host 193.193.193.193 eq www
    110 permit tcp any host 194.194.194.194 eq www
    120 permit tcp any host 195.195.195.195 eq www
    130 permit tcp any host 196.196.196.196 eq www
    140 permit tcp any host 197.197.197.197 eq www
    150 permit tcp any host 198.198.198.198 eq www
    160 permit tcp any host 199.199.199.199 eq www

------------------ show crypto isakmp policy ------------------



Global IKE policy
Default protection suite
	encryption algorithm:	DES - Data Encryption Standard (56 bit keys).
	hash algorithm:		Secure Hash Standard
	authentication method:	Rivest-Shamir-Adleman Signature
	Diffie-Hellman group:	#1 (768 bit)
	lifetime:		86400 seconds, no volume limit

------------------ show crypto ipsec transform ------------------


DEBUG:netmiko:read_channel: 
DEBUG:netmiko:read_channel: 
DEBUG:netmiko:read_channel: 
DEBUG:netmiko:read_channel: 
DEBUG:netmiko:read_channel: 
DEBUG:netmiko:read_channel: 
DEBUG:netmiko:read_channel: 
DEBUG:netmiko:read_channel: 


------------------ show crypto ipsec profile ------------------



------------------ show crypto isakmp sa ------------------

IPv4 Crypto ISAKMP SA
dst             src             state          conn-id slot status

IPv6 Crypto ISAKMP SA


------------------ show crypto engine connection active ------------------


Crypto Engine Connections

   ID Interface  Type  Algorithm           Encrypt  Decrypt IP-Address


------------------ show crypto ipsec sa ------------------


No SAs found


CR-SW1#
DEBUG:netmiko:read_channel: 
DEBUG:netmiko:read_channel: 
DEBUG:netmiko:read_channel: 
DEBUG:netmiko:read_channel: 
DEBUG:netmiko:read_channel: 
DEBUG:netmiko:write_channel: b'\n'
DEBUG:netmiko:read_channel: 
DEBUG:netmiko:read_channel: 
DEBUG:netmiko:read_channel: 
DEBUG:netmiko:read_channel: 
DEBUG:netmiko:read_channel: 
DEBUG:netmiko:read_channel: 
CR-SW1#
DEBUG:netmiko:read_channel: 
DEBUG:netmiko:read_channel: 
DEBUG:netmiko:read_channel: 
DEBUG:netmiko:read_channel: 
DEBUG:netmiko:read_channel: 
DEBUG:netmiko:read_channel: 
DEBUG:netmiko:read_channel: 
DEBUG:netmiko:read_channel: 
DEBUG:netmiko:[find_prompt()]: prompt is CR-SW1#
DEBUG:netmiko:write_channel: b'\n'
DEBUG:netmiko:read_channel: 
DEBUG:netmiko:read_channel: 
DEBUG:netmiko:read_channel: 
CR-SW1#
DEBUG:netmiko:read_channel: 
DEBUG:netmiko:read_channel: 
DEBUG:netmiko:read_channel: 
DEBUG:netmiko:read_channel: 
DEBUG:netmiko:read_channel: 
DEBUG:netmiko:read_channel: 
DEBUG:netmiko:read_channel: 
DEBUG:netmiko:read_channel: 
DEBUG:netmiko:read_channel: 
DEBUG:netmiko:read_channel: 
DEBUG:netmiko:read_channel: 
DEBUG:netmiko:read_channel: 
DEBUG:netmiko:read_channel: 
DEBUG:netmiko:read_channel: 
DEBUG:netmiko:read_channel: 
DEBUG:netmiko:read_channel: 
DEBUG:netmiko:read_channel: 
DEBUG:netmiko:read_channel: 
DEBUG:netmiko:read_channel: 
DEBUG:netmiko:read_channel: 
DEBUG:netmiko:read_channel: 
DEBUG:netmiko:read_channel: 
DEBUG:netmiko:read_channel: 
DEBUG:netmiko:read_channel: 
DEBUG:netmiko:read_channel: 
DEBUG:netmiko:read_channel: 
DEBUG:netmiko:read_channel: 
DEBUG:netmiko:read_channel: 
DEBUG:netmiko:read_channel: 
DEBUG:netmiko:read_channel: 
DEBUG:netmiko:read_channel: 
DEBUG:netmiko:read_channel: 
DEBUG:netmiko:read_channel: 
DEBUG:netmiko:read_channel: 
DEBUG:netmiko:read_channel: 
DEBUG:netmiko:read_channel: 
DEBUG:netmiko:read_channel: 
DEBUG:netmiko:read_channel: 
DEBUG:netmiko:read_channel: 
DEBUG:netmiko:read_channel: 
DEBUG:netmiko:read_channel: 
DEBUG:netmiko:read_channel: 
DEBUG:netmiko:read_channel: 
DEBUG:netmiko:read_channel: 
DEBUG:netmiko:read_channel: 
DEBUG:netmiko:read_channel: 
DEBUG:netmiko:read_channel: 
DEBUG:netmiko:read_channel: 
DEBUG:netmiko:read_channel: 
DEBUG:netmiko:read_channel: 
DEBUG:netmiko:read_channel: 
DEBUG:netmiko:read_channel: 
DEBUG:netmiko:read_channel: 
DEBUG:netmiko:read_channel: 
DEBUG:netmiko:read_channel: 
DEBUG:netmiko:read_channel: 
DEBUG:netmiko:read_channel: 
DEBUG:netmiko:read_channel: 
DEBUG:netmiko:read_channel: 
DEBUG:netmiko:read_channel: 
DEBUG:netmiko:read_channel: 
DEBUG:netmiko:read_channel: 
DEBUG:netmiko:read_channel: 
DEBUG:netmiko:read_channel: 
DEBUG:netmiko:read_channel: 
DEBUG:netmiko:read_channel: 
DEBUG:netmiko:read_channel: 
DEBUG:netmiko:read_channel: 
DEBUG:netmiko:read_channel: 
DEBUG:netmiko:read_channel: 
DEBUG:netmiko:read_channel: 
DEBUG:netmiko:read_channel: 
DEBUG:netmiko:read_channel: 
DEBUG:netmiko:read_channel: 
DEBUG:netmiko:read_channel: 
DEBUG:netmiko:read_channel: 
DEBUG:netmiko:read_channel: 
DEBUG:netmiko:write_channel: b'exit\n'
DEBUG:paramiko.transport:EOF in transport thread
DEBUG:netmiko:read_channel: 
DEBUG:netmiko:read_channel: 
DEBUG:netmiko:read_channel: 
DEBUG:netmiko:read_channel: 
DEBUG:netmiko:read_channel: 
DEBUG:netmiko:read_channel: 
DEBUG:netmiko:read_channel: 
DEBUG:netmiko:read_channel: 
DEBUG:netmiko:read_channel: 
DEBUG:netmiko:read_channel: 
DEBUG:netmiko:read_channel: 
DEBUG:netmiko:read_channel: 
DEBUG:netmiko:read_channel: 
DEBUG:netmiko:read_channel: 
DEBUG:netmiko:read_channel: 
DEBUG:netmiko:read_channel: 
DEBUG:netmiko:read_channel: 
------------------ show memory statistics ------------------


                Head    Total(b)     Used(b)     Free(b)   Lowest(b)  Largest(b)
Processor   6558E400   396826796    52665464   344161332   343114556   329717932
      I/O    E000000    33554432     5795940    27758492    27745508    27735900
Transient   7D000000    16777216       15260    16761956    16760036    16761924

------------------ show process memory ------------------


Processor Pool Total:  396826796 Used:   52665348 Free:  344161448
      I/O Pool Total:   33554432 Used:    5795664 Free:   27758768
Transient Pool Total:   16777216 Used:      15252 Free:   16761964

 PID TTY  Allocated      Freed    Holding    Getbufs    Retbufs Process
   0   0   91585832   38217428   50750236        423        142 *Init*          
   0   0      12052     522208      12052          0          0 *Sched*         
   0   0   30867952   30040760     745332         18         18 *Dead*          
   0   0          0          0     394924          0          0 *MallocLite*    
   1   0      65588          0      72852          0          0 Chunk Manager   
   2   0        240        240       4264          0          0 Load Meter      
   3   2    1412184    1306592     114376        194        193 SSH Process     
   4   0          0          0       7264          0          0 RO Notify Timers
   5   0       4720        240      11744          0          0 Check heaps     
   6   0    4257540    4257540      74844         49          0 Pool Manager    
   7   0          0          0       7264          0          0 DiscardQ Backgro
   8   0        240        240       7264          0          0 Timers          
   9   0          0          0       4264          0          0 WATCH_AFS       
  10   0      45536        660      52140         43         43 ARP Input       
  11   0       4680       4680       7264          6          6 ARP Background  
  12   0        240        240       7264          0          0 ATM Idle Timer  
  13   0          0          0       7264          0          0 ATM ASYNC PROC  
  14   0          0          0       7264          0          0 AAA_SERVER_DEADT
  15   0          0          0      13264          0          0 Policy Manager  
  16   0      18028          0      25292         42         42 Entity MIB API  
  17   0       2948        240       9972          0          0 PrstVbl         
  18   0        240        240       7264          0          0 Serial Backgroun
  19   0          0          0       4264          0          0 RMI RM Notify Wa
  20   0        240        240       7264          0          0 DDR Timers      
  21   0        240        240      10264          0          0 ATM AutoVC Perio
  22   0        240        240       7264          0          0 ATM VC Auto Crea
  23   0          0          0       7264          0          0 IPC Event Notifi
  24   0          0          0       7264          0          0 IPC Mcast Pendin
  25   0          0          0       7264          0          0 IPC Dynamic Cach
  26   0          0          0       7264          0          0 IPC Service NonC
  27   0          0          0       7264          0          0 IPC Zone Manager
  28   0          0          0       7264          0          0 IPC Periodic Tim
  29   0          0          0       7264          0          0 IPC Deferred Por
  30   0          0          0       7264          0          0 IPC Process leve
  31   0       2104          0       9368          0          0 IPC Seat Manager
  32   0          0          0       7264          0          0 IPC Check Queue 
  33   0          0          0       7264          0          0 IPC Seat RX Cont
  34   0          0          0       7264          0          0 IPC Seat TX Cont
  35   0          0          0       7264          0          0 IPC Keep Alive M
  36   0          0          0       7264          0          0 IPC Loadometer  
  37   0          0          0       7264          0          0 Compute SRP rate
  38   0      10052          0      17316          4          4 EnvMon          
  39   0          0          0       7264          0          0 OIR Handler     
  40   0          0          0      25264          0          0 Crash writer    
  41   0        352          0       7616          0          0 Exception contro
  42   0          0          0       7264          0          0 ALARM_TRIGGER_SC
  43   0          0          0       7264          0          0 CEF MIB API     
  44   0        240        240       7264          0          0 GraphIt         
  45   0          0          0       7264          0          0 SERIAL A'detect 
  46   0        240        240      13264          0          0 Dialer event    
  47   0        240        240       7264          0          0 SMART           
  48   0          0          0      13264          0          0 RFS server proce
  49   0          0          0       7264          0          0 Critical Bkgnd  
  50   0     169464        304     114812        813        813 Net Background  
  51   0       1976       1976      13264          0          0 IDB Work        
  52   0        240        240      13264        222        222 Logger          
  53   0        240        240       7264          0          0 TTY Background  
  54   0       1512          0       8776          0          0 IF-MGR control p
  55   0          0          0       7264          0          0 IF-MGR event pro
  56   0          0          0       4264          0          0 Inode Table Dest
  57   0          0          0       7264          0          0 Transport Port A
  58   0        240        240      13264          0          0 INTR MGR PROCESS
  59   0          0          0       7264          0          0 HC Counter Timer
  60   0     170652    1092780     174928          0          0 EEM ED ND       
  61   0        240        240       7264          0          0 FEC_Link_event_h
  62   0          0          0       7264          0          0 POS APS Event Pr
  63   0          0          0       7264          0          0 SONET alarm time
  64   0        240        240       7264          0          0 Hawkeye Backgrou
  65   0          0          0       7264          0          0 CSP Timer       
  66   0          0          0       7264          0          0 FPD Management P
  67   0          0          0       7264          0          0 FPD Action Proce
  68   0       4568       4568       7684          0          0 Flash MIB Update
  69   0          0          0       4264          0          0 Flash Card Oir  
  70   0        240          0       4504          0          0 Async write proc
  71   0        240          0       4504          0          0 Async write proc
  72   0        240          0       4504          0          0 Async write proc
  73   0        240          0       4504          0          0 Async write proc
  74   0          0          0       4264          0          0 DFS flush period
  75   0      16832        240      23856          0          0 AAA Server      
  76   0          0          0       7264          0          0 AAA ACCT Proc   
  77   0      49384          0      56648          0          0 ACCT Periodic Pr
  78   0          0          0       7264          0          0 AAA System Acct 
  79   0          0          0       7304          0          0 Call Home Timer 
  80   0        240        240       7264          0          0 AAA Dictionary R
  81   0          0          0       7264          0          0 EAP Framework   
  82   0          0          0       7264          0          0 EAP Test        
  83   0          0          0      10264          0          0 HQF TUNNEL      
  84   0        240        240       7264          0          0 IPAM/ODAP Events
  85   0      49412          0      62676          0          0 IPAM Manager    
  86   0        240        240      13264          0          0 IPAM Events     
  87   0       3632          0      16896          0          0 IP ARP Adjacency
  88   0      33056          0      40320          0          0 IP ARP Retry Age
  89   0      48372      30024      14932       3036       3034 IP Input        
  90   0          0          0       7264          0          0 ICMP event handl
  91   0        240        240       7264          0          0 PIM register asy
  92   0        240        240       7264          0          0 TurboACL        
  93   0        240        240       7264          0          0 TurboACL chunk  
  94   0          0          0       7264          0          0 IPv6 ping proces
  95   0        240        240       7264          0          0 OCE punted Pkts 
  96   0          0          0       7264          0          0 O-UNI Client Msg
  97   0          0          0      13264          0          0 LSP Tunnel FRR  
  98   0          0          0      13264          0          0 MPLS Auto-Tunnel
  99   0      65588          0      90852          0          0 st_pw_oam       
 100   0          0          0       7264          0          0 AAA EPD HANDLER 
 101   0          0          0       7264          0          0 PM EPD API      
 102   0          0          0      13264          0          0 DM Proc         
 103   0        240        240       7264          0          0 PPP SIP         
 104   0        240        240       7264          0          0 PPP Bind        
 105   0        240        240      13264          0          0 PPP IP Route    
 107   0        240        240      13264          0          0 SSM connection m
 108   0        480        240       7504          0          0 Spanning Tree   
 109   0          0          0       7264          0          0 VRRS            
 110   0        224          0      13488          0          0 CEF switching ba
 111   0        224          0       4488          0          0 ADJ NSF process 
 112   0        240        240      13264          0          0 ATM OAM Input   
 113   0        240        240      13264          0          0 ATM OAM TIMER   
 114   0        240        240       7264         78         78 MOP Protocols   
 115   0          0          0      13264          0          0 SSS Manager     
 116   0          0          0      13264          0          0 SSS Policy Manag
 117   0       7604          0      14868          0          0 SSS Feature Mana
 118   0          0          0       7264          0          0 SSS Feature Time
 119   0          0          0      13264          0          0 SSS PM SHIM QOS 
 120   0          0          0       7264          0          0 Timer handler fo
 121   0          0          0       7264          0          0 Prepaid response
 122   0          0          0       7264          0          0 Timed Policy act
 123   0          0          0       7264          0          0 AAA response han
 124   0        240        240      13264          0          0 KRB5 AAA        
 125   0          0          0       7264          0          0 delayed evt hand
 126   0          0          0       7264          0          0 AC Switch       
 127   0          0          0       7264          0          0 ISG CMD HANDLER 
 128   0          0          0       7264          0          0 IP Lite session 
 129   0        240        240       7264          0          0 IP PORTBUNDLE   
 130   0        240        240      13264          0          0 IP Static Sessio
 131   0          0          0       7264          0          0 RADIUS Proxy    
 132   0          0          0       7264          0          0 FRR Background P
 133   0      21876        176      35140          0          0 CEF background p
 134   0        224          0      13488          0          0 fib_fib_bfd_sb e
 135   0          0          0      10264          0          0 IP IRDP         
 136   0          0          0       7332          0          0 SNMP Timers     
 137   0          0          0      13264          0          0 Routing Topology
 138   0      29480       7184      30316          0          0 IP RIB Update   
 139   0      42424      13588      44252          0          0 IP Background   
 140   0      43192        320      53136          0          0 IP Connected Rou
 141   0    1942900     328572     589400       1007       1007 CDP Protocol    
 143   0          0          0       7264          0          0 IP Traceroute   
 144   0          0          0       7264          0          0 Socket Timers   
 145   0        560          0       7824          0          0 Service Routing 
 146   0      14736       5080      16920          0          0 SR CapMan Proces
 147   0        240        376       7264          0          0 Flow Exporter Ti
 148   0          0          0      13264         35         35 TCP Timer       
 149   0     440748          0      15356          0          0 TCP Protocols   
 150   0        944          0      11208          0          0 HTTP CORE       
 151   0        224          0      10488          0          0 Tunnel FIB      
 152   0          0          0       7264          0          0 HQF Output Shape
 153   0          0          0       7264          0          0 HQF Input Shaper
 154   0      12224      13328      13488          0          0 CEF: IPv4 proces
 155   0        224          0       7488          0          0 ADJ background  
 156   0        224          0      13488          0          0 Collection proce
 158   0       8420          0      15612          2          2 SSH Event handle
 159   0        224          0      13488          0          0 MFIB Master back
 160   0        480        240      10504          0          0 Multicast Offloa
 161   0        480        240      10504          0          0 MVPN mgr Process
 162   0        240        240      10264          0          0 static          
 163   0          0          0      10264          0          0 IPv6 RIB Cleanup
 164   0          0          0      10264          0          0 IPv6 RIB Event H
 165   0       3272       1536      10536          0          0 VPWS Thread     
 166   0       2276        464       9076          0          0 LFDp Input Proc 
 167   0      38344      38344       7264          0          0 QoS stats proces
 168   0      85324        240      26520          0          0 SCTP Main Proces
 169   0        240        240       7264          0          0 PPP Compress Inp
 170   0        240        240       7264          0          0 PPP Compress Res
 171   0        224          0      13488          0          0 ADJ resolve proc
 172   0        944          0      62208          0          0 COPS            
 173   0        240        240       7264          0          0 Dialer Forwarder
 174   0          0          0       7264          0          0 RARP Input      
 175   0        240        240       7264          0          0 PPP NBF         
 176   0        480        240       4504          0          0 PfR BR Learn    
 177   0          0          0       7264          0          0 PAD InCall      
 178   0        240        240      13264          0          0 X.25 Background 
 179   0          0          0       7264          0          0 X.25 Encaps Mana
 180   0        240        240       7264          0          0 RBSCP Background
 181   0          0          0      13264          0          0 VPDN call manage
 182   0          0          0       7264          0          0 XC RIB MGR      
 183   0          0          0       7264          0          0 ac_atm_state_eve
 184   0          0          0       7264          0          0 ac_atm_mraps_hsp
 185   0        240        240       4264          0          0 L2X Switching Ev
 186   0        240        240      13264          0          0 IP Inband Sessio
 187   0      66740          0      74004          0          0 DHCP SIP        
 188   0        240        240      13264          0          0 IP SIP Process  
 189   0      10284      15144      11784          0          0 PMIPV6 Thread   
 190   0        240        240       7264          0          0 AAA Cached Serve
 191   0          0          0       7264          0          0 EM Background Pr
 192   0          0          0       7264          0          0 IDMGR CORE      
 193   0          0          0       7264          0          0 Key chain liveke
 194   0       5952       5952       7264          0          0 LOCAL AAA       
 195   0          0          0      13264          0          0 MPLS Auto Mesh P
 197   0        240        240       7264          0          0 ENABLE AAA      
 198   0        240        240       7264          0          0 LINE AAA        
 199   0      66828        240       8068          0          0 TPLUS           
 200   0      59644      58156       8752          3          3 NIST rng proc   
 201   0      49624        240      56648          0          0 Timer Library   
 202   0        240        240       7264          0          0 Crypto Support  
 203   0          0          0       7264          0          0 IPSECv6 PS Proc 
 204   0     437060     435624       8700          0          0 crypto engine pr
 205   0     225108     188852      49596          1          1 Crypto CA       
 206   0          0          0      13264          0          0 Crypto PKI-CRL  
 207   0          0          0      13264          0          0 encrypt proc    
 208   0     213584     335912       7804          0          0 crypto sw pk pro
 209   0          0          0      10264          0          0 QOS PERUSER     
 210   0        240        240       7264          0          0 GDOI GM Process 
 211   0          0          0       7264          0          0 UNICAST REKEY   
 212   0          0          0       7264          0          0 UNICAST REKEY AC
 213   0        240        520       7264          0          0 CRYPTO MAP FREE 
 214   0          0          0      13264          0          0 Crypto INT      
 215   0        240        240      13264          0          0 Crypto IKE Dispa
 216   0      10356        240      23380          1          1 Crypto IKMP     
 217   0          0          0      10264          0          0 IPSEC manual key
 218   0     268204       4372      13504          1          1 IPSEC key engine
 219   0          0          0      25264          0          0 Crypto ACL      
 220   0          0          0       7264          0          0 Crypto PAS Proc 
 221   0          0          0      13264          0          0 IPSec background
 222   0     123776        240     136800       2378       2378 Crypto IKEv2    
 223   0          0          0       7264          0          0 IKEv2 AAA handle
 224   0        240      11520       7264          0          0 AAA SEND STOP EV
 225   0          0          0      13264          0          0 Test AAA Client 
 226   0     363956       5052     369168        126         94 EEM ED Syslog   
 227   0     270400       5052     275612         25         25 EEM ED Generic  
 228   0      16800       5052      22012          0          0 EEM ED Track    
 229   0      11868       5076      17056          0          0 EEM ED Routing  
 230   0      12144       5076      17332          0          0 EEM ED Resource 
 232   0          0          0       7264          0          0 Syslog Traps    
 233   0        240        240       7264          0          0 RMON Recycle Pro
 234   0        240        240       7264          0          0 RMON Deferred Se
 236   0        240        240       7264          0          0 cerf_daemon_proc
 237   0        240        240      13264          0          0 ISG MIB jobs Man
 238   0          0          0      13264          0          0 IKEv2 FlexVPN Pr
 239   0    1281704      17964    1270940          0          0 EEM Server      
 240   0      93736      38176      82016          0          0 Call Home proces
 241   0      14600       1208      23656          0          0 EEM Policy Direc
 243   0      11804       5076      16992          0          0 EEM ED CLI      
 244   0      11800       5076      16988          0          0 EEM ED Counter  
 245   0      12312       5180      17332          0          0 EEM ED Interface
 246   0      11800       5076      16988          0          0 EEM ED IOSWD    
 247   0      11592       4988      16868          0          0 EEM ED None     
 248   0      12024       5216      17240          0          0 EEM ED OIR      
 249   0          0          0       7168          0          0 Inter Chassis Pr
 250   0      11600       4988      16876          0          0 EEM ED SNMP     
 251   0      11708       5068      16904          0          0 EEM ED SNMP Obje
 252   0      11724       4988      17000          0          0 EEM ED SNMP Noti
 253   0      11684       4988      16960          0          0 EEM ED Timer    
 254   0      11544       4988      16820          0          0 EEM ED Test     
 255   0      11544       4988      16820          0          0 EEM ED Config   
 256   0      11544       4988      16820          0          0 EEM ED Env      
 258   0      16764       4988      22040          0          0 EEM ED Nf       
 259   0      11588       5012      16840          0          0 EEM ED Ipsla    
 260   0      31644      31644      13264        131        131 Syslog          
 261   0      16884       5156      22160          0          0 EEM ED RPC      
 262   0       1056          0       8320          0          0 RMON Packets    
 263   0          0          0       7264          0          0 IP SLAs Ethernet
 264   0          0          0       7264         34         34 Net Input       
 265   0        240        240       7264          0          0 Compute load avg
 266   0          0          0       7264          0          0 Per-minute Jobs 
 267   0          0          0      10264          0          0 Per-Second Jobs 
 268   0     116864        240     129888          0          0 MRIB Process    
 269   0      11252        480      18036          0          0 EEM Helper Threa
 271   0      50084       1192      55480          0          0 EIGRP-IPv4      
 272   0          0          0       7128        822        822 EIGRP-IPv4 Hello
                                 58471464 Total

------------------ show process cpu ------------------


CPU utilization for five seconds: 40%/100%; one minute: 15%; five minutes: 8%
 PID Runtime(ms)     Invoked      uSecs   5Sec   1Min   5Min TTY Process 
   1           0           2          0  0.00%  0.00%  0.00%   0 Chunk Manager    
   2        3184         764       4167  0.15%  0.08%  0.08%   0 Load Meter       
   3        6468         372      17387 37.37%  8.90%  2.02%   2 SSH Process      
   4           4           1       4000  0.00%  0.00%  0.00%   0 RO Notify Timers 
   5       70764        3708      19084  0.00%  2.20%  2.05%   0 Check heaps      
   6         172          64       2687  0.00%  0.00%  0.00%   0 Pool Manager     
   7           0           1          0  0.00%  0.00%  0.00%   0 DiscardQ Backgro 
   8           0           2          0  0.00%  0.00%  0.00%   0 Timers           
   9          48         804         59  0.07%  0.00%  0.00%   0 WATCH_AFS        
  10         108          36       3000  0.00%  0.00%  0.00%   0 ARP Input        
  11         264        3978         66  0.00%  0.00%  0.00%   0 ARP Background   
  12           0           2          0  0.00%  0.00%  0.00%   0 ATM Idle Timer   
  13           0           1          0  0.00%  0.00%  0.00%   0 ATM ASYNC PROC   
  14           0           1          0  0.00%  0.00%  0.00%   0 AAA_SERVER_DEADT 
  15           0           1          0  0.00%  0.00%  0.00%   0 Policy Manager   
  16          12           4       3000  0.00%  0.00%  0.00%   0 Entity MIB API   
  17         284           3      94666  0.00%  0.00%  0.00%   0 PrstVbl          
  18           0           2          0  0.00%  0.00%  0.00%   0 Serial Backgroun 
  19           0           1          0  0.00%  0.00%  0.00%   0 RMI RM Notify Wa 
  20           0           2          0  0.00%  0.00%  0.00%   0 DDR Timers       
  21           4           2       2000  0.00%  0.00%  0.00%   0 ATM AutoVC Perio 
  22           0           2          0  0.00%  0.00%  0.00%   0 ATM VC Auto Crea 
  23          16         763         20  0.00%  0.00%  0.00%   0 IPC Event Notifi 
  24         152        3713         40  0.00%  0.01%  0.00%   0 IPC Mcast Pendin 
  25           0          64          0  0.00%  0.00%  0.00%   0 IPC Dynamic Cach 
  26          12         763         15  0.00%  0.00%  0.00%   0 IPC Service NonC 
  27           0           1          0  0.00%  0.00%  0.00%   0 IPC Zone Manager 
  28         160        3713         43  0.00%  0.00%  0.00%   0 IPC Periodic Tim 
  29         104        3713         28  0.07%  0.00%  0.00%   0 IPC Deferred Por 
  30           0           1          0  0.00%  0.00%  0.00%   0 IPC Process leve 
  31           0           1          0  0.00%  0.00%  0.00%   0 IPC Seat Manager 
  32           4         218         18  0.00%  0.00%  0.00%   0 IPC Check Queue  
  33           0           1          0  0.00%  0.00%  0.00%   0 IPC Seat RX Cont 
  34           0           1          0  0.00%  0.00%  0.00%   0 IPC Seat TX Cont 
  35           4         382         10  0.00%  0.00%  0.00%   0 IPC Keep Alive M 
  36          12         763         15  0.00%  0.00%  0.00%   0 IPC Loadometer   
  37           8         383         20  0.00%  0.00%  0.00%   0 Compute SRP rate 
  38         216        3797         56  0.00%  0.00%  0.00%   0 EnvMon           
  39           0           1          0  0.00%  0.00%  0.00%   0 OIR Handler      
  40           0           1          0  0.00%  0.00%  0.00%   0 Crash writer     
  41           0           1          0  0.00%  0.00%  0.00%   0 Exception contro 
  42          44         738         59  0.00%  0.00%  0.00%   0 ALARM_TRIGGER_SC 
  43           0           1          0  0.00%  0.00%  0.00%   0 CEF MIB API      
  44         560        3810        146  0.00%  0.01%  0.00%   0 GraphIt          
  45           0           1          0  0.00%  0.00%  0.00%   0 SERIAL A'detect  
  46           0           2          0  0.00%  0.00%  0.00%   0 Dialer event     
  47           4           2       2000  0.00%  0.00%  0.00%   0 SMART            
  48           0           1          0  0.00%  0.00%  0.00%   0 RFS server proce 
  49           0           1          0  0.00%  0.00%  0.00%   0 Critical Bkgnd   
  50         936        2008        466  0.07%  0.05%  0.06%   0 Net Background   
  51           0           2          0  0.00%  0.00%  0.00%   0 IDB Work         
  52          48         179        268  0.00%  0.00%  0.00%   0 Logger           
  53         904        3788        238  0.00%  0.01%  0.00%   0 TTY Background   
  54          28          11       2545  0.00%  0.00%  0.00%   0 IF-MGR control p 
  55           8          16        500  0.00%  0.00%  0.00%   0 IF-MGR event pro 
  56           0           1          0  0.00%  0.00%  0.00%   0 Inode Table Dest 
  57           0           1          0  0.00%  0.00%  0.00%   0 Transport Port A 
  58           4           2       2000  0.00%  0.00%  0.00%   0 INTR MGR PROCESS 
  59       19080        1139      16751  0.38%  0.50%  0.51%   0 HC Counter Timer 
  60         896         710       1261  0.00%  0.02%  0.00%   0 EEM ED ND        
  61           0           2          0  0.00%  0.00%  0.00%   0 FEC_Link_event_h 
  62           0           1          0  0.00%  0.00%  0.00%   0 POS APS Event Pr 
  63           0           1          0  0.00%  0.00%  0.00%   0 SONET alarm time 
  64           0           2          0  0.00%  0.00%  0.00%   0 Hawkeye Backgrou 
  65           0           1          0  0.00%  0.00%  0.00%   0 CSP Timer        
  66           0           1          0  0.00%  0.00%  0.00%   0 FPD Management P 
  67           0           1          0  0.00%  0.00%  0.00%   0 FPD Action Proce 
  68           4           2       2000  0.00%  0.00%  0.00%   0 Flash MIB Update 
  69           0           1          0  0.00%  0.00%  0.00%   0 Flash Card Oir   
  70           0           1          0  0.00%  0.00%  0.00%   0 Async write proc 
  71           0           1          0  0.00%  0.00%  0.00%   0 Async write proc 
  72           0           1          0  0.00%  0.00%  0.00%   0 Async write proc 
  73           0           1          0  0.00%  0.00%  0.00%   0 Async write proc 
  74           4          64         62  0.00%  0.00%  0.00%   0 DFS flush period 
  75          48          60        800  0.00%  0.00%  0.00%   0 AAA Server       
  76           0           1          0  0.00%  0.00%  0.00%   0 AAA ACCT Proc    
  77           0           1          0  0.00%  0.00%  0.00%   0 ACCT Periodic Pr 
  78           0           1          0  0.00%  0.00%  0.00%   0 AAA System Acct  
  79           8          64        125  0.00%  0.00%  0.00%   0 Call Home Timer  
  80           4           2       2000  0.00%  0.00%  0.00%   0 AAA Dictionary R 
  81           0           1          0  0.00%  0.00%  0.00%   0 EAP Framework    
  82           0           1          0  0.00%  0.00%  0.00%   0 EAP Test         
  83           0           1          0  0.00%  0.00%  0.00%   0 HQF TUNNEL       
  84           0           2          0  0.00%  0.00%  0.00%   0 IPAM/ODAP Events 
  85        3736      115196         32  0.07%  0.17%  0.17%   0 IPAM Manager     
  86           0           2          0  0.00%  0.00%  0.00%   0 IPAM Events      
  87          12           2       6000  0.00%  0.00%  0.00%   0 IP ARP Adjacency 
  88        3548      115195         30  0.07%  0.16%  0.16%   0 IP ARP Retry Age 
  89        2756        1893       1455  0.07%  0.15%  0.07%   0 IP Input         
  90           0           1          0  0.00%  0.00%  0.00%   0 ICMP event handl 
  91           0           3          0  0.00%  0.00%  0.00%   0 PIM register asy 
  92           0           4          0  0.00%  0.00%  0.00%   0 TurboACL         
  93           0           2          0  0.00%  0.00%  0.00%   0 TurboACL chunk   
  94           0           1          0  0.00%  0.00%  0.00%   0 IPv6 ping proces 
  95           0           2          0  0.00%  0.00%  0.00%   0 OCE punted Pkts  
  96           0           1          0  0.00%  0.00%  0.00%   0 O-UNI Client Msg 
  97           0           1          0  0.00%  0.00%  0.00%   0 LSP Tunnel FRR   
  98           0           1          0  0.00%  0.00%  0.00%   0 MPLS Auto-Tunnel 
  99           4           1       4000  0.00%  0.00%  0.00%   0 st_pw_oam        
 100           0           1          0  0.00%  0.00%  0.00%   0 AAA EPD HANDLER  
 101           0           1          0  0.00%  0.00%  0.00%   0 PM EPD API       
 102           0           1          0  0.00%  0.00%  0.00%   0 DM Proc          
 103           0           2          0  0.00%  0.00%  0.00%   0 PPP SIP          
 104           0           2          0  0.00%  0.00%  0.00%   0 PPP Bind         
 105           4           2       2000  0.00%  0.00%  0.00%   0 PPP IP Route     
 107           0           2          0  0.00%  0.00%  0.00%   0 SSM connection m 
 108           0           2          0  0.00%  0.00%  0.00%   0 Spanning Tree    
 109           0           1          0  0.00%  0.00%  0.00%   0 VRRS             
 110           0           2          0  0.00%  0.00%  0.00%   0 CEF switching ba 
 111           4           1       4000  0.00%  0.00%  0.00%   0 ADJ NSF process  
 112           4           2       2000  0.00%  0.00%  0.00%   0 ATM OAM Input    
 113           0           2          0  0.00%  0.00%  0.00%   0 ATM OAM TIMER    
 114          56          73        767  0.00%  0.00%  0.00%   0 MOP Protocols    
 115           0           1          0  0.00%  0.00%  0.00%   0 SSS Manager      
 116           0           1          0  0.00%  0.00%  0.00%   0 SSS Policy Manag 
 117           4           1       4000  0.00%  0.00%  0.00%   0 SSS Feature Mana 
 118         692       14831         46  0.00%  0.03%  0.00%   0 SSS Feature Time 
 119           0           1          0  0.00%  0.00%  0.00%   0 SSS PM SHIM QOS  
 120           0           1          0  0.00%  0.00%  0.00%   0 Timer handler fo 
 121           0           1          0  0.00%  0.00%  0.00%   0 Prepaid response 
 122           0           1          0  0.00%  0.00%  0.00%   0 Timed Policy act 
 123           0           1          0  0.00%  0.00%  0.00%   0 AAA response han 
 124           0           2          0  0.00%  0.00%  0.00%   0 KRB5 AAA         
 125           0           1          0  0.00%  0.00%  0.00%   0 delayed evt hand 
 126           0           1          0  0.00%  0.00%  0.00%   0 AC Switch        
 127           0           1          0  0.00%  0.00%  0.00%   0 ISG CMD HANDLER  
 128          56         932         60  0.00%  0.00%  0.00%   0 IP Lite session  
 129           0           2          0  0.00%  0.00%  0.00%   0 IP PORTBUNDLE    
 130          44         932         47  0.00%  0.00%  0.00%   0 IP Static Sessio 
 131           0           1          0  0.00%  0.00%  0.00%   0 RADIUS Proxy     
 132           4          64         62  0.00%  0.00%  0.00%   0 FRR Background P 
 133          72          78        923  0.00%  0.00%  0.00%   0 CEF background p 
 134           0           1          0  0.00%  0.00%  0.00%   0 fib_fib_bfd_sb e 
 135           0           1          0  0.00%  0.00%  0.00%   0 IP IRDP          
 136           0           1          0  0.00%  0.00%  0.00%   0 SNMP Timers      
 137           0           2          0  0.00%  0.00%  0.00%   0 Routing Topology 
 138         124          18       6888  0.00%  0.00%  0.00%   0 IP RIB Update    
 139          64          71        901  0.00%  0.00%  0.00%   0 IP Background    
 140         160          29       5517  0.00%  0.00%  0.00%   0 IP Connected Rou 
 141        3224        1144       2818  0.00%  0.06%  0.07%   0 CDP Protocol     
 143           0           1          0  0.00%  0.00%  0.00%   0 IP Traceroute    
 144           0           1          0  0.00%  0.00%  0.00%   0 Socket Timers    
 145           0           3          0  0.00%  0.00%  0.00%   0 Service Routing  
 146          12           6       2000  0.00%  0.00%  0.00%   0 SR CapMan Proces 
 147           4           4       1000  0.00%  0.00%  0.00%   0 Flow Exporter Ti 
 148         340        1118        304  0.00%  0.00%  0.00%   0 TCP Timer        
 149         400          57       7017  0.00%  0.01%  0.00%   0 TCP Protocols    
 150           0          13          0  0.00%  0.00%  0.00%   0 HTTP CORE        
 151           4           1       4000  0.00%  0.00%  0.00%   0 Tunnel FIB       
 152           0           2          0  0.00%  0.00%  0.00%   0 HQF Output Shape 
 153           0           2          0  0.00%  0.00%  0.00%   0 HQF Input Shaper 
 154        1552        5392        287  0.00%  0.03%  0.02%   0 CEF: IPv4 proces 
 155           0           2          0  0.00%  0.00%  0.00%   0 ADJ background   
 156           0           3          0  0.00%  0.00%  0.00%   0 Collection proce 
 158           4           4       1000  0.00%  0.00%  0.00%   0 SSH Event handle 
 159           8           3       2666  0.00%  0.00%  0.00%   0 MFIB Master back 
 160           0           2          0  0.00%  0.00%  0.00%   0 Multicast Offloa 
 161           4           4       1000  0.00%  0.00%  0.00%   0 MVPN mgr Process 
 162           0           2          0  0.00%  0.00%  0.00%   0 static           
 163           0           1          0  0.00%  0.00%  0.00%   0 IPv6 RIB Cleanup 
 164           0           1          0  0.00%  0.00%  0.00%   0 IPv6 RIB Event H 
 165          16           2       8000  0.00%  0.00%  0.00%   0 VPWS Thread      
 166           4           2       2000  0.00%  0.00%  0.00%   0 LFDp Input Proc  
 167          28         378         74  0.00%  0.00%  0.00%   0 QoS stats proces 
 168           4           2       2000  0.00%  0.00%  0.00%   0 SCTP Main Proces 
 169           0           2          0  0.00%  0.00%  0.00%   0 PPP Compress Inp 
 170           0           2          0  0.00%  0.00%  0.00%   0 PPP Compress Res 
 171           0           2          0  0.00%  0.00%  0.00%   0 ADJ resolve proc 
 172           0           1          0  0.00%  0.00%  0.00%   0 COPS             
 173           0           2          0  0.00%  0.00%  0.00%   0 Dialer Forwarder 
 174           0           1          0  0.00%  0.00%  0.00%   0 RARP Input       
 175           0           2          0  0.00%  0.00%  0.00%   0 PPP NBF          
 176         704        3779        186  0.00%  0.02%  0.00%   0 PfR BR Learn     
 177           0           1          0  0.00%  0.00%  0.00%   0 PAD InCall       
 178           0           2          0  0.00%  0.00%  0.00%   0 X.25 Background  
 179           0           1          0  0.00%  0.00%  0.00%   0 X.25 Encaps Mana 
 180        1216       37581         32  0.07%  0.07%  0.07%   0 RBSCP Background 
 181           0           1          0  0.00%  0.00%  0.00%   0 VPDN call manage 
 182           0           1          0  0.00%  0.00%  0.00%   0 XC RIB MGR       
 183           0           1          0  0.00%  0.00%  0.00%   0 ac_atm_state_eve 
 184           0           1          0  0.00%  0.00%  0.00%   0 ac_atm_mraps_hsp 
 185           0           2          0  0.00%  0.00%  0.00%   0 L2X Switching Ev 
 186           0           2          0  0.00%  0.00%  0.00%   0 IP Inband Sessio 
 187           4           1       4000  0.00%  0.00%  0.00%   0 DHCP SIP         
 188        1836         938       1957  0.00%  0.02%  0.08%   0 IP SIP Process   
 189          92          89       1033  0.00%  0.00%  0.00%   0 PMIPV6 Thread    
 190           4           2       2000  0.00%  0.00%  0.00%   0 AAA Cached Serve 
 191           0           1          0  0.00%  0.00%  0.00%   0 EM Background Pr 
 192           0           1          0  0.00%  0.00%  0.00%   0 IDMGR CORE       
 193           0           1          0  0.00%  0.00%  0.00%   0 Key chain liveke 
 194          76          60       1266  0.00%  0.00%  0.00%   0 LOCAL AAA        
 195           0           5          0  0.00%  0.00%  0.00%   0 MPLS Auto Mesh P 
 197           0           2          0  0.00%  0.00%  0.00%   0 ENABLE AAA       
 198           0           2          0  0.00%  0.00%  0.00%   0 LINE AAA         
 199           0           2          0  0.00%  0.00%  0.00%   0 TPLUS            
 200          44           2      22000  0.00%  0.00%  0.00%   0 NIST rng proc    
 201         364        7396         49  0.00%  0.01%  0.00%   0 Timer Library    
 202           0           2          0  0.00%  0.00%  0.00%   0 Crypto Support   
 203           0           1          0  0.00%  0.00%  0.00%   0 IPSECv6 PS Proc  
 204        1100          50      22000  0.00%  0.00%  0.00%   0 crypto engine pr 
 205        2824           4     706000  0.00%  0.00%  0.00%   0 Crypto CA        
 206           0           1          0  0.00%  0.00%  0.00%   0 Crypto PKI-CRL   
 207           0           1          0  0.00%  0.00%  0.00%   0 encrypt proc     
 208         544          63       8634  0.00%  0.00%  0.00%   0 crypto sw pk pro 
 209           0           1          0  0.00%  0.00%  0.00%   0 QOS PERUSER      
 210           0           2          0  0.00%  0.00%  0.00%   0 GDOI GM Process  
 211           0           1          0  0.00%  0.00%  0.00%   0 UNICAST REKEY    
 212           0           1          0  0.00%  0.00%  0.00%   0 UNICAST REKEY AC 
 213           0           3          0  0.00%  0.00%  0.00%   0 CRYPTO MAP FREE  
 214           0           1          0  0.00%  0.00%  0.00%   0 Crypto INT       
 215           4           2       2000  0.00%  0.00%  0.00%   0 Crypto IKE Dispa 
 216           8           3       2666  0.00%  0.00%  0.00%   0 Crypto IKMP      
 217           0           1          0  0.00%  0.00%  0.00%   0 IPSEC manual key 
 218          88         192        458  0.00%  0.00%  0.00%   0 IPSEC key engine 
 219           0           1          0  0.00%  0.00%  0.00%   0 Crypto ACL       
 220           0           1          0  0.00%  0.00%  0.00%   0 Crypto PAS Proc  
 221           4           1       4000  0.00%  0.00%  0.00%   0 IPSec background 
 222        1044        3807        274  0.07%  0.02%  0.01%   0 Crypto IKEv2     
 223           0           1          0  0.00%  0.00%  0.00%   0 IKEv2 AAA handle 
 224          28          30        933  0.00%  0.00%  0.00%   0 AAA SEND STOP EV 
 225           0           1          0  0.00%  0.00%  0.00%   0 Test AAA Client  
 226         156         111       1405  0.00%  0.00%  0.00%   0 EEM ED Syslog    
 227          32          16       2000  0.00%  0.00%  0.00%   0 EEM ED Generic   
 228          16           4       4000  0.00%  0.00%  0.00%   0 EEM ED Track     
 229           8           4       2000  0.00%  0.00%  0.00%   0 EEM ED Routing   
 230          16           4       4000  0.00%  0.00%  0.00%   0 EEM ED Resource  
 232           0           1          0  0.00%  0.00%  0.00%   0 Syslog Traps     
 233          16         383         41  0.00%  0.00%  0.00%   0 RMON Recycle Pro 
 234           0           2          0  0.00%  0.00%  0.00%   0 RMON Deferred Se 
 236         348        3779         92  0.07%  0.02%  0.00%   0 cerf_daemon_proc 
 237        6008      232972         25  0.46%  0.34%  0.32%   0 ISG MIB jobs Man 
 238           0           1          0  0.00%  0.00%  0.00%   0 IKEv2 FlexVPN Pr 
 239         184          61       3016  0.00%  0.00%  0.00%   0 EEM Server       
 240          40           3      13333  0.00%  0.00%  0.00%   0 Call Home proces 
 241           0           3          0  0.00%  0.00%  0.00%   0 EEM Policy Direc 
 243           8           4       2000  0.00%  0.00%  0.00%   0 EEM ED CLI       
 244           8           4       2000  0.00%  0.00%  0.00%   0 EEM ED Counter   
 245          16           4       4000  0.00%  0.00%  0.00%   0 EEM ED Interface 
 246          12           4       3000  0.00%  0.00%  0.00%   0 EEM ED IOSWD     
 247          12           4       3000  0.00%  0.00%  0.00%   0 EEM ED None      
 248           8           4       2000  0.00%  0.00%  0.00%   0 EEM ED OIR       
 249           0           1          0  0.00%  0.00%  0.00%   0 Inter Chassis Pr 
 250          16           4       4000  0.00%  0.00%  0.00%   0 EEM ED SNMP      
 251          12           4       3000  0.00%  0.00%  0.00%   0 EEM ED SNMP Obje 
 252           8           4       2000  0.00%  0.00%  0.00%   0 EEM ED SNMP Noti 
 253          20          68        294  0.00%  0.00%  0.00%   0 EEM ED Timer     
 254          12           4       3000  0.00%  0.00%  0.00%   0 EEM ED Test      
 255           8           4       2000  0.00%  0.00%  0.00%   0 EEM ED Config    
 256           4           4       1000  0.00%  0.00%  0.00%   0 EEM ED Env       
 258           4           4       1000  0.00%  0.00%  0.00%   0 EEM ED Nf        
 259           8           4       2000  0.00%  0.00%  0.00%   0 EEM ED Ipsla     
 260         144          92       1565  0.00%  0.00%  0.00%   0 Syslog           
 261           4           4       1000  0.00%  0.00%  0.00%   0 EEM ED RPC       
 262           0           1          0  0.00%  0.00%  0.00%   0 RMON Packets     
 263           0           1          0  0.00%  0.00%  0.00%   0 IP SLAs Ethernet 
 264           4          28        142  0.00%  0.00%  0.00%   0 Net Input        
 265       22928        1311      17488  0.62%  0.62%  0.63%   0 Compute load avg 
 266         296         127       2330  0.00%  0.00%  0.00%   0 Per-minute Jobs  
 267         904        3816        236  0.31%  0.19%  0.16%   0 Per-Second Jobs  
 268           0           2          0  0.00%  0.00%  0.00%   0 MRIB Process     
 269          40          49        816  0.00%  0.00%  0.00%   0 EEM Helper Threa 
 271          44           4      11000  0.00%  0.00%  0.00%   0 EIGRP-IPv4       
 272         112         824        135  0.00%  0.00%  0.00%   0 EIGRP-IPv4 Hello

------------------ show process cpu history ------------------

                                                                  
                                                                  
                                                                  
      443333322222444441111111111                                 
      004444433333222225555555555222222222222222444442222222222222
  100                                                           
   90                                                           
   80                                                           
   70                                                           
   60                                                           
   50                                                           
   40 **          *****                                         
   30 *******     *****                                         
   20 ***************************                               
   10 ***************************                               
     0....5....1....1....2....2....3....3....4....4....5....5....6
               0    5    0    5    0    5    0    5    0    5    0
               CPU% per second (last 60 seconds)

                                                                  
                                                                  
                                                                  
      421142441232144222332322212422222242254222222122211413313134
      164823266776955775567762497456201927251944120812269399996502
  100                                                           
   90                                                           
   80                                                           
   70                                                           
   60                                      *                    
   50        *     **                      *                    
   40 *   * **  *  **   ** *     *      *  **            * ** * 
   30 **  * ** *** **********   ****   *** ***           * ** * 
   20 ** *******************************************************
   10 ##**####*##**##*####*#****###*#*###*####***********#*##*#*
     0....5....1....1....2....2....3....3....4....4....5....5....6
               0    5    0    5    0    5    0    5    0    5    0
               CPU% per minute (last 60 minutes)
              * = maximum CPU%   # = average CPU%

                                                                              
                                                                              
                                                                              
      5                                                                       
      8                                                                       
  100                                                                       
   90                                                                       
   80                                                                       
   70                                                                       
   60 *                                                                     
   50 *                                                                     
   40 *                                                                     
   30 *                                                                     
   20 *                                                                     
   10 #                                                                     
     0....5....1....1....2....2....3....3....4....4....5....5....6....6....7..
               0    5    0    5    0    5    0    5    0    5    0    5    0  
                   CPU% per hour (last 72 hours)
                  * = maximum CPU%   # = average CPU%



------------------ show file systems ------------------


File Systems:

       Size(b)       Free(b)      Type  Flags  Prefixes
             -             -    opaque     rw   system:
             -             -    opaque     rw   tmpsys:
             -             -    opaque     rw   null:
             -             -    opaque     ro   tar:
             -             -   network     rw   tftp:
             -             -    opaque     wo   syslog:
        522232        513841     nvram     rw   nvram:
*        55296         55296      disk     rw   disk0:
             -             -      disk     rw   disk1:
             -             -     flash     rw   slot0: flash:
             -             -     flash     rw   slot1:
             -             -     flash     rw   bootflash:
             -             -   network     rw   rcp:
             -             -   network     rw   pram:
             -             -   network     rw   ftp:
             -             -   network     rw   http:
             -             -   network     rw   scp:
             -             -   network     rw   https:
             -             -    opaque     ro   cns:


------------------ show file descriptors ------------------


File Descriptors:

  No open file descriptors


------------------ dir nvram: ------------------


Directory of nvram:/

  510  -rw-        3754                    <no date>  startup-config
  511  ----        3561                    <no date>  private-config
  512  -rw-        3754                    <no date>  underlying-config
    1  ----          69                    <no date>  persistent-data

522232 bytes total (513841 bytes free)

------------------ show disk0: all ------------------


No files on device

55296 bytes available (0 bytes used)

******** ATA Flash Card Geometry/Format Info ********

ATA CARD GEOMETRY
   Manufacturer Name      Dynamips ATA Flash Card  
   Model Number           
   Serial Number          
   Firmware Revision      
   Number of Heads        4     
   Number of Cylinders    320   
   Sectors per Cylinder   32    
   Sector Size            512   
   Total Sectors          40960 

ATA PARTITION 1 INFO
   Start Sector           32    
   Number of Sectors      40928 
   Size in Bytes          20955136
   File System Type       FAT16
   Number of FAT Sectors  40    
   Sectors Per Cluster    4     
   Number of Clusters     27    
   Number of Data Sectors 108   
   Base FAT Sector        1     
   Base Root Sector       81    
   Base Data Sector       113   

ATA MONLIB INFO
   Image Monlib size      125488
   Disk Monlib Size       NA
   Disk Space Available   NA
   Name                   NA
   End Sector             NA
   Start sector           NA
   Updated By             NA
   Version                NA
   Monlib Version         0     
   Monlib Params Version  0     


------------------ show controllers t1 ------------------



------------------ show controllers e1 ------------------



DEBUG:netmiko:read_channel: 
DEBUG:netmiko:read_channel: 
DEBUG:netmiko:read_channel: 
DEBUG:netmiko:read_channel: 
DEBUG:netmiko:read_channel: 
DEBUG:netmiko:read_channel: 
DEBUG:netmiko:read_channel: 
------------------ show ip nbar version ------------------




NBAR software version:  13

1   base                             Mv: 6
2   ftp                              Mv: 7
      Iv:                             smtp - 2
      Iv:                          gridftp - 1
3   http                             Mv: 20
      Iv:                          youtube - 6
      Iv:                    msn-messenger - 3
      Iv:                  yahoo-messenger - 3
      Iv:                      flash-video - 2
      Iv:                       flashyahoo - 2
      Iv:                     flashmyspace - 2
      Iv:                  audio-over-http - 2
      Iv:                 binary-over-http - 2
      Iv:                  video-over-http - 2
      Iv:                              irc - 2
      Iv:                         babelgum - 1
      Iv:                           itunes - 1
      Iv:                            sling - 1
      Iv:                     google-earth - 1
      Iv:                      baidu-movie - 1
      Iv:                            pando - 1
      Iv:                          napster - 1
      Iv:                         songsari - 1
      Iv:                       webthunder - 1
      Iv:                          sopcast - 3
      Iv:                      tunnel-http - 1
      Iv:                         soribada - 2
      Iv:                              icq - 1
      Iv:                            skype - 5
      Iv:                          edonkey - 7
      Iv:                    directconnect - 5
      Iv:                         gnutella - 7
      Iv:                        ms-update - 1
      Iv:                             rtsp - 9
      Iv:                          netflix - 1
      Iv:                        megavideo - 1
      Iv:                       bittorrent - 5
      Iv:                              tor - 1
      Iv:                            gmail - 1
      Iv:                            gtalk - 1
      Iv:                       gtalk-voip - 1
      Iv:                      gtalk-video - 1
      Iv:                       activesync - 1
      Iv:                         rhapsody - 1
      Iv:                            fring - 1
      Iv:                            rtmpt - 1
      Iv:                      livestation - 1
      Iv:                       secondlife - 1
      Iv:                         vnc-http - 1
      Iv:                      share-point - 1
      Iv:                    ms-office-365 - 1
      Iv:                           ms-sms - 1
      Iv:                        ghostsurf - 1
      Iv:                         gotomypc - 1
      Iv:                    adobe-connect - 1
      Iv:                        realmedia - 1
4   static                           Mv: 6
5   socks                            Mv: 3
6   nntp                             Mv: 2
      Iv:                  yahoo-messenger - 3
7   tftp                             Mv: 2
8   ms-rpc                           Mv: 2
      Iv:                         exchange - 4
      Iv:                      ms-netlogon - 1
      Iv:                       ms-win-dns - 1
      Iv:                           ms-iis - 1
      Iv:                 active-directory - 1
9   exchange                         Mv: 4
      Iv:                           ms-rpc - 2
10  vdolive                          Mv: 1
11  sqlnet                           Mv: 2
12  oracle-sqlnet                    Mv: 2
13  netshow                          Mv: 3
14  sunrpc                           Mv: 3
      Iv:                              nfs - 1
      Iv:                        clearcase - 1
15  nfs                              Mv: 1
16  streamwork                       Mv: 2
17  citrix                           Mv: 12
18  fasttrack                        Mv: 3
19  gnutella                         Mv: 7
      Iv:                             http - 20
20  kazaa2                           Mv: 11
21  dhcp                             Mv: 1
22  rtsp                             Mv: 9
      Iv:                          youtube - 6
23  webex-meeting                    Mv: 1
      Iv:                              ssl - 1
24  rtp                              Mv: 8
      Iv:                         stun-nat - 1
25  mgcp                             Mv: 2
26  skinny                           Mv: 3
      Iv:                      cisco-phone - 4
27  sip                              Mv: 5
      Iv:                      cisco-phone - 4
      Iv:             telepresence-control - 4
      Iv:              yahoo-voip-over-sip - 1
      Iv:                       secondlife - 1
28  rtcp                             Mv: 5
      Iv:             telepresence-control - 4
      Iv:                         stun-nat - 1
29  edonkey                          Mv: 7
      Iv:                             http - 20
30  winmx                            Mv: 5
31  bittorrent                       Mv: 5
      Iv:                          blizwow - 2
      Iv:                            socks - 3
      Iv:                             http - 20
32  directconnect                    Mv: 5
      Iv:                             http - 20
33  hl7                              Mv: 3
34  fix                              Mv: 3
      Iv:                              ssl - 1
35  msn-messenger                    Mv: 3
      Iv:                             http - 20
      Iv:                           ms-wbt - 1
      Iv:                            socks - 3
36  ms-live-accounts                 Mv: 1
37  dicom                            Mv: 4
38  yahoo-messenger                  Mv: 3
      Iv:                             http - 20
      Iv:                             nntp - 2
      Iv:                            socks - 3
39  mapi                             Mv: 3
40  aol-messenger                    Mv: 2
      Iv:                            socks - 3
      Iv:                              ssl - 1
      Iv:                             http - 20
41  cifs                             Mv: 2
42  cisco-phone                      Mv: 4
      Iv:                              sip - 5
      Iv:                           skinny - 3
      Iv:             telepresence-control - 4
43  youtube                          Mv: 6
      Iv:                             http - 20
      Iv:                             rtsp - 9
44  realmedia                        Mv: 1
      Iv:                             http - 20
      Iv:                             rtsp - 9
45  imap                             Mv: 1
46  pop3                             Mv: 1
47  irc                              Mv: 2
      Iv:                             http - 20
48  skype                            Mv: 5
      Iv:                             http - 20
      Iv:                              dns - 1
49  blizwow                          Mv: 2
      Iv:                       bittorrent - 5
50  telepresence-media               Mv: 3
51  telepresence-control             Mv: 4
      Iv:                             rtcp - 5
      Iv:                      cisco-phone - 4
      Iv:                              sip - 5
52  zattoo                           Mv: 3
53  sopcast                          Mv: 3
      Iv:                             http - 20
54  flash-video                      Mv: 2
      Iv:                             http - 20
55  flashyahoo                       Mv: 2
      Iv:                             http - 20
56  flashmyspace                     Mv: 2
      Iv:                             http - 20
57  audio-over-http                  Mv: 2
      Iv:                             http - 20
58  binary-over-http                 Mv: 2
      Iv:                             http - 20
59  video-over-http                  Mv: 2
      Iv:                             http - 20
60  my-jabber-ft                     Mv: 1
61  ayiya-ipv6-tunneled              Mv: 1
62  filetopia                        Mv: 1
63  guruguru                         Mv: 1
64  manolito                         Mv: 1
65  radius                           Mv: 1
66  teamspeak                        Mv: 1
67  soribada                         Mv: 2
      Iv:                             http - 20
68  dht                              Mv: 1
69  pptp                             Mv: 2
70  ntp                              Mv: 1
71  poco                             Mv: 2
72  ventrilo                         Mv: 1
73  tomatopang                       Mv: 1
74  maplestory                       Mv: 1
75  itunes                           Mv: 1
      Iv:                             http - 20
76  napster                          Mv: 1
      Iv:                             http - 20
77  sling                            Mv: 1
      Iv:                             http - 20
78  google-earth                     Mv: 1
      Iv:                             http - 20
79  baidu-movie                      Mv: 1
      Iv:                             http - 20
80  pando                            Mv: 1
      Iv:                             http - 20
81  webthunder                       Mv: 1
      Iv:                             http - 20
82  babelgum                         Mv: 1
      Iv:                             http - 20
83  songsari                         Mv: 1
      Iv:                             http - 20
84  tunnel-http                      Mv: 1
      Iv:                             http - 20
85  teredo-ipv6-tunneled             Mv: 1
86  sixtofour-ipv6-tunneled          Mv: 1
      Iv:             isatap-ipv6-tunneled - 1
87  isatap-ipv6-tunneled             Mv: 1
      Iv:          sixtofour-ipv6-tunneled - 1
88  fring                            Mv: 1
      Iv:                             http - 20
89  fring-voip                       Mv: 1
      Iv:                      fring-video - 1
90  fring-video                      Mv: 1
      Iv:                       fring-voip - 1
91  waste                            Mv: 1
92  kuro                             Mv: 1
93  smtp                             Mv: 2
94  icq                              Mv: 1
      Iv:                             http - 20
95  soulseek                         Mv: 1
96  yahoo-voip-messenger             Mv: 2
      Iv:                              rtp - 8
97  yahoo-voip-over-sip              Mv: 1
      Iv:                              sip - 5
98  aol-protocol                     Mv: 1
      Iv:                    aol-messenger - 2
99  ipsec                            Mv: 1
100  isakmp                           Mv: 1
101  ppstream                         Mv: 1
102  rtmp                             Mv: 1
103  rtmpe                            Mv: 1
104  rtmpt                            Mv: 1
      Iv:                             http - 20
105  dns                              Mv: 1
      Iv:                       tcpoverdns - 1
      Iv:                            skype - 5
106  windows-update                   Mv: 1
107  encrypted-emule                  Mv: 1
108  networking-gnutella              Mv: 1
109  encrypted-bittorrent             Mv: 1
110  ms-wbt                           Mv: 1
      Iv:                    msn-messenger - 3
111  gmail                            Mv: 1
      Iv:                             http - 20
      Iv:                              ssl - 1
112  openvpn                          Mv: 1
      Iv:                              ssl - 1
113  ssl                              Mv: 1
      Iv:                              fix - 3
      Iv:                    webex-meeting - 1
      Iv:                          netflix - 1
      Iv:                            gmail - 1
      Iv:                      livemeeting - 1
      Iv:                      livestation - 1
      Iv:                              dmp - 1
      Iv:                         rhapsody - 1
      Iv:                       secondlife - 1
      Iv:                 ms-live-accounts - 1
      Iv:                  google-accounts - 1
      Iv:                 active-directory - 1
      Iv:                          sip-tls - 1
      Iv:                    ms-office-365 - 1
      Iv:                            pcoip - 1
      Iv:                      vmware-view - 1
      Iv:                          openvpn - 1
      Iv:                        ms-update - 1
      Iv:                            mysql - 1
      Iv:                         gotomypc - 1
      Iv:                        ghostsurf - 1
      Iv:                    adobe-connect - 1
      Iv:                    aol-messenger - 2
      Iv:                      share-point - 1
      Iv:                        realmedia - 1
114  ghostsurf                        Mv: 1
      Iv:                             http - 20
115  netflix                          Mv: 1
      Iv:                             http - 20
      Iv:                              ssl - 1
116  megavideo                        Mv: 1
      Iv:                             http - 20
117  stun-nat                         Mv: 1
118  viber                            Mv: 1
119  cisco-ip-camera                  Mv: 1
      Iv:                             rtsp - 9
120  livestation                      Mv: 1
      Iv:                             http - 20
      Iv:                             rtmp - 1
      Iv:                              ssl - 1
121  gridftp                          Mv: 1
122  winny                            Mv: 1
123  livemeeting                      Mv: 1
      Iv:                              ssl - 1
      Iv:                         stun-nat - 1
124  tor                              Mv: 1
      Iv:                             http - 20
      Iv:                              ssl - 1
125  xmpp-client                      Mv: 1
126  gtalk-chat                       Mv: 1
      Iv:                      xmpp-client - 1
127  gtalk                            Mv: 1
      Iv:                             http - 20
      Iv:                         stun-nat - 1
      Iv:                      gtalk-video - 1
      Iv:                       gtalk-voip - 1
      Iv:                         gtalk-ft - 1
128  gtalk-voip                       Mv: 1
      Iv:                             http - 20
      Iv:                         stun-nat - 1
      Iv:                            gtalk - 1
129  gtalk-ft                         Mv: 1
      Iv:                         stun-nat - 1
      Iv:                            gtalk - 1
130  gtalk-video                      Mv: 1
      Iv:                             http - 20
      Iv:                         stun-nat - 1
      Iv:                            gtalk - 1
131  steam                            Mv: 1
132  ping                             Mv: 1
133  exec                             Mv: 1
134  login                            Mv: 1
135  shell                            Mv: 1
136  netapp-snapmirror                Mv: 1
137  ms-iis                           Mv: 1
      Iv:                           ms-rpc - 2
138  ms-win-dns                       Mv: 1
      Iv:                           ms-rpc - 2
139  ms-netlogon                      Mv: 1
      Iv:                           ms-rpc - 2
140  ms-sms                           Mv: 1
      Iv:                             http - 20
      Iv:                        ms-update - 1
141  perforce                         Mv: 1
142  vnc                              Mv: 1
143  vnc-http                         Mv: 1
      Iv:                             http - 20
144  secondlife                       Mv: 1
      Iv:                              ssl - 1
      Iv:                             http - 20
      Iv:                              sip - 5
145  msn-messenger-filetransfer       Mv: 1
146  icq-filetransfer                 Mv: 1
147  tcpoverdns                       Mv: 1
      Iv:                              dns - 1
148  msn-messenger-video              Mv: 1
      Iv:                         stun-nat - 1
      Iv:                              rtp - 8
149  share-point                      Mv: 1
      Iv:                             http - 20
      Iv:                              ssl - 1
150  sip-tls                          Mv: 1
      Iv:                              ssl - 1
151  activesync                       Mv: 1
      Iv:                             http - 20
152  rhapsody                         Mv: 1
      Iv:                             http - 20
      Iv:                             rtmp - 1
      Iv:                              ssl - 1
153  ip-messenger                     Mv: 1
154  capwap-control                   Mv: 1
      Iv:                      capwap-data - 1
155  capwap-data                      Mv: 1
      Iv:                   capwap-control - 1
156  dmp                              Mv: 1
      Iv:                              ssl - 1
157  netbios-ns                       Mv: 1
158  ldap                             Mv: 1
159  active-directory                 Mv: 1
      Iv:                           ms-rpc - 2
      Iv:                             cifs - 2
      Iv:                             ldap - 1
      Iv:                              ssl - 1
160  google-accounts                  Mv: 1
161  ms-office-365                    Mv: 1
      Iv:                             http - 20
      Iv:                              ssl - 1
162  teamviewer                       Mv: 1
163  pcanywhere                       Mv: 1
164  snmp                             Mv: 1
165  vmware-vmotion                   Mv: 1
166  pcoip                            Mv: 1
      Iv:                              ssl - 1
167  vmware-view                      Mv: 1
      Iv:                              ssl - 1
168  gotomypc                         Mv: 1
      Iv:                             http - 20
      Iv:                              ssl - 1
169  kerberos                         Mv: 1
170  clearcase                        Mv: 1
171  ms-update                        Mv: 1
      Iv:                              ssl - 1
      Iv:                             http - 20
      Iv:                           ms-sms - 1
172  mysql                            Mv: 1
      Iv:                              ssl - 1
173  sqlserver                        Mv: 1
      Iv:                             cifs - 2
174  adobe-connect                    Mv: 1
      Iv:                             rtmp - 1
      Iv:                              ssl - 1
      Iv:                             http - 20
175  aol-messenger-audio              Mv: 1
      Iv:                              rtp - 8
176  aol-messenger-video              Mv: 1
      Iv:              aol-messenger-audio - 1
      Iv:                              rtp - 8
      Iv:                             http - 20
      Iv:                         stun-nat - 1
      Iv:                             rtmp - 1
177  aol-messenger-ft                 Mv: 1
      Iv:              aol-messenger-audio - 1
178  ms-sql-m                         Mv: 1
179  hopopt                           Mv: 1
180  ipv6-frag                        Mv: 1
181  ipv6-nonxt                       Mv: 1
182  ipv6-opts                        Mv: 1
183  ipv6-route                       Mv: 1
184  oscar-filetransfer               Mv: 1
      Iv:              aol-messenger-audio - 1
185  iana                             Mv: 1
186  custom-protocols                 Mv: 1
187  attribute                        Mv: 1


{<No.>}<PDLM name> Mv: <PDLM Version>, {Nv: <NBAR Software Version>; <File name>}
            {Iv: <PDLM Interdependency Name>   - <PDLM Interdependency Version>}


------------------ show crypto key mypubkey rsa ------------------

% Key pair was generated at: 20:39:16 UTC Jul 23 2020
Key name: CAMP-1.gns3.lab
Key type: RSA KEYS
 Storage Device: private-config
 Usage: General Purpose Key
 Key is not exportable. Redundancy enabled.
 Key Data:
  30820122 300D0609 2A864886 F70D0101 01050003 82010F00 3082010A 02820101 
  00A7D0FA BE671061 CD2A7243 CA503047 A4C4D4A2 2F6374DC ECEF00AF 0EB47104 
  267F059B 192917E7 7571796C 4ED58657 55FA5E03 DE98B3CE 2B864DCE A4E2194E 
  245A83C0 EEDA9ACA ABEFEAE6 2711FC23 EAC1F439 1419955D AAEB0899 606B4916 
  68F377F8 7BA84BAC AD02C4EB A0D2D1C2 FB4F0037 0CB9A59E 6F4BFE42 6E3F39D3 
  44DE3C8E 0D2A628F C871A8E8 1CFBB1EA 8B0A308F E25296ED AE17B12B DEC46F63 
  7B16E29A 30F1B8B1 DD174A6F 35F7B50E 7AFEB790 86BFDEB1 A1EB5973 E51BC0D7 
  F5CA11D7 47CC6E11 EA9C177B C47F583D D44270D9 B6CE46D8 C58049AA 440A0E97 
  F7588CF4 09F2E6DB DB9FD328 D3DEC1D1 D4F55908 ACFD2919 AB352090 381B88B6 
  5F020301 0001
% Key pair was generated at: 20:44:03 UTC Aug 24 2020
Key name: CAMP-1.gns3.lab.server
Key type: RSA KEYS
Temporary key
 Usage: Encryption Key
 Key is not exportable. Redundancy enabled.
 Key Data:
  307C300D 06092A86 4886F70D 01010105 00036B00 30680261 00EE86EF 626ED480 
  5EA8145D FD59B3CD EA4E1F17 695E1E43 9C4B58D0 C3CE4FD5 F1C9E992 26ABBA1B 
  815DC22A 536BFB6F 0462BEC8 FF5B2881 370E1DF3 F2C940C4 1FCE00AA 423E607F 
  C4370BFE 7349FEB9 F007FEA8 07F25192 16B18053 AA126DA9 7D020301 0001

------------------ show crypto call admission statistics ------------------

---------------------------------------------------------------------
               Crypto Call Admission Control Statistics
---------------------------------------------------------------------
System Resource Limit:        0 Max IKE SAs:     0 Max in nego:  1000
Total IKE SA Count:           0 active:          0 negotiating:     0
Incoming IKE Requests:        0 accepted:        0 rejected:        0
Outgoing IKE Requests:        0 accepted:        0 rejected:        0
Rejected IKE Requests:        0 rsrc low:        0 Active SA limit: 0
                                                   In-neg SA limit: 0
IKE packets dropped at dispatch:        0

Max IPSEC SAs:     0
Total IPSEC SA Count:           0 active:          0 negotiating:     0
Incoming IPSEC Requests:        0 accepted:        0 rejected:        0
Outgoing IPSEC Requests:        0 accepted:        0 rejected:        0

Phase1.5 SAs under negotiation:         0 


------------------ show inventory ------------------

NAME: "Chassis", DESCR: "Cisco 7206VXR, 6-slot chassis"
PID: CISCO7206VXR      , VID:    , SN: 4279256517 

NAME: "NPE400 0", DESCR: "Cisco 7200VXR Network Processing Engine NPE-400"
PID: NPE-400           , VID:    , SN: 11111111   

NAME: "module 0", DESCR: "I/O FastEthernet (TX-ISL)"
PID: C7200-IO-FE-MII/RJ, VID:    , SN: 4294967295 

NAME: "disk0", DESCR: "Cisco 7200 I/O PCMCIA Flash Disk, 48M"
PID: MEM-I/O-FLD48M    , VID:    , SN:            

NAME: "module 1", DESCR: "Dual Port FastEthernet (RJ45)"
PID: PA-2FE-FX         , VID:    , SN: XXX00000000

NAME: "module 2", DESCR: "Dual Port FastEthernet (RJ45)"
PID: PA-2FE-FX         , VID:    , SN: XXX00000000

NAME: "module 3", DESCR: "Dual Port FastEthernet (RJ45)"
PID: PA-2FE-FX         , VID:    , SN: XXX00000000

NAME: "Power Supply 0", DESCR: "Cisco 7200 AC Power Supply"
PID: PWR-7200-AC       , VID:    , SN:            

NAME: "Power Supply 1", DESCR: "Cisco 7200 AC Power Supply"
PID: PWR-7200-AC       , VID:    , SN:            



DEBUG:netmiko:read_channel: 
DEBUG:netmiko:read_channel: 
DEBUG:netmiko:read_channel: 
DEBUG:netmiko:read_channel: 
DEBUG:netmiko:read_channel: 
DEBUG:netmiko:read_channel: 
DEBUG:netmiko:read_channel: 
DEBUG:netmiko:read_channel: 
DEBUG:netmiko:read_channel: 
DEBUG:netmiko:read_channel: 
DEBUG:netmiko:read_channel: 
DEBUG:netmiko:read_channel: 
DEBUG:netmiko:read_channel: 
DEBUG:netmiko:read_channel: 
DEBUG:netmiko:read_channel: 
DEBUG:netmiko:read_channel: 
DEBUG:netmiko:read_channel: 
DEBUG:netmiko:read_channel: 
DEBUG:netmiko:read_channel: 
DEBUG:netmiko:read_channel: 
DEBUG:netmiko:read_channel: 
DEBUG:netmiko:read_channel: 
DEBUG:netmiko:read_channel: 
DEBUG:netmiko:read_channel: 
DEBUG:netmiko:read_channel: 
DEBUG:netmiko:read_channel: 
DEBUG:netmiko:read_channel: 
DEBUG:netmiko:read_channel: 
DEBUG:netmiko:read_channel: 
DEBUG:netmiko:read_channel: 
DEBUG:netmiko:read_channel: 
DEBUG:netmiko:read_channel: 
DEBUG:netmiko:read_channel: 
DEBUG:netmiko:read_channel: 
DEBUG:netmiko:read_channel: 
DEBUG:netmiko:read_channel: 
DEBUG:netmiko:read_channel: 
DEBUG:netmiko:read_channel: 
DEBUG:netmiko:read_channel: 
DEBUG:netmiko:read_channel: 
DEBUG:netmiko:read_channel: 
------------------ show memory statistics ------------------


                Head    Total(b)     Used(b)     Free(b)   Lowest(b)  Largest(b)
Processor   6558E400   396826796    52996336   343830460   342742204   329717932
      I/O    E000000    33554432     5785904    27768528    27740516    27730908
Transient   7D000000    16777216       10156    16767060    16759532    16767060

------------------ show process memory ------------------


Processor Pool Total:  396826796 Used:   52996248 Free:  343830548
      I/O Pool Total:   33554432 Used:    5785632 Free:   27768800
Transient Pool Total:   16777216 Used:      10152 Free:   16767064

 PID TTY  Allocated      Freed    Holding    Getbufs    Retbufs Process
   0   0   91871504   38338228   50687972        425        144 *Init*          
   0   0      12052     400176      12052          0          0 *Sched*         
   0   0   30974876   30200572     706052         18         18 *Dead*          
   0   0          0          0     394680          0          0 *MallocLite*    
   1   0      77192          0      84456          0          0 Chunk Manager   
   2   0        240        240       4264          0          0 Load Meter      
   3   2    1396400    1298912     106200        212        211 SSH Process     
   4   0          0          0       7264          0          0 RO Notify Timers
   5   0       4444          0      11708          0          0 Check heaps     
   6   0    4257604    4257604      74844         49          0 Pool Manager    
   7   0          0          0       7264          0          0 DiscardQ Backgro
   8   0        240        240       7264          0          0 Timers          
   9   0          0          0       4264          0          0 WATCH_AFS       
  10   0      38404       1760      43908         33         33 ARP Input       
  11   0       5368       5368       7264          6          6 ARP Background  
  12   0        240        240       7264          0          0 ATM Idle Timer  
  13   0          0          0       7264          0          0 ATM ASYNC PROC  
  14   0          0          0       7264          0          0 AAA_SERVER_DEADT
  15   0          0          0      13264          0          0 Policy Manager  
  16   0      17728          0      24992          2          2 Entity MIB API  
  17   0       2948        240       9972          0          0 PrstVbl         
  18   0        240        240       7264          0          0 Serial Backgroun
  19   0          0          0       4264          0          0 RMI RM Notify Wa
  20   0        240        240       7264          0          0 DDR Timers      
  21   0        240        240      10264          0          0 ATM AutoVC Perio
  22   0        240        240       7264          0          0 ATM VC Auto Crea
  23   0          0          0       7264          0          0 IPC Event Notifi
  24   0          0          0       7264          0          0 IPC Mcast Pendin
  25   0          0          0       7264          0          0 IPC Dynamic Cach
  26   0          0          0       7264          0          0 IPC Service NonC
  27   0          0          0       7264          0          0 IPC Zone Manager
  28   0          0          0       7264          0          0 IPC Periodic Tim
  29   0          0          0       7264          0          0 IPC Deferred Por
  30   0          0          0       7264          0          0 IPC Process leve
  31   0       2104          0       9368          0          0 IPC Seat Manager
  32   0          0          0       7264          0          0 IPC Check Queue 
  33   0          0          0       7264          0          0 IPC Seat RX Cont
  34   0          0          0       7264          0          0 IPC Seat TX Cont
  35   0          0          0       7264          0          0 IPC Keep Alive M
  36   0          0          0       7264          0          0 IPC Loadometer  
  37   0          0          0       7264          0          0 Compute SRP rate
  38   0      10052          0      17316          4          4 EnvMon          
  39   0          0          0       7264          0          0 OIR Handler     
  40   0          0          0      25264          0          0 Crash writer    
  41   0        352          0       7616          0          0 Exception contro
  42   0          0          0       7264          0          0 ALARM_TRIGGER_SC
  43   0          0          0       7264          0          0 CEF MIB API     
  44   0        240        240       7264          0          0 GraphIt         
  45   0          0          0       7264          0          0 SERIAL A'detect 
  46   0        240        240      13264          0          0 Dialer event    
  47   0        240        240       7264          0          0 SMART           
  48   0          0          0      13264          0          0 RFS server proce
  49   0          0          0       7264          0          0 Critical Bkgnd  
  50   0     170124        304     115032        816        816 Net Background  
  51   0       1976       1976      13264          0          0 IDB Work        
  52   0          0          0      13264        231        231 Logger          
  53   0        240        240       7264          0          0 TTY Background  
  54   0       2180          0       9444          0          0 IF-MGR control p
  55   0          0          0       7264          0          0 IF-MGR event pro
  56   0          0          0       4264          0          0 Inode Table Dest
  57   0          0          0       7264          0          0 Transport Port A
  58   0        240        240      13264          0          0 INTR MGR PROCESS
  59   0          0          0       7264          0          0 HC Counter Timer
  60   0     170652    1086024     174928          0          0 EEM ED ND       
  61   0        240        240       7264          0          0 FEC_Link_event_h
  62   0          0          0       7264          0          0 POS APS Event Pr
  63   0          0          0       7264          0          0 SONET alarm time
  64   0        240        240       7264          0          0 Hawkeye Backgrou
  65   0          0          0       7264          0          0 CSP Timer       
  66   0          0          0       7264          0          0 FPD Management P
  67   0          0          0       7264          0          0 FPD Action Proce
  68   0       4568       4568       7684          0          0 Flash MIB Update
  69   0          0          0       4264          0          0 Flash Card Oir  
  70   0        240          0       4504          0          0 Async write proc
  71   0        240          0       4504          0          0 Async write proc
  72   0        240          0       4504          0          0 Async write proc
  73   0        240          0       4504          0          0 Async write proc
  74   0          0          0       4264          0          0 DFS flush period
  75   0      16832        240      23856          0          0 AAA Server      
  76   0          0          0       7264          0          0 AAA ACCT Proc   
  77   0      49384          0      56648          0          0 ACCT Periodic Pr
  78   0          0          0       7264          0          0 AAA System Acct 
  79   0          0          0       7304          0          0 Call Home Timer 
  80   0        240        240       7264          0          0 AAA Dictionary R
  81   0          0          0       7264          0          0 EAP Framework   
  82   0          0          0       7264          0          0 EAP Test        
  83   0          0          0      10264          0          0 HQF TUNNEL      
  84   0        240        240       7264          0          0 IPAM/ODAP Events
  85   0      49412          0      62676          0          0 IPAM Manager    
  86   0        240        240      13264          0          0 IPAM Events     
  87   0       3608          0      16872          0          0 IP ARP Adjacency
  88   0      33056          0      40320          0          0 IP ARP Retry Age
  89   0      48372      30024      14932       3277       3275 IP Input        
  90   0          0          0       7264          0          0 ICMP event handl
  91   0        240        240       7264          0          0 PIM register asy
  92   0        240        240       7264          0          0 TurboACL        
  93   0        240        240       7264          0          0 TurboACL chunk  
  94   0          0          0       7264          0          0 IPv6 ping proces
  95   0        240        240       7264          0          0 OCE punted Pkts 
  96   0          0          0       7264          0          0 O-UNI Client Msg
  97   0          0          0      13264          0          0 LSP Tunnel FRR  
  98   0          0          0      13264          0          0 MPLS Auto-Tunnel
  99   0      65588          0      90852          0          0 st_pw_oam       
 100   0          0          0       7264          0          0 AAA EPD HANDLER 
 101   0          0          0       7264          0          0 PM EPD API      
 102   0          0          0      13264          0          0 DM Proc         
 103   0        240        240       7264          0          0 PPP SIP         
 104   0        240        240       7264          0          0 PPP Bind        
 105   0        240        240      13264          0          0 PPP IP Route    
 107   0        240        240      13264          0          0 SSM connection m
 108   0        480        240       7504          0          0 Spanning Tree   
 109   0          0          0       7264          0          0 VRRS            
 110   0        240          0      13504          0          0 CEF switching ba
 111   0        240          0       4504          0          0 ADJ NSF process 
 112   0        240        240      13264          0          0 ATM OAM Input   
 113   0        240        240      13264          0          0 ATM OAM TIMER   
 114   0        240        240       7264         74         74 MOP Protocols   
 115   0          0          0      13264          0          0 SSS Manager     
 116   0          0          0      13264          0          0 SSS Policy Manag
 117   0       7604          0      14868          0          0 SSS Feature Mana
 118   0          0          0       7264          0          0 SSS Feature Time
 119   0          0          0      13264          0          0 SSS PM SHIM QOS 
 120   0          0          0       7264          0          0 Timer handler fo
 121   0          0          0       7264          0          0 Prepaid response
 122   0          0          0       7264          0          0 Timed Policy act
 123   0          0          0       7264          0          0 AAA response han
 124   0        240        240      13264          0          0 KRB5 AAA        
 125   0          0          0       7264          0          0 delayed evt hand
 126   0          0          0       7264          0          0 AC Switch       
 127   0          0          0       7264          0          0 ISG CMD HANDLER 
 128   0          0          0       7264          0          0 IP Lite session 
 129   0        240        240       7264          0          0 IP PORTBUNDLE   
 130   0        240        240      13264          0          0 IP Static Sessio
 131   0          0          0       7264          0          0 RADIUS Proxy    
 132   0          0          0       7264          0          0 FRR Background P
 133   0        240         84      13504          0          0 CEF background p
 134   0        224          0      13488          0          0 fib_fib_bfd_sb e
 135   0          0          0      10264          0          0 IP IRDP         
 136   0          0          0       7332          0          0 SNMP Timers     
 137   0          0          0      13264          0          0 Routing Topology
 138   0      11652          0      24916          0          0 IP RIB Update   
 139   0      43136       9760      43640          0          0 IP Background   
 140   0      49816        560      59520          0          0 IP Connected Rou
 141   0    1928144     333168     588932        996        996 CDP Protocol    
 143   0          0          0       7264          0          0 IP Traceroute   
 144   0          0          0       7264          0          0 Socket Timers   
 145   0        548          0       7812          0          0 Service Routing 
 146   0      14956       5080      17140          0          0 SR CapMan Proces
 147   0        240        376       7264          0          0 Flow Exporter Ti
 148   0          0          0      13264         32         32 TCP Timer       
 149   0     440488          0      15344          0          0 TCP Protocols   
 150   0        944          0      11208          0          0 HTTP CORE       
 151   0        224          0      10488          0          0 Tunnel FIB      
 152   0          0          0       7264          0          0 HQF Output Shape
 153   0          0          0       7264          0          0 HQF Input Shaper
 154   0     142576      30648     127540          0          0 CEF: IPv4 proces
 155   0        240          0       7504          0          0 ADJ background  
 156   0        240          0      13504          0          0 Collection proce
 158   0       8420          0      15612          2          2 SSH Event handle
 159   0        240          0      13504          0          0 MFIB Master back
 160   0        480        240      10504          0          0 Multicast Offloa
 161   0        480        240      10504          0          0 MVPN mgr Process
 162   0        240        240      10264          0          0 static          
 163   0          0          0      10264          0          0 IPv6 RIB Cleanup
 164   0          0          0      10264          0          0 IPv6 RIB Event H
 165   0       3272       1536      10536          0          0 VPWS Thread     
 166   0       3260        404      10120          0          0 LFDp Input Proc 
 167   0      40888      40888       7264          0          0 QoS stats proces
 168   0      19496        240      26520          0          0 SCTP Main Proces
 169   0        240        240       7264          0          0 PPP Compress Inp
 170   0        240        240       7264          0          0 PPP Compress Res
 171   0        224          0      13488          0          0 ADJ resolve proc
 172   0        944          0      62208          0          0 COPS            
 173   0        240        240       7264          0          0 Dialer Forwarder
 174   0          0          0       7264          0          0 RARP Input      
 175   0        240        240       7264          0          0 PPP NBF         
 176   0        240          0       4504          0          0 PfR BR Learn    
 177   0          0          0       7264          0          0 PAD InCall      
 178   0        240        240      13264          0          0 X.25 Background 
 179   0          0          0       7264          0          0 X.25 Encaps Mana
 180   0        240        240       7264          0          0 RBSCP Background
 181   0          0          0      13264          0          0 VPDN call manage
 182   0          0          0       7264          0          0 XC RIB MGR      
 183   0          0          0       7264          0          0 ac_atm_state_eve
 184   0          0          0       7264          0          0 ac_atm_mraps_hsp
 185   0        240        240       4264          0          0 L2X Switching Ev
 186   0        240        240      13264          0          0 IP Inband Sessio
 187   0      66740          0      74004          0          0 DHCP SIP        
 188   0        240        240      13264          0          0 IP SIP Process  
 189   0      10448      15404      11784          0          0 PMIPV6 Thread   
 190   0        240        240       7264          0          0 AAA Cached Serve
 191   0          0          0       7264          0          0 EM Background Pr
 192   0          0          0       7264          0          0 IDMGR CORE      
 193   0          0          0       7264          0          0 Key chain liveke
 194   0       5400       5400       7264          0          0 LOCAL AAA       
 195   0          0          0      13264          0          0 MPLS Auto Mesh P
 197   0        240        240       7264          0          0 ENABLE AAA      
 198   0        240        240       7264          0          0 LINE AAA        
 199   0      66872        240       8068          0          0 TPLUS           
 200   0      59100      57860       8504          3          3 NIST rng proc   
 201   0      49624        240      56648          0          0 Timer Library   
 202   0        240        240       7264          0          0 Crypto Support  
 203   0          0          0       7264          0          0 IPSECv6 PS Proc 
 204   0     438332     436968       8628          0          0 crypto engine pr
 205   0     225836     189384      49792          1          1 Crypto CA       
 206   0          0          0      13264          0          0 Crypto PKI-CRL  
 207   0          0          0      13264          0          0 encrypt proc    
 208   0     283620     406808       7808          0          0 crypto sw pk pro
 209   0          0          0      10264          0          0 QOS PERUSER     
 210   0        240        240       7264          0          0 GDOI GM Process 
 211   0          0          0       7264          0          0 UNICAST REKEY   
 212   0          0          0       7264          0          0 UNICAST REKEY AC
 213   0        240        520       7264          0          0 CRYPTO MAP FREE 
 214   0          0          0      13264          0          0 Crypto INT      
 215   0        240        240      13264          0          0 Crypto IKE Dispa
 216   0      10424        240      23448          1          1 Crypto IKMP     
 217   0          0          0      10264          0          0 IPSEC manual key
 218   0       5232       4784      13432          1          1 IPSEC key engine
 219   0          0          0      25264          0          0 Crypto ACL      
 220   0          0          0       7264          0          0 Crypto PAS Proc 
 221   0          0          0      13264          0          0 IPSec background
 222   0     123796        260     136800       2389       2389 Crypto IKEv2    
 223   0          0          0       7264          0          0 IKEv2 AAA handle
 224   0        240      11012       7264          0          0 AAA SEND STOP EV
 225   0          0          0      13264          0          0 Test AAA Client 
 226   0     363956       5052     369168        135        103 EEM ED Syslog   
 227   0     270460       5052     275672          9          9 EEM ED Generic  
 228   0      16828       5052      22040          0          0 EEM ED Track    
 229   0      11852       5068      17048          0          0 EEM ED Routing  
 230   0      12144       5076      17332          0          0 EEM ED Resource 
 232   0          0          0       7264          0          0 Syslog Traps    
 233   0        240        240       7264          0          0 RMON Recycle Pro
 234   0        240        240       7264          0          0 RMON Deferred Se
 236   0          0          0       7264          0          0 cerf_daemon_proc
 237   0        240        240      13264          0          0 ISG MIB jobs Man
 238   0          0          0      13264          0          0 IKEv2 FlexVPN Pr
 239   0    1307576      43852    1270924          0          0 EEM Server      
 240   0      93736      38176      82016          0          0 Call Home proces
 241   0      14600       1208      23656          0          0 EEM Policy Direc
 243   0      11804       5076      16992          0          0 EEM ED CLI      
 244   0      11800       5076      16988          0          0 EEM ED Counter  
 245   0      12312       5180      17332          0          0 EEM ED Interface
 246   0      11800       5076      16988          0          0 EEM ED IOSWD    
 247   0      11652       5032      16884          0          0 EEM ED None     
 248   0      11988       5156      17264          0          0 EEM ED OIR      
 249   0          0          0       7128          0          0 Inter Chassis Pr
 250   0      11600       4988      16876          0          0 EEM ED SNMP     
 251   0      11628       5048      16844          0          0 EEM ED SNMP Obje
 252   0      11808       5028      17044          0          0 EEM ED SNMP Noti
 253   0      11712       4988      16988          0          0 EEM ED Timer    
 254   0      11596       4988      16872          0          0 EEM ED Test     
 255   0      11544       4988      16820          0          0 EEM ED Config   
 256   0      11544       4988      16820          0          0 EEM ED Env      
 258   0      16744       4988      22020          0          0 EEM ED Nf       
 259   0      11564       4988      16840          0          0 EEM ED Ipsla    
 260   0      33856      33856      13264        140        140 Syslog          
 261   0      11876       5180      17128          0          0 EEM ED RPC      
 262   0       1056          0       8320          0          0 RMON Packets    
 263   0          0          0       7264          0          0 IP SLAs Ethernet
 264   0          0          0       7264         43         43 Net Input       
 265   0        240        240       7264          0          0 Compute load avg
 266   0          0          0       7264          0          0 Per-minute Jobs 
 267   0          0          0      10264          0          0 Per-Second Jobs 
 268   0     116864        240     129888          0          0 MRIB Process    
 269   0      11252        480      18036          0          0 EEM Helper Threa
 270   0     468924      79772     389152          1          1 OSPF-400 Router 
 271   0          0          0       7128        401        401 OSPF-400 Hello  
                                 58787664 Total

DEBUG:netmiko:read_channel: 
DEBUG:netmiko:read_channel: 
DEBUG:netmiko:read_channel: 
DEBUG:netmiko:read_channel: 
DEBUG:netmiko:read_channel: 
DEBUG:netmiko:read_channel: 
DEBUG:netmiko:read_channel: 
------------------ show process cpu ------------------


CPU utilization for five seconds: 29%/100%; one minute: 14%; five minutes: 9%
 PID Runtime(ms)     Invoked      uSecs   5Sec   1Min   5Min TTY Process 
   1           0           4          0  0.00%  0.00%  0.00%   0 Chunk Manager    
   2        3172         767       4135  0.15%  0.08%  0.08%   0 Load Meter       
   3        6928         382      18136 25.09%  8.15%  1.87%   2 SSH Process      
   4           0           1          0  0.00%  0.00%  0.00%   0 RO Notify Timers 
   5       69696        3645      19120  0.00%  1.62%  1.91%   0 Check heaps      
   6         212          64       3312  0.00%  0.00%  0.00%   0 Pool Manager     
   7           0           1          0  0.00%  0.00%  0.00%   0 DiscardQ Backgro 
   8           0           2          0  0.00%  0.00%  0.00%   0 Timers           
   9          40         730         54  0.00%  0.00%  0.00%   0 WATCH_AFS        
  10          68          12       5666  0.00%  0.00%  0.00%   0 ARP Input        
  11         260        3983         65  0.07%  0.01%  0.00%   0 ARP Background   
  12           0           2          0  0.00%  0.00%  0.00%   0 ATM Idle Timer   
  13           0           1          0  0.00%  0.00%  0.00%   0 ATM ASYNC PROC   
  14           0           1          0  0.00%  0.00%  0.00%   0 AAA_SERVER_DEADT 
  15           0           1          0  0.00%  0.00%  0.00%   0 Policy Manager   
  16           8           4       2000  0.00%  0.00%  0.00%   0 Entity MIB API   
  17         284           3      94666  0.00%  0.00%  0.00%   0 PrstVbl          
  18           0           2          0  0.00%  0.00%  0.00%   0 Serial Backgroun 
  19           0           1          0  0.00%  0.00%  0.00%   0 RMI RM Notify Wa 
  20           0           2          0  0.00%  0.00%  0.00%   0 DDR Timers       
  21           0           2          0  0.00%  0.00%  0.00%   0 ATM AutoVC Perio 
  22           0           2          0  0.00%  0.00%  0.00%   0 ATM VC Auto Crea 
  23          16         767         20  0.00%  0.00%  0.00%   0 IPC Event Notifi 
  24         164        3723         44  0.00%  0.00%  0.00%   0 IPC Mcast Pendin 
  25           4          65         61  0.00%  0.00%  0.00%   0 IPC Dynamic Cach 
  26          52         766         67  0.00%  0.00%  0.00%   0 IPC Service NonC 
  27           0           1          0  0.00%  0.00%  0.00%   0 IPC Zone Manager 
  28         184        3723         49  0.00%  0.00%  0.00%   0 IPC Periodic Tim 
  29         136        3723         36  0.00%  0.00%  0.00%   0 IPC Deferred Por 
  30           4           1       4000  0.00%  0.00%  0.00%   0 IPC Process leve 
  31           0           1          0  0.00%  0.00%  0.00%   0 IPC Seat Manager 
  32           8         219         36  0.00%  0.00%  0.00%   0 IPC Check Queue  
  33           0           1          0  0.00%  0.00%  0.00%   0 IPC Seat RX Cont 
  34           0           1          0  0.00%  0.00%  0.00%   0 IPC Seat TX Cont 
  35          96         384        250  0.00%  0.00%  0.00%   0 IPC Keep Alive M 
  36          56         767         73  0.00%  0.00%  0.00%   0 IPC Loadometer   
  37         152         385        394  0.00%  0.00%  0.00%   0 Compute SRP rate 
  38         268        3799         70  0.07%  0.01%  0.00%   0 EnvMon           
  39           0           1          0  0.00%  0.00%  0.00%   0 OIR Handler      
  40           0           1          0  0.00%  0.00%  0.00%   0 Crash writer     
  41           0           1          0  0.00%  0.00%  0.00%   0 Exception contro 
  42         200         737        271  0.00%  0.00%  0.00%   0 ALARM_TRIGGER_SC 
  43           0           1          0  0.00%  0.00%  0.00%   0 CEF MIB API      
  44         564        3826        147  0.00%  0.00%  0.00%   0 GraphIt          
  45           0           1          0  0.00%  0.00%  0.00%   0 SERIAL A'detect  
  46           0           2          0  0.00%  0.00%  0.00%   0 Dialer event     
  47           0           2          0  0.00%  0.00%  0.00%   0 SMART            
  48           0           1          0  0.00%  0.00%  0.00%   0 RFS server proce 
  49           0           1          0  0.00%  0.00%  0.00%   0 Critical Bkgnd   
  50         604        1413        427  0.00%  0.04%  0.03%   0 Net Background   
  51          20           2      10000  0.00%  0.00%  0.00%   0 IDB Work         
  52          60         181        331  0.00%  0.00%  0.00%   0 Logger           
  53        1020        3791        269  0.07%  0.02%  0.00%   0 TTY Background   
  54          36           6       6000  0.00%  0.00%  0.00%   0 IF-MGR control p 
  55          12          13        923  0.00%  0.00%  0.00%   0 IF-MGR event pro 
  56           0           1          0  0.00%  0.00%  0.00%   0 Inode Table Dest 
  57           0           1          0  0.00%  0.00%  0.00%   0 Transport Port A 
  58           4           2       2000  0.00%  0.00%  0.00%   0 INTR MGR PROCESS 
  59       30168        1139      26486  0.95%  0.80%  0.82%   0 HC Counter Timer 
  60         796         692       1150  0.00%  0.01%  0.00%   0 EEM ED ND        
  61           0           2          0  0.00%  0.00%  0.00%   0 FEC_Link_event_h 
  62           0           1          0  0.00%  0.00%  0.00%   0 POS APS Event Pr 
  63           0           1          0  0.00%  0.00%  0.00%   0 SONET alarm time 
  64           0           2          0  0.00%  0.00%  0.00%   0 Hawkeye Backgrou 
  65           0           1          0  0.00%  0.00%  0.00%   0 CSP Timer        
  66           0           1          0  0.00%  0.00%  0.00%   0 FPD Management P 
  67           0           1          0  0.00%  0.00%  0.00%   0 FPD Action Proce 
  68           4           2       2000  0.00%  0.00%  0.00%   0 Flash MIB Update 
  69           0           1          0  0.00%  0.00%  0.00%   0 Flash Card Oir   
  70           0           1          0  0.00%  0.00%  0.00%   0 Async write proc 
  71           0           1          0  0.00%  0.00%  0.00%   0 Async write proc 
  72           0           1          0  0.00%  0.00%  0.00%   0 Async write proc 
  73           0           1          0  0.00%  0.00%  0.00%   0 Async write proc 
  74           0          64          0  0.00%  0.00%  0.00%   0 DFS flush period 
  75          20          60        333  0.00%  0.00%  0.00%   0 AAA Server       
  76           0           1          0  0.00%  0.00%  0.00%   0 AAA ACCT Proc    
  77           0           1          0  0.00%  0.00%  0.00%   0 ACCT Periodic Pr 
  78           4           1       4000  0.00%  0.00%  0.00%   0 AAA System Acct  
  79           0          64          0  0.00%  0.00%  0.00%   0 Call Home Timer  
  80           0           2          0  0.00%  0.00%  0.00%   0 AAA Dictionary R 
  81           0           1          0  0.00%  0.00%  0.00%   0 EAP Framework    
  82           0           1          0  0.00%  0.00%  0.00%   0 EAP Test         
  83           0           1          0  0.00%  0.00%  0.00%   0 HQF TUNNEL       
  84           0           2          0  0.00%  0.00%  0.00%   0 IPAM/ODAP Events 
  85        3692      115046         32  0.15%  0.17%  0.17%   0 IPAM Manager     
  86           4           2       2000  0.00%  0.00%  0.00%   0 IPAM Events      
  87          12           2       6000  0.00%  0.00%  0.00%   0 IP ARP Adjacency 
  88        3108      115045         27  0.23%  0.20%  0.17%   0 IP ARP Retry Age 
  89        3084        1936       1592  0.00%  0.14%  0.07%   0 IP Input         
  90           0           1          0  0.00%  0.00%  0.00%   0 ICMP event handl 
  91           0           3          0  0.00%  0.00%  0.00%   0 PIM register asy 
  92           0           4          0  0.00%  0.00%  0.00%   0 TurboACL         
  93           0           2          0  0.00%  0.00%  0.00%   0 TurboACL chunk   
  94           0           1          0  0.00%  0.00%  0.00%   0 IPv6 ping proces 
  95           0           2          0  0.00%  0.00%  0.00%   0 OCE punted Pkts  
  96           0           1          0  0.00%  0.00%  0.00%   0 O-UNI Client Msg 
  97           0           1          0  0.00%  0.00%  0.00%   0 LSP Tunnel FRR   
  98           4           1       4000  0.00%  0.00%  0.00%   0 MPLS Auto-Tunnel 
  99           0           1          0  0.00%  0.00%  0.00%   0 st_pw_oam        
 100           0           1          0  0.00%  0.00%  0.00%   0 AAA EPD HANDLER  
 101           0           1          0  0.00%  0.00%  0.00%   0 PM EPD API       
 102           0           1          0  0.00%  0.00%  0.00%   0 DM Proc          
 103           0           2          0  0.00%  0.00%  0.00%   0 PPP SIP          
 104           4           2       2000  0.00%  0.00%  0.00%   0 PPP Bind         
 105           0           2          0  0.00%  0.00%  0.00%   0 PPP IP Route     
 107           0           2          0  0.00%  0.00%  0.00%   0 SSM connection m 
 108           0           2          0  0.00%  0.00%  0.00%   0 Spanning Tree    
 109           0           1          0  0.00%  0.00%  0.00%   0 VRRS             
 110           0           2          0  0.00%  0.00%  0.00%   0 CEF switching ba 
 111           0           1          0  0.00%  0.00%  0.00%   0 ADJ NSF process  
 112           0           2          0  0.00%  0.00%  0.00%   0 ATM OAM Input    
 113           4           2       2000  0.00%  0.00%  0.00%   0 ATM OAM TIMER    
 114          44          69        637  0.00%  0.00%  0.00%   0 MOP Protocols    
 115           0           1          0  0.00%  0.00%  0.00%   0 SSS Manager      
 116           0           1          0  0.00%  0.00%  0.00%   0 SSS Policy Manag 
 117           4           1       4000  0.00%  0.00%  0.00%   0 SSS Feature Mana 
 118         716       14866         48  0.15%  0.05%  0.01%   0 SSS Feature Time 
 119           0           1          0  0.00%  0.00%  0.00%   0 SSS PM SHIM QOS  
 120           0           1          0  0.00%  0.00%  0.00%   0 Timer handler fo 
 121           0           1          0  0.00%  0.00%  0.00%   0 Prepaid response 
 122           0           1          0  0.00%  0.00%  0.00%   0 Timed Policy act 
 123           0           1          0  0.00%  0.00%  0.00%   0 AAA response han 
 124           0           2          0  0.00%  0.00%  0.00%   0 KRB5 AAA         
 125           0           1          0  0.00%  0.00%  0.00%   0 delayed evt hand 
 126           0           1          0  0.00%  0.00%  0.00%   0 AC Switch        
 127           0           1          0  0.00%  0.00%  0.00%   0 ISG CMD HANDLER  
 128          48         937         51  0.00%  0.00%  0.00%   0 IP Lite session  
 129           0           2          0  0.00%  0.00%  0.00%   0 IP PORTBUNDLE    
 130          32         936         34  0.00%  0.00%  0.00%   0 IP Static Sessio 
 131           0           1          0  0.00%  0.00%  0.00%   0 RADIUS Proxy     
 132           4          64         62  0.00%  0.00%  0.00%   0 FRR Background P 
 133          32          88        363  0.00%  0.00%  0.00%   0 CEF background p 
 134           0           1          0  0.00%  0.00%  0.00%   0 fib_fib_bfd_sb e 
 135           0           1          0  0.00%  0.00%  0.00%   0 IP IRDP          
 136           0           1          0  0.00%  0.00%  0.00%   0 SNMP Timers      
 137           0           2          0  0.00%  0.00%  0.00%   0 Routing Topology 
 138          56          10       5600  0.00%  0.00%  0.00%   0 IP RIB Update    
 139          24          68        352  0.00%  0.00%  0.00%   0 IP Background    
 140         232          23      10086  0.00%  0.00%  0.00%   0 IP Connected Rou 
 141        3184        1135       2805  0.00%  0.07%  0.07%   0 CDP Protocol     
 143           0           1          0  0.00%  0.00%  0.00%   0 IP Traceroute    
 144           0           1          0  0.00%  0.00%  0.00%   0 Socket Timers    
 145           4           3       1333  0.00%  0.00%  0.00%   0 Service Routing  
 146           4           6        666  0.00%  0.00%  0.00%   0 SR CapMan Proces 
 147           0           4          0  0.00%  0.00%  0.00%   0 Flow Exporter Ti 
 148         292        1118        261  0.00%  0.00%  0.00%   0 TCP Timer        
 149         380          57       6666  0.00%  0.01%  0.00%   0 TCP Protocols    
 150           4          13        307  0.00%  0.00%  0.00%   0 HTTP CORE        
 151           0           1          0  0.00%  0.00%  0.00%   0 Tunnel FIB       
 152           4           2       2000  0.00%  0.00%  0.00%   0 HQF Output Shape 
 153           0           2          0  0.00%  0.00%  0.00%   0 HQF Input Shaper 
 154        2036        5444        373  0.00%  0.05%  0.06%   0 CEF: IPv4 proces 
 155           0           2          0  0.00%  0.00%  0.00%   0 ADJ background   
 156           0           3          0  0.00%  0.00%  0.00%   0 Collection proce 
 158           0           4          0  0.00%  0.00%  0.00%   0 SSH Event handle 
 159           0           3          0  0.00%  0.00%  0.00%   0 MFIB Master back 
 160           0           2          0  0.00%  0.00%  0.00%   0 Multicast Offloa 
 161           8           4       2000  0.00%  0.00%  0.00%   0 MVPN mgr Process 
 162           4           2       2000  0.00%  0.00%  0.00%   0 static           
 163           0           1          0  0.00%  0.00%  0.00%   0 IPv6 RIB Cleanup 
 164           0           1          0  0.00%  0.00%  0.00%   0 IPv6 RIB Event H 
 165          16           2       8000  0.00%  0.00%  0.00%   0 VPWS Thread      
 166           4           2       2000  0.00%  0.00%  0.00%   0 LFDp Input Proc  
 167          36         379         94  0.07%  0.00%  0.00%   0 QoS stats proces 
 168           4           2       2000  0.00%  0.00%  0.00%   0 SCTP Main Proces 
 169           0           2          0  0.00%  0.00%  0.00%   0 PPP Compress Inp 
 170           0           2          0  0.00%  0.00%  0.00%   0 PPP Compress Res 
 171           4           2       2000  0.00%  0.00%  0.00%   0 ADJ resolve proc 
 172           0           1          0  0.00%  0.00%  0.00%   0 COPS             
 173           0           2          0  0.00%  0.00%  0.00%   0 Dialer Forwarder 
 174           0           1          0  0.00%  0.00%  0.00%   0 RARP Input       
 175           0           2          0  0.00%  0.00%  0.00%   0 PPP NBF          
 176         364        3782         96  0.15%  0.01%  0.00%   0 PfR BR Learn     
 177           0           1          0  0.00%  0.00%  0.00%   0 PAD InCall       
 178           0           2          0  0.00%  0.00%  0.00%   0 X.25 Background  
 179           0           1          0  0.00%  0.00%  0.00%   0 X.25 Encaps Mana 
 180        1312       37595         34  0.00%  0.08%  0.07%   0 RBSCP Background 
 181           0           1          0  0.00%  0.00%  0.00%   0 VPDN call manage 
 182           0           1          0  0.00%  0.00%  0.00%   0 XC RIB MGR       
 183           0           1          0  0.00%  0.00%  0.00%   0 ac_atm_state_eve 
 184           0           1          0  0.00%  0.00%  0.00%   0 ac_atm_mraps_hsp 
 185           0           2          0  0.00%  0.00%  0.00%   0 L2X Switching Ev 
 186           0           2          0  0.00%  0.00%  0.00%   0 IP Inband Sessio 
 187           0           1          0  0.00%  0.00%  0.00%   0 DHCP SIP         
 188        2412         944       2555  0.00%  0.02%  0.07%   0 IP SIP Process   
 189          92          86       1069  0.00%  0.00%  0.00%   0 PMIPV6 Thread    
 190           0           2          0  0.00%  0.00%  0.00%   0 AAA Cached Serve 
 191           0           1          0  0.00%  0.00%  0.00%   0 EM Background Pr 
 192           0           1          0  0.00%  0.00%  0.00%   0 IDMGR CORE       
 193           0           1          0  0.00%  0.00%  0.00%   0 Key chain liveke 
 194         116          60       1933  0.00%  0.00%  0.00%   0 LOCAL AAA        
 195           4           3       1333  0.00%  0.00%  0.00%   0 MPLS Auto Mesh P 
 197           0           2          0  0.00%  0.00%  0.00%   0 ENABLE AAA       
 198           0           2          0  0.00%  0.00%  0.00%   0 LINE AAA         
 199           0           2          0  0.00%  0.00%  0.00%   0 TPLUS            
 200          20           2      10000  0.00%  0.00%  0.00%   0 NIST rng proc    
 201         584        7422         78  0.07%  0.01%  0.00%   0 Timer Library    
 202           0           2          0  0.00%  0.00%  0.00%   0 Crypto Support   
 203           0           1          0  0.00%  0.00%  0.00%   0 IPSECv6 PS Proc  
 204        1104          50      22080  0.00%  0.00%  0.00%   0 crypto engine pr 
 205        2824           4     706000  0.00%  0.00%  0.00%   0 Crypto CA        
 206           0           1          0  0.00%  0.00%  0.00%   0 Crypto PKI-CRL   
 207           0           1          0  0.00%  0.00%  0.00%   0 encrypt proc     
 208         572          66       8666  0.00%  0.00%  0.00%   0 crypto sw pk pro 
 209           0           1          0  0.00%  0.00%  0.00%   0 QOS PERUSER      
 210           4           2       2000  0.00%  0.00%  0.00%   0 GDOI GM Process  
 211           0           1          0  0.00%  0.00%  0.00%   0 UNICAST REKEY    
 212           0           1          0  0.00%  0.00%  0.00%   0 UNICAST REKEY AC 
 213           4           3       1333  0.00%  0.00%  0.00%   0 CRYPTO MAP FREE  
 214           0           1          0  0.00%  0.00%  0.00%   0 Crypto INT       
 215           0           2          0  0.00%  0.00%  0.00%   0 Crypto IKE Dispa 
 216           8           3       2666  0.00%  0.00%  0.00%   0 Crypto IKMP      
 217           0           1          0  0.00%  0.00%  0.00%   0 IPSEC manual key 
 218         112         193        580  0.00%  0.00%  0.00%   0 IPSEC key engine 
 219           0           1          0  0.00%  0.00%  0.00%   0 Crypto ACL       
 220           0           1          0  0.00%  0.00%  0.00%   0 Crypto PAS Proc  
 221           0           1          0  0.00%  0.00%  0.00%   0 IPSec background 
 222        1052        3823        275  0.07%  0.03%  0.01%   0 Crypto IKEv2     
 223           0           1          0  0.00%  0.00%  0.00%   0 IKEv2 AAA handle 
 224          16          30        533  0.00%  0.00%  0.00%   0 AAA SEND STOP EV 
 225           0           1          0  0.00%  0.00%  0.00%   0 Test AAA Client  
 226         152         105       1447  0.00%  0.00%  0.00%   0 EEM ED Syslog    
 227          20           6       3333  0.00%  0.00%  0.00%   0 EEM ED Generic   
 228          12           4       3000  0.00%  0.00%  0.00%   0 EEM ED Track     
 229           8           4       2000  0.00%  0.00%  0.00%   0 EEM ED Routing   
 230          12           4       3000  0.00%  0.00%  0.00%   0 EEM ED Resource  
 232           0           1          0  0.00%  0.00%  0.00%   0 Syslog Traps     
 233           0         384          0  0.00%  0.00%  0.00%   0 RMON Recycle Pro 
 234           0           2          0  0.00%  0.00%  0.00%   0 RMON Deferred Se 
 236         400        3782        105  0.00%  0.00%  0.00%   0 cerf_daemon_proc 
 237        6692      232187         28  0.39%  0.41%  0.37%   0 ISG MIB jobs Man 
 238           0           1          0  0.00%  0.00%  0.00%   0 IKEv2 FlexVPN Pr 
 239          72          61       1180  0.00%  0.00%  0.00%   0 EEM Server       
 240          32           3      10666  0.00%  0.00%  0.00%   0 Call Home proces 
 241           0           3          0  0.00%  0.00%  0.00%   0 EEM Policy Direc 
 243          12           4       3000  0.00%  0.00%  0.00%   0 EEM ED CLI       
 244          16           4       4000  0.00%  0.00%  0.00%   0 EEM ED Counter   
 245           8           4       2000  0.00%  0.00%  0.00%   0 EEM ED Interface 
 246           8           4       2000  0.00%  0.00%  0.00%   0 EEM ED IOSWD     
 247          20           4       5000  0.00%  0.00%  0.00%   0 EEM ED None      
 248           8           4       2000  0.00%  0.00%  0.00%   0 EEM ED OIR       
 249           0           1          0  0.00%  0.00%  0.00%   0 Inter Chassis Pr 
 250          12           4       3000  0.00%  0.00%  0.00%   0 EEM ED SNMP      
 251           8           4       2000  0.00%  0.00%  0.00%   0 EEM ED SNMP Obje 
 252           4           4       1000  0.00%  0.00%  0.00%   0 EEM ED SNMP Noti 
 253           0          68          0  0.00%  0.00%  0.00%   0 EEM ED Timer     
 254           4           4       1000  0.00%  0.00%  0.00%   0 EEM ED Test      
 255           0           4          0  0.00%  0.00%  0.00%   0 EEM ED Config    
 256           4           4       1000  0.00%  0.00%  0.00%   0 EEM ED Env       
 258           4           4       1000  0.00%  0.00%  0.00%   0 EEM ED Nf        
 259           0           4          0  0.00%  0.00%  0.00%   0 EEM ED Ipsla     
 260         160          95       1684  0.00%  0.00%  0.00%   0 Syslog           
 261           0           4          0  0.00%  0.00%  0.00%   0 EEM ED RPC       
 262           4           1       4000  0.00%  0.00%  0.00%   0 RMON Packets     
 263           0           1          0  0.00%  0.00%  0.00%   0 IP SLAs Ethernet 
 264          12          35        342  0.00%  0.00%  0.00%   0 Net Input        
 265       35216        1808      19477  0.95%  0.93%  0.96%   0 Compute load avg 
 266         368         127       2897  0.00%  0.00%  0.00%   0 Per-minute Jobs  
 267        2832        3831        739  0.31%  0.21%  0.21%   0 Per-Second Jobs  
 268           0           2          0  0.00%  0.00%  0.00%   0 MRIB Process     
 269          44          49        897  0.00%  0.00%  0.00%   0 EEM Helper Threa 
 270         424        3754        112  0.07%  0.03%  0.00%   0 OSPF-400 Router  
 271         148         805        183  0.00%  0.00%  0.00%   0 OSPF-400 Hello  

------------------ show process cpu history ------------------

                                                                  
                                                                  
                                                                  
      222333332222244444                    1111111111            
      999888884444422222333333333333333444447777755555444442222244
  100                                                           
   90                                                           
   80                                                           
   70                                                           
   60                                                           
   50                                                           
   40    *****     *****                                        
   30 ********     *****                                        
   20 ******************                    **********          
   10 ******************                    **********          
     0....5....1....1....2....2....3....3....4....4....5....5....6
               0    5    0    5    0    5    0    5    0    5    0
               CPU% per second (last 60 seconds)

                                                                  
                                                                  
                                                                  
      412254451332143235242311115442422341443421222211122413442244
      080450017493705614226987793201356229337212254496843184338612
  100                                                           
   90                                                           
   80                                                           
   70                                                           
   60     *                                                     
   50     *  *         *        *                               
   40 *   ****  *  **  * * *    *** *   * ****           *  **  
   30 *   **** **  ***** ***    *** ***** ****   *       * *****
   20 ***************************************** ****************
   10 #*#####################*#################*###############*
     0....5....1....1....2....2....3....3....4....4....5....5....6
               0    5    0    5    0    5    0    5    0    5    0
               CPU% per minute (last 60 minutes)
              * = maximum CPU%   # = average CPU%

                                                                              
                                                                              
                                                                              
      6                                                                       
      4                                                                       
  100                                                                       
   90                                                                       
   80                                                                       
   70                                                                       
   60 *                                                                     
   50 *                                                                     
   40 *                                                                     
   30 *                                                                     
   20 *                                                                     
   10 #                                                                     
     0....5....1....1....2....2....3....3....4....4....5....5....6....6....7..
               0    5    0    5    0    5    0    5    0    5    0    5    0  
                   CPU% per hour (last 72 hours)
                  * = maximum CPU%   # = average CPU%



------------------ show file systems ------------------


File Systems:

       Size(b)       Free(b)      Type  Flags  Prefixes
             -             -    opaque     rw   system:
             -             -    opaque     rw   tmpsys:
             -             -    opaque     rw   null:
             -             -    opaque     ro   tar:
             -             -   network     rw   tftp:
             -             -    opaque     wo   syslog:
        522232        512795     nvram     rw   nvram:
*        55296         55296      disk     rw   disk0:
             -             -      disk     rw   disk1:
             -             -     flash     rw   slot0: flash:
             -             -     flash     rw   slot1:
             -             -     flash     rw   bootflash:
             -             -   network     rw   rcp:
             -             -   network     rw   pram:
             -             -   network     rw   ftp:
             -             -   network     rw   http:
             -             -   network     rw   scp:
             -             -   network     rw   https:
             -             -    opaque     ro   cns:


------------------ show file descriptors ------------------


File Descriptors:

  No open file descriptors


------------------ dir nvram: ------------------


Directory of nvram:/

  510  -rw-        4799                    <no date>  startup-config
  511  ----        3562                    <no date>  private-config
  512  -rw-        4799                    <no date>  underlying-config
    1  ----          69                    <no date>  persistent-data

522232 bytes total (512795 bytes free)

------------------ show disk0: all ------------------


No files on device

55296 bytes available (0 bytes used)

******** ATA Flash Card Geometry/Format Info ********

ATA CARD GEOMETRY
   Manufacturer Name      Dynamips ATA Flash Card  
   Model Number           
   Serial Number          
   Firmware Revision      
   Number of Heads        4     
   Number of Cylinders    320   
   Sectors per Cylinder   32    
   Sector Size            512   
   Total Sectors          40960 

ATA PARTITION 1 INFO
   Start Sector           32    
   Number of Sectors      40928 
   Size in Bytes          20955136
   File System Type       FAT16
   Number of FAT Sectors  40    
   Sectors Per Cluster    4     
   Number of Clusters     27    
   Number of Data Sectors 108   
   Base FAT Sector        1     
   Base Root Sector       81    
   Base Data Sector       113   

ATA MONLIB INFO
   Image Monlib size      125488
   Disk Monlib Size       NA
   Disk Space Available   NA
   Name                   NA
   End Sector             NA
   Start sector           NA
   Updated By             NA
   Version                NA
   Monlib Version         0     
   Monlib Params Version  0     


------------------ show controllers t1 ------------------



------------------ show controllers e1 ------------------



------------------ show ip nbar version ------------------




NBAR software version:  13

1   base                             Mv: 6
2   ftp                              Mv: 7
      Iv:                             smtp - 2
      Iv:                          gridftp - 1
3   http                             Mv: 20
      Iv:                          youtube - 6
      Iv:                    msn-messenger - 3
      Iv:                  yahoo-messenger - 3
      Iv:                      flash-video - 2
      Iv:                       flashyahoo - 2
      Iv:                     flashmyspace - 2
      Iv:                  audio-over-http - 2
      Iv:                 binary-over-http - 2
      Iv:                  video-over-http - 2
      Iv:                              irc - 2
      Iv:                         babelgum - 1
      Iv:                           itunes - 1
      Iv:                            sling - 1
      Iv:                     google-earth - 1
      Iv:                      baidu-movie - 1
      Iv:                            pando - 1
      Iv:                          napster - 1
      Iv:                         songsari - 1
      Iv:                       webthunder - 1
      Iv:                          sopcast - 3
      Iv:                      tunnel-http - 1
      Iv:                         soribada - 2
      Iv:                              icq - 1
      Iv:                            skype - 5
      Iv:                          edonkey - 7
      Iv:                    directconnect - 5
      Iv:                         gnutella - 7
      Iv:                        ms-update - 1
      Iv:                             rtsp - 9
      Iv:                          netflix - 1
      Iv:                        megavideo - 1
      Iv:                       bittorrent - 5
      Iv:                              tor - 1
      Iv:                            gmail - 1
      Iv:                            gtalk - 1
      Iv:                       gtalk-voip - 1
      Iv:                      gtalk-video - 1
      Iv:                       activesync - 1
      Iv:                         rhapsody - 1
      Iv:                            fring - 1
      Iv:                            rtmpt - 1
      Iv:                      livestation - 1
      Iv:                       secondlife - 1
      Iv:                         vnc-http - 1
      Iv:                      share-point - 1
      Iv:                    ms-office-365 - 1
      Iv:                           ms-sms - 1
      Iv:                        ghostsurf - 1
      Iv:                         gotomypc - 1
      Iv:                    adobe-connect - 1
      Iv:                        realmedia - 1
4   static                           Mv: 6
5   socks                            Mv: 3
6   nntp                             Mv: 2
      Iv:                  yahoo-messenger - 3
7   tftp                             Mv: 2
8   ms-rpc                           Mv: 2
      Iv:                         exchange - 4
      Iv:                      ms-netlogon - 1
      Iv:                       ms-win-dns - 1
      Iv:                           ms-iis - 1
      Iv:                 active-directory - 1
9   exchange                         Mv: 4
      Iv:                           ms-rpc - 2
10  vdolive                          Mv: 1
11  sqlnet                           Mv: 2
12  oracle-sqlnet                    Mv: 2
13  netshow                          Mv: 3
14  sunrpc                           Mv: 3
      Iv:                              nfs - 1
      Iv:                        clearcase - 1
15  nfs                              Mv: 1
16  streamwork                       Mv: 2
17  citrix                           Mv: 12
18  fasttrack                        Mv: 3
19  gnutella                         Mv: 7
      Iv:                             http - 20
20  kazaa2                           Mv: 11
21  dhcp                             Mv: 1
22  rtsp                             Mv: 9
      Iv:                          youtube - 6
23  webex-meeting                    Mv: 1
      Iv:                              ssl - 1
24  rtp                              Mv: 8
      Iv:                         stun-nat - 1
25  mgcp                             Mv: 2
26  skinny                           Mv: 3
      Iv:                      cisco-phone - 4
27  sip                              Mv: 5
      Iv:                      cisco-phone - 4
      Iv:             telepresence-control - 4
      Iv:              yahoo-voip-over-sip - 1
      Iv:                       secondlife - 1
28  rtcp                             Mv: 5
      Iv:             telepresence-control - 4
      Iv:                         stun-nat - 1
29  edonkey                          Mv: 7
      Iv:                             http - 20
30  winmx                            Mv: 5
31  bittorrent                       Mv: 5
      Iv:                          blizwow - 2
      Iv:                            socks - 3
      Iv:                             http - 20
32  directconnect                    Mv: 5
      Iv:                             http - 20
33  hl7                              Mv: 3
34  fix                              Mv: 3
      Iv:                              ssl - 1
35  msn-messenger                    Mv: 3
      Iv:                             http - 20
      Iv:                           ms-wbt - 1
      Iv:                            socks - 3
36  ms-live-accounts                 Mv: 1
37  dicom                            Mv: 4
38  yahoo-messenger                  Mv: 3
      Iv:                             http - 20
      Iv:                             nntp - 2
      Iv:                            socks - 3
39  mapi                             Mv: 3
40  aol-messenger                    Mv: 2
      Iv:                            socks - 3
      Iv:                              ssl - 1
      Iv:                             http - 20
41  cifs                             Mv: 2
42  cisco-phone                      Mv: 4
      Iv:                              sip - 5
      Iv:                           skinny - 3
      Iv:             telepresence-control - 4
43  youtube                          Mv: 6
      Iv:                             http - 20
      Iv:                             rtsp - 9
44  realmedia                        Mv: 1
      Iv:                             http - 20
      Iv:                             rtsp - 9
45  imap                             Mv: 1
46  pop3                             Mv: 1
47  irc                              Mv: 2
      Iv:                             http - 20
48  skype                            Mv: 5
      Iv:                             http - 20
      Iv:                              dns - 1
49  blizwow                          Mv: 2
      Iv:                       bittorrent - 5
50  telepresence-media               Mv: 3
51  telepresence-control             Mv: 4
      Iv:                             rtcp - 5
      Iv:                      cisco-phone - 4
      Iv:                              sip - 5
52  zattoo                           Mv: 3
53  sopcast                          Mv: 3
      Iv:                             http - 20
54  flash-video                      Mv: 2
      Iv:                             http - 20
55  flashyahoo                       Mv: 2
      Iv:                             http - 20
56  flashmyspace                     Mv: 2
      Iv:                             http - 20
57  audio-over-http                  Mv: 2
      Iv:                             http - 20
58  binary-over-http                 Mv: 2
      Iv:                             http - 20
59  video-over-http                  Mv: 2
      Iv:                             http - 20
60  my-jabber-ft                     Mv: 1
61  ayiya-ipv6-tunneled              Mv: 1
62  filetopia                        Mv: 1
63  guruguru                         Mv: 1
64  manolito                         Mv: 1
65  radius                           Mv: 1
66  teamspeak                        Mv: 1
67  soribada                         Mv: 2
      Iv:                             http - 20
68  dht                              Mv: 1
69  pptp                             Mv: 2
70  ntp                              Mv: 1
71  poco                             Mv: 2
72  ventrilo                         Mv: 1
73  tomatopang                       Mv: 1
74  maplestory                       Mv: 1
75  itunes                           Mv: 1
      Iv:                             http - 20
76  napster                          Mv: 1
      Iv:                             http - 20
77  sling                            Mv: 1
      Iv:                             http - 20
78  google-earth                     Mv: 1
      Iv:                             http - 20
79  baidu-movie                      Mv: 1
      Iv:                             http - 20
80  pando                            Mv: 1
      Iv:                             http - 20
81  webthunder                       Mv: 1
      Iv:                             http - 20
82  babelgum                         Mv: 1
      Iv:                             http - 20
83  songsari                         Mv: 1
      Iv:                             http - 20
84  tunnel-http                      Mv: 1
      Iv:                             http - 20
85  teredo-ipv6-tunneled             Mv: 1
86  sixtofour-ipv6-tunneled          Mv: 1
      Iv:             isatap-ipv6-tunneled - 1
87  isatap-ipv6-tunneled             Mv: 1
      Iv:          sixtofour-ipv6-tunneled - 1
88  fring                            Mv: 1
      Iv:                             http - 20
89  fring-voip                       Mv: 1
      Iv:                      fring-video - 1
90  fring-video                      Mv: 1
      Iv:                       fring-voip - 1
91  waste                            Mv: 1
92  kuro                             Mv: 1
93  smtp                             Mv: 2
94  icq                              Mv: 1
      Iv:                             http - 20
95  soulseek                         Mv: 1
96  yahoo-voip-messenger             Mv: 2
      Iv:                              rtp - 8
97  yahoo-voip-over-sip              Mv: 1
      Iv:                              sip - 5
98  aol-protocol                     Mv: 1
      Iv:                    aol-messenger - 2
99  ipsec                            Mv: 1
100  isakmp                           Mv: 1
101  ppstream                         Mv: 1
102  rtmp                             Mv: 1
103  rtmpe                            Mv: 1
104  rtmpt                            Mv: 1
      Iv:                             http - 20
105  dns                              Mv: 1
      Iv:                       tcpoverdns - 1
      Iv:                            skype - 5
106  windows-update                   Mv: 1
107  encrypted-emule                  Mv: 1
108  networking-gnutella              Mv: 1
109  encrypted-bittorrent             Mv: 1
110  ms-wbt                           Mv: 1
      Iv:                    msn-messenger - 3
111  gmail                            Mv: 1
      Iv:                             http - 20
      Iv:                              ssl - 1
112  openvpn                          Mv: 1
      Iv:                              ssl - 1
113  ssl                              Mv: 1
      Iv:                              fix - 3
      Iv:                    webex-meeting - 1
      Iv:                          netflix - 1
      Iv:                            gmail - 1
      Iv:                      livemeeting - 1
      Iv:                      livestation - 1
      Iv:                              dmp - 1
      Iv:                         rhapsody - 1
      Iv:                       secondlife - 1
      Iv:                 ms-live-accounts - 1
      Iv:                  google-accounts - 1
      Iv:                 active-directory - 1
      Iv:                          sip-tls - 1
      Iv:                    ms-office-365 - 1
      Iv:                            pcoip - 1
      Iv:                      vmware-view - 1
      Iv:                          openvpn - 1
      Iv:                        ms-update - 1
      Iv:                            mysql - 1
      Iv:                         gotomypc - 1
      Iv:                        ghostsurf - 1
      Iv:                    adobe-connect - 1
      Iv:                    aol-messenger - 2
      Iv:                      share-point - 1
      Iv:                        realmedia - 1
114  ghostsurf                        Mv: 1
      Iv:                             http - 20
115  netflix                          Mv: 1
      Iv:                             http - 20
      Iv:                              ssl - 1
116  megavideo                        Mv: 1
      Iv:                             http - 20
117  stun-nat                         Mv: 1
118  viber                            Mv: 1
119  cisco-ip-camera                  Mv: 1
      Iv:                             rtsp - 9
120  livestation                      Mv: 1
      Iv:                             http - 20
      Iv:                             rtmp - 1
      Iv:                              ssl - 1
121  gridftp                          Mv: 1
122  winny                            Mv: 1
123  livemeeting                      Mv: 1
      Iv:                              ssl - 1
      Iv:                         stun-nat - 1
124  tor                              Mv: 1
      Iv:                             http - 20
      Iv:                              ssl - 1
125  xmpp-client                      Mv: 1
126  gtalk-chat                       Mv: 1
      Iv:                      xmpp-client - 1
127  gtalk                            Mv: 1
      Iv:                             http - 20
      Iv:                         stun-nat - 1
      Iv:                      gtalk-video - 1
      Iv:                       gtalk-voip - 1
      Iv:                         gtalk-ft - 1
128  gtalk-voip                       Mv: 1
      Iv:                             http - 20
      Iv:                         stun-nat - 1
      Iv:                            gtalk - 1
129  gtalk-ft                         Mv: 1
      Iv:                         stun-nat - 1
      Iv:                            gtalk - 1
130  gtalk-video                      Mv: 1
      Iv:                             http - 20
      Iv:                         stun-nat - 1
      Iv:                            gtalk - 1
131  steam                            Mv: 1
132  ping                             Mv: 1
133  exec                             Mv: 1
134  login                            Mv: 1
135  shell                            Mv: 1
136  netapp-snapmirror                Mv: 1
137  ms-iis                           Mv: 1
      Iv:                           ms-rpc - 2
138  ms-win-dns                       Mv: 1
      Iv:                           ms-rpc - 2
139  ms-netlogon                      Mv: 1
      Iv:                           ms-rpc - 2
140  ms-sms                           Mv: 1
      Iv:                             http - 20
      Iv:                        ms-update - 1
141  perforce                         Mv: 1
142  vnc                              Mv: 1
143  vnc-http                         Mv: 1
      Iv:                             http - 20
144  secondlife                       Mv: 1
      Iv:                              ssl - 1
      Iv:                             http - 20
      Iv:                              sip - 5
145  msn-messenger-filetransfer       Mv: 1
146  icq-filetransfer                 Mv: 1
147  tcpoverdns                       Mv: 1
      Iv:                              dns - 1
148  msn-messenger-video              Mv: 1
      Iv:                         stun-nat - 1
      Iv:                              rtp - 8
149  share-point                      Mv: 1
      Iv:                             http - 20
      Iv:                              ssl - 1
150  sip-tls                          Mv: 1
      Iv:                              ssl - 1
151  activesync                       Mv: 1
      Iv:                             http - 20
152  rhapsody                         Mv: 1
      Iv:                             http - 20
      Iv:                             rtmp - 1
      Iv:                              ssl - 1
153  ip-messenger                     Mv: 1
154  capwap-control                   Mv: 1
      Iv:                      capwap-data - 1
155  capwap-data                      Mv: 1
      Iv:                   capwap-control - 1
156  dmp                              Mv: 1
      Iv:                              ssl - 1
157  netbios-ns                       Mv: 1
158  ldap                             Mv: 1
159  active-directory                 Mv: 1
      Iv:                           ms-rpc - 2
      Iv:                             cifs - 2
      Iv:                             ldap - 1
      Iv:                              ssl - 1
160  google-accounts                  Mv: 1
161  ms-office-365                    Mv: 1
      Iv:                             http - 20
      Iv:                              ssl - 1
162  teamviewer                       Mv: 1
163  pcanywhere                       Mv: 1
164  snmp                             Mv: 1
165  vmware-vmotion                   Mv: 1
166  pcoip                            Mv: 1
      Iv:                              ssl - 1
167  vmware-view                      Mv: 1
      Iv:                              ssl - 1
168  gotomypc                         Mv: 1
      Iv:                             http - 20
      Iv:                              ssl - 1
169  kerberos                         Mv: 1
170  clearcase                        Mv: 1
171  ms-update                        Mv: 1
      Iv:                              ssl - 1
      Iv:                             http - 20
      Iv:                           ms-sms - 1
172  mysql                            Mv: 1
      Iv:                              ssl - 1
173  sqlserver                        Mv: 1
      Iv:                             cifs - 2
174  adobe-connect                    Mv: 1
      Iv:                             rtmp - 1
      Iv:                              ssl - 1
      Iv:                             http - 20
175  aol-messenger-audio              Mv: 1
      Iv:                              rtp - 8
176  aol-messenger-video              Mv: 1
      Iv:              aol-messenger-audio - 1
      Iv:                              rtp - 8
      Iv:                             http - 20
      Iv:                         stun-nat - 1
      Iv:                             rtmp - 1
177  aol-messenger-ft                 Mv: 1
      Iv:              aol-messenger-audio - 1
178  ms-sql-m                         Mv: 1
179  hopopt                           Mv: 1
180  ipv6-frag                        Mv: 1
181  ipv6-nonxt                       Mv: 1
182  ipv6-opts                        Mv: 1
183  ipv6-route                       Mv: 1
184  oscar-filetransfer               Mv: 1
      Iv:              aol-messenger-audio - 1
185  iana                             Mv: 1
186  custom-protocols                 Mv: 1
187  attribute                        Mv: 1


{<No.>}<PDLM name> Mv: <PDLM Version>, {Nv: <NBAR Software Version>; <File name>}
            {Iv: <PDLM Interdependency Name>   - <PDLM Interdependency Version>}


------------------ show crypto key mypubkey rsa ------------------

% Key pair was generated at: 20:40:51 UTC Jul 23 2020
Key name: SD-WN.gns3.lab
Key type: RSA KEYS
 Storage Device: private-config
 Usage: General Purpose Key
 Key is not exportable. Redundancy enabled.
 Key Data:
  30820122 300D0609 2A864886 F70D0101 01050003 82010F00 3082010A 02820101 
  00BE3BCE 289CCF5E 53ED852F 1506EDF2 14661F53 A943B698 614CE84F 5C8E706A 
  90B44965 A45176D2 FB478305 0912D0B7 7F24EBFD D3DB6742 BB85A9C5 9C388720 
  8C982CFE 7C29C0DB F36A6DC6 B46205F7 7FD185A0 D65D7E44 8CC41DD9 B2D8FC6E 
  7953739B 54325F1D 545B823F A12EC091 699C48B2 CE77AAC3 656A49FC 6AE6EE3E 
  504E8A19 17B5317C F69F78EE 774BBC63 62705268 DFB37A44 A8D086CF DF1D1B2C 
  A882E5F9 AFAC652B 196CE31B 380264D0 DF4375F9 C5BC6985 C2378C14 2A1ABA06 
  7950CABB 1BAFE768 93FB372D DCED27AB ABE63853 947063AF 2A5F07CD 8909085A 
  1E7505E3 5A29642A 684E69AB 6767F40C 5677DDE7 9118FC46 CA640F68 A029B428 
  21020301 0001
% Key pair was generated at: 20:44:08 UTC Aug 24 2020
Key name: SD-WN.gns3.lab.server
Key type: RSA KEYS
Temporary key
 Usage: Encryption Key
 Key is not exportable. Redundancy enabled.
 Key Data:
  307C300D 06092A86 4886F70D 01010105 00036B00 30680261 00A450E1 4FF21534 
  4F6FC4C3 EB67DDE7 D85A90AF 84461A31 407CA6E1 2BE9E0A0 82299858 90C20223 
  5B19A3EB BAC5BB76 CF3B0083 B182093A 42250FA5 A23FD92B 55697626 C3C039AF 
  4A39F726 D1C8483F 35F468C4 D2A32F7E E83447FB 49D787FA 6B020301 0001

------------------ show crypto call admission statistics ------------------

---------------------------------------------------------------------
               Crypto Call Admission Control Statistics
---------------------------------------------------------------------
System Resource Limit:        0 Max IKE SAs:     0 Max in nego:  1000
Total IKE SA Count:           0 active:          0 negotiating:     0
Incoming IKE Requests:        0 accepted:        0 rejected:        0
Outgoing IKE Requests:        0 accepted:        0 rejected:        0
Rejected IKE Requests:        0 rsrc low:        0 Active SA limit: 0
                                                   In-neg SA limit: 0
IKE packets dropped at dispatch:        0

Max IPSEC SAs:     0
Total IPSEC SA Count:           0 active:          0 negotiating:     0
Incoming IPSEC Requests:        0 accepted:        0 rejected:        0
Outgoing IPSEC Requests:        0 accepted:        0 rejected:        0

Phase1.5 SAs under negotiation:         0 


------------------ show inventory ------------------

NAME: "Chassis", DESCR: "Cisco 7206VXR, 6-slot chassis"
PID: CISCO7206VXR      , VID:    , SN: 4279256517 

NAME: "NPE400 0", DESCR: "Cisco 7200VXR Network Processing Engine NPE-400"
PID: NPE-400           , VID:    , SN: 11111111   

NAME: "module 0", DESCR: "I/O FastEthernet (TX-ISL)"
PID: C7200-IO-FE-MII/RJ, VID:    , SN: 4294967295 

NAME: "disk0", DESCR: "Cisco 7200 I/O PCMCIA Flash Disk, 48M"
PID: MEM-I/O-FLD48M    , VID:    , SN:            

NAME: "module 1", DESCR: "Dual Port FastEthernet (RJ45)"
PID: PA-2FE-FX         , VID:    , SN: XXX00000000

NAME: "module 2", DESCR: "Dual Port FastEthernet (RJ45)"
PID: PA-2FE-FX         , VID:    , SN: XXX00000000

NAME: "module 3", DESCR: "Dual Port FastEthernet (RJ45)"
PID: PA-2FE-FX         , VID:    , SN: XXX00000000

NAME: "Power Supply 0", DESCR: "Cisco 7200 AC Power Supply"
PID: PWR-7200-AC       , VID:    , SN:            

NAME: "Power Supply 1", DESCR: "Cisco 7200 AC Power Supply"
PID: PWR-7200-AC       , VID:    , SN:            



DEBUG:netmiko:read_channel: 
DEBUG:netmiko:read_channel: 
DEBUG:netmiko:read_channel: 
DEBUG:netmiko:read_channel: 
DEBUG:netmiko:read_channel: 
DEBUG:netmiko:read_channel: 
DEBUG:netmiko:read_channel: 
DEBUG:netmiko:read_channel: 
DEBUG:netmiko:read_channel: 
DEBUG:netmiko:read_channel: 
DEBUG:netmiko:read_channel: 
DEBUG:netmiko:read_channel: 
------------------ show memory statistics ------------------


                Head    Total(b)     Used(b)     Free(b)   Lowest(b)  Largest(b)
Processor   6558E400   396826796    54121944   342704852   341701476   329717932
      I/O    E000000    33554432     5820900    27733532    27733532    27722588
Transient   7D000000    16777216      212024    16565192    16565192    16565160

DEBUG:netmiko:read_channel: 
------------------ show memory statistics ------------------


                Head    Total(b)     Used(b)     Free(b)   Lowest(b)  Largest(b)
Processor   6558E400   396826796    52213852   344612944   343524876   329717932
      I/O    E000000    33554432     5783408    27771024    27743012    27733404
Transient   7D000000    16777216       15260    16761956    16760552    16761112

------------------ show process memory ------------------


Processor Pool Total:  396826796 Used:   52213752 Free:  344613044
      I/O Pool Total:   33554432 Used:    5783136 Free:   27771296
Transient Pool Total:   16777216 Used:      15252 Free:   16761964

 PID TTY  Allocated      Freed    Holding    Getbufs    Retbufs Process
   0   0   91274344   38317796   50458296        409        128 *Init*          
   0   0      12052     400176      12052          0          0 *Sched*         
   0   0   30906288   30139432     704080         18         18 *Dead*          
   0   0          0          0     394920          0          0 *MallocLite*    
   1   0      65588          0      72852          0          0 Chunk Manager   
   2   0        240        240       4264          0          0 Load Meter      
   3   2    1390380    1293044     106184        193        192 SSH Process     
   4   0          0          0       7264          0          0 RO Notify Timers
   5   0       9736        240      16760          0          0 Check heaps     
   6   0    4259492    4259460      74876         49          0 Pool Manager    
   7   0          0          0       7264          0          0 DiscardQ Backgro
   8   0        240        240       7264          0          0 Timers          
   9   0          0          0       4264          0          0 WATCH_AFS       
  10   0      22032       1980      27316         34         34 ARP Input       
  11   0       6908       6908       7264          6          6 ARP Background  
  12   0        240        240       7264          0          0 ATM Idle Timer  
  13   0          0          0       7264          0          0 ATM ASYNC PROC  
  14   0          0          0       7264          0          0 AAA_SERVER_DEADT
  15   0          0          0      13264          0          0 Policy Manager  
  16   0      17992          0      25256         42         42 Entity MIB API  
  17   0       3048        240      10072          0          0 PrstVbl         
  18   0        240        240       7264          0          0 Serial Backgroun
  19   0          0          0       4264          0          0 RMI RM Notify Wa
  20   0        240        240       7264          0          0 DDR Timers      
  21   0        240        240      10264          0          0 ATM AutoVC Perio
  22   0        240        240       7264          0          0 ATM VC Auto Crea
  23   0          0          0       7264          0          0 IPC Event Notifi
  24   0          0          0       7264          0          0 IPC Mcast Pendin
  25   0          0          0       7264          0          0 IPC Dynamic Cach
  26   0          0          0       7264          0          0 IPC Service NonC
  27   0          0          0       7264          0          0 IPC Zone Manager
  28   0          0          0       7264          0          0 IPC Periodic Tim
  29   0          0          0       7264          0          0 IPC Deferred Por
  30   0          0          0       7264          0          0 IPC Process leve
  31   0       2104          0       9368          0          0 IPC Seat Manager
  32   0          0          0       7264          0          0 IPC Check Queue 
  33   0          0          0       7264          0          0 IPC Seat RX Cont
  34   0          0          0       7264          0          0 IPC Seat TX Cont
  35   0          0          0       7264          0          0 IPC Keep Alive M
  36   0          0          0       7264          0          0 IPC Loadometer  
  37   0          0          0       7264          0          0 Compute SRP rate
  38   0      10052          0      17316          4          4 EnvMon          
  39   0          0          0       7264          0          0 OIR Handler     
  40   0          0          0      25264          0          0 Crash writer    
  41   0        352          0       7616          0          0 Exception contro
  42   0          0          0       7264          0          0 ALARM_TRIGGER_SC
  43   0          0          0       7264          0          0 CEF MIB API     
  44   0        240        240       7264          0          0 GraphIt         
  45   0          0          0       7264          0          0 SERIAL A'detect 
  46   0        240        240      13264          0          0 Dialer event    
  47   0        240        240       7264          0          0 SMART           
  48   0          0          0      13264          0          0 RFS server proce
  49   0          0          0       7264          0          0 Critical Bkgnd  
  50   0     169648        304     114864        815        815 Net Background  
  51   0       1976       1976      13264          0          0 IDB Work        
  52   0        240        240      13264        219        219 Logger          
  53   0        240        240       7264          0          0 TTY Background  
  54   0       1300          0       8564          0          0 IF-MGR control p
  55   0          0          0       7264          0          0 IF-MGR event pro
  56   0          0          0       4264          0          0 Inode Table Dest
  57   0          0          0       7264          0          0 Transport Port A
  58   0        240        240      13264          0          0 INTR MGR PROCESS
  59   0          0          0       7264          0          0 HC Counter Timer
  60   0     170652    1077468     174928          0          0 EEM ED ND       
  61   0        240        240       7264          0          0 FEC_Link_event_h
  62   0          0          0       7264          0          0 POS APS Event Pr
  63   0          0          0       7264          0          0 SONET alarm time
  64   0        240        240       7264          0          0 Hawkeye Backgrou
  65   0          0          0       7264          0          0 CSP Timer       
  66   0          0          0       7264          0          0 FPD Management P
  67   0          0          0       7264          0          0 FPD Action Proce
  68   0       4568       4568       7684          0          0 Flash MIB Update
  69   0          0          0       4264          0          0 Flash Card Oir  
  70   0        240          0       4504          0          0 Async write proc
  71   0        240          0       4504          0          0 Async write proc
  72   0        240          0       4504          0          0 Async write proc
  73   0        240          0       4504          0          0 Async write proc
  74   0          0          0       4264          0          0 DFS flush period
  75   0      16832        240      23856          0          0 AAA Server      
  76   0          0          0       7264          0          0 AAA ACCT Proc   
  77   0      49384          0      56648          0          0 ACCT Periodic Pr
  78   0          0          0       7264          0          0 AAA System Acct 
  79   0          0          0       7304          0          0 Call Home Timer 
  80   0        240        240       7264          0          0 AAA Dictionary R
  81   0          0          0       7264          0          0 EAP Framework   
  82   0          0          0       7264          0          0 EAP Test        
  83   0          0          0      10264          0          0 HQF TUNNEL      
  84   0        240        240       7264          0          0 IPAM/ODAP Events
  85   0      49412          0      62676          0          0 IPAM Manager    
  86   0        240        240      13264          0          0 IPAM Events     
  87   0       2964          0      16228          0          0 IP ARP Adjacency
  88   0      35012       1856      40420         19         19 IP ARP Retry Age
  89   0      48372      30024      14932       3078       3076 IP Input        
  90   0          0          0       7264          0          0 ICMP event handl
  91   0        240        240       7264          0          0 PIM register asy
  92   0        240        240       7264          0          0 TurboACL        
  93   0        240        240       7264          0          0 TurboACL chunk  
  94   0          0          0       7264          0          0 IPv6 ping proces
  95   0        240        240       7264          0          0 OCE punted Pkts 
  96   0          0          0       7264          0          0 O-UNI Client Msg
  97   0          0          0      13264          0          0 LSP Tunnel FRR  
  98   0          0          0      13264          0          0 MPLS Auto-Tunnel
  99   0      65588          0      90852          0          0 st_pw_oam       
 100   0          0          0       7264          0          0 AAA EPD HANDLER 
 101   0          0          0       7264          0          0 PM EPD API      
 102   0          0          0      13264          0          0 DM Proc         
 103   0        240        240       7264          0          0 PPP SIP         
 104   0        240        240       7264          0          0 PPP Bind        
 105   0        240        240      13264          0          0 PPP IP Route    
 107   0        240        240      13264          0          0 SSM connection m
 108   0        480        240       7504          0          0 Spanning Tree   
 109   0          0          0       7264          0          0 VRRS            
 110   0        268          0      13532          0          0 CEF switching ba
 111   0        224          0       4488          0          0 ADJ NSF process 
 112   0        240        240      13264          0          0 ATM OAM Input   
 113   0        240        240      13264          0          0 ATM OAM TIMER   
 114   0        240        240       7264         75         75 MOP Protocols   
 115   0          0          0      13264          0          0 SSS Manager     
 116   0          0          0      13264          0          0 SSS Policy Manag
 117   0       7604          0      14868          0          0 SSS Feature Mana
 118   0          0          0       7264          0          0 SSS Feature Time
 119   0          0          0      13264          0          0 SSS PM SHIM QOS 
 120   0          0          0       7264          0          0 Timer handler fo
 121   0          0          0       7264          0          0 Prepaid response
 122   0          0          0       7264          0          0 Timed Policy act
 123   0          0          0       7264          0          0 AAA response han
 124   0        240        240      13264          0          0 KRB5 AAA        
 125   0          0          0       7264          0          0 delayed evt hand
 126   0          0          0       7264          0          0 AC Switch       
 127   0          0          0       7264          0          0 ISG CMD HANDLER 
 128   0          0          0       7264          0          0 IP Lite session 
 129   0        240        240       7264          0          0 IP PORTBUNDLE   
 130   0        240        240      13264          0          0 IP Static Sessio
 131   0          0          0       7264          0          0 RADIUS Proxy    
 132   0          0          0       7264          0          0 FRR Background P
 133   0      22452      10756      25136          0          0 CEF background p
 134   0        224          0      13488          0          0 fib_fib_bfd_sb e
 135   0          0          0      10264          0          0 IP IRDP         
 136   0          0          0       7332          0          0 SNMP Timers     
 137   0          0          0      13264          0          0 Routing Topology
 138   0     102808       3564     112384          0          0 IP RIB Update   
 139   0      41052       6800      44424          0          0 IP Background   
 140   0      49576        320      59520          0          0 IP Connected Rou
 141   0    1806976     336224     458352       1001       1001 CDP Protocol    
 143   0          0          0       7264          0          0 IP Traceroute   
 144   0          0          0       7264          0          0 Socket Timers   
 145   0        524          0       7788          0          0 Service Routing 
 146   0      14728       5072      16920          0          0 SR CapMan Proces
 147   0        240        376       7264          0          0 Flow Exporter Ti
 148   0          0          0      13264         31         31 TCP Timer       
 149   0     439176          0      15280          0          0 TCP Protocols   
 150   0        944          0      11208          0          0 HTTP CORE       
 151   0        224          0      10488          0          0 Tunnel FIB      
 152   0          0          0       7264          0          0 HQF Output Shape
 153   0          0          0       7264          0          0 HQF Input Shaper
 154   0      39944      40532      13488          0          0 CEF: IPv4 proces
 155   0        224          0       7488          0          0 ADJ background  
 156   0        224          0      13488          0          0 Collection proce
 158   0       8420          0      15612          2          2 SSH Event handle
 159   0        224          0      13488          0          0 MFIB Master back
 160   0        480        240      10504          0          0 Multicast Offloa
 161   0        480        240      10504          0          0 MVPN mgr Process
 162   0        240       1048      10264          0          0 static          
 163   0          0          0      10264          0          0 IPv6 RIB Cleanup
 164   0          0          0      10264          0          0 IPv6 RIB Event H
 165   0       3272       1536      10536          0          0 VPWS Thread     
 166   0       1904        456       8712          0          0 LFDp Input Proc 
 167   0      39024      39024       7264          0          0 QoS stats proces
 168   0      85324        240      26520          0          0 SCTP Main Proces
 169   0        240        240       7264          0          0 PPP Compress Inp
 170   0        240        240       7264          0          0 PPP Compress Res
 171   0      19056        824      31620          1          1 ADJ resolve proc
 172   0        944          0      62208          0          0 COPS            
 173   0        240        240       7264          0          0 Dialer Forwarder
 174   0          0          0       7264          0          0 RARP Input      
 175   0        240        240       7264          0          0 PPP NBF         
 176   0        480        240       4504          0          0 PfR BR Learn    
 177   0          0          0       7264          0          0 PAD InCall      
 178   0        240        240      13264          0          0 X.25 Background 
 179   0          0          0       7264          0          0 X.25 Encaps Mana
 180   0        240        240       7264          0          0 RBSCP Background
 181   0          0          0      13264          0          0 VPDN call manage
 182   0          0          0       7264          0          0 XC RIB MGR      
 183   0          0          0       7264          0          0 ac_atm_state_eve
 184   0          0          0       7264          0          0 ac_atm_mraps_hsp
 185   0        240        240       4264          0          0 L2X Switching Ev
 186   0        240        240      13264          0          0 IP Inband Sessio
 187   0      66740          0      74004          0          0 DHCP SIP        
 188   0        240        240      13264          0          0 IP SIP Process  
 189   0      10232      14576      11784          0          0 PMIPV6 Thread   
 190   0        240        240       7264          0          0 AAA Cached Serve
 191   0          0          0       7264          0          0 EM Background Pr
 192   0          0          0       7264          0          0 IDMGR CORE      
 193   0          0          0       7264          0          0 Key chain liveke
 194   0       6096       6096       7264          0          0 LOCAL AAA       
 195   0          0          0      13264         
DEBUG:netmiko:read_channel: 
DEBUG:netmiko:read_channel: 
DEBUG:netmiko:read_channel: 
DEBUG:netmiko:read_channel: 
DEBUG:netmiko:read_channel: 
DEBUG:netmiko:read_channel: 
------------------ show process memory ------------------


Processor Pool Total:  396826796 Used:   54121768 Free:  342705028
      I/O Pool Total:   33554432 Used:    5820624 Free:   27733808
Transient Pool Total:   16777216 Used:     212016 Free:   16565200

 PID TTY  Allocated      Freed    Holding    Getbufs    Retbufs Process
   0   0   92901396   38338156   51873168        388        107 *Init*          
   0   0      12052     395112      12052          0          0 *Sched*         
   0   0   30966376   29972356     901044         19         19 *Dead*          
   0   0          0          0     394824          0          0 *MallocLite*    
   1   0      75640          0      82904          0          0 Chunk Manager   
   2   0        240        240       4264          0          0 Load Meter      
   3   0          0          0      10128          0          0 BGP Scheduler   
   4   0          0          0       7264          0          0 RO Notify Timers
   5   0       9736        240      16760          0          0 Check heaps     
   6   0    4257540    4257540      74844         49          0 Pool Manager    
   7   0          0          0       7264          0          0 DiscardQ Backgro
   8   0        240        240       7264          0          0 Timers          
   9   0          0          0       4264          0          0 WATCH_AFS       
  10   0      21592       1540      27316         47         47 ARP Input       
  11   0       8420       8420       7264         10         10 ARP Background  
  12   0        240        240       7264          0          0 ATM Idle Timer  
  13   0          0          0       7264          0          0 ATM ASYNC PROC  
  14   0          0          0       7264          0          0 AAA_SERVER_DEADT
  15   0          0          0      13264          0          0 Policy Manager  
  16   0      17752          0      25016         42         42 Entity MIB API  
  17   0       2948        240       9972          0          0 PrstVbl         
  18   0        240        240       7264          0          0 Serial Backgroun
  19   0          0          0       4264          0          0 RMI RM Notify Wa
  20   0        240        240       7264          0          0 DDR Timers      
  21   0        240        240      10264          0          0 ATM AutoVC Perio
  22   0        240        240       7264          0          0 ATM VC Auto Crea
  23   0          0          0       7264          0          0 IPC Event Notifi
  24   0          0          0       7264          0          0 IPC Mcast Pendin
  25   0          0          0       7264          0          0 IPC Dynamic Cach
  26   0          0          0       7264          0          0 IPC Service NonC
  27   0          0          0       7264          0          0 IPC Zone Manager
  28   0          0          0       7264          0          0 IPC Periodic Tim
  29   0          0          0       7264          0          0 IPC Deferred Por
  30   0          0          0       7264          0          0 IPC Process leve
  31   0       2104          0       9368          0          0 IPC Seat Manager
  32   0          0          0       7264          0          0 IPC Check Queue 
  33   0          0          0       7264          0          0 IPC Seat RX Cont
  34   0          0          0       7264          0          0 IPC Seat TX Cont
  35   0          0          0       7264          0          0 IPC Keep Alive M
  36   0          0          0       7264          0          0 IPC Loadometer  
  37   0          0          0       7264          0          0 Compute SRP rate
  38   0      10052          0      17316          4          4 EnvMon          
  39   0          0          0       7264          0          0 OIR Handler     
  40   0          0          0      25264          0          0 Crash writer    
  41   0        352          0       7616          0          0 Exception contro
  42   0          0          0       7264          0          0 ALARM_TRIGGER_SC
  43   0          0          0       7264          0          0 CEF MIB API     
  44   0        240        240       7264          0          0 GraphIt         
  45   0          0          0       7264          0          0 SERIAL A'detect 
  46   0        240        240      13264          0          0 Dialer event    
  47   0        240        240       7264          0          0 SMART           
  48   0          0          0      13264          0          0 RFS server proce
  49   0          0          0       7264          0          0 Critical Bkgnd  
  50   0     178512        848     122900       1201       1201 Net Background  
  51   0       1976       1976      13264          0          0 IDB Work        
  52   0        240        240      13264        216        216 Logger          
  53   0        240        240       7264          0          0 TTY Background  
  54   0        740          0       8004          0          0 IF-MGR control p
  55   0          0          0       7264          0          0 IF-MGR event pro
  56   0          0          0       4264          0          0 Inode Table Dest
  57   0          0          0       7264          0          0 Transport Port A
  58   0        240        240      13264          0          0 INTR MGR PROCESS
  59   0          0          0       7264          0          0 HC Counter Timer
  60   0     170652    1192960     174928          0          0 EEM ED ND       
  61   0        240        240       7264          0          0 FEC_Link_event_h
  62   0          0          0       7264          0          0 POS APS Event Pr
  63   0          0          0       7264          0          0 SONET alarm time
  64   0        240        240       7264          0          0 Hawkeye Backgrou
  65   0          0          0       7264          0          0 CSP Timer       
  66   0          0          0       7264          0          0 FPD Management P
  67   0          0          0       7264          0          0 FPD Action Proce
  68   0       4568       4568       7684          0          0 Flash MIB Update
  69   0          0          0       4264          0          0 Flash Card Oir  
  70   0        240          0       4504          0          0 Async write proc
  71   0        240          0       4504          0          0 Async write proc
  72   0        240          0       4504          0          0 Async write proc
  73   0        240          0       4504          0          0 Async write proc
  74   0          0          0       4264          0          0 DFS flush period
  75   0      16832        240      23856          0          0 AAA Server      
  76   0          0          0       7264          0          0 AAA ACCT Proc   
  77   0      49384          0      56648          0          0 ACCT Periodic Pr
  78   0          0          0       7264          0          0 AAA System Acct 
  79   0          0          0       7304          0          0 Call Home Timer 
  80   0        240        240       7264          0          0 AAA Dictionary R
  81   0          0          0       7264          0          0 EAP Framework   
  82   0          0          0       7264          0          0 EAP Test        
  83   0          0          0      10264          0          0 HQF TUNNEL      
  84   0        240        240       7264          0          0 IPAM/ODAP Events
  85   0      49412          0      62676          0          0 IPAM Manager    
  86   0        240        240      13264          0          0 IPAM Events     
  87   0       4324          0      17588          0          0 IP ARP Adjacency
  88   0      33056          0      40320          0          0 IP ARP Retry Age
  89   0      48372      31692      14932       3440       3438 IP Input        
  90   0          0          0       7264          0          0 ICMP event handl
  91   0        240        240       7264          0          0 PIM register asy
  92   0        240        240       7264          0          0 TurboACL        
  93   0        240        240       7264          0          0 TurboACL chunk  
  94   0          0          0       7264          0          0 IPv6 ping proces
  95   0        240        240       7264          0          0 OCE punted Pkts 
  96   0          0          0       7264          0          0 O-UNI Client Msg
  97   0          0          0      13264          0          0 LSP Tunnel FRR  
  98   0          0          0      13264          0          0 MPLS Auto-Tunnel
  99   0      65588          0      90852          0          0 st_pw_oam       
 100   0          0          0       7264          0          0 AAA EPD HANDLER 
 101   0          0          0       7264          0          0 PM EPD API      
 102   0          0          0      13264          0          0 DM Proc         
 103   0        240        240       7264          0          0 PPP SIP         
 104   0        240        240       7264          0          0 PPP Bind        
 105   0        240        240      13264          0          0 PPP IP Route    
 106   2    1380960    1283812     105796        178        177 SSH Process     
 107   0        240        240      13264          0          0 SSM connection m
 108   0        480        240       7504          0          0 Spanning Tree   
 109   0          0          0       7264          0          0 VRRS            
 110   0        224          0      13488          0          0 CEF switching ba
 111   0        224          0       4488          0          0 ADJ NSF process 
 112   0        240        240      13264          0          0 ATM OAM Input   
 113   0        240        240      13264          0          0 ATM OAM TIMER   
 114   0       8244        240      15268         94         94 MOP Protocols   
 115   0          0          0      13264          0          0 SSS Manager     
 116   0          0          0      13264          0          0 SSS Policy Manag
 117   0       7604          0      14868          0          0 SSS Feature Mana
 118   0          0          0       7264          0          0 SSS Feature Time
 119   0          0          0      13264          0          0 SSS PM SHIM QOS 
 120   0          0          0       7264          0          0 Timer handler fo
 121   0          0          0       7264          0          0 Prepaid response
 122   0          0          0       7264          0          0 Timed Policy act
 123   0          0          0       7264          0          0 AAA response han
 124   0        240        240      13264          0          0 KRB5 AAA        
 125   0          0          0       7264          0          0 delayed evt hand
 126   0          0          0       7264          0          0 AC Switch       
 127   0          0          0       7264          0          0 ISG CMD HANDLER 
 128   0          0          0       7264          0          0 IP Lite session 
 129   0        240        240       7264          0          0 IP PORTBUNDLE   
 130   0        240        240      13264          0          0 IP Static Sessio
 131   0          0          0       7264          0          0 RADIUS Proxy    
 132   0          0          0       7264          0          0 FRR Background P
 133   0      15296        168      28560          0          0 CEF background p
 134   0        224          0      13488          0          0 fib_fib_bfd_sb e
 135   0          0          0      10264          0          0 IP IRDP         
 136   0          0          0       7332          0          0 SNMP Timers     
 137   0          0          0      13264          0          0 Routing Topology
 138   0      30848       7128      36984          0          0 IP RIB Update   
 139   0      36444       3008      43616          0          0 IP Background   
 140   0      50120        864      59520          0          0 IP Connected Rou
 141   0    2219528     491996     591644       1164       1163 CDP Protocol    
 142   0          0          0      10128         74         74 BGP I/O         
 143   0          0          0       7264          0          0 IP Traceroute   
 144   0          0          0       7264          0          0 Socket Timers   
 145   0        564          0       7828          0          0 Service Routing 
 146   0      14720       5080      16904          0          0 SR CapMan Proces
 147   0        240        376       7264          0          0 Flow Exporter Ti
 148   0          0          0      13264        106        106 TCP Timer       
 149   0     443128          0      15384          0          0 TCP Protocols   
 150   0        944          0      11208          0          0 HTTP CORE       
 151   0        224          0      10488          0          0 Tunnel FIB      
 152   0          0          0       7264          0          0 HQF Output Shape
 153   0          0          0       7264          0          0 HQF Input Shaper
 154   0       7296       7072      13488          0          0 CEF: IPv4 proces
 155   0        224          0       7488          0          0 ADJ background  
 156   0        224          0      13488          0          0 Collection proce
 158   0      16424          0      23616          2          2 SSH Event handle
 159   0        224          0      13488          0          0 MFIB Master back
 160   0        480        240      10504          0          0 Multicast Offloa
 161   0        480        240      10504          0          0 MVPN mgr Process
 162   0        240        240      10264          0          0 static          
 163   0          0          0      10264          0          0 IPv6 RIB Cleanup
 164   0          0          0      10264          0          0 IPv6 RIB Event H
 165   0       3272       1536      10536          0          0 VPWS Thread     
 166   0       1240        408       8096          0          0 LFDp Input Proc 
 167   0      36480      36480       7264          0          0 QoS stats proces
 168   0      85324        240      26520          0          0 SCTP Main Proces
 169   0        240        240       7264          0          0 PPP Compress Inp
 170   0        240        240       7264          0          0 PPP Compress Res
 171   0        224          0      13488          0          0 ADJ resolve proc
 172   0        944          0      62208          0          0 COPS            
 173   0        240        240       7264          0          0 Dialer Forwarder
 174   0          0          0       7264          0          0 RARP Input      
 175   0        240        240       7264          0          0 PPP NBF         
 176   0        480        240       4504          0          0 PfR BR Learn    
 177   0          0          0       7264          0          0 PAD InCall      
 178   0        240        240      13264          0          0 X.25 Background 
 179   0          0          0       7264          0          0 X.25 Encaps Mana
 180   0        240        240       7264          0          0 RBSCP Background
 181   0          0          0      13264          0          0 VPDN call manage
 182   0          0          0       7264          0          0 XC RIB MGR      
 183   0          0          0       7264          0          0 ac_atm_state_eve
 184   0          0          0       7264          0          0 ac_atm_mraps_hsp
 185   0        240        240       4264          0          0 L2X Switching Ev
 186   0        240        240      13264          0          0 IP Inband Sessio
 187   0      66740          0      74004          0          0 DHCP SIP        
 188   0        240        240      13264          0          0 IP SIP Process  
 189   0      10976      16976      11784          0          0 PMIPV6 Thread   
 190   0        240        240       7264          0          0 AAA Cached Serve
 191   0          0          0       7264          0          0 EM Background Pr
 192   0          0          0       7264          0          0 IDMGR CORE      
 193   0          0          0       7264          0          0 Key chain liveke
 194   0       6544       6544       7264          0          0 LOCAL AAA       
 195   0          0          0      13264          0          0 MPLS Auto Mesh P
 196   0          0          0      10128          0          0 BGP Scanner     
 197   0        240        240       7264          0          0 ENABLE AAA      
 198   0        240        240       7264          0          0 LINE AAA        
 199   0      66872        240       8068          0          0 TPLUS           
 200   0      59644      58156       8752          3          3 NIST rng proc   
 201   0      49624        240      56648          0          0 Timer Library   
 202   0        240        240       7264          0          0 Crypto Support  
 203   0          0          0       7264          0          0 IPSECv6 PS Proc 
 204   0     432888     431508       8644          0          0 crypto engine pr
 205   0     226476     190188      49628          1          1 Crypto CA       
 206   0          0          0      13264          0          0 Crypto PKI-CRL  
 207   0          0          0      13264          0          0 encrypt proc    
 208   0     191932     314556       7808          0          0 crypto sw pk pro
 209   0          0          0      10264          0          0 QOS PERUSER     
 210   0        240        240       7264          0          0 GDOI GM Process 
 211   0          0          0       7264          0          0 UNICAST REKEY   
 212   0          0          0       7264          0          0 UNICAST REKEY AC
 213   0        240        520       7264          0          0 CRYPTO MAP FREE 
 214   0          0          0      13264          0          0 Crypto INT      
 215   0        240        240      13264          0          0 Crypto IKE Dispa
 216   0      10424        240      23448          1          1 Crypto IKMP     
 217   0          0          0      10264          0          0 IPSEC manual key
 218   0      70972       4696      13432          1          1 IPSEC key engine
 219   0          0          0      25264          0          0 Crypto ACL      
 220   0          0          0       7264          0          0 Crypto PAS Proc 
 221   0          0          0      13264          0          0 IPSec background
 222   0     123696        160     136800       2392       2392 Crypto IKEv2    
 223   0          0          0       7264          0          0 IKEv2 AAA handle
 224   0        240      11040       7264          0          0 AAA SEND STOP EV
 225   0          0          0      13264          0          0 Test AAA Client 
 226   0     363956       5052     369168        120         88 EEM ED Syslog   
 227   0     270460       5052     275672          5          5 EEM ED Generic  
 228   0      17016       5052      22228          0          0 EEM ED Track    
 229   0      11792       5060      16996          0          0 EEM ED Routing  
 230   0      12104       5076      17292          0          0 EEM ED Resource 
 231   0          0          0      10128          0          0 BGP Consistency 
 232   0          0          0       7264          0          0 Syslog Traps    
 233   0        240        240       7264          0          0 RMON Recycle Pro
 234   0        240        240       7264          0          0 RMON Deferred Se
 236   0        240        240       7264          0          0 cerf_daemon_proc
 237   0        240        240      13264          0          0 ISG MIB jobs Man
 238   0          0          0      13264          0          0 IKEv2 FlexVPN Pr
 239   0    1327376      63636    1270940          0          0 EEM Server      
 240   0      93736      38176      82016          0          0 Call Home proces
 241   0      14600       1208      23656          0          0 EEM Policy Direc
 242   0          0          0      10128          0          0 BGP Event       
 243   0      11804       5076      16992          0          0 EEM ED CLI      
 244   0      11800       5076      16988          0          0 EEM ED Counter  
 245   0      12312       5180      17332          0          0 EEM ED Interface
 246   0      11800       5076      16988          0          0 EEM ED IOSWD    
 247   0      11764       5076      16952          0          0 EEM ED None     
 248   0      12044       5196      17280          0          0 EEM ED OIR      
 249   0     163996          0     174260          0          0 BGP Task        
 250   0      11600       4988      16876          0          0 EEM ED SNMP     
 251   0      11628       5048      16844          0          0 EEM ED SNMP Obje
 252   0      11824       5048      17040          0          0 EEM ED SNMP Noti
 253   0      11796       4988      17072          0          0 EEM ED Timer    
 254   0      11516       4988      16792          0          0 EEM ED Test     
 255   0      11544       4988      16820          0          0 EEM ED Config   
 256   0      11544       4988      16820          0          0 EEM ED Env      
 257   0          0          0       7264          0          0 TCP Listener    
 258   0      16744       4988      22020          0          0 EEM ED Nf       
 259   0      11544       4988      16820          0          0 EEM ED Ipsla    
 260   0      31204      31204      13264        125        125 Syslog          
 261   0      11852       5156      17128          0          0 EEM ED RPC      
 262   0       1056          0       8320          0          0 RMON Packets    
 263   0          0          0       7264          0          0 IP SLAs Ethernet
 264   0          0          0       7264         26         26 Net Input       
 265   0        240        240       7264          0          0 Compute load avg
 266   0          0          0       7264          0          0 Per-minute Jobs 
 267   0          0          0      10264          0          0 Per-Second Jobs 
 268   0     116864        240     129888          0          0 MRIB Process    
 269   0      11252        480      18036          0          0 EEM Helper Threa
 270   0          0          0       7128          0          0 Inter Chassis Pr
 271   0          0          0       7128          0          0 BGP VA          
 273   0      21556       5180      28024          0          0 EIGRP-IPv4      
 274   0     234452          0     179256          2          2 BGP Router      
 275   0          0          0       7168        827        827 EIGRP-IPv4 Hello
                                 60148888 Total

------------------ show process cpu ------------------


CPU utilization for five seconds: 28%/100%; one minute: 12%; five minutes: 8%
 PID Runtime(ms)     Invoked      uSecs   5Sec   1Min   5Min TTY Process 
   1           0           3          0  0.00%  0.00%  0.00%   0 Chunk Manager    
   2        3216         768       4187  0.16%  0.06%  0.07%   0 Load Meter       
   3         152        3723         40  0.00%  0.00%  0.00%   0 BGP Scheduler    
   4           0           1          0  0.00%  0.00%  0.00%   0 RO Notify Timers 
   5       75184        3900      19277  0.00%  1.39%  1.93%   0 Check heaps      
   6         212          64       3312  0.00%  0.00%  0.00%   0 Pool Manager     
   7           0           1          0  0.00%  0.00%  0.00%   0 DiscardQ Backgro 
   8           4           2       2000  0.00%  0.00%  0.00%   0 Timers           
   9          68         806         84  0.00%  0.00%  0.00%   0 WATCH_AFS        
  10          84          36       2333  0.00%  0.00%  0.00%   0 ARP Input        
  11        1324        3990        331  0.24%  0.03%  0.02%   0 ARP Background   
  12           0           2          0  0.00%  0.00%  0.00%   0 ATM Idle Timer   
  13           0           1          0  0.00%  0.00%  0.00%   0 ATM ASYNC PROC   
  14           0           1          0  0.00%  0.00%  0.00%   0 AAA_SERVER_DEADT 
  15           0           1          0  0.00%  0.00%  0.00%   0 Policy Manager   
  16           4           4       1000  0.00%  0.00%  0.00%   0 Entity MIB API   
  17         296           4      74000  0.00%  0.00%  0.00%   0 PrstVbl          
  18           0           2          0  0.00%  0.00%  0.00%   0 Serial Backgroun 
  19           0           1          0  0.00%  0.00%  0.00%   0 RMI RM Notify Wa 
  20           8           2       4000  0.00%  0.00%  0.00%   0 DDR Timers       
  21           0           2          0  0.00%  0.00%  0.00%   0 ATM AutoVC Perio 
  22           0           2          0  0.00%  0.00%  0.00%   0 ATM VC Auto Crea 
  23          20         767         26  0.00%  0.00%  0.00%   0 IPC Event Notifi 
  24         140        3728         37  0.00%  0.01%  0.00%   0 IPC Mcast Pendin 
  25           0          65          0  0.00%  0.00%  0.00%   0 IPC Dynamic Cach 
  26           8         767         10  0.00%  0.00%  0.00%   0 IPC Service NonC 
  27           0           1          0  0.00%  0.00%  0.00%   0 IPC Zone Manager 
  28         184        3728         49  0.00%  0.00%  0.00%   0 IPC Periodic Tim 
  29         132        3728         35  0.00%  0.00%  0.00%   0 IPC Deferred Por 
  30           0           1          0  0.00%  0.00%  0.00%   0 IPC Process leve 
  31           0           1          0  0.00%  0.00%  0.00%   0 IPC Seat Manager 
  32           8         220         36  0.00%  0.00%  0.00%   0 IPC Check Queue  
  33           0           1          0  0.00%  0.00%  0.00%   0 IPC Seat RX Cont 
  34           0           1          0  0.00%  0.00%  0.00%   0 IPC Seat TX Cont 
  35          16         384         41  0.00%  0.00%  0.00%   0 IPC Keep Alive M 
  36          20         767         26  0.00%  0.00%  0.00%   0 IPC Loadometer   
  37           0         385          0  0.00%  0.00%  0.00%   0 Compute SRP rate 
  38         164        3820         42  0.00%  0.00%  0.00%   0 EnvMon           
  39           0           1          0  0.00%  0.00%  0.00%   0 OIR Handler      
  40           0           1          0  0.00%  0.00%  0.00%   0 Crash writer     
  41           0           1          0  0.00%  0.00%  0.00%   0 Exception contro 
  42          28         742         37  0.00%  0.00%  0.00%   0 ALARM_TRIGGER_SC 
  43           4           1       4000  0.00%  0.00%  0.00%   0 CEF MIB API      
  44         148        3833         38  0.00%  0.01%  0.00%   0 GraphIt          
  45           0           1          0  0.00%  0.00%  0.00%   0 SERIAL A'detect  
  46           4           2       2000  0.00%  0.00%  0.00%   0 Dialer event     
  47           0           2          0  0.00%  0.00%  0.00%   0 SMART            
  48           0           1          0  0.00%  0.00%  0.00%   0 RFS server proce 
  49           0           1          0  0.00%  0.00%  0.00%   0 Critical Bkgnd   
  50        2016        1454       1386  0.00%  0.07%  0.07%   0 Net Background   
  51          12           2       6000  0.00%  0.00%  0.00%   0 IDB Work         
  52          60         180        333  0.00%  0.00%  0.00%   0 Logger           
  53         820        3813        215  0.00%  0.01%  0.00%   0 TTY Background   
  54          16           3       5333  0.00%  0.00%  0.00%   0 IF-MGR control p 
  55          12          10       1200  0.00%  0.00%  0.00%   0 IF-MGR event pro 
  56           0           1          0  0.00%  0.00%  0.00%   0 Inode Table Dest 
  57           0           1          0  0.00%  0.00%  0.00%   0 Transport Port A 
  58           0           2          0  0.00%  0.00%  0.00%   0 INTR MGR PROCESS 
  59        4748        1150       4128  0.00%  0.12%  0.12%   0 HC Counter Timer 
  60         856         762       1123  0.00%  0.00%  0.00%   0 EEM ED ND        
  61           0           2          0  0.00%  0.00%  0.00%   0 FEC_Link_event_h 
  62           0           1          0  0.00%  0.00%  0.00%   0 POS APS Event Pr 
  63           0           1          0  0.00%  0.00%  0.00%   0 SONET alarm time 
  64           0           2          0  0.00%  0.00%  0.00%   0 Hawkeye Backgrou 
  65           0           1          0  0.00%  0.00%  0.00%   0 CSP Timer        
  66           0           1          0  0.00%  0.00%  0.00%   0 FPD Management P 
  67           0           1          0  0.00%  0.00%  0.00%   0 FPD Action Proce 
  68           4           2       2000  0.00%  0.00%  0.00%   0 Flash MIB Update 
  69           0           1          0  0.00%  0.00%  0.00%   0 Flash Card Oir   
  70           0           1          0  0.00%  0.00%  0.00%   0 Async write proc 
  71           0           1          0  0.00%  0.00%  0.00%   0 Async write proc 
  72           0           1          0  0.00%  0.00%  0.00%   0 Async write proc 
  73           4           1       4000  0.00%  0.00%  0.00%   0 Async write proc 
  74           4          64         62  0.00%  0.00%  0.00%   0 DFS flush period 
  75          32          60        533  0.00%  0.00%  0.00%   0 AAA Server       
  76           0           1          0  0.00%  0.00%  0.00%   0 AAA ACCT Proc    
  77           4           1       4000  0.00%  0.00%  0.00%   0 ACCT Periodic Pr 
  78           0           1          0  0.00%  0.00%  0.00%   0 AAA System Acct  
  79           0          64          0  0.00%  0.00%  0.00%   0 Call Home Timer  
  80           0           2          0  0.00%  0.00%  0.00%   0 AAA Dictionary R 
  81           0           1          0  0.00%  0.00%  0.00%   0 EAP Framework    
  82           0           1          0  0.00%  0.00%  0.00%   0 EAP Test         
  83           0           1          0  0.00%  0.00%  0.00%   0 HQF TUNNEL       
  84           0           2          0  0.00%  0.00%  0.00%   0 IPAM/ODAP Events 
  85        3588      115270         31  0.24%  0.19%  0.16%   0 IPAM Manager     
  86           4           2       2000  0.00%  0.00%  0.00%   0 IPAM Events      
  87          16           3       5333  0.00%  0.00%  0.00%   0 IP ARP Adjacency 
  88        3004      115269         26  0.16%  0.18%  0.16%   0 IP ARP Retry Age 
  89        2960        2189       1352  0.00%  0.13%  0.06%   0 IP Input         
  90           0           1          0  0.00%  0.00%  0.00%   0 ICMP event handl 
  91           0           3          0  0.00%  0.00%  0.00%   0 PIM register asy 
  92           0           5          0  0.00%  0.00%  0.00%   0 TurboACL         
  93           4           2       2000  0.00%  0.00%  0.00%   0 TurboACL chunk   
  94           0           1          0  0.00%  0.00%  0.00%   0 IPv6 ping proces 
  95           0           2          0  0.00%  0.00%  0.00%   0 OCE punted Pkts  
  96           0           1          0  0.00%  0.00%  0.00%   0 O-UNI Client Msg 
  97           0           1          0  0.00%  0.00%  0.00%   0 LSP Tunnel FRR   
  98           0           1          0  0.00%  0.00%  0.00%   0 MPLS Auto-Tunnel 
  99           0           1          0  0.00%  0.00%  0.00%   0 st_pw_oam        
 100           0           1          0  0.00%  0.00%  0.00%   0 AAA EPD HANDLER  
 101           0           1          0  0.00%  0.00%  0.00%   0 PM EPD API       
 102           0           1          0  0.00%  0.00%  0.00%   0 DM Proc          
 103           4           2       2000  0.00%  0.00%  0.00%   0 PPP SIP          
 104           0           2          0  0.00%  0.00%  0.00%   0 PPP Bind         
 105           0           2          0  0.00%  0.00%  0.00%   0 PPP IP Route     
 106        6804         386      17626 24.85%  7.14%  1.62%   2 SSH Process      
 107           0           2          0  0.00%  0.00%  0.00%   0 SSM connection m 
 108           4           2       2000  0.00%  0.00%  0.00%   0 Spanning Tree    
 109           0           1          0  0.00%  0.00%  0.00%   0 VRRS             
 110           0           2          0  0.00%  0.00%  0.00%   0 CEF switching ba 
 111           0           1          0  0.00%  0.00%  0.00%   0 ADJ NSF process  
 112           4           2       2000  0.00%  0.00%  0.00%   0 ATM OAM Input    
 113           0           2          0  0.00%  0.00%  0.00%   0 ATM OAM TIMER    
 114          28          74        378  0.00%  0.00%  0.00%   0 MOP Protocols    
 115           0           1          0  0.00%  0.00%  0.00%   0 SSS Manager      
 116           0           1          0  0.00%  0.00%  0.00%   0 SSS Policy Manag 
 117           4           1       4000  0.00%  0.00%  0.00%   0 SSS Feature Mana 
 118         964       14902         64  0.24%  0.06%  0.03%   0 SSS Feature Time 
 119           0           1          0  0.00%  0.00%  0.00%   0 SSS PM SHIM QOS  
 120           0           1          0  0.00%  0.00%  0.00%   0 Timer handler fo 
 121           0           1          0  0.00%  0.00%  0.00%   0 Prepaid response 
 122           0           1          0  0.00%  0.00%  0.00%   0 Timed Policy act 
 123           0           1          0  0.00%  0.00%  0.00%   0 AAA response han 
 124           0           2          0  0.00%  0.00%  0.00%   0 KRB5 AAA         
 125           0           1          0  0.00%  0.00%  0.00%   0 delayed evt hand 
 126           0           1          0  0.00%  0.00%  0.00%   0 AC Switch        
 127           0           1          0  0.00%  0.00%  0.00%   0 ISG CMD HANDLER  
 128          36         938         38  0.00%  0.00%  0.00%   0 IP Lite session  
 129           0           2          0  0.00%  0.00%  0.00%   0 IP PORTBUNDLE    
 130          40         938         42  0.08%  0.00%  0.00%   0 IP Static Sessio 
 131           0           1          0  0.00%  0.00%  0.00%   0 RADIUS Proxy     
 132           4          64         62  0.00%  0.00%  0.00%   0 FRR Background P 
 133         148          72       2055  0.00%  0.00%  0.00%   0 CEF background p 
 134           0           1          0  0.00%  0.00%  0.00%   0 fib_fib_bfd_sb e 
 135           0           1          0  0.00%  0.00%  0.00%   0 IP IRDP          
 136           0           1          0  0.00%  0.00%  0.00%   0 SNMP Timers      
 137           0           2          0  0.00%  0.00%  0.00%   0 Routing Topology 
 138         116          14       8285  0.00%  0.00%  0.00%   0 IP RIB Update    
 139          64          73        876  0.00%  0.00%  0.00%   0 IP Background    
 140          76          22       3454  0.00%  0.00%  0.00%   0 IP Connected Rou 
 141        3568        1268       2813  0.08%  0.09%  0.08%   0 CDP Protocol     
 142         204         146       1397  0.00%  0.00%  0.00%   0 BGP I/O          
 143           4           1       4000  0.00%  0.00%  0.00%   0 IP Traceroute    
 144           0           1          0  0.00%  0.00%  0.00%   0 Socket Timers    
 145           4           3       1333  0.00%  0.00%  0.00%   0 Service Routing  
 146          12           6       2000  0.00%  0.00%  0.00%   0 SR CapMan Proces 
 147           0           4          0  0.00%  0.00%  0.00%   0 Flow Exporter Ti 
 148         612        9341         65  0.00%  0.04%  0.02%   0 TCP Timer        
 149         416          58       7172  0.00%  0.02%  0.00%   0 TCP Protocols    
 150           4          13        307  0.00%  0.00%  0.00%   0 HTTP CORE        
 151           0           1          0  0.00%  0.00%  0.00%   0 Tunnel FIB       
 152           0           2          0  0.00%  0.00%  0.00%   0 HQF Output Shape 
 153           0           2          0  0.00%  0.00%  0.00%   0 HQF Input Shaper 
 154        1072        5317        201  0.08%  0.01%  0.00%   0 CEF: IPv4 proces 
 155           0           2          0  0.00%  0.00%  0.00%   0 ADJ background   
 156           4           4       1000  0.00%  0.00%  0.00%   0 Collection proce 
 158           8           4       2000  0.00%  0.00%  0.00%   0 SSH Event handle 
 159           4           3       1333  0.00%  0.00%  0.00%   0 MFIB Master back 
 160           0           2          0  0.00%  0.00%  0.00%   0 Multicast Offloa 
 161           8           4       2000  0.00%  0.00%  0.00%   0 MVPN mgr Process 
 162           4           2       2000  0.00%  0.00%  0.00%   0 static           
 163           0           1          0  0.00%  0.00%  0.00%   0 IPv6 RIB Cleanup 
 164           0           1          0  0.00%  0.00%  0.00%   0 IPv6 RIB Event H 
 165          20           2      10000  0.00%  0.00%  0.00%   0 VPWS Thread      
 166           8           2       4000  0.00%  0.00%  0.00%   0 LFDp Input Proc  
 167          52         380        136  0.00%  0.00%  0.00%   0 QoS stats proces 
 168          12           2       6000  0.00%  0.00%  0.00%   0 SCTP Main Proces 
 169           0           2          0  0.00%  0.00%  0.00%   0 PPP Compress Inp 
 170           4           2       2000  0.00%  0.00%  0.00%   0 PPP Compress Res 
 171           0           2          0  0.00%  0.00%  0.00%   0 ADJ resolve proc 
 172           0           1          0  0.00%  0.00%  0.00%   0 COPS             
 173           0           2          0  0.00%  0.00%  0.00%   0 Dialer Forwarder 
 174           0           1          0  0.00%  0.00%  0.00%   0 RARP Input       
 175           4           2       2000  0.00%  0.00%  0.00%   0 PPP NBF          
 176         428        3797        112  0.00%  0.00%  0.00%   0 PfR BR Learn     
 177           0           1          0  0.00%  0.00%  0.00%   0 PAD InCall       
 178           0           2          0  0.00%  0.00%  0.00%   0 X.25 Background  
 179           0           1          0  0.00%  0.00%  0.00%   0 X.25 Encaps Mana 
 180        1504       37656         39  0.24%  0.09%  0.08%   0 RBSCP Background 
 181           0           1          0  0.00%  0.00%  0.00%   0 VPDN call manage 
 182           0           1          0  0.00%  0.00%  0.00%   0 XC RIB MGR       
 183           0           1          0  0.00%  0.00%  0.00%   0 ac_atm_state_eve 
 184           0           1          0  0.00%  0.00%  0.00%   0 ac_atm_mraps_hsp 
 185           0           2          0  0.00%  0.00%  0.00%   0 L2X Switching Ev 
 186           0           2          0  0.00%  0.00%  0.00%   0 IP Inband Sessio 
 187           0           1          0  0.00%  0.00%  0.00%   0 DHCP SIP         
 188        2380         944       2521  0.00%  0.01%  0.07%   0 IP SIP Process   
 189         104          91       1142  0.00%  0.00%  0.00%   0 PMIPV6 Thread    
 190           0           2          0  0.00%  0.00%  0.00%   0 AAA Cached Serve 
 191           0           1          0  0.00%  0.00%  0.00%   0 EM Background Pr 
 192           0           1          0  0.00%  0.00%  0.00%   0 IDMGR CORE       
 193           0           1          0  0.00%  0.00%  0.00%   0 Key chain liveke 
 194         100          60       1666  0.00%  0.00%  0.00%   0 LOCAL AAA        
 195           4           4       1000  0.00%  0.00%  0.00%   0 MPLS Auto Mesh P 
 196       32572         186     175118  0.00%  0.48%  0.69%   0 BGP Scanner      
 197           0           2          0  0.00%  0.00%  0.00%   0 ENABLE AAA       
 198           0           2          0  0.00%  0.00%  0.00%   0 LINE AAA         
 199           0           2          0  0.00%  0.00%  0.00%   0 TPLUS            
 200          28           2      14000  0.00%  0.00%  0.00%   0 NIST rng proc    
 201         348        7426         46  0.00%  0.00%  0.00%   0 Timer Library    
 202           4           2       2000  0.00%  0.00%  0.00%   0 Crypto Support   
 203           0           1          0  0.00%  0.00%  0.00%   0 IPSECv6 PS Proc  
 204        1108          49      22612  0.00%  0.00%  0.00%   0 crypto engine pr 
 205        2832           4     708000  0.00%  0.00%  0.00%   0 Crypto CA        
 206           0           1          0  0.00%  0.00%  0.00%   0 Crypto PKI-CRL   
 207           0           1          0  0.00%  0.00%  0.00%   0 encrypt proc     
 208         784          84       9333  0.00%  0.00%  0.00%   0 crypto sw pk pro 
 209           0           1          0  0.00%  0.00%  0.00%   0 QOS PERUSER      
 210           0           2          0  0.00%  0.00%  0.00%   0 GDOI GM Process  
 211           0           1          0  0.00%  0.00%  0.00%   0 UNICAST REKEY    
 212           0           1          0  0.00%  0.00%  0.00%   0 UNICAST REKEY AC 
 213           0           3          0  0.00%  0.00%  0.00%   0 CRYPTO MAP FREE  
 214           0           1          0  0.00%  0.00%  0.00%   0 Crypto INT       
 215           0           2          0  0.00%  0.00%  0.00%   0 Crypto IKE Dispa 
 216           8           3       2666  0.00%  0.00%  0.00%   0 Crypto IKMP      
 217           0           1          0  0.00%  0.00%  0.00%   0 IPSEC manual key 
 218         160         194        824  0.00%  0.00%  0.00%   0 IPSEC key engine 
 219           0           1          0  0.00%  0.00%  0.00%   0 Crypto ACL       
 220           0           1          0  0.00%  0.00%  0.00%   0 Crypto PAS Proc  
 221           0           1          0  0.00%  0.00%  0.00%   0 IPSec background 
 222         844        3827        220  0.00%  0.02%  0.00%   0 Crypto IKEv2     
 223           0           1          0  0.00%  0.00%  0.00%   0 IKEv2 AAA handle 
 224          20          30        666  0.00%  0.00%  0.00%   0 AAA SEND STOP EV 
 225           0           1          0  0.00%  0.00%  0.00%   0 Test AAA Client  
 226         184         105       1752  0.00%  0.00%  0.00%   0 EEM ED Syslog    
 227          20           6       3333  0.00%  0.00%  0.00%   0 EEM ED Generic   
 228           8           4       2000  0.00%  0.00%  0.00%   0 EEM ED Track     
 229           4           4       1000  0.00%  0.00%  0.00%   0 EEM ED Routing   
 230           0           4          0  0.00%  0.00%  0.00%   0 EEM ED Resource  
 231           0           1          0  0.00%  0.00%  0.00%   0 BGP Consistency  
 232           0           1          0  0.00%  0.00%  0.00%   0 Syslog Traps     
 233           4         385         10  0.00%  0.00%  0.00%   0 RMON Recycle Pro 
 234           0           2          0  0.00%  0.00%  0.00%   0 RMON Deferred Se 
 236         280        3797         73  0.00%  0.00%  0.00%   0 cerf_daemon_proc 
 237        7592      233457         32  1.36%  0.49%  0.41%   0 ISG MIB jobs Man 
 238           0           1          0  0.00%  0.00%  0.00%   0 IKEv2 FlexVPN Pr 
 239         108          60       1800  0.00%  0.00%  0.00%   0 EEM Server       
 240          32           3      10666  0.00%  0.00%  0.00%   0 Call Home proces 
 241           8           3       2666  0.00%  0.00%  0.00%   0 EEM Policy Direc 
 242           0           2          0  0.00%  0.00%  0.00%   0 BGP Event        
 243           4           4       1000  0.00%  0.00%  0.00%   0 EEM ED CLI       
 244           0           4          0  0.00%  0.00%  0.00%   0 EEM ED Counter   
 245           0           4          0  0.00%  0.00%  0.00%   0 EEM ED Interface 
 246           8           4       2000  0.00%  0.00%  0.00%   0 EEM ED IOSWD     
 247           0           4          0  0.00%  0.00%  0.00%   0 EEM ED None      
 248           0           4          0  0.00%  0.00%  0.00%   0 EEM ED OIR       
 249           8           8       1000  0.00%  0.00%  0.00%   0 BGP Task         
 250           4           4       1000  0.00%  0.00%  0.00%   0 EEM ED SNMP      
 251           4           4       1000  0.00%  0.00%  0.00%   0 EEM ED SNMP Obje 
 252           4           4       1000  0.00%  0.00%  0.00%   0 EEM ED SNMP Noti 
 253           8          68        117  0.00%  0.00%  0.00%   0 EEM ED Timer     
 254           4           4       1000  0.00%  0.00%  0.00%   0 EEM ED Test      
 255           4           4       1000  0.00%  0.00%  0.00%   0 EEM ED Config    
 256           4           4       1000  0.00%  0.00%  0.00%   0 EEM ED Env       
 257           0           1          0  0.00%  0.00%  0.00%   0 TCP Listener     
 258           8           4       2000  0.00%  0.00%  0.00%   0 EEM ED Nf        
 259           4           4       1000  0.00%  0.00%  0.00%   0 EEM ED Ipsla     
 260         188          92       2043  0.00%  0.00%  0.00%   0 Syslog           
 261           4           4       1000  0.00%  0.00%  0.00%   0 EEM ED RPC       
 262           0           1          0  0.00%  0.00%  0.00%   0 RMON Packets     
 263           0           1          0  0.00%  0.00%  0.00%   0 IP SLAs Ethernet 
 264           0          19          0  0.00%  0.00%  0.00%   0 Net Input        
 265       10868         769      14132  0.32%  0.29%  0.30%   0 Compute load avg 
 266         260         127       2047  0.00%  0.00%  0.00%   0 Per-minute Jobs  
 267         828        3837        215  0.24%  0.17%  0.16%   0 Per-Second Jobs  
 268           4           2       2000  0.00%  0.00%  0.00%   0 MRIB Process     
 269          36          49        734  0.00%  0.00%  0.00%   0 EEM Helper Threa 
 270           0           1          0  0.00%  0.00%  0.00%   0 Inter Chassis Pr 
 271           0           1          0  0.00%  0.00%  0.00%   0 BGP VA           
 273          64           7       9142  0.00%  0.00%  0.00%   0 EIGRP-IPv4       
 274         976        3868        252  0.00%  0.02%  0.00%   0 BGP Router       
 275         108         829        130  0.08%  0.00%  0.00%   0 EIGRP-IPv4 Hello

------------------ show process cpu history ------------------

                                                                  
                                                                  
                                                                  
      622222444441111133333                                       
      288888333336666633333111112222211111222222222222222222222222
  100                                                           
   90                                                           
   80                                                           
   70                                                           
   60 *                                                         
   50 *                                                         
   40 *     *****                                               
   30 ***********     *****                                     
   20 *********************                                     
   10 *********************                                     
     0....5....1....1....2....2....3....3....4....4....5....5....6
               0    5    0    5    0    5    0    5    0    5    0
               CPU% per second (last 60 seconds)

                                                                  
                                                                  
                                                                  
      311142231221134244232212234342313332224312222223211514524134
      089918458694942611517097884314371580673354574100377966102922
  100                                                           
   90                                                           
   80                                                           
   70                                                           
   60                                                    *      
   50                                                    * **   
   40     *  *      * **       ** *    **   *            * ** * 
   30 *   ** * **  ********  ****** * *** ****  **   *   * ** * 
   20 *********** **********************************************
   10 ###*##*####**##*###############*###*#######*#**##**#*####*
     0....5....1....1....2....2....3....3....4....4....5....5....6
               0    5    0    5    0    5    0    5    0    5    0
               CPU% per minute (last 60 minutes)
              * = maximum CPU%   # = average CPU%

                                                                              
                                                                              
                                                                              
      5                                                                       
      9                                                                       
  100                                                                       
   90                                                                       
   80                                                                       
   70                                                                       
   60 *                                                                     
   50 *                                                                     
   40 *                                                                     
   30 *                                                                     
   20 *                                                                     
   10 #                                                                     
     0....5....1....1....2....2....3....3....4....4....5....5....6....6....7..
               0    5    0    5    0    5    0    5    0    5    0    5    0  
                   CPU% per hour (last 72 hours)
                  * = maximum CPU%   # = average CPU%



------------------ show file systems ------------------


File Systems:

       Size(b)       Free(b)      Type  Flags  Prefixes
             -             -    opaque     rw   system:
             -             -    opaque     rw   tmpsys:
             -             -    opaque     rw   null:
             -             -    opaque     ro   tar:
             -             -   network     rw   tftp:
             -             -    opaque     wo   syslog:
        522232        514416     nvram     rw   nvram:
*        55296         55296      disk     rw   disk0:
             -             -      disk     rw   disk1:
             -             -     flash     rw   slot0: flash:
             -             -     flash     rw   slot1:
             -             -     flash     rw   bootflash:
             -             -   network     rw   rcp:
             -             -   network     rw   pram:
             -             -   network     rw   ftp:
             -             -   network     rw   http:
             -             -   network     rw   scp:
             -             -   network     rw   https:
             -             -    opaque     ro   cns:


------------------ show file descriptors ------------------


File Descriptors:

  No open file descriptors


------------------ dir nvram: ------------------


Directory of nvram:/

  510  -rw-        3178                    <no date>  startup-config
  511  ----        3562                    <no date>  private-config
  512  -rw-        3178                    <no date>  underlying-config
    1  ----          69                    <no date>  persistent-data

522232 bytes total (514416 bytes free)

------------------ show disk0: all ------------------


No files on device

55296 bytes available (0 bytes used)

******** ATA Flash Card Geometry/Format Info ********

ATA CARD GEOMETRY
   Manufacturer Name      Dynamips ATA Flash Card  
   Model Number           
   Serial Number          
   Firmware Revision      
   Number of Heads        4     
   Number of Cylinders    320   
   Sectors per Cylinder   32    
   Sector Size            512   
   Total Sectors          40960 

ATA PARTITION 1 INFO
   Start Sector           32    
   Number of Sectors      40928 
   Size in Bytes          20955136
   File System Type       FAT16
   Number of FAT Sectors  40    
   Sectors Per Cluster    4     
   Number of Clusters     27    
   Number of Data Sectors 108   
   Base FAT Sector        1     
   Base Root Sector       81    
   Base Data Sector       113   

ATA MONLIB INFO
   Image Monlib size      125488
   Disk Monlib Size       NA
   Disk Space Available   NA
   Name                   NA
   End Sector             NA
   Start sector           NA
   Updated By             NA
   Version                NA
   Monlib Version         0     
   Monlib Params Version  0     


------------------ show controllers t1 ------------------



------------------ show controllers e1 ------------------



------------------ show ip nbar version ------------------




NBAR software version:  13

1   base                             Mv: 6
2   ftp                              Mv: 7
      Iv:                             smtp - 2
      Iv:                          gridftp - 1
3   http                             Mv: 20
      Iv:                          youtube - 6
      Iv:                    msn-messenger - 3
      Iv:                  yahoo-messenger - 3
      Iv:                      flash-video - 2
      Iv:                       flashyahoo - 2
      Iv:                     flashmyspace - 2
      Iv:                  audio-over-http - 2
      Iv:                 binary-over-http - 2
      Iv:                  video-over-http - 2
      Iv:                              irc - 2
      Iv:                         babelgum - 1
      Iv:                           itunes - 1
      Iv:                            sling - 1
      Iv:                     google-earth - 1
      Iv:                      baidu-movie - 1
      Iv:                            pando - 1
      Iv:                          napster - 1
      Iv:                         songsari - 1
      Iv:                       webthunder - 1
      Iv:                          sopcast - 3
      Iv:                      tunnel-http - 1
      Iv:                         soribada - 2
      Iv:                              icq - 1
      Iv:                            skype - 5
      Iv:                          edonkey - 7
      Iv:                    directconnect - 5
      Iv:                         gnutella - 7
      Iv:                        ms-update - 1
      Iv:                             rtsp - 9
      Iv:                          netflix - 1
      Iv:                        megavideo - 1
      Iv:                       bittorrent - 5
      Iv:                              tor - 1
      Iv:                            gmail - 1
      Iv:                            gtalk - 1
      Iv:                       gtalk-voip - 1
      Iv:                      gtalk-video - 1
      Iv:                       activesync - 1
      Iv:                         rhapsody - 1
      Iv:                            fring - 1
      Iv:                            rtmpt - 1
      Iv:                      livestation - 1
      Iv:                       secondlife - 1
      Iv:                         vnc-http - 1
      Iv:                      share-point - 1
      Iv:                    ms-office-365 - 1
      Iv:                           ms-sms - 1
      Iv:                        ghostsurf - 1
      Iv:                         gotomypc - 1
      Iv:                    adobe-connect - 1
      Iv:                        realmedia - 1
4   static                           Mv: 6
5   socks                            Mv: 3
6   nntp                             Mv: 2
      Iv:                  yahoo-messenger - 3
7   tftp                             Mv: 2
8   ms-rpc                           Mv: 2
      Iv:                         exchange - 4
      Iv:                      ms-netlogon - 1
      Iv:                       ms-win-dns - 1
      Iv:                           ms-iis - 1
      Iv:                 active-directory - 1
9   exchange                         Mv: 4
      Iv:                           ms-rpc - 2
10  vdolive                          Mv: 1
11  sqlnet                           Mv: 2
12  oracle-sqlnet                    Mv: 2
13  netshow                          Mv: 3
14  sunrpc                           Mv: 3
      Iv:                              nfs - 1
      Iv:                        clearcase - 1
15  nfs                              Mv: 1
16  streamwork                       Mv: 2
17  citrix                           Mv: 12
18  fasttrack                        Mv: 3
19  gnutella                         Mv: 7
      Iv:                             http - 20
20  kazaa2                           Mv: 11
21  dhcp                             Mv: 1
22  rtsp                             Mv: 9
      Iv:                          youtube - 6
23  webex-meeting                    Mv: 1
      Iv:                              ssl - 1
24  rtp                              Mv: 8
      Iv:                         stun-nat - 1
25  mgcp                             Mv: 2
26  skinny                           Mv: 3
      Iv:                      cisco-phone - 4
27  sip                              Mv: 5
      Iv:                      cisco-phone - 4
      Iv:             telepresence-control - 4
      Iv:              yahoo-voip-over-sip - 1
      Iv:                       secondlife - 1
28  rtcp                             Mv: 5
      Iv:             telepresence-control - 4
      Iv:                         stun-nat - 1
29  edonkey                          Mv: 7
      Iv:                             http - 20
30  winmx                            Mv: 5
31  bittorrent                       Mv: 5
      Iv:                          blizwow - 2
      Iv:                            socks - 3
      Iv:                             http - 20
32  directconnect                    Mv: 5
      Iv:                             http - 20
33  hl7                              Mv: 3
34  fix                              Mv: 3
      Iv:                              ssl - 1
35  msn-messenger                    Mv: 3
      Iv:                             http - 20
      Iv:                           ms-wbt - 1
      Iv:                            socks - 3
36  ms-live-accounts                 Mv: 1
37  dicom                            Mv: 4
38  yahoo-messenger                  Mv: 3
      Iv:                             http - 20
      Iv:                             nntp - 2
      Iv:                            socks - 3
39  mapi                             Mv: 3
40  aol-messenger                    Mv: 2
      Iv:                            socks - 3
      Iv:                              ssl - 1
      Iv:                             http - 20
41  cifs                             Mv: 2
42  cisco-phone                      Mv: 4
      Iv:                              sip - 5
      Iv:                           skinny - 3
      Iv:             telepresence-control - 4
43  youtube                          Mv: 6
      Iv:                             http - 20
      Iv:                             rtsp - 9
44  realmedia                        Mv: 1
      Iv:                             http - 20
      Iv:                             rtsp - 9
45  imap                             Mv: 1
46  pop3                             Mv: 1
47  irc                              Mv: 2
      Iv:                             http - 20
48  skype                            Mv: 5
      Iv:                             http - 20
      Iv:                              dns - 1
49  blizwow                          Mv: 2
      Iv:                       bittorrent - 5
50  telepresence-media               Mv: 3
51  telepresence-control             Mv: 4
      Iv:                             rtcp - 5
      Iv:                      cisco-phone - 4
      Iv:                              sip - 5
52  zattoo                           Mv: 3
53  sopcast                          Mv: 3
      Iv:                             http - 20
54  flash-video                      Mv: 2
      Iv:                             http - 20
55  flashyahoo                       Mv: 2
      Iv:                             http - 20
56  flashmyspace                     Mv: 2
      Iv:                             http - 20
57  audio-over-http                  Mv: 2
      Iv:                             http - 20
58  binary-over-http                 Mv: 2
      Iv:                             http - 20
59  video-over-http                  Mv: 2
      Iv:                             http - 20
60  my-jabber-ft                     Mv: 1
61  ayiya-ipv6-tunneled              Mv: 1
62  filetopia                        Mv: 1
63  guruguru                         Mv: 1
64  manolito                         Mv: 1
65  radius                           Mv: 1
66  teamspeak                        Mv: 1
67  soribada                         Mv: 2
      Iv:                             http - 20
68  dht                              Mv: 1
69  pptp                             Mv: 2
70  ntp                              Mv: 1
71  poco                             Mv: 2
72  ventrilo                         Mv: 1
73  tomatopang                       Mv: 1
74  maplestory                       Mv: 1
75  itunes                           Mv: 1
      Iv:                             http - 20
76  napster                          Mv: 1
      Iv:                             http - 20
77  sling                            Mv: 1
      Iv:                             http - 20
78  google-earth                     Mv: 1
      Iv:                             http - 20
79  baidu-movie                      Mv: 1
      Iv:                             http - 20
80  pando                            Mv: 1
      Iv:                             http - 20
81  webthunder                       Mv: 1
      Iv:                             http - 20
82  babelgum                         Mv: 1
      Iv:                             http - 20
83  songsari                         Mv: 1
      Iv:                             http - 20
84  tunnel-http                      Mv: 1
      Iv:                             http - 20
85  teredo-ipv6-tunneled             Mv: 1
86  sixtofour-ipv6-tunneled          Mv: 1
      Iv:             isatap-ipv6-tunneled - 1
87  isatap-ipv6-tunneled             Mv: 1
      Iv:          sixtofour-ipv6-tunneled - 1
88  fring                            Mv: 1
      Iv:                             http - 20
89  fring-voip                       Mv: 1
      Iv:                      fring-video - 1
90  fring-video                      Mv: 1
      Iv:                       fring-voip - 1
91  waste                            Mv: 1
92  kuro                             Mv: 1
93  smtp                             Mv: 2
94  icq                              Mv: 1
      Iv:                             http - 20
95  soulseek                         Mv: 1
96  yahoo-voip-messenger             Mv: 2
      Iv:                              rtp - 8
97  yahoo-voip-over-sip              Mv: 1
      Iv:                              sip - 5
98  aol-protocol                     Mv: 1
      Iv:                    aol-messenger - 2
99  ipsec                            Mv: 1
100  isakmp                           Mv: 1
101  ppstream                         Mv: 1
102  rtmp                             Mv: 1
103  rtmpe                            Mv: 1
104  rtmpt                            Mv: 1
      Iv:                             http - 20
105  dns                              Mv: 1
      Iv:                       tcpoverdns - 1
      Iv:                            skype - 5
106  windows-update                   Mv: 1
107  encrypted-emule                  Mv: 1
108  networking-gnutella              Mv: 1
109  encrypted-bittorrent             Mv: 1
110  ms-wbt                           Mv: 1
      Iv:                    msn-messenger - 3
111  gmail                            Mv: 1
      Iv:                             http - 20
      Iv:                              ssl - 1
112  openvpn                          Mv: 1
      Iv:                              ssl - 1
113  ssl                              Mv: 1
      Iv:                              fix - 3
      Iv:                    webex-meeting - 1
      Iv:                          netflix - 1
      Iv:                            gmail - 1
      Iv:                      livemeeting - 1
      Iv:                      livestation - 1
      Iv:                              dmp - 1
      Iv:                         rhapsody - 1
      Iv:                       secondlife - 1
      Iv:                 ms-live-accounts - 1
      Iv:                  google-accounts - 1
      Iv:                 active-directory - 1
      Iv:                          sip-tls - 1
      Iv:                    ms-office-365 - 1
      Iv:                            pcoip - 1
      Iv:                      vmware-view - 1
      Iv:                          openvpn - 1
      Iv:                        ms-update - 1
      Iv:                            mysql - 1
      Iv:                         gotomypc - 1
      Iv:                        ghostsurf - 1
      Iv:                    adobe-connect - 1
      Iv:                    aol-messenger - 2
      Iv:                      share-point - 1
      Iv:                        realmedia - 1
114  ghostsurf                        Mv: 1
      Iv:                             http - 20
115  netflix                          Mv: 1
      Iv:                             http - 20
      Iv:                              ssl - 1
116  megavideo                        Mv: 1
      Iv:                             http - 20
117  stun-nat                         Mv: 1
118  viber                            Mv: 1
119  cisco-ip-camera                  Mv: 1
      Iv:                             rtsp - 9
120  livestation                      Mv: 1
      Iv:                             http - 20
      Iv:                             rtmp - 1
      Iv:                              ssl - 1
121  gridftp                          Mv: 1
122  winny                            Mv: 1
123  livemeeting                      Mv: 1
      Iv:                              ssl - 1
      Iv:                         stun-nat - 1
124  tor                              Mv: 1
      Iv:                             http - 20
      Iv:                              ssl - 1
125  xmpp-client                      Mv: 1
126  gtalk-chat                       Mv: 1
      Iv:                      xmpp-client - 1
127  gtalk                            Mv: 1
      Iv:                             http - 20
      Iv:                         stun-nat - 1
      Iv:                      gtalk-video - 1
      Iv:                       gtalk-voip - 1
      Iv:                         gtalk-ft - 1
128  gtalk-voip                       Mv: 1
      Iv:                             http - 20
      Iv:                         stun-nat - 1
      Iv:                            gtalk - 1
129  gtalk-ft                         Mv: 1
      Iv:                         stun-nat - 1
      Iv:                            gtalk - 1
130  gtalk-video                      Mv: 1
      Iv:                             http - 20
      Iv:                         stun-nat - 1
      Iv:                            gtalk - 1
131  steam                            Mv: 1
132  ping                             Mv: 1
133  exec                             Mv: 1
134  login                            Mv: 1
135  shell                            Mv: 1
136  netapp-snapmirror                Mv: 1
137  ms-iis                           Mv: 1
      Iv:                           ms-rpc - 2
138  ms-win-dns                       Mv: 1
      Iv:                           ms-rpc - 2
139  ms-netlogon                      Mv: 1
      Iv:                           ms-rpc - 2
140  ms-sms                           Mv: 1
      Iv:                             http - 20
      Iv:                        ms-update - 1
141  perforce                         Mv: 1
142  vnc                              Mv: 1
143  vnc-http                         Mv: 1
      Iv:                             http - 20
144  secondlife                       Mv: 1
      Iv:                              ssl - 1
      Iv:                             http - 20
      Iv:                              sip - 5
145  msn-messenger-filetransfer       Mv: 1
146  icq-filetransfer                 Mv: 1
147  tcpoverdns                       Mv: 1
      Iv:                              dns - 1
148  msn-messenger-video              Mv: 1
      Iv:                         stun-nat - 1
      Iv:                              rtp - 8
149  share-point                      Mv: 1
      Iv:                             http - 20
      Iv:                              ssl - 1
150  sip-tls                          Mv: 1
      Iv:                              ssl - 1
151  activesync                       Mv: 1
      Iv:                             http - 20
152  rhapsody                         Mv: 1
      Iv:                             http - 20
      Iv:                             rtmp - 1
      Iv:                              ssl - 1
153  ip-messenger                     Mv: 1
154  capwap-control                   Mv: 1
      Iv:                      capwap-data - 1
155  capwap-data                      Mv: 1
      Iv:                   capwap-control - 1
156  dmp                              Mv: 1
      Iv:                              ssl - 1
157  netbios-ns                       Mv: 1
158  ldap                             Mv: 1
159  active-directory                 Mv: 1
      Iv:                           ms-rpc - 2
      Iv:                             cifs - 2
      Iv:                             ldap - 1
      Iv:                              ssl - 1
160  google-accounts                  Mv: 1
161  ms-office-365                    Mv: 1
      Iv:                             http - 20
      Iv:                              ssl - 1
162  teamviewer                       Mv: 1
163  pcanywhere                       Mv: 1
164  snmp                             Mv: 1
165  vmware-vmotion                   Mv: 1
166  pcoip                            Mv: 1
      Iv:                              ssl - 1
167  vmware-view                      Mv: 1
      Iv:                              ssl - 1
168  gotomypc                         Mv: 1
      Iv:                             http - 20
      Iv:                              ssl - 1
169  kerberos                         Mv: 1
170  clearcase                        Mv: 1
171  ms-update                        Mv: 1
      Iv:                              ssl - 1
      Iv:                             http - 20
      Iv:                           ms-sms - 1
172  mysql                            Mv: 1
      Iv:                              ssl - 1
173  sqlserver                        Mv: 1
      Iv:                             cifs - 2
174  adobe-connect                    Mv: 1
      Iv:                             rtmp - 1
      Iv:                              ssl - 1
      Iv:                             http - 20
175  aol-messenger-audio              Mv: 1
      Iv:                              rtp - 8
176  aol-messenger-video              Mv: 1
      Iv:              aol-messenger-audio - 1
      Iv:                              rtp - 8
      Iv:                             http - 20
      Iv:                         stun-nat - 1
      Iv:                             rtmp - 1
177  aol-messenger-ft                 Mv: 1
      Iv:              aol-messenger-audio - 1
178  ms-sql-m                         Mv: 1
179  hopopt                           Mv: 1
180  ipv6-frag                        Mv: 1
181  ipv6-nonxt                       Mv: 1
182  ipv6-opts                        Mv: 1
183  ipv6-route                       Mv: 1
184  oscar-filetransfer               Mv: 1
      Iv:              aol-messenger-audio - 1
185  iana                             Mv: 1
186  custom-protocols                 Mv: 1
187  attribute                        Mv: 1


{<No.>}<PDLM name> Mv: <PDLM Version>, {Nv: <NBAR Software Version>; <File name>}
            {Iv: <PDLM Interdependency Name>   - <PDLM Interdependency Version>}


------------------ show crypto key mypubkey rsa ------------------

% Key pair was generated at: 20:25:33 UTC Jul 23 2020
Key name: CR-R2.gns3.lab
Key type: RSA KEYS
 Storage Device: private-config
 Usage: General Purpose Key
 Key is not exportable. Redundancy enabled.
 Key Data:
  30820122 300D0609 2A864886 F70D0101 01050003 82010F00 3082010A 02820101 
  00B94E99 E7EC9932 1588BD88 559A1D0C E0DD6AED 6CC39B19 F54376BE F777B4EC 
  BE7F7745 EB7A47B2 8478A291 408FB9CD 30613B44 0BDEF593 87F66602 2459B816 
  CC3C29FB F7237AE3 BFA32457 6FD1A2AA 6A81602E 683868F2 3FFE9934 A964B329 
  496E862B 724787E1 7B61ADA2 E97A40F0 E4169D04 371D5F46 B7234357 A9AD474D 
  57EABEDB 54F879E0 B78F92CD 744A47CA 6B0B0E38 A73A1A9F D867DF78 5DFF0F45 
  C41E99DB 5DFDAD94 CA9575C0 61F5F09B 4A9FE1A3 81DE31C0 F4EEADED EE45186E 
  543F518D 30B69181 E60C5A6C 09EDBBE9 757682A2 D40E2B66 60F3B7F3 B90A790D 
  149A4AFD D9E1264F 8B6F287B 92BA39C2 0B110FE6 39426EE4 A2218307 EDA0B98E 
  6B020301 0001
% Key pair was generated at: 20:44:02 UTC Aug 24 2020
Key name: CR-R2.gns3.lab.server
Key type: RSA KEYS
Temporary key
 Usage: Encryption Key
 Key is not exportable. Redundancy enabled.
 Key Data:
  307C300D 06092A86 4886F70D 01010105 00036B00 30680261 00B75708 0ACCEC66 
  A168CF01 A151EA4A 495C9745 50CE1D6B 1982D805 348F85FC 593D7D92 3A0EE812 
  D8CC5B11 50D86F37 931112A1 E0045CC7 DFFAFD38 50A03133 3C66B365 47A93D7A 
  29196C61 A234ADED AA61E96C 1255B000 5199992B DD5BCF61 55020301 0001

------------------ show crypto call admission statistics ------------------

---------------------------------------------------------------------
               Crypto Call Admission Control Statistics
---------------------------------------------------------------------
System Resource Limit:        0 Max IKE SAs:     0 Max in nego:  1000
Total IKE SA Count:           0 active:          0 negotiating:     0
Incoming IKE Requests:        0 accepted:        0 rejected:        0
Outgoing IKE Requests:        0 accepted:        0 rejected:        0
Rejected IKE Requests:        0 rsrc low:        0 Active SA limit: 0
                                                   In-neg SA limit: 0
IKE packets dropped at dispatch:        0

Max IPSEC SAs:     0
Total IPSEC SA Count:           0 active:          0 negotiating:     0
Incoming IPSEC Requests:        0 accepted:        0 rejected:        0
Outgoing IPSEC Requests:        0 accepted:        0 rejected:        0

Phase1.5 SAs under negotiation:         0 


DEBUG:netmiko:read_channel:  0          0 MPLS Auto Mesh P
 197   0        240        240       7264          0          0 ENABLE AAA      
 198   0        240        240       7264          0          0 LINE AAA        
 199   0      66824        240       8068          0          0 TPLUS           
 200   0      59728      58228       8764          3          3 NIST rng proc   
 201   0      49624        240      56648          0          0 Timer Library   
 202   0        240        240       7264          0          0 Crypto Support  
 203   0          0          0       7264          0          0 IPSECv6 PS Proc 
 204   0     436048     434600       8712          0          0 crypto engine pr
 205   0     226524     190076      49788          1          1 Crypto CA       
 206   0          0          0      13264          0          0 Crypto PKI-CRL  
 207   0          0          0      13264          0          0 encrypt proc    
 208   0     232436     353956       7804          0          0 crypto sw pk pro
 209   0          0          0      10264          0          0 QOS PERUSER     
 210   0        240        240       7264          0          0 GDOI GM Process 
 211   0          0          0       7264          0          0 UNICAST REKEY   
 212   0          0          0       7264          0          0 UNICAST REKEY AC
 213   0        240        520       7264          0          0 CRYPTO MAP FREE 
 214   0          0          0      13264          0          0 Crypto INT      
 215   0        240        240      13264          0          0 Crypto IKE Dispa
 216   0      10356        240      23380          1          1 Crypto IKMP     
 217   0          0          0      10264          0          0 IPSEC manual key
 218   0     268196       4364      13504          1          1 IPSEC key engine
 219   0          0          0      25264          0          0 Crypto ACL      
 220   0          0          0       7264          0          0 Crypto PAS Proc 
 221   0          0          0      13264          0          0 IPSec background
 222   0     123784        248     136800       2386       2386 Crypto IKEv2    
 223   0          0          0       7264          0          0 IKEv2 AAA handle
 224   0        240      10656       7264          0          0 AAA SEND STOP EV
 225   0          0          0      13264          0          0 Test AAA Client 
 226   0     363956       5052     369168        124         92 EEM ED Syslog   
 227   0     270460       5052     275672         15         15 EEM ED Generic  
 228   0      16828       5052      22040          0          0 EEM ED Track    
 229   0      11852       5068      17048          0          0 EEM ED Routing  
 230   0      12144       5076      17332          0          0 EEM ED Resource 
 232   0          0          0       7264          0          0 Syslog Traps    
 233   0        240        240       7264          0          0 RMON Recycle Pro
 234   0        240        240       7264          0          0 RMON Deferred Se
 236   0        240        240       7264          0          0 cerf_daemon_proc
 237   0        240        240      13264          0          0 ISG MIB jobs Man
 238   0          0          0      13264          0          0 IKEv2 FlexVPN Pr
 239   0    1322652      58700    1271152          0          0 EEM Server      
 240   0      93736      38176      82016          0          0 Call Home proces
 241   0      14600       1208      23656          0          0 EEM Policy Direc
 242   0          0          0       7168          0          0 Inter Chassis Pr
 243   0      11804       5076      16992          0          0 EEM ED CLI      
 244   0      11800       5076      16988          0          0 EEM ED Counter  
 245   0      12304       5132      17372          0          0 EEM ED Interface
 246   0      11628       5048      16844          0          0 EEM ED IOSWD    
 247   0      11628       5048      16844          0          0 EEM ED None     
 248   0      12060       5236      17256          0          0 EEM ED OIR      
 250   0      11616       4988      16892          0          0 EEM ED SNMP     
 251   0      11544       4988      16820          0          0 EEM ED SNMP Obje
 252   0      11700       4988      16976          0          0 EEM ED SNMP Noti
 253   0      11712       4988      16988          0          0 EEM ED Timer    
 254   0      11544       4988      16820          0          0 EEM ED Test     
 255   0      11544       4988      16820          0          0 EEM ED Config   
 256   0      11564       4988      16840          0          0 EEM ED Env      
 258   0      16788       5012      22040          0          0 EEM ED Nf       
 259   0      11544       4988      16820          0          0 EEM ED Ipsla    
 260   0      31092      31092      13264        129        129 Syslog          
 261   0      11832       5156      17108          0          0 EEM ED RPC      
 262   0       1056          0       8320          0          0 RMON Packets    
 263   0          0          0       7264          0          0 IP SLAs Ethernet
 264   0          0          0       7264         36         36 Net Input       
 265   0        240        240       7264          0          0 Compute load avg
 266   0          0          0       7264          0          0 Per-minute Jobs 
 267   0          0          0      10264          0          0 Per-Second Jobs 
 268   0     116864        240     129888          0          0 MRIB Process    
 269   0      11252        480      18036          0          0 EEM Helper Threa
                                 58007580 Total

------------------ show process cpu ------------------


CPU utilization for five seconds: 27%/100%; one minute: 12%; five minutes: 8%
 PID Runtime(ms)     Invoked      uSecs   5Sec   1Min   5Min TTY Process 
   1           0           2          0  0.00%  0.00%  0.00%   0 Chunk Manager    
   2        3144         765       4109  0.07%  0.07%  0.07%   0 Load Meter       
   3        6768         388      17443 24.79%  7.17%  1.63%   2 SSH Process      
   4           0           1          0  0.00%  0.00%  0.00%   0 RO Notify Timers 
   5       76080        3956      19231  0.00%  1.62%  1.91%   0 Check heaps      
   6         164          64       2562  0.00%  0.00%  0.00%   0 Pool Manager     
   7           0           1          0  0.00%  0.00%  0.00%   0 DiscardQ Backgro 
   8           4           2       2000  0.00%  0.00%  0.00%   0 Timers           
   9          52         751         69  0.00%  0.00%  0.00%   0 WATCH_AFS        
  10          72          28       2571  0.00%  0.00%  0.00%   0 ARP Input        
  11         276        3983         69  0.00%  0.00%  0.00%   0 ARP Background   
  12           0           2          0  0.00%  0.00%  0.00%   0 ATM Idle Timer   
  13           0           1          0  0.00%  0.00%  0.00%   0 ATM ASYNC PROC   
  14           0           1          0  0.00%  0.00%  0.00%   0 AAA_SERVER_DEADT 
  15           0           1          0  0.00%  0.00%  0.00%   0 Policy Manager   
  16          12           4       3000  0.00%  0.00%  0.00%   0 Entity MIB API   
  17         296           4      74000  0.00%  0.00%  0.00%   0 PrstVbl          
  18           0           2          0  0.00%  0.00%  0.00%   0 Serial Backgroun 
  19           0           1          0  0.00%  0.00%  0.00%   0 RMI RM Notify Wa 
  20           0           2          0  0.00%  0.00%  0.00%   0 DDR Timers       
  21           0           2          0  0.00%  0.00%  0.00%   0 ATM AutoVC Perio 
  22           4           2       2000  0.00%  0.00%  0.00%   0 ATM VC Auto Crea 
  23          12         765         15  0.00%  0.00%  0.00%   0 IPC Event Notifi 
  24         160        3718         43  0.00%  0.00%  0.00%   0 IPC Mcast Pendin 
  25           0          64          0  0.00%  0.00%  0.00%   0 IPC Dynamic Cach 
  26          12         765         15  0.00%  0.00%  0.00%   0 IPC Service NonC 
  27           0           1          0  0.00%  0.00%  0.00%   0 IPC Zone Manager 
  28         132        3718         35  0.00%  0.00%  0.00%   0 IPC Periodic Tim 
  29         100        3718         26  0.00%  0.00%  0.00%   0 IPC Deferred Por 
  30           0           1          0  0.00%  0.00%  0.00%   0 IPC Process leve 
  31           0           1          0  0.00%  0.00%  0.00%   0 IPC Seat Manager 
  32           0         219          0  0.00%  0.00%  0.00%   0 IPC Check Queue  
  33           0           1          0  0.00%  0.00%  0.00%   0 IPC Seat RX Cont 
  34           0           1          0  0.00%  0.00%  0.00%   0 IPC Seat TX Cont 
  35           4         383         10  0.00%  0.00%  0.00%   0 IPC Keep Alive M 
  36           8         765         10  0.00%  0.00%  0.00%   0 IPC Loadometer   
  37           8         384         20  0.00%  0.00%  0.00%   0 Compute SRP rate 
  38         224        3805         58  0.00%  0.01%  0.00%   0 EnvMon           
  39           0           1          0  0.00%  0.00%  0.00%   0 OIR Handler      
  40           0           1          0  0.00%  0.00%  0.00%   0 Crash writer     
  41           0           1          0  0.00%  0.00%  0.00%   0 Exception contro 
  42         368         739        497  0.00%  0.00%  0.00%   0 ALARM_TRIGGER_SC 
  43           0           1          0  0.00%  0.00%  0.00%   0 CEF MIB API      
  44         668        3818        174  0.00%  0.00%  0.00%   0 GraphIt          
  45           0           1          0  0.00%  0.00%  0.00%   0 SERIAL A'detect  
  46           0           2          0  0.00%  0.00%  0.00%   0 Dialer event     
  47           0           2          0  0.00%  0.00%  0.00%   0 SMART            
  48           0           1          0  0.00%  0.00%  0.00%   0 RFS server proce 
  49           0           1          0  0.00%  0.00%  0.00%   0 Critical Bkgnd   
  50         704        1707        412  0.07%  0.04%  0.03%   0 Net Background   
  51          20           2      10000  0.00%  0.00%  0.00%   0 IDB Work         
  52          52         181        287  0.00%  0.00%  0.00%   0 Logger           
  53         844        3796        222  0.07%  0.02%  0.00%   0 TTY Background   
  54          28           9       3111  0.00%  0.00%  0.00%   0 IF-MGR control p 
  55          12          16        750  0.00%  0.00%  0.00%   0 IF-MGR event pro 
  56           4           1       4000  0.00%  0.00%  0.00%   0 Inode Table Dest 
  57           0           1          0  0.00%  0.00%  0.00%   0 Transport Port A 
  58           0           2          0  0.00%  0.00%  0.00%   0 INTR MGR PROCESS 
  59       16344        1142      14311  0.55%  0.45%  0.44%   0 HC Counter Timer 
  60         888         705       1259  0.00%  0.00%  0.00%   0 EEM ED ND        
  61           0           2          0  0.00%  0.00%  0.00%   0 FEC_Link_event_h 
  62           0           1          0  0.00%  0.00%  0.00%   0 POS APS Event Pr 
  63           4           1       4000  0.00%  0.00%  0.00%   0 SONET alarm time 
  64           0           2          0  0.00%  0.00%  0.00%   0 Hawkeye Backgrou 
  65           0           1          0  0.00%  0.00%  0.00%   0 CSP Timer        
  66           0           1          0  0.00%  0.00%  0.00%   0 FPD Management P 
  67           0           1          0  0.00%  0.00%  0.00%   0 FPD Action Proce 
  68           4           2       2000  0.00%  0.00%  0.00%   0 Flash MIB Update 
  69           0           1          0  0.00%  0.00%  0.00%   0 Flash Card Oir   
  70           0           1          0  0.00%  0.00%  0.00%   0 Async write proc 
  71           0           1          0  0.00%  0.00%  0.00%   0 Async write proc 
  72           0           1          0  0.00%  0.00%  0.00%   0 Async write proc 
  73           0           1          0  0.00%  0.00%  0.00%   0 Async write proc 
  74           0          64          0  0.00%  0.00%  0.00%   0 DFS flush period 
  75          20          60        333  0.00%  0.00%  0.00%   0 AAA Server       
  76           0           1          0  0.00%  0.00%  0.00%   0 AAA ACCT Proc    
  77           0           1          0  0.00%  0.00%  0.00%   0 ACCT Periodic Pr 
  78           0           1          0  0.00%  0.00%  0.00%   0 AAA System Acct  
  79           8          64        125  0.00%  0.00%  0.00%   0 Call Home Timer  
  80           0           2          0  0.00%  0.00%  0.00%   0 AAA Dictionary R 
  81           0           1          0  0.00%  0.00%  0.00%   0 EAP Framework    
  82           0           1          0  0.00%  0.00%  0.00%   0 EAP Test         
  83           0           1          0  0.00%  0.00%  0.00%   0 HQF TUNNEL       
  84           4           2       2000  0.00%  0.00%  0.00%   0 IPAM/ODAP Events 
  85        3360      115424         29  0.23%  0.18%  0.16%   0 IPAM Manager     
  86           0           2          0  0.00%  0.00%  0.00%   0 IPAM Events      
  87           8           2       4000  0.00%  0.00%  0.00%   0 IP ARP Adjacency 
  88        3048      115423         26  0.07%  0.19%  0.18%   0 IP ARP Retry Age 
  89        3000        1901       1578  0.00%  0.12%  0.06%   0 IP Input         
  90           0           1          0  0.00%  0.00%  0.00%   0 ICMP event handl 
  91           0           3          0  0.00%  0.00%  0.00%   0 PIM register asy 
  92           0           4          0  0.00%  0.00%  0.00%   0 TurboACL         
  93           0           2          0  0.00%  0.00%  0.00%   0 TurboACL chunk   
  94           0           1          0  0.00%  0.00%  0.00%   0 IPv6 ping proces 
  95           0           2          0  0.00%  0.00%  0.00%   0 OCE punted Pkts  
  96           0           1          0  0.00%  0.00%  0.00%   0 O-UNI Client Msg 
  97           0           1          0  0.00%  0.00%  0.00%   0 LSP Tunnel FRR   
  98           0           1          0  0.00%  0.00%  0.00%   0 MPLS Auto-Tunnel 
  99           0           1          0  0.00%  0.00%  0.00%   0 st_pw_oam        
 100           0           1          0  0.00%  0.00%  0.00%   0 AAA EPD HANDLER  
 101           0           1          0  0.00%  0.00%  0.00%   0 PM EPD API       
 102           0           1          0  0.00%  0.00%  0.00%   0 DM Proc          
 103           0           2          0  0.00%  0.00%  0.00%   0 PPP SIP          
 104           4           2       2000  0.00%  0.00%  0.00%   0 PPP Bind         
 105           0           2          0  0.00%  0.00%  0.00%   0 PPP IP Route     
 107           0           2          0  0.00%  0.00%  0.00%   0 SSM connection m 
 108           0           2          0  0.00%  0.00%  0.00%   0 Spanning Tree    
 109           0           1          0  0.00%  0.00%  0.00%   0 VRRS             
 110           4           2       2000  0.00%  0.00%  0.00%   0 CEF switching ba 
 111           0           1          0  0.00%  0.00%  0.00%   0 ADJ NSF process  
 112           0           2          0  0.00%  0.00%  0.00%   0 ATM OAM Input    
 113           0           2          0  0.00%  0.00%  0.00%   0 ATM OAM TIMER    
 114          24          70        342  0.00%  0.00%  0.00%   0 MOP Protocols    
 115           0           1          0  0.00%  0.00%  0.00%   0 SSS Manager      
 116           0           1          0  0.00%  0.00%  0.00%   0 SSS Policy Manag 
 117           4           1       4000  0.00%  0.00%  0.00%   0 SSS Feature Mana 
 118         772       14858         51  0.07%  0.02%  0.01%   0 SSS Feature Time 
 119           0           1          0  0.00%  0.00%  0.00%   0 SSS PM SHIM QOS  
 120           0           1          0  0.00%  0.00%  0.00%   0 Timer handler fo 
 121           0           1          0  0.00%  0.00%  0.00%   0 Prepaid response 
 122           0           1          0  0.00%  0.00%  0.00%   0 Timed Policy act 
 123           0           1          0  0.00%  0.00%  0.00%   0 AAA response han 
 124           0           2          0  0.00%  0.00%  0.00%   0 KRB5 AAA         
 125           0           1          0  0.00%  0.00%  0.00%   0 delayed evt hand 
 126           0           1          0  0.00%  0.00%  0.00%   0 AC Switch        
 127           0           1          0  0.00%  0.00%  0.00%   0 ISG CMD HANDLER  
 128          48         934         51  0.00%  0.00%  0.00%   0 IP Lite session  
 129           0           2          0  0.00%  0.00%  0.00%   0 IP PORTBUNDLE    
 130          28         934         29  0.00%  0.00%  0.00%   0 IP Static Sessio 
 131           0           1          0  0.00%  0.00%  0.00%   0 RADIUS Proxy     
 132           4          64         62  0.00%  0.00%  0.00%   0 FRR Background P 
 133          56          92        608  0.00%  0.00%  0.00%   0 CEF background p 
 134           0           1          0  0.00%  0.00%  0.00%   0 fib_fib_bfd_sb e 
 135           0           1          0  0.00%  0.00%  0.00%   0 IP IRDP          
 136           0           1          0  0.00%  0.00%  0.00%   0 SNMP Timers      
 137           0           2          0  0.00%  0.00%  0.00%   0 Routing Topology 
 138         120          14       8571  0.00%  0.00%  0.00%   0 IP RIB Update    
 139          52          72        722  0.00%  0.00%  0.00%   0 IP Background    
 140         136          30       4533  0.00%  0.00%  0.00%   0 IP Connected Rou 
 141        3232        1147       2817  0.07%  0.07%  0.07%   0 CDP Protocol     
 143           0           1          0  0.00%  0.00%  0.00%   0 IP Traceroute    
 144           0           1          0  0.00%  0.00%  0.00%   0 Socket Timers    
 145           8           3       2666  0.00%  0.00%  0.00%   0 Service Routing  
 146           8           6       1333  0.00%  0.00%  0.00%   0 SR CapMan Proces 
 147           0           4          0  0.00%  0.00%  0.00%   0 Flow Exporter Ti 
 148         304        1111        273  0.00%  0.00%  0.00%   0 TCP Timer        
 149         388          58       6689  0.00%  0.01%  0.00%   0 TCP Protocols    
 150           0          13          0  0.00%  0.00%  0.00%   0 HTTP CORE        
 151           0           1          0  0.00%  0.00%  0.00%   0 Tunnel FIB       
 152           0           2          0  0.00%  0.00%  0.00%   0 HQF Output Shape 
 153           0           2          0  0.00%  0.00%  0.00%   0 HQF Input Shaper 
 154        1404        5413        259  0.00%  0.03%  0.01%   0 CEF: IPv4 proces 
 155           4           2       2000  0.00%  0.00%  0.00%   0 ADJ background   
 156           4           4       1000  0.00%  0.00%  0.00%   0 Collection proce 
 158           4           4       1000  0.00%  0.00%  0.00%   0 SSH Event handle 
 159           0           3          0  0.00%  0.00%  0.00%   0 MFIB Master back 
 160           0           2          0  0.00%  0.00%  0.00%   0 Multicast Offloa 
 161           4           4       1000  0.00%  0.00%  0.00%   0 MVPN mgr Process 
 162          28           5       5600  0.00%  0.00%  0.00%   0 static           
 163           0           1          0  0.00%  0.00%  0.00%   0 IPv6 RIB Cleanup 
 164           0           1          0  0.00%  0.00%  0.00%   0 IPv6 RIB Event H 
 165          12           2       6000  0.00%  0.00%  0.00%   0 VPWS Thread      
 166           4           2       2000  0.00%  0.00%  0.00%   0 LFDp Input Proc  
 167          28         378         74  0.00%  0.00%  0.00%   0 QoS stats proces 
 168           4           2       2000  0.00%  0.00%  0.00%   0 SCTP Main Proces 
 169           0           2          0  0.00%  0.00%  0.00%   0 PPP Compress Inp 
 170           0           2          0  0.00%  0.00%  0.00%   0 PPP Compress Res 
 171          12           3       4000  0.00%  0.00%  0.00%   0 ADJ resolve proc 
 172           0           1          0  0.00%  0.00%  0.00%   0 COPS             
 173           0           2          0  0.00%  0.00%  0.00%   0 Dialer Forwarder 
 174           0           1          0  0.00%  0.00%  0.00%   0 RARP Input       
 175           0           2          0  0.00%  0.00%  0.00%   0 PPP NBF          
 176         576        3787        152  0.00%  0.01%  0.00%   0 PfR BR Learn     
 177           0           1          0  0.00%  0.00%  0.00%   0 PAD InCall       
 178           0           2          0  0.00%  0.00%  0.00%   0 X.25 Background  
 179           0           1          0  0.00%  0.00%  0.00%   0 X.25 Encaps Mana 
 180        1008       37674         26  0.07%  0.08%  0.07%   0 RBSCP Background 
 181           0           1          0  0.00%  0.00%  0.00%   0 VPDN call manage 
 182           0           1          0  0.00%  0.00%  0.00%   0 XC RIB MGR       
 183           0           1          0  0.00%  0.00%  0.00%   0 ac_atm_state_eve 
 184           0           1          0  0.00%  0.00%  0.00%   0 ac_atm_mraps_hsp 
 185           0           2          0  0.00%  0.00%  0.00%   0 L2X Switching Ev 
 186           0           2          0  0.00%  0.00%  0.00%   0 IP Inband Sessio 
 187           4           1       4000  0.00%  0.00%  0.00%   0 DHCP SIP         
 188        2376         940       2527  0.00%  0.02%  0.08%   0 IP SIP Process   
 189         100          90       1111  0.00%  0.00%  0.00%   0 PMIPV6 Thread    
 190           0           2          0  0.00%  0.00%  0.00%   0 AAA Cached Serve 
 191           0           1          0  0.00%  0.00%  0.00%   0 EM Background Pr 
 192           0           1          0  0.00%  0.00%  0.00%   0 IDMGR CORE       
 193           0           1          0  0.00%  0.00%  0.00%   0 Key chain liveke 
 194          88          60       1466  0.00%  0.00%  0.00%   0 LOCAL AAA        
 195           4           3       1333  0.00%  0.00%  0.00%   0 MPLS Auto Mesh P 
 197           0           2          0  0.00%  0.00%  0.00%   0 ENABLE AAA       
 198           0           2          0  0.00%  0.00%  0.00%   0 LINE AAA         
 199           4           2       2000  0.00%  0.00%  0.00%   0 TPLUS            
 200          40           2      20000  0.00%  0.00%  0.00%   0 NIST rng proc    
 201         664        7415         89  0.00%  0.07%  0.03%   0 Timer Library    
 202           0           2          0  0.00%  0.00%  0.00%   0 Crypto Support   
 203           0           1          0  0.00%  0.00%  0.00%   0 IPSECv6 PS Proc  
 204        1100          50      22000  0.00%  0.00%  0.00%   0 crypto engine pr 
 205        2824           4     706000  0.00%  0.00%  0.00%   0 Crypto CA        
 206           0           1          0  0.00%  0.00%  0.00%   0 Crypto PKI-CRL   
 207           0           1          0  0.00%  0.00%  0.00%   0 encrypt proc     
 208         584          66       8848  0.00%  0.00%  0.00%   0 crypto sw pk pro 
 209           0           1          0  0.00%  0.00%  0.00%   0 QOS PERUSER      
 210           0           2          0  0.00%  0.00%  0.00%   0 GDOI GM Process  
 211           0           1          0  0.00%  0.00%  0.00%   0 UNICAST REKEY    
 212           0           1          0  0.00%  0.00%  0.00%   0 UNICAST REKEY AC 
 213           0           3          0  0.00%  0.00%  0.00%   0 CRYPTO MAP FREE  
 214           0           1          0  0.00%  0.00%  0.00%   0 Crypto INT       
 215           0           2          0  0.00%  0.00%  0.00%   0 Crypto IKE Dispa 
 216           8           3       2666  0.00%  0.00%  0.00%   0 Crypto IKMP      
 217           0           1          0  0.00%  0.00%  0.00%   0 IPSEC manual key 
 218          40         193        207  0.00%  0.00%  0.00%   0 IPSEC key engine 
 219           0           1          0  0.00%  0.00%  0.00%   0 Crypto ACL       
 220           4           1       4000  0.00%  0.00%  0.00%   0 Crypto PAS Proc  
 221           0           1          0  0.00%  0.00%  0.00%   0 IPSec background 
 222        1184        3817        310  0.00%  0.03%  0.01%   0 Crypto IKEv2     
 223           0           1          0  0.00%  0.00%  0.00%   0 IKEv2 AAA handle 
 224          20          30        666  0.00%  0.00%  0.00%   0 AAA SEND STOP EV 
 225           0           1          0  0.00%  0.00%  0.00%   0 Test AAA Client  
 226         100         111        900  0.00%  0.00%  0.00%   0 EEM ED Syslog    
 227          28          13       2153  0.00%  0.00%  0.00%   0 EEM ED Generic   
 228          16           4       4000  0.00%  0.00%  0.00%   0 EEM ED Track     
 229           8           4       2000  0.00%  0.00%  0.00%   0 EEM ED Routing   
 230          20           4       5000  0.00%  0.00%  0.00%   0 EEM ED Resource  
 232           0           1          0  0.00%  0.00%  0.00%   0 Syslog Traps     
 233           0         383          0  0.00%  0.00%  0.00%   0 RMON Recycle Pro 
 234           0           2          0  0.00%  0.00%  0.00%   0 RMON Deferred Se 
 236         196        3787         51  0.00%  0.01%  0.00%   0 cerf_daemon_proc 
 237        6220      233500         26  0.79%  0.45%  0.38%   0 ISG MIB jobs Man 
 238           0           1          0  0.00%  0.00%  0.00%   0 IKEv2 FlexVPN Pr 
 239         220          61       3606  0.00%  0.00%  0.00%   0 EEM Server       
 240          40           3      13333  0.00%  0.00%  0.00%   0 Call Home proces 
 241           0           3          0  0.00%  0.00%  0.00%   0 EEM Policy Direc 
 242           0           1          0  0.00%  0.00%  0.00%   0 Inter Chassis Pr 
 243           8           4       2000  0.00%  0.00%  0.00%   0 EEM ED CLI       
 244          16           4       4000  0.00%  0.00%  0.00%   0 EEM ED Counter   
 245          12           4       3000  0.00%  0.00%  0.00%   0 EEM ED Interface 
 246           4           4       1000  0.00%  0.00%  0.00%   0 EEM ED IOSWD     
 247           0           4          0  0.00%  0.00%  0.00%   0 EEM ED None      
 248           4           4       1000  0.00%  0.00%  0.00%   0 EEM ED OIR       
 250           4           4       1000  0.00%  0.00%  0.00%   0 EEM ED SNMP      
 251           0           4          0  0.00%  0.00%  0.00%   0 EEM ED SNMP Obje 
 252           0           4          0  0.00%  0.00%  0.00%   0 EEM ED SNMP Noti 
 253          16          68        235  0.00%  0.00%  0.00%   0 EEM ED Timer     
 254           4           4       1000  0.00%  0.00%  0.00%   0 EEM ED Test      
 255           0           4          0  0.00%  0.00%  0.00%   0 EEM ED Config    
 256           4           4       1000  0.00%  0.00%  0.00%   0 EEM ED Env       
 258           4           4       1000  0.00%  0.00%  0.00%   0 EEM ED Nf        
 259           8           4       2000  0.00%  0.00%  0.00%   0 EEM ED Ipsla     
 260         180          93       1935  0.00%  0.00%  0.00%   0 Syslog           
 261           0           4          0  0.00%  0.00%  0.00%   0 EEM ED RPC       
 262           4           1       4000  0.00%  0.00%  0.00%   0 RMON Packets     
 263           0           1          0  0.00%  0.00%  0.00%   0 IP SLAs Ethernet 
 264           4          30        133  0.00%  0.00%  0.00%   0 Net Input        
 265       20332        1284      15834  0.55%  0.52%  0.54%   0 Compute load avg 
 266         284         127       2236  0.00%  0.00%  0.00%   0 Per-minute Jobs  
 267         832        3824        217  0.15%  0.16%  0.16%   0 Per-Second Jobs  
 268           0           2          0  0.00%  0.00%  0.00%   0 MRIB Process     
 269          44          49        897  0.00%  0.01%  0.00%   0 EEM Helper Threa

------------------ show process cpu history ------------------

                                                                  
                                                                  
                                                                  
      22222444441111144444                                        
      777771111133333222223333322222222222222222222444442222222222
  100                                                           
   90                                                           
   80                                                           
   70                                                           
   60                                                           
   50                                                           
   40      *****     *****                                      
   30 **********     *****                                      
   20 **********     *****                                      
   10 ********************                                      
     0....5....1....1....2....2....3....3....4....4....5....5....6
               0    5    0    5    0    5    0    5    0    5    0
               CPU% per second (last 60 seconds)

                                                                  
                                                                  
                                                                  
      422242242242242134442322224331411342253422112111211423553244
      056635927722739703327127631377419421853485765765878336992122
  100                                                           
   90                                                           
   80                                                           
   70                                                           
   60                                      *                **  
   50                                      *                **  
   40 *   *  *  *  *   ***      * * *   *  * *           * ***  
   30 *********** *** ****** ** *** *  ** ******  *   *  * **** 
   20 ******************************* **************************
   10 #***####*##**##*####*#****###*#*###*####*******#***#*####*
     0....5....1....1....2....2....3....3....4....4....5....5....6
               0    5    0    5    0    5    0    5    0    5    0
               CPU% per minute (last 60 minutes)
              * = maximum CPU%   # = average CPU%

                                                                              
                                                                              
                                                                              
      5                                                                       
      9                                                                       
  100                                                                       
   90                                                                       
   80                                                                       
   70                                                                       
   60 *                                                                     
   50 *                                                                     
   40 *                                                                     
   30 *                                                                     
   20 *                                                                     
   10 #                                                                     
     0....5....1....1....2....2....3....3....4....4....5....5....6....6....7..
               0    5    0    5    0    5    0    5    0    5    0    5    0  
                   CPU% per hour (last 72 hours)
                  * = maximum CPU%   # = average CPU%



------------------ show file systems ------------------


File Systems:

       Size(b)       Free(b)      Type  Flags  Prefixes
             -             -    opaque     rw   system:
             -             -    opaque     rw   tmpsys:
             -             -    opaque     rw   null:
             -             -    opaque     ro   tar:
             -             -   network     rw   tftp:
             -             -    opaque     wo   syslog:
        522232        512605     nvram     rw   nvram:
*        55296         55296      disk     rw   disk0:
             -             -      disk     rw   disk1:
             -             -     flash     rw   slot0: flash:
             -             -     flash     rw   slot1:
             -             -     flash     rw   bootflash:
             -             -   network     rw   rcp:
             -             -   network     rw   pram:
             -             -   network     rw   ftp:
             -             -   network     rw   http:
             -             -   network     rw   scp:
             -             -   network     rw   https:
             -             -    opaque     ro   cns:


------------------ show file descriptors ------------------


File Descriptors:

  No open file descriptors


------------------ dir nvram: ------------------


Directory of nvram:/

  510  -rw-        4992                    <no date>  startup-config
  511  ----        3559                    <no date>  private-config
  512  -rw-        4992                    <no date>  underlying-config
    1  ----          69                    <no date>  persistent-data

522232 bytes total (512605 bytes free)

------------------ show disk0: all ------------------


No files on device

55296 bytes available (0 bytes used)

******** ATA Flash Card Geometry/Format Info ********

ATA CARD GEOMETRY
   Manufacturer Name      Dynamips ATA Flash Card  
   Model Number           
   Serial Number          
   Firmware Revision      
   Number of Heads        4     
   Number of Cylinders    320   
   Sectors per Cylinder   32    
   Sector Size            512   
   Total Sectors          40960 

ATA PARTITION 1 INFO
   Start Sector           32    
   Number of Sectors      40928 
   Size in Bytes          20955136
   File System Type       FAT16
   Number of FAT Sectors  40    
   Sectors Per Cluster    4     
   Number of Clusters     27    
   Number of Data Sectors 108   
   Base FAT Sector        1     
   Base Root Sector       81    
   Base Data Sector       113   

ATA MONLIB INFO
   Image Monlib size      125488
   Disk Monlib Size       NA
   Disk Space Available   NA
   Name                   NA
   End Sector             NA
   Start sector           NA
   Updated By             NA
   Version                NA
   Monlib Version         0     
   Monlib Params Version  0     


------------------ show controllers t1 ------------------



------------------ show controllers e1 ------------------



------------------ show ip nbar version ------------------




NBAR software version:  13

1   base                             Mv: 6
2   ftp                              Mv: 7
      Iv:                             smtp - 2
      Iv:                          gridftp - 1
3   http                             Mv: 20
      Iv:                          youtube - 6
      Iv:                    msn-messenger - 3
      Iv:                  yahoo-messenger - 3
      Iv:                      flash-video - 2
      Iv:                       flashyahoo - 2
      Iv:                     flashmyspace - 2
      Iv:                  audio-over-http - 2
      Iv:                 binary-over-http - 2
      Iv:                  video-over-http - 2
      Iv:                              irc - 2
      Iv:                         babelgum - 1
      Iv:                           itunes - 1
      Iv:                            sling - 1
      Iv:                     google-earth - 1
      Iv:                      baidu-movie - 1
      Iv:                            pando - 1
      Iv:                          napster - 1
      Iv:                         songsari - 1
      Iv:                       webthunder - 1
      Iv:                          sopcast - 3
      Iv:                      tunnel-http - 1
      Iv:                         soribada - 2
      Iv:                              icq - 1
      Iv:                            skype - 5
      Iv:                          edonkey - 7
      Iv:                    directconnect - 5
      Iv:                         gnutella - 7
      Iv:                        ms-update - 1
      Iv:                             rtsp - 9
      Iv:                          netflix - 1
      Iv:                        megavideo - 1
      Iv:                       bittorrent - 5
      Iv:                              tor - 1
      Iv:                            gmail - 1
      Iv:                            gtalk - 1
      Iv:                       gtalk-voip - 1
      Iv:                      gtalk-video - 1
      Iv:                       activesync - 1
      Iv:                         rhapsody - 1
      Iv:                            fring - 1
      Iv:                            rtmpt - 1
      Iv:                      livestation - 1
      Iv:                       secondlife - 1
      Iv:                         vnc-http - 1
      Iv:                      share-point - 1
      Iv:                    ms-office-365 - 1
      Iv:                           ms-sms - 1
      Iv:                        ghostsurf - 1
      Iv:                         gotomypc - 1
      Iv:                    adobe-connect - 1
      Iv:                        realmedia - 1
4   static                           Mv: 6
5   socks                            Mv: 3
6   nntp                             Mv: 2
      Iv:                  yahoo-messenger - 3
7   tftp                             Mv: 2
8   ms-rpc                           Mv: 2
      Iv:                         exchange - 4
      Iv:                      ms-netlogon - 1
      Iv:                       ms-win-dns - 1
      Iv:                           ms-iis - 1
      Iv:                 active-directory - 1
9   exchange                         Mv: 4
      Iv:                           ms-rpc - 2
10  vdolive                          Mv: 1
11  sqlnet                           Mv: 2
12  oracle-sqlnet                    Mv: 2
13  netshow                          Mv: 3
14  sunrpc                           Mv: 3
      Iv:                              nfs - 1
      Iv:                        clearcase - 1
15  nfs                              Mv: 1
16  streamwork                       Mv: 2
17  citrix                           Mv: 12
18  fasttrack                        Mv: 3
19  gnutella                         Mv: 7
      Iv:                             http - 20
20  kazaa2                           Mv: 11
21  dhcp                             Mv: 1
22  rtsp                             Mv: 9
      Iv:                          youtube - 6
23  webex-meeting                    Mv: 1
      Iv:                              ssl - 1
24  rtp                              Mv: 8
      Iv:                         stun-nat - 1
25  mgcp                             Mv: 2
26  skinny                           Mv: 3
      Iv:                      cisco-phone - 4
27  sip                              Mv: 5
      Iv:                      cisco-phone - 4
      Iv:             telepresence-control - 4
      Iv:              yahoo-voip-over-sip - 1
      Iv:                       secondlife - 1
28  rtcp                             Mv: 5
      Iv:             telepresence-control - 4
      Iv:                         stun-nat - 1
29  edonkey                          Mv: 7
      Iv:                             http - 20
30  winmx                            Mv: 5
31  bittorrent                       Mv: 5
      Iv:                          blizwow - 2
      Iv:                            socks - 3
      Iv:                             http - 20
32  directconnect                    Mv: 5
      Iv:                             http - 20
33  hl7                              Mv: 3
34  fix                              Mv: 3
      Iv:                              ssl - 1
35  msn-messenger                    Mv: 3
      Iv:                             http - 20
      Iv:                           ms-wbt - 1
      Iv:                            socks - 3
36  ms-live-accounts                 Mv: 1
37  dicom                            Mv: 4
38  yahoo-messenger                  Mv: 3
      Iv:                             http - 20
      Iv:                             nntp - 2
      Iv:                            socks - 3
39  mapi                             Mv: 3
40  aol-messenger                    Mv: 2
      Iv:                            socks - 3
      Iv:                              ssl - 1
      Iv:                             http - 20
41  cifs                             Mv: 2
42  cisco-phone                      Mv: 4
      Iv:                              sip - 5
      Iv:                           skinny - 3
      Iv:             telepresence-control - 4
43  youtube                          Mv: 6
      Iv:                             http - 20
      Iv:                             rtsp - 9
44  realmedia                        Mv: 1
      Iv:                             http - 20
      Iv:                             rtsp - 9
45  imap                             Mv: 1
46  pop3                             Mv: 1
47  irc                              Mv: 2
      Iv:                             http - 20
48  skype                            Mv: 5
      Iv:                             http - 20
      Iv:                              dns - 1
49  blizwow                          Mv: 2
      Iv:                       bittorrent - 5
50  telepresence-media               Mv: 3
51  telepresence-control             Mv: 4
      Iv:                             rtcp - 5
      Iv:                      cisco-phone - 4
      Iv:                              sip - 5
52  zattoo                           Mv: 3
53  sopcast                          Mv: 3
      Iv:                             http - 20
54  flash-video                      Mv: 2
      Iv:                             http - 20
55  flashyahoo                       Mv: 2
      Iv:                             http - 20
56  flashmyspace                     Mv: 2
      Iv:                             http - 20
57  audio-over-http                  Mv: 2
      Iv:                             http - 20
58  binary-over-http                 Mv: 2
      Iv:                             http - 20
59  video-over-http                  Mv: 2
      Iv:                             http - 20
60  my-jabber-ft                     Mv: 1
61  ayiya-ipv6-tunneled              Mv: 1
62  filetopia                        Mv: 1
63  guruguru                         Mv: 1
64  manolito                         Mv: 1
65  radius                           Mv: 1
66  teamspeak                        Mv: 1
67  soribada                         Mv: 2
      Iv:                             http - 20
68  dht                              Mv: 1
69  pptp                             Mv: 2
70  ntp                              Mv: 1
71  poco                             Mv: 2
72  ventrilo                         Mv: 1
73  tomatopang                       Mv: 1
74  maplestory                       Mv: 1
75  itunes                           Mv: 1
      Iv:                             http - 20
76  napster                          Mv: 1
      Iv:                             http - 20
77  sling                            Mv: 1
      Iv:                             http - 20
78  google-earth                     Mv: 1
      Iv:                             http - 20
79  baidu-movie                      Mv: 1
      Iv:                             http - 20
80  pando                            Mv: 1
      Iv:                             http - 20
81  webthunder                       Mv: 1
      Iv:                             http - 20
82  babelgum                         Mv: 1
      Iv:                             http - 20
83  songsari                         Mv: 1
      Iv:                             http - 20
84  tunnel-http                      Mv: 1
      Iv:                             http - 20
85  teredo-ipv6-tunneled             Mv: 1
86  sixtofour-ipv6-tunneled          Mv: 1
      Iv:             isatap-ipv6-tunneled - 1
87  isatap-ipv6-tunneled             Mv: 1
      Iv:          sixtofour-ipv6-tunneled - 1
88  fring                            Mv: 1
      Iv:                             http - 20
89  fring-voip                       Mv: 1
      Iv:                      fring-video - 1
90  fring-video                      Mv: 1
      Iv:                       fring-voip - 1
91  waste                            Mv: 1
92  kuro                             Mv: 1
93  smtp                             Mv: 2
94  icq                              Mv: 1
      Iv:                             http - 20
95  soulseek                         Mv: 1
96  yahoo-voip-messenger             Mv: 2
      Iv:                              rtp - 8
97  yahoo-voip-over-sip              Mv: 1
      Iv:                              sip - 5
98  aol-protocol                     Mv: 1
      Iv:                    aol-messenger - 2
99  ipsec                            Mv: 1
100  isakmp                           Mv: 1
101  ppstream                         Mv: 1
102  rtmp                             Mv: 1
103  rtmpe                            Mv: 1
104  rtmpt                            Mv: 1
      Iv:                             http - 20
105  dns                              Mv: 1
      Iv:                       tcpoverdns - 1
      Iv:                            skype - 5
106  windows-update                   Mv: 1
107  encrypted-emule                  Mv: 1
108  networking-gnutella              Mv: 1
109  encrypted-bittorrent             Mv: 1
110  ms-wbt                           Mv: 1
      Iv:                    msn-messenger - 3
111  gmail                            Mv: 1
      Iv:                             http - 20
      Iv:                              ssl - 1
112  openvpn                          Mv: 1
      Iv:                              ssl - 1
113  ssl                              Mv: 1
      Iv:                              fix - 3
      Iv:                    webex-meeting - 1
      Iv:                          netflix - 1
      Iv:                            gmail - 1
      Iv:                      livemeeting - 1
      Iv:                      livestation - 1
      Iv:                              dmp - 1
      Iv:                         rhapsody - 1
      Iv:                       secondlife - 1
      Iv:                 ms-live-accounts - 1
      Iv:                  google-accounts - 1
      Iv:                 active-directory - 1
      Iv:                          sip-tls - 1
      Iv:                    ms-office-365 - 1
      Iv:                            pcoip - 1
      Iv:                      vmware-view - 1
      Iv:                          openvpn - 1
      Iv:                        ms-update - 1
      Iv:                            mysql - 1
      Iv:                         gotomypc - 1
      Iv:                        ghostsurf - 1
      Iv:                    adobe-connect - 1
      Iv:                    aol-messenger - 2
      Iv:                      share-point - 1
      Iv:                        realmedia - 1
114  ghostsurf                        Mv: 1
      Iv:                             http - 20
115  netflix                          Mv: 1
      Iv:                             http - 20
      Iv:                              ssl - 1
116  megavideo                        Mv: 1
      Iv:                             http - 20
117  stun-nat                         Mv: 1
118  viber                            Mv: 1
119  cisco-ip-camera                  Mv: 1
      Iv:                             rtsp - 9
120  livestation                      Mv: 1
      Iv:                             http - 20
      Iv:                             rtmp - 1
      Iv:                              ssl - 1
121  gridftp                          Mv: 1
122  winny                            Mv: 1
123  livemeeting                      Mv: 1
      Iv:                              ssl - 1
      Iv:                         stun-nat - 1
124  tor                              Mv: 1
      Iv:                             http - 20
      Iv:                              ssl - 1
125  xmpp-client                      Mv: 1
126  gtalk-chat                       Mv: 1
      Iv:                      xmpp-client - 1
127  gtalk                            Mv: 1
      Iv:                             http - 20
      Iv:                         stun-nat - 1
      Iv:                      gtalk-video - 1
      Iv:                       gtalk-voip - 1
      Iv:                         gtalk-ft - 1
128  gtalk-voip                       Mv: 1
      Iv:                             http - 20
      Iv:                         stun-nat - 1
      Iv:                            gtalk - 1
129  gtalk-ft                         Mv: 1
      Iv:                         stun-nat - 1
      Iv:                            gtalk - 1
130  gtalk-video                      Mv: 1
      Iv:                             http - 20
      Iv:                         stun-nat - 1
      Iv:                            gtalk - 1
131  steam                            Mv: 1
132  ping                             Mv: 1
133  exec                             Mv: 1
134  login                            Mv: 1
135  shell                            Mv: 1
136  netapp-snapmirror                Mv: 1
137  ms-iis                           Mv: 1
      Iv:                           ms-rpc - 2
138  ms-win-dns                       Mv: 1
      Iv:                           ms-rpc - 2
139  ms-netlogon                      Mv: 1
      Iv:                           ms-rpc - 2
140  ms-sms                           Mv: 1
      Iv:                             http - 20
      Iv:                        ms-update - 1
141  perforce                         Mv: 1
142  vnc                              Mv: 1
143  vnc-http                         Mv: 1
      Iv:                             http - 20
144  secondlife                       Mv: 1
      Iv:                              ssl - 1
      Iv:                             http - 20
      Iv:                              sip - 5
145  msn-messenger-filetransfer       Mv: 1
146  icq-filetransfer                 Mv: 1
147  tcpoverdns                       Mv: 1
      Iv:                              dns - 1
148  msn-messenger-video              Mv: 1
      Iv:                         stun-nat - 1
      Iv:                              rtp - 8
149  share-point                      Mv: 1
      Iv:                             http - 20
      Iv:                              ssl - 1
150  sip-tls                          Mv: 1
      Iv:                              ssl - 1
151  activesync                       Mv: 1
      Iv:                             http - 20
152  rhapsody                         Mv: 1
      Iv:                             http - 20
      Iv:                             rtmp - 1
      Iv:                              ssl - 1
153  ip-messenger                     Mv: 1
154  capwap-control                   Mv: 1
      Iv:                      capwap-data - 1
155  capwap-data                      Mv: 1
      Iv:                   capwap-control - 1
156  dmp                              Mv: 1
      Iv:                              ssl - 1
157  netbios-ns                       Mv: 1
158  ldap                             Mv: 1
159  active-directory                 Mv: 1
      Iv:                           ms-rpc - 2
      Iv:                             cifs - 2
      Iv:                             ldap - 1
      Iv:                              ssl - 1
160  google-accounts                  Mv: 1
161  ms-office-365                    Mv: 1
      Iv:                             http - 20
      Iv:                              ssl - 1
162  teamviewer                       Mv: 1
163  pcanywhere                       Mv: 1
164  snmp                             Mv: 1
165  vmware-vmotion                   Mv: 1
166  pcoip                            Mv: 1
      Iv:                              ssl - 1
167  vmware-view                      Mv: 1
      Iv:                              ssl - 1
168  gotomypc                         Mv: 1
      Iv:                             http - 20
      Iv:                              ssl - 1
169  kerberos                         Mv: 1
170  clearcase                        Mv: 1
171  ms-update                        Mv: 1
      Iv:                              ssl - 1
      Iv:                             http - 20
      Iv:                           ms-sms - 1
172  mysql                            Mv: 1
      Iv:                              ssl - 1
173  sqlserver                        Mv: 1
      Iv:                             cifs - 2
174  adobe-connect                    Mv: 1
      Iv:                             rtmp - 1
      Iv:                              ssl - 1
      Iv:                             http - 20
175  aol-messenger-audio              Mv: 1
      Iv:                              rtp - 8
176  aol-messenger-video              Mv: 1
      Iv:              aol-messenger-audio - 1
      Iv:                              rtp - 8
      Iv:                             http - 20
      Iv:                         stun-nat - 1
      Iv:                             rtmp - 1
177  aol-messenger-ft                 Mv: 1
      Iv:              aol-messenger-audio - 1
178  ms-sql-m                         Mv: 1
179  hopopt                           Mv: 1
180  ipv6-frag                        Mv: 1
181  ipv6-nonxt                       Mv: 1
182  ipv6-opts                        Mv: 1
183  ipv6-route                       Mv: 1
184  oscar-filetransfer               Mv: 1
      Iv:              aol-messenger-audio - 1
185  iana                             Mv: 1
186  custom-protocols                 Mv: 1
187  attribute                        Mv: 1


{<No.>}<PDLM name> Mv: <PDLM Version>, {Nv: <NBAR Software Version>; <File name>}
            {Iv: <PDLM Interdependency Name>   - <PDLM Interdependency Version>}


------------------ show crypto key mypubkey rsa ------------------

% Key pair was generated at: 20:37:46 UTC Jul 23 2020
Key name: DC.gns3.lab
Key type: RSA KEYS
 Storage Device: private-config
 Usage: General Purpose Key
 Key is not exportable. Redundancy enabled.
 Key Data:
  30820122 300D0609 2A864886 F70D0101 01050003 82010F00 3082010A 02820101 
  00874E9C 4E99C51F AE41F8E2 F31F66D8 376FAC4B 5AE8506F 60DD2D2A C30719E3 
  7B7E244F 966CDFFC 72F57047 66A9749D CA7BC94F 2F3D4E87 21126F3C 91FC5DDF 
  5A939736 F1CDA783 2F4A918E 773E72A3 FB446FBC 7CCC9D88 1BFF798C 76687DB2 
  AA222015 40268696 CF714F94 20B70DC4 24D1ED28 654A30E9 B334D72F 963C7EAE 
  D0B52767 50E38019 2CEF3E2E A71D8263 7B8EB8AE C9F9BF98 56337EDD 66B034A2 
  A6135F73 721966EF 88B578A5 03D7A256 47CD36F8 148B2E1B CF4FD66B 8F381099 
  54442F4B 8416C6DA 4F5569D7 A0638CD5 F589A44B 6B01CFAC DFFEDABA D93D0EBC 
  2C3325A6 39C7A88A 2193AE40 5B3063EF 58C8A68C 4028E6F7 22E56A77 7CD02371 
  5D020301 0001
% Key pair was generated at: 20:44:06 UTC Aug 24 2020
Key name: DC.gns3.lab.server
Key type: RSA KEYS
Temporary key
 Usage: Encryption Key
 Key is not exportable. Redundancy enabled.
 Key Data:
  307C300D 06092A86 4886F70D 01010105 00036B00 30680261 008ECAE1 0B6FC553 
  7C67A718 20B4ADF2 DC82D54C 84F4B634 61E80267 7D65C211 8A3FB4FF B70E8300 
  D5E0DF25 FC2C41E8 BF451591 4B4B704D 0B0A3DCC B1B67B34 34E0846B 260A1403 
  81987589 CF355793 22E4DB84 E3E9E8D1 88C4A8DA 00AA7671 A3020301 0001

------------------ show crypto call admission statistics ------------------

---------------------------------------------------------------------
               Crypto Call Admission Control Statistics
---------------------------------------------------------------------
System Resource Limit:        0 Max IKE SAs:     0 Max in nego:  1000
Total IKE SA Count:           0 active:          0 negotiating:     0
Incoming IKE Requests:        0 accepted:        0 rejected:        0
Outgoing IKE Requests:        0 accepted:        0 rejected:        0
Rejected IKE Requests:        0 rsrc low:        0 Active SA limit: 0
                                                   In-neg SA limit: 0
IKE packets dropped at dispatch:        0

Max IPSEC SAs:     0
Total IPSEC SA Count:           0 active:          0 negotiating:     0
Incoming IPSEC Requests:        0 accepted:        0 rejected:        0
Outgoing IPSEC Requests:        0 accepted:        0 rejected:        0

Phase1.5 SAs under negotiation:         0 


------------------ show inventory ------------------

NAME: "Chassis", DESCR: "Cisco 7206VXR, 6-slot chassis"
PID: CISCO7206VXR      , VID:    , SN: 4279256517 

NAME: "NPE400 0", DESCR: "Cisco 7200VXR Network Processing Engine NPE-400"
PID: NPE-400           , VID:    , SN: 11111111   

NAME: "module 0", DESCR: "I/O FastEthernet (TX-ISL)"
PID: C7200-IO-FE-MII/RJ, VID:    , SN: 4294967295 

NAME: "disk0", DESCR: "Cisco 7200 I/O PCMCIA Flash Disk, 48M"
PID: MEM-I/O-FLD48M    , VID:    , SN:            

NAME: "module 1", DESCR: "Dual Port FastEthernet (RJ45)"
PID: PA-2FE-FX         , VID:    , SN: XXX00000000

NAME: "module 2", DESCR: "Dual Port FastEthernet (RJ45)"
PID: PA-2FE-FX         , VID:    , SN: XXX00000000

NAME: "module 3", DESCR: "Dual Port FastEthernet (RJ45)"
PID: PA-2FE-FX         , VID:    , SN: XXX00000000

NAME: "Power Supply 0", DESCR: "Cisco 7200 AC Power Supply"
PID: PWR-7200-AC       , VID:    , SN:            

NAME: "Power Supply 1", DESCR: "Cisco 7200 AC Power Supply"
PID: PWR-7200-AC       , VID:    , SN:            



DEBUG:netmiko:read_channel: 
DEBUG:netmiko:read_channel: 
DEBUG:netmiko:read_channel: 
DEBUG:netmiko:read_channel: 
DEBUG:netmiko:read_channel: 
DEBUG:netmiko:read_channel: 
------------------ show inventory ------------------

NAME: "Chassis", DESCR: "Cisco 7206VXR, 6-slot chassis"
PID: CISCO7206VXR      , VID:    , SN: 4279256517 

NAME: "NPE400 0", DESCR: "Cisco 7200VXR Network Processing Engine NPE-400"
PID: NPE-400           , VID:    , SN: 11111111   

NAME: "module 0", DESCR: "I/O FastEthernet (TX-ISL)"
PID: C7200-IO-FE-MII/RJ, VID:    , SN: 4294967295 

NAME: "disk0", DESCR: "Cisco 7200 I/O PCMCIA Flash Disk, 48M"
PID: MEM-I/O-FLD48M    , VID:    , SN:            

NAME: "module 1", DESCR: "Dual Port FastEthernet (RJ45)"
PID: PA-2FE-FX         , VID:    , SN: XXX00000000

NAME: "module 2", DESCR: "Dual Port FastEthernet (RJ45)"
PID: PA-2FE-FX         , VID:    , SN: XXX00000000

NAME: "module 3", DESCR: "Dual Port FastEthernet (RJ45)"
PID: PA-2FE-FX         , VID:    , SN: XXX00000000

NAME: "Power Supply 0", DESCR: "Cisco 7200 AC Power Supply"
PID: PWR-7200-AC       , VID:    , SN:            

NAME: "Power Supply 1", DESCR: "Cisco 7200 AC Power Supply"
PID: PWR-7200-AC       , VID:    , SN:            



DEBUG:netmiko:read_channel: 
DEBUG:netmiko:read_channel: 
DEBUG:netmiko:read_channel: 
DEBUG:netmiko:read_channel: 
DEBUG:netmiko:read_channel: 
DEBUG:netmiko:read_channel: 
DEBUG:netmiko:read_channel: 
DEBUG:netmiko:read_channel: 
DEBUG:netmiko:read_channel: 
DEBUG:netmiko:read_channel: 
DEBUG:netmiko:read_channel: 
DEBUG:netmiko:read_channel: 
DEBUG:netmiko:read_channel: 
DEBUG:netmiko:read_channel: 
DEBUG:netmiko:read_channel: 
DEBUG:netmiko:read_channel: 
DEBUG:netmiko:read_channel: 
DEBUG:netmiko:read_channel: 
DEBUG:netmiko:read_channel: 
DEBUG:netmiko:read_channel: 
DEBUG:netmiko:read_channel: 
DEBUG:netmiko:read_channel: 
DEBUG:netmiko:read_channel: 
DEBUG:netmiko:read_channel: 
DEBUG:netmiko:read_channel: 
DEBUG:netmiko:read_channel: 
DEBUG:netmiko:read_channel: 
DEBUG:netmiko:read_channel: 
DEBUG:netmiko:read_channel: 
DEBUG:netmiko:read_channel: 
DEBUG:netmiko:read_channel: 
DEBUG:netmiko:read_channel: 
DEBUG:netmiko:read_channel: 
DEBUG:netmiko:read_channel: 
DEBUG:netmiko:read_channel: 
DEBUG:netmiko:read_channel: 
DEBUG:netmiko:read_channel: 
DEBUG:netmiko:read_channel: 
DEBUG:netmiko:read_channel: 
DEBUG:netmiko:read_channel: 
DEBUG:netmiko:read_channel: 
DEBUG:netmiko:read_channel: 
DEBUG:netmiko:read_channel: 
DEBUG:netmiko:read_channel: 
DEBUG:netmiko:read_channel: 
DEBUG:netmiko:read_channel: 
DEBUG:netmiko:read_channel: 
DEBUG:netmiko:read_channel: 
DEBUG:netmiko:read_channel: 
DEBUG:netmiko:read_channel: 
DEBUG:netmiko:read_channel: 
DEBUG:netmiko:read_channel: 
DEBUG:netmiko:read_channel: 
DEBUG:netmiko:read_channel: 
DEBUG:netmiko:read_channel: 
DEBUG:netmiko:read_channel: 
DEBUG:netmiko:read_channel: 
DEBUG:netmiko:read_channel: 
DEBUG:netmiko:read_channel: 
DEBUG:netmiko:read_channel: 
DEBUG:netmiko:read_channel: 
DEBUG:netmiko:read_channel: 
DEBUG:netmiko:read_channel: 
DEBUG:netmiko:read_channel: 
DEBUG:netmiko:read_channel: 
DEBUG:netmiko:read_channel: 
DEBUG:netmiko:read_channel: 
DEBUG:netmiko:read_channel: 
DEBUG:netmiko:read_channel: 
DEBUG:netmiko:read_channel: 
DEBUG:netmiko:read_channel: 
DEBUG:netmiko:read_channel: 
DEBUG:netmiko:read_channel: 
DEBUG:netmiko:read_channel: 
DEBUG:netmiko:read_channel: 
DEBUG:netmiko:read_channel: 
DEBUG:netmiko:read_channel: 
DEBUG:netmiko:read_channel: 
DEBUG:netmiko:read_channel: 
DEBUG:netmiko:read_channel: 
DEBUG:netmiko:read_channel: 
DEBUG:netmiko:read_channel: 
DEBUG:netmiko:read_channel: 
DEBUG:netmiko:read_channel: 
DEBUG:netmiko:read_channel: 
DEBUG:netmiko:read_channel: 
DEBUG:netmiko:read_channel: 
DEBUG:netmiko:read_channel: 
DEBUG:netmiko:read_channel: 
DEBUG:netmiko:read_channel: 
DEBUG:netmiko:read_channel: 
DEBUG:netmiko:read_channel: 
DEBUG:netmiko:read_channel: 
DEBUG:netmiko:read_channel: 
DEBUG:netmiko:read_channel: 
DEBUG:netmiko:read_channel: 
DEBUG:netmiko:read_channel: 
DEBUG:netmiko:read_channel: 
DEBUG:netmiko:read_channel: 
DEBUG:netmiko:read_channel: 
DEBUG:netmiko:read_channel: 
DEBUG:netmiko:read_channel: 
DEBUG:netmiko:read_channel: 
DEBUG:netmiko:read_channel: 
DEBUG:netmiko:read_channel: 
DEBUG:netmiko:read_channel: 
DEBUG:netmiko:read_channel: 
DEBUG:netmiko:read_channel: 
DEBUG:netmiko:read_channel: 
DEBUG:netmiko:read_channel: 
DEBUG:netmiko:read_channel: 
DEBUG:netmiko:read_channel: 
DEBUG:netmiko:read_channel: 
DEBUG:netmiko:read_channel: 
DEBUG:netmiko:read_channel: 
DEBUG:netmiko:read_channel: 
DEBUG:netmiko:read_channel: 
DEBUG:netmiko:read_channel: 
DEBUG:netmiko:read_channel: 
DEBUG:netmiko:read_channel: 
DEBUG:netmiko:read_channel: 
DEBUG:netmiko:read_channel: 
DEBUG:netmiko:read_channel: 
DEBUG:netmiko:read_channel: 
------------------ show memory statistics ------------------


                Head    Total(b)     Used(b)     Free(b)   Lowest(b)  Largest(b)
Processor   6558E400   396826796    52588500   344238296   343169208   329717932
      I/O    E000000    33554432     5774244    27780188    27757220    27740892
Transient   7D000000    16777216       15260    16761956    16760036    16761600

------------------ show process memory ------------------


Processor Pool Total:  396826796 Used:   52588384 Free:  344238412
      I/O Pool Total:   33554432 Used:    5773968 Free:   27780464
Transient Pool Total:   16777216 Used:      15252 Free:   16761964

 PID TTY  Allocated      Freed    Holding    Getbufs    Retbufs Process
   0   0   91523568   38338456   50689052        419        138 *Init*          
   0   0      12052     400176      12052          0          0 *Sched*         
   0   0   30747144   29945632     721296         18         18 *Dead*          
   0   0          0          0     394968          0          0 *MallocLite*    
   1   0      65588          0      72852          0          0 Chunk Manager   
   2   0        240        240       4264          0          0 Load Meter      
   3   2    1392964    1295524     106088        194        193 SSH Process     
   4   0          0          0       7264          0          0 RO Notify Timers
   5   0       4684        240      11708          0          0 Check heaps     
   6   0    4257540    4257540      74844         49          0 Pool Manager    
   7   0          0          0       7264          0          0 DiscardQ Backgro
   8   0        240        240       7264          0          0 Timers          
   9   0          0          0       4264          0          0 WATCH_AFS       
  10   0      41272        440      48096         43         43 ARP Input       
  11   0       5272       5272       7264          6          6 ARP Background  
  12   0        240        240       7264          0          0 ATM Idle Timer  
  13   0          0          0       7264          0          0 ATM ASYNC PROC  
  14   0          0          0       7264          0          0 AAA_SERVER_DEADT
  15   0          0          0      13264          0          0 Policy Manager  
  16   0      19280          0      26544         42         42 Entity MIB API  
  17   0       2948        240       9972          0          0 PrstVbl         
  18   0        240        240       7264          0          0 Serial Backgroun
  19   0          0          0       4264          0          0 RMI RM Notify Wa
  20   0        240        240       7264          0          0 DDR Timers      
  21   0        240        240      10264          0          0 ATM AutoVC Perio
  22   0        240        240       7264          0          0 ATM VC Auto Crea
  23   0          0          0       7264          0          0 IPC Event Notifi
  24   0          0          0       7264          0          0 IPC Mcast Pendin
  25   0          0          0       7264          0          0 IPC Dynamic Cach
  26   0          0          0       7264          0          0 IPC Service NonC
  27   0          0          0       7264          0          0 IPC Zone Manager
  28   0          0          0       7264          0          0 IPC Periodic Tim
  29   0          0          0       7264          0          0 IPC Deferred Por
  30   0          0          0       7264          0          0 IPC Process leve
  31   0       2104          0       9368          0          0 IPC Seat Manager
  32   0          0          0       7264          0          0 IPC Check Queue 
  33   0          0          0       7264          0          0 IPC Seat RX Cont
  34   0          0          0       7264          0          0 IPC Seat TX Cont
  35   0          0          0       7264          0          0 IPC Keep Alive M
  36   0          0          0       7264          0          0 IPC Loadometer  
  37   0          0          0       7264          0          0 Compute SRP rate
  38   0      10052          0      17316          4          4 EnvMon          
  39   0          0          0       7264          0          0 OIR Handler     
  40   0          0          0      25264          0          0 Crash writer    
  41   0        352          0       7616          0          0 Exception contro
  42   0          0          0       7264          0          0 ALARM_TRIGGER_SC
  43   0          0          0       7264          0          0 CEF MIB API     
  44   0        240        240       7264          0          0 GraphIt         
  45   0          0          0       7264          0          0 SERIAL A'detect 
  46   0        240        240      13264          0          0 Dialer event    
  47   0        240        240       7264          0          0 SMART           
  48   0          0          0      13264          0          0 RFS server proce
  49   0          0          0       7264          0          0 Critical Bkgnd  
  50   0     169780        304     115020        814        814 Net Background  
  51   0       1976       1976      13264          0          0 IDB Work        
  52   0        240        240      13264        224        224 Logger          
  53   0        240        240       7264          0          0 TTY Background  
  54   0       1524          0       8788          0          0 IF-MGR control p
  55   0          0          0       7264          0          0 IF-MGR event pro
  56   0          0          0       4264          0          0 Inode Table Dest
  57   0          0          0       7264          0          0 Transport Port A
  58   0        240        240      13264          0          0 INTR MGR PROCESS
  59   0          0          0       7264          0          0 HC Counter Timer
  60   0     170652    1087756     174928          0          0 EEM ED ND       
  61   0        240        240       7264          0          0 FEC_Link_event_h
  62   0          0          0       7264          0          0 POS APS Event Pr
  63   0          0          0       7264          0          0 SONET alarm time
  64   0        240        240       7264          0          0 Hawkeye Backgrou
  65   0          0          0       7264          0          0 CSP Timer       
  66   0          0          0       7264          0          0 FPD Management P
  67   0          0          0       7264          0          0 FPD Action Proce
  68   0       4568       4568       7684          0          0 Flash MIB Update
  69   0          0          0       4264          0          0 Flash Card Oir  
  70   0        240          0       4504          0          0 Async write proc
  71   0        240          0       4504          0          0 Async write proc
  72   0        240          0       4504          0          0 Async write proc
  73   0        240          0       4504          0          0 Async write proc
  74   0          0          0       4264          0          0 DFS flush period
  75   0      16832        240      23856          0          0 AAA Server      
  76   0          0          0       7264          0          0 AAA ACCT Proc   
  77   0      49384          0      56648          0          0 ACCT Periodic Pr
  78   0          0          0       7264          0          0 AAA System Acct 
  79   0          0          0       7304          0          0 Call Home Timer 
  80   0        240        240       7264          0          0 AAA Dictionary R
  81   0          0          0       7264          0          0 EAP Framework   
  82   0          0          0       7264          0          0 EAP Test        
  83   0          0          0      10264          0          0 HQF TUNNEL      
  84   0        240        240       7264          0          0 IPAM/ODAP Events
  85   0      49412          0      62676          0          0 IPAM Manager    
  86   0        240        240      13264          0          0 IPAM Events     
  87   0       3608          0      16872          0          0 IP ARP Adjacency
  88   0      33056          0      40320          0          0 IP ARP Retry Age
  89   0      48372      30024      14932       3204       3202 IP Input        
  90   0          0          0       7264          0          0 ICMP event handl
  91   0        240        240       7264          0          0 PIM register asy
  92   0        240        240       7264          0          0 TurboACL        
  93   0        240        240       7264          0          0 TurboACL chunk  
  94   0          0          0       7264          0          0 IPv6 ping proces
  95   0        240        240       7264          0          0 OCE punted Pkts 
  96   0          0          0       7264          0          0 O-UNI Client Msg
  97   0          0          0      13264          0          0 LSP Tunnel FRR  
  98   0          0          0      13264          0          0 MPLS Auto-Tunnel
  99   0      65588          0      90852          0          0 st_pw_oam       
 100   0          0          0       7264          0          0 AAA EPD HANDLER 
 101   0          0          0       7264          0          0 PM EPD API      
 102   0          0          0      13264          0          0 DM Proc         
 103   0        240        240       7264          0          0 PPP SIP         
 104   0        240        240       7264          0          0 PPP Bind        
 105   0        240        240      13264          0          0 PPP IP Route    
 107   0        240        240      13264          0          0 SSM connection m
 108   0        480        240       7504          0          0 Spanning Tree   
 109   0          0          0       7264          0          0 VRRS            
 110   0        224          0      13488          0          0 CEF switching ba
 111   0        224          0       4488          0          0 ADJ NSF process 
 112   0        240        240      13264          0          0 ATM OAM Input   
 113   0        240        240      13264          0          0 ATM OAM TIMER   
 114   0        240        240       7264         77         77 MOP Protocols   
 115   0          0          0      13264          0          0 SSS Manager     
 116   0          0          0      13264          0          0 SSS Policy Manag
 117   0       7604          0      14868          0          0 SSS Feature Mana
 118   0          0          0       7264          0          0 SSS Feature Time
 119   0          0          0      13264          0          0 SSS PM SHIM QOS 
 120   0          0          0       7264          0          0 Timer handler fo
 121   0          0          0       7264          0          0 Prepaid response
 122   0          0          0       7264          0          0 Timed Policy act
 123   0          0          0       7264          0          0 AAA response han
 124   0        240        240      13264          0          0 KRB5 AAA        
 125   0          0          0       7264          0          0 delayed evt hand
 126   0          0          0       7264          0          0 AC Switch       
 127   0          0          0       7264          0          0 ISG CMD HANDLER 
 128   0          0          0       7264          0          0 IP Lite session 
 129   0        240        240       7264          0          0 IP PORTBUNDLE   
 130   0        240        240      13264          0          0 IP Static Sessio
 131   0          0          0       7264          0          0 RADIUS Proxy    
 132   0          0          0       7264          0          0 FRR Background P
 133   0      11808        176      25072          0          0 CEF background p
 134   0        224          0      13488          0          0 fib_fib_bfd_sb e
 135   0          0          0      10264          0          0 IP IRDP         
 136   0          0          0       7332          0          0 SNMP Timers     
 137   0          0          0      13264          0          0 Routing Topology
 138   0      25544       7128      31680          0          0 IP RIB Update   
 139   0      47360      13280      44252          0          0 IP Background   
 140   0      49784        528      59520          0          0 IP Connected Rou
 141   0    1944560     335376     589284       1007       1007 CDP Protocol    
 143   0          0          0       7264          0          0 IP Traceroute   
 144   0          0          0       7264          0          0 Socket Timers   
 145   0        528          0       7792          0          0 Service Routing 
 146   0      14736       5080      16920          0          0 SR CapMan Proces
 147   0        240        376       7264          0          0 Flow Exporter Ti
 148   0          0          0      13264         30         30 TCP Timer       
 149   0     441468          0      15364          0          0 TCP Protocols   
 150   0        944          0      11208          0          0 HTTP CORE       
 151   0        224          0      10488          0          0 Tunnel FIB      
 152   0          0          0       7264          0          0 HQF Output Shape
 153   0          0          0       7264          0          0 HQF Input Shaper
 154   0      11844      12948      13488          0          0 CEF: IPv4 proces
 155   0        224          0       7488          0          0 ADJ background  
 156   0        224          0      13488          0          0 Collection proce
 158   0       8420          0      15612          2          2 SSH Event handle
 159   0        224          0      13488          0          0 MFIB Master back
 160   0        480        240      10504          0          0 Multicast Offloa
 161   0        480        240      10504          0          0 MVPN mgr Process
 162   0        240        240      10264          0          0 static          
 163   0          0          0      10264          0          0 IPv6 RIB Cleanup
 164   0          0          0      10264          0          0 IPv6 RIB Event H
 165   0       3272       1536      10536          0          0 VPWS Thread     
 166   0       2116        492       8888          0          0 LFDp Input Proc 
 167   0      36196      36196       7264          0          0 QoS stats proces
 168   0      85324        240      26520          0          0 SCTP Main Proces
 169   0        240        240       7264          0          0 PPP Compress Inp
 170   0        240        240       7264          0          0 PPP Compress Res
 171   0        224          0      13488          0          0 ADJ resolve proc
 172   0        944          0      62208          0          0 COPS            
 173   0        240        240       7264          0          0 Dialer Forwarder
 174   0          0          0       7264          0          0 RARP Input      
 175   0        240        240       7264          0          0 PPP NBF         
 176   0        480        240       4504          0          0 PfR BR Learn    
 177   0          0          0       7264          0          0 PAD InCall      
 178   0        240        240      13264          0          0 X.25 Background 
 179   0          0          0       7264          0          0 X.25 Encaps Mana
 180   0        240        240       7264          0          0 RBSCP Background
 181   0          0          0      13264          0          0 VPDN call manage
 182   0          0          0       7264          0          0 XC RIB MGR      
 183   0          0          0       7264          0          0 ac_atm_state_eve
 184   0          0          0       7264          0          0 ac_atm_mraps_hsp
 185   0        240        240       4264          0          0 L2X Switching Ev
 186   0        240        240      13264          0          0 IP Inband Sessio
 187   0      66740          0      74004          0          0 DHCP SIP        
 188   0        240        240      13264          0          0 IP SIP Process  
 189   0      10196      15200      11784          0          0 PMIPV6 Thread   
 190   0        240        240       7264          0          0 AAA Cached Serve
 191   0          0          0       7264          0          0 EM Background Pr
 192   0          0          0       7264          0          0 IDMGR CORE      
 193   0          0          0       7264          0          0 Key chain liveke
 194   0       5944       5944       7264          0          0 LOCAL AAA       
 195   0          0          0      13264          0          0 MPLS Auto Mesh P
 197   0        240        240       7264          0          0 ENABLE AAA      
 198   0        240        240       7264          0          0 LINE AAA        
 199   0      66872        240       8068          0          0 TPLUS           
 200   0      59676      58156       8784          3          3 NIST rng proc   
 201   0      49624        240      56648          0          0 Timer Library   
 202   0        240        240       7264          0          0 Crypto Support  
 203   0          0          0       7264          0          0 IPSECv6 PS Proc 
 204   0     432948     431528       8684          0          0 crypto engine pr
 205   0     225136     188772      49704          1          1 Crypto CA       
 206   0          0          0      13264          0          0 Crypto PKI-CRL  
 207   0          0          0      13264          0          0 encrypt proc    
 208   0     194136     316200       7804          0          0 crypto sw pk pro
 209   0          0          0      10264          0          0 QOS PERUSER     
 210   0        240        240       7264          0          0 GDOI GM Process 
 211   0          0          0       7264          0          0 UNICAST REKEY   
 212   0          0          0       7264          0          0 UNICAST REKEY AC
 213   0        240        520       7264          0          0 CRYPTO MAP FREE 
 214   0          0          0      13264          0          0 Crypto INT      
 215   0        240        240      13264          0          0 Crypto IKE Dispa
 216   0      10424        240      23448          1          1 Crypto IKMP     
 217   0          0          0      10264          0          0 IPSEC manual key
 218   0     268228       4396      13504          1          1 IPSEC key engine
 219   0          0          0      25264          0          0 Crypto ACL      
 220   0          0          0       7264          0          0 Crypto PAS Proc 
 221   0          0          0      13264          0          0 IPSec background
 222   0     123800        264     136800       2382       2382 Crypto IKEv2    
 223   0          0          0       7264          0          0 IKEv2 AAA handle
 224   0        240      10912       7264          0          0 AAA SEND STOP EV
 225   0          0          0      13264          0          0 Test AAA Client 
 226   0     363896       5052     369108        126         94 EEM ED Syslog   
 227   0     270320       5052     275532         21         21 EEM ED Generic  
 228   0      16944       5076      22132          0          0 EEM ED Track    
 229   0      11912       5076      17100          0          0 EEM ED Routing  
 230   0      12108       5076      17296          0          0 EEM ED Resource 
 232   0          0          0       7264          0          0 Syslog Traps    
 233   0        240        240       7264          0          0 RMON Recycle Pro
 234   0        240        240       7264          0          0 RMON Deferred Se
 236   0        240        240       7264          0          0 cerf_daemon_proc
 237   0        240        240      13264          0          0 ISG MIB jobs Man
 238   0          0          0      13264          0          0 IKEv2 FlexVPN Pr
 239   0    1282024      18212    1271012          0          0 EEM Server      
 240   0      93736      38176      82016          0          0 Call Home proces
 241   0      14600       1208      23656          0          0 EEM Policy Direc
 243   0      11840       5076      17028          0          0 EEM ED CLI      
 244   0      11764       5076      16952          0          0 EEM ED Counter  
 245   0      12348       5180      17368          0          0 EEM ED Interface
 246   0      11592       4988      16868          0          0 EEM ED IOSWD    
 247   0      11628       5048      16844          0          0 EEM ED None     
 248   0      12024       5216      17240          0          0 EEM ED OIR      
 249   0          0          0       7128          0          0 Inter Chassis Pr
 250   0      11712       5044      16932          0          0 EEM ED SNMP     
 251   0      11536       5008      16792          0          0 EEM ED SNMP Obje
 252   0      11672       4988      16948          0          0 EEM ED SNMP Noti
 253   0      11712       4988      16988          0          0 EEM ED Timer    
 254   0      11544       4988      16820          0          0 EEM ED Test     
 255   0      11544       4988      16820          0          0 EEM ED Config   
 256   0      11588       5012      16840          0          0 EEM ED Env      
 258   0      16768       5012      22020          0          0 EEM ED Nf       
 259   0      11544       4988      16820          0          0 EEM ED Ipsla    
 260   0      31748      31748      13264        131        131 Syslog          
 261   0      16884       5156      22160          0          0 EEM ED RPC      
 262   0       1056          0       8320          0          0 RMON Packets    
 263   0          0          0       7264          0          0 IP SLAs Ethernet
 264   0          0          0       7264         38         38 Net Input       
 265   0        240        240       7264          0          0 Compute load avg
 266   0          0          0       7264          0          0 Per-minute Jobs 
 267   0          0          0      10264          0          0 Per-Second Jobs 
 268   0     116864        240     129888          0          0 MRIB Process    
 269   0      11252        480      18036          0          0 EEM Helper Threa
 271   0      50164       1192      55560          0          0 EIGRP-IPv4      
 272   0          0          0       7128        821        821 EIGRP-IPv4 Hello
                                 58372804 Total

------------------ show process cpu ------------------


CPU utilization for five seconds: 28%/100%; one minute: 13%; five minutes: 8%
 PID Runtime(ms)     Invoked      uSecs   5Sec   1Min   5Min TTY Process 
   1           0           2          0  0.00%  0.00%  0.00%   0 Chunk Manager    
   2        3152         764       4125  0.07%  0.06%  0.07%   0 Load Meter       
   3        7456         423      17626 25.11%  7.92%  1.82%   2 SSH Process      
   4           0           1          0  0.00%  0.00%  0.00%   0 RO Notify Timers 
   5       69500        3623      19182  0.00%  1.77%  1.94%   0 Check heaps      
   6         208          64       3250  0.00%  0.00%  0.00%   0 Pool Manager     
   7           0           1          0  0.00%  0.00%  0.00%   0 DiscardQ Backgro 
   8           0           2          0  0.00%  0.00%  0.00%   0 Timers           
   9          64         471        135  0.00%  0.00%  0.00%   0 WATCH_AFS        
  10          64          32       2000  0.00%  0.00%  0.00%   0 ARP Input        
  11         324        3977         81  0.00%  0.00%  0.00%   0 ARP Background   
  12           0           2          0  0.00%  0.00%  0.00%   0 ATM Idle Timer   
  13           0           1          0  0.00%  0.00%  0.00%   0 ATM ASYNC PROC   
  14           0           1          0  0.00%  0.00%  0.00%   0 AAA_SERVER_DEADT 
  15           0           1          0  0.00%  0.00%  0.00%   0 Policy Manager   
  16          12           5       2400  0.00%  0.00%  0.00%   0 Entity MIB API   
  17         288           4      72000  0.00%  0.00%  0.00%   0 PrstVbl          
  18           0           2          0  0.00%  0.00%  0.00%   0 Serial Backgroun 
  19           0           1          0  0.00%  0.00%  0.00%   0 RMI RM Notify Wa 
  20           0           2          0  0.00%  0.00%  0.00%   0 DDR Timers       
  21           0           2          0  0.00%  0.00%  0.00%   0 ATM AutoVC Perio 
  22           4           2       2000  0.00%  0.00%  0.00%   0 ATM VC Auto Crea 
  23          28         764         36  0.00%  0.00%  0.00%   0 IPC Event Notifi 
  24         140        3711         37  0.00%  0.00%  0.00%   0 IPC Mcast Pendin 
  25           0          64          0  0.00%  0.00%  0.00%   0 IPC Dynamic Cach 
  26          16         764         20  0.00%  0.00%  0.00%   0 IPC Service NonC 
  27           0           1          0  0.00%  0.00%  0.00%   0 IPC Zone Manager 
  28         208        3711         56  0.00%  0.00%  0.00%   0 IPC Periodic Tim 
  29         156        3711         42  0.07%  0.00%  0.00%   0 IPC Deferred Por 
  30           0           1          0  0.00%  0.00%  0.00%   0 IPC Process leve 
  31           0           1          0  0.00%  0.00%  0.00%   0 IPC Seat Manager 
  32          12         219         54  0.00%  0.00%  0.00%   0 IPC Check Queue  
  33           0           1          0  0.00%  0.00%  0.00%   0 IPC Seat RX Cont 
  34           0           1          0  0.00%  0.00%  0.00%   0 IPC Seat TX Cont 
  35           4         383         10  0.00%  0.00%  0.00%   0 IPC Keep Alive M 
  36          12         764         15  0.00%  0.00%  0.00%   0 IPC Loadometer   
  37           4         383         10  0.00%  0.00%  0.00%   0 Compute SRP rate 
  38         212        3800         55  0.00%  0.00%  0.00%   0 EnvMon           
  39           0           1          0  0.00%  0.00%  0.00%   0 OIR Handler      
  40           0           1          0  0.00%  0.00%  0.00%   0 Crash writer     
  41           0           1          0  0.00%  0.00%  0.00%   0 Exception contro 
  42         268         738        363  0.00%  0.00%  0.00%   0 ALARM_TRIGGER_SC 
  43           4           1       4000  0.00%  0.00%  0.00%   0 CEF MIB API      
  44         344        3811         90  0.00%  0.00%  0.00%   0 GraphIt          
  45           0           1          0  0.00%  0.00%  0.00%   0 SERIAL A'detect  
  46           0           2          0  0.00%  0.00%  0.00%   0 Dialer event     
  47           0           2          0  0.00%  0.00%  0.00%   0 SMART            
  48           0           1          0  0.00%  0.00%  0.00%   0 RFS server proce 
  49           0           1          0  0.00%  0.00%  0.00%   0 Critical Bkgnd   
  50         644        1917        335  0.07%  0.04%  0.02%   0 Net Background   
  51           0           2          0  0.00%  0.00%  0.00%   0 IDB Work         
  52          60         181        331  0.00%  0.00%  0.00%   0 Logger           
  53         944        3790        249  0.00%  0.00%  0.00%   0 TTY Background   
  54          28          11       2545  0.00%  0.00%  0.00%   0 IF-MGR control p 
  55          16          18        888  0.00%  0.00%  0.00%   0 IF-MGR event pro 
  56           0           1          0  0.00%  0.00%  0.00%   0 Inode Table Dest 
  57           0           1          0  0.00%  0.00%  0.00%   0 Transport Port A 
  58           4           2       2000  0.00%  0.00%  0.00%   0 INTR MGR PROCESS 
  59       19180        1139      16839  0.39%  0.49%  0.51%   0 HC Counter Timer 
  60         880         707       1244  0.07%  0.01%  0.00%   0 EEM ED ND        
  61           0           2          0  0.00%  0.00%  0.00%   0 FEC_Link_event_h 
  62           0           1          0  0.00%  0.00%  0.00%   0 POS APS Event Pr 
  63           0           1          0  0.00%  0.00%  0.00%   0 SONET alarm time 
  64           0           2          0  0.00%  0.00%  0.00%   0 Hawkeye Backgrou 
  65           0           1          0  0.00%  0.00%  0.00%   0 CSP Timer        
  66           0           1          0  0.00%  0.00%  0.00%   0 FPD Management P 
  67           0           1          0  0.00%  0.00%  0.00%   0 FPD Action Proce 
  68           4           2       2000  0.00%  0.00%  0.00%   0 Flash MIB Update 
  69           0           1          0  0.00%  0.00%  0.00%   0 Flash Card Oir   
  70           4           1       4000  0.00%  0.00%  0.00%   0 Async write proc 
  71           0           1          0  0.00%  0.00%  0.00%   0 Async write proc 
  72           0           1          0  0.00%  0.00%  0.00%   0 Async write proc 
  73           0           1          0  0.00%  0.00%  0.00%   0 Async write proc 
  74           0          64          0  0.00%  0.00%  0.00%   0 DFS flush period 
  75          24          60        400  0.00%  0.00%  0.00%   0 AAA Server       
  76           0           1          0  0.00%  0.00%  0.00%   0 AAA ACCT Proc    
  77           0           1          0  0.00%  0.00%  0.00%   0 ACCT Periodic Pr 
  78           0           1          0  0.00%  0.00%  0.00%   0 AAA System Acct  
  79           8          64        125  0.00%  0.00%  0.00%   0 Call Home Timer  
  80           0           2          0  0.00%  0.00%  0.00%   0 AAA Dictionary R 
  81           0           1          0  0.00%  0.00%  0.00%   0 EAP Framework    
  82           0           1          0  0.00%  0.00%  0.00%   0 EAP Test         
  83           0           1          0  0.00%  0.00%  0.00%   0 HQF TUNNEL       
  84           0           2          0  0.00%  0.00%  0.00%   0 IPAM/ODAP Events 
  85        4100      115171         35  0.23%  0.18%  0.18%   0 IPAM Manager     
  86           4           2       2000  0.00%  0.00%  0.00%   0 IPAM Events      
  87           8           2       4000  0.00%  0.00%  0.00%   0 IP ARP Adjacency 
  88        3360      115169         29  0.07%  0.14%  0.15%   0 IP ARP Retry Age 
  89        2980        1916       1555  0.00%  0.13%  0.07%   0 IP Input         
  90           0           1          0  0.00%  0.00%  0.00%   0 ICMP event handl 
  91           0           3          0  0.00%  0.00%  0.00%   0 PIM register asy 
  92           4           4       1000  0.00%  0.00%  0.00%   0 TurboACL         
  93           0           2          0  0.00%  0.00%  0.00%   0 TurboACL chunk   
  94           0           1          0  0.00%  0.00%  0.00%   0 IPv6 ping proces 
  95           0           2          0  0.00%  0.00%  0.00%   0 OCE punted Pkts  
  96           0           1          0  0.00%  0.00%  0.00%   0 O-UNI Client Msg 
  97           0           1          0  0.00%  0.00%  0.00%   0 LSP Tunnel FRR   
  98           0           1          0  0.00%  0.00%  0.00%   0 MPLS Auto-Tunnel 
  99           4           1       4000  0.00%  0.00%  0.00%   0 st_pw_oam        
 100           0           1          0  0.00%  0.00%  0.00%   0 AAA EPD HANDLER  
 101           0           1          0  0.00%  0.00%  0.00%   0 PM EPD API       
 102           0           1          0  0.00%  0.00%  0.00%   0 DM Proc          
 103           0           2          0  0.00%  0.00%  0.00%   0 PPP SIP          
 104           0           2          0  0.00%  0.00%  0.00%   0 PPP Bind         
 105           0           2          0  0.00%  0.00%  0.00%   0 PPP IP Route     
 107           4           2       2000  0.00%  0.00%  0.00%   0 SSM connection m 
 108           0           2          0  0.00%  0.00%  0.00%   0 Spanning Tree    
 109           0           1          0  0.00%  0.00%  0.00%   0 VRRS             
 110           0           2          0  0.00%  0.00%  0.00%   0 CEF switching ba 
 111           0           1          0  0.00%  0.00%  0.00%   0 ADJ NSF process  
 112           0           2          0  0.00%  0.00%  0.00%   0 ATM OAM Input    
 113           4           2       2000  0.00%  0.00%  0.00%   0 ATM OAM TIMER    
 114          52          72        722  0.00%  0.00%  0.00%   0 MOP Protocols    
 115           0           1          0  0.00%  0.00%  0.00%   0 SSS Manager      
 116           0           1          0  0.00%  0.00%  0.00%   0 SSS Policy Manag 
 117           0           1          0  0.00%  0.00%  0.00%   0 SSS Feature Mana 
 118         896       14827         60  0.00%  0.04%  0.04%   0 SSS Feature Time 
 119           0           1          0  0.00%  0.00%  0.00%   0 SSS PM SHIM QOS  
 120           0           1          0  0.00%  0.00%  0.00%   0 Timer handler fo 
 121           0           1          0  0.00%  0.00%  0.00%   0 Prepaid response 
 122           0           1          0  0.00%  0.00%  0.00%   0 Timed Policy act 
 123           0           1          0  0.00%  0.00%  0.00%   0 AAA response han 
 124           0           2          0  0.00%  0.00%  0.00%   0 KRB5 AAA         
 125           0           1          0  0.00%  0.00%  0.00%   0 delayed evt hand 
 126           0           1          0  0.00%  0.00%  0.00%   0 AC Switch        
 127           0           1          0  0.00%  0.00%  0.00%   0 ISG CMD HANDLER  
 128          28         933         30  0.00%  0.00%  0.00%   0 IP Lite session  
 129           0           2          0  0.00%  0.00%  0.00%   0 IP PORTBUNDLE    
 130          20         932         21  0.00%  0.00%  0.00%   0 IP Static Sessio 
 131           0           1          0  0.00%  0.00%  0.00%   0 RADIUS Proxy     
 132           0          64          0  0.00%  0.00%  0.00%   0 FRR Background P 
 133          80          79       1012  0.00%  0.00%  0.00%   0 CEF background p 
 134           0           1          0  0.00%  0.00%  0.00%   0 fib_fib_bfd_sb e 
 135           0           1          0  0.00%  0.00%  0.00%   0 IP IRDP          
 136           0           1          0  0.00%  0.00%  0.00%   0 SNMP Timers      
 137           0           2          0  0.00%  0.00%  0.00%   0 Routing Topology 
 138         136          19       7157  0.00%  0.00%  0.00%   0 IP RIB Update    
 139          48          73        657  0.00%  0.00%  0.00%   0 IP Background    
 140         152          33       4606  0.00%  0.00%  0.00%   0 IP Connected Rou 
 141        3296        1144       2881  0.15%  0.08%  0.07%   0 CDP Protocol     
 143           0           1          0  0.00%  0.00%  0.00%   0 IP Traceroute    
 144           0           1          0  0.00%  0.00%  0.00%   0 Socket Timers    
 145           0           3          0  0.00%  0.00%  0.00%   0 Service Routing  
 146          12           6       2000  0.00%  0.00%  0.00%   0 SR CapMan Proces 
 147           0           4          0  0.00%  0.00%  0.00%   0 Flow Exporter Ti 
 148         300        1142        262  0.00%  0.02%  0.00%   0 TCP Timer        
 149         388          57       6807  0.00%  0.02%  0.00%   0 TCP Protocols    
 150           4          13        307  0.00%  0.00%  0.00%   0 HTTP CORE        
 151           0           1          0  0.00%  0.00%  0.00%   0 Tunnel FIB       
 152           0           2          0  0.00%  0.00%  0.00%   0 HQF Output Shape 
 153           0           2          0  0.00%  0.00%  0.00%   0 HQF Input Shaper 
 154        1388        5416        256  0.07%  0.06%  0.02%   0 CEF: IPv4 proces 
 155           0           2          0  0.00%  0.00%  0.00%   0 ADJ background   
 156           4           3       1333  0.00%  0.00%  0.00%   0 Collection proce 
 158           4           4       1000  0.00%  0.00%  0.00%   0 SSH Event handle 
 159           0           3          0  0.00%  0.00%  0.00%   0 MFIB Master back 
 160           4           2       2000  0.00%  0.00%  0.00%   0 Multicast Offloa 
 161           8           4       2000  0.00%  0.00%  0.00%   0 MVPN mgr Process 
 162           0           2          0  0.00%  0.00%  0.00%   0 static           
 163           0           1          0  0.00%  0.00%  0.00%   0 IPv6 RIB Cleanup 
 164           0           1          0  0.00%  0.00%  0.00%   0 IPv6 RIB Event H 
 165          16           2       8000  0.00%  0.00%  0.00%   0 VPWS Thread      
 166           4           2       2000  0.00%  0.00%  0.00%   0 LFDp Input Proc  
 167          40         378        105  0.00%  0.00%  0.00%   0 QoS stats proces 
 168           4           2       2000  0.00%  0.00%  0.00%   0 SCTP Main Proces 
 169           0           2          0  0.00%  0.00%  0.00%   0 PPP Compress Inp 
 170           0           2          0  0.00%  0.00%  0.00%   0 PPP Compress Res 
 171           0           2          0  0.00%  0.00%  0.00%   0 ADJ resolve proc 
 172           4           1       4000  0.00%  0.00%  0.00%   0 COPS             
 173           0           2          0  0.00%  0.00%  0.00%   0 Dialer Forwarder 
 174           0           1          0  0.00%  0.00%  0.00%   0 RARP Input       
 175           0           2          0  0.00%  0.00%  0.00%   0 PPP NBF          
 176         796        3780        210  0.00%  0.01%  0.00%   0 PfR BR Learn     
 177           0           1          0  0.00%  0.00%  0.00%   0 PAD InCall       
 178           0           2          0  0.00%  0.00%  0.00%   0 X.25 Background  
 179           0           1          0  0.00%  0.00%  0.00%   0 X.25 Encaps Mana 
 180        1200       37564         31  0.07%  0.08%  0.07%   0 RBSCP Background 
 181           0           1          0  0.00%  0.00%  0.00%   0 VPDN call manage 
 182           0           1          0  0.00%  0.00%  0.00%   0 XC RIB MGR       
 183           0           1          0  0.00%  0.00%  0.00%   0 ac_atm_state_eve 
 184           0           1          0  0.00%  0.00%  0.00%   0 ac_atm_mraps_hsp 
 185           0           2          0  0.00%  0.00%  0.00%   0 L2X Switching Ev 
 186           0           2          0  0.00%  0.00%  0.00%   0 IP Inband Sessio 
 187           4           1       4000  0.00%  0.00%  0.00%   0 DHCP SIP         
 188        1836         938       1957  0.00%  0.02%  0.08%   0 IP SIP Process   
 189         128          90       1422  0.00%  0.00%  0.00%   0 PMIPV6 Thread    
 190           0           2          0  0.00%  0.00%  0.00%   0 AAA Cached Serve 
 191           0           1          0  0.00%  0.00%  0.00%   0 EM Background Pr 
 192           0           1          0  0.00%  0.00%  0.00%   0 IDMGR CORE       
 193           0           1          0  0.00%  0.00%  0.00%   0 Key chain liveke 
 194          96          60       1600  0.00%  0.00%  0.00%   0 LOCAL AAA        
 195           0           3          0  0.00%  0.00%  0.00%   0 MPLS Auto Mesh P 
 197           0           2          0  0.00%  0.00%  0.00%   0 ENABLE AAA       
 198           0           2          0  0.00%  0.00%  0.00%   0 LINE AAA         
 199           4           2       2000  0.00%  0.00%  0.00%   0 TPLUS            
 200          40           2      20000  0.00%  0.00%  0.00%   0 NIST rng proc    
 201         548        7398         74  0.00%  0.00%  0.00%   0 Timer Library    
 202           0           2          0  0.00%  0.00%  0.00%   0 Crypto Support   
 203           0           1          0  0.00%  0.00%  0.00%   0 IPSECv6 PS Proc  
 204        1096          50      21920  0.00%  0.00%  0.00%   0 crypto engine pr 
 205        2824           4     706000  0.00%  0.00%  0.00%   0 Crypto CA        
 206           0           1          0  0.00%  0.00%  0.00%   0 Crypto PKI-CRL   
 207           0           1          0  0.00%  0.00%  0.00%   0 encrypt proc     
 208         572          64       8937  0.00%  0.00%  0.00%   0 crypto sw pk pro 
 209           0           1          0  0.00%  0.00%  0.00%   0 QOS PERUSER      
 210           0           2          0  0.00%  0.00%  0.00%   0 GDOI GM Process  
 211           0           1          0  0.00%  0.00%  0.00%   0 UNICAST REKEY    
 212           0           1          0  0.00%  0.00%  0.00%   0 UNICAST REKEY AC 
 213           0           3          0  0.00%  0.00%  0.00%   0 CRYPTO MAP FREE  
 214           0           1          0  0.00%  0.00%  0.00%   0 Crypto INT       
 215           0           2          0  0.00%  0.00%  0.00%   0 Crypto IKE Dispa 
 216           4           3       1333  0.00%  0.00%  0.00%   0 Crypto IKMP      
 217           0           1          0  0.00%  0.00%  0.00%   0 IPSEC manual key 
 218          36         193        186  0.00%  0.00%  0.00%   0 IPSEC key engine 
 219           0           1          0  0.00%  0.00%  0.00%   0 Crypto ACL       
 220           0           1          0  0.00%  0.00%  0.00%   0 Crypto PAS Proc  
 221           0           1          0  0.00%  0.00%  0.00%   0 IPSec background 
 222         884        3813        231  0.07%  0.02%  0.01%   0 Crypto IKEv2     
 223           0           1          0  0.00%  0.00%  0.00%   0 IKEv2 AAA handle 
 224          44          30       1466  0.00%  0.00%  0.00%   0 AAA SEND STOP EV 
 225           0           1          0  0.00%  0.00%  0.00%   0 Test AAA Client  
 226         140         111       1261  0.00%  0.00%  0.00%   0 EEM ED Syslog    
 227          40          16       2500  0.00%  0.00%  0.00%   0 EEM ED Generic   
 228          16           4       4000  0.00%  0.00%  0.00%   0 EEM ED Track     
 229           8           4       2000  0.00%  0.00%  0.00%   0 EEM ED Routing   
 230           8           4       2000  0.00%  0.00%  0.00%   0 EEM ED Resource  
 232           0           1          0  0.00%  0.00%  0.00%   0 Syslog Traps     
 233           4         383         10  0.00%  0.00%  0.00%   0 RMON Recycle Pro 
 234           4           2       2000  0.00%  0.00%  0.00%   0 RMON Deferred Se 
 236         320        3781         84  0.07%  0.00%  0.00%   0 cerf_daemon_proc 
 237        6660      233175         28  0.55%  0.43%  0.40%   0 ISG MIB jobs Man 
 238           0           1          0  0.00%  0.00%  0.00%   0 IKEv2 FlexVPN Pr 
 239         184          61       3016  0.00%  0.00%  0.00%   0 EEM Server       
 240          28           3       9333  0.00%  0.00%  0.00%   0 Call Home proces 
 241           4           3       1333  0.00%  0.00%  0.00%   0 EEM Policy Direc 
 243          16           4       4000  0.00%  0.00%  0.00%   0 EEM ED CLI       
 244          12           4       3000  0.00%  0.00%  0.00%   0 EEM ED Counter   
 245          12           4       3000  0.00%  0.00%  0.00%   0 EEM ED Interface 
 246          16           4       4000  0.00%  0.00%  0.00%   0 EEM ED IOSWD     
 247          12           4       3000  0.00%  0.00%  0.00%   0 EEM ED None      
 248          20           4       5000  0.00%  0.00%  0.00%   0 EEM ED OIR       
 249           0           1          0  0.00%  0.00%  0.00%   0 Inter Chassis Pr 
 250          12           4       3000  0.00%  0.00%  0.00%   0 EEM ED SNMP      
 251          16           4       4000  0.00%  0.00%  0.00%   0 EEM ED SNMP Obje 
 252          16           4       4000  0.00%  0.00%  0.00%   0 EEM ED SNMP Noti 
 253          24          68        352  0.00%  0.00%  0.00%   0 EEM ED Timer     
 254           8           4       2000  0.00%  0.00%  0.00%   0 EEM ED Test      
 255          12           4       3000  0.00%  0.00%  0.00%   0 EEM ED Config    
 256           8           4       2000  0.00%  0.00%  0.00%   0 EEM ED Env       
 258          12           4       3000  0.00%  0.00%  0.00%   0 EEM ED Nf        
 259          12           4       3000  0.00%  0.00%  0.00%   0 EEM ED Ipsla     
 260         168          93       1806  0.00%  0.00%  0.00%   0 Syslog           
 261          12           4       3000  0.00%  0.00%  0.00%   0 EEM ED RPC       
 262           4           1       4000  0.00%  0.00%  0.00%   0 RMON Packets     
 263           0           1          0  0.00%  0.00%  0.00%   0 IP SLAs Ethernet 
 264           4          29        137  0.00%  0.00%  0.00%   0 Net Input        
 265       22840        1323      17263  0.63%  0.59%  0.63%   0 Compute load avg 
 266         252         127       1984  0.00%  0.00%  0.00%   0 Per-minute Jobs  
 267         876        3818        229  0.15%  0.17%  0.16%   0 Per-Second Jobs  
 268           0           2          0  0.00%  0.00%  0.00%   0 MRIB Process     
 269          68          49       1387  0.00%  0.00%  0.00%   0 EEM Helper Threa 
 271          92           4      23000  0.00%  0.00%  0.00%   0 EIGRP-IPv4       
 272         104         823        126  0.00%  0.00%  0.00%   0 EIGRP-IPv4 Hello

------------------ show process cpu history ------------------

                                                                  
                                                                  
                                                                  
      22222222222222244444                    22222               
      888889999988888222222222233333222226666633333222222222244444
  100                                                           
   90                                                           
   80                                                           
   70                                                           
   60                                                           
   50                                                           
   40                *****                                      
   30 ********************                                      
   20 ********************                    *****             
   10 ********************               **********             
     0....5....1....1....2....2....3....3....4....4....5....5....6
               0    5    0    5    0    5    0    5    0    5    0
               CPU% per second (last 60 seconds)

                                                                  
                                                                  
                                                                  
      21224244234124423342242221322222123124441122111222 422414122
      594303115718212288124254073785636448502356747781174166181996
  100                                                           
   90                                                           
   80                                                           
   70                                                           
   60                                                           
   50                                                           
   40     * ** **  ** ***  *               ***           *  * * 
   30 *   * *****  ** ***  **   *****   * ****  *      * **** * 
   20 ************************************************** *******
   10 #*#*#*##*##**##*####*#****###*#*###*####*******#** #*##*#*
     0....5....1....1....2....2....3....3....4....4....5....5....6
               0    5    0    5    0    5    0    5    0    5    0
               CPU% per minute (last 60 minutes)
              * = maximum CPU%   # = average CPU%

                                                                              
                                                                              
                                                                              
      5                                                                       
      8                                                                       
  100                                                                       
   90                                                                       
   80                                                                       
   70                                                                       
   60 *                                                                     
   50 *                                                                     
   40 *                                                                     
   30 *                                                                     
   20 *                                                                     
   10 #                                                                     
     0....5....1....1....2....2....3....3....4....4....5....5....6....6....7..
               0    5    0    5    0    5    0    5    0    5    0    5    0  
                   CPU% per hour (last 72 hours)
                  * = maximum CPU%   # = average CPU%



DEBUG:netmiko:read_channel: 
DEBUG:netmiko:read_channel: 
DEBUG:netmiko:read_channel: 
DEBUG:netmiko:read_channel: 
DEBUG:netmiko:read_channel: 
DEBUG:netmiko:read_channel: 
DEBUG:netmiko:read_channel: 
------------------ show file systems ------------------


File Systems:

       Size(b)       Free(b)      Type  Flags  Prefixes
             -             -    opaque     rw   system:
             -             -    opaque     rw   tmpsys:
             -             -    opaque     rw   null:
             -             -    opaque     ro   tar:
             -             -   network     rw   tftp:
             -             -    opaque     wo   syslog:
        522232        513841     nvram     rw   nvram:
*        55296         55296      disk     rw   disk0:
             -             -      disk     rw   disk1:
             -             -     flash     rw   slot0: flash:
             -             -     flash     rw   slot1:
             -             -     flash     rw   bootflash:
             -             -   network     rw   rcp:
             -             -   network     rw   pram:
             -             -   network     rw   ftp:
             -             -   network     rw   http:
             -             -   network     rw   scp:
             -             -   network     rw   https:
             -             -    opaque     ro   cns:


------------------ show file descriptors ------------------


File Descriptors:

  No open file descriptors


------------------ dir nvram: ------------------


Directory of nvram:/

  510  -rw-        3754                    <no date>  startup-config
  511  ----        3561                    <no date>  private-config
  512  -rw-        3754                    <no date>  underlying-config
    1  ----          69                    <no date>  persistent-data

522232 bytes total (513841 bytes free)

------------------ show disk0: all ------------------


No files on device

55296 bytes available (0 bytes used)

******** ATA Flash Card Geometry/Format Info ********

ATA CARD GEOMETRY
   Manufacturer Name      Dynamips ATA Flash Card  
   Model Number           
   Serial Number          
   Firmware Revision      
   Number of Heads        4     
   Number of Cylinders    320   
   Sectors per Cylinder   32    
   Sector Size            512   
   Total Sectors          40960 

ATA PARTITION 1 INFO
   Start Sector           32    
   Number of Sectors      40928 
   Size in Bytes          20955136
   File System Type       FAT16
   Number of FAT Sectors  40    
   Sectors Per Cluster    4     
   Number of Clusters     27    
   Number of Data Sectors 108   
   Base FAT Sector        1     
   Base Root Sector       81    
   Base Data Sector       113   

ATA MONLIB INFO
   Image Monlib size      125488
   Disk Monlib Size       NA
   Disk Space Available   NA
   Name                   NA
   End Sector             NA
   Start sector           NA
   Updated By             NA
   Version                NA
   Monlib Version         0     
   Monlib Params Version  0     


------------------ show controllers t1 ------------------



------------------ show controllers e1 ------------------



------------------ show ip nbar version ------------------




NBAR software version:  13

1   base                             Mv: 6
2   ftp                              Mv: 7
      Iv:                             smtp - 2
      Iv:                          gridftp - 1
3   http                             Mv: 20
      Iv:                          youtube - 6
      Iv:                    msn-messenger - 3
      Iv:                  yahoo-messenger - 3
      Iv:                      flash-video - 2
      Iv:                       flashyahoo - 2
      Iv:                     flashmyspace - 2
      Iv:                  audio-over-http - 2
      Iv:                 binary-over-http - 2
      Iv:                  video-over-http - 2
      Iv:                              irc - 2
      Iv:                         babelgum - 1
      Iv:                           itunes - 1
      Iv:                            sling - 1
      Iv:                     google-earth - 1
      Iv:                      baidu-movie - 1
      Iv:                            pando - 1
      Iv:                          napster - 1
      Iv:                         songsari - 1
      Iv:                       webthunder - 1
      Iv:                          sopcast - 3
      Iv:                      tunnel-http - 1
      Iv:                         soribada - 2
      Iv:                              icq - 1
      Iv:                            skype - 5
      Iv:                          edonkey - 7
      Iv:                    directconnect - 5
      Iv:                         gnutella - 7
      Iv:                        ms-update - 1
      Iv:                             rtsp - 9
      Iv:                          netflix - 1
      Iv:                        megavideo - 1
      Iv:                       bittorrent - 5
      Iv:                              tor - 1
      Iv:                            gmail - 1
      Iv:                            gtalk - 1
      Iv:                       gtalk-voip - 1
      Iv:                      gtalk-video - 1
      Iv:                       activesync - 1
      Iv:                         rhapsody - 1
      Iv:                            fring - 1
      Iv:                            rtmpt - 1
      Iv:                      livestation - 1
      Iv:                       secondlife - 1
      Iv:                         vnc-http - 1
      Iv:                      share-point - 1
      Iv:                    ms-office-365 - 1
      Iv:                           ms-sms - 1
      Iv:                        ghostsurf - 1
      Iv:                         gotomypc - 1
      Iv:                    adobe-connect - 1
      Iv:                        realmedia - 1
4   static                           Mv: 6
5   socks                            Mv: 3
6   nntp                             Mv: 2
      Iv:                  yahoo-messenger - 3
7   tftp                             Mv: 2
8   ms-rpc                           Mv: 2
      Iv:                         exchange - 4
      Iv:                      ms-netlogon - 1
      Iv:                       ms-win-dns - 1
      Iv:                           ms-iis - 1
      Iv:                 active-directory - 1
9   exchange                         Mv: 4
      Iv:                           ms-rpc - 2
10  vdolive                          Mv: 1
11  sqlnet                           Mv: 2
12  oracle-sqlnet                    Mv: 2
13  netshow                          Mv: 3
14  sunrpc                           Mv: 3
      Iv:                              nfs - 1
      Iv:                        clearcase - 1
15  nfs                              Mv: 1
16  streamwork                       Mv: 2
17  citrix                           Mv: 12
18  fasttrack                        Mv: 3
19  gnutella                         Mv: 7
      Iv:                             http - 20
20  kazaa2                           Mv: 11
21  dhcp                             Mv: 1
22  rtsp                             Mv: 9
      Iv:                          youtube - 6
23  webex-meeting                    Mv: 1
      Iv:                              ssl - 1
24  rtp                              Mv: 8
      Iv:                         stun-nat - 1
25  mgcp                             Mv: 2
26  skinny                           Mv: 3
      Iv:                      cisco-phone - 4
27  sip                              Mv: 5
      Iv:                      cisco-phone - 4
      Iv:             telepresence-control - 4
      Iv:              yahoo-voip-over-sip - 1
      Iv:                       secondlife - 1
28  rtcp                             Mv: 5
      Iv:             telepresence-control - 4
      Iv:                         stun-nat - 1
29  edonkey                          Mv: 7
      Iv:                             http - 20
30  winmx                            Mv: 5
31  bittorrent                       Mv: 5
      Iv:                          blizwow - 2
      Iv:                            socks - 3
      Iv:                             http - 20
32  directconnect                    Mv: 5
      Iv:                             http - 20
33  hl7                              Mv: 3
34  fix                              Mv: 3
      Iv:                              ssl - 1
35  msn-messenger                    Mv: 3
      Iv:                             http - 20
      Iv:                           ms-wbt - 1
      Iv:                            socks - 3
36  ms-live-accounts                 Mv: 1
37  dicom                            Mv: 4
38  yahoo-messenger                  Mv: 3
      Iv:                             http - 20
      Iv:                             nntp - 2
      Iv:                            socks - 3
39  mapi                             Mv: 3
40  aol-messenger                    Mv: 2
      Iv:                            socks - 3
      Iv:                              ssl - 1
      Iv:                             http - 20
41  cifs                             Mv: 2
42  cisco-phone                      Mv: 4
      Iv:                              sip - 5
      Iv:                           skinny - 3
      Iv:             telepresence-control - 4
43  youtube                          Mv: 6
      Iv:                             http - 20
      Iv:                             rtsp - 9
44  realmedia                        Mv: 1
      Iv:                             http - 20
      Iv:                             rtsp - 9
45  imap                             Mv: 1
46  pop3                             Mv: 1
47  irc                              Mv: 2
      Iv:                             http - 20
48  skype                            Mv: 5
      Iv:                             http - 20
      Iv:                              dns - 1
49  blizwow                          Mv: 2
      Iv:                       bittorrent - 5
50  telepresence-media               Mv: 3
51  telepresence-control             Mv: 4
      Iv:                             rtcp - 5
      Iv:                      cisco-phone - 4
      Iv:                              sip - 5
52  zattoo                           Mv: 3
53  sopcast                          Mv: 3
      Iv:                             http - 20
54  flash-video                      Mv: 2
      Iv:                             http - 20
55  flashyahoo                       Mv: 2
      Iv:                             http - 20
56  flashmyspace                     Mv: 2
      Iv:                             http - 20
57  audio-over-http                  Mv: 2
      Iv:                             http - 20
58  binary-over-http                 Mv: 2
      Iv:                             http - 20
59  video-over-http                  Mv: 2
      Iv:                             http - 20
60  my-jabber-ft                     Mv: 1
61  ayiya-ipv6-tunneled              Mv: 1
62  filetopia                        Mv: 1
63  guruguru                         Mv: 1
64  manolito                         Mv: 1
65  radius                           Mv: 1
66  teamspeak                        Mv: 1
67  soribada                         Mv: 2
      Iv:                             http - 20
68  dht                              Mv: 1
69  pptp                             Mv: 2
70  ntp                              Mv: 1
71  poco                             Mv: 2
72  ventrilo                         Mv: 1
73  tomatopang                       Mv: 1
74  maplestory                       Mv: 1
75  itunes                           Mv: 1
      Iv:                             http - 20
76  napster                          Mv: 1
      Iv:                             http - 20
77  sling                            Mv: 1
      Iv:                             http - 20
78  google-earth                     Mv: 1
      Iv:                             http - 20
79  baidu-movie                      Mv: 1
      Iv:                             http - 20
80  pando                            Mv: 1
      Iv:                             http - 20
81  webthunder                       Mv: 1
      Iv:                             http - 20
82  babelgum                         Mv: 1
      Iv:                             http - 20
83  songsari                         Mv: 1
      Iv:                             http - 20
84  tunnel-http                      Mv: 1
      Iv:                             http - 20
85  teredo-ipv6-tunneled             Mv: 1
86  sixtofour-ipv6-tunneled          Mv: 1
      Iv:             isatap-ipv6-tunneled - 1
87  isatap-ipv6-tunneled             Mv: 1
      Iv:          sixtofour-ipv6-tunneled - 1
88  fring                            Mv: 1
      Iv:                             http - 20
89  fring-voip                       Mv: 1
      Iv:                      fring-video - 1
90  fring-video                      Mv: 1
      Iv:                       fring-voip - 1
91  waste                            Mv: 1
92  kuro                             Mv: 1
93  smtp                             Mv: 2
94  icq                              Mv: 1
      Iv:                             http - 20
95  soulseek                         Mv: 1
96  yahoo-voip-messenger             Mv: 2
      Iv:                              rtp - 8
97  yahoo-voip-over-sip              Mv: 1
      Iv:                              sip - 5
98  aol-protocol                     Mv: 1
      Iv:                    aol-messenger - 2
99  ipsec                            Mv: 1
100  isakmp                           Mv: 1
101  ppstream                         Mv: 1
102  rtmp                             Mv: 1
103  rtmpe                            Mv: 1
104  rtmpt                            Mv: 1
      Iv:                             http - 20
105  dns                              Mv: 1
      Iv:                       tcpoverdns - 1
      Iv:                            skype - 5
106  windows-update                   Mv: 1
107  encrypted-emule                  Mv: 1
108  networking-gnutella              Mv: 1
109  encrypted-bittorrent             Mv: 1
110  ms-wbt                           Mv: 1
      Iv:                    msn-messenger - 3
111  gmail                            Mv: 1
      Iv:                             http - 20
      Iv:                              ssl - 1
112  openvpn                          Mv: 1
      Iv:                              ssl - 1
113  ssl                              Mv: 1
      Iv:                              fix - 3
      Iv:                    webex-meeting - 1
      Iv:                          netflix - 1
      Iv:                            gmail - 1
      Iv:                      livemeeting - 1
      Iv:                      livestation - 1
      Iv:                              dmp - 1
      Iv:                         rhapsody - 1
      Iv:                       secondlife - 1
      Iv:                 ms-live-accounts - 1
      Iv:                  google-accounts - 1
      Iv:                 active-directory - 1
      Iv:                          sip-tls - 1
      Iv:                    ms-office-365 - 1
      Iv:                            pcoip - 1
      Iv:                      vmware-view - 1
      Iv:                          openvpn - 1
      Iv:                        ms-update - 1
      Iv:                            mysql - 1
      Iv:                         gotomypc - 1
      Iv:                        ghostsurf - 1
      Iv:                    adobe-connect - 1
      Iv:                    aol-messenger - 2
      Iv:                      share-point - 1
      Iv:                        realmedia - 1
114  ghostsurf                        Mv: 1
      Iv:                             http - 20
115  netflix                          Mv: 1
      Iv:                             http - 20
      Iv:                              ssl - 1
116  megavideo                        Mv: 1
      Iv:                             http - 20
117  stun-nat                         Mv: 1
118  viber                            Mv: 1
119  cisco-ip-camera                  Mv: 1
      Iv:                             rtsp - 9
120  livestation                      Mv: 1
      Iv:                             http - 20
      Iv:                             rtmp - 1
      Iv:                              ssl - 1
121  gridftp                          Mv: 1
122  winny                            Mv: 1
123  livemeeting                      Mv: 1
      Iv:                              ssl - 1
      Iv:                         stun-nat - 1
124  tor                              Mv: 1
      Iv:                             http - 20
      Iv:                              ssl - 1
125  xmpp-client                      Mv: 1
126  gtalk-chat                       Mv: 1
      Iv:                      xmpp-client - 1
127  gtalk                            Mv: 1
      Iv:                             http - 20
      Iv:                         stun-nat - 1
      Iv:                      gtalk-video - 1
      Iv:                       gtalk-voip - 1
      Iv:                         gtalk-ft - 1
128  gtalk-voip                       Mv: 1
      Iv:                             http - 20
      Iv:                         stun-nat - 1
      Iv:                            gtalk - 1
129  gtalk-ft                         Mv: 1
      Iv:                         stun-nat - 1
      Iv:                            gtalk - 1
130  gtalk-video                      Mv: 1
      Iv:                             http - 20
      Iv:                         stun-nat - 1
      Iv:                            gtalk - 1
131  steam                            Mv: 1
132  ping                             Mv: 1
133  exec                             Mv: 1
134  login                            Mv: 1
135  shell                            Mv: 1
136  netapp-snapmirror                Mv: 1
137  ms-iis                           Mv: 1
      Iv:                           ms-rpc - 2
138  ms-win-dns                       Mv: 1
      Iv:                           ms-rpc - 2
139  ms-netlogon                      Mv: 1
      Iv:                           ms-rpc - 2
140  ms-sms                           Mv: 1
      Iv:                             http - 20
      Iv:                        ms-update - 1
141  perforce                         Mv: 1
142  vnc                              Mv: 1
143  vnc-http                         Mv: 1
      Iv:                             http - 20
144  secondlife                       Mv: 1
      Iv:                              ssl - 1
      Iv:                             http - 20
      Iv:                              sip - 5
145  msn-messenger-filetransfer       Mv: 1
146  icq-filetransfer                 Mv: 1
147  tcpoverdns                       Mv: 1
      Iv:                              dns - 1
148  msn-messenger-video              Mv: 1
      Iv:                         stun-nat - 1
      Iv:                              rtp - 8
149  share-point                      Mv: 1
      Iv:                             http - 20
      Iv:                              ssl - 1
150  sip-tls                          Mv: 1
      Iv:                              ssl - 1
151  activesync                       Mv: 1
      Iv:                             http - 20
152  rhapsody                         Mv: 1
      Iv:                             http - 20
      Iv:                             rtmp - 1
      Iv:                              ssl - 1
153  ip-messenger                     Mv: 1
154  capwap-control                   Mv: 1
      Iv:                      capwap-data - 1
155  capwap-data                      Mv: 1
      Iv:                   capwap-control - 1
156  dmp                              Mv: 1
      Iv:                              ssl - 1
157  netbios-ns                       Mv: 1
158  ldap                             Mv: 1
159  active-directory                 Mv: 1
      Iv:                           ms-rpc - 2
      Iv:                             cifs - 2
      Iv:                             ldap - 1
      Iv:                              ssl - 1
160  google-accounts                  Mv: 1
161  ms-office-365                    Mv: 1
      Iv:                             http - 20
      Iv:                              ssl - 1
162  teamviewer                       Mv: 1
163  pcanywhere                       Mv: 1
164  snmp                             Mv: 1
165  vmware-vmotion                   Mv: 1
166  pcoip                            Mv: 1
      Iv:                              ssl - 1
167  vmware-view                      Mv: 1
      Iv:                              ssl - 1
168  gotomypc                         Mv: 1
      Iv:                             http - 20
      Iv:                              ssl - 1
169  kerberos                         Mv: 1
170  clearcase                        Mv: 1
171  ms-update                        Mv: 1
      Iv:                              ssl - 1
      Iv:                             http - 20
      Iv:                           ms-sms - 1
172  mysql                            Mv: 1
      Iv:                              ssl - 1
173  sqlserver                        Mv: 1
      Iv:                             cifs - 2
174  adobe-connect                    Mv: 1
      Iv:                             rtmp - 1
      Iv:                              ssl - 1
      Iv:                             http - 20
175  aol-messenger-audio              Mv: 1
      Iv:                              rtp - 8
176  aol-messenger-video              Mv: 1
      Iv:              aol-messenger-audio - 1
      Iv:                              rtp - 8
      Iv:                             http - 20
      Iv:                         stun-nat - 1
      Iv:                             rtmp - 1
177  aol-messenger-ft                 Mv: 1
      Iv:              aol-messenger-audio - 1
178  ms-sql-m                         Mv: 1
179  hopopt                           Mv: 1
180  ipv6-frag                        Mv: 1
181  ipv6-nonxt                       Mv: 1
182  ipv6-opts                        Mv: 1
183  ipv6-route                       Mv: 1
184  oscar-filetransfer               Mv: 1
      Iv:              aol-messenger-audio - 1
185  iana                             Mv: 1
186  custom-protocols                 Mv: 1
187  attribute                        Mv: 1


{<No.>}<PDLM name> Mv: <PDLM Version>, {Nv: <NBAR Software Version>; <File name>}
            {Iv: <PDLM Interdependency Name>   - <PDLM Interdependency Version>}


------------------ show crypto key mypubkey rsa ------------------

% Key pair was generated at: 20:39:08 UTC Jul 23 2020
Key name: CAMP-2.gns3.lab
Key type: RSA KEYS
 Storage Device: private-config
 Usage: General Purpose Key
 Key is not exportable. Redundancy enabled.
 Key Data:
  30820122 300D0609 2A864886 F70D0101 01050003 82010F00 3082010A 02820101 
  00E052CE 35D95154 4A724356 C1C23144 F48FAD6D C333F991 C1780F5C 20932E0E 
  02A4505F F89FDE9D D6BD8C56 AA0D0D5F F2699C6A 87B9F594 A54DA30B 21279E0D 
  049A8225 9CC1BD64 BB555FED 9DC5AAD0 D968C069 0FDCF385 4F87A901 C43A924F 
  2F8978BB 7172D036 DEAD8D59 2F5108D5 47EFA3AB 93A689E0 25E2464A F585D07C 
  47E8A897 35FEC98A 40E2D248 A132EA2F FE04CC82 9BD4DD8A 22C33996 CAB41185 
  87350853 2F046835 67DADDA8 EA62EA45 41790595 4A629C12 919966F5 D81EDB17 
  73147C27 1DB2C0DD CCEAB56C AAA91548 C56AFB94 89B203A8 02FE1D73 ED73FDF8 
  59FABE72 C3472438 DCFF7710 CF73163A FFEBFE0C 8E886D6F F0098E3E A476DFA9 
  21020301 0001
% Key pair was generated at: 20:44:04 UTC Aug 24 2020
Key name: CAMP-2.gns3.lab.server
Key type: RSA KEYS
Temporary key
 Usage: Encryption Key
 Key is not exportable. Redundancy enabled.
 Key Data:
  307C300D 06092A86 4886F70D 01010105 00036B00 30680261 00ABE2BF FAE058C3 
  C28ABB62 05786C9D C9303C16 04EA4724 95B0CBDA 9525CB8E 7635B8D9 56837471 
  E73E53DB 175A4082 652849B4 A5A838A1 E4ECCE2E 4674A7C3 C9B3D2DC 12055032 
  3A1B92C9 AF7ABE21 7467DDF8 B0557A39 84943184 20B74713 FB020301 0001

------------------ show crypto call admission statistics ------------------

---------------------------------------------------------------------
               Crypto Call Admission Control Statistics
---------------------------------------------------------------------
System Resource Limit:        0 Max IKE SAs:     0 Max in nego:  1000
Total IKE SA Count:           0 active:          0 negotiating:     0
Incoming IKE Requests:        0 accepted:        0 rejected:        0
Outgoing IKE Requests:        0 accepted:        0 rejected:        0
Rejected IKE Requests:        0 rsrc low:        0 Active SA limit: 0
                                                   In-neg SA limit: 0
IKE packets dropped at dispatch:        0

Max IPSEC SAs:     0
Total IPSEC SA Count:           0 active:          0 negotiating:     0
Incoming IPSEC Requests:        0 accepted:        0 rejected:        0
Outgoing IPSEC Requests:        0 accepted:        0 rejected:        0

Phase1.5 SAs under negotiation:         0 


------------------ show inventory ------------------

NAME: "Chassis", DESCR: "Cisco 7206VXR, 6-slot chassis"
PID: CISCO7206VXR      , VID:    , SN: 4279256517 

NAME: "NPE400 0", DESCR: "Cisco 7200VXR Network Processing Engine NPE-400"
PID: NPE-400           , VID:    , SN: 11111111   

NAME: "module 0", DESCR: "I/O FastEthernet (TX-ISL)"
PID: C7200-IO-FE-MII/RJ, VID:    , SN: 4294967295 

NAME: "disk0", DESCR: "Cisco 7200 I/O PCMCIA Flash Disk, 48M"
PID: MEM-I/O-FLD48M    , VID:    , SN:            

NAME: "module 1", DESCR: "Dual Port FastEthernet (RJ45)"
PID: PA-2FE-FX         , VID:    , SN: XXX00000000

NAME: "module 2", DESCR: "Dual Port FastEthernet (RJ45)"
PID: PA-2FE-FX         , VID:    , SN: XXX00000000

NAME: "module 3", DESCR: "Dual Port FastEthernet (RJ45)"
PID: PA-2FE-FX         , VID:    , SN: XXX00000000

NAME: "Power Supply 0", DESCR: "Cisco 7200 AC Power Supply"
PID: PWR-7200-AC       , VID:    , SN:            

NAME: "Power Supply 1", DESCR: "Cisco 7200 AC Power Supply"
PID: PWR-7200-AC       , VID:    , SN:            



DEBUG:netmiko:read_channel: 
DEBUG:netmiko:read_channel: 
DEBUG:netmiko:read_channel: 
DEBUG:netmiko:read_channel: 
DEBUG:netmiko:read_channel: 
DEBUG:netmiko:read_channel: 
DEBUG:netmiko:read_channel: 
DEBUG:netmiko:read_channel: 
DEBUG:netmiko:read_channel: 
DEBUG:netmiko:read_channel: 
DEBUG:netmiko:read_channel: 
DEBUG:netmiko:read_channel: 
DEBUG:netmiko:read_channel: 
------------------ show memory statistics ------------------


                Head    Total(b)     Used(b)     Free(b)   Lowest(b)  Largest(b)
Processor   6558E400   396826796    54099544   342727252   341691220   329717932
      I/O    E000000    33554432     5806756    27747676    27739684    27730076
Transient   7D000000    16777216      212024    16565192    16565192    16565160

------------------ show process memory ------------------


Processor Pool Total:  396826796 Used:   54099296 Free:  342727500
      I/O Pool Total:   33554432 Used:    5806480 Free:   27747952
Transient Pool Total:   16777216 Used:     212016 Free:   16565200

 PID TTY  Allocated      Freed    Holding    Getbufs    Retbufs Process
   0   0   92716024   38329688   51880276        391        110 *Init*          
   0   0      12052     407304      12052          0          0 *Sched*         
   0   0   31194284   30246716     852964         19         19 *Dead*          
   0   0          0          0     394968          0          0 *MallocLite*    
   1   0      75640          0      82904          0          0 Chunk Manager   
   2   0        240        240       4264          0          0 Load Meter      
   3   0          0          0      10128          0          0 BGP Scheduler   
   4   0          0          0       7264          0          0 RO Notify Timers
   5   0       4704        240      11728          0          0 Check heaps     
   6   0    4335792    4325120      85516         49          0 Pool Manager    
   7   0          0          0       7264          0          0 DiscardQ Backgro
   8   0        240        240       7264          0          0 Timers          
   9   0          0          0       4264          0          0 WATCH_AFS       
  10   0      21408       1356      27316         47         47 ARP Input       
  11   0       9152       9152       7264         10         10 ARP Background  
  12   0        240        240       7264          0          0 ATM Idle Timer  
  13   0          0          0       7264          0          0 ATM ASYNC PROC  
  14   0          0          0       7264          0          0 AAA_SERVER_DEADT
  15   0          0          0      13264          0          0 Policy Manager  
  16   0      17736          0      25000         42         42 Entity MIB API  
  17   0       2948        240       9972          0          0 PrstVbl         
  18   0        240        240       7264          0          0 Serial Backgroun
  19   0          0          0       4264          0          0 RMI RM Notify Wa
  20   0        240        240       7264          0          0 DDR Timers      
  21   0        240        240      10264          0          0 ATM AutoVC Perio
  22   0        240        240       7264          0          0 ATM VC Auto Crea
  23   0          0          0       7264          0          0 IPC Event Notifi
  24   0          0          0       7264          0          0 IPC Mcast Pendin
  25   0          0          0       7264          0          0 IPC Dynamic Cach
  26   0          0          0       7264          0          0 IPC Service NonC
  27   0          0          0       7264          0          0 IPC Zone Manager
  28   0          0          0       7264          0          0 IPC Periodic Tim
  29   0          0          0       7264          0          0 IPC Deferred Por
  30   0          0          0       7264          0          0 IPC Process leve
  31   0       2104          0       9368          0          0 IPC Seat Manager
  32   0          0          0       7264          0          0 IPC Check Queue 
  33   0          0          0       7264          0          0 IPC Seat RX Cont
  34   0          0          0       7264          0          0 IPC Seat TX Cont
  35   0          0          0       7264          0          0 IPC Keep Alive M
  36   0          0          0       7264          0          0 IPC Loadometer  
  37   0          0          0       7264          0          0 Compute SRP rate
  38   0      10052          0      17316          4          4 EnvMon          
  39   0          0          0       7264          0          0 OIR Handler     
  40   0          0          0      25264          0          0 Crash writer    
  41   0        352          0       7616          0          0 Exception contro
  42   0          0          0       7264          0          0 ALARM_TRIGGER_SC
  43   0          0          0       7264          0          0 CEF MIB API     
  44   0        240        240       7264          0          0 GraphIt         
  45   0          0          0       7264          0          0 SERIAL A'detect 
  46   0        240        240      13264          0          0 Dialer event    
  47   0        240        240       7264          0          0 SMART           
  48   0          0          0      13264          0          0 RFS server proce
  49   0          0          0       7264          0          0 Critical Bkgnd  
  50   0     171156        624     114776       1204       1204 Net Background  
  51   0       1976       1976      13264          0          0 IDB Work        
  52   0        240        240      13264        215        215 Logger          
  53   0        240        240       7264          0          0 TTY Background  
  54   0        740          0       8004          0          0 IF-MGR control p
  55   0          0          0       7264          0          0 IF-MGR event pro
  56   0          0          0       4264          0          0 Inode Table Dest
  57   0          0          0       7264          0          0 Transport Port A
  58   0        240        240      13264          0          0 INTR MGR PROCESS
  59   0          0          0       7264          0          0 HC Counter Timer
  60   0     170652    1214864     174928          0          0 EEM ED ND       
  61   0        240        240       7264          0          0 FEC_Link_event_h
  62   0          0          0       7264          0          0 POS APS Event Pr
  63   0          0          0       7264          0          0 SONET alarm time
  64   0        240        240       7264          0          0 Hawkeye Backgrou
  65   0          0          0       7264          0          0 CSP Timer       
  66   0          0          0       7264          0          0 FPD Management P
  67   0          0          0       7264          0          0 FPD Action Proce
  68   0       4568       4568       7684          0          0 Flash MIB Update
  69   0          0          0       4264          0          0 Flash Card Oir  
  70   0        240          0       4504          0          0 Async write proc
  71   0        240          0       4504          0          0 Async write proc
  72   0        240          0       4504          0          0 Async write proc
  73   0        240          0       4504          0          0 Async write proc
  74   0          0          0       4264          0          0 DFS flush period
  75   0      16832        240      23856          0          0 AAA Server      
  76   0          0          0       7264          0          0 AAA ACCT Proc   
  77   0      49384          0      56648          0          0 ACCT Periodic Pr
  78   0          0          0       7264          0          0 AAA System Acct 
  79   0          0          0       7304          0          0 Call Home Timer 
  80   0        240        240       7264          0          0 AAA Dictionary R
  81   0          0          0       7264          0          0 EAP Framework   
  82   0          0          0       7264          0          0 EAP Test        
  83   0          0          0      10264          0          0 HQF TUNNEL      
  84   0        240        240       7264          0          0 IPAM/ODAP Events
  85   0      49412          0      62676          0          0 IPAM Manager    
  86   0        240        240      13264          0          0 IPAM Events     
  87   0       4268          0      17532          0          0 IP ARP Adjacency
  88   0      33056          0      40320          0          0 IP ARP Retry Age
  89   0      48372      31692      14932       3294       3292 IP Input        
  90   0          0          0       7264          0          0 ICMP event handl
  91   0        240        240       7264          0          0 PIM register asy
  92   0        240        240       7264          0          0 TurboACL        
  93   0        240        240       7264          0          0 TurboACL chunk  
  94   0          0          0       7264          0          0 IPv6 ping proces
  95   0        240        240       7264          0          0 OCE punted Pkts 
  96   0          0          0       7264          0          0 O-UNI Client Msg
  97   0          0          0      13264          0          0 LSP Tunnel FRR  
  98   0          0          0      13264          0          0 MPLS Auto-Tunnel
  99   0      65588          0      90852          0          0 st_pw_oam       
 100   0          0          0       7264          0          0 AAA EPD HANDLER 
 101   0          0          0       7264          0          0 PM EPD API      
 102   0          0          0      13264          0          0 DM Proc         
 103   0        240        240       7264          0          0 PPP SIP         
 104   0        240        240       7264          0          0 PPP Bind        
 105   0        240        240      13264          0          0 PPP IP Route    
 106   2    1394960    1297880     105780        178        177 SSH Process     
 107   0        240        240      13264          0          0 SSM connection m
 108   0        480        240       7504          0          0 Spanning Tree   
 109   0          0          0       7264          0          0 VRRS            
 110   0        240          0      13504          0          0 CEF switching ba
 111   0        232          0       4496          0          0 ADJ NSF process 
 112   0        240        240      13264          0          0 ATM OAM Input   
 113   0        240        240      13264          0          0 ATM OAM TIMER   
 114   0       8244        240      15268         95         95 MOP Protocols   
 115   0          0          0      13264          0          0 SSS Manager     
 116   0          0          0      13264          0          0 SSS Policy Manag
 117   0       7604          0      14868          0          0 SSS Feature Mana
 118   0          0          0       7264          0          0 SSS Feature Time
 119   0          0          0      13264          0          0 SSS PM SHIM QOS 
 120   0          0          0       7264          0          0 Timer handler fo
 121   0          0          0       7264          0          0 Prepaid response
 122   0          0          0       7264          0          0 Timed Policy act
 123   0          0          0       7264          0          0 AAA response han
 124   0        240        240      13264          0          0 KRB5 AAA        
 125   0          0          0       7264          0          0 delayed evt hand
 126   0          0          0       7264          0          0 AC Switch       
 127   0          0          0       7264          0          0 ISG CMD HANDLER 
 128   0          0          0       7264          0          0 IP Lite session 
 129   0        240        240       7264          0          0 IP PORTBUNDLE   
 130   0        240        240      13264          0          0 IP Static Sessio
 131   0          0          0       7264          0          0 RADIUS Proxy    
 132   0          0          0       7264          0          0 FRR Background P
 133   0      15336        176      28600          0          0 CEF background p
 134   0        224          0      13488          0          0 fib_fib_bfd_sb e
 135   0          0          0      10264          0          0 IP IRDP         
 136   0          0          0       7332          0          0 SNMP Timers     
 137   0          0          0      13264          0          0 Routing Topology
 138   0      34480       7128      40616          0          0 IP RIB Update   
 139   0      36452       3008      43616          0          0 IP Background   
 140   0      43512        640      53136          0          0 IP Connected Rou
 141   0    2242308     494200     591416       1173       1173 CDP Protocol    
 143   0          0          0       7264          0          0 IP Traceroute   
 144   0          0          0       7264          0          0 Socket Timers   
 145   0        472          0       7736          0          0 Service Routing 
 146   0      14680       5080      16864          0          0 SR CapMan Proces
 147   0        240        376       7264          0          0 Flow Exporter Ti
 148   0          0          0      13264        119        119 TCP Timer       
 149   0     440140          0      15308          0          0 TCP Protocols   
 150   0        944          0      11208          0          0 HTTP CORE       
 151   0        224          0      10488          0          0 Tunnel FIB      
 152   0          0          0       7264          0          0 HQF Output Shape
 153   0          0          0       7264          0          0 HQF Input Shaper
 154   0       5872       5648      13488          0          0 CEF: IPv4 proces
 155   0        224          0       7488          0          0 ADJ background  
 156   0        224          0      13488          0          0 Collection proce
 158   0       8420          0      15612          2          2 SSH Event handle
 159   0        224          0      13488          0          0 MFIB Master back
 160   0        480        240      10504          0          0 Multicast Offloa
 161   0        480        240      10504          0          0 MVPN mgr Process
 162   0        240        240      10264          0          0 static          
 163   0          0          0      10264          0          0 IPv6 RIB Cleanup
 164   0          0          0      10264          0          0 IPv6 RIB Event H
 165   0       3272       1536      10536          0          0 VPWS Thread     
 166   0       1240        408       8096          0          0 LFDp Input Proc 
 167   0      38508      38508       7264          0          0 QoS stats proces
 168   0      85324        240      26520          0          0 SCTP Main Proces
 169   0        240        240       7264          0          0 PPP Compress Inp
 170   0        240        240       7264          0          0 PPP Compress Res
 171   0        224          0      13488          0          0 ADJ resolve proc
 172   0        944          0      62208          0          0 COPS            
 173   0        240        240       7264          0          0 Dialer Forwarder
 174   0          0          0       7264          0          0 RARP Input      
 175   0        240        240       7264          0          0 PPP NBF         
 176   0        480        240       4504          0          0 PfR BR Learn    
 177   0          0          0       7264          0          0 PAD InCall      
 178   0        240        240      13264          0          0 X.25 Background 
 179   0          0          0       7264          0          0 X.25 Encaps Mana
 180   0        240        240       7264          0          0 RBSCP Background
 181   0          0          0      13264          0          0 VPDN call manage
 182   0          0          0       7264          0          0 XC RIB MGR      
 183   0          0          0       7264          0          0 ac_atm_state_eve
 184   0          0          0       7264          0          0 ac_atm_mraps_hsp
 185   0        240        240       4264          0          0 L2X Switching Ev
 186   0        240        240      13264          0          0 IP Inband Sessio
 187   0      66740          0      74004          0          0 DHCP SIP        
 188   0        240        240      13264          0          0 IP SIP Process  
 189   0      10984      16764      11784          0          0 PMIPV6 Thread   
 190   0        240        240       7264          0          0 AAA Cached Serve
 191   0          0          0       7264          0          0 EM Background Pr
 192   0          0          0       7264          0          0 IDMGR CORE      
 193   0          0          0       7264          0          0 Key chain liveke
 194   0       6376       6376       7264          0          0 LOCAL AAA       
 195   0          0          0      13264          0          0 MPLS Auto Mesh P
 196   0          0          0      10128         74         74 BGP I/O         
 197   0        240        240       7264          0          0 ENABLE AAA      
 198   0        240        240       7264          0          0 LINE AAA        
 199   0      66872        240       8068          0          0 TPLUS           
 200   0      59864      58332       8796          3          3 NIST rng proc   
 201   0      49624        240      56648          0          0 Timer Library   
 202   0        240        240       7264          0          0 Crypto Support  
 203   0          0          0       7264          0          0 IPSECv6 PS Proc 
 204   0     435220     433856       8628          0          0 crypto engine pr
 205   0     225632     189424      49548          1          1 Crypto CA       
 206   0          0          0      13264          0          0 Crypto PKI-CRL  
 207   0          0          0      13264          0          0 encrypt proc    
 208   0     380936     503824       7808          0          0 crypto sw pk pro
 209   0          0          0      10264          0          0 QOS PERUSER     
 210   0        240        240       7264          0          0 GDOI GM Process 
 211   0          0          0       7264          0          0 UNICAST REKEY   
 212   0          0          0       7264          0          0 UNICAST REKEY AC
 213   0        240        520       7264          0          0 CRYPTO MAP FREE 
 214   0          0          0      13264          0          0 Crypto INT      
 215   0        240        240      13264          0          0 Crypto IKE Dispa
 216   0      10424        240      23448          1          1 Crypto IKMP     
 217   0          0          0      10264          0          0 IPSEC manual key
 218   0     268124       4292      13504          1          1 IPSEC key engine
 219   0          0          0      25264          0          0 Crypto ACL      
 220   0          0          0       7264          0          0 Crypto PAS Proc 
 221   0          0          0      13264          0          0 IPSec background
 222   0     123692        156     136800       2397       2397 Crypto IKEv2    
 223   0          0          0       7264          0          0 IKEv2 AAA handle
 224   0        240      10716       7264          0          0 AAA SEND STOP EV
 225   0          0          0      13264          0          0 Test AAA Client 
 226   0     363956       5052     369168        119         87 EEM ED Syslog   
 227   0     270460       5052     275672          8          8 EEM ED Generic  
 228   0      16948       5052      22160          0          0 EEM ED Track    
 229   0      11728       5060      16932          0          0 EEM ED Routing  
 230   0      12144       5076      17332          0          0 EEM ED Resource 
 231   0          0          0      10128          0          0 BGP Scanner     
 232   0          0          0       7264          0          0 Syslog Traps    
 233   0        240        240       7264          0          0 RMON Recycle Pro
 234   0        240        240       7264          0          0 RMON Deferred Se
 236   0        240        240       7264          0          0 cerf_daemon_proc
 237   0        240        240      13264          0          0 ISG MIB jobs Man
 238   0          0          0      13264          0          0 IKEv2 FlexVPN Pr
 239   0    1281680      17940    1270940          0          0 EEM Server      
 240   0      93736      38176      82016          0          0 Call Home proces
 241   0      14600       1208      23656          0          0 EEM Policy Direc
 242   0          0          0      10128          0          0 BGP Consistency 
 243   0      11804       5076      16992          0          0 EEM ED CLI      
 244   0      11800       5076      16988          0          0 EEM ED Counter  
 245   0      12312       5180      17332          0          0 EEM ED Interface
 246   0      11800       5076      16988          0          0 EEM ED IOSWD    
 247   0      11764       5076      16952          0          0 EEM ED None     
 248   0      12024       5216      17240          0          0 EEM ED OIR      
 249   0     163996          0     174260          0          0 BGP Task        
 250   0      11600       4988      16876          0          0 EEM ED SNMP     
 251   0      11628       5048      16844          0          0 EEM ED SNMP Obje
 252   0      11808       5028      17044          0          0 EEM ED SNMP Noti
 253   0      11764       4988      17040          0          0 EEM ED Timer    
 254   0      11544       4988      16820          0          0 EEM ED Test     
 255   0      11544       4988      16820          0          0 EEM ED Config   
 256   0      11544       4988      16820          0          0 EEM ED Env      
 257   0          0          0       7264          0          0 TCP Listener    
 258   0      16744       4988      22020          0          0 EEM ED Nf       
 259   0      11564       4988      16840          0          0 EEM ED Ipsla    
 260   0      29852      29852      13264        124        124 Syslog          
 261   0      16928       5180      22180          0          0 EEM ED RPC      
 262   0       1056          0       8320          0          0 RMON Packets    
 263   0          0          0       7264          0          0 IP SLAs Ethernet
 264   0          0          0       7264         32         32 Net Input       
 265   0        240        240       7264          0          0 Compute load avg
 266   0          0          0       7264          0          0 Per-minute Jobs 
 267   0          0          0      10264          0          0 Per-Second Jobs 
 268   0     116864        240     129888          0          0 MRIB Process    
 269   0      11252        480      18036          0          0 EEM Helper Threa
 270   0          0          0       7128          0          0 Inter Chassis Pr
 271   0          0          0      10128          0          0 BGP Event       
 272   0          0          0       7128          0          0 BGP VA          
 273   0      22632       5204      29140          0          0 EIGRP-IPv4      
 274   0     245516          0     190268          2          2 BGP Router      
 275   0          0          0       7128        831        831 EIGRP-IPv4 Hello
                                 60111408 Total

------------------ show process cpu ------------------


CPU utilization for five seconds: 29%/100%; one minute: 14%; five minutes: 8%
 PID Runtime(ms)     Invoked      uSecs   5Sec   1Min   5Min TTY Process 
   1           4           3       1333  0.00%  0.00%  0.00%   0 Chunk Manager    
   2        3236         771       4197  0.15%  0.07%  0.07%   0 Load Meter       
   3         244        3736         65  0.00%  0.00%  0.00%   0 BGP Scheduler    
   4           0           1          0  0.00%  0.00%  0.00%   0 RO Notify Timers 
   5       68892        3583      19227  0.00%  1.49%  1.82%   0 Check heaps      
   6         140          66       2121  0.00%  0.00%  0.00%   0 Pool Manager     
   7           0           1          0  0.00%  0.00%  0.00%   0 DiscardQ Backgro 
   8           4           2       2000  0.00%  0.00%  0.00%   0 Timers           
   9          68         395        172  0.00%  0.01%  0.00%   0 WATCH_AFS        
  10          84          36       2333  0.00%  0.00%  0.00%   0 ARP Input        
  11         964        4007        240  0.00%  0.04%  0.02%   0 ARP Background   
  12           0           2          0  0.00%  0.00%  0.00%   0 ATM Idle Timer   
  13           0           1          0  0.00%  0.00%  0.00%   0 ATM ASYNC PROC   
  14           0           1          0  0.00%  0.00%  0.00%   0 AAA_SERVER_DEADT 
  15           0           1          0  0.00%  0.00%  0.00%   0 Policy Manager   
  16          12           4       3000  0.00%  0.00%  0.00%   0 Entity MIB API   
  17         288           4      72000  0.00%  0.00%  0.00%   0 PrstVbl          
  18           0           2          0  0.00%  0.00%  0.00%   0 Serial Backgroun 
  19           0           1          0  0.00%  0.00%  0.00%   0 RMI RM Notify Wa 
  20           4           2       2000  0.00%  0.00%  0.00%   0 DDR Timers       
  21           0           2          0  0.00%  0.00%  0.00%   0 ATM AutoVC Perio 
  22           0           2          0  0.00%  0.00%  0.00%   0 ATM VC Auto Crea 
  23          24         770         31  0.00%  0.00%  0.00%   0 IPC Event Notifi 
  24         168        3741         44  0.00%  0.00%  0.00%   0 IPC Mcast Pendin 
  25           0          65          0  0.00%  0.00%  0.00%   0 IPC Dynamic Cach 
  26          24         770         31  0.00%  0.00%  0.00%   0 IPC Service NonC 
  27           0           1          0  0.00%  0.00%  0.00%   0 IPC Zone Manager 
  28         112        3741         29  0.07%  0.00%  0.00%   0 IPC Periodic Tim 
  29         120        3741         32  0.07%  0.00%  0.00%   0 IPC Deferred Por 
  30           0           1          0  0.00%  0.00%  0.00%   0 IPC Process leve 
  31           0           1          0  0.00%  0.00%  0.00%   0 IPC Seat Manager 
  32           8         220         36  0.00%  0.00%  0.00%   0 IPC Check Queue  
  33           0           1          0  0.00%  0.00%  0.00%   0 IPC Seat RX Cont 
  34           0           1          0  0.00%  0.00%  0.00%   0 IPC Seat TX Cont 
  35          12         386         31  0.00%  0.00%  0.00%   0 IPC Keep Alive M 
  36          12         770         15  0.00%  0.00%  0.00%   0 IPC Loadometer   
  37          12         387         31  0.00%  0.00%  0.00%   0 Compute SRP rate 
  38         144        3831         37  0.00%  0.00%  0.00%   0 EnvMon           
  39           0           1          0  0.00%  0.00%  0.00%   0 OIR Handler      
  40           0           1          0  0.00%  0.00%  0.00%   0 Crash writer     
  41           0           1          0  0.00%  0.00%  0.00%   0 Exception contro 
  42          48         745         64  0.00%  0.00%  0.00%   0 ALARM_TRIGGER_SC 
  43           0           1          0  0.00%  0.00%  0.00%   0 CEF MIB API      
  44         180        3846         46  0.00%  0.00%  0.00%   0 GraphIt          
  45           0           1          0  0.00%  0.00%  0.00%   0 SERIAL A'detect  
  46           0           2          0  0.00%  0.00%  0.00%   0 Dialer event     
  47           0           2          0  0.00%  0.00%  0.00%   0 SMART            
  48           0           1          0  0.00%  0.00%  0.00%   0 RFS server proce 
  49           0           1          0  0.00%  0.00%  0.00%   0 Critical Bkgnd   
  50        1592        1711        930  0.00%  0.05%  0.07%   0 Net Background   
  51           0           2          0  0.00%  0.00%  0.00%   0 IDB Work         
  52          40         182        219  0.00%  0.00%  0.00%   0 Logger           
  53         844        3824        220  0.00%  0.01%  0.00%   0 TTY Background   
  54          16           3       5333  0.00%  0.00%  0.00%   0 IF-MGR control p 
  55           4          10        400  0.00%  0.00%  0.00%   0 IF-MGR event pro 
  56           0           1          0  0.00%  0.00%  0.00%   0 Inode Table Dest 
  57           0           1          0  0.00%  0.00%  0.00%   0 Transport Port A 
  58           0           2          0  0.00%  0.00%  0.00%   0 INTR MGR PROCESS 
  59        4888        1155       4232  0.07%  0.13%  0.12%   0 HC Counter Timer 
  60         848         639       1327  0.07%  0.02%  0.00%   0 EEM ED ND        
  61           0           2          0  0.00%  0.00%  0.00%   0 FEC_Link_event_h 
  62           0           1          0  0.00%  0.00%  0.00%   0 POS APS Event Pr 
  63           0           1          0  0.00%  0.00%  0.00%   0 SONET alarm time 
  64           0           2          0  0.00%  0.00%  0.00%   0 Hawkeye Backgrou 
  65           0           1          0  0.00%  0.00%  0.00%   0 CSP Timer        
  66           0           1          0  0.00%  0.00%  0.00%   0 FPD Management P 
  67           0           1          0  0.00%  0.00%  0.00%   0 FPD Action Proce 
  68           4           2       2000  0.00%  0.00%  0.00%   0 Flash MIB Update 
  69           0           1          0  0.00%  0.00%  0.00%   0 Flash Card Oir   
  70           0           1          0  0.00%  0.00%  0.00%   0 Async write proc 
  71           0           1          0  0.00%  0.00%  0.00%   0 Async write proc 
  72           4           1       4000  0.00%  0.00%  0.00%   0 Async write proc 
  73           0           1          0  0.00%  0.00%  0.00%   0 Async write proc 
  74           0          65          0  0.00%  0.00%  0.00%   0 DFS flush period 
  75          20          60        333  0.00%  0.00%  0.00%   0 AAA Server       
  76           0           1          0  0.00%  0.00%  0.00%   0 AAA ACCT Proc    
  77           0           1          0  0.00%  0.00%  0.00%   0 ACCT Periodic Pr 
  78           0           1          0  0.00%  0.00%  0.00%   0 AAA System Acct  
  79           8          65        123  0.00%  0.00%  0.00%   0 Call Home Timer  
  80           0           2          0  0.00%  0.00%  0.00%   0 AAA Dictionary R 
  81           0           1          0  0.00%  0.00%  0.00%   0 EAP Framework    
  82           0           1          0  0.00%  0.00%  0.00%   0 EAP Test         
  83           0           1          0  0.00%  0.00%  0.00%   0 HQF TUNNEL       
  84           4           2       2000  0.00%  0.00%  0.00%   0 IPAM/ODAP Events 
  85        3172      115712         27  0.55%  0.25%  0.19%   0 IPAM Manager     
  86           0           2          0  0.00%  0.00%  0.00%   0 IPAM Events      
  87          16           3       5333  0.00%  0.00%  0.00%   0 IP ARP Adjacency 
  88        2452      115711         21  0.07%  0.14%  0.15%   0 IP ARP Retry Age 
  89        3048        2078       1466  0.00%  0.15%  0.08%   0 IP Input         
  90           0           1          0  0.00%  0.00%  0.00%   0 ICMP event handl 
  91           4           3       1333  0.00%  0.00%  0.00%   0 PIM register asy 
  92           0           4          0  0.00%  0.00%  0.00%   0 TurboACL         
  93           8           2       4000  0.00%  0.00%  0.00%   0 TurboACL chunk   
  94           0           1          0  0.00%  0.00%  0.00%   0 IPv6 ping proces 
  95           0           2          0  0.00%  0.00%  0.00%   0 OCE punted Pkts  
  96           0           1          0  0.00%  0.00%  0.00%   0 O-UNI Client Msg 
  97           0           1          0  0.00%  0.00%  0.00%   0 LSP Tunnel FRR   
  98           0           1          0  0.00%  0.00%  0.00%   0 MPLS Auto-Tunnel 
  99           0           1          0  0.00%  0.00%  0.00%   0 st_pw_oam        
 100           0           1          0  0.00%  0.00%  0.00%   0 AAA EPD HANDLER  
 101           0           1          0  0.00%  0.00%  0.00%   0 PM EPD API       
 102           0           1          0  0.00%  0.00%  0.00%   0 DM Proc          
 103           4           2       2000  0.00%  0.00%  0.00%   0 PPP SIP          
 104           0           2          0  0.00%  0.00%  0.00%   0 PPP Bind         
 105           0           2          0  0.00%  0.00%  0.00%   0 PPP IP Route     
 106        7072         400      17680 24.81%  7.98%  1.85%   2 SSH Process      
 107           4           2       2000  0.00%  0.00%  0.00%   0 SSM connection m 
 108           0           2          0  0.00%  0.00%  0.00%   0 Spanning Tree    
 109           0           1          0  0.00%  0.00%  0.00%   0 VRRS             
 110           8           2       4000  0.00%  0.00%  0.00%   0 CEF switching ba 
 111           0           1          0  0.00%  0.00%  0.00%   0 ADJ NSF process  
 112           0           2          0  0.00%  0.00%  0.00%   0 ATM OAM Input    
 113           0           2          0  0.00%  0.00%  0.00%   0 ATM OAM TIMER    
 114          32          68        470  0.00%  0.00%  0.00%   0 MOP Protocols    
 115           0           1          0  0.00%  0.00%  0.00%   0 SSS Manager      
 116           0           1          0  0.00%  0.00%  0.00%   0 SSS Policy Manag 
 117           4           1       4000  0.00%  0.00%  0.00%   0 SSS Feature Mana 
 118         808       14938         54  0.31%  0.08%  0.02%   0 SSS Feature Time 
 119           0           1          0  0.00%  0.00%  0.00%   0 SSS PM SHIM QOS  
 120           0           1          0  0.00%  0.00%  0.00%   0 Timer handler fo 
 121           0           1          0  0.00%  0.00%  0.00%   0 Prepaid response 
 122           0           1          0  0.00%  0.00%  0.00%   0 Timed Policy act 
 123           0           1          0  0.00%  0.00%  0.00%   0 AAA response han 
 124           0           2          0  0.00%  0.00%  0.00%   0 KRB5 AAA         
 125           0           1          0  0.00%  0.00%  0.00%   0 delayed evt hand 
 126           0           1          0  0.00%  0.00%  0.00%   0 AC Switch        
 127           0           1          0  0.00%  0.00%  0.00%   0 ISG CMD HANDLER  
 128          32         941         34  0.00%  0.00%  0.00%   0 IP Lite session  
 129           0           2          0  0.00%  0.00%  0.00%   0 IP PORTBUNDLE    
 130          28         940         29  0.00%  0.00%  0.00%   0 IP Static Sessio 
 131           0           1          0  0.00%  0.00%  0.00%   0 RADIUS Proxy     
 132           4          65         61  0.00%  0.00%  0.00%   0 FRR Background P 
 133         112          95       1178  0.00%  0.00%  0.00%   0 CEF background p 
 134           0           1          0  0.00%  0.00%  0.00%   0 fib_fib_bfd_sb e 
 135           0           1          0  0.00%  0.00%  0.00%   0 IP IRDP          
 136           0           1          0  0.00%  0.00%  0.00%   0 SNMP Timers      
 137           0           2          0  0.00%  0.00%  0.00%   0 Routing Topology 
 138         140          18       7777  0.00%  0.00%  0.00%   0 IP RIB Update    
 139          48          75        640  0.00%  0.00%  0.00%   0 IP Background    
 140          80          25       3200  0.00%  0.00%  0.00%   0 IP Connected Rou 
 141        3540        1133       3124  0.07%  0.07%  0.07%   0 CDP Protocol     
 143           0           1          0  0.00%  0.00%  0.00%   0 IP Traceroute    
 144           0           1          0  0.00%  0.00%  0.00%   0 Socket Timers    
 145           0           3          0  0.00%  0.00%  0.00%   0 Service Routing  
 146          12           6       2000  0.00%  0.00%  0.00%   0 SR CapMan Proces 
 147           4           4       1000  0.00%  0.00%  0.00%   0 Flow Exporter Ti 
 148         636        9338         68  0.00%  0.03%  0.01%   0 TCP Timer        
 149         404          59       6847  0.00%  0.01%  0.00%   0 TCP Protocols    
 150           0          13          0  0.00%  0.00%  0.00%   0 HTTP CORE        
 151           0           1          0  0.00%  0.00%  0.00%   0 Tunnel FIB       
 152           0           2          0  0.00%  0.00%  0.00%   0 HQF Output Shape 
 153           0           2          0  0.00%  0.00%  0.00%   0 HQF Input Shaper 
 154        1188        5235        226  0.07%  0.04%  0.03%   0 CEF: IPv4 proces 
 155           0           2          0  0.00%  0.00%  0.00%   0 ADJ background   
 156           4           4       1000  0.00%  0.00%  0.00%   0 Collection proce 
 158           4           4       1000  0.00%  0.00%  0.00%   0 SSH Event handle 
 159           0           3          0  0.00%  0.00%  0.00%   0 MFIB Master back 
 160           0           2          0  0.00%  0.00%  0.00%   0 Multicast Offloa 
 161           8           4       2000  0.00%  0.00%  0.00%   0 MVPN mgr Process 
 162           0           2          0  0.00%  0.00%  0.00%   0 static           
 163           0           1          0  0.00%  0.00%  0.00%   0 IPv6 RIB Cleanup 
 164           0           1          0  0.00%  0.00%  0.00%   0 IPv6 RIB Event H 
 165          20           2      10000  0.00%  0.00%  0.00%   0 VPWS Thread      
 166           8           2       4000  0.00%  0.00%  0.00%   0 LFDp Input Proc  
 167          36         381         94  0.00%  0.00%  0.00%   0 QoS stats proces 
 168           8           2       4000  0.00%  0.00%  0.00%   0 SCTP Main Proces 
 169           0           2          0  0.00%  0.00%  0.00%   0 PPP Compress Inp 
 170           0           2          0  0.00%  0.00%  0.00%   0 PPP Compress Res 
 171           0           2          0  0.00%  0.00%  0.00%   0 ADJ resolve proc 
 172           0           1          0  0.00%  0.00%  0.00%   0 COPS             
 173           0           2          0  0.00%  0.00%  0.00%   0 Dialer Forwarder 
 174           0           1          0  0.00%  0.00%  0.00%   0 RARP Input       
 175           4           2       2000  0.00%  0.00%  0.00%   0 PPP NBF          
 176         448        3810        117  0.00%  0.00%  0.00%   0 PfR BR Learn     
 177           0           1          0  0.00%  0.00%  0.00%   0 PAD InCall       
 178           0           2          0  0.00%  0.00%  0.00%   0 X.25 Background  
 179           0           1          0  0.00%  0.00%  0.00%   0 X.25 Encaps Mana 
 180        1660       37743         43  0.31%  0.13%  0.09%   0 RBSCP Background 
 181           0           1          0  0.00%  0.00%  0.00%   0 VPDN call manage 
 182           0           1          0  0.00%  0.00%  0.00%   0 XC RIB MGR       
 183           0           1          0  0.00%  0.00%  0.00%   0 ac_atm_state_eve 
 184           4           1       4000  0.00%  0.00%  0.00%   0 ac_atm_mraps_hsp 
 185           0           2          0  0.00%  0.00%  0.00%   0 L2X Switching Ev 
 186           0           2          0  0.00%  0.00%  0.00%   0 IP Inband Sessio 
 187           0           1          0  0.00%  0.00%  0.00%   0 DHCP SIP         
 188        2392         946       2528  0.00%  0.01%  0.07%   0 IP SIP Process   
 189         124          93       1333  0.00%  0.00%  0.00%   0 PMIPV6 Thread    
 190           0           2          0  0.00%  0.00%  0.00%   0 AAA Cached Serve 
 191           0           1          0  0.00%  0.00%  0.00%   0 EM Background Pr 
 192           0           1          0  0.00%  0.00%  0.00%   0 IDMGR CORE       
 193           0           1          0  0.00%  0.00%  0.00%   0 Key chain liveke 
 194         136          60       2266  0.00%  0.00%  0.00%   0 LOCAL AAA        
 195           4           3       1333  0.00%  0.00%  0.00%   0 MPLS Auto Mesh P 
 196         216         162       1333  0.00%  0.00%  0.00%   0 BGP I/O          
 197           0           2          0  0.00%  0.00%  0.00%   0 ENABLE AAA       
 198           8           2       4000  0.00%  0.00%  0.00%   0 LINE AAA         
 199           0           2          0  0.00%  0.00%  0.00%   0 TPLUS            
 200          28           2      14000  0.00%  0.00%  0.00%   0 NIST rng proc    
 201         568        7447         76  0.15%  0.02%  0.00%   0 Timer Library    
 202           4           2       2000  0.00%  0.00%  0.00%   0 Crypto Support   
 203           0           1          0  0.00%  0.00%  0.00%   0 IPSECv6 PS Proc  
 204        1132          50      22640  0.00%  0.00%  0.00%   0 crypto engine pr 
 205        2832           4     708000  0.00%  0.00%  0.00%   0 Crypto CA        
 206           0           1          0  0.00%  0.00%  0.00%   0 Crypto PKI-CRL   
 207           0           1          0  0.00%  0.00%  0.00%   0 encrypt proc     
 208        1288         124      10387  0.00%  0.00%  0.00%   0 crypto sw pk pro 
 209           0           1          0  0.00%  0.00%  0.00%   0 QOS PERUSER      
 210           0           2          0  0.00%  0.00%  0.00%   0 GDOI GM Process  
 211           4           1       4000  0.00%  0.00%  0.00%   0 UNICAST REKEY    
 212           0           1          0  0.00%  0.00%  0.00%   0 UNICAST REKEY AC 
 213           4           3       1333  0.00%  0.00%  0.00%   0 CRYPTO MAP FREE  
 214           0           1          0  0.00%  0.00%  0.00%   0 Crypto INT       
 215           0           2          0  0.00%  0.00%  0.00%   0 Crypto IKE Dispa 
 216           8           3       2666  0.00%  0.00%  0.00%   0 Crypto IKMP      
 217           0           1          0  0.00%  0.00%  0.00%   0 IPSEC manual key 
 218         104         194        536  0.00%  0.00%  0.00%   0 IPSEC key engine 
 219           0           1          0  0.00%  0.00%  0.00%   0 Crypto ACL       
 220           0           1          0  0.00%  0.00%  0.00%   0 Crypto PAS Proc  
 221           0           1          0  0.00%  0.00%  0.00%   0 IPSec background 
 222         728        3837        189  0.07%  0.02%  0.00%   0 Crypto IKEv2     
 223           0           1          0  0.00%  0.00%  0.00%   0 IKEv2 AAA handle 
 224          24          30        800  0.00%  0.00%  0.00%   0 AAA SEND STOP EV 
 225           4           1       4000  0.00%  0.00%  0.00%   0 Test AAA Client  
 226          96         109        880  0.00%  0.00%  0.00%   0 EEM ED Syslog    
 227          20           9       2222  0.00%  0.00%  0.00%   0 EEM ED Generic   
 228          12           4       3000  0.00%  0.00%  0.00%   0 EEM ED Track     
 229          12           4       3000  0.00%  0.00%  0.00%   0 EEM ED Routing   
 230          12           4       3000  0.00%  0.00%  0.00%   0 EEM ED Resource  
 231       32672         178     183550  0.00%  0.93%  0.97%   0 BGP Scanner      
 232           0           1          0  0.00%  0.00%  0.00%   0 Syslog Traps     
 233          16         386         41  0.00%  0.00%  0.00%   0 RMON Recycle Pro 
 234           0           2          0  0.00%  0.00%  0.00%   0 RMON Deferred Se 
 236         280        3810         73  0.07%  0.01%  0.00%   0 cerf_daemon_proc 
 237        7516      233687         32  1.20%  0.54%  0.46%   0 ISG MIB jobs Man 
 238           0           1          0  0.00%  0.00%  0.00%   0 IKEv2 FlexVPN Pr 
 239         180          61       2950  0.00%  0.00%  0.00%   0 EEM Server       
 240          32           3      10666  0.00%  0.00%  0.00%   0 Call Home proces 
 241           8           3       2666  0.00%  0.00%  0.00%   0 EEM Policy Direc 
 242           0           1          0  0.00%  0.00%  0.00%   0 BGP Consistency  
 243          12           4       3000  0.00%  0.00%  0.00%   0 EEM ED CLI       
 244           4           4       1000  0.00%  0.00%  0.00%   0 EEM ED Counter   
 245           4           4       1000  0.00%  0.00%  0.00%   0 EEM ED Interface 
 246           4           4       1000  0.00%  0.00%  0.00%   0 EEM ED IOSWD     
 247           0           4          0  0.00%  0.00%  0.00%   0 EEM ED None      
 248           4           4       1000  0.00%  0.00%  0.00%   0 EEM ED OIR       
 249          16          10       1600  0.00%  0.00%  0.00%   0 BGP Task         
 250           4           4       1000  0.00%  0.00%  0.00%   0 EEM ED SNMP      
 251           8           4       2000  0.00%  0.00%  0.00%   0 EEM ED SNMP Obje 
 252           4           4       1000  0.00%  0.00%  0.00%   0 EEM ED SNMP Noti 
 253           8          68        117  0.00%  0.00%  0.00%   0 EEM ED Timer     
 254           4           4       1000  0.00%  0.00%  0.00%   0 EEM ED Test      
 255           0           4          0  0.00%  0.00%  0.00%   0 EEM ED Config    
 256           0           4          0  0.00%  0.00%  0.00%   0 EEM ED Env       
 257           0           1          0  0.00%  0.00%  0.00%   0 TCP Listener     
 258           4           4       1000  0.00%  0.00%  0.00%   0 EEM ED Nf        
 259           0           4          0  0.00%  0.00%  0.00%   0 EEM ED Ipsla     
 260         156          93       1677  0.00%  0.00%  0.00%   0 Syslog           
 261           8           4       2000  0.00%  0.00%  0.00%   0 EEM ED RPC       
 262           0           1          0  0.00%  0.00%  0.00%   0 RMON Packets     
 263           0           1          0  0.00%  0.00%  0.00%   0 IP SLAs Ethernet 
 264          20          22        909  0.00%  0.00%  0.00%   0 Net Input        
 265       10616         772      13751  0.31%  0.27%  0.26%   0 Compute load avg 
 266         304         129       2356  0.00%  0.00%  0.00%   0 Per-minute Jobs  
 267         884        3852        229  0.23%  0.17%  0.16%   0 Per-Second Jobs  
 268           4           2       2000  0.00%  0.00%  0.00%   0 MRIB Process     
 269          24          49        489  0.00%  0.00%  0.00%   0 EEM Helper Threa 
 270           0           1          0  0.00%  0.00%  0.00%   0 Inter Chassis Pr 
 271           4           2       2000  0.00%  0.00%  0.00%   0 BGP Event        
 272           4           1       4000  0.00%  0.00%  0.00%   0 BGP VA           
 273          72           8       9000  0.00%  0.00%  0.00%   0 EIGRP-IPv4       
 274        1172        3869        302  0.23%  0.03%  0.00%   0 BGP Router       
 275         112         832        134  0.00%  0.00%  0.00%   0 EIGRP-IPv4 Hello

DEBUG:netmiko:read_channel: 
DEBUG:netmiko:read_channel: 
------------------ show memory statistics ------------------


                Head    Total(b)     Used(b)     Free(b)   Lowest(b)  Largest(b)
Processor   6558E400   396826796    54101524   342725272   341688904   329717932
      I/O    E000000    33554432     5805924    27748508    27743012    27733404
Transient   7D000000    16777216      212024    16565192    16565192    16564348

------------------ show process memory ------------------


Processor Pool Total:  396826796 Used:   54101388 Free:  342725408
      I/O Pool Total:   33554432 Used:    5805648 Free:   27748784
Transient Pool Total:   16777216 Used:     212016 Free:   16565200

 PID TTY  Allocated      Freed    Holding    Getbufs    Retbufs Process
   0   0   92500208   38336160   51656104        407        126 *Init*          
   0   0      12052     393916      12052          0          0 *Sched*         
   0   0   31697620   30607068     984324         18         18 *Dead*          
   0   0          0          0     394920          0          0 *MallocLite*    
   1   0      75640          0      82904          0          0 Chunk Manager   
   2   0        240        240       4264          0          0 Load Meter      
   3   0          0          0      10128          0          0 BGP Scheduler   
   4   0          0          0       7264          0          0 RO Notify Timers
   5   0       9740        240      16764          0          0 Check heaps     
   6   0    4325120    4325120      74844         49          0 Pool Manager    
   7   0          0          0       7264          0          0 DiscardQ Backgro
   8   0        240        240       7264          0          0 Timers          
   9   0          0          0       4264          0          0 WATCH_AFS       
  10   0      38404       1760      43908         39         39 ARP Input       
  11   0       3760       3760       7264          4          4 ARP Background  
  12   0        240        240       7264          0          0 ATM Idle Timer  
  13   0          0          0       7264          0          0 ATM ASYNC PROC  
  14   0          0          0       7264          0          0 AAA_SERVER_DEADT
  15   0          0          0      13264          0          0 Policy Manager  
  16   0      17632          0      24896         42         42 Entity MIB API  
  17   0       2948        240       9972          0          0 PrstVbl         
  18   0        240        240       7264          0          0 Serial Backgroun
  19   0          0          0       4264          0          0 RMI RM Notify Wa
  20   0        240        240       7264          0          0 DDR Timers      
  21   0        240        240      10264          0          0 ATM AutoVC Perio
  22   0        240        240       7264          0          0 ATM VC Auto Crea
  23   0          0          0       7264          0          0 IPC Event Notifi
  24   0          0          0       7264          0          0 IPC Mcast Pendin
  25   0          0          0       7264          0          0 IPC Dynamic Cach
  26   0          0          0       7264          0          0 IPC Service NonC
  27   0          0          0       7264          0          0 IPC Zone Manager
  28   0          0          0       7264          0          0 IPC Periodic Tim
  29   0          0          0       7264          0          0 IPC Deferred Por
  30   0          0          0       7264          0          0 IPC Process leve
  31   0       2104          0       9368          0          0 IPC Seat Manager
  32   0          0          0       7264          0          0 IPC Check Queue 
  33   0          0          0       7264          0          0 IPC Seat RX Cont
  34   0          0          0       7264          0          0 IPC Seat TX Cont
  35   0          0          0       7264          0          0 IPC Keep Alive M
  36   0          0          0       7264          0          0 IPC Loadometer  
  37   0          0          0       7264          0          0 Compute SRP rate
  38   0      10052          0      17316          4          4 EnvMon          
  39   0          0          0       7264          0          0 OIR Handler     
  40   0          0          0      25264          0          0 Crash writer    
  41   0        352          0       7616          0          0 Exception contro
  42   0          0          0       7264          0          0 ALARM_TRIGGER_SC
  43   0          0          0       7264          0          0 CEF MIB API     
  44   0        240        240       7264          0          0 GraphIt         
  45   0          0          0       7264          0          0 SERIAL A'detect 
  46   0        240        240      13264          0          0 Dialer event    
  47   0        240        240       7264          0          0 SMART           
  48   0          0          0      13264          0          0 RFS server proce
  49   0          0          0       7264          0          0 Critical Bkgnd  
  50   0     168224        304     114864        820        820 Net Background  
  51   0       1976       1976      13264          0          0 IDB Work        
  52   0        240        240      13264        218        218 Logger          
  53   0        240        240       7264          0          0 TTY Background  
  54   0       1284          0       8548          0          0 IF-MGR control p
  55   0          0          0       7264          0          0 IF-MGR event pro
  56   0          0          0       4264          0          0 Inode Table Dest
  57   0          0          0       7264          0          0 Transport Port A
  58   0        240        240      13264          0          0 INTR MGR PROCESS
  59   0          0          0       7264          0          0 HC Counter Timer
  60   0     170652    1054916     174928          0          0 EEM ED ND       
  61   0        240        240       7264          0          0 FEC_Link_event_h
  62   0          0          0       7264          0          0 POS APS Event Pr
  63   0          0          0       7264          0          0 SONET alarm time
  64   0        240        240       7264          0          0 Hawkeye Backgrou
  65   0          0          0       7264          0          0 CSP Timer       
  66   0          0          0       7264          0          0 FPD Management P
  67   0          0          0       7264          0          0 FPD Action Proce
  68   0       4568       4568       7684          0          0 Flash MIB Update
  69   0          0          0       4264          0          0 Flash Card Oir  
  70   0        240          0       4504          0          0 Async write proc
  71   0        240          0       4504          0          0 Async write proc
  72   0        240          0       4504          0          0 Async write proc
  73   0        240          0       4504          0          0 Async write proc
  74   0          0          0       4264          0          0 DFS flush period
  75   0      16832        240      23856          0          0 AAA Server      
  76   0      11676      14300       7264          0          0 AAA ACCT Proc   
  77   0      49384          0      56648          0          0 ACCT Periodic Pr
  78   0          0          0       7264          0          0 AAA System Acct 
  79   0          0          0       7304          0          0 Call Home Timer 
  80   0        240        240       7264          0          0 AAA Dictionary R
  81   0          0          0       7264          0          0 EAP Framework   
  82   0          0          0       7264          0          0 EAP Test        
  83   0          0          0      10264          0          0 HQF TUNNEL      
  84   0        240        240       7264          0          0 IPAM/ODAP Events
  85   0      49412          0      62676          0          0 IPAM Manager    
  86   0        240        240      13264          0          0 IPAM Events     
  87   0       9032          0      22296          0          0 IP ARP Adjacency
  88   0      33056          0      40320          0          0 IP ARP Retry Age
  89   0      57600      30024      16600       4523       4521 IP Input        
  90   0          0          0       7264          0          0 ICMP event handl
  91   0        240        240       7264          0          0 PIM register asy
  92   0        240        240       7264          0          0 TurboACL        
  93   0        240        240       7264          0          0 TurboACL chunk  
  94   0          0          0       7264          0          0 IPv6 ping proces
  95   0        240        240       7264          0          0 OCE punted Pkts 
  96   0          0          0       7264          0          0 O-UNI Client Msg
  97   0          0          0      13264          0          0 LSP Tunnel FRR  
  98   0          0          0      13264          0          0 MPLS Auto-Tunnel
  99   0      65588          0      90852          0          0 st_pw_oam       
 100   0          0          0       7264          0          0 AAA EPD HANDLER 
 101   0          0          0       7264          0          0 PM EPD API      
 102   0          0          0      13264          0          0 DM Proc         
 103   0        240        240       7264          0          0 PPP SIP         
 104   0        240        240       7264          0          0 PPP Bind        
 105   0        240        240      13264          0          0 PPP IP Route    
 106   2    1424436    1314480     118736        189        188 SSH Process     
 107   0        240        240      13264          0          0 SSM connection m
 108   0        480        240       7504          0          0 Spanning Tree   
 109   0          0          0       7264          0          0 VRRS            
 110   0        224          0      13488          0          0 CEF switching ba
 111   0        224          0       4488          0          0 ADJ NSF process 
 112   0        240        240      13264          0          0 ATM OAM Input   
 113   0        240        240      13264          0          0 ATM OAM TIMER   
 114   0       8244        240      15268         74         74 MOP Protocols   
 115   0          0          0      13264          0          0 SSS Manager     
 116   0          0          0      13264          0          0 SSS Policy Manag
 117   0       7604          0      14868          0          0 SSS Feature Mana
 118   0          0          0       7264          0          0 SSS Feature Time
 119   0          0          0      13264          0          0 SSS PM SHIM QOS 
 120   0          0          0       7264          0          0 Timer handler fo
 121   0          0          0       7264          0          0 Prepaid response
 122   0          0          0       7264          0          0 Timed Policy act
 123   0          0          0       7264          0          0 AAA response han
 124   0        240        240      13264          0          0 KRB5 AAA        
 125   0          0          0       7264          0          0 delayed evt hand
 126   0          0          0       7264          0          0 AC Switch       
 127   0          0          0       7264          0          0 ISG CMD HANDLER 
 128   0          0          0       7264          0          0 IP Lite session 
 129   0        240        240       7264          0          0 IP PORTBUNDLE   
 130   0        240        240      13264          0          0 IP Static Sessio
 131   0          0          0       7264          0          0 RADIUS Proxy    
 132   0          0          0       7264          0          0 FRR Background P
 133   0      64892      48740      29592          0          0 CEF background p
 134   0        224          0      13488          0          0 fib_fib_bfd_sb e
 135   0          0          0      10264          0          0 IP IRDP         
 136   0          0          0       7332          0          0 SNMP Timers     
 137   0          0          0      13264          0          0 Routing Topology
 138   0      23320          0      36584          0          0 IP RIB Update   
 139   0      38564       5120      43616          0          0 IP Background   
 140   0      45044          0      55308          0          0 IP Connected Rou
 141   0    1922360     339324     589352        991        991 CDP Protocol    
 142   0      65588          0      75716         74         74 BGP I/O         
 143   0          0          0       7264          0          0 IP Traceroute   
 144   0          0          0       7264          0          0 Socket Timers   
 145   0        512          0       7776          0          0 Service Routing 
 146   0      14700       5072      16892          0          0 SR CapMan Proces
 147   0        240        376       7264          0          0 Flow Exporter Ti
 148   0          0          0      13264        103        103 TCP Timer       
 149   0     440632          0      15332          0          0 TCP Protocols   
 150   0        944          0      11208          0          0 HTTP CORE       
 151   0        224          0      10488          0          0 Tunnel FIB      
 152   0          0          0       7264          0          0 HQF Output Shape
 153   0          0          0       7264          0          0 HQF Input Shaper
 154   0     156572     157160      13488          0          0 CEF: IPv4 proces
 155   0        224          0       7488          0          0 ADJ background  
 156   0        224          0      13488          0          0 Collection proce
 158   0       8508          0      15612          2          2 SSH Event handle
 159   0        224          0      13488          0          0 MFIB Master back
 160   0        480        240      10504          0          0 Multicast Offloa
 161   0        480        240      10504          0          0 MVPN mgr Process
 162   0        240        240      10264          0          0 static          
 163   0          0          0      10264          0          0 IPv6 RIB Cleanup
 164   0          0          0      10264          0          0 IPv6 RIB Event H
 165   0       3272       1536      10536          0          0 VPWS Thread     
 166   0       1760        400       8624          0          0 LFDp Input Proc 
 167   0      38160      38160       7264          0          0 QoS stats proces
 168   0      85324        240      26520          0          0 SCTP Main Proces
 169   0        240        240       7264          0          0 PPP Compress Inp
 170   0        240        240       7264          0          0 PPP Compress Res
 171   0        224          0      13488          0          0 ADJ resolve proc
 172   0        944          0      62208          0          0 COPS            
 173   0        240        240       7264          0          0 Dialer Forwarder
 174   0          0          0       7264          0          0 RARP Input      
 175   0        240        240       7264          0          0 PPP NBF         
 176   0        480        240       4504          0          0 PfR BR Learn    
 177   0          0          0       7264          0          0 PAD InCall      
 178   0        240        240      13264          0          0 X.25 Background 
 179   0          0          0       7264          0          0 X.25 Encaps Mana
 180   0        240        240       7264          0          0 RBSCP Background
 181   0          0          0      13264          0          0 VPDN call manage
 182   0          0          0       7264          0          0 XC RIB MGR      
 183   0          0          0       7264          0          0 ac_atm_state_eve
 184   0          0          0       7264          0          0 ac_atm_mraps_hsp
 185   0        240        240       4264          0          0 L2X Switching Ev
 186   0        240        240      13264          0          0 IP Inband Sessio
 187   0      66740          0      74004          0          0 DHCP SIP        
 188   0        240        240      13264          0          0 IP SIP Process  
 189   0       9368      13720      11784          0          0 PMIPV6 Thread   
 190   0        240        240       7264          0          0 AAA Cached Serve
 191   0          0          0       7264          0          0 EM Background Pr
 192   0          0          0       7264          0          0 IDMGR CORE      
 193   0          0          0       7264          0          0 Key chain liveke
 194   0       9476       6184      10556          0          0 LOCAL AAA       
 195   0          0          0      13264          0          0 MPLS Auto Mesh P
 196   0          0          0      10128          0          0 BGP Scanner     
 197   0        240        240       7264          0          0 ENABLE AAA      
 198   0        240        240       7264          0          0 LINE AAA        
 199   0      66824        240       8068          0          0 TPLUS           
 200   0      59688      58156       8796          3          3 NIST rng proc   
 201   0      49624        240      56648          0          0 Timer Library   
 202   0        240        240       7264          0          0 Crypto Support  
 203   0          0          0       7264          0          0 IPSECv6 PS Proc 
 204   0     434628     433264       8628          0          0 crypto engine pr
 205   0     224556     188236      49660          3          3 Crypto CA       
 206   0          0          0      13264          0          0 Crypto PKI-CRL  
 207   0          0          0      13264          0          0 encrypt proc    
 208   0     724856     847596       7808          0          0 crypto sw pk pro
 209   0          0          0      10264          0          0 QOS PERUSER     
 210   0        240        240       7264          0          0 GDOI GM Process 
 211   0          0          0       7264          0          0 UNICAST REKEY   
 212   0          0          0       7264          0          0 UNICAST REKEY AC
 213   0        240        520       7264          0          0 CRYPTO MAP FREE 
 214   0          0          0      13264          0          0 Crypto INT      
 215   0        240        240      13264          0          0 Crypto IKE Dispa
 216   0      10356        240      23380          1          1 Crypto IKMP     
 217   0          0          0      10264          0          0 IPSEC manual key
 218   0     268108       4276      13504          1          1 IPSEC key engine
 219   0          0          0      25264          0          0 Crypto ACL      
 220   0          0          0       7264          0          0 Crypto PAS Proc 
 221   0          0          0      13264          0          0 IPSec background
 222   0     123776        240     136800       2407       2407 Crypto IKEv2    
 223   0          0          0       7264          0          0 IKEv2 AAA handle
 224   0      12452      44688       7264          0          0 AAA SEND STOP EV
 225   0          0          0      13264          0          0 Test AAA Client 
 226   0     363956       5052     369168        122         90 EEM ED Syslog   
 227   0     270460       5052     275672         17         17 EEM ED Generic  
 228   0      16828       5052      22040          0          0 EEM ED Track    
 229   0      11848       5068      17044          0          0 EEM ED Routing  
 230   0      12108       5076      17296          0          0 EEM ED Resource 
 231   0          0          0      10128          0          0 BGP Consistency 
 232   0          0          0       7264          0          0 Syslog Traps    
 233   0        240        240       7264          0          0 RMON Recycle Pro
 234   0        240        240       7264          0          0 RMON Deferred Se
 236   0        240        240       7264          0          0 cerf_daemon_proc
 237   0        240        240      13264          0          0 ISG MIB jobs Man
 238   0          0          0      13264          0          0 IKEv2 FlexVPN Pr
 239   0    1317712      53760    1271152          0          0 EEM Server      
 240   0      93736      38176      82016          0          0 Call Home proces
 241   0      14600       1208      23656          0          0 EEM Policy Direc
 242   0          0          0      10128          0          0 BGP Event       
 243   0      11876       5076      17064          0          0 EEM ED CLI      
 244   0      11764       5076      16952          0          0 EEM ED Counter  
 245   0      12244       5136      17308          0          0 EEM ED Interface
 246   0      11628       5048      16844          0          0 EEM ED IOSWD    
 247   0      11628       5048      16844          0          0 EEM ED None     
 248   0      12008       5196      17244          0          0 EEM ED OIR      
 249   0     163996          0     174260          0          0 BGP Task        
 250   0      11576       4988      16852          0          0 EEM ED SNMP     
 251   0      11544       4988      16820          0          0 EEM ED SNMP Obje
 252   0      11700       4988      16976          0          0 EEM ED SNMP Noti
 253   0      11712       4988      16988          0          0 EEM ED Timer    
 254   0      11544       4988      16820          0          0 EEM ED Test     
 255   0      11564       4988      16840          0          0 EEM ED Config   
 256   0      11568       5012      16820          0          0 EEM ED Env      
 257   0          0          0       7264          0          0 TCP Listener    
 258   0      16744       4988      22020          0          0 EEM ED Nf       
 259   0      11564       4988      16840          0          0 EEM ED Ipsla    
 260   0      30808      30808      13264        128        128 Syslog          
 261   0      11832       5156      17108          0          0 EEM ED RPC      
 262   0       1056          0       8320          0          0 RMON Packets    
 263   0          0          0       7264          0          0 IP SLAs Ethernet
 264   0          0          0       7264         37         37 Net Input       
 265   0        240        240       7264          0          0 Compute load avg
 266   0          0          0       7264          0          0 Per-minute Jobs 
 267   0          0          0      10264          0          0 Per-Second Jobs 
 268   0     116864        240     129888          0          0 MRIB Process    
 269   0      11252        480      18036          0          0 EEM Helper Threa
 270   0          0          0       7168          0          0 Inter Chassis Pr
 271   0          0          0       7128          0          0 BGP VA          
 272   0      22032          0      26188          0          0 RIP Router      
 273   0     236984          0     189344          2          2 BGP Router      
 274   0          0     126292       7128          0          0 RIP Send        
 275   0     126292          0       7128       1259       1259 RIP Timers      
                                 60114012 Total

------------------ show process cpu ------------------


CPU utilization for five seconds: 28%/100%; one minute: 15%; five minutes: 10%
 PID Runtime(ms)     Invoked      uSecs   5Sec   1Min   5Min TTY Process 
   1           0           3          0  0.00%  0.00%  0.00%   0 Chunk Manager    
   2        3216         774       4155  0.07%  0.07%  0.07%   0 Load Meter       
   3         156        3749         41  0.00%  0.00%  0.00%   0 BGP Scheduler    
   4           0           1          0  0.00%  0.00%  0.00%   0 RO Notify Timers 
   5       73808        3824      19301  0.00%  2.12%  1.93%   0 Check heaps      
   6         192          65       2953  0.00%  0.00%  0.00%   0 Pool Manager     
   7           0           1          0  0.00%  0.00%  0.00%   0 DiscardQ Backgro 
   8           8           2       4000  0.00%  0.00%  0.00%   0 Timers           
   9          56         610         91  0.00%  0.00%  0.00%   0 WATCH_AFS        
  10          76          26       2923  0.00%  0.00%  0.00%   0 ARP Input        
  11        1540        4017        383  0.00%  0.04%  0.01%   0 ARP Background   
  12           0           2          0  0.00%  0.00%  0.00%   0 ATM Idle Timer   
  13           0           1          0  0.00%  0.00%  0.00%   0 ATM ASYNC PROC   
  14           0           1          0  0.00%  0.00%  0.00%   0 AAA_SERVER_DEADT 
  15           0           1          0  0.00%  0.00%  0.00%   0 Policy Manager   
  16           4           4       1000  0.00%  0.00%  0.00%   0 Entity MIB API   
  17         284           4      71000  0.00%  0.00%  0.00%   0 PrstVbl          
  18           0           2          0  0.00%  0.00%  0.00%   0 Serial Backgroun 
  19           0           1          0  0.00%  0.00%  0.00%   0 RMI RM Notify Wa 
  20           0           2          0  0.00%  0.00%  0.00%   0 DDR Timers       
  21           0           2          0  0.00%  0.00%  0.00%   0 ATM AutoVC Perio 
  22           0           2          0  0.00%  0.00%  0.00%   0 ATM VC Auto Crea 
  23          20         773         25  0.00%  0.00%  0.00%   0 IPC Event Notifi 
  24         112        3755         29  0.00%  0.00%  0.00%   0 IPC Mcast Pendin 
  25           0          65          0  0.00%  0.00%  0.00%   0 IPC Dynamic Cach 
  26          20         773         25  0.00%  0.00%  0.00%   0 IPC Service NonC 
  27           0           1          0  0.00%  0.00%  0.00%   0 IPC Zone Manager 
  28         128        3755         34  0.00%  0.00%  0.00%   0 IPC Periodic Tim 
  29         212        3754         56  0.07%  0.02%  0.00%   0 IPC Deferred Por 
  30           0           1          0  0.00%  0.00%  0.00%   0 IPC Process leve 
  31           4           1       4000  0.00%  0.00%  0.00%   0 IPC Seat Manager 
  32           8         221         36  0.00%  0.00%  0.00%   0 IPC Check Queue  
  33           0           1          0  0.00%  0.00%  0.00%   0 IPC Seat RX Cont 
  34           0           1          0  0.00%  0.00%  0.00%   0 IPC Seat TX Cont 
  35           8         387         20  0.00%  0.00%  0.00%   0 IPC Keep Alive M 
  36           8         773         10  0.00%  0.00%  0.00%   0 IPC Loadometer   
  37           0         387          0  0.00%  0.00%  0.00%   0 Compute SRP rate 
  38         176        3842         45  0.07%  0.00%  0.00%   0 EnvMon           
  39           0           1          0  0.00%  0.00%  0.00%   0 OIR Handler      
  40           0           1          0  0.00%  0.00%  0.00%   0 Crash writer     
  41           0           1          0  0.00%  0.00%  0.00%   0 Exception contro 
  42         128         748        171  0.00%  0.00%  0.00%   0 ALARM_TRIGGER_SC 
  43           0           1          0  0.00%  0.00%  0.00%   0 CEF MIB API      
  44         156        3862         40  0.00%  0.00%  0.00%   0 GraphIt          
  45           0           1          0  0.00%  0.00%  0.00%   0 SERIAL A'detect  
  46           4           2       2000  0.00%  0.00%  0.00%   0 Dialer event     
  47           0           2          0  0.00%  0.00%  0.00%   0 SMART            
  48           0           1          0  0.00%  0.00%  0.00%   0 RFS server proce 
  49           0           1          0  0.00%  0.00%  0.00%   0 Critical Bkgnd   
  50         712        1686        422  0.07%  0.04%  0.02%   0 Net Background   
  51          24           2      12000  0.00%  0.00%  0.00%   0 IDB Work         
  52          44         183        240  0.00%  0.00%  0.00%   0 Logger           
  53        1088        3834        283  0.00%  0.03%  0.01%   0 TTY Background   
  54          16           8       2000  0.00%  0.00%  0.00%   0 IF-MGR control p 
  55          12          14        857  0.00%  0.00%  0.00%   0 IF-MGR event pro 
  56           0           1          0  0.00%  0.00%  0.00%   0 Inode Table Dest 
  57           4           1       4000  0.00%  0.00%  0.00%   0 Transport Port A 
  58           0           2          0  0.00%  0.00%  0.00%   0 INTR MGR PROCESS 
  59       13768        1154      11930  0.23%  0.36%  0.36%   0 HC Counter Timer 
  60         796         690       1153  0.00%  0.00%  0.00%   0 EEM ED ND        
  61           0           2          0  0.00%  0.00%  0.00%   0 FEC_Link_event_h 
  62           0           1          0  0.00%  0.00%  0.00%   0 POS APS Event Pr 
  63           0           1          0  0.00%  0.00%  0.00%   0 SONET alarm time 
  64           0           2          0  0.00%  0.00%  0.00%   0 Hawkeye Backgrou 
  65           0           1          0  0.00%  0.00%  0.00%   0 CSP Timer        
  66           0           1          0  0.00%  0.00%  0.00%   0 FPD Management P 
  67           0           1          0  0.00%  0.00%  0.00%   0 FPD Action Proce 
  68           4           2       2000  0.00%  0.00%  0.00%   0 Flash MIB Update 
  69           0           1          0  0.00%  0.00%  0.00%   0 Flash Card Oir   
  70           0           1          0  0.00%  0.00%  0.00%   0 Async write proc 
  71           0           1          0  0.00%  0.00%  0.00%   0 Async write proc 
  72           0           1          0  0.00%  0.00%  0.00%   0 Async write proc 
  73           0           1          0  0.00%  0.00%  0.00%   0 Async write proc 
  74           0          65          0  0.00%  0.00%  0.00%   0 DFS flush period 
  75          40          89        449  0.00%  0.00%  0.00%   0 AAA Server       
  76         160          58       2758  0.00%  0.00%  0.00%   0 AAA ACCT Proc    
  77           0           1          0  0.00%  0.00%  0.00%   0 ACCT Periodic Pr 
  78           0           1          0  0.00%  0.00%  0.00%   0 AAA System Acct  
  79           0          65          0  0.00%  0.00%  0.00%   0 Call Home Timer  
  80           0           2          0  0.00%  0.00%  0.00%   0 AAA Dictionary R 
  81           0           1          0  0.00%  0.00%  0.00%   0 EAP Framework    
  82           0           1          0  0.00%  0.00%  0.00%   0 EAP Test         
  83           0           1          0  0.00%  0.00%  0.00%   0 HQF TUNNEL       
  84           0           2          0  0.00%  0.00%  0.00%   0 IPAM/ODAP Events 
  85        4464      115797         38  0.07%  0.17%  0.19%   0 IPAM Manager     
  86           0           2          0  0.00%  0.00%  0.00%   0 IPAM Events      
  87          12           3       4000  0.00%  0.00%  0.00%   0 IP ARP Adjacency 
  88        3944      115797         34  0.07%  0.16%  0.16%   0 IP ARP Retry Age 
  89        5196        2932       1772  0.07%  0.17%  0.12%   0 IP Input         
  90           0           1          0  0.00%  0.00%  0.00%   0 ICMP event handl 
  91           4           3       1333  0.00%  0.00%  0.00%   0 PIM register asy 
  92           0           4          0  0.00%  0.00%  0.00%   0 TurboACL         
  93           4           2       2000  0.00%  0.00%  0.00%   0 TurboACL chunk   
  94           0           1          0  0.00%  0.00%  0.00%   0 IPv6 ping proces 
  95           0           2          0  0.00%  0.00%  0.00%   0 OCE punted Pkts  
  96           0           1          0  0.00%  0.00%  0.00%   0 O-UNI Client Msg 
  97           0           1          0  0.00%  0.00%  0.00%   0 LSP Tunnel FRR   
  98           0           1          0  0.00%  0.00%  0.00%   0 MPLS Auto-Tunnel 
  99           4           1       4000  0.00%  0.00%  0.00%   0 st_pw_oam        
 100           0           1          0  0.00%  0.00%  0.00%   0 AAA EPD HANDLER  
 101           0           1          0  0.00%  0.00%  0.00%   0 PM EPD API       
 102           0           1          0  0.00%  0.00%  0.00%   0 DM Proc          
 103           0           2          0  0.00%  0.00%  0.00%   0 PPP SIP          
 104           0           2          0  0.00%  0.00%  0.00%   0 PPP Bind         
 105           4           2       2000  0.00%  0.00%  0.00%   0 PPP IP Route     
 106        7176         403      17806 24.71%  7.83%  1.81%   2 SSH Process      
 107           0           2          0  0.00%  0.00%  0.00%   0 SSM connection m 
 108           0           2          0  0.00%  0.00%  0.00%   0 Spanning Tree    
 109           0           1          0  0.00%  0.00%  0.00%   0 VRRS             
 110           0           2          0  0.00%  0.00%  0.00%   0 CEF switching ba 
 111           0           1          0  0.00%  0.00%  0.00%   0 ADJ NSF process  
 112           0           2          0  0.00%  0.00%  0.00%   0 ATM OAM Input    
 113           0           2          0  0.00%  0.00%  0.00%   0 ATM OAM TIMER    
 114          16          63        253  0.00%  0.00%  0.00%   0 MOP Protocols    
 115           0           1          0  0.00%  0.00%  0.00%   0 SSS Manager      
 116           0           1          0  0.00%  0.00%  0.00%   0 SSS Policy Manag 
 117           4           1       4000  0.00%  0.00%  0.00%   0 SSS Feature Mana 
 118         936       15016         62  0.23%  0.07%  0.03%   0 SSS Feature Time 
 119           0           1          0  0.00%  0.00%  0.00%   0 SSS PM SHIM QOS  
 120           0           1          0  0.00%  0.00%  0.00%   0 Timer handler fo 
 121           0           1          0  0.00%  0.00%  0.00%   0 Prepaid response 
 122           0           1          0  0.00%  0.00%  0.00%   0 Timed Policy act 
 123           0           1          0  0.00%  0.00%  0.00%   0 AAA response han 
 124           0           2          0  0.00%  0.00%  0.00%   0 KRB5 AAA         
 125           0           1          0  0.00%  0.00%  0.00%   0 delayed evt hand 
 126           0           1          0  0.00%  0.00%  0.00%   0 AC Switch        
 127           0           1          0  0.00%  0.00%  0.00%   0 ISG CMD HANDLER  
 128          40         945         42  0.07%  0.00%  0.00%   0 IP Lite session  
 129           0           2          0  0.00%  0.00%  0.00%   0 IP PORTBUNDLE    
 130          20         944         21  0.00%  0.00%  0.00%   0 IP Static Sessio 
 131           0           1          0  0.00%  0.00%  0.00%   0 RADIUS Proxy     
 132           0          65          0  0.00%  0.00%  0.00%   0 FRR Background P 
 133          76         104        730  0.00%  0.00%  0.00%   0 CEF background p 
 134           4           1       4000  0.00%  0.00%  0.00%   0 fib_fib_bfd_sb e 
 135           4           1       4000  0.00%  0.00%  0.00%   0 IP IRDP          
 136           0           1          0  0.00%  0.00%  0.00%   0 SNMP Timers      
 137           0           2          0  0.00%  0.00%  0.00%   0 Routing Topology 
 138          76          16       4750  0.00%  0.00%  0.00%   0 IP RIB Update    
 139          72          71       1014  0.00%  0.00%  0.00%   0 IP Background    
 140         100          29       3448  0.00%  0.00%  0.00%   0 IP Connected Rou 
 141        3296        1137       2898  0.07%  0.07%  0.07%   0 CDP Protocol     
 142         212         145       1462  0.00%  0.00%  0.00%   0 BGP I/O          
 143           0           1          0  0.00%  0.00%  0.00%   0 IP Traceroute    
 144           0           1          0  0.00%  0.00%  0.00%   0 Socket Timers    
 145           0           3          0  0.00%  0.00%  0.00%   0 Service Routing  
 146          16           4       4000  0.00%  0.00%  0.00%   0 SR CapMan Proces 
 147           0           4          0  0.00%  0.00%  0.00%   0 Flow Exporter Ti 
 148         332        1274        260  0.00%  0.01%  0.00%   0 TCP Timer        
 149         408          57       7157  0.00%  0.02%  0.00%   0 TCP Protocols    
 150           0          13          0  0.00%  0.00%  0.00%   0 HTTP CORE        
 151           0           1          0  0.00%  0.00%  0.00%   0 Tunnel FIB       
 152           0           2          0  0.00%  0.00%  0.00%   0 HQF Output Shape 
 153           0           2          0  0.00%  0.00%  0.00%   0 HQF Input Shaper 
 154        1368        5195        263  0.07%  0.07%  0.03%   0 CEF: IPv4 proces 
 155           0           2          0  0.00%  0.00%  0.00%   0 ADJ background   
 156           4           3       1333  0.00%  0.00%  0.00%   0 Collection proce 
 158           4           5        800  0.00%  0.00%  0.00%   0 SSH Event handle 
 159           0           3          0  0.00%  0.00%  0.00%   0 MFIB Master back 
 160           0           2          0  0.00%  0.00%  0.00%   0 Multicast Offloa 
 161           4           3       1333  0.00%  0.00%  0.00%   0 MVPN mgr Process 
 162           0           2          0  0.00%  0.00%  0.00%   0 static           
 163           0           1          0  0.00%  0.00%  0.00%   0 IPv6 RIB Cleanup 
 164           0           1          0  0.00%  0.00%  0.00%   0 IPv6 RIB Event H 
 165          12           2       6000  0.00%  0.00%  0.00%   0 VPWS Thread      
 166           8           2       4000  0.00%  0.00%  0.00%   0 LFDp Input Proc  
 167          40         383        104  0.00%  0.00%  0.00%   0 QoS stats proces 
 168           0           2          0  0.00%  0.00%  0.00%   0 SCTP Main Proces 
 169           0           2          0  0.00%  0.00%  0.00%   0 PPP Compress Inp 
 170           0           2          0  0.00%  0.00%  0.00%   0 PPP Compress Res 
 171           0           2          0  0.00%  0.00%  0.00%   0 ADJ resolve proc 
 172           0           1          0  0.00%  0.00%  0.00%   0 COPS             
 173           0           2          0  0.00%  0.00%  0.00%   0 Dialer Forwarder 
 174           0           1          0  0.00%  0.00%  0.00%   0 RARP Input       
 175           4           2       2000  0.00%  0.00%  0.00%   0 PPP NBF          
 176         492        3825        128  0.00%  0.00%  0.00%   0 PfR BR Learn     
 177           0           1          0  0.00%  0.00%  0.00%   0 PAD InCall       
 178           0           2          0  0.00%  0.00%  0.00%   0 X.25 Background  
 179           0           1          0  0.00%  0.00%  0.00%   0 X.25 Encaps Mana 
 180        1836       37874         48  0.15%  0.11%  0.08%   0 RBSCP Background 
 181           0           1          0  0.00%  0.00%  0.00%   0 VPDN call manage 
 182           0           1          0  0.00%  0.00%  0.00%   0 XC RIB MGR       
 183           0           1          0  0.00%  0.00%  0.00%   0 ac_atm_state_eve 
 184           0           1          0  0.00%  0.00%  0.00%   0 ac_atm_mraps_hsp 
 185           0           2          0  0.00%  0.00%  0.00%   0 L2X Switching Ev 
 186           0           2          0  0.00%  0.00%  0.00%   0 IP Inband Sessio 
 187           0           1          0  0.00%  0.00%  0.00%   0 DHCP SIP         
 188        1796         950       1890  0.00%  0.00%  0.00%   0 IP SIP Process   
 189          84          88        954  0.00%  0.00%  0.00%   0 PMIPV6 Thread    
 190           4           2       2000  0.00%  0.00%  0.00%   0 AAA Cached Serve 
 191           0           1          0  0.00%  0.00%  0.00%   0 EM Background Pr 
 192           0           1          0  0.00%  0.00%  0.00%   0 IDMGR CORE       
 193           4           1       4000  0.00%  0.00%  0.00%   0 Key chain liveke 
 194         144          89       1617  0.00%  0.00%  0.00%   0 LOCAL AAA        
 195           0           3          0  0.00%  0.00%  0.00%   0 MPLS Auto Mesh P 
 196       33768         193     174963  0.00%  0.74%  0.86%   0 BGP Scanner      
 197           0           2          0  0.00%  0.00%  0.00%   0 ENABLE AAA       
 198           0           2          0  0.00%  0.00%  0.00%   0 LINE AAA         
 199           0           2          0  0.00%  0.00%  0.00%   0 TPLUS            
 200          48           2      24000  0.00%  0.00%  0.00%   0 NIST rng proc    
 201         556        7478         74  0.00%  0.03%  0.00%   0 Timer Library    
 202           0           2          0  0.00%  0.00%  0.00%   0 Crypto Support   
 203           0           1          0  0.00%  0.00%  0.00%   0 IPSECv6 PS Proc  
 204        1136          49      23183  0.00%  0.00%  0.00%   0 crypto engine pr 
 205        2888           4     722000  0.00%  0.00%  0.00%   0 Crypto CA        
 206           0           1          0  0.00%  0.00%  0.00%   0 Crypto PKI-CRL   
 207           0           1          0  0.00%  0.00%  0.00%   0 encrypt proc     
 208        4108         358      11474  0.00%  0.07%  0.46%   0 crypto sw pk pro 
 209           0           1          0  0.00%  0.00%  0.00%   0 QOS PERUSER      
 210           0           2          0  0.00%  0.00%  0.00%   0 GDOI GM Process  
 211           0           1          0  0.00%  0.00%  0.00%   0 UNICAST REKEY    
 212           0           1          0  0.00%  0.00%  0.00%   0 UNICAST REKEY AC 
 213           0           3          0  0.00%  0.00%  0.00%   0 CRYPTO MAP FREE  
 214           0           1          0  0.00%  0.00%  0.00%   0 Crypto INT       
 215           4           2       2000  0.00%  0.00%  0.00%   0 Crypto IKE Dispa 
 216           8           3       2666  0.00%  0.00%  0.00%   0 Crypto IKMP      
 217           0           1          0  0.00%  0.00%  0.00%   0 IPSEC manual key 
 218          96         195        492  0.00%  0.00%  0.00%   0 IPSEC key engine 
 219           0           1          0  0.00%  0.00%  0.00%   0 Crypto ACL       
 220           0           1          0  0.00%  0.00%  0.00%   0 Crypto PAS Proc  
 221           4           1       4000  0.00%  0.00%  0.00%   0 IPSec background 
 222         988        3857        256  0.00%  0.01%  0.00%   0 Crypto IKEv2     
 223           0           1          0  0.00%  0.00%  0.00%   0 IKEv2 AAA handle 
 224         200          58       3448  0.00%  0.00%  0.00%   0 AAA SEND STOP EV 
 225           0           1          0  0.00%  0.00%  0.00%   0 Test AAA Client  
 226          96         109        880  0.00%  0.00%  0.00%   0 EEM ED Syslog    
 227          24          13       1846  0.00%  0.00%  0.00%   0 EEM ED Generic   
 228          16           4       4000  0.00%  0.00%  0.00%   0 EEM ED Track     
 229          12           4       3000  0.00%  0.00%  0.00%   0 EEM ED Routing   
 230           8           4       2000  0.00%  0.00%  0.00%   0 EEM ED Resource  
 231           0           1          0  0.00%  0.00%  0.00%   0 BGP Consistency  
 232           0           1          0  0.00%  0.00%  0.00%   0 Syslog Traps     
 233          12         388         30  0.00%  0.00%  0.00%   0 RMON Recycle Pro 
 234           0           2          0  0.00%  0.00%  0.00%   0 RMON Deferred Se 
 236         280        3825         73  0.00%  0.00%  0.00%   0 cerf_daemon_proc 
 237        8740      234283         37  0.63%  0.53%  0.47%   0 ISG MIB jobs Man 
 238           4           1       4000  0.00%  0.00%  0.00%   0 IKEv2 FlexVPN Pr 
 239         208          61       3409  0.00%  0.00%  0.00%   0 EEM Server       
 240          36           3      12000  0.00%  0.00%  0.00%   0 Call Home proces 
 241           4           3       1333  0.00%  0.00%  0.00%   0 EEM Policy Direc 
 242           0           2          0  0.00%  0.00%  0.00%   0 BGP Event        
 243           8           4       2000  0.00%  0.00%  0.00%   0 EEM ED CLI       
 244          12           4       3000  0.00%  0.00%  0.00%   0 EEM ED Counter   
 245          12           4       3000  0.00%  0.00%  0.00%   0 EEM ED Interface 
 246           8           4       2000  0.00%  0.00%  0.00%   0 EEM ED IOSWD     
 247           8           4       2000  0.00%  0.00%  0.00%   0 EEM ED None      
 248          12           4       3000  0.00%  0.00%  0.00%   0 EEM ED OIR       
 249          12           6       2000  0.00%  0.00%  0.00%   0 BGP Task         
 250           4           4       1000  0.00%  0.00%  0.00%   0 EEM ED SNMP      
 251           0           4          0  0.00%  0.00%  0.00%   0 EEM ED SNMP Obje 
 252           4           4       1000  0.00%  0.00%  0.00%   0 EEM ED SNMP Noti 
 253          20          68        294  0.00%  0.00%  0.00%   0 EEM ED Timer     
 254           0           4          0  0.00%  0.00%  0.00%   0 EEM ED Test      
 255           0           4          0  0.00%  0.00%  0.00%   0 EEM ED Config    
 256           0           4          0  0.00%  0.00%  0.00%   0 EEM ED Env       
 257           0           3          0  0.00%  0.00%  0.00%   0 TCP Listener     
 258           8           4       2000  0.00%  0.00%  0.00%   0 EEM ED Nf        
 259           4           4       1000  0.00%  0.00%  0.00%   0 EEM ED Ipsla     
 260         168          93       1806  0.00%  0.00%  0.00%   0 Syslog           
 261           4           4       1000  0.00%  0.00%  0.00%   0 EEM ED RPC       
 262           4           1       4000  0.00%  0.00%  0.00%   0 RMON Packets     
 263           0           1          0  0.00%  0.00%  0.00%   0 IP SLAs Ethernet 
 264          12          31        387  0.00%  0.00%  0.00%   0 Net Input        
 265       18572        1343      13828  0.55%  0.50%  0.49%   0 Compute load avg 
 266         292         129       2263  0.00%  0.00%  0.00%   0 Per-minute Jobs  
 267        1008        3868        260  0.15%  0.18%  0.16%   0 Per-Second Jobs  
 268           4           2       2000  0.00%  0.00%  0.00%   0 MRIB Process     
 269          44          49        897  0.00%  0.00%  0.00%   0 EEM Helper Threa 
 270           0           1          0  0.00%  0.00%  0.00%   0 Inter Chassis Pr 
 271           0           1          0  0.00%  0.00%  0.00%   0 BGP VA           
 272           8           2       4000  0.00%  0.00%  0.00%   0 RIP Router       
 273        1264        3885        325  0.07%  0.01%  0.01%   0 BGP Router       
 274         200        1249        160  0.07%  0.01%  0.00%   0 RIP Send         
 275        8436        1633       5165  0.15%  0.23%  0.22%   0 RIP Timers      

------------------ show process cpu history ------------------

                                                                  
                                                                  
                                                                  
      2222222223333311111111112222211111          11111           
      888899999888888888899999222220000033333888881111122222222222
  100                                                           
   90                                                           
   80                                                           
   70                                                           
   60                                                           
   50                                                           
   40          *****                                            
   30 **************                                            
   20 *****************************                             
   10 **********************************     **********         
     0....5....1....1....2....2....3....3....4....4....5....5....6
               0    5    0    5    0    5    0    5    0    5    0
               CPU% per second (last 60 seconds)

                                                                  
                                                                  
                                                                  
      232722422143125123523322124425443234144432122222112242444312
      290296588419667848663755603394118751483355921142790628111599
  100                                                           
   90                                                           
   80                                                           
   70    *                                                      
   60    *          *   *                                       
   50    *  *       *   *          *       *                    
   40  * *  *   **  *  **  *    ** **** ** ****           * ****
   30  * ****** ** **  *******  ********** *****         *******
   20 ********* ************************** *********************
   10 #########*############***###########*#####################
     0....5....1....1....2....2....3....3....4....4....5....5....6
               0    5    0    5    0    5    0    5    0    5    0
               CPU% per minute (last 60 minutes)
              * = maximum CPU%   # = average CPU%

                                                                              
                                                                              
                                                                              
      6                                                                       
      0                                                                       
  100                                                                       
   90                                                                       
   80                                                                       
   70                                                                       
   60 *                                                                     
   50 *                                                                     
   40 *                                                                     
   30 *                                                                     
   20 *                                                                     
   10 #                                                                     
     0....5....1....1....2....2....3....3....4....4....5....5....6....6....7..
               0    5    0    5    0    5    0    5    0    5    0    5    0  
                   CPU% per hour (last 72 hours)
                  * = maximum CPU%   # = average CPU%



DEBUG:netmiko:read_channel: 
DEBUG:netmiko:read_channel: 
DEBUG:netmiko:read_channel: 
DEBUG:netmiko:read_channel: 
DEBUG:netmiko:read_channel: 
------------------ show process cpu history ------------------

                                                                  
                                                                  
                                                                  
      22222222444441111122222     11111          1111122222       
      999999990000033333111111111144444222223333311111000002222211
  100                                                           
   90                                                           
   80                                                           
   70                                                           
   60                                                           
   50                                                           
   40         *****                                             
   30 *************                                             
   20 *************     *****                         *****     
   10 ***********************     *****          **********     
     0....5....1....1....2....2....3....3....4....4....5....5....6
               0    5    0    5    0    5    0    5    0    5    0
               CPU% per second (last 60 seconds)

                                                                  
                                                                  
                                                                  
      432113313254223424422332121534232133222332111222322132452425
      004979262720452162055998784593598422476381679434466786423002
  100                                                           
   90                                                           
   80                                                           
   70                                                           
   60                            *                              
   50           *                *                           *  
   40 *    *    **   * **  **    *** *        *           * ** *
   30 **   ** **** *********** * ****** ** ****       *** **** *
   20 ************************** ****** ************************
   10 ####*########*#########*##*#####**#########**##*#***#*####
     0....5....1....1....2....2....3....3....4....4....5....5....6
               0    5    0    5    0    5    0    5    0    5    0
               CPU% per minute (last 60 minutes)
              * = maximum CPU%   # = average CPU%

                                                                              
                                                                              
                                                                              
      5                                                                       
      5                                                                       
  100                                                                       
   90                                                                       
   80                                                                       
   70                                                                       
   60 *                                                                     
   50 *                                                                     
   40 *                                                                     
   30 *                                                                     
   20 *                                                                     
   10 #                                                                     
     0....5....1....1....2....2....3....3....4....4....5....5....6....6....7..
               0    5    0    5    0    5    0    5    0    5    0    5    0  
                   CPU% per hour (last 72 hours)
                  * = maximum CPU%   # = average CPU%



------------------ show file systems ------------------


File Systems:

       Size(b)       Free(b)      Type  Flags  Prefixes
             -             -    opaque     rw   system:
             -             -    opaque     rw   tmpsys:
             -             -    opaque     rw   null:
             -             -    opaque     ro   tar:
             -             -   network     rw   tftp:
             -             -    opaque     wo   syslog:
        522232        514437     nvram     rw   nvram:
*        55296         55296      disk     rw   disk0:
             -             -      disk     rw   disk1:
             -             -     flash     rw   slot0: flash:
             -             -     flash     rw   slot1:
             -             -     flash     rw   bootflash:
             -             -   network     rw   rcp:
             -             -   network     rw   pram:
             -             -   network     rw   ftp:
             -             -   network     rw   http:
             -             -   network     rw   scp:
             -             -   network     rw   https:
             -             -    opaque     ro   cns:


------------------ show file descriptors ------------------


File Descriptors:

  No open file descriptors


------------------ dir nvram: ------------------


Directory of nvram:/

  510  -rw-        3157                    <no date>  startup-config
  511  ----        3562                    <no date>  private-config
  512  -rw-        3157                    <no date>  underlying-config
    1  ----          69                    <no date>  persistent-data

522232 bytes total (514437 bytes free)

------------------ show disk0: all ------------------


No files on device

55296 bytes available (0 bytes used)

******** ATA Flash Card Geometry/Format Info ********

ATA CARD GEOMETRY
   Manufacturer Name      Dynamips ATA Flash Card  
   Model Number           
   Serial Number          
   Firmware Revision      
   Number of Heads        4     
   Number of Cylinders    320   
   Sectors per Cylinder   32    
   Sector Size            512   
   Total Sectors          40960 

ATA PARTITION 1 INFO
   Start Sector           32    
   Number of Sectors      40928 
   Size in Bytes          20955136
   File System Type       FAT16
   Number of FAT Sectors  40    
   Sectors Per Cluster    4     
   Number of Clusters     27    
   Number of Data Sectors 108   
   Base FAT Sector        1     
   Base Root Sector       81    
   Base Data Sector       113   

ATA MONLIB INFO
   Image Monlib size      125488
   Disk Monlib Size       NA
   Disk Space Available   NA
   Name                   NA
   End Sector             NA
   Start sector           NA
   Updated By             NA
   Version                NA
   Monlib Version         0     
   Monlib Params Version  0     


------------------ show controllers t1 ------------------



------------------ show controllers e1 ------------------



------------------ show ip nbar version ------------------




NBAR software version:  13

1   base                             Mv: 6
2   ftp                              Mv: 7
      Iv:                             smtp - 2
      Iv:                          gridftp - 1
3   http                             Mv: 20
      Iv:                          youtube - 6
      Iv:                    msn-messenger - 3
      Iv:                  yahoo-messenger - 3
      Iv:                      flash-video - 2
      Iv:                       flashyahoo - 2
      Iv:                     flashmyspace - 2
      Iv:                  audio-over-http - 2
      Iv:                 binary-over-http - 2
      Iv:                  video-over-http - 2
      Iv:                              irc - 2
      Iv:                         babelgum - 1
      Iv:                           itunes - 1
      Iv:                            sling - 1
      Iv:                     google-earth - 1
      Iv:                      baidu-movie - 1
      Iv:                            pando - 1
      Iv:                          napster - 1
      Iv:                         songsari - 1
      Iv:                       webthunder - 1
      Iv:                          sopcast - 3
      Iv:                      tunnel-http - 1
      Iv:                         soribada - 2
      Iv:                              icq - 1
      Iv:                            skype - 5
      Iv:                          edonkey - 7
      Iv:                    directconnect - 5
      Iv:                         gnutella - 7
      Iv:                        ms-update - 1
      Iv:                             rtsp - 9
      Iv:                          netflix - 1
      Iv:                        megavideo - 1
      Iv:                       bittorrent - 5
      Iv:                              tor - 1
      Iv:                            gmail - 1
      Iv:                            gtalk - 1
      Iv:                       gtalk-voip - 1
      Iv:                      gtalk-video - 1
      Iv:                       activesync - 1
      Iv:                         rhapsody - 1
      Iv:                            fring - 1
      Iv:                            rtmpt - 1
      Iv:                      livestation - 1
      Iv:                       secondlife - 1
      Iv:                         vnc-http - 1
      Iv:                      share-point - 1
      Iv:                    ms-office-365 - 1
      Iv:                           ms-sms - 1
      Iv:                        ghostsurf - 1
      Iv:                         gotomypc - 1
      Iv:                    adobe-connect - 1
      Iv:                        realmedia - 1
4   static                           Mv: 6
5   socks                            Mv: 3
6   nntp                             Mv: 2
      Iv:                  yahoo-messenger - 3
7   tftp                             Mv: 2
8   ms-rpc                           Mv: 2
      Iv:                         exchange - 4
      Iv:                      ms-netlogon - 1
      Iv:                       ms-win-dns - 1
      Iv:                           ms-iis - 1
      Iv:                 active-directory - 1
9   exchange                         Mv: 4
      Iv:                           ms-rpc - 2
10  vdolive                          Mv: 1
11  sqlnet                           Mv: 2
12  oracle-sqlnet                    Mv: 2
13  netshow                          Mv: 3
14  sunrpc                           Mv: 3
      Iv:                              nfs - 1
      Iv:                        clearcase - 1
15  nfs                              Mv: 1
16  streamwork                       Mv: 2
17  citrix                           Mv: 12
18  fasttrack                        Mv: 3
19  gnutella                         Mv: 7
      Iv:                             http - 20
20  kazaa2                           Mv: 11
21  dhcp                             Mv: 1
22  rtsp                             Mv: 9
      Iv:                          youtube - 6
23  webex-meeting                    Mv: 1
      Iv:                              ssl - 1
24  rtp                              Mv: 8
      Iv:                         stun-nat - 1
25  mgcp                             Mv: 2
26  skinny                           Mv: 3
      Iv:                      cisco-phone - 4
27  sip                              Mv: 5
      Iv:                      cisco-phone - 4
      Iv:             telepresence-control - 4
      Iv:              yahoo-voip-over-sip - 1
      Iv:                       secondlife - 1
28  rtcp                             Mv: 5
      Iv:             telepresence-control - 4
      Iv:                         stun-nat - 1
29  edonkey                          Mv: 7
      Iv:                             http - 20
30  winmx                            Mv: 5
31  bittorrent                       Mv: 5
      Iv:                          blizwow - 2
      Iv:                            socks - 3
      Iv:                             http - 20
32  directconnect                    Mv: 5
      Iv:                             http - 20
33  hl7                              Mv: 3
34  fix                              Mv: 3
      Iv:                              ssl - 1
35  msn-messenger                    Mv: 3
      Iv:                             http - 20
      Iv:                           ms-wbt - 1
      Iv:                            socks - 3
36  ms-live-accounts                 Mv: 1
37  dicom                            Mv: 4
38  yahoo-messenger                  Mv: 3
      Iv:                             http - 20
      Iv:                             nntp - 2
      Iv:                            socks - 3
39  mapi                             Mv: 3
40  aol-messenger                    Mv: 2
      Iv:                            socks - 3
      Iv:                              ssl - 1
      Iv:                             http - 20
41  cifs                             Mv: 2
42  cisco-phone                      Mv: 4
      Iv:                              sip - 5
      Iv:                           skinny - 3
      Iv:             telepresence-control - 4
43  youtube                          Mv: 6
      Iv:                             http - 20
      Iv:                             rtsp - 9
44  realmedia                        Mv: 1
      Iv:                             http - 20
      Iv:                             rtsp - 9
45  imap                             Mv: 1
46  pop3                             Mv: 1
47  irc                              Mv: 2
      Iv:                             http - 20
48  skype                            Mv: 5
      Iv:                             http - 20
      Iv:                              dns - 1
49  blizwow                          Mv: 2
      Iv:                       bittorrent - 5
50  telepresence-media               Mv: 3
51  telepresence-control             Mv: 4
      Iv:                             rtcp - 5
      Iv:                      cisco-phone - 4
      Iv:                              sip - 5
52  zattoo                           Mv: 3
53  sopcast                          Mv: 3
      Iv:                             http - 20
54  flash-video                      Mv: 2
      Iv:                             http - 20
55  flashyahoo                       Mv: 2
      Iv:                             http - 20
56  flashmyspace                     Mv: 2
      Iv:                             http - 20
57  audio-over-http                  Mv: 2
      Iv:                             http - 20
58  binary-over-http                 Mv: 2
      Iv:                             http - 20
59  video-over-http                  Mv: 2
      Iv:                             http - 20
60  my-jabber-ft                     Mv: 1
61  ayiya-ipv6-tunneled              Mv: 1
62  filetopia                        Mv: 1
63  guruguru                         Mv: 1
64  manolito                         Mv: 1
65  radius                           Mv: 1
66  teamspeak                        Mv: 1
67  soribada                         Mv: 2
      Iv:                             http - 20
68  dht                              Mv: 1
69  pptp                             Mv: 2
70  ntp                              Mv: 1
71  poco                             Mv: 2
72  ventrilo                         Mv: 1
73  tomatopang                       Mv: 1
74  maplestory                       Mv: 1
75  itunes                           Mv: 1
      Iv:                             http - 20
76  napster                          Mv: 1
      Iv:                             http - 20
77  sling                            Mv: 1
      Iv:                             http - 20
78  google-earth                     Mv: 1
      Iv:                             http - 20
79  baidu-movie                      Mv: 1
      Iv:                             http - 20
80  pando                            Mv: 1
      Iv:                             http - 20
81  webthunder                       Mv: 1
      Iv:                             http - 20
82  babelgum                         Mv: 1
      Iv:                             http - 20
83  songsari                         Mv: 1
      Iv:                             http - 20
84  tunnel-http                      Mv: 1
      Iv:                             http - 20
85  teredo-ipv6-tunneled             Mv: 1
86  sixtofour-ipv6-tunneled          Mv: 1
      Iv:             isatap-ipv6-tunneled - 1
87  isatap-ipv6-tunneled             Mv: 1
      Iv:          sixtofour-ipv6-tunneled - 1
88  fring                            Mv: 1
      Iv:                             http - 20
89  fring-voip                       Mv: 1
      Iv:                      fring-video - 1
90  fring-video                      Mv: 1
      Iv:                       fring-voip - 1
91  waste                            Mv: 1
92  kuro                             Mv: 1
93  smtp                             Mv: 2
94  icq                              Mv: 1
      Iv:                             http - 20
95  soulseek                         Mv: 1
96  yahoo-voip-messenger             Mv: 2
      Iv:                              rtp - 8
97  yahoo-voip-over-sip              Mv: 1
      Iv:                              sip - 5
98  aol-protocol                     Mv: 1
      Iv:                    aol-messenger - 2
99  ipsec                            Mv: 1
100  isakmp                           Mv: 1
101  ppstream                         Mv: 1
102  rtmp                             Mv: 1
103  rtmpe                            Mv: 1
104  rtmpt                            Mv: 1
      Iv:                             http - 20
105  dns                              Mv: 1
      Iv:                       tcpoverdns - 1
      Iv:                            skype - 5
106  windows-update                   Mv: 1
107  encrypted-emule                  Mv: 1
108  networking-gnutella              Mv: 1
109  encrypted-bittorrent             Mv: 1
110  ms-wbt                           Mv: 1
      Iv:                    msn-messenger - 3
111  gmail                            Mv: 1
      Iv:                             http - 20
      Iv:                              ssl - 1
112  openvpn                          Mv: 1
      Iv:                              ssl - 1
113  ssl                              Mv: 1
      Iv:                              fix - 3
      Iv:                    webex-meeting - 1
      Iv:                          netflix - 1
      Iv:                            gmail - 1
      Iv:                      livemeeting - 1
      Iv:                      livestation - 1
      Iv:                              dmp - 1
      Iv:                         rhapsody - 1
      Iv:                       secondlife - 1
      Iv:                 ms-live-accounts - 1
      Iv:                  google-accounts - 1
      Iv:                 active-directory - 1
      Iv:                          sip-tls - 1
      Iv:                    ms-office-365 - 1
      Iv:                            pcoip - 1
      Iv:                      vmware-view - 1
      Iv:                          openvpn - 1
      Iv:                        ms-update - 1
      Iv:                            mysql - 1
      Iv:                         gotomypc - 1
      Iv:                        ghostsurf - 1
      Iv:                    adobe-connect - 1
      Iv:                    aol-messenger - 2
      Iv:                      share-point - 1
      Iv:                        realmedia - 1
114  ghostsurf                        Mv: 1
      Iv:                             http - 20
115  netflix                          Mv: 1
      Iv:                             http - 20
      Iv:                              ssl - 1
116  megavideo                        Mv: 1
      Iv:                             http - 20
117  stun-nat                         Mv: 1
118  viber                            Mv: 1
119  cisco-ip-camera                  Mv: 1
      Iv:                             rtsp - 9
120  livestation                      Mv: 1
      Iv:                             http - 20
      Iv:                             rtmp - 1
      Iv:                              ssl - 1
121  gridftp                          Mv: 1
122  winny                            Mv: 1
123  livemeeting                      Mv: 1
      Iv:                              ssl - 1
      Iv:                         stun-nat - 1
124  tor                              Mv: 1
      Iv:                             http - 20
      Iv:                              ssl - 1
125  xmpp-client                      Mv: 1
126  gtalk-chat                       Mv: 1
      Iv:                      xmpp-client - 1
127  gtalk                            Mv: 1
      Iv:                             http - 20
      Iv:                         stun-nat - 1
      Iv:                      gtalk-video - 1
      Iv:                       gtalk-voip - 1
      Iv:                         gtalk-ft - 1
128  gtalk-voip                       Mv: 1
      Iv:                             http - 20
      Iv:                         stun-nat - 1
      Iv:                            gtalk - 1
129  gtalk-ft                         Mv: 1
      Iv:                         stun-nat - 1
      Iv:                            gtalk - 1
130  gtalk-video                      Mv: 1
      Iv:                             http - 20
      Iv:                         stun-nat - 1
      Iv:                            gtalk - 1
131  steam                            Mv: 1
132  ping                             Mv: 1
133  exec                             Mv: 1
134  login                            Mv: 1
135  shell                            Mv: 1
136  netapp-snapmirror                Mv: 1
137  ms-iis                           Mv: 1
      Iv:                           ms-rpc - 2
138  ms-win-dns                       Mv: 1
      Iv:                           ms-rpc - 2
139  ms-netlogon                      Mv: 1
      Iv:                           ms-rpc - 2
140  ms-sms                           Mv: 1
      Iv:                             http - 20
      Iv:                        ms-update - 1
141  perforce                         Mv: 1
142  vnc                              Mv: 1
143  vnc-http                         Mv: 1
      Iv:                             http - 20
144  secondlife                       Mv: 1
      Iv:                              ssl - 1
      Iv:                             http - 20
      Iv:                              sip - 5
145  msn-messenger-filetransfer       Mv: 1
146  icq-filetransfer                 Mv: 1
147  tcpoverdns                       Mv: 1
      Iv:                              dns - 1
148  msn-messenger-video              Mv: 1
      Iv:                         stun-nat - 1
      Iv:                              rtp - 8
149  share-point                      Mv: 1
      Iv:                             http - 20
      Iv:                              ssl - 1
150  sip-tls                          Mv: 1
      Iv:                              ssl - 1
151  activesync                       Mv: 1
      Iv:                             http - 20
152  rhapsody                         Mv: 1
      Iv:                             http - 20
      Iv:                             rtmp - 1
      Iv:                              ssl - 1
153  ip-messenger                     Mv: 1
154  capwap-control                   Mv: 1
      Iv:                      capwap-data - 1
155  capwap-data                      Mv: 1
      Iv:                   capwap-control - 1
156  dmp                              Mv: 1
      Iv:                              ssl - 1
157  netbios-ns                       Mv: 1
158  ldap                             Mv: 1
159  active-directory                 Mv: 1
      Iv:                           ms-rpc - 2
      Iv:                             cifs - 2
      Iv:                             ldap - 1
      Iv:                              ssl - 1
160  google-accounts                  Mv: 1
161  ms-office-365                    Mv: 1
      Iv:                             http - 20
      Iv:                              ssl - 1
162  teamviewer                       Mv: 1
163  pcanywhere                       Mv: 1
164  snmp                             Mv: 1
165  vmware-vmotion                   Mv: 1
166  pcoip                            Mv: 1
      Iv:                              ssl - 1
167  vmware-view                      Mv: 1
      Iv:                              ssl - 1
168  gotomypc                         Mv: 1
      Iv:                             http - 20
      Iv:                              ssl - 1
169  kerberos                         Mv: 1
170  clearcase                        Mv: 1
171  ms-update                        Mv: 1
      Iv:                              ssl - 1
      Iv:                             http - 20
      Iv:                           ms-sms - 1
172  mysql                            Mv: 1
      Iv:                              ssl - 1
173  sqlserver                        Mv: 1
      Iv:                             cifs - 2
174  adobe-connect                    Mv: 1
      Iv:                             rtmp - 1
      Iv:                              ssl - 1
      Iv:                             http - 20
175  aol-messenger-audio              Mv: 1
      Iv:                              rtp - 8
176  aol-messenger-video              Mv: 1
      Iv:              aol-messenger-audio - 1
      Iv:                              rtp - 8
      Iv:                             http - 20
      Iv:                         stun-nat - 1
      Iv:                             rtmp - 1
177  aol-messenger-ft                 Mv: 1
      Iv:              aol-messenger-audio - 1
178  ms-sql-m                         Mv: 1
179  hopopt                           Mv: 1
180  ipv6-frag                        Mv: 1
181  ipv6-nonxt                       Mv: 1
182  ipv6-opts                        Mv: 1
183  ipv6-route                       Mv: 1
184  oscar-filetransfer               Mv: 1
      Iv:              aol-messenger-audio - 1
185  iana                             Mv: 1
186  custom-protocols                 Mv: 1
187  attribute                        Mv: 1


{<No.>}<PDLM name> Mv: <PDLM Version>, {Nv: <NBAR Software Version>; <File name>}
            {Iv: <PDLM Interdependency Name>   - <PDLM Interdependency Version>}


------------------ show crypto key mypubkey rsa ------------------

% Key pair was generated at: 20:25:28 UTC Jul 23 2020
Key name: CR-R1.gns3.lab
Key type: RSA KEYS
 Storage Device: private-config
 Usage: General Purpose Key
 Key is not exportable. Redundancy enabled.
 Key Data:
  30820122 300D0609 2A864886 F70D0101 01050003 82010F00 3082010A 02820101 
  00A27D00 ABD4CBA8 1FCBFC8E 92F76A6B A2617B49 DA172DC5 780277E3 54867EF8 
  F800B591 AB526852 58BE7298 781B99A6 1367D1F5 4D7D6121 AFA648DC 12B02B06 
  A771B396 7D134CFE 33F86C0C 6316A200 8BD82380 49DCC7A8 D46C179F 527BE66A 
  027BCBA4 A13A9CFD A789A86D 6B5A0E43 9654F15B BDCC8CEE DD08486A 62474385 
  5BE8834C 35AE9DA1 F493CE35 31B737A6 115A8DC6 1CF28C38 CCBAA50A 58BE5F91 
  AADAD731 D6B8AAAE 732CE38E BF802C21 E258204E E970EC58 29CDC331 D9D72EC0 
  BB2DC80C EE9DD573 C053EE99 D516C16A 454096E6 661BABEF 822973DC EC95E814 
  8FFB0CC0 D2127FF6 47641D20 CA96DB1D B5B447FA B79DF377 22ED89B8 98CF4B35 
  8B020301 0001
% Key pair was generated at: 20:44:03 UTC Aug 24 2020
Key name: CR-R1.gns3.lab.server
Key type: RSA KEYS
Temporary key
 Usage: Encryption Key
 Key is not exportable. Redundancy enabled.
 Key Data:
  307C300D 06092A86 4886F70D 01010105 00036B00 30680261 00C50905 DE068764 
  36846BEC A1A43692 D4F12D42 F163B505 4E1C4C26 AC21A918 D02781CC 8CC168DE 
  D5BEDD94 872FFDD6 6530A2B8 224D1C4D CF676DC5 D80463BB 0BB2ED2D BCEC8A22 
  28630916 76E122A4 7D508398 605CBCC1 D10E0655 8C722BD4 B5020301 0001

------------------ show crypto call admission statistics ------------------

---------------------------------------------------------------------
               Crypto Call Admission Control Statistics
---------------------------------------------------------------------
System Resource Limit:        0 Max IKE SAs:     0 Max in nego:  1000
Total IKE SA Count:           0 active:          0 negotiating:     0
Incoming IKE Requests:        0 accepted:        0 rejected:        0
Outgoing IKE Requests:        0 accepted:        0 rejected:        0
Rejected IKE Requests:        0 rsrc low:        0 Active SA limit: 0
                                                   In-neg SA limit: 0
IKE packets dropped at dispatch:        0

Max IPSEC SAs:     0
Total IPSEC SA Count:           0 active:          0 negotiating:     0
Incoming IPSEC Requests:        0 accepted:        0 rejected:        0
Outgoing IPSEC Requests:        0 accepted:        0 rejected:        0

Phase1.5 SAs under negotiation:         0 


------------------ show inventory ------------------

NAME: "Chassis", DESCR: "Cisco 7206VXR, 6-slot chassis"
PID: CISCO7206VXR      , VID:    , SN: 4279256517 

NAME: "NPE400 0", DESCR: "Cisco 7200VXR Network Processing Engine NPE-400"
PID: NPE-400           , VID:    , SN: 11111111   

NAME: "module 0", DESCR: "I/O FastEthernet (TX-ISL)"
PID: C7200-IO-FE-MII/RJ, VID:    , SN: 4294967295 

NAME: "disk0", DESCR: "Cisco 7200 I/O PCMCIA Flash Disk, 48M"
PID: MEM-I/O-FLD48M    , VID:    , SN:            

NAME: "module 1", DESCR: "Dual Port FastEthernet (RJ45)"
PID: PA-2FE-FX         , VID:    , SN: XXX00000000

NAME: "module 2", DESCR: "Dual Port FastEthernet (RJ45)"
PID: PA-2FE-FX         , VID:    , SN: XXX00000000

NAME: "module 3", DESCR: "Dual Port FastEthernet (RJ45)"
PID: PA-2FE-FX         , VID:    , SN: XXX00000000

NAME: "Power Supply 0", DESCR: "Cisco 7200 AC Power Supply"
PID: PWR-7200-AC       , VID:    , SN:            

NAME: "Power Supply 1", DESCR: "Cisco 7200 AC Power Supply"
PID: PWR-7200-AC       , VID:    , SN:            



DEBUG:netmiko:read_channel: 
DEBUG:netmiko:read_channel: 
------------------ show file systems ------------------


File Systems:

       Size(b)       Free(b)      Type  Flags  Prefixes
             -             -    opaque     rw   system:
             -             -    opaque     rw   tmpsys:
             -             -    opaque     rw   null:
             -             -    opaque     ro   tar:
             -             -   network     rw   tftp:
             -             -    opaque     wo   syslog:
        522232        514175     nvram     rw   nvram:
*        55296         55296      disk     rw   disk0:
             -             -      disk     rw   disk1:
             -             -     flash     rw   slot0: flash:
             -             -     flash     rw   slot1:
             -             -     flash     rw   bootflash:
             -             -   network     rw   rcp:
             -             -   network     rw   pram:
             -             -   network     rw   ftp:
             -             -   network     rw   http:
             -             -   network     rw   scp:
             -             -   network     rw   https:
             -             -    opaque     ro   cns:


------------------ show file descriptors ------------------


File Descriptors:

  No open file descriptors


------------------ dir nvram: ------------------


Directory of nvram:/

  510  -rw-        3424                    <no date>  startup-config
  511  ----        3557                    <no date>  private-config
  512  -rw-        3424                    <no date>  underlying-config
    1  ----          69                    <no date>  persistent-data

522232 bytes total (514175 bytes free)

------------------ show disk0: all ------------------


No files on device

55296 bytes available (0 bytes used)

******** ATA Flash Card Geometry/Format Info ********

ATA CARD GEOMETRY
   Manufacturer Name      Dynamips ATA Flash Card  
   Model Number           
   Serial Number          
   Firmware Revision      
   Number of Heads        4     
   Number of Cylinders    320   
   Sectors per Cylinder   32    
   Sector Size            512   
   Total Sectors          40960 

ATA PARTITION 1 INFO
   Start Sector           32    
   Number of Sectors      40928 
   Size in Bytes          20955136
   File System Type       FAT16
   Number of FAT Sectors  40    
   Sectors Per Cluster    4     
   Number of Clusters     27    
   Number of Data Sectors 108   
   Base FAT Sector        1     
   Base Root Sector       81    
   Base Data Sector       113   

ATA MONLIB INFO
   Image Monlib size      125488
   Disk Monlib Size       NA
   Disk Space Available   NA
   Name                   NA
   End Sector             NA
   Start sector           NA
   Updated By             NA
   Version                NA
   Monlib Version         0     
   Monlib Params Version  0     


------------------ show controllers t1 ------------------



------------------ show controllers e1 ------------------



------------------ show ip nbar version ------------------




NBAR software version:  13

1   base                             Mv: 6
2   ftp                              Mv: 7
      Iv:                             smtp - 2
      Iv:                          gridftp - 1
3   http                             Mv: 20
      Iv:                          youtube - 6
      Iv:                    msn-messenger - 3
      Iv:                  yahoo-messenger - 3
      Iv:                      flash-video - 2
      Iv:                       flashyahoo - 2
      Iv:                     flashmyspace - 2
      Iv:                  audio-over-http - 2
      Iv:                 binary-over-http - 2
      Iv:                  video-over-http - 2
      Iv:                              irc - 2
      Iv:                         babelgum - 1
      Iv:                           itunes - 1
      Iv:                            sling - 1
      Iv:                     google-earth - 1
      Iv:                      baidu-movie - 1
      Iv:                            pando - 1
      Iv:                          napster - 1
      Iv:                         songsari - 1
      Iv:                       webthunder - 1
      Iv:                          sopcast - 3
      Iv:                      tunnel-http - 1
      Iv:                         soribada - 2
      Iv:                              icq - 1
      Iv:                            skype - 5
      Iv:                          edonkey - 7
      Iv:                    directconnect - 5
      Iv:                         gnutella - 7
      Iv:                        ms-update - 1
      Iv:                             rtsp - 9
      Iv:                          netflix - 1
      Iv:                        megavideo - 1
      Iv:                       bittorrent - 5
      Iv:                              tor - 1
      Iv:                            gmail - 1
      Iv:                            gtalk - 1
      Iv:                       gtalk-voip - 1
      Iv:                      gtalk-video - 1
      Iv:                       activesync - 1
      Iv:                         rhapsody - 1
      Iv:                            fring - 1
      Iv:                            rtmpt - 1
      Iv:                      livestation - 1
      Iv:                       secondlife - 1
      Iv:                         vnc-http - 1
      Iv:                      share-point - 1
      Iv:                    ms-office-365 - 1
      Iv:                           ms-sms - 1
      Iv:                        ghostsurf - 1
      Iv:                         gotomypc - 1
      Iv:                    adobe-connect - 1
      Iv:                        realmedia - 1
4   static                           Mv: 6
5   socks                            Mv: 3
6   nntp                             Mv: 2
      Iv:                  yahoo-messenger - 3
7   tftp                             Mv: 2
8   ms-rpc                           Mv: 2
      Iv:                         exchange - 4
      Iv:                      ms-netlogon - 1
      Iv:                       ms-win-dns - 1
      Iv:                           ms-iis - 1
      Iv:                 active-directory - 1
9   exchange                         Mv: 4
      Iv:                           ms-rpc - 2
10  vdolive                          Mv: 1
11  sqlnet                           Mv: 2
12  oracle-sqlnet                    Mv: 2
13  netshow                          Mv: 3
14  sunrpc                           Mv: 3
      Iv:                              nfs - 1
      Iv:                        clearcase - 1
15  nfs                              Mv: 1
16  streamwork                       Mv: 2
17  citrix                           Mv: 12
18  fasttrack                        Mv: 3
19  gnutella                         Mv: 7
      Iv:                             http - 20
20  kazaa2                           Mv: 11
21  dhcp                             Mv: 1
22  rtsp                             Mv: 9
      Iv:                          youtube - 6
23  webex-meeting                    Mv: 1
      Iv:                              ssl - 1
24  rtp                              Mv: 8
      Iv:                         stun-nat - 1
25  mgcp                             Mv: 2
26  skinny                           Mv: 3
      Iv:                      cisco-phone - 4
27  sip                              Mv: 5
      Iv:                      cisco-phone - 4
      Iv:             telepresence-control - 4
      Iv:              yahoo-voip-over-sip - 1
      Iv:                       secondlife - 1
28  rtcp                             Mv: 5
      Iv:             telepresence-control - 4
      Iv:                         stun-nat - 1
29  edonkey                          Mv: 7
      Iv:                             http - 20
30  winmx                            Mv: 5
31  bittorrent                       Mv: 5
      Iv:                          blizwow - 2
      Iv:                            socks - 3
      Iv:                             http - 20
32  directconnect                    Mv: 5
      Iv:                             http - 20
33  hl7                              Mv: 3
34  fix                              Mv: 3
      Iv:                              ssl - 1
35  msn-messenger                    Mv: 3
      Iv:                             http - 20
      Iv:                           ms-wbt - 1
      Iv:                            socks - 3
36  ms-live-accounts                 Mv: 1
37  dicom                            Mv: 4
38  yahoo-messenger                  Mv: 3
      Iv:                             http - 20
      Iv:                             nntp - 2
      Iv:                            socks - 3
39  mapi                             Mv: 3
40  aol-messenger                    Mv: 2
      Iv:                            socks - 3
      Iv:                              ssl - 1
      Iv:                             http - 20
41  cifs                             Mv: 2
42  cisco-phone                      Mv: 4
      Iv:                              sip - 5
      Iv:                           skinny - 3
      Iv:             telepresence-control - 4
43  youtube                          Mv: 6
      Iv:                             http - 20
      Iv:                             rtsp - 9
44  realmedia                        Mv: 1
      Iv:                             http - 20
      Iv:                             rtsp - 9
45  imap                             Mv: 1
46  pop3                             Mv: 1
47  irc                              Mv: 2
      Iv:                             http - 20
48  skype                            Mv: 5
      Iv:                             http - 20
      Iv:                              dns - 1
49  blizwow                          Mv: 2
      Iv:                       bittorrent - 5
50  telepresence-media               Mv: 3
51  telepresence-control             Mv: 4
      Iv:                             rtcp - 5
      Iv:                      cisco-phone - 4
      Iv:                              sip - 5
52  zattoo                           Mv: 3
53  sopcast                          Mv: 3
      Iv:                             http - 20
54  flash-video                      Mv: 2
      Iv:                             http - 20
55  flashyahoo                       Mv: 2
      Iv:                             http - 20
56  flashmyspace                     Mv: 2
      Iv:                             http - 20
57  audio-over-http                  Mv: 2
      Iv:                             http - 20
58  binary-over-http                 Mv: 2
      Iv:                             http - 20
59  video-over-http                  Mv: 2
      Iv:                             http - 20
60  my-jabber-ft                     Mv: 1
61  ayiya-ipv6-tunneled              Mv: 1
62  filetopia                        Mv: 1
63  guruguru                         Mv: 1
64  manolito                         Mv: 1
65  radius                           Mv: 1
66  teamspeak                        Mv: 1
67  soribada                         Mv: 2
      Iv:                             http - 20
68  dht                              Mv: 1
69  pptp                             Mv: 2
70  ntp                              Mv: 1
71  poco                             Mv: 2
72  ventrilo                         Mv: 1
73  tomatopang                       Mv: 1
74  maplestory                       Mv: 1
75  itunes                           Mv: 1
      Iv:                             http - 20
76  napster                          Mv: 1
      Iv:                             http - 20
77  sling                            Mv: 1
      Iv:                             http - 20
78  google-earth                     Mv: 1
      Iv:                             http - 20
79  baidu-movie                      Mv: 1
      Iv:                             http - 20
80  pando                            Mv: 1
      Iv:                             http - 20
81  webthunder                       Mv: 1
      Iv:                             http - 20
82  babelgum                         Mv: 1
      Iv:                             http - 20
83  songsari                         Mv: 1
      Iv:                             http - 20
84  tunnel-http                      Mv: 1
      Iv:                             http - 20
85  teredo-ipv6-tunneled             Mv: 1
86  sixtofour-ipv6-tunneled          Mv: 1
      Iv:             isatap-ipv6-tunneled - 1
87  isatap-ipv6-tunneled             Mv: 1
      Iv:          sixtofour-ipv6-tunneled - 1
88  fring                            Mv: 1
      Iv:                             http - 20
89  fring-voip                       Mv: 1
      Iv:                      fring-video - 1
90  fring-video                      Mv: 1
      Iv:                       fring-voip - 1
91  waste                            Mv: 1
92  kuro                             Mv: 1
93  smtp                             Mv: 2
94  icq                              Mv: 1
      Iv:                             http - 20
95  soulseek                         Mv: 1
96  yahoo-voip-messenger             Mv: 2
      Iv:                              rtp - 8
97  yahoo-voip-over-sip              Mv: 1
      Iv:                              sip - 5
98  aol-protocol                     Mv: 1
      Iv:                    aol-messenger - 2
99  ipsec                            Mv: 1
100  isakmp                           Mv: 1
101  ppstream                         Mv: 1
102  rtmp                             Mv: 1
103  rtmpe                            Mv: 1
104  rtmpt                            Mv: 1
      Iv:                             http - 20
105  dns                              Mv: 1
      Iv:                       tcpoverdns - 1
      Iv:                            skype - 5
106  windows-update                   Mv: 1
107  encrypted-emule                  Mv: 1
108  networking-gnutella              Mv: 1
109  encrypted-bittorrent             Mv: 1
110  ms-wbt                           Mv: 1
      Iv:                    msn-messenger - 3
111  gmail                            Mv: 1
      Iv:                             http - 20
      Iv:                              ssl - 1
112  openvpn                          Mv: 1
      Iv:                              ssl - 1
113  ssl                              Mv: 1
      Iv:                              fix - 3
      Iv:                    webex-meeting - 1
      Iv:                          netflix - 1
      Iv:                            gmail - 1
      Iv:                      livemeeting - 1
      Iv:                      livestation - 1
      Iv:                              dmp - 1
      Iv:                         rhapsody - 1
      Iv:                       secondlife - 1
      Iv:                 ms-live-accounts - 1
      Iv:                  google-accounts - 1
      Iv:                 active-directory - 1
      Iv:                          sip-tls - 1
      Iv:                    ms-office-365 - 1
      Iv:                            pcoip - 1
      Iv:                      vmware-view - 1
      Iv:                          openvpn - 1
      Iv:                        ms-update - 1
      Iv:                            mysql - 1
      Iv:                         gotomypc - 1
      Iv:                        ghostsurf - 1
      Iv:                    adobe-connect - 1
      Iv:                    aol-messenger - 2
      Iv:                      share-point - 1
      Iv:                        realmedia - 1
114  ghostsurf                        Mv: 1
      Iv:                             http - 20
115  netflix                          Mv: 1
      Iv:                             http - 20
      Iv:                              ssl - 1
116  megavideo                        Mv: 1
      Iv:                             http - 20
117  stun-nat                         Mv: 1
118  viber                            Mv: 1
119  cisco-ip-camera                  Mv: 1
      Iv:                             rtsp - 9
120  livestation                      Mv: 1
      Iv:                             http - 20
      Iv:                             rtmp - 1
      Iv:                              ssl - 1
121  gridftp                          Mv: 1
122  winny                            Mv: 1
123  livemeeting                      Mv: 1
      Iv:                              ssl - 1
      Iv:                         stun-nat - 1
124  tor                              Mv: 1
      Iv:                             http - 20
      Iv:                              ssl - 1
125  xmpp-client                      Mv: 1
126  gtalk-chat                       Mv: 1
      Iv:                      xmpp-client - 1
127  gtalk                            Mv: 1
      Iv:                             http - 20
      Iv:                         stun-nat - 1
      Iv:                      gtalk-video - 1
      Iv:                       gtalk-voip - 1
      Iv:                         gtalk-ft - 1
128  gtalk-voip                       Mv: 1
      Iv:                             http - 20
      Iv:                         stun-nat - 1
      Iv:                            gtalk - 1
129  gtalk-ft                         Mv: 1
      Iv:                         stun-nat - 1
      Iv:                            gtalk - 1
130  gtalk-video                      Mv: 1
      Iv:                             http - 20
      Iv:                         stun-nat - 1
      Iv:                            gtalk - 1
131  steam                            Mv: 1
132  ping                             Mv: 1
133  exec                             Mv: 1
134  login                            Mv: 1
135  shell                            Mv: 1
136  netapp-snapmirror                Mv: 1
137  ms-iis                           Mv: 1
      Iv:                           ms-rpc - 2
138  ms-win-dns                       Mv: 1
      Iv:                           ms-rpc - 2
139  ms-netlogon                      Mv: 1
      Iv:                           ms-rpc - 2
140  ms-sms                           Mv: 1
      Iv:                             http - 20
      Iv:                        ms-update - 1
141  perforce                         Mv: 1
142  vnc                              Mv: 1
143  vnc-http                         Mv: 1
      Iv:                             http - 20
144  secondlife                       Mv: 1
      Iv:                              ssl - 1
      Iv:                             http - 20
      Iv:                              sip - 5
145  msn-messenger-filetransfer       Mv: 1
146  icq-filetransfer                 Mv: 1
147  tcpoverdns                       Mv: 1
      Iv:                              dns - 1
148  msn-messenger-video              Mv: 1
      Iv:                         stun-nat - 1
      Iv:                              rtp - 8
149  share-point                      Mv: 1
      Iv:                             http - 20
      Iv:                              ssl - 1
150  sip-tls                          Mv: 1
      Iv:                              ssl - 1
151  activesync                       Mv: 1
      Iv:                             http - 20
152  rhapsody                         Mv: 1
      Iv:                             http - 20
      Iv:                             rtmp - 1
      Iv:                              ssl - 1
153  ip-messenger                     Mv: 1
154  capwap-control                   Mv: 1
      Iv:                      capwap-data - 1
155  capwap-data                      Mv: 1
      Iv:                   capwap-control - 1
156  dmp                              Mv: 1
      Iv:                              ssl - 1
157  netbios-ns                       Mv: 1
158  ldap                             Mv: 1
159  active-directory                 Mv: 1
      Iv:                           ms-rpc - 2
      Iv:                             cifs - 2
      Iv:                             ldap - 1
      Iv:                              ssl - 1
160  google-accounts                  Mv: 1
161  ms-office-365                    Mv: 1
      Iv:                             http - 20
      Iv:                              ssl - 1
162  teamviewer                       Mv: 1
163  pcanywhere                       Mv: 1
164  snmp                             Mv: 1
165  vmware-vmotion                   Mv: 1
166  pcoip                            Mv: 1
      Iv:                              ssl - 1
167  vmware-view                      Mv: 1
      Iv:                              ssl - 1
168  gotomypc                         Mv: 1
      Iv:                             http - 20
      Iv:                              ssl - 1
169  kerberos                         Mv: 1
170  clearcase                        Mv: 1
171  ms-update                        Mv: 1
      Iv:                              ssl - 1
      Iv:                             http - 20
      Iv:                           ms-sms - 1
172  mysql                            Mv: 1
      Iv:                              ssl - 1
173  sqlserver                        Mv: 1
      Iv:                             cifs - 2
174  adobe-connect                    Mv: 1
      Iv:                             rtmp - 1
      Iv:                              ssl - 1
      Iv:                             http - 20
175  aol-messenger-audio              Mv: 1
      Iv:                              rtp - 8
176  aol-messenger-video              Mv: 1
      Iv:              aol-messenger-audio - 1
      Iv:                              rtp - 8
      Iv:                             http - 20
      Iv:                         stun-nat - 1
      Iv:                             rtmp - 1
177  aol-messenger-ft                 Mv: 1
      Iv:              aol-messenger-audio - 1
178  ms-sql-m                         Mv: 1
179  hopopt                           Mv: 1
180  ipv6-frag                        Mv: 1
181  ipv6-nonxt                       Mv: 1
182  ipv6-opts                        Mv: 1
183  ipv6-route                       Mv: 1
184  oscar-filetransfer               Mv: 1
      Iv:              aol-messenger-audio - 1
185  iana                             Mv: 1
186  custom-protocols                 Mv: 1
187  attribute                        Mv: 1


{<No.>}<PDLM name> Mv: <PDLM Version>, {Nv: <NBAR Software Version>; <File name>}
            {Iv: <PDLM Interdependency Name>   - <PDLM Interdependency Version>}


------------------ show crypto key mypubkey rsa ------------------

% Key pair was generated at: 18:25:40 UTC Jul 30 2020
Key name: B2.gns3.lab
Key type: RSA KEYS
 Storage Device: private-config
 Usage: General Purpose Key
 Key is not exportable. Redundancy enabled.
 Key Data:
  30820122 300D0609 2A864886 F70D0101 01050003 82010F00 3082010A 02820101 
  00BB4FEE 1C8606D3 21B39347 40E431FB 2425E37F ABE968AC E3C7D307 B112F14C 
  E8191D5E 745B4911 BA3054BC 5C623F8C 5C0D67BB 76BF75C1 05AFAE86 E6AD409F 
  116DC1A3 488EA445 1CC06293 CB4DC467 74CC9FB3 60D86518 9D686FB8 41619B03 
  EF5172EE 557F9FDF 9F20BAB7 95A658AE 321576E3 74427028 A275E4F6 81A6D3F4 
  7EA493C3 A3CE8770 83243F2B 58DB496D ABEC238C 49DCE310 B3259178 A3D947AB 
  4AA774D6 66A235D2 4C435BF8 0E7C802B A1D1F9C2 57377196 1A9C628A 12159AEE 
  133DD9E8 CC84D47B E858F441 453B915A 5E86B889 EEC6EEE7 45859C05 B24C0B34 
  5FADA98A 65A2B6D4 30090947 95BBEA97 33CA60FE B84F4274 B71E7AEE B19D129A 
  FF020301 0001
% Key pair was generated at: 21:44:09 UTC Aug 24 2020
Key name: B2.gns3.lab.server
Key type: RSA KEYS
Temporary key
 Usage: Encryption Key
 Key is not exportable. Redundancy enabled.
 Key Data:
  307C300D 06092A86 4886F70D 01010105 00036B00 30680261 00A39238 BBB73FA9 
  1E0128DA 804E82C7 FF8E959D C09FEB59 C2474222 D1BC76AE 152AEAAD 1D8F07E8 
  717E2DF1 5D11FA53 6901DCCE 621E9C45 8E8DC154 A5646595 12EEBDBD 92F40B91 
  C73759D1 4300060F 11C262B6 3A38BFCA E0E6ED85 3AEBFC51 A3020301 0001

------------------ show crypto call admission statistics ------------------

---------------------------------------------------------------------
               Crypto Call Admission Control Statistics
---------------------------------------------------------------------
System Resource Limit:        0 Max IKE SAs:     0 Max in nego:  1000
Total IKE SA Count:           0 active:          0 negotiating:     0
Incoming IKE Requests:        0 accepted:        0 rejected:        0
Outgoing IKE Requests:        0 accepted:        0 rejected:        0
Rejected IKE Requests:        0 rsrc low:        0 Active SA limit: 0
                                                   In-neg SA limit: 0
IKE packets dropped at dispatch:        0

Max IPSEC SAs:     0
Total IPSEC SA Count:           0 active:          0 negotiating:     0
Incoming IPSEC Requests:        0 accepted:        0 rejected:        0
Outgoing IPSEC Requests:        0 accepted:        0 rejected:        0

Phase1.5 SAs under negotiation:         0 


------------------ show inventory ------------------

NAME: "Chassis", DESCR: "Cisco 7206VXR, 6-slot chassis"
PID: CISCO7206VXR      , VID:    , SN: 4279256517 

NAME: "NPE400 0", DESCR: "Cisco 7200VXR Network Processing Engine NPE-400"
PID: NPE-400           , VID:    , SN: 11111111   

NAME: "module 0", DESCR: "I/O FastEthernet (TX-ISL)"
PID: C7200-IO-FE-MII/RJ, VID:    , SN: 4294967295 

NAME: "disk0", DESCR: "Cisco 7200 I/O PCMCIA Flash Disk, 48M"
PID: MEM-I/O-FLD48M    , VID:    , SN:            

NAME: "module 1", DESCR: "Dual Port FastEthernet (RJ45)"
PID: PA-2FE-FX         , VID:    , SN: XXX00000000

NAME: "module 2", DESCR: "Dual Port FastEthernet (RJ45)"
PID: PA-2FE-FX         , VID:    , SN: XXX00000000

NAME: "module 3", DESCR: "Dual Port FastEthernet (RJ45)"
PID: PA-2FE-FX         , VID:    , SN: XXX00000000

NAME: "Power Supply 0", DESCR: "Cisco 7200 AC Power Supply"
PID: PWR-7200-AC       , VID:    , SN:            

NAME: "Power Supply 1", DESCR: "Cisco 7200 AC Power Supply"
PID: PWR-7200-AC       , VID:    , SN:            



DEBUG:netmiko:read_channel: 
DEBUG:netmiko:read_channel: 
DEBUG:netmiko:read_channel: 
DEBUG:netmiko:read_channel: 
DEBUG:netmiko:read_channel: 
DEBUG:netmiko:read_channel: 
DEBUG:netmiko:read_channel: 
DEBUG:netmiko:read_channel: 
DEBUG:netmiko:read_channel: 
DEBUG:netmiko:read_channel: 
DEBUG:netmiko:read_channel: 
DEBUG:netmiko:read_channel: 
DEBUG:netmiko:read_channel: 
DEBUG:netmiko:read_channel: 
DEBUG:netmiko:read_channel: 
DEBUG:netmiko:read_channel: 
DEBUG:netmiko:read_channel: 
DEBUG:netmiko:read_channel: 
DEBUG:netmiko:read_channel: 
DEBUG:netmiko:read_channel: 
DEBUG:netmiko:read_channel: 
DEBUG:netmiko:read_channel: 
DEBUG:netmiko:read_channel: 
DEBUG:netmiko:read_channel: 
DEBUG:netmiko:read_channel: 
DEBUG:netmiko:read_channel: 
DEBUG:netmiko:read_channel: 
DEBUG:netmiko:read_channel: 
DEBUG:netmiko:read_channel: 
DEBUG:netmiko:read_channel: 
DEBUG:netmiko:read_channel: 
DEBUG:netmiko:read_channel: 
DEBUG:netmiko:read_channel: 
DEBUG:netmiko:read_channel: 
DEBUG:netmiko:read_channel: 
DEBUG:netmiko:read_channel: 
DEBUG:netmiko:read_channel: 
DEBUG:netmiko:read_channel: 
DEBUG:netmiko:read_channel: 
DEBUG:netmiko:read_channel: 
DEBUG:netmiko:read_channel: 
DEBUG:netmiko:read_channel: 
DEBUG:netmiko:read_channel: 
DEBUG:netmiko:read_channel: 
DEBUG:netmiko:read_channel: 
DEBUG:netmiko:read_channel: 
DEBUG:netmiko:read_channel: 
DEBUG:netmiko:read_channel: 
DEBUG:netmiko:read_channel: 
DEBUG:netmiko:read_channel: 
DEBUG:netmiko:read_channel: 
DEBUG:netmiko:read_channel: 
DEBUG:netmiko:read_channel: 
DEBUG:netmiko:read_channel: 
DEBUG:netmiko:read_channel: 
DEBUG:netmiko:read_channel: 
DEBUG:netmiko:read_channel: 
DEBUG:netmiko:read_channel: 
DEBUG:netmiko:read_channel: 
DEBUG:netmiko:read_channel: 
DEBUG:netmiko:read_channel: 
DEBUG:netmiko:read_channel: 
DEBUG:netmiko:read_channel: 
DEBUG:netmiko:read_channel: 
DEBUG:netmiko:read_channel: 
DEBUG:netmiko:read_channel: 
DEBUG:netmiko:read_channel: 
DEBUG:netmiko:read_channel: 
DEBUG:netmiko:read_channel: 
DEBUG:netmiko:read_channel: 
DEBUG:netmiko:read_channel: 
DEBUG:netmiko:read_channel: 
DEBUG:netmiko:read_channel: 
DEBUG:netmiko:read_channel: 
DEBUG:netmiko:read_channel: 
DEBUG:netmiko:read_channel: 
DEBUG:netmiko:read_channel: 
DEBUG:netmiko:read_channel: 
DEBUG:netmiko:read_channel: 
DEBUG:netmiko:read_channel: 
DEBUG:netmiko:read_channel: 
DEBUG:netmiko:read_channel: 
DEBUG:netmiko:read_channel: 
DEBUG:netmiko:read_channel: 
DEBUG:netmiko:read_channel: 
DEBUG:netmiko:read_channel: 
DEBUG:netmiko:read_channel: 
DEBUG:netmiko:read_channel: 
DEBUG:netmiko:read_channel: 
DEBUG:netmiko:read_channel: 
DEBUG:netmiko:read_channel: 
DEBUG:netmiko:read_channel: 
DEBUG:netmiko:read_channel: 
DEBUG:netmiko:read_channel: 
DEBUG:netmiko:read_channel: 
DEBUG:netmiko:read_channel: 
DEBUG:netmiko:read_channel: 
DEBUG:netmiko:read_channel: 
DEBUG:netmiko:read_channel: 
DEBUG:netmiko:read_channel: 
DEBUG:netmiko:read_channel: 
DEBUG:netmiko:read_channel: 
DEBUG:netmiko:read_channel: 
DEBUG:netmiko:read_channel: 
DEBUG:netmiko:read_channel: 
DEBUG:netmiko:read_channel: 
DEBUG:netmiko:read_channel: 
DEBUG:netmiko:read_channel: 
DEBUG:netmiko:read_channel: 
DEBUG:netmiko:read_channel: 
DEBUG:netmiko:read_channel: 
DEBUG:netmiko:read_channel: 
DEBUG:netmiko:read_channel: 
DEBUG:netmiko:read_channel: 
DEBUG:netmiko:read_channel: 
DEBUG:netmiko:read_channel: 
DEBUG:netmiko:read_channel: 
DEBUG:netmiko:read_channel: 
DEBUG:netmiko:read_channel: 
DEBUG:netmiko:read_channel: 
DEBUG:netmiko:read_channel: 
DEBUG:netmiko:read_channel: 
DEBUG:netmiko:read_channel: 
DEBUG:netmiko:read_channel: 
DEBUG:netmiko:read_channel: 
DEBUG:netmiko:read_channel: 
DEBUG:netmiko:read_channel: 
DEBUG:netmiko:read_channel: 
DEBUG:netmiko:read_channel: 
DEBUG:netmiko:read_channel: 
DEBUG:netmiko:read_channel: 
DEBUG:netmiko:read_channel: 
DEBUG:netmiko:read_channel: 
DEBUG:netmiko:read_channel: 
DEBUG:netmiko:read_channel: 
DEBUG:netmiko:read_channel: 
DEBUG:netmiko:read_channel: 
DEBUG:netmiko:read_channel: 
DEBUG:netmiko:read_channel: 
DEBUG:netmiko:read_channel: 
DEBUG:netmiko:read_channel: 
DEBUG:netmiko:read_channel: 
DEBUG:netmiko:read_channel: 
DEBUG:netmiko:read_channel: 
DEBUG:netmiko:read_channel: 
DEBUG:netmiko:read_channel: 
DEBUG:netmiko:read_channel: 
DEBUG:netmiko:read_channel: 
DEBUG:netmiko:read_channel: 
DEBUG:netmiko:read_channel: 
DEBUG:netmiko:read_channel: 
DEBUG:netmiko:read_channel: 
DEBUG:netmiko:read_channel: 
DEBUG:netmiko:read_channel: 
DEBUG:netmiko:read_channel: 
DEBUG:netmiko:read_channel: 
DEBUG:netmiko:read_channel: 
DEBUG:netmiko:read_channel: 
DEBUG:netmiko:read_channel: 
DEBUG:netmiko:read_channel: 
DEBUG:netmiko:read_channel: 
DEBUG:netmiko:read_channel: 
DEBUG:netmiko:read_channel: 
DEBUG:netmiko:read_channel: 
DEBUG:netmiko:read_channel: 
DEBUG:netmiko:read_channel: 
DEBUG:netmiko:read_channel: 
DEBUG:netmiko:read_channel: 
DEBUG:netmiko:read_channel: 
DEBUG:netmiko:read_channel: 
DEBUG:netmiko:read_channel: 
DEBUG:netmiko:read_channel: 
DEBUG:netmiko:read_channel: 
DEBUG:netmiko:read_channel: 
DEBUG:netmiko:read_channel: 
DEBUG:netmiko:read_channel: 
DEBUG:netmiko:read_channel: 
DEBUG:netmiko:read_channel: 
DEBUG:netmiko:read_channel: 
DEBUG:netmiko:read_channel: 
DEBUG:netmiko:read_channel: 
DEBUG:netmiko:read_channel: 
DEBUG:netmiko:read_channel: 
DEBUG:netmiko:read_channel: 
DEBUG:netmiko:read_channel: 
DEBUG:netmiko:read_channel: 
DEBUG:netmiko:read_channel: 
DEBUG:netmiko:read_channel: 
DEBUG:netmiko:read_channel: 
DEBUG:netmiko:read_channel: 
DEBUG:netmiko:read_channel: 
DEBUG:netmiko:read_channel: 
DEBUG:netmiko:read_channel: 
DEBUG:netmiko:read_channel: 
DEBUG:netmiko:read_channel: 
DEBUG:netmiko:read_channel: 
DEBUG:netmiko:read_channel: 
DEBUG:netmiko:read_channel: 
DEBUG:netmiko:read_channel: 
DEBUG:netmiko:read_channel: 
DEBUG:netmiko:read_channel: 
DEBUG:netmiko:read_channel: 
DEBUG:netmiko:read_channel: 
DEBUG:netmiko:read_channel: 
DEBUG:netmiko:read_channel: 
DEBUG:netmiko:read_channel: 
------------------ show region ------------------


Region Manager:

      Start         End     Size(b)  Class  Media  Name
 0x0E000000  0x0FFFFFFF    33554432  Iomem  R/W    iomem
 0x60000000  0x7DFFFFFF   503316480  Local  R/W    main
 0x60008EB0  0x6386285F    59087280  IText  R/O    main:text
 0x63864000  0x64EB8C1F    23415840  IData  R/W    main:data
 0x64EB8C20  0x6558E3FF     7165920  IBss   R/W    main:bss
 0x6558E400  0x6658E3FF    16777216  Local  R/W    main:heap
 0x6658E4A0  0x6758E49F    16777216  Local  R/W    main:heap
 0x6758E540  0x6858E53F    16777216  Local  R/W    main:heap
 0x6858E5E0  0x6958E5DF    16777216  Local  R/W    main:heap
 0x7D000000  0x7DFFFFFF    16777216  Local  R/W    main:heap
 0x7E000000  0x7FFFFFFF    33554432  Iomem  R/W    iomem:(iomem_cwt)
 0x80000000  0x8DFFFFFF   234881024  Local  R/W    main:(main_k0)
 0xA0000000  0xADFFFFFF   234881024  Local  R/W    main:(main_k1)


Free Region Manager:

      Start         End     Size(b)  Class  Media  Name
 0x6958E680  0x7CFFFF5F   329717984  Local  R/W    heap



------------------ Mempool statistics ------------------


                Head    Total(b)     Used(b)     Free(b)   Lowest(b)  Largest(b)
Processor   6558E400   396826796    52986580   343840216   342742204   329717932
      I/O    E000000    33554432     5785904    27768528    27740516    27730908
Transient   7D000000    16777216       10156    16767060    16759532    16767060

-------------- Top 100 allocator pc summary -----------


Allocator PC Summary for: Processor

    PC          Total   Count  Name
0x62827634    2182244     115  XOS_MEM_BASE
0x6317567C    2170780     265  Process Stack
0x62BED270    1937628       2  RMON packet pool
0x62D5082C    1727676     941  *Packet Header*
0x62D50888    1331016     253  *Packet Data*
0x605DA3CC    1106016      12  event_trace_tbs
0x60C3A028    1040156       2  mfib_db
0x61E135B4    1036240    1106  *Init*
0x61E074C0    1006620      99  TW Buckets
0x61F7C7C4     880156       2  cef_interface
0x62022F18     880156       2  adjacency
0x60D4C214     880156       2  multicast topology
0x62D55330     738944      17  pak subblock chunk
0x60C6C150     640156       2  mfib_wire
0x62069200     640156       2  cef_ipv4
0x620E1158     640156       2  cef_ipv6
0x61BCD4AC     640156       2  event
0x60544020     595208      73  Init
0x60C3C660     560156       2  mfib_table
0x60C8856C     560156       2  mfib_ipv4
0x60C8C890     560156       2  mfib_ipv6
0x608D35A0     543276    5430  Init
0x6326723C     524340       1  L2X Hash Table
0x62D55FDC     514476     186  Normal
0x600625C4     480156       2  ARP
0x6281F048     467804      25  AToM LDP Adj Chunk
0x608D35C0     460956    5289  Init
0x61C77778     426344       5  Init
0x608D35B4     420268    5430  Init
0x61CCD4A8     408228       1  Init
0x60C2E458     400156       2  mfib_cable
0x60C50080     400156       2  mfib_events
0x61FD1E84     400156       2  oce_events
0x619187A8     384156       2  ppcp
0x61986290     384156       2  ppm
0x619EAB40     384156       2  ffmshim
0x634B8F40     376988       2  gdoi_exit
0x62B99768     341524    3169  IPC Global Info
0x62D60974     324660       1  Init
0x62D60988     324660       1  Init
0x63710374     321496      50  LSP_VIF radix trie
0x62334658     312496    1059  PfR BR Appl Namelist: Column
0x61476584     291560       7  RRR_AUTOMESH hw subblock
0x6371F6B4     262560       8  XC ST PW OAM Mgr DB
0x62B5B494     262352       4  IPC Message Hea
0x61CEE28C     262352       4  STP Port Control Block Chunk
0x61F73B4C     262248       2  CEF: hash table
0x605CFC24     262196       1  Init
0x61DB7160     232156       2  tunnel
0x61E50E40     219868     263  Process
0x615C21F0     197276       6  DSensor 256
0x62E78258     196764       3  Init
0x604BFADC     188240       1  NET ACCT LISTS
0x604BFB00     188240       1  SYS ACCT LISTS
0x604BFB28     188240       1  VRRS ACCT LISTS
0x6047FEB4     184236       1  DOT1X ACC LISTS
0x6047FEDC     184236       1  EOU ACC LISTS
0x6047FF14     184236       1  PPP ACC LISTS
0x6047FF50     168220       1  NET AUTHOR LISTS
0x6047FF80     168220       1  SUBSCRIBER-PROFILE AUTHOR LISTS
0x6009750C     153268       1  Init
0x6368350C     152156       2  tp_ss_events
0x6296C234     149524    1947  Init
0x61CCDAEC     149328       9  NBAR Attr Chunk
0x6119A460     144052       1  MPLS Event log
0x635037B0     140156       2  cfd
0x60628334     136156       2  nvram
0x61E00F24     132736       8  uEvent Elements
0x62007DD4     132008       4  TAL: MTRIE n08
0x604D3528     131512       4  AAA Huge Chunk
0x609F5828     131176       2  blt array
0x62D5CBF0     131124       1  *Init*
0x633B5EB0     131124       1  IP Lite hash buckets
0x6365D168     128156       2  flexvpn
0x608A9204     128052       1  Init
0x61F78494     128052       1  CEF: fibidb table
0x61F784B4     128052       1  CEF: fibhwidb table
0x61A447D4     128052       1  Init
0x61DCD64C     120624      12  RMI RO-RU Chunk
0x622E7EC8     112156       2  nhrp_error
0x63719B54     110064       5  RIB App Handlee Allocator
0x60539FC8     109968    1300  Parser Linkage
0x61DCD6F8     107204     534  Init
0x607D68C8     105156      23  EEM Server
0x607D694C     105156      23  EEM Server
0x607D68B8     105156      23  EEM Server
0x604D2A28      98356       1  AAA attr list handle IDs
0x62D6093C      94308      29  *Hardware IDB*
0x61E01890      94180      18  List Headers
0x608C2F64      93608     650  Init
0x6373DFD4      92656     269  *Init*
0x61FCC8DC      92084       4  OCE reinject ha
0x6331607C      90692       3  BITLIST CHUNK
0x60906790      88156       2  fnf_mon
0x60DF5A58      87600       2  MVPN IDB up/down process queue events
0x62E781AC      85560      70  Init
0x608CAF60      84680     868  Init
0x61DF9D70      84076      29  keepalive
0x61336C0C      84052       1  Init
0x62D55F50      83512      30  Normal


Allocator PC Summary for: I/O

    PC          Total   Count  Name
0x62D56000    4752640      84  Normal
0x62D55F50     738944      10  Normal
0x62D50888     242464     192  *Packet Data*
0x62EFFA20      24960       6  FastEthernet1/0
0x62EFF994      12672       6  FastEthernet1/0
0x62C72598       4160       1  Init
0x62E51A54       4160       1  FastEthernet0/0
0x62E519C8       2112       1  FastEthernet0/0
0x62E519A4        256       1  FastEthernet0/0


Allocator PC Summary for: Transient

    PC          Total   Count  Name
0x61E4CDC0      10104       2  Watcher Info


DEBUG:netmiko:read_channel: 
DEBUG:netmiko:read_channel: 
DEBUG:netmiko:read_channel: 
DEBUG:netmiko:read_channel: 
DEBUG:netmiko:read_channel: 
DEBUG:netmiko:read_channel: 
DEBUG:netmiko:read_channel: 
------------------ show dmvpn detail ------------------

Legend: Attrb --> S - Static, D - Dynamic, I - Incomplete
	N - NATed, L - Local, X - No Socket
	# Ent --> Number of NHRP entries with same NBMA peer
	NHS Status: E --> Expecting Replies, R --> Responding, W --> Waiting
	UpDn Time --> Up or Down Time for a Tunnel
==========================================================================


------------------ show diag ------------------


Slot 0:
	Fast-ethernet on C7200 I/O card with MII or RJ45 Port adapter, 1 port
	Port adapter is analyzed 
	Port adapter insertion time 01:04:13 ago
	EEPROM contents at hardware discovery:
	Hardware revision 1.14        	Board revision A0
	Serial number     4294967295	Part number    73-2956-02
	FRU Part Number:  C7200-IO-FE-MII/RJ45=

	Test history      0x0         	RMA number     00-00-00
	EEPROM format version 1
	EEPROM contents (hex):
	  0x20: 01 83 01 0E FF FF FF FF 49 0B 8C 02 00 00 00 00
	  0x30: 50 00 00 00 98 12 28 00 00 FF FF FF FF FF FF FF

Slot 1:
	Dual Port FastEthernet (RJ45) Port adapter, 2 ports
	Port adapter is analyzed 
	Port adapter insertion time 01:04:13 ago
	EEPROM contents at hardware discovery:
	Controller Type          : 548
	Hardware Revision        : 1.0
	PCB Serial Number        : XXX00000000
	PCB Part Number          : 73-5420-04
	Board Revision           : A0
	RMA Test History         : 00
	RMA Number               : 0-0-0-0
	RMA History              : 00
	Deviation Number         : 0-0
	Product Identifier (PID) : PA-2FE-FX           
	Top Assy. Part Number    : 800-08352-04
	EEPROM format version 4
	EEPROM contents (hex):
	  0x00: 04 FF 40 02 24 41 01 00 C1 8B 58 58 58 30 30 30
	  0x10: 30 30 30 30 30 82 49 15 2C 04 42 41 30 03 00 81
	  0x20: 00 00 00 00 04 00 80 00 00 00 00 CB 94 50 41 2D
	  0x30: 32 46 45 2D 46 58 20 20 20 20 20 20 20 20 20 20
	  0x40: 20 C0 46 03 20 00 20 A0 04 FF FF FF FF FF FF FF
	  0x50: FF FF FF FF FF FF FF FF FF FF FF FF FF FF FF FF
	  0x60: FF FF FF FF FF FF FF FF FF FF FF FF FF FF FF FF
	  0x70: FF FF FF FF FF FF FF FF FF FF FF FF FF FF FF FF

Slot 2:
	Dual Port FastEthernet (RJ45) Port adapter, 2 ports
	Port adapter is analyzed 
	Port adapter insertion time 01:04:13 ago
	EEPROM contents at hardware discovery:
	Controller Type          : 548
	Hardware Revision        : 1.0
	PCB Serial Number        : XXX00000000
	PCB Part Number          : 73-5420-04
	Board Revision           : A0
	RMA Test History         : 00
	RMA Number               : 0-0-0-0
	RMA History              : 00
	Deviation Number         : 0-0
	Product Identifier (PID) : PA-2FE-FX           
	Top Assy. Part Number    : 800-08352-04
	EEPROM format version 4
	EEPROM contents (hex):
	  0x00: 04 FF 40 02 24 41 01 00 C1 8B 58 58 58 30 30 30
	  0x10: 30 30 30 30 30 82 49 15 2C 04 42 41 30 03 00 81
	  0x20: 00 00 00 00 04 00 80 00 00 00 00 CB 94 50 41 2D
	  0x30: 32 46 45 2D 46 58 20 20 20 20 20 20 20 20 20 20
	  0x40: 20 C0 46 03 20 00 20 A0 04 FF FF FF FF FF FF FF
	  0x50: FF FF FF FF FF FF FF FF FF FF FF FF FF FF FF FF
	  0x60: FF FF FF FF FF FF FF FF FF FF FF FF FF FF FF FF
	  0x70: FF FF FF FF FF FF FF FF FF FF FF FF FF FF FF FF

Slot 3:
	Dual Port FastEthernet (RJ45) Port adapter, 2 ports
	Port adapter is analyzed 
	Port adapter insertion time 01:04:13 ago
	EEPROM contents at hardware discovery:
	Controller Type          : 548
	Hardware Revision        : 1.0
	PCB Serial Number        : XXX00000000
	PCB Part Number          : 73-5420-04
	Board Revision           : A0
	RMA Test History         : 00
	RMA Number               : 0-0-0-0
	RMA History              : 00
	Deviation Number         : 0-0
	Product Identifier (PID) : PA-2FE-FX           
	Top Assy. Part Number    : 800-08352-04
	EEPROM format version 4
	EEPROM contents (hex):
	  0x00: 04 FF 40 02 24 41 01 00 C1 8B 58 58 58 30 30 30
	  0x10: 30 30 30 30 30 82 49 15 2C 04 42 41 30 03 00 81
	  0x20: 00 00 00 00 04 00 80 00 00 00 00 CB 94 50 41 2D
	  0x30: 32 46 45 2D 46 58 20 20 20 20 20 20 20 20 20 20
	  0x40: 20 C0 46 03 20 00 20 A0 04 FF FF FF FF FF FF FF
	  0x50: FF FF FF FF FF FF FF FF FF FF FF FF FF FF FF FF
	  0x60: FF FF FF FF FF FF FF FF FF FF FF FF FF FF FF FF
	  0x70: FF FF FF FF FF FF FF FF FF FF FF FF FF FF FF FF


------------------ show c7200 ------------------

Network IO Interrupt Throttling:
 throttle count=0, timer count=0
 active=0, configured=0
 netint usec=4000, netint mask usec=200

Midplane EEPROM:
	Hardware revision 2.1         	Board revision M0
	Serial number     4279256517	Part number    73-1539-03
	Test history      0x0         	RMA number     00-00-00
	MAC Pool Size     1024      	MAC Addr Base  ca08.0b51.0000
	Chassis Model     0x6         
	EEPROM format version 1
	EEPROM contents (hex):
	  0x00: 01 06 02 01 FF 10 45 C5 49 06 03 03 CA 08 0B 51
	  0x10: 00 00 04 00 00 00 00 00 4C 09 10 B0 FF FF 00 FF
	  0x20: 64 EC 00 00 65 7C 93 94 68 BD DA 58 65 7C 93 94
	  0x30: 65 CE DB 70 68 BD DA 58 00 00 00 00 64 EC 00 00

C7206VXR CPU EEPROM:
	Controller Type          : 504
	Hardware Revision        : 1.0
	Top Assy. Part Number    : 800-08136-02
	PCB Part Number          : 73-5308-02
	Board Revision           : B0
	PCB Serial Number        : 11111111
	RMA History              : 00
	Fab Version              : 02
	Fab Part Number          : 28-4086-02
	Product Identifier (PID) : NPE-400
	Deviation Number         : 0-0
	EEPROM format version 4
	EEPROM contents (hex):
	  0x00: 04 FF 40 01 F8 41 01 00 C0 46 03 20 00 1F C8 02
	  0x10: 82 49 14 BC 02 42 42 30 C1 8B 31 31 31 31 31 31
	  0x20: 31 31 00 00 00 04 00 02 02 85 1C 0F F6 02 CB 87
	  0x30: 4E 50 45 2D 34 30 30 80 00 00 00 00 FF FF FF FF
	  0x40: FF FF FF FF FF FF FF FF FF FF FF FF FF FF FF FF
	  0x50: FF FF FF FF FF FF FF FF FF FF FF FF FF FF FF FF
	  0x60: FF FF FF FF FF FF FF FF FF FF FF FF FF FF FF FF
	  0x70: FF FF FF FF FF FF FF FF FF FF FF FF FF FF FF FF

TLB entries (51/64 used):
Virt Address range      Phy Address range         Attributes
0x4B000000:0x4B1FFFFF   0x14B000000:0x14B1FFFFF   CacheMode=2, RW, Valid
0x4B200000:0x4B3FFFFF   0x14B200000:0x14B3FFFFF   CacheMode=2, RW, Valid
0x10000000:0x10001FFF   0x100000000:0x100001FFF   CacheMode=2, RW, Valid
0x40000000:0x41FFFFFF   0x040000000:0x041FFFFFF   CacheMode=2, RW, Valid
0x44000000:0x45FFFFFF   0x044000000:0x045FFFFFF   CacheMode=2, RW, Valid
0x3C000000:0x3C7FFFFF   0x048000000:0x0487FFFFF   CacheMode=2, RW, Valid
0x3C800000:0x3CFFFFFF   0x048800000:0x048FFFFFF   CacheMode=2, RW, Valid
0x3D000000:0x3D7FFFFF   0x04D000000:0x04D7FFFFF   CacheMode=2, RW, Valid
0x3D800000:0x3DFFFFFF   0x049000000:0x0497FFFFF   CacheMode=2, RW, Valid
0x3E000000:0x3E7FFFFF   0x04D800000:0x04DFFFFFF   CacheMode=2, RW, Invalid
0x3E800000:0x3EFFFFFF   0x049800000:0x049FFFFFF   CacheMode=2, RW, Invalid
0x3F000000:0x3F7FFFFF   0x04E000000:0x04E7FFFFF   CacheMode=2, RW, Invalid
0x1FC00000:0x1FC7FFFF   0x01FC00000:0x01FC7FFFF   CacheMode=2, RO, Valid
0x1E000000:0x1E1FFFFF   0x01E000000:0x01E1FFFFF   CacheMode=2, RW, Valid
0x1E800000:0x1E9FFFFF   0x01E800000:0x01E9FFFFF   CacheMode=2, RW, Valid
0xFE000000:0xFE07FFFF   0x0FE000000:0x0FE07FFFF   CacheMode=2, RW, Valid
0x60000000:0x61FFFFFF   0x000000000:0x001FFFFFF   CacheMode=3, RO, Valid
0x62000000:0x627FFFFF   0x002000000:0x0027FFFFF   CacheMode=3, RO, Valid
0x62800000:0x62FFFFFF   0x002800000:0x002FFFFFF   CacheMode=3, RO, Valid
0x63000000:0x637FFFFF   0x003000000:0x0037FFFFF   CacheMode=3, RO, Valid
0x63800000:0x6381FFFF   0x003800000:0x00381FFFF   CacheMode=3, RO, Valid
0x63820000:0x6383FFFF   0x003820000:0x00383FFFF   CacheMode=3, RO, Valid
0x63840000:0x6385FFFF   0x003840000:0x00385FFFF   CacheMode=3, RO, Valid
0x63860000:0x63861FFF   0x003860000:0x003861FFF   CacheMode=3, RO, Valid
0x63862000:0x63863FFF   0x003862000:0x003863FFF   CacheMode=3, RO, Valid
0x63864000:0x63865FFF   0x003864000:0x003865FFF   CacheMode=3, RW, Valid
0x63866000:0x63867FFF   0x003866000:0x003867FFF   CacheMode=3, RW, Valid
0x63868000:0x6386FFFF   0x003868000:0x00386FFFF   CacheMode=3, RW, Valid
0x63870000:0x63877FFF   0x003870000:0x003877FFF   CacheMode=3, RW, Valid
0x63878000:0x6387FFFF   0x003878000:0x00387FFFF   CacheMode=3, RW, Valid
0x63880000:0x638FFFFF   0x003880000:0x0038FFFFF   CacheMode=3, RW, Valid
0x63900000:0x6397FFFF   0x003900000:0x00397FFFF   CacheMode=3, RW, Valid
0x63980000:0x639FFFFF   0x003980000:0x0039FFFFF   CacheMode=3, RW, Valid
0x63A00000:0x63BFFFFF   0x003A00000:0x003BFFFFF   CacheMode=3, RW, Valid
0x63C00000:0x63DFFFFF   0x003C00000:0x003DFFFFF   CacheMode=3, RW, Valid
0x63E00000:0x63FFFFFF   0x003E00000:0x003FFFFFF   CacheMode=3, RW, Valid
0x64000000:0x65FFFFFF   0x004000000:0x005FFFFFF   CacheMode=3, RW, Valid
0x66000000:0x67FFFFFF   0x006000000:0x007FFFFFF   CacheMode=3, RW, Valid
0x68000000:0x69FFFFFF   0x008000000:0x009FFFFFF   CacheMode=3, RW, Valid
0x6A000000:0x6BFFFFFF   0x00A000000:0x00BFFFFFF   CacheMode=3, RW, Valid
0x6C000000:0x6DFFFFFF   0x00C000000:0x00DFFFFFF   CacheMode=3, RW, Valid
0x6E000000:0x6FFFFFFF   0x020000000:0x021FFFFFF   CacheMode=3, RW, Valid
0x70000000:0x71FFFFFF   0x022000000:0x023FFFFFF   CacheMode=3, RW, Valid
0x72000000:0x73FFFFFF   0x024000000:0x025FFFFFF   CacheMode=3, RW, Valid
0x74000000:0x75FFFFFF   0x026000000:0x027FFFFFF   CacheMode=3, RW, Valid
0x76000000:0x77FFFFFF   0x028000000:0x029FFFFFF   CacheMode=3, RW, Valid
0x78000000:0x79FFFFFF   0x02A000000:0x02BFFFFFF   CacheMode=3, RW, Valid
0x7A000000:0x7BFFFFFF   0x02C000000:0x02DFFFFFF   CacheMode=3, RW, Valid
0x7C000000:0x7DFFFFFF   0x02E000000:0x02FFFFFFF   CacheMode=3, RW, Valid
0x0E000000:0x0FFFFFFF   0x00E000000:0x00FFFFFFF   CacheMode=2, RW, Valid
0x7E000000:0x7FFFFFFF   0x00E000000:0x00FFFFFFF   CacheMode=0, RW, Valid

0 spurious cache errors detected.


System Controller Network Interrupts
 Wrapper is NOT installed

Registered Interrupts:
 Level Mask               Count      Data       Interrupt Handler


------------------ show pci hardware ------------------


GT64120 External PCI Configuration registers:
PCI_0:
 Vendor / Device ID   : 0xAB112046 (b/s 0x462011AB)
 Status / Command     : 0x00000000 (b/s 0x00000000)
 Class / Revision     : 0x05800003 (b/s 0x03008005)
 Latency              : 0x00000000 (b/s 0x00000000)
 RAS[1:0] Base        : 0x00000000 (b/s 0x00000000)
 RAS[3:2] Base        : 0x00000000 (b/s 0x00000000)
 CS[2:0] Base         : 0x00000000 (b/s 0x00000000)
 CS[3] Base           : 0x00000000 (b/s 0x00000000)
 Mem Map Base         : 0x00000000 (b/s 0x00000000)
 IO Map Base          : 0x00000000 (b/s 0x00000000)
 Subsystem Vendor / D : 0x00000000 (b/s 0x00000000)
 Int Pin / Line       : 0x00000000 (b/s 0x00000000)
 Swap RAS[1:0] Base   : 0x00000000 (b/s 0x00000000)
 Swap RAS[3:2] Base   : 0x00000000 (b/s 0x00000000)
 Swap CS[3] Base      : 0x00000000 (b/s 0x00000000)
PCI_1:
 Vendor / Device ID   : 0x00000000 (b/s 0x00000000)
 Status / Command     : 0x00000000 (b/s 0x00000000)
 Class / Revision     : 0x00000000 (b/s 0x00000000)
 Latency              : 0x00000000 (b/s 0x00000000)
 RAS[1:0] Base        : 0x00000000 (b/s 0x00000000)
 RAS[3:2] Base        : 0x00000000 (b/s 0x00000000)
 CS[2:0] Base         : 0x00000000 (b/s 0x00000000)
 CS[3] Base           : 0x00000000 (b/s 0x00000000)
 Mem Map Base         : 0x00000000 (b/s 0x00000000)
 IO Map Base          : 0x00000000 (b/s 0x00000000)
 Subsystem Vendor / D : 0x00000000 (b/s 0x00000000)
 Int Pin / Line       : 0x00000000 (b/s 0x00000000)
 Swap RAS[1:0] Base   : 0x00000000 (b/s 0x00000000)
 Swap RAS[3:2] Base   : 0x00000000 (b/s 0x00000000)
 Swap CS[3] Base      : 0x00000000 (b/s 0x00000000)

Bridge 0, for PA Bay 0 (I/O Card, PCMCIA, Interfaces), Handle=0
DEC21050 bridge chip, config=0x0
(0x00):dev, vendor id       = 0x00011011
(0x04):status, command      = 0x00000000
(0x08):class code, revid    = 0x06040000
(0x0C):hdr, lat timer, cls  = 0x00000000
(0x18):sec lat,cls & bus no = 0x18020100
(0x1C):sec status, io base  = 0x00000000
(0x20):mem base & limit     = 0x00000000
(0x24):prefetch membase/lim = 0x00000000
(0x3C):bridge ctrl          = 0x00000000
(0x40):arb/serr, chip ctrl  = 0x00000000
(0x44):pri/sec trgt wait t. = 0x00000000
(0x48):sec write attmp ctr  = 0x00000000
(0x4C):pri write attmp ctr  = 0x00000000

CLPD6729 registers:
 (0x00) Chip Revision = 0x48
 (0x1E) Misc Control 2 = 0x08
 (0x1F) Chip Information = 0x00

 Socket 0:
  (0x01) Interface Status = 0xEF
  (0x02) Power Control = 0x90
  (0x03) Interrupt and General Control = 0x40
  (0x04) Card Status Change = 0x00
  (0x05) Management Interrupt Configuration = 0x38
  (0x06) Mapping Enable = 0x11
  (0x07) I/O Window Control = 0x00
  (0x08) System I/O Map 0 Start Address Low = 0x00
  (0x09) System I/O Map 0 Start Address High = 0x00
  (0x0A) System I/O Map 0 End Address Low = 0x00
  (0x0B) System I/O Map 0 End Address High = 0x00
  (0x0C) System I/O Map 1 Start Address Low = 0x00
  (0x0D) System I/O Map 1 Start Address High = 0x00
  (0x0E) System I/O Map 1 End Address Low = 0x00
  (0x0F) System I/O Map 1 End Address High = 0x00
  (0x10) System Memory Map 0 Start Address Low = 0x00
  (0x11) System Memory Map 0 Start Address High = 0x81
  (0x12) System Memory Map 0 End Address Low = 0xFF
  (0x13) System Memory Map 0 End Address High = 0x04
  (0x05 EXT) System Memory Map 0 Upper Address = 0x40
  (0x14) Card Memory Map 0 Offset Address Low = 0x00
  (0x15) Card Memory Map 0 Offset Address High = 0x3F
  (0x16) Misc Control 1 = 0x00
  (0x26) ATA Control = 0x00
  (0x17) FIFO Control = 0x80
  (0x18) System Memory Map 1 Start Address Low = 0x00
  (0x19) System Memory Map 1 Start Address High = 0x00
  (0x1A) System Memory Map 1 End Address Low = 0x00
  (0x1B) System Memory Map 1 End Address High = 0x00
  (0x06 EXT) System Memory Map 1 Upper Address = 0x40
  (0x1C) Card Memory Map 1 Offset Address Low = 0x00
  (0x1D) Card Memory Map 1 Offset Address High = 0x00
  (0x20) System Memory Map 2 Start Address Low = 0x00
  (0x21) System Memory Map 2 Start Address High = 0x00
  (0x22) System Memory Map 2 End Address Low = 0x00
  (0x23) System Memory Map 2 End Address High = 0x00
  (0x07 EXT) System Memory Map 2 Upper Address = 0x40
  (0x24) Card Memory Map 2 Offset Address Low = 0x00
  (0x25) Card Memory Map 2 Offset Address High = 0x00
  (0x26) ATA Control = 0x00
  (0x28) System Memory Map 3 Start Address Low = 0x00
  (0x29) System Memory Map 3 Start Address High = 0x00
  (0x2A) System Memory Map 3 End Address Low = 0x00
  (0x2B) System Memory Map 3 End Address High = 0x00
  (0x08 EXT) System Memory Map 3 Upper Address = 0x40
  (0x2C) Card Memory Map 3 Offset Address Low = 0x00
  (0x2D) Card Memory Map 3 Offset Address High = 0x00
  (0x30) System Memory Map 4 Start Address Low = 0x00
  (0x31) System Memory Map 4 Start Address High = 0x80
  (0x32) System Memory Map 4 End Address Low = 0xFF
  (0x33) System Memory Map 4 End Address High = 0x00
  (0x09 EXT) System Memory Map 4 Upper Address = 0x40
  (0x34) Card Memory Map 4 Offset Address Low = 0x00
  (0x35) Card Memory Map 4 Offset Address High = 0x40
  (0x36) Card I/O Map 0 Offset Address Low = 0x00
  (0x37) Card I/O Map 0 Offset Address High = 0x00
  (0x38) Card I/O Map 1 Offset Address Low = 0x00
  (0x39) Card I/O Map 1 Offset Address High = 0x00
  (0x3A) Setup Timing 0 = 0x04
  (0x3B) Command Timing 0 = 0x0A
  (0x3C) Recovery Timing 0 = 0x04
  (0x3D) Setup Timing 1 = 0x20
  (0x3E) Command Timing 1 = 0x48
  (0x3F) Recovery Timing 1 = 0x20
  (0x03 EXT) Extension Control 1 = 0x40
  (0x0B EXT) Extension Control 2 = 0x40

 Socket 1:
  (0x41) Interface Status = 0x80
  (0x42) Power Control = 0x90
  (0x43) Interrupt and General Control = 0x40
  (0x44) Card Status Change = 0x00
  (0x45) Management Interrupt Configuration = 0x38
  (0x46) Mapping Enable = 0x11
  (0x47) I/O Window Control = 0x00
  (0x48) System I/O Map 0 Start Address Low = 0x00
  (0x49) System I/O Map 0 Start Address High = 0x00
  (0x4A) System I/O Map 0 End Address Low = 0x00
  (0x4B) System I/O Map 0 End Address High = 0x00
  (0x4C) System I/O Map 1 Start Address Low = 0x00
  (0x4D) System I/O Map 1 Start Address High = 0x00
  (0x4E) System I/O Map 1 End Address Low = 0x00
  (0x4F) System I/O Map 1 End Address High = 0x00
  (0x50) System Memory Map 0 Start Address Low = 0x00
  (0x51) System Memory Map 0 Start Address High = 0x81
  (0x52) System Memory Map 0 End Address Low = 0xFF
  (0x53) System Memory Map 0 End Address High = 0x04
  (0x05 EXT) System Memory Map 0 Upper Address = 0x44
  (0x54) Card Memory Map 0 Offset Address Low = 0x00
  (0x55) Card Memory Map 0 Offset Address High = 0x3F
  (0x56) Misc Control 1 = 0x00
  (0x66) ATA Control = 0x00
  (0x57) FIFO Control = 0x80
  (0x58) System Memory Map 1 Start Address Low = 0x00
  (0x59) System Memory Map 1 Start Address High = 0x00
  (0x5A) System Memory Map 1 End Address Low = 0x00
  (0x5B) System Memory Map 1 End Address High = 0x00
  (0x06 EXT) System Memory Map 1 Upper Address = 0x44
  (0x5C) Card Memory Map 1 Offset Address Low = 0x00
  (0x5D) Card Memory Map 1 Offset Address High = 0x00
  (0x60) System Memory Map 2 Start Address Low = 0x00
  (0x61) System Memory Map 2 Start Address High = 0x00
  (0x62) System Memory Map 2 End Address Low = 0x00
  (0x63) System Memory Map 2 End Address High = 0x00
  (0x07 EXT) System Memory Map 2 Upper Address = 0x44
  (0x64) Card Memory Map 2 Offset Address Low = 0x00
  (0x65) Card Memory Map 2 Offset Address High = 0x00
  (0x66) ATA Control = 0x00
  (0x68) System Memory Map 3 Start Address Low = 0x00
  (0x69) System Memory Map 3 Start Address High = 0x00
  (0x6A) System Memory Map 3 End Address Low = 0x00
  (0x6B) System Memory Map 3 End Address High = 0x00
  (0x08 EXT) System Memory Map 3 Upper Address = 0x44
  (0x6C) Card Memory Map 3 Offset Address Low = 0x00
  (0x6D) Card Memory Map 3 Offset Address High = 0x00
  (0x70) System Memory Map 4 Start Address Low = 0x00
  (0x71) System Memory Map 4 Start Address High = 0x80
  (0x72) System Memory Map 4 End Address Low = 0xFF
  (0x73) System Memory Map 4 End Address High = 0x00
  (0x09 EXT) System Memory Map 4 Upper Address = 0x44
  (0x74) Card Memory Map 4 Offset Address Low = 0x00
  (0x75) Card Memory Map 4 Offset Address High = 0x40
  (0x76) Card I/O Map 0 Offset Address Low = 0x00
  (0x77) Card I/O Map 0 Offset Address High = 0x00
  (0x78) Card I/O Map 1 Offset Address Low = 0x00
  (0x79) Card I/O Map 1 Offset Address High = 0x00
  (0x7A) Setup Timing 0 = 0x04
  (0x7B) Command Timing 0 = 0x0A
  (0x7C) Recovery Timing 0 = 0x04
  (0x7D) Setup Timing 1 = 0x20
  (0x7E) Command Timing 1 = 0x48
  (0x7F) Recovery Timing 1 = 0x20
  (0x03 EXT) Extension Control 1 = 0x44
  (0x0B EXT) Extension Control 2 = 0x44


------------------ show pci controller ------------------


GT64120 Channel 0 DMA (Packet coalescing DMA engine):
 dma_list=0x667F3EFC, dma_ring=0xE187040, dma_entries=256
 dma_free=0x667F5004, dma_reqt=0x667F5004, dma_done=0x667F5004
 thread=0x667F4FF0, thread_end=0x667F4FF0
 backup_thread=0x0, backup_thread_end=0x0
 dma_working=0, dma_stalls=0, dma_stall_loop=0
 dma_complete=1203, post_coalesce_frames=1203
 exhausted_dma_entries=0, post_dma_callback=1188

GT64120 Rev level     : 5
GT64120 Register Dump : Registers at 0xB4000000
CPU Interface :
 cpu_interface_conf   : 0x00000000 (b/s 0x00000000)
 multi_gt             : 0x00000000 (b/s 0x00000000)
Processor Address Space :
 ras10_low            : 0x00000000 (b/s 0x00000000)
 ras10_high           : 0x7F000000 (b/s 0x0000007F)
 ras32_low            : 0x00010000 (b/s 0x00000100)
 ras32_high           : 0x7F000000 (b/s 0x0000007F)
 cs20_low             : 0x00000000 (b/s 0x00000000)
 cs20_high            : 0x00000000 (b/s 0x00000000)
 cs3_boot_low         : 0x00000000 (b/s 0x00000000)
 cs3_boot_high        : 0x00000000 (b/s 0x00000000)
 pci_io_low           : 0x00000000 (b/s 0x00000000)
 pci_io_high          : 0x00000000 (b/s 0x00000000)
 pci_mem_low          : 0x00000000 (b/s 0x00000000)
 pci_mem_high         : 0x00000000 (b/s 0x00000000)
 pci_mem1_low         : 0x00000000 (b/s 0x00000000)
 pci_mem1_high        : 0x00000000 (b/s 0x00000000)
 pci1_io_low          : 0x00000000 (b/s 0x00000000)
 pci1_io_high         : 0x00000000 (b/s 0x00000000)
 pci1_mem0_low        : 0x00000000 (b/s 0x00000000)
 pci1_mem0_high       : 0x00000000 (b/s 0x00000000)
 pci1_mem1_low        : 0x00000000 (b/s 0x00000000)
 pci1_mem1_high       : 0x00000000 (b/s 0x00000000)
 internal_spc_decode  : 0x00000000 (b/s 0x00000000)
 bus_err_low          : 0x00000000 (b/s 0x00000000)
 bus_err_high         : 0x00000000 (b/s 0x00000000)
 pci0_sync_barrier    : 0x00000000 (b/s 0x00000000)
 pci1_sync_barrier    : 0x00000000 (b/s 0x00000000)
 ras10_addr_remap     : 0x00000000 (b/s 0x00000000)
 ras32_addr_remap     : 0x00000000 (b/s 0x00000000)
 cs20_remap           : 0x00000000 (b/s 0x00000000)
 cs3_boot_remap       : 0x00000000 (b/s 0x00000000)
 pci0_io_remap        : 0x00000000 (b/s 0x00000000)
 pci0_mem0_remap      : 0x00000000 (b/s 0x00000000)
 pci0_mem1_remap      : 0x00000000 (b/s 0x00000000)
 pci1_io_remap        : 0x00000000 (b/s 0x00000000)
 pci1_mem0_remap      : 0x00000000 (b/s 0x00000000)
 pci1_mem1_remap      : 0x00000000 (b/s 0x00000000)
SDRAM/Device Address Space :
 ras0_low             : 0x00000000 (b/s 0x00000000)
 ras0_high            : 0xFF000000 (b/s 0x000000FF)
 ras1_low             : 0x7F000000 (b/s 0x0000007F)
 ras1_high            : 0x00000000 (b/s 0x00000000)
 ras2_low             : 0x00000000 (b/s 0x00000000)
 ras2_high            : 0xFF000000 (b/s 0x000000FF)
 ras3_low             : 0x7F000000 (b/s 0x0000007F)
 ras3_high            : 0x00000000 (b/s 0x00000000)
 cs0_low              : 0x00000000 (b/s 0x00000000)
 cs0_high             : 0x00000000 (b/s 0x00000000)
 cs1_low              : 0x00000000 (b/s 0x00000000)
 cs1_high             : 0x00000000 (b/s 0x00000000)
 cs2_low              : 0x00000000 (b/s 0x00000000)
 cs2_high             : 0x00000000 (b/s 0x00000000)
 cs3_low              : 0x00000000 (b/s 0x00000000)
 cs3_high             : 0x00000000 (b/s 0x00000000)
 boot_cs_low          : 0x00000000 (b/s 0x00000000)
 boot_cs_high         : 0x00000000 (b/s 0x00000000)
 addr_decode_err      : 0x00000000 (b/s 0x00000000)
 addr_decode          : 0x00000000 (b/s 0x00000000)
 dram_config          : 0x00000000 (b/s 0x00000000)
 dram_bank0_param     : 0x00000000 (b/s 0x00000000)
 dram_bank1_param     : 0x00000000 (b/s 0x00000000)
 dram_bank2_param     : 0x00000000 (b/s 0x00000000)
 dram_bank3_param     : 0x00000000 (b/s 0x00000000)
 dram_oper_mode       : 0x00000000 (b/s 0x00000000)
Device Parameters :
 device_bank0_param   : 0x00000000 (b/s 0x00000000)
 device_bank1_param   : 0x00000000 (b/s 0x00000000)
 device_bank2_param   : 0x00000000 (b/s 0x00000000)
 device_bank3_param   : 0x00000000 (b/s 0x00000000)
 boot_bank_param      : 0x00000000 (b/s 0x00000000)
DMA Channels :
 ch0_dma_count        : 0x00000000 (b/s 0x00000000)
 ch1_dma_count        : 0x00000000 (b/s 0x00000000)
 ch2_dma_count        : 0x00000000 (b/s 0x00000000)
 ch3_dma_count        : 0x00000000 (b/s 0x00000000)
 ch0_dma_src          : 0x00EF460E (b/s 0x0E46EF00)
 ch1_dma_src          : 0x00000000 (b/s 0x00000000)
 ch2_dma_src          : 0x00000000 (b/s 0x00000000)
 ch3_dma_src          : 0x00000000 (b/s 0x00000000)
 ch0_dma_dst          : 0x0A95000E (b/s 0x0E00950A)
 ch1_dma_dst          : 0x00000000 (b/s 0x00000000)
 ch2_dma_dst          : 0x00000000 (b/s 0x00000000)
 ch3_dma_dst          : 0x00000000 (b/s 0x00000000)
 ch0_next_ptr         : 0x00000000 (b/s 0x00000000)
 ch1_next_ptr         : 0x00000000 (b/s 0x00000000)
 ch2_next_ptr         : 0x00000000 (b/s 0x00000000)
 ch3_next_ptr         : 0x00000000 (b/s 0x00000000)
 ch0_current_ptr      : 0x00000000 (b/s 0x00000000)
 ch1_current_ptr      : 0x00000000 (b/s 0x00000000)
 ch2_current_ptr      : 0x00000000 (b/s 0x00000000)
 ch3_current_ptr      : 0x00000000 (b/s 0x00000000)
 ch0_ctrl             : 0xC01C0000 (b/s 0x00001CC0)
 ch1_ctrl             : 0x00000000 (b/s 0x00000000)
 ch2_ctrl             : 0x00000000 (b/s 0x00000000)
 ch3_ctrl             : 0x00000000 (b/s 0x00000000)
 arbiter_ctrl         : 0x00000000 (b/s 0x00000000)
Timer/Counters :
 ct0                  : 0x00000000 (b/s 0x00000000)
 ct1                  : 0x00000000 (b/s 0x00000000)
 ct2                  : 0x00000000 (b/s 0x00000000)
 ct3                  : 0x00000000 (b/s 0x00000000)
 counter_ctrl         : 0x00000000 (b/s 0x00000000)
PCI Internal Registers :
 pci_cmd              : 0x01800000 (b/s 0x00008001)
 pci1_cmd             : 0x00000000 (b/s 0x00000000)
 pci_timeout          : 0x00000000 (b/s 0x00000000)
 pci1_timeout         : 0x00000000 (b/s 0x00000000)
 pci_ras10_size       : 0xFF0F0000 (b/s 0x00000FFF)
 pci1_ras10_size      : 0x00000000 (b/s 0x00000000)
 pci_ras32_size       : 0xFF0F0000 (b/s 0x00000FFF)
 pci1_ras32_size      : 0x00000000 (b/s 0x00000000)
 pci_cs20_size        : 0x00000000 (b/s 0x00000000)
 pci1_cs20_size       : 0x00000000 (b/s 0x00000000)
 pci_cs3_boot_size    : 0x00000000 (b/s 0x00000000)
 pci1_cs3_boot_size   : 0x00000000 (b/s 0x00000000)
 pci0_prefetch_burst_ : 0x00000000 (b/s 0x00000000)
 pci1_prefetch_burst_ : 0x00000000 (b/s 0x00000000)
 pci0_ras10_remap     : 0x00000000 (b/s 0x00000000)
 pci1_ras10_remap     : 0x00000000 (b/s 0x00000000)
 pci0_ras32_remap     : 0x00000000 (b/s 0x00000000)
 pci1_ras32_remap     : 0x00000000 (b/s 0x00000000)
 pci0_cs20_remap      : 0x00000000 (b/s 0x00000000)
 pci1_cs20_remap      : 0x00000000 (b/s 0x00000000)
 pci0_cs3_boot_remap  : 0x00000000 (b/s 0x00000000)
 pci1_cs3_boot_remap  : 0x00000000 (b/s 0x00000000)
 pci0_swapped_ras10_r : 0x00000000 (b/s 0x00000000)
 pci1_swapped_ras10_r : 0x00000000 (b/s 0x00000000)
 pci0_swapped_ras32_r : 0x00000000 (b/s 0x00000000)
 pci1_swapped_ras32_r : 0x00000000 (b/s 0x00000000)
 pci0_swapped_cs3_boo : 0x00000000 (b/s 0x00000000)
 pci1_swapped_cs3_boo : 0x00000000 (b/s 0x00000000)
 pci0_base_addr_regs_ : 0x00000000 (b/s 0x00000000)
Interrupt Control :
 pci_int_cause        : 0x00000000 (b/s 0x00000000)
 pci_high_int_cause   : 0x00000000 (b/s 0x00000000)
 pci_cpu_mask         : 0xF00F0000 (b/s 0x00000FF0)
 pci_high_cpu_mask    : 0x00000000 (b/s 0x00000000)
 pci_pci_mask         : 0x00000000 (b/s 0x00000000)
 pci0_high_pci_mask   : 0x00000000 (b/s 0x00000000)
 pci1_int_cause_mask  : 0x00000000 (b/s 0x00000000)
 pci1_high_int_cause_ : 0x00000000 (b/s 0x00000000)
 pci_serr_mask        : 0x00000000 (b/s 0x00000000)
 pci1_serr_mask       : 0x00000000 (b/s 0x00000000)
 pci0_int_select      : 0x00000000 (b/s 0x00000000)
 pci1_int_select      : 0x00000000 (b/s 0x00000000)
 cpu_int_select       : 0x00000000 (b/s 0x00000000)


------------------ show sysctlr ------------------



------------------ show buffers ------------------


Buffer elements:
     1108 in free list 
     18945 hits, 0 misses, 617 created

Public buffer pools:
Small buffers, 104 bytes (total 71, permanent 50, peak 71 @ 01:03:59):
     71 in free list (20 min, 150 max allowed)
     4277 hits, 7 misses, 0 trims, 21 created
     0 failures (0 no memory)
Middle buffers, 600 bytes (total 55, permanent 25, peak 55 @ 01:03:59):
     53 in free list (10 min, 150 max allowed)
     6769 hits, 10 misses, 0 trims, 30 created
     0 failures (0 no memory)
Big buffers, 1536 bytes (total 51, permanent 50, peak 51 @ 01:04:11):
     51 in free list (5 min, 150 max allowed)
     1322 hits, 0 misses, 0 trims, 1 created
     0 failures (0 no memory)
VeryBig buffers, 4520 bytes (total 11, permanent 10, peak 11 @ 01:04:11):
     11 in free list (0 min, 100 max allowed)
     0 hits, 0 misses, 0 trims, 1 created
     0 failures (0 no memory)
Large buffers, 5024 bytes (total 1, permanent 0, peak 1 @ 01:04:17):
     1 in free list (0 min, 10 max allowed)
     0 hits, 0 misses, 0 trims, 1 created
     0 failures (0 no memory)
Huge buffers, 18024 bytes (total 1, permanent 0, peak 1 @ 01:04:17):
     1 in free list (0 min, 4 max allowed)
     0 hits, 0 misses, 0 trims, 1 created
     0 failures (0 no memory)

Interface buffer pools:
Generic ED Pool buffers, 512 bytes (total 101, permanent 100, peak 101 @ 01:04:07):
     101 in free list (100 min, 100 max allowed)
     9 hits, 0 misses
Syslog ED Pool buffers, 600 bytes (total 133, permanent 132, peak 133 @ 01:04:07):
     101 in free list (132 min, 132 max allowed)
     135 hits, 0 misses
IPC buffers, 4096 bytes (total 2, permanent 2):
     1 in free list (1 min, 8 max allowed)
     1 hits, 0 fallbacks, 0 trims, 0 created
     0 failures (0 no memory)
IPC Medium buffers, 16384 bytes (total 2, permanent 2):
     2 in free list (1 min, 8 max allowed)
     0 hits, 0 fallbacks, 0 trims, 0 created
     0 failures (0 no memory)
IPC Large buffers, 65535 bytes (total 17, permanent 16, peak 17 @ 01:04:17):
     17 in free list (16 min, 16 max allowed)
     0 hits, 0 misses, 64 trims, 65 created
     0 failures (0 no memory)

Header pools:
Header buffers, 0 bytes (total 512, permanent 256, peak 512 @ 01:04:16):
     256 in free list (256 min, 1024 max allowed)
     171 hits, 85 misses, 0 trims, 256 created
     0 failures (0 no memory)
     256 max cache size, 256 in cache
     0 hits in cache, 0 misses in cache

Particle Clones:
     1024 clones, 0 hits, 0 misses

Public particle pools:
F/S buffers, 128 bytes (total 512, permanent 512):
     0 in free list (0 min, 512 max allowed)
     512 hits, 0 misses, 0 trims, 0 created
     0 failures (0 no memory)
     512 max cache size, 512 in cache
     0 hits in cache, 0 misses in cache
Normal buffers, 512 bytes (total 2048, permanent 2048):
     2048 in free list (1024 min, 4096 max allowed)
     0 hits, 0 misses, 0 trims, 0 created
     0 failures (0 no memory)

Private particle pools:
HQF Particle buffers, 0 bytes (total 2000, permanent 2000):
     2000 in free list (500 min, 2000 max allowed)
     0 hits, 0 misses, 0 trims, 0 created
     0 failures (0 no memory)
FastEthernet0/0 buffers, 512 bytes (total 400, permanent 400):
     0 in free list (0 min, 400 max allowed)
     400 hits, 0 fallbacks
     400 max cache size, 271 in cache
     227 hits in cache, 0 misses in cache
     14 buffer threshold, 0 threshold transitions
FastEthernet1/0 buffers, 768 bytes (total 529, permanent 400):
     129 in free list (128 min, 1200 max allowed)
     357 hits, 43 misses, 0 trims, 129 created
     0 failures (0 no memory)
     400 max cache size, 272 in cache
     128 hits in cache, 0 misses in cache
     14 buffer threshold, 0 threshold transitions
FastEthernet1/1 buffers, 768 bytes (total 529, permanent 400):
     129 in free list (128 min, 1200 max allowed)
     357 hits, 43 misses, 0 trims, 129 created
     0 failures (0 no memory)
     400 max cache size, 272 in cache
     128 hits in cache, 0 misses in cache
     14 buffer threshold, 0 threshold transitions
FastEthernet2/0 buffers, 768 bytes (total 529, permanent 400):
     129 in free list (128 min, 1200 max allowed)
     357 hits, 43 misses, 0 trims, 129 created
     0 failures (0 no memory)
     400 max cache size, 272 in cache
     128 hits in cache, 0 misses in cache
     14 buffer threshold, 0 threshold transitions
FastEthernet2/1 buffers, 768 bytes (total 529, permanent 400):
     129 in free list (128 min, 1200 max allowed)
     357 hits, 43 misses, 0 trims, 129 created
     0 failures (0 no memory)
     400 max cache size, 272 in cache
     128 hits in cache, 0 misses in cache
     14 buffer threshold, 0 threshold transitions
FastEthernet3/0 buffers, 768 bytes (total 529, permanent 400):
     129 in free list (128 min, 1200 max allowed)
     357 hits, 43 misses, 0 trims, 129 created
     0 failures (0 no memory)
     400 max cache size, 272 in cache
     4268 hits in cache, 0 misses in cache
     14 buffer threshold, 0 threshold transitions
FastEthernet3/1 buffers, 768 bytes (total 529, permanent 400):
     129 in free list (128 min, 1200 max allowed)
     357 hits, 43 misses, 0 trims, 129 created
     0 failures (0 no memory)
     400 max cache size, 272 in cache
     128 hits in cache, 0 misses in cache
     14 buffer threshold, 0 threshold transitions



------------------ show buffers usage ------------------


Statistics for the Small pool
Number of Buffers used by packets generated by system:   71
Number of Buffers used by incoming packets:               0

Statistics for the Middle pool
Output IDB   :      Fa3/0 count:       10
Caller pc    : 0x60F30C28 count:       10
Resource User: SSH Proces count:       10
Caller pc    : 0x62CC2180 count:        1
Resource User:   IP Input count:        1
Number of Buffers used by packets generated by system:   54
Number of Buffers used by incoming packets:               1

Statistics for the Big pool
Number of Buffers used by packets generated by system:   51
Number of Buffers used by incoming packets:               0

Statistics for the VeryBig pool
Number of Buffers used by packets generated by system:   11
Number of Buffers used by incoming packets:               0

Statistics for the Large pool
Number of Buffers used by packets generated by system:    1
Number of Buffers used by incoming packets:               0

Statistics for the Huge pool
Number of Buffers used by packets generated by system:    1
Number of Buffers used by incoming packets:               0

Statistics for the Generic ED Pool pool
Number of Buffers used by packets generated by system:  101
Number of Buffers used by incoming packets:               0

Statistics for the Syslog ED Pool pool
Caller pc    : 0x60869E4C count:       32
Resource User: EEM ED Sys count:       32
Number of Buffers used by packets generated by system:  133
Number of Buffers used by incoming packets:               0

Statistics for the IPC pool
Caller pc    : 0x62B99048 count:        1
Resource User:       Init count:        1
Number of Buffers used by packets generated by system:    2
Number of Buffers used by incoming packets:               0

Statistics for the IPC Medium pool
Number of Buffers used by packets generated by system:    2
Number of Buffers used by incoming packets:               0

Statistics for the IPC Large pool
Number of Buffers used by packets generated by system:   17
Number of Buffers used by incoming packets:               0

Statistics for the Header pool
Number of Buffers used by packets generated by system:  512
Number of Buffers used by incoming packets:               0

Statistics for the FS Header pool
Caller pc    : 0x62E4D3C0 count:        1
Resource User:       Init count:       22
Caller pc    : 0x62EFFE98 count:        6
Caller pc    : 0x63270364 count:        1
Caller pc    : 0x60982398 count:        1
Caller pc    : 0x63337A38 count:        1
Caller pc    : 0x633380B4 count:        1
Caller pc    : 0x620CE954 count:        8
Caller pc    : 0x62B0570C count:        1
Caller pc    : 0x61231678 count:        1
Caller pc    : 0x63337A78 count:        1
Number of Buffers used by packets generated by system:   38
Number of Buffers used by incoming packets:               0

Statistics for the l2frag pak pool pool
Number of Buffers used by packets generated by system:    0
Number of Buffers used by incoming packets:               0

Statistics for the SW Crypto Header pool
Caller pc    : 0x629FCC8C count:        1
Resource User:       Init count:        1
Number of Buffers used by packets generated by system:    2
Number of Buffers used by incoming packets:               0

Statistics for the Crypto Fragmentation Header pool
Caller pc    : 0x63672E1C count:        1
Resource User:       Init count:        1
Number of Buffers used by packets generated by system:    2
Number of Buffers used by incoming packets:               0



SD-WN#
DEBUG:netmiko:read_channel: 
------------------ show region ------------------


Region Manager:

      Start         End     Size(b)  Class  Media  Name
 0x0E000000  0x0FFFFFFF    33554432  Iomem  R/W    iomem
 0x60000000  0x7DFFFFFF   503316480  Local  R/W    main
 0x60008EB0  0x6386285F    59087280  IText  R/O    main:text
 0x63864000  0x64EB8C1F    23415840  IData  R/W    main:data
 0x64EB8C20  0x6558E3FF     7165920  IBss   R/W    main:bss
 0x6558E400  0x6658E3FF    16777216  Local  R/W    main:heap
 0x6658E4A0  0x6758E49F    16777216  Local  R/W    main:heap
 0x6758E540  0x6858E53F    16777216  Local  R/W    main:heap
 0x6858E5E0  0x6958E5DF    16777216  Local  R/W    main:heap
 0x7D000000  0x7DFFFFFF    16777216  Local  R/W    main:heap
 0x7E000000  0x7FFFFFFF    33554432  Iomem  R/W    iomem:(iomem_cwt)
 0x80000000  0x8DFFFFFF   234881024  Local  R/W    main:(main_k0)
 0xA0000000  0xADFFFFFF   234881024  Local  R/W    main:(main_k1)


Free Region Manager:

      Start         End     Size(b)  Class  Media  Name
 0x6958E680  0x7CFFFF5F   329717984  Local  R/W    heap



------------------ Mempool statistics ------------------


                Head    Total(b)     Used(b)     Free(b)   Lowest(b)  Largest(b)
Processor   6558E400   396826796    52655704   344171092   343114556   329717932
      I/O    E000000    33554432     5795940    27758492    27745508    27735900
Transient   7D000000    16777216       15260    16761956    16760036    16761924

-------------- Top 100 allocator pc summary -----------


Allocator PC Summary for: Processor

    PC          Total   Count  Name
0x62827634    2182244     115  XOS_MEM_BASE
0x6317567C    2173780     265  Process Stack
0x62BED270    1937628       2  RMON packet pool
0x62D5082C    1749708     953  *Packet Header*
0x62D50888    1331016     253  *Packet Data*
0x605DA3CC    1106016      12  event_trace_tbs
0x60C3A028    1040156       2  mfib_db
0x61E135B4    1036276    1106  *Init*
0x61E074C0    1006620      99  TW Buckets
0x61F7C7C4     880156       2  cef_interface
0x62022F18     880156       2  adjacency
0x60D4C214     880156       2  multicast topology
0x62D55330     738944      17  pak subblock chunk
0x60C6C150     640156       2  mfib_wire
0x62069200     640156       2  cef_ipv4
0x620E1158     640156       2  cef_ipv6
0x61BCD4AC     640156       2  event
0x60544020     595208      73  Init
0x60C3C660     560156       2  mfib_table
0x60C8856C     560156       2  mfib_ipv4
0x60C8C890     560156       2  mfib_ipv6
0x608D35A0     543276    5430  Init
0x6326723C     524340       1  L2X Hash Table
0x62D55FDC     514476     186  Normal
0x600625C4     480156       2  ARP
0x6281F048     467804      25  AToM LDP Adj Chunk
0x608D35C0     460956    5289  Init
0x61C77778     426344       5  Init
0x608D35B4     420268    5430  Init
0x61CCD4A8     408228       1  Init
0x60C2E458     400156       2  mfib_cable
0x60C50080     400156       2  mfib_events
0x61FD1E84     400156       2  oce_events
0x619187A8     384156       2  ppcp
0x61986290     384156       2  ppm
0x619EAB40     384156       2  ffmshim
0x634B8F40     376988       2  gdoi_exit
0x62B99768     341524    3169  IPC Global Info
0x62D60974     324660       1  Init
0x62D60988     324660       1  Init
0x62334658     312496    1059  PfR BR Appl Namelist: Column
0x61476584     291560       7  RRR_AUTOMESH hw subblock
0x63710374     267644      46  LSP_VIF radix trie
0x6371F6B4     262560       8  XC ST PW OAM Mgr DB
0x62B5B494     262352       4  IPC Message Hea
0x61CEE28C     262352       4  STP Port Control Block Chunk
0x61F73B4C     262248       2  CEF: hash table
0x605CFC24     262196       1  Init
0x606B8E58     250876      14  EIGRP: ExtData
0x61DB7160     232156       2  tunnel
0x61E50E40     219868     263  Process
0x615C21F0     197376       6  DSensor 64
0x62E78258     196764       3  Init
0x604BFADC     188240       1  NET ACCT LISTS
0x604BFB00     188240       1  SYS ACCT LISTS
0x604BFB28     188240       1  VRRS ACCT LISTS
0x6047FEB4     184236       1  DOT1X ACC LISTS
0x6047FEDC     184236       1  EOU ACC LISTS
0x6047FF14     184236       1  PPP ACC LISTS
0x6047FF50     168220       1  NET AUTHOR LISTS
0x6047FF80     168220       1  SUBSCRIBER-PROFILE AUTHOR LISTS
0x6009750C     153268       1  Init
0x6368350C     152156       2  tp_ss_events
0x6296C234     149524    1947  Init
0x61CCDAEC     149328       9  NBAR Attr Chunk
0x6119A460     144052       1  MPLS Event log
0x635037B0     140156       2  cfd
0x60628334     136156       2  nvram
0x61E00F24     132736       8  uEvent Elements
0x62007DD4     132008       4  TAL: MTRIE n08
0x604D3528     131572       4  AAA Large Chunk
0x609F5828     131176       2  blt array
0x62D5CBF0     131124       1  *Init*
0x633B5EB0     131124       1  IP Lite hash buckets
0x6365D168     128156       2  flexvpn
0x608A9204     128052       1  Init
0x61F78494     128052       1  CEF: fibidb table
0x61F784B4     128052       1  CEF: fibhwidb table
0x61A447D4     128052       1  Init
0x61DCD64C     120624      12  RMI RO-RU Chunk
0x622E7EC8     112156       2  nhrp_error
0x63719B54     110064       5  RIB App Handlee Allocator
0x60539FC8     109968    1300  Parser Linkage
0x607D694C     105156      23  EEM Server
0x607D68B8     105156      23  EEM Server
0x607D68C8     105156      23  EEM Server
0x604D2A28      98356       1  AAA attr list handle IDs
0x61E01890      94180      18  List Headers
0x608C2F64      93608     650  Init
0x6373DFD4      92616     269  *Init*
0x61FCC8DC      92084       4  OCE reinject ha
0x6331607C      90692       3  BITLIST CHUNK
0x60906790      88156       2  fnf_mon
0x60DF5A58      87600       2  MVPN IDB up/down process queue events
0x62E781AC      85560      70  Init
0x608CAF60      84680     868  Init
0x61DF9D70      84076      29  keepalive
0x61336C0C      84052       1  Init
0x62D55F50      83512      30  Normal
0x622E7EFC      80156       2  nhrp_exception


Allocator PC Summary for: I/O

    PC          Total   Count  Name
0x62D56000    4752640      84  Normal
0x62D55F50     738944      10  Normal
0x62D50888     252448     204  *Packet Data*
0x62EFFA20      24960       6  FastEthernet1/0
0x62EFF994      12672       6  FastEthernet1/0
0x62C72598       4160       1  Init
0x62E51A54       4160       1  FastEthernet0/0
0x62E519C8       2112       1  FastEthernet0/0
0x62E519A4        256       1  FastEthernet0/0


Allocator PC Summary for: Transient

    PC          Total   Count  Name
0x61E4CDC0      15156       3  Watcher Info


------------------ show dmvpn detail ------------------

Legend: Attrb --> S - Static, D - Dynamic, I - Incomplete
	N - NATed, L - Local, X - No Socket
	# Ent --> Number of NHRP entries with same NBMA peer
	NHS Status: E --> Expecting Replies, R --> Responding, W --> Waiting
	UpDn Time --> Up or Down Time for a Tunnel
==========================================================================


DEBUG:netmiko:read_channel: 
DEBUG:netmiko:read_channel: 
DEBUG:netmiko:write_channel: b'\n'
DEBUG:netmiko:read_channel: 
DEBUG:netmiko:read_channel: 
DEBUG:netmiko:read_channel: 
DEBUG:netmiko:read_channel: 
DEBUG:netmiko:read_channel: 
SD-WN#
DEBUG:netmiko:read_channel: 
------------------ show diag ------------------


Slot 0:
	Fast-ethernet on C7200 I/O card with MII or RJ45 Port adapter, 1 port
	Port adapter is analyzed 
	Port adapter insertion time 01:03:56 ago
	EEPROM contents at hardware discovery:
	Hardware revision 1.14        	Board revision A0
	Serial number     4294967295	Part number    73-2956-02
	FRU Part Number:  C7200-IO-FE-MII/RJ45=

	Test history      0x0         	RMA number     00-00-00
	EEPROM format version 1
	EEPROM contents (hex):
	  0x20: 01 83 01 0E FF FF FF FF 49 0B 8C 02 00 00 00 00
	  0x30: 50 00 00 00 98 12 28 00 00 FF FF FF FF FF FF FF

Slot 1:
	Dual Port FastEthernet (RJ45) Port adapter, 2 ports
	Port adapter is analyzed 
	Port adapter insertion time 01:03:55 ago
	EEPROM contents at hardware discovery:
	Controller Type          : 548
	Hardware Revision        : 1.0
	PCB Serial Number        : XXX00000000
	PCB Part Number          : 73-5420-04
	Board Revision           : A0
	RMA Test History         : 00
	RMA Number               : 0-0-0-0
	RMA History              : 00
	Deviation Number         : 0-0
	Product Identifier (PID) : PA-2FE-FX           
	Top Assy. Part Number    : 800-08352-04
	EEPROM format version 4
	EEPROM contents (hex):
	  0x00: 04 FF 40 02 24 41 01 00 C1 8B 58 58 58 30 30 30
	  0x10: 30 30 30 30 30 82 49 15 2C 04 42 41 30 03 00 81
	  0x20: 00 00 00 00 04 00 80 00 00 00 00 CB 94 50 41 2D
	  0x30: 32 46 45 2D 46 58 20 20 20 20 20 20 20 20 20 20
	  0x40: 20 C0 46 03 20 00 20 A0 04 FF FF FF FF FF FF FF
	  0x50: FF FF FF FF FF FF FF FF FF FF FF FF FF FF FF FF
	  0x60: FF FF FF FF FF FF FF FF FF FF FF FF FF FF FF FF
	  0x70: FF FF FF FF FF FF FF FF FF FF FF FF FF FF FF FF

Slot 2:
	Dual Port FastEthernet (RJ45) Port adapter, 2 ports
	Port adapter is analyzed 
	Port adapter insertion time 01:03:55 ago
	EEPROM contents at hardware discovery:
	Controller Type          : 548
	Hardware Revision        : 1.0
	PCB Serial Number        : XXX00000000
	PCB Part Number          : 73-5420-04
	Board Revision           : A0
	RMA Test History         : 00
	RMA Number               : 0-0-0-0
	RMA History              : 00
	Deviation Number         : 0-0
	Product Identifier (PID) : PA-2FE-FX           
	Top Assy. Part Number    : 800-08352-04
	EEPROM format version 4
	EEPROM contents (hex):
	  0x00: 04 FF 40 02 24 41 01 00 C1 8B 58 58 58 30 30 30
	  0x10: 30 30 30 30 30 82 49 15 2C 04 42 41 30 03 00 81
	  0x20: 00 00 00 00 04 00 80 00 00 00 00 CB 94 50 41 2D
	  0x30: 32 46 45 2D 46 58 20 20 20 20 20 20 20 20 20 20
	  0x40: 20 C0 46 03 20 00 20 A0 04 FF FF FF FF FF FF FF
	  0x50: FF FF FF FF FF FF FF FF FF FF FF FF FF FF FF FF
	  0x60: FF FF FF FF FF FF FF FF FF FF FF FF FF FF FF FF
	  0x70: FF FF FF FF FF FF FF FF FF FF FF FF FF FF FF FF

Slot 3:
	Dual Port FastEthernet (RJ45) Port adapter, 2 ports
	Port adapter is analyzed 
	Port adapter insertion time 01:03:55 ago
	EEPROM contents at hardware discovery:
	Controller Type          : 548
	Hardware Revision        : 1.0
	PCB Serial Number        : XXX00000000
	PCB Part Number          : 73-5420-04
	Board Revision           : A0
	RMA Test History         : 00
	RMA Number               : 0-0-0-0
	RMA History              : 00
	Deviation Number         : 0-0
	Product Identifier (PID) : PA-2FE-FX           
	Top Assy. Part Number    : 800-08352-04
	EEPROM format version 4
	EEPROM contents (hex):
	  0x00: 04 FF 40 02 24 41 01 00 C1 8B 58 58 58 30 30 30
	  0x10: 30 30 30 30 30 82 49 15 2C 04 42 41 30 03 00 81
	  0x20: 00 00 00 00 04 00 80 00 00 00 00 CB 94 50 41 2D
	  0x30: 32 46 45 2D 46 58 20 20 20 20 20 20 20 20 20 20
	  0x40: 20 C0 46 03 20 00 20 A0 04 FF FF FF FF FF FF FF
	  0x50: FF FF FF FF FF FF FF FF FF FF FF FF FF FF FF FF
	  0x60: FF FF FF FF FF FF FF FF FF FF FF FF FF FF FF FF
	  0x70: FF FF FF FF FF FF FF FF FF FF FF FF FF FF FF FF


------------------ show c7200 ------------------

Network IO Interrupt Throttling:
 throttle count=0, timer count=0
 active=0, configured=0
 netint usec=4000, netint mask usec=200

Midplane EEPROM:
	Hardware revision 2.1         	Board revision M0
	Serial number     4279256517	Part number    73-1539-03
	Test history      0x0         	RMA number     00-00-00
	MAC Pool Size     1024      	MAC Addr Base  ca03.0af5.0000
	Chassis Model     0x6         
	EEPROM format version 1
	EEPROM contents (hex):
	  0x00: 01 06 02 01 FF 10 45 C5 49 06 03 03 CA 03 0A F5
	  0x10: 00 00 04 00 00 00 00 00 4C 09 10 B0 FF FF 00 FF
	  0x20: 64 EC 00 00 65 7C 93 94 68 BD DA 58 65 7C 93 94
	  0x30: 65 CF 83 38 68 BD DA 58 00 00 00 00 64 EC 00 00

C7206VXR CPU EEPROM:
	Controller Type          : 504
	Hardware Revision        : 1.0
	Top Assy. Part Number    : 800-08136-02
	PCB Part Number          : 73-5308-02
	Board Revision           : B0
	PCB Serial Number        : 11111111
	RMA History              : 00
	Fab Version              : 02
	Fab Part Number          : 28-4086-02
	Product Identifier (PID) : NPE-400
	Deviation Number         : 0-0
	EEPROM format version 4
	EEPROM contents (hex):
	  0x00: 04 FF 40 01 F8 41 01 00 C0 46 03 20 00 1F C8 02
	  0x10: 82 49 14 BC 02 42 42 30 C1 8B 31 31 31 31 31 31
	  0x20: 31 31 00 00 00 04 00 02 02 85 1C 0F F6 02 CB 87
	  0x30: 4E 50 45 2D 34 30 30 80 00 00 00 00 FF FF FF FF
	  0x40: FF FF FF FF FF FF FF FF FF FF FF FF FF FF FF FF
	  0x50: FF FF FF FF FF FF FF FF FF FF FF FF FF FF FF FF
	  0x60: FF FF FF FF FF FF FF FF FF FF FF FF FF FF FF FF
	  0x70: FF FF FF FF FF FF FF FF FF FF FF FF FF FF FF FF

TLB entries (51/64 used):
Virt Address range      Phy Address range         Attributes
0x4B000000:0x4B1FFFFF   0x14B000000:0x14B1FFFFF   CacheMode=2, RW, Valid
0x4B200000:0x4B3FFFFF   0x14B200000:0x14B3FFFFF   CacheMode=2, RW, Valid
0x10000000:0x10001FFF   0x100000000:0x100001FFF   CacheMode=2, RW, Valid
0x40000000:0x41FFFFFF   0x040000000:0x041FFFFFF   CacheMode=2, RW, Valid
0x44000000:0x45FFFFFF   0x044000000:0x045FFFFFF   CacheMode=2, RW, Valid
0x3C000000:0x3C7FFFFF   0x048000000:0x0487FFFFF   CacheMode=2, RW, Valid
0x3C800000:0x3CFFFFFF   0x048800000:0x048FFFFFF   CacheMode=2, RW, Valid
0x3D000000:0x3D7FFFFF   0x04D000000:0x04D7FFFFF   CacheMode=2, RW, Valid
0x3D800000:0x3DFFFFFF   0x049000000:0x0497FFFFF   CacheMode=2, RW, Valid
0x3E000000:0x3E7FFFFF   0x04D800000:0x04DFFFFFF   CacheMode=2, RW, Invalid
0x3E800000:0x3EFFFFFF   0x049800000:0x049FFFFFF   CacheMode=2, RW, Invalid
0x3F000000:0x3F7FFFFF   0x04E000000:0x04E7FFFFF   CacheMode=2, RW, Invalid
0x1FC00000:0x1FC7FFFF   0x01FC00000:0x01FC7FFFF   CacheMode=2, RO, Valid
0x1E000000:0x1E1FFFFF   0x01E000000:0x01E1FFFFF   CacheMode=2, RW, Valid
0x1E800000:0x1E9FFFFF   0x01E800000:0x01E9FFFFF   CacheMode=2, RW, Valid
0xFE000000:0xFE07FFFF   0x0FE000000:0x0FE07FFFF   CacheMode=2, RW, Valid
0x60000000:0x61FFFFFF   0x000000000:0x001FFFFFF   CacheMode=3, RO, Valid
0x62000000:0x627FFFFF   0x002000000:0x0027FFFFF   CacheMode=3, RO, Valid
0x62800000:0x62FFFFFF   0x002800000:0x002FFFFFF   CacheMode=3, RO, Valid
0x63000000:0x637FFFFF   0x003000000:0x0037FFFFF   CacheMode=3, RO, Valid
0x63800000:0x6381FFFF   0x003800000:0x00381FFFF   CacheMode=3, RO, Valid
0x63820000:0x6383FFFF   0x003820000:0x00383FFFF   CacheMode=3, RO, Valid
0x63840000:0x6385FFFF   0x003840000:0x00385FFFF   CacheMode=3, RO, Valid
0x63860000:0x63861FFF   0x003860000:0x003861FFF   CacheMode=3, RO, Valid
0x63862000:0x63863FFF   0x003862000:0x003863FFF   CacheMode=3, RO, Valid
0x63864000:0x63865FFF   0x003864000:0x003865FFF   CacheMode=3, RW, Valid
0x63866000:0x63867FFF   0x003866000:0x003867FFF   CacheMode=3, RW, Valid
0x63868000:0x6386FFFF   0x003868000:0x00386FFFF   CacheMode=3, RW, Valid
0x63870000:0x63877FFF   0x003870000:0x003877FFF   CacheMode=3, RW, Valid
0x63878000:0x6387FFFF   0x003878000:0x00387FFFF   CacheMode=3, RW, Valid
0x63880000:0x638FFFFF   0x003880000:0x0038FFFFF   CacheMode=3, RW, Valid
0x63900000:0x6397FFFF   0x003900000:0x00397FFFF   CacheMode=3, RW, Valid
0x63980000:0x639FFFFF   0x003980000:0x0039FFFFF   CacheMode=3, RW, Valid
0x63A00000:0x63BFFFFF   0x003A00000:0x003BFFFFF   CacheMode=3, RW, Valid
0x63C00000:0x63DFFFFF   0x003C00000:0x003DFFFFF   CacheMode=3, RW, Valid
0x63E00000:0x63FFFFFF   0x003E00000:0x003FFFFFF   CacheMode=3, RW, Valid
0x64000000:0x65FFFFFF   0x004000000:0x005FFFFFF   CacheMode=3, RW, Valid
0x66000000:0x67FFFFFF   0x006000000:0x007FFFFFF   CacheMode=3, RW, Valid
0x68000000:0x69FFFFFF   0x008000000:0x009FFFFFF   CacheMode=3, RW, Valid
0x6A000000:0x6BFFFFFF   0x00A000000:0x00BFFFFFF   CacheMode=3, RW, Valid
0x6C000000:0x6DFFFFFF   0x00C000000:0x00DFFFFFF   CacheMode=3, RW, Valid
0x6E000000:0x6FFFFFFF   0x020000000:0x021FFFFFF   CacheMode=3, RW, Valid
0x70000000:0x71FFFFFF   0x022000000:0x023FFFFFF   CacheMode=3, RW, Valid
0x72000000:0x73FFFFFF   0x024000000:0x025FFFFFF   CacheMode=3, RW, Valid
0x74000000:0x75FFFFFF   0x026000000:0x027FFFFFF   CacheMode=3, RW, Valid
0x76000000:0x77FFFFFF   0x028000000:0x029FFFFFF   CacheMode=3, RW, Valid
0x78000000:0x79FFFFFF   0x02A000000:0x02BFFFFFF   CacheMode=3, RW, Valid
0x7A000000:0x7BFFFFFF   0x02C000000:0x02DFFFFFF   CacheMode=3, RW, Valid
0x7C000000:0x7DFFFFFF   0x02E000000:0x02FFFFFFF   CacheMode=3, RW, Valid
0x0E000000:0x0FFFFFFF   0x00E000000:0x00FFFFFFF   CacheMode=2, RW, Valid
0x7E000000:0x7FFFFFFF   0x00E000000:0x00FFFFFFF   CacheMode=0, RW, Valid

0 spurious cache errors detected.


System Controller Network Interrupts
 Wrapper is NOT installed

Registered Interrupts:
 Level Mask               Count      Data       Interrupt Handler


------------------ show pci hardware ------------------


GT64120 External PCI Configuration registers:
PCI_0:
 Vendor / Device ID   : 0xAB112046 (b/s 0x462011AB)
 Status / Command     : 0x00000000 (b/s 0x00000000)
 Class / Revision     : 0x05800003 (b/s 0x03008005)
 Latency              : 0x00000000 (b/s 0x00000000)
 RAS[1:0] Base        : 0x00000000 (b/s 0x00000000)
 RAS[3:2] Base        : 0x00000000 (b/s 0x00000000)
 CS[2:0] Base         : 0x00000000 (b/s 0x00000000)
 CS[3] Base           : 0x00000000 (b/s 0x00000000)
 Mem Map Base         : 0x00000000 (b/s 0x00000000)
 IO Map Base          : 0x00000000 (b/s 0x00000000)
 Subsystem Vendor / D : 0x00000000 (b/s 0x00000000)
 Int Pin / Line       : 0x00000000 (b/s 0x00000000)
 Swap RAS[1:0] Base   : 0x00000000 (b/s 0x00000000)
 Swap RAS[3:2] Base   : 0x00000000 (b/s 0x00000000)
 Swap CS[3] Base      : 0x00000000 (b/s 0x00000000)
PCI_1:
 Vendor / Device ID   : 0x00000000 (b/s 0x00000000)
 Status / Command     : 0x00000000 (b/s 0x00000000)
 Class / Revision     : 0x00000000 (b/s 0x00000000)
 Latency              : 0x00000000 (b/s 0x00000000)
 RAS[1:0] Base        : 0x00000000 (b/s 0x00000000)
 RAS[3:2] Base        : 0x00000000 (b/s 0x00000000)
 CS[2:0] Base         : 0x00000000 (b/s 0x00000000)
 CS[3] Base           : 0x00000000 (b/s 0x00000000)
 Mem Map Base         : 0x00000000 (b/s 0x00000000)
 IO Map Base          : 0x00000000 (b/s 0x00000000)
 Subsystem Vendor / D : 0x00000000 (b/s 0x00000000)
 Int Pin / Line       : 0x00000000 (b/s 0x00000000)
 Swap RAS[1:0] Base   : 0x00000000 (b/s 0x00000000)
 Swap RAS[3:2] Base   : 0x00000000 (b/s 0x00000000)
 Swap CS[3] Base      : 0x00000000 (b/s 0x00000000)

Bridge 0, for PA Bay 0 (I/O Card, PCMCIA, Interfaces), Handle=0
DEC21050 bridge chip, config=0x0
(0x00):dev, vendor id       = 0x00011011
(0x04):status, command      = 0x00000000
(0x08):class code, revid    = 0x06040000
(0x0C):hdr, lat timer, cls  = 0x00000000
(0x18):sec lat,cls & bus no = 0x18020100
(0x1C):sec status, io base  = 0x00000000
(0x20):mem base & limit     = 0x00000000
(0x24):prefetch membase/lim = 0x00000000
(0x3C):bridge ctrl          = 0x00000000
(0x40):arb/serr, chip ctrl  = 0x00000000
(0x44):pri/sec trgt wait t. = 0x00000000
(0x48):sec write attmp ctr  = 0x00000000
(0x4C):pri write attmp ctr  = 0x00000000

CLPD6729 registers:
 (0x00) Chip Revision = 0x48
 (0x1E) Misc Control 2 = 0x08
 (0x1F) Chip Information = 0x00

 Socket 0:
  (0x01) Interface Status = 0xEF
  (0x02) Power Control = 0x90
  (0x03) Interrupt and General Control = 0x40
  (0x04) Card Status Change = 0x00
  (0x05) Management Interrupt Configuration = 0x38
  (0x06) Mapping Enable = 0x11
  (0x07) I/O Window Control = 0x00
  (0x08) System I/O Map 0 Start Address Low = 0x00
  (0x09) System I/O Map 0 Start Address High = 0x00
  (0x0A) System I/O Map 0 End Address Low = 0x00
  (0x0B) System I/O Map 0 End Address High = 0x00
  (0x0C) System I/O Map 1 Start Address Low = 0x00
  (0x0D) System I/O Map 1 Start Address High = 0x00
  (0x0E) System I/O Map 1 End Address Low = 0x00
  (0x0F) System I/O Map 1 End Address High = 0x00
  (0x10) System Memory Map 0 Start Address Low = 0x00
  (0x11) System Memory Map 0 Start Address High = 0x81
  (0x12) System Memory Map 0 End Address Low = 0xFF
  (0x13) System Memory Map 0 End Address High = 0x04
  (0x05 EXT) System Memory Map 0 Upper Address = 0x40
  (0x14) Card Memory Map 0 Offset Address Low = 0x00
  (0x15) Card Memory Map 0 Offset Address High = 0x3F
  (0x16) Misc Control 1 = 0x00
  (0x26) ATA Control = 0x00
  (0x17) FIFO Control = 0x80
  (0x18) System Memory Map 1 Start Address Low = 0x00
  (0x19) System Memory Map 1 Start Address High = 0x00
  (0x1A) System Memory Map 1 End Address Low = 0x00
  (0x1B) System Memory Map 1 End Address High = 0x00
  (0x06 EXT) System Memory Map 1 Upper Address = 0x40
  (0x1C) Card Memory Map 1 Offset Address Low = 0x00
  (0x1D) Card Memory Map 1 Offset Address High = 0x00
  (0x20) System Memory Map 2 Start Address Low = 0x00
  (0x21) System Memory Map 2 Start Address High = 0x00
  (0x22) System Memory Map 2 End Address Low = 0x00
  (0x23) System Memory Map 2 End Address High = 0x00
  (0x07 EXT) System Memory Map 2 Upper Address = 0x40
  (0x24) Card Memory Map 2 Offset Address Low = 0x00
  (0x25) Card Memory Map 2 Offset Address High = 0x00
  (0x26) ATA Control = 0x00
  (0x28) System Memory Map 3 Start Address Low = 0x00
  (0x29) System Memory Map 3 Start Address High = 0x00
  (0x2A) System Memory Map 3 End Address Low = 0x00
  (0x2B) System Memory Map 3 End Address High = 0x00
  (0x08 EXT) System Memory Map 3 Upper Address = 0x40
  (0x2C) Card Memory Map 3 Offset Address Low = 0x00
  (0x2D) Card Memory Map 3 Offset Address High = 0x00
  (0x30) System Memory Map 4 Start Address Low = 0x00
  (0x31) System Memory Map 4 Start Address High = 0x80
  (0x32) System Memory Map 4 End Address Low = 0xFF
  (0x33) System Memory Map 4 End Address High = 0x00
  (0x09 EXT) System Memory Map 4 Upper Address = 0x40
  (0x34) Card Memory Map 4 Offset Address Low = 0x00
  (0x35) Card Memory Map 4 Offset Address High = 0x40
  (0x36) Card I/O Map 0 Offset Address Low = 0x00
  (0x37) Card I/O Map 0 Offset Address High = 0x00
  (0x38) Card I/O Map 1 Offset Address Low = 0x00
  (0x39) Card I/O Map 1 Offset Address High = 0x00
  (0x3A) Setup Timing 0 = 0x04
  (0x3B) Command Timing 0 = 0x0A
  (0x3C) Recovery Timing 0 = 0x04
  (0x3D) Setup Timing 1 = 0x20
  (0x3E) Command Timing 1 = 0x48
  (0x3F) Recovery Timing 1 = 0x20
  (0x03 EXT) Extension Control 1 = 0x40
  (0x0B EXT) Extension Control 2 = 0x40

 Socket 1:
  (0x41) Interface Status = 0x80
  (0x42) Power Control = 0x90
  (0x43) Interrupt and General Control = 0x40
  (0x44) Card Status Change = 0x00
  (0x45) Management Interrupt Configuration = 0x38
  (0x46) Mapping Enable = 0x11
  (0x47) I/O Window Control = 0x00
  (0x48) System I/O Map 0 Start Address Low = 0x00
  (0x49) System I/O Map 0 Start Address High = 0x00
  (0x4A) System I/O Map 0 End Address Low = 0x00
  (0x4B) System I/O Map 0 End Address High = 0x00
  (0x4C) System I/O Map 1 Start Address Low = 0x00
  (0x4D) System I/O Map 1 Start Address High = 0x00
  (0x4E) System I/O Map 1 End Address Low = 0x00
  (0x4F) System I/O Map 1 End Address High = 0x00
  (0x50) System Memory Map 0 Start Address Low = 0x00
  (0x51) System Memory Map 0 Start Address High = 0x81
  (0x52) System Memory Map 0 End Address Low = 0xFF
  (0x53) System Memory Map 0 End Address High = 0x04
  (0x05 EXT) System Memory Map 0 Upper Address = 0x44
  (0x54) Card Memory Map 0 Offset Address Low = 0x00
  (0x55) Card Memory Map 0 Offset Address High = 0x3F
  (0x56) Misc Control 1 = 0x00
  (0x66) ATA Control = 0x00
  (0x57) FIFO Control = 0x80
  (0x58) System Memory Map 1 Start Address Low = 0x00
  (0x59) System Memory Map 1 Start Address High = 0x00
  (0x5A) System Memory Map 1 End Address Low = 0x00
  (0x5B) System Memory Map 1 End Address High = 0x00
  (0x06 EXT) System Memory Map 1 Upper Address = 0x44
  (0x5C) Card Memory Map 1 Offset Address Low = 0x00
  (0x5D) Card Memory Map 1 Offset Address High = 0x00
  (0x60) System Memory Map 2 Start Address Low = 0x00
  (0x61) System Memory Map 2 Start Address High = 0x00
  (0x62) System Memory Map 2 End Address Low = 0x00
  (0x63) System Memory Map 2 End Address High = 0x00
  (0x07 EXT) System Memory Map 2 Upper Address = 0x44
  (0x64) Card Memory Map 2 Offset Address Low = 0x00
  (0x65) Card Memory Map 2 Offset Address High = 0x00
  (0x66) ATA Control = 0x00
  (0x68) System Memory Map 3 Start Address Low = 0x00
  (0x69) System Memory Map 3 Start Address High = 0x00
  (0x6A) System Memory Map 3 End Address Low = 0x00
  (0x6B) System Memory Map 3 End Address High = 0x00
  (0x08 EXT) System Memory Map 3 Upper Address = 0x44
  (0x6C) Card Memory Map 3 Offset Address Low = 0x00
  (0x6D) Card Memory Map 3 Offset Address High = 0x00
  (0x70) System Memory Map 4 Start Address Low = 0x00
  (0x71) System Memory Map 4 Start Address High = 0x80
  (0x72) System Memory Map 4 End Address Low = 0xFF
  (0x73) System Memory Map 4 End Address High = 0x00
  (0x09 EXT) System Memory Map 4 Upper Address = 0x44
  (0x74) Card Memory Map 4 Offset Address Low = 0x00
  (0x75) Card Memory Map 4 Offset Address High = 0x40
  (0x76) Card I/O Map 0 Offset Address Low = 0x00
  (0x77) Card I/O Map 0 Offset Address High = 0x00
  (0x78) Card I/O Map 1 Offset Address Low = 0x00
  (0x79) Card I/O Map 1 Offset Address High = 0x00
  (0x7A) Setup Timing 0 = 0x04
  (0x7B) Command Timing 0 = 0x0A
  (0x7C) Recovery Timing 0 = 0x04
  (0x7D) Setup Timing 1 = 0x20
  (0x7E) Command Timing 1 = 0x48
  (0x7F) Recovery Timing 1 = 0x20
  (0x03 EXT) Extension Control 1 = 0x44
  (0x0B EXT) Extension Control 2 = 0x44


------------------ show pci controller ------------------


GT64120 Channel 0 DMA (Packet coalescing DMA engine):
 dma_list=0x667F3F4C, dma_ring=0xE187040, dma_entries=256
 dma_free=0x667F5054, dma_reqt=0x667F5054, dma_done=0x667F5054
 thread=0x667F5040, thread_end=0x667F5040
 backup_thread=0x0, backup_thread_end=0x0
 dma_working=0, dma_stalls=0, dma_stall_loop=0
 dma_complete=1202, post_coalesce_frames=1202
 exhausted_dma_entries=0, post_dma_callback=1196

GT64120 Rev level     : 5
GT64120 Register Dump : Registers at 0xB4000000
CPU Interface :
 cpu_interface_conf   : 0x00000000 (b/s 0x00000000)
 multi_gt             : 0x00000000 (b/s 0x00000000)
Processor Address Space :
 ras10_low            : 0x00000000 (b/s 0x00000000)
 ras10_high           : 0x7F000000 (b/s 0x0000007F)
 ras32_low            : 0x00010000 (b/s 0x00000100)
 ras32_high           : 0x7F000000 (b/s 0x0000007F)
 cs20_low             : 0x00000000 (b/s 0x00000000)
 cs20_high            : 0x00000000 (b/s 0x00000000)
 cs3_boot_low         : 0x00000000 (b/s 0x00000000)
 cs3_boot_high        : 0x00000000 (b/s 0x00000000)
 pci_io_low           : 0x00000000 (b/s 0x00000000)
 pci_io_high          : 0x00000000 (b/s 0x00000000)
 pci_mem_low          : 0x00000000 (b/s 0x00000000)
 pci_mem_high         : 0x00000000 (b/s 0x00000000)
 pci_mem1_low         : 0x00000000 (b/s 0x00000000)
 pci_mem1_high        : 0x00000000 (b/s 0x00000000)
 pci1_io_low          : 0x00000000 (b/s 0x00000000)
 pci1_io_high         : 0x00000000 (b/s 0x00000000)
 pci1_mem0_low        : 0x00000000 (b/s 0x00000000)
 pci1_mem0_high       : 0x00000000 (b/s 0x00000000)
 pci1_mem1_low        : 0x00000000 (b/s 0x00000000)
 pci1_mem1_high       : 0x00000000 (b/s 0x00000000)
 internal_spc_decode  : 0x00000000 (b/s 0x00000000)
 bus_err_low          : 0x00000000 (b/s 0x00000000)
 bus_err_high         : 0x00000000 (b/s 0x00000000)
 pci0_sync_barrier    : 0x00000000 (b/s 0x00000000)
 pci1_sync_barrier    : 0x00000000 (b/s 0x00000000)
 ras10_addr_remap     : 0x00000000 (b/s 0x00000000)
 ras32_addr_remap     : 0x00000000 (b/s 0x00000000)
 cs20_remap           : 0x00000000 (b/s 0x00000000)
 cs3_boot_remap       : 0x00000000 (b/s 0x00000000)
 pci0_io_remap        : 0x00000000 (b/s 0x00000000)
 pci0_mem0_remap      : 0x00000000 (b/s 0x00000000)
 pci0_mem1_remap      : 0x00000000 (b/s 0x00000000)
 pci1_io_remap        : 0x00000000 (b/s 0x00000000)
 pci1_mem0_remap      : 0x00000000 (b/s 0x00000000)
 pci1_mem1_remap      : 0x00000000 (b/s 0x00000000)
SDRAM/Device Address Space :
 ras0_low             : 0x00000000 (b/s 0x00000000)
 ras0_high            : 0xFF000000 (b/s 0x000000FF)
 ras1_low             : 0x7F000000 (b/s 0x0000007F)
 ras1_high            : 0x00000000 (b/s 0x00000000)
 ras2_low             : 0x00000000 (b/s 0x00000000)
 ras2_high            : 0xFF000000 (b/s 0x000000FF)
 ras3_low             : 0x7F000000 (b/s 0x0000007F)
 ras3_high            : 0x00000000 (b/s 0x00000000)
 cs0_low              : 0x00000000 (b/s 0x00000000)
 cs0_high             : 0x00000000 (b/s 0x00000000)
 cs1_low              : 0x00000000 (b/s 0x00000000)
 cs1_high             : 0x00000000 (b/s 0x00000000)
 cs2_low              : 0x00000000 (b/s 0x00000000)
 cs2_high             : 0x00000000 (b/s 0x00000000)
 cs3_low              : 0x00000000 (b/s 0x00000000)
 cs3_high             : 0x00000000 (b/s 0x00000000)
 boot_cs_low          : 0x00000000 (b/s 0x00000000)
 boot_cs_high         : 0x00000000 (b/s 0x00000000)
 addr_decode_err      : 0x00000000 (b/s 0x00000000)
 addr_decode          : 0x00000000 (b/s 0x00000000)
 dram_config          : 0x00000000 (b/s 0x00000000)
 dram_bank0_param     : 0x00000000 (b/s 0x00000000)
 dram_bank1_param     : 0x00000000 (b/s 0x00000000)
 dram_bank2_param     : 0x00000000 (b/s 0x00000000)
 dram_bank3_param     : 0x00000000 (b/s 0x00000000)
 dram_oper_mode       : 0x00000000 (b/s 0x00000000)
Device Parameters :
 device_bank0_param   : 0x00000000 (b/s 0x00000000)
 device_bank1_param   : 0x00000000 (b/s 0x00000000)
 device_bank2_param   : 0x00000000 (b/s 0x00000000)
 device_bank3_param   : 0x00000000 (b/s 0x00000000)
 boot_bank_param      : 0x00000000 (b/s 0x00000000)
DMA Channels :
 ch0_dma_count        : 0x00000000 (b/s 0x00000000)
 ch1_dma_count        : 0x00000000 (b/s 0x00000000)
 ch2_dma_count        : 0x00000000 (b/s 0x00000000)
 ch3_dma_count        : 0x00000000 (b/s 0x00000000)
 ch0_dma_src          : 0x0060470E (b/s 0x0E476000)
 ch1_dma_src          : 0x00000000 (b/s 0x00000000)
 ch2_dma_src          : 0x00000000 (b/s 0x00000000)
 ch3_dma_src          : 0x00000000 (b/s 0x00000000)
 ch0_dma_dst          : 0x0AA2000E (b/s 0x0E00A20A)
 ch1_dma_dst          : 0x00000000 (b/s 0x00000000)
 ch2_dma_dst          : 0x00000000 (b/s 0x00000000)
 ch3_dma_dst          : 0x00000000 (b/s 0x00000000)
 ch0_next_ptr         : 0x00000000 (b/s 0x00000000)
 ch1_next_ptr         : 0x00000000 (b/s 0x00000000)
 ch2_next_ptr         : 0x00000000 (b/s 0x00000000)
 ch3_next_ptr         : 0x00000000 (b/s 0x00000000)
 ch0_current_ptr      : 0x00000000 (b/s 0x00000000)
 ch1_current_ptr      : 0x00000000 (b/s 0x00000000)
 ch2_current_ptr      : 0x00000000 (b/s 0x00000000)
 ch3_current_ptr      : 0x00000000 (b/s 0x00000000)
 ch0_ctrl             : 0xC01C0000 (b/s 0x00001CC0)
 ch1_ctrl             : 0x00000000 (b/s 0x00000000)
 ch2_ctrl             : 0x00000000 (b/s 0x00000000)
 ch3_ctrl             : 0x00000000 (b/s 0x00000000)
 arbiter_ctrl         : 0x00000000 (b/s 0x00000000)
Timer/Counters :
 ct0                  : 0x00000000 (b/s 0x00000000)
 ct1                  : 0x00000000 (b/s 0x00000000)
 ct2                  : 0x00000000 (b/s 0x00000000)
 ct3                  : 0x00000000 (b/s 0x00000000)
 counter_ctrl         : 0x00000000 (b/s 0x00000000)
PCI Internal Registers :
 pci_cmd              : 0x01800000 (b/s 0x00008001)
 pci1_cmd             : 0x00000000 (b/s 0x00000000)
 pci_timeout          : 0x00000000 (b/s 0x00000000)
 pci1_timeout         : 0x00000000 (b/s 0x00000000)
 pci_ras10_size       : 0xFF0F0000 (b/s 0x00000FFF)
 pci1_ras10_size      : 0x00000000 (b/s 0x00000000)
 pci_ras32_size       : 0xFF0F0000 (b/s 0x00000FFF)
 pci1_ras32_size      : 0x00000000 (b/s 0x00000000)
 pci_cs20_size        : 0x00000000 (b/s 0x00000000)
 pci1_cs20_size       : 0x00000000 (b/s 0x00000000)
 pci_cs3_boot_size    : 0x00000000 (b/s 0x00000000)
 pci1_cs3_boot_size   : 0x00000000 (b/s 0x00000000)
 pci0_prefetch_burst_ : 0x00000000 (b/s 0x00000000)
 pci1_prefetch_burst_ : 0x00000000 (b/s 0x00000000)
 pci0_ras10_remap     : 0x00000000 (b/s 0x00000000)
 pci1_ras10_remap     : 0x00000000 (b/s 0x00000000)
 pci0_ras32_remap     : 0x00000000 (b/s 0x00000000)
 pci1_ras32_remap     : 0x00000000 (b/s 0x00000000)
 pci0_cs20_remap      : 0x00000000 (b/s 0x00000000)
 pci1_cs20_remap      : 0x00000000 (b/s 0x00000000)
 pci0_cs3_boot_remap  : 0x00000000 (b/s 0x00000000)
 pci1_cs3_boot_remap  : 0x00000000 (b/s 0x00000000)
 pci0_swapped_ras10_r : 0x00000000 (b/s 0x00000000)
 pci1_swapped_ras10_r : 0x00000000 (b/s 0x00000000)
 pci0_swapped_ras32_r : 0x00000000 (b/s 0x00000000)
 pci1_swapped_ras32_r : 0x00000000 (b/s 0x00000000)
 pci0_swapped_cs3_boo : 0x00000000 (b/s 0x00000000)
 pci1_swapped_cs3_boo : 0x00000000 (b/s 0x00000000)
 pci0_base_addr_regs_ : 0x00000000 (b/s 0x00000000)
Interrupt Control :
 pci_int_cause        : 0x00000000 (b/s 0x00000000)
 pci_high_int_cause   : 0x00000000 (b/s 0x00000000)
 pci_cpu_mask         : 0xF00F0000 (b/s 0x00000FF0)
 pci_high_cpu_mask    : 0x00000000 (b/s 0x00000000)
 pci_pci_mask         : 0x00000000 (b/s 0x00000000)
 pci0_high_pci_mask   : 0x00000000 (b/s 0x00000000)
 pci1_int_cause_mask  : 0x00000000 (b/s 0x00000000)
 pci1_high_int_cause_ : 0x00000000 (b/s 0x00000000)
 pci_serr_mask        : 0x00000000 (b/s 0x00000000)
 pci1_serr_mask       : 0x00000000 (b/s 0x00000000)
 pci0_int_select      : 0x00000000 (b/s 0x00000000)
 pci1_int_select      : 0x00000000 (b/s 0x00000000)
 cpu_int_select       : 0x00000000 (b/s 0x00000000)


------------------ show sysctlr ------------------



------------------ show buffers ------------------


Buffer elements:
     1093 in free list 
     19424 hits, 0 misses, 617 created

Public buffer pools:
Small buffers, 104 bytes (total 71, permanent 50, peak 71 @ 01:03:44):
     71 in free list (20 min, 150 max allowed)
     4479 hits, 7 misses, 0 trims, 21 created
     0 failures (0 no memory)
Middle buffers, 600 bytes (total 67, permanent 25, peak 67 @ 00:00:23):
     50 in free list (10 min, 150 max allowed)
     6687 hits, 14 misses, 0 trims, 42 created
     0 failures (0 no memory)
Big buffers, 1536 bytes (total 51, permanent 50, peak 51 @ 01:03:54):
     51 in free list (5 min, 150 max allowed)
     1252 hits, 0 misses, 0 trims, 1 created
     0 failures (0 no memory)
VeryBig buffers, 4520 bytes (total 11, permanent 10, peak 11 @ 01:03:54):
     11 in free list (0 min, 100 max allowed)
     0 hits, 0 misses, 0 trims, 1 created
     0 failures (0 no memory)
Large buffers, 5024 bytes (total 1, permanent 0, peak 1 @ 01:04:00):
     1 in free list (0 min, 10 max allowed)
     0 hits, 0 misses, 0 trims, 1 created
     0 failures (0 no memory)
Huge buffers, 18024 bytes (total 1, permanent 0, peak 1 @ 01:04:00):
     1 in free list (0 min, 4 max allowed)
     0 hits, 0 misses, 0 trims, 1 created
     0 failures (0 no memory)

Interface buffer pools:
Generic ED Pool buffers, 512 bytes (total 101, permanent 100, peak 101 @ 01:03:50):
     101 in free list (100 min, 100 max allowed)
     25 hits, 0 misses
Syslog ED Pool buffers, 600 bytes (total 133, permanent 132, peak 133 @ 01:03:50):
     101 in free list (132 min, 132 max allowed)
     126 hits, 0 misses
IPC buffers, 4096 bytes (total 2, permanent 2):
     1 in free list (1 min, 8 max allowed)
     1 hits, 0 fallbacks, 0 trims, 0 created
     0 failures (0 no memory)
IPC Medium buffers, 16384 bytes (total 2, permanent 2):
     2 in free list (1 min, 8 max allowed)
     0 hits, 0 fallbacks, 0 trims, 0 created
     0 failures (0 no memory)
IPC Large buffers, 65535 bytes (total 17, permanent 16, peak 17 @ 01:03:59):
     17 in free list (16 min, 16 max allowed)
     0 hits, 0 misses, 63 trims, 64 created
     0 failures (0 no memory)

Header pools:
Header buffers, 0 bytes (total 512, permanent 256, peak 512 @ 01:03:58):
     256 in free list (256 min, 1024 max allowed)
     171 hits, 85 misses, 0 trims, 256 created
     0 failures (0 no memory)
     256 max cache size, 256 in cache
     0 hits in cache, 0 misses in cache

Particle Clones:
     1024 clones, 0 hits, 0 misses

Public particle pools:
F/S buffers, 128 bytes (total 512, permanent 512):
     0 in free list (0 min, 512 max allowed)
     512 hits, 0 misses, 0 trims, 0 created
     0 failures (0 no memory)
     512 max cache size, 512 in cache
     0 hits in cache, 0 misses in cache
Normal buffers, 512 bytes (total 2048, permanent 2048):
     2048 in free list (1024 min, 4096 max allowed)
     0 hits, 0 misses, 0 trims, 0 created
     0 failures (0 no memory)

Private particle pools:
HQF Particle buffers, 0 bytes (total 2000, permanent 2000):
     2000 in free list (500 min, 2000 max allowed)
     0 hits, 0 misses, 0 trims, 0 created
     0 failures (0 no memory)
FastEthernet0/0 buffers, 512 bytes (total 400, permanent 400):
     0 in free list (0 min, 400 max allowed)
     400 hits, 0 fallbacks
     400 max cache size, 271 in cache
     227 hits in cache, 0 misses in cache
     14 buffer threshold, 0 threshold transitions
FastEthernet1/0 buffers, 768 bytes (total 529, permanent 400):
     129 in free list (128 min, 1200 max allowed)
     357 hits, 43 misses, 0 trims, 129 created
     0 failures (0 no memory)
     400 max cache size, 272 in cache
     128 hits in cache, 0 misses in cache
     14 buffer threshold, 0 threshold transitions
FastEthernet1/1 buffers, 768 bytes (total 529, permanent 400):
     129 in free list (128 min, 1200 max allowed)
     357 hits, 43 misses, 0 trims, 129 created
     0 failures (0 no memory)
     400 max cache size, 272 in cache
     128 hits in cache, 0 misses in cache
     14 buffer threshold, 0 threshold transitions
FastEthernet2/0 buffers, 768 bytes (total 529, permanent 400):
     129 in free list (128 min, 1200 max allowed)
     357 hits, 43 misses, 0 trims, 129 created
     0 failures (0 no memory)
     400 max cache size, 272 in cache
     128 hits in cache, 0 misses in cache
     14 buffer threshold, 0 threshold transitions
FastEthernet2/1 buffers, 768 bytes (total 529, permanent 400):
     129 in free list (128 min, 1200 max allowed)
     357 hits, 43 misses, 0 trims, 129 created
     0 failures (0 no memory)
     400 max cache size, 272 in cache
     128 hits in cache, 0 misses in cache
     14 buffer threshold, 0 threshold transitions
FastEthernet3/0 buffers, 768 bytes (total 529, permanent 400):
     129 in free list (128 min, 1200 max allowed)
     357 hits, 43 misses, 0 trims, 129 created
     0 failures (0 no memory)
     400 max cache size, 272 in cache
     4031 hits in cache, 0 misses in cache
     14 buffer threshold, 0 threshold transitions
FastEthernet3/1 buffers, 768 bytes (total 529, permanent 400):
     129 in free list (128 min, 1200 max allowed)
     357 hits, 43 misses, 0 trims, 129 created
     0 failures (0 no memory)
     400 max cache size, 272 in cache
     128 hits in cache, 0 misses in cache
     14 buffer threshold, 0 threshold transitions



------------------ show buffers usage ------------------


Statistics for the Small pool
Output IDB   :      Fa0/0 count:        1
Caller pc    : 0x6071ED54 count:        1
Resource User: EIGRP-IPv4 count:        1
Number of Buffers used by packets generated by system:   71
Number of Buffers used by incoming packets:               0

Statistics for the Middle pool
Output IDB   :      Fa3/0 count:        6
Caller pc    : 0x60F30C28 count:        6
Resource User: SSH Proces count:        6
Caller pc    : 0x62CC2180 count:        1
Resource User:   IP Input count:        1
Number of Buffers used by packets generated by system:   66
Number of Buffers used by incoming packets:               1

Statistics for the Big pool
Number of Buffers used by packets generated by system:   51
Number of Buffers used by incoming packets:               0

Statistics for the VeryBig pool
Number of Buffers used by packets generated by system:   11
Number of Buffers used by incoming packets:               0

Statistics for the Large pool
Number of Buffers used by packets generated by system:    1
Number of Buffers used by incoming packets:               0

Statistics for the Huge pool
Number of Buffers used by packets generated by system:    1
Number of Buffers used by incoming packets:               0

Statistics for the Generic ED Pool pool
Number of Buffers used by packets generated by system:  101
Number of Buffers used by incoming packets:               0

Statistics for the Syslog ED Pool pool
Caller pc    : 0x60869E4C count:       32
Resource User: EEM ED Sys count:       32
Number of Buffers used by packets generated by system:  133
Number of Buffers used by incoming packets:               0

Statistics for the IPC pool
Caller pc    : 0x62B99048 count:        1
Resource User:       Init count:        1
Number of Buffers used by packets generated by system:    2
Number of Buffers used by incoming packets:               0

Statistics for the IPC Medium pool
Number of Buffers used by packets generated by system:    2
Number of Buffers used by incoming packets:               0

Statistics for the IPC Large pool
Number of Buffers used by packets generated by system:   17
Number of Buffers used by incoming packets:               0

Statistics for the Header pool
Number of Buffers used by packets generated by system:  512
Number of Buffers used by incoming packets:               0

Statistics for the FS Header pool
Caller pc    : 0x62E4D3C0 count:        1
Resource User:       Init count:       22
Caller pc    : 0x62EFFE98 count:        6
Caller pc    : 0x63270364 count:        1
Caller pc    : 0x60982398 count:        1
Caller pc    : 0x63337A38 count:        1
Caller pc    : 0x633380B4 count:        1
Caller pc    : 0x620CE954 count:        8
Caller pc    : 0x62B0570C count:        1
Caller pc    : 0x61231678 count:        1
Caller pc    : 0x63337A78 count:        1
Number of Buffers used by packets generated by system:   38
Number of Buffers used by incoming packets:               0

Statistics for the l2frag pak pool pool
Number of Buffers used by packets generated by system:    0
Number of Buffers used by incoming packets:               0

Statistics for the SW Crypto Header pool
Caller pc    : 0x629FCC8C count:        1
Resource User:       Init count:        1
Number of Buffers used by packets generated by system:    2
Number of Buffers used by incoming packets:               0

Statistics for the Crypto Fragmentation Header pool
Caller pc    : 0x63672E1C count:        1
Resource User:       Init count:        1
Number of Buffers used by packets generated by system:    2
Number of Buffers used by incoming packets:               0



CAMP-1#
DEBUG:netmiko:read_channel: 
DEBUG:netmiko:read_channel: 
DEBUG:netmiko:read_channel: 
DEBUG:netmiko:read_channel: 
DEBUG:netmiko:read_channel: 
DEBUG:netmiko:write_channel: b'\n'
DEBUG:netmiko:read_channel: 
DEBUG:netmiko:read_channel: 
DEBUG:netmiko:[find_prompt()]: prompt is SD-WN#
DEBUG:netmiko:write_channel: b'\n'
DEBUG:netmiko:read_channel: 
CAMP-1#
DEBUG:netmiko:read_channel: 
DEBUG:netmiko:read_channel: 
SD-WN#
DEBUG:netmiko:read_channel: 
DEBUG:netmiko:read_channel: 
DEBUG:netmiko:read_channel: 
DEBUG:netmiko:read_channel: 
DEBUG:netmiko:read_channel: 
DEBUG:netmiko:read_channel: 
DEBUG:netmiko:[find_prompt()]: prompt is CAMP-1#
DEBUG:netmiko:write_channel: b'\n'
DEBUG:netmiko:read_channel: 
DEBUG:netmiko:read_channel: 
DEBUG:netmiko:read_channel: 
DEBUG:netmiko:read_channel: 
DEBUG:netmiko:read_channel: 
CAMP-1#
DEBUG:netmiko:read_channel: 
DEBUG:netmiko:read_channel: 
DEBUG:netmiko:read_channel: 
DEBUG:netmiko:read_channel: 
DEBUG:netmiko:read_channel: 
DEBUG:netmiko:read_channel: 
DEBUG:netmiko:read_channel: 
------------------ show region ------------------


Region Manager:

      Start         End     Size(b)  Class  Media  Name
 0x0E000000  0x0FFFFFFF    33554432  Iomem  R/W    iomem
 0x60000000  0x7DFFFFFF   503316480  Local  R/W    main
 0x60008EB0  0x6386285F    59087280  IText  R/O    main:text
 0x63864000  0x64EB8C1F    23415840  IData  R/W    main:data
 0x64EB8C20  0x6558E3FF     7165920  IBss   R/W    main:bss
 0x6558E400  0x6658E3FF    16777216  Local  R/W    main:heap
 0x6658E4A0  0x6758E49F    16777216  Local  R/W    main:heap
 0x6758E540  0x6858E53F    16777216  Local  R/W    main:heap
 0x6858E5E0  0x6958E5DF    16777216  Local  R/W    main:heap
 0x7D000000  0x7DFFFFFF    16777216  Local  R/W    main:heap
 0x7E000000  0x7FFFFFFF    33554432  Iomem  R/W    iomem:(iomem_cwt)
 0x80000000  0x8DFFFFFF   234881024  Local  R/W    main:(main_k0)
 0xA0000000  0xADFFFFFF   234881024  Local  R/W    main:(main_k1)


Free Region Manager:

      Start         End     Size(b)  Class  Media  Name
 0x6958E680  0x7CFFFF5F   329717984  Local  R/W    heap



------------------ Mempool statistics ------------------


                Head    Total(b)     Used(b)     Free(b)   Lowest(b)  Largest(b)
Processor   6558E400   396826796    52209604   344617192   343524876   329717932
      I/O    E000000    33554432     5785956    27768476    27743012    27733404
Transient   7D000000    16777216       15260    16761956    16760552    16761112

-------------- Top 100 allocator pc summary -----------


Allocator PC Summary for: Processor

    PC          Total   Count  Name
0x62827634    2182096     115  XOS_MEM_BASE
0x6317567C    2158676     263  Process Stack
0x62BED270    1937628       2  RMON packet pool
0x62D5082C    1727708     941  *Packet Header*
0x62D50888    1331016     253  *Packet Data*
0x605DA3CC    1106016      12  event_trace_tbs
0x60C3A028    1040156       2  mfib_db
0x61E135B4    1036240    1106  *Init*
0x61E074C0    1006620      99  TW Buckets
0x61F7C7C4     880156       2  cef_interface
0x62022F18     880156       2  adjacency
0x60D4C214     880156       2  multicast topology
0x62D55330     738944      17  pak subblock chunk
0x60C6C150     640156       2  mfib_wire
0x62069200     640156       2  cef_ipv4
0x620E1158     640156       2  cef_ipv6
0x61BCD4AC     640156       2  event
0x60544020     595208      73  Init
0x60C3C660     560156       2  mfib_table
0x60C8856C     560156       2  mfib_ipv4
0x60C8C890     560156       2  mfib_ipv6
0x608D35A0     543276    5430  Init
0x6326723C     524340       1  L2X Hash Table
0x62D55FDC     514476     186  Normal
0x600625C4     480156       2  ARP
0x6281F048     467804      25  AToM LDP Adj Chunk
0x608D35C0     460956    5289  Init
0x61C77778     426344       5  Init
0x608D35B4     420268    5430  Init
0x61CCD4A8     408228       1  Init
0x60C2E458     400156       2  mfib_cable
0x60C50080     400156       2  mfib_events
0x61FD1E84     400156       2  oce_events
0x619187A8     384156       2  ppcp
0x61986290     384156       2  ppm
0x619EAB40     384156       2  ffmshim
0x634B8F40     376988       2  gdoi_exit
0x62B99768     341524    3169  IPC Global Info
0x62D60974     324660       1  Init
0x62D60988     324660       1  Init
0x62334658     312496    1059  PfR BR Appl Namelist: Column
0x61476584     291560       7  RRR_AUTOMESH hw subblock
0x63710374     267644      46  LSP_VIF radix trie
0x6371F6B4     262560       8  XC ST PW OAM Mgr DB
0x62B5B494     262352       4  IPC Message Hea
0x61CEE28C     262352       4  STP Port Control Block Chunk
0x61F73B4C     262248       2  CEF: hash table
0x605CFC24     262196       1  Init
0x61DB7160     232156       2  tunnel
0x61E50E40     218196     261  Process
0x62E78258     196764       3  Init
0x604BFADC     188240       1  NET ACCT LISTS
0x604BFB00     188240       1  SYS ACCT LISTS
0x604BFB28     188240       1  VRRS ACCT LISTS
0x6047FEB4     184236       1  DOT1X ACC LISTS
0x6047FEDC     184236       1  EOU ACC LISTS
0x6047FF14     184236       1  PPP ACC LISTS
0x6047FF50     168220       1  NET AUTHOR LISTS
0x6047FF80     168220       1  SUBSCRIBER-PROFILE AUTHOR LISTS
0x6009750C     153268       1  Init
0x6368350C     152156       2  tp_ss_events
0x6296C234     149524    1947  Init
0x61CCDAEC     149328       9  NBAR Attr Chunk
0x6119A460     144052       1  MPLS Event log
0x635037B0     140156       2  cfd
0x60628334     136156       2  nvram
0x61E00F24     132736       8  uEvent Elements
0x62007DD4     132008       4  TAL: MTRIE n08
0x615C21F0     131544       4  DSensor 32
0x609F5828     131176       2  blt array
0x62D5CBF0     131124       1  *Init*
0x633B5EB0     131124       1  IP Lite hash buckets
0x6365D168     128156       2  flexvpn
0x608A9204     128052       1  Init
0x61F78494     128052       1  CEF: fibidb table
0x61F784B4     128052       1  CEF: fibhwidb table
0x61A447D4     128052       1  Init
0x61DCD64C     120624      12  RMI RO-RU Chunk
0x622E7EC8     112156       2  nhrp_error
0x63719B54     110064       5  RIB App Handlee Allocator
0x60539FC8     109968    1300  Parser Linkage
0x607D694C     105156      23  EEM Server
0x607D68B8     105156      23  EEM Server
0x607D68C8     105156      23  EEM Server
0x604D2A28      98356       1  AAA attr list handle IDs
0x61E01890      94180      18  List Headers
0x608C2F64      93608     650  Init
0x61FCC8DC      92084       4  OCE reinject ha
0x6373DFD4      91928     267  *Init*
0x6331607C      90692       3  BITLIST CHUNK
0x60906790      88156       2  fnf_mon
0x60DF5A58      87600       2  MVPN IDB up/down process queue events
0x62E781AC      85560      70  Init
0x608CAF60      84680     868  Init
0x61DF9D70      84076      29  keepalive
0x61336C0C      84052       1  Init
0x62D55F50      83512      30  Normal
0x622E7EFC      80156       2  nhrp_exception
0x60D8539C      78556       1  Init
0x635C01A0      77672    1022  Crypto IKEv2


Allocator PC Summary for: I/O

    PC          Total   Count  Name
0x62D56000    4752640      84  Normal
0x62D55F50     738944      10  Normal
0x62D50888     242464     192  *Packet Data*
0x62EFFA20      24960       6  FastEthernet1/0
0x62EFF994      12672       6  FastEthernet1/0
0x62C72598       4160       1  Init
0x62E51A54       4160       1  FastEthernet0/0
0x62E519C8       2112       1  FastEthernet0/0
0x62E519A4        256       1  FastEthernet0/0


Allocator PC Summary for: Transient

    PC          Total   Count  Name
0x61E4CDC0      15156       3  Watcher Info


------------------ show dmvpn detail ------------------

Legend: Attrb --> S - Static, D - Dynamic, I - Incomplete
	N - NATed, L - Local, X - No Socket
	# Ent --> Number of NHRP entries with same NBMA peer
	NHS Status: E --> Expecting Replies, R --> Responding, W --> Waiting
	UpDn Time --> Up or Down Time for a Tunnel
==========================================================================


------------------ show diag ------------------


Slot 0:
	Fast-ethernet on C7200 I/O card with MII or RJ45 Port adapter, 1 port
	Port adapter is analyzed 
	Port adapter insertion time 01:04:04 ago
	EEPROM contents at hardware discovery:
	Hardware revision 1.14        	Board revision A0
	Serial number     4294967295	Part number    73-2956-02
	FRU Part Number:  C7200-IO-FE-MII/RJ45=

	Test history      0x0         	RMA number     00-00-00
	EEPROM format version 1
	EEPROM contents (hex):
	  0x20: 01 83 01 0E FF FF FF FF 49 0B 8C 02 00 00 00 00
	  0x30: 50 00 00 00 98 12 28 00 00 FF FF FF FF FF FF FF

Slot 1:
	Dual Port FastEthernet (RJ45) Port adapter, 2 ports
	Port adapter is analyzed 
	Port adapter insertion time 01:04:04 ago
	EEPROM contents at hardware discovery:
	Controller Type          : 548
	Hardware Revision        : 1.0
	PCB Serial Number        : XXX00000000
	PCB Part Number          : 73-5420-04
	Board Revision           : A0
	RMA Test History         : 00
	RMA Number               : 0-0-0-0
	RMA History              : 00
	Deviation Number         : 0-0
	Product Identifier (PID) : PA-2FE-FX           
	Top Assy. Part Number    : 800-08352-04
	EEPROM format version 4
	EEPROM contents (hex):
	  0x00: 04 FF 40 02 24 41 01 00 C1 8B 58 58 58 30 30 30
	  0x10: 30 30 30 30 30 82 49 15 2C 04 42 41 30 03 00 81
	  0x20: 00 00 00 00 04 00 80 00 00 00 00 CB 94 50 41 2D
	  0x30: 32 46 45 2D 46 58 20 20 20 20 20 20 20 20 20 20
	  0x40: 20 C0 46 03 20 00 20 A0 04 FF FF FF FF FF FF FF
	  0x50: FF FF FF FF FF FF FF FF FF FF FF FF FF FF FF FF
	  0x60: FF FF FF FF FF FF FF FF FF FF FF FF FF FF FF FF
	  0x70: FF FF FF FF FF FF FF FF FF FF FF FF FF FF FF FF

Slot 2:
	Dual Port FastEthernet (RJ45) Port adapter, 2 ports
	Port adapter is analyzed 
	Port adapter insertion time 01:04:03 ago
	EEPROM contents at hardware discovery:
	Controller Type          : 548
	Hardware Revision        : 1.0
	PCB Serial Number        : XXX00000000
	PCB Part Number          : 73-5420-04
	Board Revision           : A0
	RMA Test History         : 00
	RMA Number               : 0-0-0-0
	RMA History              : 00
	Deviation Number         : 0-0
	Product Identifier (PID) : PA-2FE-FX           
	Top Assy. Part Number    : 800-08352-04
	EEPROM format version 4
	EEPROM contents (hex):
	  0x00: 04 FF 40 02 24 41 01 00 C1 8B 58 58 58 30 30 30
	  0x10: 30 30 30 30 30 82 49 15 2C 04 42 41 30 03 00 81
	  0x20: 00 00 00 00 04 00 80 00 00 00 00 CB 94 50 41 2D
	  0x30: 32 46 45 2D 46 58 20 20 20 20 20 20 20 20 20 20
	  0x40: 20 C0 46 03 20 00 20 A0 04 FF FF FF FF FF FF FF
	  0x50: FF FF FF FF FF FF FF FF FF FF FF FF FF FF FF FF
	  0x60: FF FF FF FF FF FF FF FF FF FF FF FF FF FF FF FF
	  0x70: FF FF FF FF FF FF FF FF FF FF FF FF FF FF FF FF

Slot 3:
	Dual Port FastEthernet (RJ45) Port adapter, 2 ports
	Port adapter is analyzed 
	Port adapter insertion time 01:04:03 ago
	EEPROM contents at hardware discovery:
	Controller Type          : 548
	Hardware Revision        : 1.0
	PCB Serial Number        : XXX00000000
	PCB Part Number          : 73-5420-04
	Board Revision           : A0
	RMA Test History         : 00
	RMA Number               : 0-0-0-0
	RMA History              : 00
	Deviation Number         : 0-0
	Product Identifier (PID) : PA-2FE-FX           
	Top Assy. Part Number    : 800-08352-04
	EEPROM format version 4
	EEPROM contents (hex):
	  0x00: 04 FF 40 02 24 41 01 00 C1 8B 58 58 58 30 30 30
	  0x10: 30 30 30 30 30 82 49 15 2C 04 42 41 30 03 00 81
	  0x20: 00 00 00 00 04 00 80 00 00 00 00 CB 94 50 41 2D
	  0x30: 32 46 45 2D 46 58 20 20 20 20 20 20 20 20 20 20
	  0x40: 20 C0 46 03 20 00 20 A0 04 FF FF FF FF FF FF FF
	  0x50: FF FF FF FF FF FF FF FF FF FF FF FF FF FF FF FF
	  0x60: FF FF FF FF FF FF FF FF FF FF FF FF FF FF FF FF
	  0x70: FF FF FF FF FF FF FF FF FF FF FF FF FF FF FF FF


------------------ show c7200 ------------------

Network IO Interrupt Throttling:
 throttle count=0, timer count=0
 active=0, configured=0
 netint usec=4000, netint mask usec=200

Midplane EEPROM:
	Hardware revision 2.1         	Board revision M0
	Serial number     4279256517	Part number    73-1539-03
	Test history      0x0         	RMA number     00-00-00
	MAC Pool Size     1024      	MAC Addr Base  ca09.0bf8.0000
	Chassis Model     0x6         
	EEPROM format version 1
	EEPROM contents (hex):
	  0x00: 01 06 02 01 FF 10 45 C5 49 06 03 03 CA 09 0B F8
	  0x10: 00 00 04 00 00 00 00 00 4C 09 10 B0 FF FF 00 FF
	  0x20: 64 EC 00 00 65 7C 93 94 68 BD DA 58 65 7C 93 94
	  0x30: 67 44 88 40 68 BD DA 58 00 00 00 00 64 EC 00 00

C7206VXR CPU EEPROM:
	Controller Type          : 504
	Hardware Revision        : 1.0
	Top Assy. Part Number    : 800-08136-02
	PCB Part Number          : 73-5308-02
	Board Revision           : B0
	PCB Serial Number        : 11111111
	RMA History              : 00
	Fab Version              : 02
	Fab Part Number          : 28-4086-02
	Product Identifier (PID) : NPE-400
	Deviation Number         : 0-0
	EEPROM format version 4
	EEPROM contents (hex):
	  0x00: 04 FF 40 01 F8 41 01 00 C0 46 03 20 00 1F C8 02
	  0x10: 82 49 14 BC 02 42 42 30 C1 8B 31 31 31 31 31 31
	  0x20: 31 31 00 00 00 04 00 02 02 85 1C 0F F6 02 CB 87
	  0x30: 4E 50 45 2D 34 30 30 80 00 00 00 00 FF FF FF FF
	  0x40: FF FF FF FF FF FF FF FF FF FF FF FF FF FF FF FF
	  0x50: FF FF FF FF FF FF FF FF FF FF FF FF FF FF FF FF
	  0x60: FF FF FF FF FF FF FF FF FF FF FF FF FF FF FF FF
	  0x70: FF FF FF FF FF FF FF FF FF FF FF FF FF FF FF FF

TLB entries (51/64 used):
Virt Address range      Phy Address range         Attributes
0x4B000000:0x4B1FFFFF   0x14B000000:0x14B1FFFFF   CacheMode=2, RW, Valid
0x4B200000:0x4B3FFFFF   0x14B200000:0x14B3FFFFF   CacheMode=2, RW, Valid
0x10000000:0x10001FFF   0x100000000:0x100001FFF   CacheMode=2, RW, Valid
0x40000000:0x41FFFFFF   0x040000000:0x041FFFFFF   CacheMode=2, RW, Valid
0x44000000:0x45FFFFFF   0x044000000:0x045FFFFFF   CacheMode=2, RW, Valid
0x3C000000:0x3C7FFFFF   0x048000000:0x0487FFFFF   CacheMode=2, RW, Valid
0x3C800000:0x3CFFFFFF   0x048800000:0x048FFFFFF   CacheMode=2, RW, Valid
0x3D000000:0x3D7FFFFF   0x04D000000:0x04D7FFFFF   CacheMode=2, RW, Valid
0x3D800000:0x3DFFFFFF   0x049000000:0x0497FFFFF   CacheMode=2, RW, Valid
0x3E000000:0x3E7FFFFF   0x04D800000:0x04DFFFFFF   CacheMode=2, RW, Invalid
0x3E800000:0x3EFFFFFF   0x049800000:0x049FFFFFF   CacheMode=2, RW, Invalid
0x3F000000:0x3F7FFFFF   0x04E000000:0x04E7FFFFF   CacheMode=2, RW, Invalid
0x1FC00000:0x1FC7FFFF   0x01FC00000:0x01FC7FFFF   CacheMode=2, RO, Valid
0x1E000000:0x1E1FFFFF   0x01E000000:0x01E1FFFFF   CacheMode=2, RW, Valid
0x1E800000:0x1E9FFFFF   0x01E800000:0x01E9FFFFF   CacheMode=2, RW, Valid
0xFE000000:0xFE07FFFF   0x0FE000000:0x0FE07FFFF   CacheMode=2, RW, Valid
0x60000000:0x61FFFFFF   0x000000000:0x001FFFFFF   CacheMode=3, RO, Valid
0x62000000:0x627FFFFF   0x002000000:0x0027FFFFF   CacheMode=3, RO, Valid
0x62800000:0x62FFFFFF   0x002800000:0x002FFFFFF   CacheMode=3, RO, Valid
0x63000000:0x637FFFFF   0x003000000:0x0037FFFFF   CacheMode=3, RO, Valid
0x63800000:0x6381FFFF   0x003800000:0x00381FFFF   CacheMode=3, RO, Valid
0x63820000:0x6383FFFF   0x003820000:0x00383FFFF   CacheMode=3, RO, Valid
0x63840000:0x6385FFFF   0x003840000:0x00385FFFF   CacheMode=3, RO, Valid
0x63860000:0x63861FFF   0x003860000:0x003861FFF   CacheMode=3, RO, Valid
0x63862000:0x63863FFF   0x003862000:0x003863FFF   CacheMode=3, RO, Valid
0x63864000:0x63865FFF   0x003864000:0x003865FFF   CacheMode=3, RW, Valid
0x63866000:0x63867FFF   0x003866000:0x003867FFF   CacheMode=3, RW, Valid
0x63868000:0x6386FFFF   0x003868000:0x00386FFFF   CacheMode=3, RW, Valid
0x63870000:0x63877FFF   0x003870000:0x003877FFF   CacheMode=3, RW, Valid
0x63878000:0x6387FFFF   0x003878000:0x00387FFFF   CacheMode=3, RW, Valid
0x63880000:0x638FFFFF   0x003880000:0x0038FFFFF   CacheMode=3, RW, Valid
0x63900000:0x6397FFFF   0x003900000:0x00397FFFF   CacheMode=3, RW, Valid
0x63980000:0x639FFFFF   0x003980000:0x0039FFFFF   CacheMode=3, RW, Valid
0x63A00000:0x63BFFFFF   0x003A00000:0x003BFFFFF   CacheMode=3, RW, Valid
0x63C00000:0x63DFFFFF   0x003C00000:0x003DFFFFF   CacheMode=3, RW, Valid
0x63E00000:0x63FFFFFF   0x003E00000:0x003FFFFFF   CacheMode=3, RW, Valid
0x64000000:0x65FFFFFF   0x004000000:0x005FFFFFF   CacheMode=3, RW, Valid
0x66000000:0x67FFFFFF   0x006000000:0x007FFFFFF   CacheMode=3, RW, Valid
0x68000000:0x69FFFFFF   0x008000000:0x009FFFFFF   CacheMode=3, RW, Valid
0x6A000000:0x6BFFFFFF   0x00A000000:0x00BFFFFFF   CacheMode=3, RW, Valid
0x6C000000:0x6DFFFFFF   0x00C000000:0x00DFFFFFF   CacheMode=3, RW, Valid
0x6E000000:0x6FFFFFFF   0x020000000:0x021FFFFFF   CacheMode=3, RW, Valid
0x70000000:0x71FFFFFF   0x022000000:0x023FFFFFF   CacheMode=3, RW, Valid
0x72000000:0x73FFFFFF   0x024000000:0x025FFFFFF   CacheMode=3, RW, Valid
0x74000000:0x75FFFFFF   0x026000000:0x027FFFFFF   CacheMode=3, RW, Valid
0x76000000:0x77FFFFFF   0x028000000:0x029FFFFFF   CacheMode=3, RW, Valid
0x78000000:0x79FFFFFF   0x02A000000:0x02BFFFFFF   CacheMode=3, RW, Valid
0x7A000000:0x7BFFFFFF   0x02C000000:0x02DFFFFFF   CacheMode=3, RW, Valid
0x7C000000:0x7DFFFFFF   0x02E000000:0x02FFFFFFF   CacheMode=3, RW, Valid
0x0E000000:0x0FFFFFFF   0x00E000000:0x00FFFFFFF   CacheMode=2, RW, Valid
0x7E000000:0x7FFFFFFF   0x00E000000:0x00FFFFFFF   CacheMode=0, RW, Valid

0 spurious cache errors detected.


System Controller Network Interrupts
 Wrapper is NOT installed

Registered Interrupts:
 Level Mask               Count      Data       Interrupt Handler


DEBUG:netmiko:read_channel: 
DEBUG:netmiko:read_channel: 
DEBUG:netmiko:read_channel: 
DEBUG:netmiko:read_channel: 
DEBUG:netmiko:read_channel: 
------------------ show pci hardware ------------------


GT64120 External PCI Configuration registers:
PCI_0:
 Vendor / Device ID   : 0xAB112046 (b/s 0x462011AB)
 Status / Command     : 0x00000000 (b/s 0x00000000)
 Class / Revision     : 0x05800003 (b/s 0x03008005)
 Latency              : 0x00000000 (b/s 0x00000000)
 RAS[1:0] Base        : 0x00000000 (b/s 0x00000000)
 RAS[3:2] Base        : 0x00000000 (b/s 0x00000000)
 CS[2:0] Base         : 0x00000000 (b/s 0x00000000)
 CS[3] Base           : 0x00000000 (b/s 0x00000000)
 Mem Map Base         : 0x00000000 (b/s 0x00000000)
 IO Map Base          : 0x00000000 (b/s 0x00000000)
 Subsystem Vendor / D : 0x00000000 (b/s 0x00000000)
 Int Pin / Line       : 0x00000000 (b/s 0x00000000)
 Swap RAS[1:0] Base   : 0x00000000 (b/s 0x00000000)
 Swap RAS[3:2] Base   : 0x00000000 (b/s 0x00000000)
 Swap CS[3] Base      : 0x00000000 (b/s 0x00000000)
PCI_1:
 Vendor / Device ID   : 0x00000000 (b/s 0x00000000)
 Status / Command     : 0x00000000 (b/s 0x00000000)
 Class / Revision     : 0x00000000 (b/s 0x00000000)
 Latency              : 0x00000000 (b/s 0x00000000)
 RAS[1:0] Base        : 0x00000000 (b/s 0x00000000)
 RAS[3:2] Base        : 0x00000000 (b/s 0x00000000)
 CS[2:0] Base         : 0x00000000 (b/s 0x00000000)
 CS[3] Base           : 0x00000000 (b/s 0x00000000)
 Mem Map Base         : 0x00000000 (b/s 0x00000000)
 IO Map Base          : 0x00000000 (b/s 0x00000000)
 Subsystem Vendor / D : 0x00000000 (b/s 0x00000000)
 Int Pin / Line       : 0x00000000 (b/s 0x00000000)
 Swap RAS[1:0] Base   : 0x00000000 (b/s 0x00000000)
 Swap RAS[3:2] Base   : 0x00000000 (b/s 0x00000000)
 Swap CS[3] Base      : 0x00000000 (b/s 0x00000000)

Bridge 0, for PA Bay 0 (I/O Card, PCMCIA, Interfaces), Handle=0
DEC21050 bridge chip, config=0x0
(0x00):dev, vendor id       = 0x00011011
(0x04):status, command      = 0x00000000
(0x08):class code, revid    = 0x06040000
(0x0C):hdr, lat timer, cls  = 0x00000000
(0x18):sec lat,cls & bus no = 0x18020100
(0x1C):sec status, io base  = 0x00000000
(0x20):mem base & limit     = 0x00000000
(0x24):prefetch membase/lim = 0x00000000
(0x3C):bridge ctrl          = 0x00000000
(0x40):arb/serr, chip ctrl  = 0x00000000
(0x44):pri/sec trgt wait t. = 0x00000000
(0x48):sec write attmp ctr  = 0x00000000
(0x4C):pri write attmp ctr  = 0x00000000

CLPD6729 registers:
 (0x00) Chip Revision = 0x48
 (0x1E) Misc Control 2 = 0x08
 (0x1F) Chip Information = 0x00

 Socket 0:
  (0x01) Interface Status = 0xEF
  (0x02) Power Control = 0x90
  (0x03) Interrupt and General Control = 0x40
  (0x04) Card Status Change = 0x00
  (0x05) Management Interrupt Configuration = 0x38
  (0x06) Mapping Enable = 0x11
  (0x07) I/O Window Control = 0x00
  (0x08) System I/O Map 0 Start Address Low = 0x00
  (0x09) System I/O Map 0 Start Address High = 0x00
  (0x0A) System I/O Map 0 End Address Low = 0x00
  (0x0B) System I/O Map 0 End Address High = 0x00
  (0x0C) System I/O Map 1 Start Address Low = 0x00
  (0x0D) System I/O Map 1 Start Address High = 0x00
  (0x0E) System I/O Map 1 End Address Low = 0x00
  (0x0F) System I/O Map 1 End Address High = 0x00
  (0x10) System Memory Map 0 Start Address Low = 0x00
  (0x11) System Memory Map 0 Start Address High = 0x81
  (0x12) System Memory Map 0 End Address Low = 0xFF
  (0x13) System Memory Map 0 End Address High = 0x04
  (0x05 EXT) System Memory Map 0 Upper Address = 0x40
  (0x14) Card Memory Map 0 Offset Address Low = 0x00
  (0x15) Card Memory Map 0 Offset Address High = 0x3F
  (0x16) Misc Control 1 = 0x00
  (0x26) ATA Control = 0x00
  (0x17) FIFO Control = 0x80
  (0x18) System Memory Map 1 Start Address Low = 0x00
  (0x19) System Memory Map 1 Start Address High = 0x00
  (0x1A) System Memory Map 1 End Address Low = 0x00
  (0x1B) System Memory Map 1 End Address High = 0x00
  (0x06 EXT) System Memory Map 1 Upper Address = 0x40
  (0x1C) Card Memory Map 1 Offset Address Low = 0x00
  (0x1D) Card Memory Map 1 Offset Address High = 0x00
  (0x20) System Memory Map 2 Start Address Low = 0x00
  (0x21) System Memory Map 2 Start Address High = 0x00
  (0x22) System Memory Map 2 End Address Low = 0x00
  (0x23) System Memory Map 2 End Address High = 0x00
  (0x07 EXT) System Memory Map 2 Upper Address = 0x40
  (0x24) Card Memory Map 2 Offset Address Low = 0x00
  (0x25) Card Memory Map 2 Offset Address High = 0x00
  (0x26) ATA Control = 0x00
  (0x28) System Memory Map 3 Start Address Low = 0x00
  (0x29) System Memory Map 3 Start Address High = 0x00
  (0x2A) System Memory Map 3 End Address Low = 0x00
  (0x2B) System Memory Map 3 End Address High = 0x00
  (0x08 EXT) System Memory Map 3 Upper Address = 0x40
  (0x2C) Card Memory Map 3 Offset Address Low = 0x00
  (0x2D) Card Memory Map 3 Offset Address High = 0x00
  (0x30) System Memory Map 4 Start Address Low = 0x00
  (0x31) System Memory Map 4 Start Address High = 0x80
  (0x32) System Memory Map 4 End Address Low = 0xFF
  (0x33) System Memory Map 4 End Address High = 0x00
  (0x09 EXT) System Memory Map 4 Upper Address = 0x40
  (0x34) Card Memory Map 4 Offset Address Low = 0x00
  (0x35) Card Memory Map 4 Offset Address High = 0x40
  (0x36) Card I/O Map 0 Offset Address Low = 0x00
  (0x37) Card I/O Map 0 Offset Address High = 0x00
  (0x38) Card I/O Map 1 Offset Address Low = 0x00
  (0x39) Card I/O Map 1 Offset Address High = 0x00
  (0x3A) Setup Timing 0 = 0x04
  (0x3B) Command Timing 0 = 0x0A
  (0x3C) Recovery Timing 0 = 0x04
  (0x3D) Setup Timing 1 = 0x20
  (0x3E) Command Timing 1 = 0x48
  (0x3F) Recovery Timing 1 = 0x20
  (0x03 EXT) Extension Control 1 = 0x40
  (0x0B EXT) Extension Control 2 = 0x40

 Socket 1:
  (0x41) Interface Status = 0x80
  (0x42) Power Control = 0x90
  (0x43) Interrupt and General Control = 0x40
  (0x44) Card Status Change = 0x00
  (0x45) Management Interrupt Configuration = 0x38
  (0x46) Mapping Enable = 0x11
  (0x47) I/O Window Control = 0x00
  (0x48) System I/O Map 0 Start Address Low = 0x00
  (0x49) System I/O Map 0 Start Address High = 0x00
  (0x4A) System I/O Map 0 End Address Low = 0x00
  (0x4B) System I/O Map 0 End Address High = 0x00
  (0x4C) System I/O Map 1 Start Address Low = 0x00
  (0x4D) System I/O Map 1 Start Address High = 0x00
  (0x4E) System I/O Map 1 End Address Low = 0x00
  (0x4F) System I/O Map 1 End Address High = 0x00
  (0x50) System Memory Map 0 Start Address Low = 0x00
  (0x51) System Memory Map 0 Start Address High = 0x81
  (0x52) System Memory Map 0 End Address Low = 0xFF
  (0x53) System Memory Map 0 End Address High = 0x04
  (0x05 EXT) System Memory Map 0 Upper Address = 0x44
  (0x54) Card Memory Map 0 Offset Address Low = 0x00
  (0x55) Card Memory Map 0 Offset Address High = 0x3F
  (0x56) Misc Control 1 = 0x00
  (0x66) ATA Control = 0x00
  (0x57) FIFO Control = 0x80
  (0x58) System Memory Map 1 Start Address Low = 0x00
  (0x59) System Memory Map 1 Start Address High = 0x00
  (0x5A) System Memory Map 1 End Address Low = 0x00
  (0x5B) System Memory Map 1 End Address High = 0x00
  (0x06 EXT) System Memory Map 1 Upper Address = 0x44
  (0x5C) Card Memory Map 1 Offset Address Low = 0x00
  (0x5D) Card Memory Map 1 Offset Address High = 0x00
  (0x60) System Memory Map 2 Start Address Low = 0x00
  (0x61) System Memory Map 2 Start Address High = 0x00
  (0x62) System Memory Map 2 End Address Low = 0x00
  (0x63) System Memory Map 2 End Address High = 0x00
  (0x07 EXT) System Memory Map 2 Upper Address = 0x44
  (0x64) Card Memory Map 2 Offset Address Low = 0x00
  (0x65) Card Memory Map 2 Offset Address High = 0x00
  (0x66) ATA Control = 0x00
  (0x68) System Memory Map 3 Start Address Low = 0x00
  (0x69) System Memory Map 3 Start Address High = 0x00
  (0x6A) System Memory Map 3 End Address Low = 0x00
  (0x6B) System Memory Map 3 End Address High = 0x00
  (0x08 EXT) System Memory Map 3 Upper Address = 0x44
  (0x6C) Card Memory Map 3 Offset Address Low = 0x00
  (0x6D) Card Memory Map 3 Offset Address High = 0x00
  (0x70) System Memory Map 4 Start Address Low = 0x00
  (0x71) System Memory Map 4 Start Address High = 0x80
  (0x72) System Memory Map 4 End Address Low = 0xFF
  (0x73) System Memory Map 4 End Address High = 0x00
  (0x09 EXT) System Memory Map 4 Upper Address = 0x44
  (0x74) Card Memory Map 4 Offset Address Low = 0x00
  (0x75) Card Memory Map 4 Offset Address High = 0x40
  (0x76) Card I/O Map 0 Offset Address Low = 0x00
  (0x77) Card I/O Map 0 Offset Address High = 0x00
  (0x78) Card I/O Map 1 Offset Address Low = 0x00
  (0x79) Card I/O Map 1 Offset Address High = 0x00
  (0x7A) Setup Timing 0 = 0x04
  (0x7B) Command Timing 0 = 0x0A
  (0x7C) Recovery Timing 0 = 0x04
  (0x7D) Setup Timing 1 = 0x20
  (0x7E) Command Timing 1 = 0x48
  (0x7F) Recovery Timing 1 = 0x20
  (0x03 EXT) Extension Control 1 = 0x44
  (0x0B EXT) Extension Control 2 = 0x44


------------------ show pci controller ------------------


GT64120 Channel 0 DMA (Packet coalescing DMA engine):
 dma_list=0x667F3EFC, dma_ring=0xE187040, dma_entries=256
 dma_free=0x667F511C, dma_reqt=0x667F511C, dma_done=0x667F511C
 thread=0x667F5108, thread_end=0x667F5108
 backup_thread=0x0, backup_thread_end=0x0
 dma_working=0, dma_stalls=0, dma_stall_loop=0
 dma_complete=1213, post_coalesce_frames=1213
 exhausted_dma_entries=0, post_dma_callback=1194

GT64120 Rev level     : 5
GT64120 Register Dump : Registers at 0xB4000000
CPU Interface :
 cpu_interface_conf   : 0x00000000 (b/s 0x00000000)
 multi_gt             : 0x00000000 (b/s 0x00000000)
Processor Address Space :
 ras10_low            : 0x00000000 (b/s 0x00000000)
 ras10_high           : 0x7F000000 (b/s 0x0000007F)
 ras32_low            : 0x00010000 (b/s 0x00000100)
 ras32_high           : 0x7F000000 (b/s 0x0000007F)
 cs20_low             : 0x00000000 (b/s 0x00000000)
 cs20_high            : 0x00000000 (b/s 0x00000000)
 cs3_boot_low         : 0x00000000 (b/s 0x00000000)
 cs3_boot_high        : 0x00000000 (b/s 0x00000000)
 pci_io_low           : 0x00000000 (b/s 0x00000000)
 pci_io_high          : 0x00000000 (b/s 0x00000000)
 pci_mem_low          : 0x00000000 (b/s 0x00000000)
 pci_mem_high         : 0x00000000 (b/s 0x00000000)
 pci_mem1_low         : 0x00000000 (b/s 0x00000000)
 pci_mem1_high        : 0x00000000 (b/s 0x00000000)
 pci1_io_low          : 0x00000000 (b/s 0x00000000)
 pci1_io_high         : 0x00000000 (b/s 0x00000000)
 pci1_mem0_low        : 0x00000000 (b/s 0x00000000)
 pci1_mem0_high       : 0x00000000 (b/s 0x00000000)
 pci1_mem1_low        : 0x00000000 (b/s 0x00000000)
 pci1_mem1_high       : 0x00000000 (b/s 0x00000000)
 internal_spc_decode  : 0x00000000 (b/s 0x00000000)
 bus_err_low          : 0x00000000 (b/s 0x00000000)
 bus_err_high         : 0x00000000 (b/s 0x00000000)
 pci0_sync_barrier    : 0x00000000 (b/s 0x00000000)
 pci1_sync_barrier    : 0x00000000 (b/s 0x00000000)
 ras10_addr_remap     : 0x00000000 (b/s 0x00000000)
 ras32_addr_remap     : 0x00000000 (b/s 0x00000000)
 cs20_remap           : 0x00000000 (b/s 0x00000000)
 cs3_boot_remap       : 0x00000000 (b/s 0x00000000)
 pci0_io_remap        : 0x00000000 (b/s 0x00000000)
 pci0_mem0_remap      : 0x00000000 (b/s 0x00000000)
 pci0_mem1_remap      : 0x00000000 (b/s 0x00000000)
 pci1_io_remap        : 0x00000000 (b/s 0x00000000)
 pci1_mem0_remap      : 0x00000000 (b/s 0x00000000)
 pci1_mem1_remap      : 0x00000000 (b/s 0x00000000)
SDRAM/Device Address Space :
 ras0_low             : 0x00000000 (b/s 0x00000000)
 ras0_high            : 0xFF000000 (b/s 0x000000FF)
 ras1_low             : 0x7F000000 (b/s 0x0000007F)
 ras1_high            : 0x00000000 (b/s 0x00000000)
 ras2_low             : 0x00000000 (b/s 0x00000000)
 ras2_high            : 0xFF000000 (b/s 0x000000FF)
 ras3_low             : 0x7F000000 (b/s 0x0000007F)
 ras3_high            : 0x00000000 (b/s 0x00000000)
 cs0_low              : 0x00000000 (b/s 0x00000000)
 cs0_high             : 0x00000000 (b/s 0x00000000)
 cs1_low              : 0x00000000 (b/s 0x00000000)
 cs1_high             : 0x00000000 (b/s 0x00000000)
 cs2_low              : 0x00000000 (b/s 0x00000000)
 cs2_high             : 0x00000000 (b/s 0x00000000)
 cs3_low              : 0x00000000 (b/s 0x00000000)
 cs3_high             : 0x00000000 (b/s 0x00000000)
 boot_cs_low          : 0x00000000 (b/s 0x00000000)
 boot_cs_high         : 0x00000000 (b/s 0x00000000)
 addr_decode_err      : 0x00000000 (b/s 0x00000000)
 addr_decode          : 0x00000000 (b/s 0x00000000)
 dram_config          : 0x00000000 (b/s 0x00000000)
 dram_bank0_param     : 0x00000000 (b/s 0x00000000)
 dram_bank1_param     : 0x00000000 (b/s 0x00000000)
 dram_bank2_param     : 0x00000000 (b/s 0x00000000)
 dram_bank3_param     : 0x00000000 (b/s 0x00000000)
 dram_oper_mode       : 0x00000000 (b/s 0x00000000)
Device Parameters :
 device_bank0_param   : 0x00000000 (b/s 0x00000000)
 device_bank1_param   : 0x00000000 (b/s 0x00000000)
 device_bank2_param   : 0x00000000 (b/s 0x00000000)
 device_bank3_param   : 0x00000000 (b/s 0x00000000)
 boot_bank_param      : 0x00000000 (b/s 0x00000000)
DMA Channels :
 ch0_dma_count        : 0x00000000 (b/s 0x00000000)
 ch1_dma_count        : 0x00000000 (b/s 0x00000000)
 ch2_dma_count        : 0x00000000 (b/s 0x00000000)
 ch3_dma_count        : 0x00000000 (b/s 0x00000000)
 ch0_dma_src          : 0x00AE450E (b/s 0x0E45AE00)
 ch1_dma_src          : 0x00000000 (b/s 0x00000000)
 ch2_dma_src          : 0x00000000 (b/s 0x00000000)
 ch3_dma_src          : 0x00000000 (b/s 0x00000000)
 ch0_dma_dst          : 0x8AC82E0E (b/s 0x0E2EC88A)
 ch1_dma_dst          : 0x00000000 (b/s 0x00000000)
 ch2_dma_dst          : 0x00000000 (b/s 0x00000000)
 ch3_dma_dst          : 0x00000000 (b/s 0x00000000)
 ch0_next_ptr         : 0x00000000 (b/s 0x00000000)
 ch1_next_ptr         : 0x00000000 (b/s 0x00000000)
 ch2_next_ptr         : 0x00000000 (b/s 0x00000000)
 ch3_next_ptr         : 0x00000000 (b/s 0x00000000)
 ch0_current_ptr      : 0x00000000 (b/s 0x00000000)
 ch1_current_ptr      : 0x00000000 (b/s 0x00000000)
 ch2_current_ptr      : 0x00000000 (b/s 0x00000000)
 ch3_current_ptr      : 0x00000000 (b/s 0x00000000)
 ch0_ctrl             : 0xC01C0000 (b/s 0x00001CC0)
 ch1_ctrl             : 0x00000000 (b/s 0x00000000)
 ch2_ctrl             : 0x00000000 (b/s 0x00000000)
 ch3_ctrl             : 0x00000000 (b/s 0x00000000)
 arbiter_ctrl         : 0x00000000 (b/s 0x00000000)
Timer/Counters :
 ct0                  : 0x00000000 (b/s 0x00000000)
 ct1                  : 0x00000000 (b/s 0x00000000)
 ct2                  : 0x00000000 (b/s 0x00000000)
 ct3                  : 0x00000000 (b/s 0x00000000)
 counter_ctrl         : 0x00000000 (b/s 0x00000000)
PCI Internal Registers :
 pci_cmd              : 0x01800000 (b/s 0x00008001)
 pci1_cmd             : 0x00000000 (b/s 0x00000000)
 pci_timeout          : 0x00000000 (b/s 0x00000000)
 pci1_timeout         : 0x00000000 (b/s 0x00000000)
 pci_ras10_size       : 0xFF0F0000 (b/s 0x00000FFF)
 pci1_ras10_size      : 0x00000000 (b/s 0x00000000)
 pci_ras32_size       : 0xFF0F0000 (b/s 0x00000FFF)
 pci1_ras32_size      : 0x00000000 (b/s 0x00000000)
 pci_cs20_size        : 0x00000000 (b/s 0x00000000)
 pci1_cs20_size       : 0x00000000 (b/s 0x00000000)
 pci_cs3_boot_size    : 0x00000000 (b/s 0x00000000)
 pci1_cs3_boot_size   : 0x00000000 (b/s 0x00000000)
 pci0_prefetch_burst_ : 0x00000000 (b/s 0x00000000)
 pci1_prefetch_burst_ : 0x00000000 (b/s 0x00000000)
 pci0_ras10_remap     : 0x00000000 (b/s 0x00000000)
 pci1_ras10_remap     : 0x00000000 (b/s 0x00000000)
 pci0_ras32_remap     : 0x00000000 (b/s 0x00000000)
 pci1_ras32_remap     : 0x00000000 (b/s 0x00000000)
 pci0_cs20_remap      : 0x00000000 (b/s 0x00000000)
 pci1_cs20_remap      : 0x00000000 (b/s 0x00000000)
 pci0_cs3_boot_remap  : 0x00000000 (b/s 0x00000000)
 pci1_cs3_boot_remap  : 0x00000000 (b/s 0x00000000)
 pci0_swapped_ras10_r : 0x00000000 (b/s 0x00000000)
 pci1_swapped_ras10_r : 0x00000000 (b/s 0x00000000)
 pci0_swapped_ras32_r : 0x00000000 (b/s 0x00000000)
 pci1_swapped_ras32_r : 0x00000000 (b/s 0x00000000)
 pci0_swapped_cs3_boo : 0x00000000 (b/s 0x00000000)
 pci1_swapped_cs3_boo : 0x00000000 (b/s 0x00000000)
 pci0_base_addr_regs_ : 0x00000000 (b/s 0x00000000)
Interrupt Control :
 pci_int_cause        : 0x00000000 (b/s 0x00000000)
 pci_high_int_cause   : 0x00000000 (b/s 0x00000000)
 pci_cpu_mask         : 0xF00F0000 (b/s 0x00000FF0)
 pci_high_cpu_mask    : 0x00000000 (b/s 0x00000000)
 pci_pci_mask         : 0x00000000 (b/s 0x00000000)
 pci0_high_pci_mask   : 0x00000000 (b/s 0x00000000)
 pci1_int_cause_mask  : 0x00000000 (b/s 0x00000000)
 pci1_high_int_cause_ : 0x00000000 (b/s 0x00000000)
 pci_serr_mask        : 0x00000000 (b/s 0x00000000)
 pci1_serr_mask       : 0x00000000 (b/s 0x00000000)
 pci0_int_select      : 0x00000000 (b/s 0x00000000)
 pci1_int_select      : 0x00000000 (b/s 0x00000000)
 cpu_int_select       : 0x00000000 (b/s 0x00000000)


------------------ show sysctlr ------------------



------------------ show buffers ------------------


Buffer elements:
     1105 in free list 
     18094 hits, 0 misses, 617 created

Public buffer pools:
Small buffers, 104 bytes (total 71, permanent 50, peak 71 @ 01:03:52):
     71 in free list (20 min, 150 max allowed)
     3707 hits, 7 misses, 0 trims, 21 created
     0 failures (0 no memory)
Middle buffers, 600 bytes (total 55, permanent 25, peak 55 @ 00:00:11):
     50 in free list (10 min, 150 max allowed)
     6750 hits, 10 misses, 0 trims, 30 created
     0 failures (0 no memory)
Big buffers, 1536 bytes (total 51, permanent 50, peak 51 @ 01:04:02):
     51 in free list (5 min, 150 max allowed)
     1280 hits, 0 misses, 0 trims, 1 created
     0 failures (0 no memory)
VeryBig buffers, 4520 bytes (total 11, permanent 10, peak 11 @ 01:04:02):
     11 in free list (0 min, 100 max allowed)
     0 hits, 0 misses, 0 trims, 1 created
     0 failures (0 no memory)
Large buffers, 5024 bytes (total 1, permanent 0, peak 1 @ 01:04:08):
     1 in free list (0 min, 10 max allowed)
     0 hits, 0 misses, 0 trims, 1 created
     0 failures (0 no memory)
Huge buffers, 18024 bytes (total 1, permanent 0, peak 1 @ 01:04:08):
     1 in free list (0 min, 4 max allowed)
     0 hits, 0 misses, 0 trims, 1 created
     0 failures (0 no memory)

Interface buffer pools:
Generic ED Pool buffers, 512 bytes (total 101, permanent 100, peak 101 @ 01:03:58):
     101 in free list (100 min, 100 max allowed)
     15 hits, 0 misses
Syslog ED Pool buffers, 600 bytes (total 133, permanent 132, peak 133 @ 01:03:58):
     101 in free list (132 min, 132 max allowed)
     124 hits, 0 misses
IPC buffers, 4096 bytes (total 2, permanent 2):
     1 in free list (1 min, 8 max allowed)
     1 hits, 0 fallbacks, 0 trims, 0 created
     0 failures (0 no memory)
IPC Medium buffers, 16384 bytes (total 2, permanent 2):
     2 in free list (1 min, 8 max allowed)
     0 hits, 0 fallbacks, 0 trims, 0 created
     0 failures (0 no memory)
IPC Large buffers, 65535 bytes (total 17, permanent 16, peak 17 @ 01:04:08):
     17 in free list (16 min, 16 max allowed)
     0 hits, 0 misses, 63 trims, 64 created
     0 failures (0 no memory)

Header pools:
Header buffers, 0 bytes (total 512, permanent 256, peak 512 @ 01:04:07):
     256 in free list (256 min, 1024 max allowed)
     171 hits, 85 misses, 0 trims, 256 created
     0 failures (0 no memory)
     256 max cache size, 256 in cache
     0 hits in cache, 0 misses in cache

Particle Clones:
     1024 clones, 0 hits, 0 misses

Public particle pools:
F/S buffers, 128 bytes (total 512, permanent 512):
     0 in free list (0 min, 512 max allowed)
     512 hits, 0 misses, 0 trims, 0 created
     0 failures (0 no memory)
     512 max cache size, 512 in cache
     0 hits in cache, 0 misses in cache
Normal buffers, 512 bytes (total 2048, permanent 2048):
     2048 in free list (1024 min, 4096 max allowed)
     0 hits, 0 misses, 0 trims, 0 created
     0 failures (0 no memory)

Private particle pools:
HQF Particle buffers, 0 bytes (total 2000, permanent 2000):
     2000 in free list (500 min, 2000 max allowed)
     0 hits, 0 misses, 0 trims, 0 created
     0 failures (0 no memory)
FastEthernet0/0 buffers, 512 bytes (total 400, permanent 400):
     0 in free list (0 min, 400 max allowed)
     400 hits, 0 fallbacks
     400 max cache size, 271 in cache
     227 hits in cache, 0 misses in cache
     14 buffer threshold, 0 threshold transitions
FastEthernet1/0 buffers, 768 bytes (total 529, permanent 400):
     129 in free list (128 min, 1200 max allowed)
     357 hits, 43 misses, 0 trims, 129 created
     0 failures (0 no memory)
     400 max cache size, 272 in cache
     128 hits in cache, 0 misses in cache
     14 buffer threshold, 0 threshold transitions
FastEthernet1/1 buffers, 768 bytes (total 529, permanent 400):
     129 in free list (128 min, 1200 max allowed)
     357 hits, 43 misses, 0 trims, 129 created
     0 failures (0 no memory)
     400 max cache size, 272 in cache
     128 hits in cache, 0 misses in cache
     14 buffer threshold, 0 threshold transitions
FastEthernet2/0 buffers, 768 bytes (total 529, permanent 400):
     129 in free list (128 min, 1200 max allowed)
     357 hits, 43 misses, 0 trims, 129 created
     0 failures (0 no memory)
     400 max cache size, 272 in cache
     128 hits in cache, 0 misses in cache
     14 buffer threshold, 0 threshold transitions
FastEthernet2/1 buffers, 768 bytes (total 529, permanent 400):
     129 in free list (128 min, 1200 max allowed)
     357 hits, 43 misses, 0 trims, 129 created
     0 failures (0 no memory)
     400 max cache size, 272 in cache
     128 hits in cache, 0 misses in cache
     14 buffer threshold, 0 threshold transitions
FastEthernet3/0 buffers, 768 bytes (total 529, permanent 400):
     129 in free list (128 min, 1200 max allowed)
     357 hits, 43 misses, 0 trims, 129 created
     0 failures (0 no memory)
     400 max cache size, 272 in cache
     4069 hits in cache, 0 misses in cache
     14 buffer threshold, 0 threshold transitions
FastEthernet3/1 buffers, 768 bytes (total 529, permanent 400):
     129 in free list (128 min, 1200 max allowed)
     357 hits, 43 misses, 0 trims, 129 created
     0 failures (0 no memory)
     400 max cache size, 272 in cache
     128 hits in cache, 0 misses in cache
     14 buffer threshold, 0 threshold transitions



------------------ show buffers usage ------------------


Statistics for the Small pool
Number of Buffers used by packets generated by system:   71
Number of Buffers used by incoming packets:               0

Statistics for the Middle pool
Output IDB   :      Fa3/0 count:       10
Caller pc    : 0x60F30C28 count:       10
Resource User: SSH Proces count:       10
Caller pc    : 0x62CC2180 count:        1
Resource User:   IP Input count:        1
Number of Buffers used by packets generated by system:   54
Number of Buffers used by incoming packets:               1

Statistics for the Big pool
Number of Buffers used by packets generated by system:   51
Number of Buffers used by incoming packets:               0

Statistics for the VeryBig pool
Number of Buffers used by packets generated by system:   11
Number of Buffers used by incoming packets:               0

Statistics for the Large pool
Number of Buffers used by packets generated by system:    1
Number of Buffers used by incoming packets:               0

Statistics for the Huge pool
Number of Buffers used by packets generated by system:    1
Number of Buffers used by incoming packets:               0

Statistics for the Generic ED Pool pool
Number of Buffers used by packets generated by system:  101
Number of Buffers used by incoming packets:               0

Statistics for the Syslog ED Pool pool
Caller pc    : 0x60869E4C count:       32
Resource User: EEM ED Sys count:       32
Number of Buffers used by packets generated by system:  133
Number of Buffers used by incoming packets:               0

Statistics for the IPC pool
Caller pc    : 0x62B99048 count:        1
Resource User:       Init count:        1
Number of Buffers used by packets generated by system:    2
Number of Buffers used by incoming packets:               0

Statistics for the IPC Medium pool
Number of Buffers used by packets generated by system:    2
Number of Buffers used by incoming packets:               0

Statistics for the IPC Large pool
Number of Buffers used by packets generated by system:   17
Number of Buffers used by incoming packets:               0

Statistics for the Header pool
Number of Buffers used by packets generated by system:  512
Number of Buffers used by incoming packets:               0

Statistics for the FS Header pool
Caller pc    : 0x62E4D3C0 count:        1
Resource User:       Init count:       22
Caller pc    : 0x62EFFE98 count:        6
Caller pc    : 0x63270364 count:        1
Caller pc    : 0x60982398 count:        1
Caller pc    : 0x63337A38 count:        1
Caller pc    : 0x633380B4 count:        1
Caller pc    : 0x620CE954 count:        8
Caller pc    : 0x62B0570C count:        1
Caller pc    : 0x61231678 count:        1
Caller pc    : 0x63337A78 count:        1
Number of Buffers used by packets generated by system:   38
Number of Buffers used by incoming packets:               0

Statistics for the l2frag pak pool pool
Number of Buffers used by packets generated by system:    0
Number of Buffers used by incoming packets:               0

Statistics for the SW Crypto Header pool
Caller pc    : 0x629FCC8C count:        1
Resource User:       Init count:        1
Number of Buffers used by packets generated by system:    2
Number of Buffers used by incoming packets:               0

Statistics for the Crypto Fragmentation Header pool
Caller pc    : 0x63672E1C count:        1
Resource User:       Init count:        1
Number of Buffers used by packets generated by system:    2
Number of Buffers used by incoming packets:               0



DC#
DEBUG:netmiko:read_channel: 
DEBUG:netmiko:read_channel: 
DEBUG:netmiko:write_channel: b'\n'
DEBUG:netmiko:read_channel: 
DEBUG:netmiko:read_channel: 
DEBUG:netmiko:read_channel: 
DEBUG:netmiko:read_channel: 
DC#
DEBUG:netmiko:read_channel: 
DEBUG:netmiko:read_channel: 
DEBUG:netmiko:read_channel: 
DEBUG:netmiko:read_channel: 
DEBUG:netmiko:read_channel: 
DEBUG:netmiko:[find_prompt()]: prompt is DC#
DEBUG:netmiko:write_channel: b'\n'
DEBUG:netmiko:read_channel: 
DEBUG:netmiko:read_channel: 
DC#
DEBUG:netmiko:read_channel: 
DEBUG:netmiko:read_channel: 
DEBUG:netmiko:read_channel: 
DEBUG:netmiko:read_channel: 
DEBUG:netmiko:read_channel: 
DEBUG:netmiko:read_channel: 
DEBUG:netmiko:read_channel: 
DEBUG:netmiko:read_channel: 
DEBUG:netmiko:read_channel: 
DEBUG:netmiko:read_channel: 
DEBUG:netmiko:read_channel: 
DEBUG:netmiko:read_channel: 
DEBUG:netmiko:read_channel: 
DEBUG:netmiko:read_channel: 
DEBUG:netmiko:read_channel: 
DEBUG:netmiko:read_channel: 
------------------ show region ------------------


Region Manager:

      Start         End     Size(b)  Class  Media  Name
 0x0E000000  0x0FFFFFFF    33554432  Iomem  R/W    iomem
 0x60000000  0x7DFFFFFF   503316480  Local  R/W    main
 0x60008EB0  0x6386285F    59087280  IText  R/O    main:text
 0x63864000  0x64EB8C1F    23415840  IData  R/W    main:data
 0x64EB8C20  0x6558E3FF     7165920  IBss   R/W    main:bss
 0x6558E400  0x6658E3FF    16777216  Local  R/W    main:heap
 0x6658E4A0  0x6758E49F    16777216  Local  R/W    main:heap
 0x6758E540  0x6858E53F    16777216  Local  R/W    main:heap
 0x6858E5E0  0x6958E5DF    16777216  Local  R/W    main:heap
 0x7D000000  0x7DFFFFFF    16777216  Local  R/W    main:heap
 0x7E000000  0x7FFFFFFF    33554432  Iomem  R/W    iomem:(iomem_cwt)
 0x80000000  0x8DFFFFFF   234881024  Local  R/W    main:(main_k0)
 0xA0000000  0xADFFFFFF   234881024  Local  R/W    main:(main_k1)


Free Region Manager:

      Start         End     Size(b)  Class  Media  Name
 0x6958E680  0x7CFFFF5F   329717984  Local  R/W    heap



------------------ Mempool statistics ------------------


                Head    Total(b)     Used(b)     Free(b)   Lowest(b)  Largest(b)
Processor   6558E400   396826796    54111220   342715576   341701476   329717932
      I/O    E000000    33554432     5820900    27733532    27733532    27722588
Transient   7D000000    16777216      212024    16565192    16565192    16565160

-------------- Top 100 allocator pc summary -----------


Allocator PC Summary for: Processor
Displayed first 2048 Allocator PCs only

    PC          Total   Count  Name
0x6317567C    2249248     274  Process Stack
0x62827634    2182300     115  XOS_MEM_BASE
0x62BED270    1937628       2  RMON packet pool
0x62D5082C    1804788     983  *Packet Header*
0x62D50888    1331016     253  *Packet Data*
0x605DA3CC    1106016      12  event_trace_tbs
0x60C3A028    1040156       2  mfib_db
0x61E135B4    1036528    1108  *Init*
0x61E074C0    1006620      99  TW Buckets
0x61F7C7C4     880156       2  cef_interface
0x62022F18     880156       2  adjacency
0x60D4C214     880156       2  multicast topology
0x62D55330     738944      17  pak subblock chunk
0x60C6C150     640156       2  mfib_wire
0x62069200     640156       2  cef_ipv4
0x620E1158     640156       2  cef_ipv6
0x61BCD4AC     640156       2  event
0x60544020     595208      73  Init
0x60C3C660     560156       2  mfib_table
0x60C8856C     560156       2  mfib_ipv4
0x60C8C890     560156       2  mfib_ipv6
0x608D35A0     543276    5430  Init
0x6326723C     524340       1  L2X Hash Table
0x62D55FDC     514476     186  Normal
0x600625C4     480156       2  ARP
0x6281F048     467804      25  AToM LDP Adj Chunk
0x608D35C0     460956    5289  Init
0x61C77778     426344       5  Init
0x608D35B4     420268    5430  Init
0x61CCD4A8     408228       1  Init
0x60C2E458     400156       2  mfib_cable
0x60C50080     400156       2  mfib_events
0x61FD1E84     400156       2  oce_events
0x619187A8     384156       2  ppcp
0x61986290     384156       2  ppm
0x619EAB40     384156       2  ffmshim
0x634B8F40     376988       2  gdoi_exit
0x62B99768     341524    3169  IPC Global Info
0x62D60974     324660       1  Init
0x62D60988     324660       1  Init
0x62334658     312496    1059  PfR BR Appl Namelist: Column
0x61476584     291560       7  RRR_AUTOMESH hw subblock
0x63710374     269488      48  LSP_VIF radix trie
0x6371F6B4     262560       8  XC ST PW OAM Mgr DB
0x62B5B494     262352       4  IPC Message Hea
0x61CEE28C     262352       4  STP Port Control Block Chunk
0x61F73B4C     262248       2  CEF: hash table
0x605CFC24     262196       1  Init
0x606B8E58     250876      14  EIGRP: Packet descriptors
0x61DB7160     232156       2  tunnel
0x61E50E40     227392     272  Process
0x615C21F0     197376       6  DSensor 256
0x62E78258     196764       3  Init
0x604BFADC     188240       1  NET ACCT LISTS
0x604BFB00     188240       1  SYS ACCT LISTS
0x604BFB28     188240       1  VRRS ACCT LISTS
0x6047FEB4     184236       1  DOT1X ACC LISTS
0x6047FEDC     184236       1  EOU ACC LISTS
0x6047FF14     184236       1  PPP ACC LISTS
0x6047FF50     168220       1  NET AUTHOR LISTS
0x6047FF80     168220       1  SUBSCRIBER-PROFILE AUTHOR LISTS
0x6009750C     153268       1  Init
0x6368350C     152156       2  tp_ss_events
0x6296C234     149524    1947  Init
0x61CCDAEC     149328       9  NBAR Attr Chunk
0x6119A460     144052       1  MPLS Event log
0x635037B0     140156       2  cfd
0x60628334     136156       2  nvram
0x61E00F24     132736       8  uEvent Elements
0x62007DD4     132008       4  TAL: MTRIE n08
0x604D3528     131608       4  AAA Large Chunk
0x609F5828     131176       2  blt array
0x62D5CBF0     131124       1  *Init*
0x633B5EB0     131124       1  IP Lite hash buckets
0x6365D168     128156       2  flexvpn
0x608A9204     128052       1  Init
0x61F78494     128052       1  CEF: fibidb table
0x61F784B4     128052       1  CEF: fibhwidb table
0x61A447D4     128052       1  Init
0x61DCD64C     120624      12  RMI RO-RU Chunk
0x622E7EC8     112156       2  nhrp_error
0x63719B54     110064       5  RIB App Handlee Allocator
0x60539FC8     109968    1300  Parser Linkage
0x61DCD6F8     107540     538  Init
0x607D68B8     105156      23  EEM Server
0x607D68C8     105156      23  EEM Server
0x607D694C     105156      23  EEM Server
0x604D2A28      98356       1  AAA attr list handle IDs
0x6373DFD4      95752     278  *Init*
0x61E01890      94180      18  List Headers
0x608C2F64      93608     650  Init
0x61FCC8DC      92084       4  OCE reinject ha
0x6331607C      90692       3  BITLIST CHUNK
0x60906790      88156       2  fnf_mon
0x60DF5A58      87600       2  MVPN IDB up/down process queue events
0x62E781AC      85560      70  Init
0x608CAF60      84680     868  Init
0x61DF9D70      84076      29  keepalive
0x61336C0C      84052       1  Init
0x62D55F50      83512      30  Normal


Allocator PC Summary for: I/O

    PC          Total   Count  Name
0x62D56000    4752640      84  Normal
0x62D55F50     738944      10  Normal
0x62D50888     277408     234  *Packet Data*
0x62EFFA20      24960       6  FastEthernet1/0
0x62EFF994      12672       6  FastEthernet1/0
0x62C72598       4160       1  Init
0x62E51A54       4160       1  FastEthernet0/0
0x62E519C8       2112       1  FastEthernet0/0
0x62E519A4        256       1  FastEthernet0/0


Allocator PC Summary for: Transient

    PC          Total   Count  Name
0x60230C80     196764       3  BGP (2) update
0x61E4CDC0      15156       3  Watcher Info


------------------ show dmvpn detail ------------------

Legend: Attrb --> S - Static, D - Dynamic, I - Incomplete
	N - NATed, L - Local, X - No Socket
	# Ent --> Number of NHRP entries with same NBMA peer
	NHS Status: E --> Expecting Replies, R --> Responding, W --> Waiting
	UpDn Time --> Up or Down Time for a Tunnel
==========================================================================


------------------ show diag ------------------


Slot 0:
	Fast-ethernet on C7200 I/O card with MII or RJ45 Port adapter, 1 port
	Port adapter is analyzed 
	Port adapter insertion time 01:04:18 ago
	EEPROM contents at hardware discovery:
	Hardware revision 1.14        	Board revision A0
	Serial number     4294967295	Part number    73-2956-02
	FRU Part Number:  C7200-IO-FE-MII/RJ45=

	Test history      0x0         	RMA number     00-00-00
	EEPROM format version 1
	EEPROM contents (hex):
	  0x20: 01 83 01 0E FF FF FF FF 49 0B 8C 02 00 00 00 00
	  0x30: 50 00 00 00 98 12 28 00 00 FF FF FF FF FF FF FF

Slot 1:
	Dual Port FastEthernet (RJ45) Port adapter, 2 ports
	Port adapter is analyzed 
	Port adapter insertion time 01:04:17 ago
	EEPROM contents at hardware discovery:
	Controller Type          : 548
	Hardware Revision        : 1.0
	PCB Serial Number        : XXX00000000
	PCB Part Number          : 73-5420-04
	Board Revision           : A0
	RMA Test History         : 00
	RMA Number               : 0-0-0-0
	RMA History              : 00
	Deviation Number         : 0-0
	Product Identifier (PID) : PA-2FE-FX           
	Top Assy. Part Number    : 800-08352-04
	EEPROM format version 4
	EEPROM contents (hex):
	  0x00: 04 FF 40 02 24 41 01 00 C1 8B 58 58 58 30 30 30
	  0x10: 30 30 30 30 30 82 49 15 2C 04 42 41 30 03 00 81
	  0x20: 00 00 00 00 04 00 80 00 00 00 00 CB 94 50 41 2D
	  0x30: 32 46 45 2D 46 58 20 20 20 20 20 20 20 20 20 20
	  0x40: 20 C0 46 03 20 00 20 A0 04 FF FF FF FF FF FF FF
	  0x50: FF FF FF FF FF FF FF FF FF FF FF FF FF FF FF FF
	  0x60: FF FF FF FF FF FF FF FF FF FF FF FF FF FF FF FF
	  0x70: FF FF FF FF FF FF FF FF FF FF FF FF FF FF FF FF

Slot 2:
	Dual Port FastEthernet (RJ45) Port adapter, 2 ports
	Port adapter is analyzed 
	Port adapter insertion time 01:04:17 ago
	EEPROM contents at hardware discovery:
	Controller Type          : 548
	Hardware Revision        : 1.0
	PCB Serial Number        : XXX00000000
	PCB Part Number          : 73-5420-04
	Board Revision           : A0
	RMA Test History         : 00
	RMA Number               : 0-0-0-0
	RMA History              : 00
	Deviation Number         : 0-0
	Product Identifier (PID) : PA-2FE-FX           
	Top Assy. Part Number    : 800-08352-04
	EEPROM format version 4
	EEPROM contents (hex):
	  0x00: 04 FF 40 02 24 41 01 00 C1 8B 58 58 58 30 30 30
	  0x10: 30 30 30 30 30 82 49 15 2C 04 42 41 30 03 00 81
	  0x20: 00 00 00 00 04 00 80 00 00 00 00 CB 94 50 41 2D
	  0x30: 32 46 45 2D 46 58 20 20 20 20 20 20 20 20 20 20
	  0x40: 20 C0 46 03 20 00 20 A0 04 FF FF FF FF FF FF FF
	  0x50: FF FF FF FF FF FF FF FF FF FF FF FF FF FF FF FF
	  0x60: FF FF FF FF FF FF FF FF FF FF FF FF FF FF FF FF
	  0x70: FF FF FF FF FF FF FF FF FF FF FF FF FF FF FF FF

Slot 3:
	Dual Port FastEthernet (RJ45) Port adapter, 2 ports
	Port adapter is analyzed 
	Port adapter insertion time 01:04:17 ago
	EEPROM contents at hardware discovery:
	Controller Type          : 548
	Hardware Revision        : 1.0
	PCB Serial Number        : XXX00000000
	PCB Part Number          : 73-5420-04
	Board Revision           : A0
	RMA Test History         : 00
	RMA Number               : 0-0-0-0
	RMA History              : 00
	Deviation Number         : 0-0
	Product Identifier (PID) : PA-2FE-FX           
	Top Assy. Part Number    : 800-08352-04
	EEPROM format version 4
	EEPROM contents (hex):
	  0x00: 04 FF 40 02 24 41 01 00 C1 8B 58 58 58 30 30 30
	  0x10: 30 30 30 30 30 82 49 15 2C 04 42 41 30 03 00 81
	  0x20: 00 00 00 00 04 00 80 00 00 00 00 CB 94 50 41 2D
	  0x30: 32 46 45 2D 46 58 20 20 20 20 20 20 20 20 20 20
	  0x40: 20 C0 46 03 20 00 20 A0 04 FF FF FF FF FF FF FF
	  0x50: FF FF FF FF FF FF FF FF FF FF FF FF FF FF FF FF
	  0x60: FF FF FF FF FF FF FF FF FF FF FF FF FF FF FF FF
	  0x70: FF FF FF FF FF FF FF FF FF FF FF FF FF FF FF FF


------------------ show c7200 ------------------

Network IO Interrupt Throttling:
 throttle count=0, timer count=0
 active=0, configured=0
 netint usec=4000, netint mask usec=200

Midplane EEPROM:
	Hardware revision 2.1         	Board revision M0
	Serial number     4279256517	Part number    73-1539-03
	Test history      0x0         	RMA number     00-00-00
	MAC Pool Size     1024      	MAC Addr Base  ca02.0adc.0000
	Chassis Model     0x6         
	EEPROM format version 1
	EEPROM contents (hex):
	  0x00: 01 06 02 01 FF 10 45 C5 49 06 03 03 CA 02 0A DC
	  0x10: 00 00 04 00 00 00 00 00 4C 09 10 B0 FF FF 00 FF
	  0x20: 64 EC 00 00 65 7C 93 94 68 BD DA 58 65 7C 93 94
	  0x30: 67 4A 03 10 68 BD DA 58 00 00 00 00 64 EC 00 00

C7206VXR CPU EEPROM:
	Controller Type          : 504
	Hardware Revision        : 1.0
	Top Assy. Part Number    : 800-08136-02
	PCB Part Number          : 73-5308-02
	Board Revision           : B0
	PCB Serial Number        : 11111111
	RMA History              : 00
	Fab Version              : 02
	Fab Part Number          : 28-4086-02
	Product Identifier (PID) : NPE-400
	Deviation Number         : 0-0
	EEPROM format version 4
	EEPROM contents (hex):
	  0x00: 04 FF 40 01 F8 41 01 00 C0 46 03 20 00 1F C8 02
	  0x10: 82 49 14 BC 02 42 42 30 C1 8B 31 31 31 31 31 31
	  0x20: 31 31 00 00 00 04 00 02 02 85 1C 0F F6 02 CB 87
	  0x30: 4E 50 45 2D 34 30 30 80 00 00 00 00 FF FF FF FF
	  0x40: FF FF FF FF FF FF FF FF FF FF FF FF FF FF FF FF
	  0x50: FF FF FF FF FF FF FF FF FF FF FF FF FF FF FF FF
	  0x60: FF FF FF FF FF FF FF FF FF FF FF FF FF FF FF FF
	  0x70: FF FF FF FF FF FF FF FF FF FF FF FF FF FF FF FF

TLB entries (51/64 used):
Virt Address range      Phy Address range         Attributes
0x4B000000:0x4B1FFFFF   0x14B000000:0x14B1FFFFF   CacheMode=2, RW, Valid
0x4B200000:0x4B3FFFFF   0x14B200000:0x14B3FFFFF   CacheMode=2, RW, Valid
0x10000000:0x10001FFF   0x100000000:0x100001FFF   CacheMode=2, RW, Valid
0x40000000:0x41FFFFFF   0x040000000:0x041FFFFFF   CacheMode=2, RW, Valid
0x44000000:0x45FFFFFF   0x044000000:0x045FFFFFF   CacheMode=2, RW, Valid
0x3C000000:0x3C7FFFFF   0x048000000:0x0487FFFFF   CacheMode=2, RW, Valid
0x3C800000:0x3CFFFFFF   0x048800000:0x048FFFFFF   CacheMode=2, RW, Valid
0x3D000000:0x3D7FFFFF   0x04D000000:0x04D7FFFFF   CacheMode=2, RW, Valid
0x3D800000:0x3DFFFFFF   0x049000000:0x0497FFFFF   CacheMode=2, RW, Valid
0x3E000000:0x3E7FFFFF   0x04D800000:0x04DFFFFFF   CacheMode=2, RW, Invalid
0x3E800000:0x3EFFFFFF   0x049800000:0x049FFFFFF   CacheMode=2, RW, Invalid
0x3F000000:0x3F7FFFFF   0x04E000000:0x04E7FFFFF   CacheMode=2, RW, Invalid
0x1FC00000:0x1FC7FFFF   0x01FC00000:0x01FC7FFFF   CacheMode=2, RO, Valid
0x1E000000:0x1E1FFFFF   0x01E000000:0x01E1FFFFF   CacheMode=2, RW, Valid
0x1E800000:0x1E9FFFFF   0x01E800000:0x01E9FFFFF   CacheMode=2, RW, Valid
0xFE000000:0xFE07FFFF   0x0FE000000:0x0FE07FFFF   CacheMode=2, RW, Valid
0x60000000:0x61FFFFFF   0x000000000:0x001FFFFFF   CacheMode=3, RO, Valid
0x62000000:0x627FFFFF   0x002000000:0x0027FFFFF   CacheMode=3, RO, Valid
0x62800000:0x62FFFFFF   0x002800000:0x002FFFFFF   CacheMode=3, RO, Valid
0x63000000:0x637FFFFF   0x003000000:0x0037FFFFF   CacheMode=3, RO, Valid
0x63800000:0x6381FFFF   0x003800000:0x00381FFFF   CacheMode=3, RO, Valid
0x63820000:0x6383FFFF   0x003820000:0x00383FFFF   CacheMode=3, RO, Valid
0x63840000:0x6385FFFF   0x003840000:0x00385FFFF   CacheMode=3, RO, Valid
0x63860000:0x63861FFF   0x003860000:0x003861FFF   CacheMode=3, RO, Valid
0x63862000:0x63863FFF   0x003862000:0x003863FFF   CacheMode=3, RO, Valid
0x63864000:0x63865FFF   0x003864000:0x003865FFF   CacheMode=3, RW, Valid
0x63866000:0x63867FFF   0x003866000:0x003867FFF   CacheMode=3, RW, Valid
0x63868000:0x6386FFFF   0x003868000:0x00386FFFF   CacheMode=3, RW, Valid
0x63870000:0x63877FFF   0x003870000:0x003877FFF   CacheMode=3, RW, Valid
0x63878000:0x6387FFFF   0x003878000:0x00387FFFF   CacheMode=3, RW, Valid
0x63880000:0x638FFFFF   0x003880000:0x0038FFFFF   CacheMode=3, RW, Valid
0x63900000:0x6397FFFF   0x003900000:0x00397FFFF   CacheMode=3, RW, Valid
0x63980000:0x639FFFFF   0x003980000:0x0039FFFFF   CacheMode=3, RW, Valid
0x63A00000:0x63BFFFFF   0x003A00000:0x003BFFFFF   CacheMode=3, RW, Valid
0x63C00000:0x63DFFFFF   0x003C00000:0x003DFFFFF   CacheMode=3, RW, Valid
0x63E00000:0x63FFFFFF   0x003E00000:0x003FFFFFF   CacheMode=3, RW, Valid
0x64000000:0x65FFFFFF   0x004000000:0x005FFFFFF   CacheMode=3, RW, Valid
0x66000000:0x67FFFFFF   0x006000000:0x007FFFFFF   CacheMode=3, RW, Valid
0x68000000:0x69FFFFFF   0x008000000:0x009FFFFFF   CacheMode=3, RW, Valid
0x6A000000:0x6BFFFFFF   0x00A000000:0x00BFFFFFF   CacheMode=3, RW, Valid
0x6C000000:0x6DFFFFFF   0x00C000000:0x00DFFFFFF   CacheMode=3, RW, Valid
0x6E000000:0x6FFFFFFF   0x020000000:0x021FFFFFF   CacheMode=3, RW, Valid
0x70000000:0x71FFFFFF   0x022000000:0x023FFFFFF   CacheMode=3, RW, Valid
0x72000000:0x73FFFFFF   0x024000000:0x025FFFFFF   CacheMode=3, RW, Valid
0x74000000:0x75FFFFFF   0x026000000:0x027FFFFFF   CacheMode=3, RW, Valid
0x76000000:0x77FFFFFF   0x028000000:0x029FFFFFF   CacheMode=3, RW, Valid
0x78000000:0x79FFFFFF   0x02A000000:0x02BFFFFFF   CacheMode=3, RW, Valid
0x7A000000:0x7BFFFFFF   0x02C000000:0x02DFFFFFF   CacheMode=3, RW, Valid
0x7C000000:0x7DFFFFFF   0x02E000000:0x02FFFFFFF   CacheMode=3, RW, Valid
0x0E000000:0x0FFFFFFF   0x00E000000:0x00FFFFFFF   CacheMode=2, RW, Valid
0x7E000000:0x7FFFFFFF   0x00E000000:0x00FFFFFFF   CacheMode=0, RW, Valid

0 spurious cache errors detected.


System Controller Network Interrupts
 Wrapper is NOT installed

Registered Interrupts:
 Level Mask               Count      Data       Interrupt Handler


DEBUG:netmiko:read_channel: 
DEBUG:netmiko:read_channel: 
DEBUG:netmiko:read_channel: 
DEBUG:netmiko:read_channel: 
------------------ show pci hardware ------------------


GT64120 External PCI Configuration registers:
PCI_0:
 Vendor / Device ID   : 0xAB112046 (b/s 0x462011AB)
 Status / Command     : 0x00000000 (b/s 0x00000000)
 Class / Revision     : 0x05800003 (b/s 0x03008005)
 Latency              : 0x00000000 (b/s 0x00000000)
 RAS[1:0] Base        : 0x00000000 (b/s 0x00000000)
 RAS[3:2] Base        : 0x00000000 (b/s 0x00000000)
 CS[2:0] Base         : 0x00000000 (b/s 0x00000000)
 CS[3] Base           : 0x00000000 (b/s 0x00000000)
 Mem Map Base         : 0x00000000 (b/s 0x00000000)
 IO Map Base          : 0x00000000 (b/s 0x00000000)
 Subsystem Vendor / D : 0x00000000 (b/s 0x00000000)
 Int Pin / Line       : 0x00000000 (b/s 0x00000000)
 Swap RAS[1:0] Base   : 0x00000000 (b/s 0x00000000)
 Swap RAS[3:2] Base   : 0x00000000 (b/s 0x00000000)
 Swap CS[3] Base      : 0x00000000 (b/s 0x00000000)
PCI_1:
 Vendor / Device ID   : 0x00000000 (b/s 0x00000000)
 Status / Command     : 0x00000000 (b/s 0x00000000)
 Class / Revision     : 0x00000000 (b/s 0x00000000)
 Latency              : 0x00000000 (b/s 0x00000000)
 RAS[1:0] Base        : 0x00000000 (b/s 0x00000000)
 RAS[3:2] Base        : 0x00000000 (b/s 0x00000000)
 CS[2:0] Base         : 0x00000000 (b/s 0x00000000)
 CS[3] Base           : 0x00000000 (b/s 0x00000000)
 Mem Map Base         : 0x00000000 (b/s 0x00000000)
 IO Map Base          : 0x00000000 (b/s 0x00000000)
 Subsystem Vendor / D : 0x00000000 (b/s 0x00000000)
 Int Pin / Line       : 0x00000000 (b/s 0x00000000)
 Swap RAS[1:0] Base   : 0x00000000 (b/s 0x00000000)
 Swap RAS[3:2] Base   : 0x00000000 (b/s 0x00000000)
 Swap CS[3] Base      : 0x00000000 (b/s 0x00000000)

Bridge 0, for PA Bay 0 (I/O Card, PCMCIA, Interfaces), Handle=0
DEC21050 bridge chip, config=0x0
(0x00):dev, vendor id       = 0x00011011
(0x04):status, command      = 0x00000000
(0x08):class code, revid    = 0x06040000
(0x0C):hdr, lat timer, cls  = 0x00000000
(0x18):sec lat,cls & bus no = 0x18020100
(0x1C):sec status, io base  = 0x00000000
(0x20):mem base & limit     = 0x00000000
(0x24):prefetch membase/lim = 0x00000000
(0x3C):bridge ctrl          = 0x00000000
(0x40):arb/serr, chip ctrl  = 0x00000000
(0x44):pri/sec trgt wait t. = 0x00000000
(0x48):sec write attmp ctr  = 0x00000000
(0x4C):pri write attmp ctr  = 0x00000000

CLPD6729 registers:
 (0x00) Chip Revision = 0x48
 (0x1E) Misc Control 2 = 0x08
 (0x1F) Chip Information = 0x00

 Socket 0:
  (0x01) Interface Status = 0xEF
  (0x02) Power Control = 0x90
  (0x03) Interrupt and General Control = 0x40
  (0x04) Card Status Change = 0x00
  (0x05) Management Interrupt Configuration = 0x38
  (0x06) Mapping Enable = 0x11
  (0x07) I/O Window Control = 0x00
  (0x08) System I/O Map 0 Start Address Low = 0x00
  (0x09) System I/O Map 0 Start Address High = 0x00
  (0x0A) System I/O Map 0 End Address Low = 0x00
  (0x0B) System I/O Map 0 End Address High = 0x00
  (0x0C) System I/O Map 1 Start Address Low = 0x00
  (0x0D) System I/O Map 1 Start Address High = 0x00
  (0x0E) System I/O Map 1 End Address Low = 0x00
  (0x0F) System I/O Map 1 End Address High = 0x00
  (0x10) System Memory Map 0 Start Address Low = 0x00
  (0x11) System Memory Map 0 Start Address High = 0x81
  (0x12) System Memory Map 0 End Address Low = 0xFF
  (0x13) System Memory Map 0 End Address High = 0x04
  (0x05 EXT) System Memory Map 0 Upper Address = 0x40
  (0x14) Card Memory Map 0 Offset Address Low = 0x00
  (0x15) Card Memory Map 0 Offset Address High = 0x3F
  (0x16) Misc Control 1 = 0x00
  (0x26) ATA Control = 0x00
  (0x17) FIFO Control = 0x80
  (0x18) System Memory Map 1 Start Address Low = 0x00
  (0x19) System Memory Map 1 Start Address High = 0x00
  (0x1A) System Memory Map 1 End Address Low = 0x00
  (0x1B) System Memory Map 1 End Address High = 0x00
  (0x06 EXT) System Memory Map 1 Upper Address = 0x40
  (0x1C) Card Memory Map 1 Offset Address Low = 0x00
  (0x1D) Card Memory Map 1 Offset Address High = 0x00
  (0x20) System Memory Map 2 Start Address Low = 0x00
  (0x21) System Memory Map 2 Start Address High = 0x00
  (0x22) System Memory Map 2 End Address Low = 0x00
  (0x23) System Memory Map 2 End Address High = 0x00
  (0x07 EXT) System Memory Map 2 Upper Address = 0x40
  (0x24) Card Memory Map 2 Offset Address Low = 0x00
  (0x25) Card Memory Map 2 Offset Address High = 0x00
  (0x26) ATA Control = 0x00
  (0x28) System Memory Map 3 Start Address Low = 0x00
  (0x29) System Memory Map 3 Start Address High = 0x00
  (0x2A) System Memory Map 3 End Address Low = 0x00
  (0x2B) System Memory Map 3 End Address High = 0x00
  (0x08 EXT) System Memory Map 3 Upper Address = 0x40
  (0x2C) Card Memory Map 3 Offset Address Low = 0x00
  (0x2D) Card Memory Map 3 Offset Address High = 0x00
  (0x30) System Memory Map 4 Start Address Low = 0x00
  (0x31) System Memory Map 4 Start Address High = 0x80
  (0x32) System Memory Map 4 End Address Low = 0xFF
  (0x33) System Memory Map 4 End Address High = 0x00
  (0x09 EXT) System Memory Map 4 Upper Address = 0x40
  (0x34) Card Memory Map 4 Offset Address Low = 0x00
  (0x35) Card Memory Map 4 Offset Address High = 0x40
  (0x36) Card I/O Map 0 Offset Address Low = 0x00
  (0x37) Card I/O Map 0 Offset Address High = 0x00
  (0x38) Card I/O Map 1 Offset Address Low = 0x00
  (0x39) Card I/O Map 1 Offset Address High = 0x00
  (0x3A) Setup Timing 0 = 0x04
  (0x3B) Command Timing 0 = 0x0A
  (0x3C) Recovery Timing 0 = 0x04
  (0x3D) Setup Timing 1 = 0x20
  (0x3E) Command Timing 1 = 0x48
  (0x3F) Recovery Timing 1 = 0x20
  (0x03 EXT) Extension Control 1 = 0x40
  (0x0B EXT) Extension Control 2 = 0x40

 Socket 1:
  (0x41) Interface Status = 0x80
  (0x42) Power Control = 0x90
  (0x43) Interrupt and General Control = 0x40
  (0x44) Card Status Change = 0x00
  (0x45) Management Interrupt Configuration = 0x38
  (0x46) Mapping Enable = 0x11
  (0x47) I/O Window Control = 0x00
  (0x48) System I/O Map 0 Start Address Low = 0x00
  (0x49) System I/O Map 0 Start Address High = 0x00
  (0x4A) System I/O Map 0 End Address Low = 0x00
  (0x4B) System I/O Map 0 End Address High = 0x00
  (0x4C) System I/O Map 1 Start Address Low = 0x00
  (0x4D) System I/O Map 1 Start Address High = 0x00
  (0x4E) System I/O Map 1 End Address Low = 0x00
  (0x4F) System I/O Map 1 End Address High = 0x00
  (0x50) System Memory Map 0 Start Address Low = 0x00
  (0x51) System Memory Map 0 Start Address High = 0x81
  (0x52) System Memory Map 0 End Address Low = 0xFF
  (0x53) System Memory Map 0 End Address High = 0x04
  (0x05 EXT) System Memory Map 0 Upper Address = 0x44
  (0x54) Card Memory Map 0 Offset Address Low = 0x00
  (0x55) Card Memory Map 0 Offset Address High = 0x3F
  (0x56) Misc Control 1 = 0x00
  (0x66) ATA Control = 0x00
  (0x57) FIFO Control = 0x80
  (0x58) System Memory Map 1 Start Address Low = 0x00
  (0x59) System Memory Map 1 Start Address High = 0x00
  (0x5A) System Memory Map 1 End Address Low = 0x00
  (0x5B) System Memory Map 1 End Address High = 0x00
  (0x06 EXT) System Memory Map 1 Upper Address = 0x44
  (0x5C) Card Memory Map 1 Offset Address Low = 0x00
  (0x5D) Card Memory Map 1 Offset Address High = 0x00
  (0x60) System Memory Map 2 Start Address Low = 0x00
  (0x61) System Memory Map 2 Start Address High = 0x00
  (0x62) System Memory Map 2 End Address Low = 0x00
  (0x63) System Memory Map 2 End Address High = 0x00
  (0x07 EXT) System Memory Map 2 Upper Address = 0x44
  (0x64) Card Memory Map 2 Offset Address Low = 0x00
  (0x65) Card Memory Map 2 Offset Address High = 0x00
  (0x66) ATA Control = 0x00
  (0x68) System Memory Map 3 Start Address Low = 0x00
  (0x69) System Memory Map 3 Start Address High = 0x00
  (0x6A) System Memory Map 3 End Address Low = 0x00
  (0x6B) System Memory Map 3 End Address High = 0x00
  (0x08 EXT) System Memory Map 3 Upper Address = 0x44
  (0x6C) Card Memory Map 3 Offset Address Low = 0x00
  (0x6D) Card Memory Map 3 Offset Address High = 0x00
  (0x70) System Memory Map 4 Start Address Low = 0x00
  (0x71) System Memory Map 4 Start Address High = 0x80
  (0x72) System Memory Map 4 End Address Low = 0xFF
  (0x73) System Memory Map 4 End Address High = 0x00
  (0x09 EXT) System Memory Map 4 Upper Address = 0x44
  (0x74) Card Memory Map 4 Offset Address Low = 0x00
  (0x75) Card Memory Map 4 Offset Address High = 0x40
  (0x76) Card I/O Map 0 Offset Address Low = 0x00
  (0x77) Card I/O Map 0 Offset Address High = 0x00
  (0x78) Card I/O Map 1 Offset Address Low = 0x00
  (0x79) Card I/O Map 1 Offset Address High = 0x00
  (0x7A) Setup Timing 0 = 0x04
  (0x7B) Command Timing 0 = 0x0A
  (0x7C) Recovery Timing 0 = 0x04
  (0x7D) Setup Timing 1 = 0x20
  (0x7E) Command Timing 1 = 0x48
  (0x7F) Recovery Timing 1 = 0x20
  (0x03 EXT) Extension Control 1 = 0x44
  (0x0B EXT) Extension Control 2 = 0x44


------------------ show pci controller ------------------


GT64120 Channel 0 DMA (Packet coalescing DMA engine):
 dma_list=0x667F3F4C, dma_ring=0xE187040, dma_entries=256
 dma_free=0x667F4D0C, dma_reqt=0x667F4D0C, dma_done=0x667F4D0C
 thread=0x667F4CF8, thread_end=0x667F4CF8
 backup_thread=0x0, backup_thread_end=0x0
 dma_working=0, dma_stalls=0, dma_stall_loop=0
 dma_complete=1417, post_coalesce_frames=1417
 exhausted_dma_entries=0, post_dma_callback=1407

GT64120 Rev level     : 5
GT64120 Register Dump : Registers at 0xB4000000
CPU Interface :
 cpu_interface_conf   : 0x00000000 (b/s 0x00000000)
 multi_gt             : 0x00000000 (b/s 0x00000000)
Processor Address Space :
 ras10_low            : 0x00000000 (b/s 0x00000000)
 ras10_high           : 0x7F000000 (b/s 0x0000007F)
 ras32_low            : 0x00010000 (b/s 0x00000100)
 ras32_high           : 0x7F000000 (b/s 0x0000007F)
 cs20_low             : 0x00000000 (b/s 0x00000000)
 cs20_high            : 0x00000000 (b/s 0x00000000)
 cs3_boot_low         : 0x00000000 (b/s 0x00000000)
 cs3_boot_high        : 0x00000000 (b/s 0x00000000)
 pci_io_low           : 0x00000000 (b/s 0x00000000)
 pci_io_high          : 0x00000000 (b/s 0x00000000)
 pci_mem_low          : 0x00000000 (b/s 0x00000000)
 pci_mem_high         : 0x00000000 (b/s 0x00000000)
 pci_mem1_low         : 0x00000000 (b/s 0x00000000)
 pci_mem1_high        : 0x00000000 (b/s 0x00000000)
 pci1_io_low          : 0x00000000 (b/s 0x00000000)
 pci1_io_high         : 0x00000000 (b/s 0x00000000)
 pci1_mem0_low        : 0x00000000 (b/s 0x00000000)
 pci1_mem0_high       : 0x00000000 (b/s 0x00000000)
 pci1_mem1_low        : 0x00000000 (b/s 0x00000000)
 pci1_mem1_high       : 0x00000000 (b/s 0x00000000)
 internal_spc_decode  : 0x00000000 (b/s 0x00000000)
 bus_err_low          : 0x00000000 (b/s 0x00000000)
 bus_err_high         : 0x00000000 (b/s 0x00000000)
 pci0_sync_barrier    : 0x00000000 (b/s 0x00000000)
 pci1_sync_barrier    : 0x00000000 (b/s 0x00000000)
 ras10_addr_remap     : 0x00000000 (b/s 0x00000000)
 ras32_addr_remap     : 0x00000000 (b/s 0x00000000)
 cs20_remap           : 0x00000000 (b/s 0x00000000)
 cs3_boot_remap       : 0x00000000 (b/s 0x00000000)
 pci0_io_remap        : 0x00000000 (b/s 0x00000000)
 pci0_mem0_remap      : 0x00000000 (b/s 0x00000000)
 pci0_mem1_remap      : 0x00000000 (b/s 0x00000000)
 pci1_io_remap        : 0x00000000 (b/s 0x00000000)
 pci1_mem0_remap      : 0x00000000 (b/s 0x00000000)
 pci1_mem1_remap      : 0x00000000 (b/s 0x00000000)
SDRAM/Device Address Space :
 ras0_low             : 0x00000000 (b/s 0x00000000)
 ras0_high            : 0xFF000000 (b/s 0x000000FF)
 ras1_low             : 0x7F000000 (b/s 0x0000007F)
 ras1_high            : 0x00000000 (b/s 0x00000000)
 ras2_low             : 0x00000000 (b/s 0x00000000)
 ras2_high            : 0xFF000000 (b/s 0x000000FF)
 ras3_low             : 0x7F000000 (b/s 0x0000007F)
 ras3_high            : 0x00000000 (b/s 0x00000000)
 cs0_low              : 0x00000000 (b/s 0x00000000)
 cs0_high             : 0x00000000 (b/s 0x00000000)
 cs1_low              : 0x00000000 (b/s 0x00000000)
 cs1_high             : 0x00000000 (b/s 0x00000000)
 cs2_low              : 0x00000000 (b/s 0x00000000)
 cs2_high             : 0x00000000 (b/s 0x00000000)
 cs3_low              : 0x00000000 (b/s 0x00000000)
 cs3_high             : 0x00000000 (b/s 0x00000000)
 boot_cs_low          : 0x00000000 (b/s 0x00000000)
 boot_cs_high         : 0x00000000 (b/s 0x00000000)
 addr_decode_err      : 0x00000000 (b/s 0x00000000)
 addr_decode          : 0x00000000 (b/s 0x00000000)
 dram_config          : 0x00000000 (b/s 0x00000000)
 dram_bank0_param     : 0x00000000 (b/s 0x00000000)
 dram_bank1_param     : 0x00000000 (b/s 0x00000000)
 dram_bank2_param     : 0x00000000 (b/s 0x00000000)
 dram_bank3_param     : 0x00000000 (b/s 0x00000000)
 dram_oper_mode       : 0x00000000 (b/s 0x00000000)
Device Parameters :
 device_bank0_param   : 0x00000000 (b/s 0x00000000)
 device_bank1_param   : 0x00000000 (b/s 0x00000000)
 device_bank2_param   : 0x00000000 (b/s 0x00000000)
 device_bank3_param   : 0x00000000 (b/s 0x00000000)
 boot_bank_param      : 0x00000000 (b/s 0x00000000)
DMA Channels :
 ch0_dma_count        : 0x00000000 (b/s 0x00000000)
 ch1_dma_count        : 0x00000000 (b/s 0x00000000)
 ch2_dma_count        : 0x00000000 (b/s 0x00000000)
 ch3_dma_count        : 0x00000000 (b/s 0x00000000)
 ch0_dma_src          : 0x006A450E (b/s 0x0E456A00)
 ch1_dma_src          : 0x00000000 (b/s 0x00000000)
 ch2_dma_src          : 0x00000000 (b/s 0x00000000)
 ch3_dma_src          : 0x00000000 (b/s 0x00000000)
 ch0_dma_dst          : 0x4A89560E (b/s 0x0E56894A)
 ch1_dma_dst          : 0x00000000 (b/s 0x00000000)
 ch2_dma_dst          : 0x00000000 (b/s 0x00000000)
 ch3_dma_dst          : 0x00000000 (b/s 0x00000000)
 ch0_next_ptr         : 0x00000000 (b/s 0x00000000)
 ch1_next_ptr         : 0x00000000 (b/s 0x00000000)
 ch2_next_ptr         : 0x00000000 (b/s 0x00000000)
 ch3_next_ptr         : 0x00000000 (b/s 0x00000000)
 ch0_current_ptr      : 0x00000000 (b/s 0x00000000)
 ch1_current_ptr      : 0x00000000 (b/s 0x00000000)
 ch2_current_ptr      : 0x00000000 (b/s 0x00000000)
 ch3_current_ptr      : 0x00000000 (b/s 0x00000000)
 ch0_ctrl             : 0xC01C0000 (b/s 0x00001CC0)
 ch1_ctrl             : 0x00000000 (b/s 0x00000000)
 ch2_ctrl             : 0x00000000 (b/s 0x00000000)
 ch3_ctrl             : 0x00000000 (b/s 0x00000000)
 arbiter_ctrl         : 0x00000000 (b/s 0x00000000)
Timer/Counters :
 ct0                  : 0x00000000 (b/s 0x00000000)
 ct1                  : 0x00000000 (b/s 0x00000000)
 ct2                  : 0x00000000 (b/s 0x00000000)
 ct3                  : 0x00000000 (b/s 0x00000000)
 counter_ctrl         : 0x00000000 (b/s 0x00000000)
PCI Internal Registers :
 pci_cmd              : 0x01800000 (b/s 0x00008001)
 pci1_cmd             : 0x00000000 (b/s 0x00000000)
 pci_timeout          : 0x00000000 (b/s 0x00000000)
 pci1_timeout         : 0x00000000 (b/s 0x00000000)
 pci_ras10_size       : 0xFF0F0000 (b/s 0x00000FFF)
 pci1_ras10_size      : 0x00000000 (b/s 0x00000000)
 pci_ras32_size       : 0xFF0F0000 (b/s 0x00000FFF)
 pci1_ras32_size      : 0x00000000 (b/s 0x00000000)
 pci_cs20_size        : 0x00000000 (b/s 0x00000000)
 pci1_cs20_size       : 0x00000000 (b/s 0x00000000)
 pci_cs3_boot_size    : 0x00000000 (b/s 0x00000000)
 pci1_cs3_boot_size   : 0x00000000 (b/s 0x00000000)
 pci0_prefetch_burst_ : 0x00000000 (b/s 0x00000000)
 pci1_prefetch_burst_ : 0x00000000 (b/s 0x00000000)
 pci0_ras10_remap     : 0x00000000 (b/s 0x00000000)
 pci1_ras10_remap     : 0x00000000 (b/s 0x00000000)
 pci0_ras32_remap     : 0x00000000 (b/s 0x00000000)
 pci1_ras32_remap     : 0x00000000 (b/s 0x00000000)
 pci0_cs20_remap      : 0x00000000 (b/s 0x00000000)
 pci1_cs20_remap      : 0x00000000 (b/s 0x00000000)
 pci0_cs3_boot_remap  : 0x00000000 (b/s 0x00000000)
 pci1_cs3_boot_remap  : 0x00000000 (b/s 0x00000000)
 pci0_swapped_ras10_r : 0x00000000 (b/s 0x00000000)
 pci1_swapped_ras10_r : 0x00000000 (b/s 0x00000000)
 pci0_swapped_ras32_r : 0x00000000 (b/s 0x00000000)
 pci1_swapped_ras32_r : 0x00000000 (b/s 0x00000000)
 pci0_swapped_cs3_boo : 0x00000000 (b/s 0x00000000)
 pci1_swapped_cs3_boo : 0x00000000 (b/s 0x00000000)
 pci0_base_addr_regs_ : 0x00000000 (b/s 0x00000000)
Interrupt Control :
 pci_int_cause        : 0x00000000 (b/s 0x00000000)
 pci_high_int_cause   : 0x00000000 (b/s 0x00000000)
 pci_cpu_mask         : 0xF00F0000 (b/s 0x00000FF0)
 pci_high_cpu_mask    : 0x00000000 (b/s 0x00000000)
 pci_pci_mask         : 0x00000000 (b/s 0x00000000)
 pci0_high_pci_mask   : 0x00000000 (b/s 0x00000000)
 pci1_int_cause_mask  : 0x00000000 (b/s 0x00000000)
 pci1_high_int_cause_ : 0x00000000 (b/s 0x00000000)
 pci_serr_mask        : 0x00000000 (b/s 0x00000000)
 pci1_serr_mask       : 0x00000000 (b/s 0x00000000)
 pci0_int_select      : 0x00000000 (b/s 0x00000000)
 pci1_int_select      : 0x00000000 (b/s 0x00000000)
 cpu_int_select       : 0x00000000 (b/s 0x00000000)


------------------ show sysctlr ------------------



------------------ show buffers ------------------


Buffer elements:
     1108 in free list 
     20707 hits, 0 misses, 617 created

Public buffer pools:
Small buffers, 104 bytes (total 71, permanent 50, peak 71 @ 01:04:08):
     71 in free list (20 min, 150 max allowed)
     5209 hits, 7 misses, 0 trims, 21 created
     0 failures (0 no memory)
Middle buffers, 600 bytes (total 97, permanent 25, peak 97 @ 00:35:16):
     95 in free list (10 min, 150 max allowed)
     6916 hits, 24 misses, 0 trims, 72 created
     0 failures (0 no memory)
Big buffers, 1536 bytes (total 51, permanent 50, peak 51 @ 01:04:16):
     51 in free list (5 min, 150 max allowed)
     1380 hits, 0 misses, 0 trims, 1 created
     0 failures (0 no memory)
VeryBig buffers, 4520 bytes (total 11, permanent 10, peak 11 @ 01:04:16):
     11 in free list (0 min, 100 max allowed)
     0 hits, 0 misses, 0 trims, 1 created
     0 failures (0 no memory)
Large buffers, 5024 bytes (total 1, permanent 0, peak 1 @ 01:04:22):
     1 in free list (0 min, 10 max allowed)
     0 hits, 0 misses, 0 trims, 1 created
     0 failures (0 no memory)
Huge buffers, 18024 bytes (total 1, permanent 0, peak 1 @ 01:04:22):
     1 in free list (0 min, 4 max allowed)
     0 hits, 0 misses, 0 trims, 1 created
     0 failures (0 no memory)

Interface buffer pools:
Generic ED Pool buffers, 512 bytes (total 101, permanent 100, peak 101 @ 01:04:12):
     101 in free list (100 min, 100 max allowed)
     5 hits, 0 misses
Syslog ED Pool buffers, 600 bytes (total 133, permanent 132, peak 133 @ 01:04:12):
     101 in free list (132 min, 132 max allowed)
     120 hits, 0 misses
IPC buffers, 4096 bytes (total 2, permanent 2):
     1 in free list (1 min, 8 max allowed)
     1 hits, 0 fallbacks, 0 trims, 0 created
     0 failures (0 no memory)
IPC Medium buffers, 16384 bytes (total 2, permanent 2):
     2 in free list (1 min, 8 max allowed)
     0 hits, 0 fallbacks, 0 trims, 0 created
     0 failures (0 no memory)
IPC Large buffers, 65535 bytes (total 17, permanent 16, peak 17 @ 01:04:21):
     17 in free list (16 min, 16 max allowed)
     0 hits, 0 misses, 64 trims, 65 created
     0 failures (0 no memory)

Header pools:
Header buffers, 0 bytes (total 512, permanent 256, peak 512 @ 01:04:20):
     256 in free list (256 min, 1024 max allowed)
     171 hits, 85 misses, 0 trims, 256 created
     0 failures (0 no memory)
     256 max cache size, 256 in cache
     0 hits in cache, 0 misses in cache

Particle Clones:
     1024 clones, 0 hits, 0 misses

Public particle pools:
F/S buffers, 128 bytes (total 512, permanent 512):
     0 in free list (0 min, 512 max allowed)
     512 hits, 0 misses, 0 trims, 0 created
     0 failures (0 no memory)
     512 max cache size, 512 in cache
     0 hits in cache, 0 misses in cache
Normal buffers, 512 bytes (total 2048, permanent 2048):
     2048 in free list (1024 min, 4096 max allowed)
     0 hits, 0 misses, 0 trims, 0 created
     0 failures (0 no memory)

Private particle pools:
HQF Particle buffers, 0 bytes (total 2000, permanent 2000):
     2000 in free list (500 min, 2000 max allowed)
     0 hits, 0 misses, 0 trims, 0 created
     0 failures (0 no memory)
FastEthernet0/0 buffers, 512 bytes (total 400, permanent 400):
     0 in free list (0 min, 400 max allowed)
     400 hits, 0 fallbacks
     400 max cache size, 271 in cache
     500 hits in cache, 0 misses in cache
     14 buffer threshold, 0 threshold transitions
FastEthernet1/0 buffers, 768 bytes (total 529, permanent 400):
     129 in free list (128 min, 1200 max allowed)
     357 hits, 43 misses, 0 trims, 129 created
     0 failures (0 no memory)
     400 max cache size, 272 in cache
     226 hits in cache, 0 misses in cache
     14 buffer threshold, 0 threshold transitions
FastEthernet1/1 buffers, 768 bytes (total 529, permanent 400):
     129 in free list (128 min, 1200 max allowed)
     357 hits, 43 misses, 0 trims, 129 created
     0 failures (0 no memory)
     400 max cache size, 272 in cache
     128 hits in cache, 0 misses in cache
     14 buffer threshold, 0 threshold transitions
FastEthernet2/0 buffers, 768 bytes (total 529, permanent 400):
     129 in free list (128 min, 1200 max allowed)
     357 hits, 43 misses, 0 trims, 129 created
     0 failures (0 no memory)
     400 max cache size, 272 in cache
     128 hits in cache, 0 misses in cache
     14 buffer threshold, 0 threshold transitions
FastEthernet2/1 buffers, 768 bytes (total 529, permanent 400):
     129 in free list (128 min, 1200 max allowed)
     357 hits, 43 misses, 0 trims, 129 created
     0 failures (0 no memory)
     400 max cache size, 272 in cache
     128 hits in cache, 0 misses in cache
     14 buffer threshold, 0 threshold transitions
FastEthernet3/0 buffers, 768 bytes (total 529, permanent 400):
     129 in free list (128 min, 1200 max allowed)
     357 hits, 43 misses, 0 trims, 129 created
     0 failures (0 no memory)
     400 max cache size, 272 in cache
     4143 hits in cache, 0 misses in cache
     14 buffer threshold, 0 threshold transitions
FastEthernet3/1 buffers, 768 bytes (total 529, permanent 400):
     129 in free list (128 min, 1200 max allowed)
     357 hits, 43 misses, 0 trims, 129 created
     0 failures (0 no memory)
     400 max cache size, 272 in cache
     128 hits in cache, 0 misses in cache
     14 buffer threshold, 0 threshold transitions



------------------ show buffers usage ------------------


Statistics for the Small pool
Output IDB   :      Fa0/0 count:        1
Caller pc    : 0x6215DEBC count:        1
Resource User: Net Backgr count:        1
Number of Buffers used by packets generated by system:   71
Number of Buffers used by incoming packets:               0

Statistics for the Middle pool
Output IDB   :      Fa3/0 count:       10
Caller pc    : 0x60F30C28 count:       10
Resource User: SSH Proces count:       10
Caller pc    : 0x62CC2180 count:        1
Resource User:   IP Input count:        1
Number of Buffers used by packets generated by system:   96
Number of Buffers used by incoming packets:               1

Statistics for the Big pool
Number of Buffers used by packets generated by system:   51
Number of Buffers used by incoming packets:               0

Statistics for the VeryBig pool
Number of Buffers used by packets generated by system:   11
Number of Buffers used by incoming packets:               0

Statistics for the Large pool
Number of Buffers used by packets generated by system:    1
Number of Buffers used by incoming packets:               0

Statistics for the Huge pool
Number of Buffers used by packets generated by system:    1
Number of Buffers used by incoming packets:               0

Statistics for the Generic ED Pool pool
Number of Buffers used by packets generated by system:  101
Number of Buffers used by incoming packets:               0

Statistics for the Syslog ED Pool pool
Caller pc    : 0x60869E4C count:       32
Resource User: EEM ED Sys count:       32
Number of Buffers used by packets generated by system:  133
Number of Buffers used by incoming packets:               0

Statistics for the IPC pool
Caller pc    : 0x62B99048 count:        1
Resource User:       Init count:        1
Number of Buffers used by packets generated by system:    2
Number of Buffers used by incoming packets:               0

Statistics for the IPC Medium pool
Number of Buffers used by packets generated by system:    2
Number of Buffers used by incoming packets:               0

Statistics for the IPC Large pool
Number of Buffers used by packets generated by system:   17
Number of Buffers used by incoming packets:               0

Statistics for the Header pool
Number of Buffers used by packets generated by system:  512
Number of Buffers used by incoming packets:               0

Statistics for the FS Header pool
Caller pc    : 0x62E4D3C0 count:        1
Resource User:       Init count:       22
Caller pc    : 0x62EFFE98 count:        6
Caller pc    : 0x63270364 count:        1
Caller pc    : 0x60982398 count:        1
Caller pc    : 0x63337A38 count:        1
Caller pc    : 0x633380B4 count:        1
Caller pc    : 0x620CE954 count:        8
Caller pc    : 0x62B0570C count:        1
Caller pc    : 0x61231678 count:        1
Caller pc    : 0x63337A78 count:        1
Number of Buffers used by packets generated by system:   38
Number of Buffers used by incoming packets:               0

Statistics for the l2frag pak pool pool
Number of Buffers used by packets generated by system:    0
Number of Buffers used by incoming packets:               0

Statistics for the SW Crypto Header pool
Caller pc    : 0x629FCC8C count:        1
Resource User:       Init count:        1
Number of Buffers used by packets generated by system:    2
Number of Buffers used by incoming packets:               0

Statistics for the Crypto Fragmentation Header pool
Caller pc    : 0x63672E1C count:        1
Resource User:       Init count:        1
Number of Buffers used by packets generated by system:    2
Number of Buffers used by incoming packets:               0



CR-R2#
DEBUG:netmiko:read_channel: 
DEBUG:netmiko:write_channel: b'exit\n'
DEBUG:paramiko.transport:EOF in transport thread
DEBUG:netmiko:read_channel: 
DEBUG:netmiko:write_channel: b'\n'
DEBUG:netmiko:read_channel: 
DEBUG:netmiko:read_channel: 
DEBUG:netmiko:read_channel: 
DEBUG:netmiko:read_channel: 
CR-R2#
DEBUG:netmiko:read_channel: 
DEBUG:netmiko:write_channel: b'exit\n'
DEBUG:paramiko.transport:EOF in transport thread
DEBUG:netmiko:read_channel: 
DEBUG:netmiko:read_channel: 
DEBUG:netmiko:read_channel: 
DEBUG:netmiko:read_channel: 
DEBUG:netmiko:[find_prompt()]: prompt is CR-R2#
DEBUG:netmiko:write_channel: b'\n'
DEBUG:netmiko:read_channel: 
CR-R2#
DEBUG:netmiko:read_channel: 
------------------ show region ------------------


Region Manager:

      Start         End     Size(b)  Class  Media  Name
 0x0E000000  0x0FFFFFFF    33554432  Iomem  R/W    iomem
 0x60000000  0x7DFFFFFF   503316480  Local  R/W    main
 0x60008EB0  0x6386285F    59087280  IText  R/O    main:text
 0x63864000  0x64EB8C1F    23415840  IData  R/W    main:data
 0x64EB8C20  0x6558E3FF     7165920  IBss   R/W    main:bss
 0x6558E400  0x6658E3FF    16777216  Local  R/W    main:heap
 0x6658E4A0  0x6758E49F    16777216  Local  R/W    main:heap
 0x6758E540  0x6858E53F    16777216  Local  R/W    main:heap
 0x6858E5E0  0x6958E5DF    16777216  Local  R/W    main:heap
 0x7D000000  0x7DFFFFFF    16777216  Local  R/W    main:heap
 0x7E000000  0x7FFFFFFF    33554432  Iomem  R/W    iomem:(iomem_cwt)
 0x80000000  0x8DFFFFFF   234881024  Local  R/W    main:(main_k0)
 0xA0000000  0xADFFFFFF   234881024  Local  R/W    main:(main_k1)


Free Region Manager:

      Start         End     Size(b)  Class  Media  Name
 0x6958E680  0x7CFFFF5F   329717984  Local  R/W    heap



------------------ Mempool statistics ------------------


                Head    Total(b)     Used(b)     Free(b)   Lowest(b)  Largest(b)
Processor   6558E400   396826796    54088820   342737976   341691220   329717932
      I/O    E000000    33554432     5806756    27747676    27739684    27730076
Transient   7D000000    16777216      212024    16565192    16565192    16565160

-------------- Top 100 allocator pc summary -----------


Allocator PC Summary for: Processor
Displayed first 2048 Allocator PCs only

    PC          Total   Count  Name
0x6317567C    2249248     274  Process Stack
0x62827634    2182240     115  XOS_MEM_BASE
0x62BED270    1937628       2  RMON packet pool
0x62D5082C    1773576     966  *Packet Header*
0x62D50888    1331016     253  *Packet Data*
0x605DA3CC    1106016      12  event_trace_tbs
0x60C3A028    1040156       2  mfib_db
0x61E135B4    1036460    1108  *Init*
0x61E074C0    1006620      99  TW Buckets
0x61F7C7C4     880156       2  cef_interface
0x62022F18     880156       2  adjacency
0x60D4C214     880156       2  multicast topology
0x62D55330     738944      17  pak subblock chunk
0x60C6C150     640156       2  mfib_wire
0x62069200     640156       2  cef_ipv4
0x620E1158     640156       2  cef_ipv6
0x61BCD4AC     640156       2  event
0x60544020     595208      73  Init
0x60C3C660     560156       2  mfib_table
0x60C8856C     560156       2  mfib_ipv4
0x60C8C890     560156       2  mfib_ipv6
0x608D35A0     543276    5430  Init
0x6326723C     524340       1  L2X Hash Table
0x62D55FDC     514476     186  Normal
0x600625C4     480156       2  ARP
0x6281F048     467804      25  AToM LDP Adj Chunk
0x608D35C0     460956    5289  Init
0x61C77778     426344       5  Init
0x608D35B4     420268    5430  Init
0x61CCD4A8     408228       1  Init
0x60C2E458     400156       2  mfib_cable
0x60C50080     400156       2  mfib_events
0x61FD1E84     400156       2  oce_events
0x619187A8     384156       2  ppcp
0x61986290     384156       2  ppm
0x619EAB40     384156       2  ffmshim
0x634B8F40     376988       2  gdoi_exit
0x62B99768     341524    3169  IPC Global Info
0x62D60974     324660       1  Init
0x62D60988     324660       1  Init
0x62334658     312496    1059  PfR BR Appl Namelist: Column
0x61476584     291560       7  RRR_AUTOMESH hw subblock
0x63710374     269488      48  LSP_VIF radix trie
0x6371F6B4     262560       8  XC ST PW OAM Mgr DB
0x62B5B494     262352       4  IPC Message Hea
0x61CEE28C     262352       4  STP Port Control Block Chunk
0x61F73B4C     262248       2  CEF: hash table
0x605CFC24     262196       1  Init
0x606B8E58     250876      14  EIGRP: Packet descriptors
0x61DB7160     232156       2  tunnel
0x61E50E40     227392     272  Process
0x615C21F0     197412       6  DSensor 64
0x62E78258     196764       3  Init
0x604BFADC     188240       1  NET ACCT LISTS
0x604BFB00     188240       1  SYS ACCT LISTS
0x604BFB28     188240       1  VRRS ACCT LISTS
0x6047FEB4     184236       1  DOT1X ACC LISTS
0x6047FEDC     184236       1  EOU ACC LISTS
0x6047FF14     184236       1  PPP ACC LISTS
0x6047FF50     168220       1  NET AUTHOR LISTS
0x6047FF80     168220       1  SUBSCRIBER-PROFILE AUTHOR LISTS
0x6009750C     153268       1  Init
0x6368350C     152156       2  tp_ss_events
0x6296C234     149524    1947  Init
0x61CCDAEC     149328       9  NBAR Attr Chunk
0x6119A460     144052       1  MPLS Event log
0x635037B0     140156       2  cfd
0x60628334     136156       2  nvram
0x61E00F24     132736       8  uEvent Elements
0x62007DD4     132008       4  TAL: MTRIE n08
0x604D3528     131584       4  AAA Huge Chunk
0x609F5828     131176       2  blt array
0x62D5CBF0     131124       1  *Init*
0x633B5EB0     131124       1  IP Lite hash buckets
0x61DCD64C     130676      13  RMI RO-RU Chunk
0x6365D168     128156       2  flexvpn
0x608A9204     128052       1  Init
0x61F78494     128052       1  CEF: fibidb table
0x61F784B4     128052       1  CEF: fibhwidb table
0x61A447D4     128052       1  Init
0x622E7EC8     112156       2  nhrp_error
0x63719B54     110064       5  RIB App Handlee Allocator
0x60539FC8     109968    1300  Parser Linkage
0x607D68C8     105156      23  EEM Server
0x607D694C     105156      23  EEM Server
0x607D68B8     105156      23  EEM Server
0x6373DFD4      95740     278  *Init*
0x61E01890      94180      18  List Headers
0x608C2F64      93608     650  Init
0x61FCC8DC      92084       4  OCE reinject ha
0x6331607C      90692       3  BITLIST CHUNK
0x60906790      88156       2  fnf_mon
0x60DF5A58      87600       2  MVPN IDB up/down process queue events
0x62E781AC      85560      70  Init
0x608CAF60      84680     868  Init
0x61DF9D70      84076      29  keepalive
0x61336C0C      84052       1  Init
0x62D55F50      83512      30  Normal
0x61E01E18      80416       8  List Elements
0x622E7EFC      80156       2  nhrp_exception


Allocator PC Summary for: I/O

    PC          Total   Count  Name
0x62D56000    4752640      84  Normal
0x62D55F50     738944      10  Normal
0x62D50888     263264     217  *Packet Data*
0x62EFFA20      24960       6  FastEthernet1/0
0x62EFF994      12672       6  FastEthernet1/0
0x62C72598       4160       1  Init
0x62E51A54       4160       1  FastEthernet0/0
0x62E519C8       2112       1  FastEthernet0/0
0x62E519A4        256       1  FastEthernet0/0


Allocator PC Summary for: Transient

    PC          Total   Count  Name
0x60230C80     196764       3  BGP (2) update
0x61E4CDC0      15156       3  Watcher Info


DEBUG:netmiko:read_channel: 
DEBUG:netmiko:read_channel: 
DEBUG:netmiko:read_channel: 
DEBUG:netmiko:read_channel: 
------------------ show dmvpn detail ------------------

Legend: Attrb --> S - Static, D - Dynamic, I - Incomplete
	N - NATed, L - Local, X - No Socket
	# Ent --> Number of NHRP entries with same NBMA peer
	NHS Status: E --> Expecting Replies, R --> Responding, W --> Waiting
	UpDn Time --> Up or Down Time for a Tunnel
==========================================================================


------------------ show diag ------------------


Slot 0:
	Fast-ethernet on C7200 I/O card with MII or RJ45 Port adapter, 1 port
	Port adapter is analyzed 
	Port adapter insertion time 01:04:31 ago
	EEPROM contents at hardware discovery:
	Hardware revision 1.14        	Board revision A0
	Serial number     4294967295	Part number    73-2956-02
	FRU Part Number:  C7200-IO-FE-MII/RJ45=

	Test history      0x0         	RMA number     00-00-00
	EEPROM format version 1
	EEPROM contents (hex):
	  0x20: 01 83 01 0E FF FF FF FF 49 0B 8C 02 00 00 00 00
	  0x30: 50 00 00 00 98 12 28 00 00 FF FF FF FF FF FF FF

Slot 1:
	Dual Port FastEthernet (RJ45) Port adapter, 2 ports
	Port adapter is analyzed 
	Port adapter insertion time 01:04:31 ago
	EEPROM contents at hardware discovery:
	Controller Type          : 548
	Hardware Revision        : 1.0
	PCB Serial Number        : XXX00000000
	PCB Part Number          : 73-5420-04
	Board Revision           : A0
	RMA Test History         : 00
	RMA Number               : 0-0-0-0
	RMA History              : 00
	Deviation Number         : 0-0
	Product Identifier (PID) : PA-2FE-FX           
	Top Assy. Part Number    : 800-08352-04
	EEPROM format version 4
	EEPROM contents (hex):
	  0x00: 04 FF 40 02 24 41 01 00 C1 8B 58 58 58 30 30 30
	  0x10: 30 30 30 30 30 82 49 15 2C 04 42 41 30 03 00 81
	  0x20: 00 00 00 00 04 00 80 00 00 00 00 CB 94 50 41 2D
	  0x30: 32 46 45 2D 46 58 20 20 20 20 20 20 20 20 20 20
	  0x40: 20 C0 46 03 20 00 20 A0 04 FF FF FF FF FF FF FF
	  0x50: FF FF FF FF FF FF FF FF FF FF FF FF FF FF FF FF
	  0x60: FF FF FF FF FF FF FF FF FF FF FF FF FF FF FF FF
	  0x70: FF FF FF FF FF FF FF FF FF FF FF FF FF FF FF FF

Slot 2:
	Dual Port FastEthernet (RJ45) Port adapter, 2 ports
	Port adapter is analyzed 
	Port adapter insertion time 01:04:31 ago
	EEPROM contents at hardware discovery:
	Controller Type          : 548
	Hardware Revision        : 1.0
	PCB Serial Number        : XXX00000000
	PCB Part Number          : 73-5420-04
	Board Revision           : A0
	RMA Test History         : 00
	RMA Number               : 0-0-0-0
	RMA History              : 00
	Deviation Number         : 0-0
	Product Identifier (PID) : PA-2FE-FX           
	Top Assy. Part Number    : 800-08352-04
	EEPROM format version 4
	EEPROM contents (hex):
	  0x00: 04 FF 40 02 24 41 01 00 C1 8B 58 58 58 30 30 30
	  0x10: 30 30 30 30 30 82 49 15 2C 04 42 41 30 03 00 81
	  0x20: 00 00 00 00 04 00 80 00 00 00 00 CB 94 50 41 2D
	  0x30: 32 46 45 2D 46 58 20 20 20 20 20 20 20 20 20 20
	  0x40: 20 C0 46 03 20 00 20 A0 04 FF FF FF FF FF FF FF
	  0x50: FF FF FF FF FF FF FF FF FF FF FF FF FF FF FF FF
	  0x60: FF FF FF FF FF FF FF FF FF FF FF FF FF FF FF FF
	  0x70: FF FF FF FF FF FF FF FF FF FF FF FF FF FF FF FF

Slot 3:
	Dual Port FastEthernet (RJ45) Port adapter, 2 ports
	Port adapter is analyzed 
	Port adapter insertion time 01:04:30 ago
	EEPROM contents at hardware discovery:
	Controller Type          : 548
	Hardware Revision        : 1.0
	PCB Serial Number        : XXX00000000
	PCB Part Number          : 73-5420-04
	Board Revision           : A0
	RMA Test History         : 00
	RMA Number               : 0-0-0-0
	RMA History              : 00
	Deviation Number         : 0-0
	Product Identifier (PID) : PA-2FE-FX           
	Top Assy. Part Number    : 800-08352-04
	EEPROM format version 4
	EEPROM contents (hex):
	  0x00: 04 FF 40 02 24 41 01 00 C1 8B 58 58 58 30 30 30
	  0x10: 30 30 30 30 30 82 49 15 2C 04 42 41 30 03 00 81
	  0x20: 00 00 00 00 04 00 80 00 00 00 00 CB 94 50 41 2D
	  0x30: 32 46 45 2D 46 58 20 20 20 20 20 20 20 20 20 20
	  0x40: 20 C0 46 03 20 00 20 A0 04 FF FF FF FF FF FF FF
	  0x50: FF FF FF FF FF FF FF FF FF FF FF FF FF FF FF FF
	  0x60: FF FF FF FF FF FF FF FF FF FF FF FF FF FF FF FF
	  0x70: FF FF FF FF FF FF FF FF FF FF FF FF FF FF FF FF


------------------ show c7200 ------------------

Network IO Interrupt Throttling:
 throttle count=0, timer count=0
 active=0, configured=0
 netint usec=4000, netint mask usec=200

Midplane EEPROM:
	Hardware revision 2.1         	Board revision M0
	Serial number     4279256517	Part number    73-1539-03
	Test history      0x0         	RMA number     00-00-00
	MAC Pool Size     1024      	MAC Addr Base  ca01.0acc.0000
	Chassis Model     0x6         
	EEPROM format version 1
	EEPROM contents (hex):
	  0x00: 01 06 02 01 FF 10 45 C5 49 06 03 03 CA 01 0A CC
	  0x10: 00 00 04 00 00 00 00 00 4C 09 10 B0 FF FF 00 FF
	  0x20: 64 EC 00 00 65 7C 93 94 68 BD DA 58 65 7C 93 94
	  0x30: 67 47 03 C0 68 BD DA 58 00 00 00 00 64 EC 00 00

C7206VXR CPU EEPROM:
	Controller Type          : 504
	Hardware Revision        : 1.0
	Top Assy. Part Number    : 800-08136-02
	PCB Part Number          : 73-5308-02
	Board Revision           : B0
	PCB Serial Number        : 11111111
	RMA History              : 00
	Fab Version              : 02
	Fab Part Number          : 28-4086-02
	Product Identifier (PID) : NPE-400
	Deviation Number         : 0-0
	EEPROM format version 4
	EEPROM contents (hex):
	  0x00: 04 FF 40 01 F8 41 01 00 C0 46 03 20 00 1F C8 02
	  0x10: 82 49 14 BC 02 42 42 30 C1 8B 31 31 31 31 31 31
	  0x20: 31 31 00 00 00 04 00 02 02 85 1C 0F F6 02 CB 87
	  0x30: 4E 50 45 2D 34 30 30 80 00 00 00 00 FF FF FF FF
	  0x40: FF FF FF FF FF FF FF FF FF FF FF FF FF FF FF FF
	  0x50: FF FF FF FF FF FF FF FF FF FF FF FF FF FF FF FF
	  0x60: FF FF FF FF FF FF FF FF FF FF FF FF FF FF FF FF
	  0x70: FF FF FF FF FF FF FF FF FF FF FF FF FF FF FF FF

TLB entries (51/64 used):
Virt Address range      Phy Address range         Attributes
0x4B000000:0x4B1FFFFF   0x14B000000:0x14B1FFFFF   CacheMode=2, RW, Valid
0x4B200000:0x4B3FFFFF   0x14B200000:0x14B3FFFFF   CacheMode=2, RW, Valid
0x10000000:0x10001FFF   0x100000000:0x100001FFF   CacheMode=2, RW, Valid
0x40000000:0x41FFFFFF   0x040000000:0x041FFFFFF   CacheMode=2, RW, Valid
0x44000000:0x45FFFFFF   0x044000000:0x045FFFFFF   CacheMode=2, RW, Valid
0x3C000000:0x3C7FFFFF   0x048000000:0x0487FFFFF   CacheMode=2, RW, Valid
0x3C800000:0x3CFFFFFF   0x048800000:0x048FFFFFF   CacheMode=2, RW, Valid
0x3D000000:0x3D7FFFFF   0x04D000000:0x04D7FFFFF   CacheMode=2, RW, Valid
0x3D800000:0x3DFFFFFF   0x049000000:0x0497FFFFF   CacheMode=2, RW, Valid
0x3E000000:0x3E7FFFFF   0x04D800000:0x04DFFFFFF   CacheMode=2, RW, Invalid
0x3E800000:0x3EFFFFFF   0x049800000:0x049FFFFFF   CacheMode=2, RW, Invalid
0x3F000000:0x3F7FFFFF   0x04E000000:0x04E7FFFFF   CacheMode=2, RW, Invalid
0x1FC00000:0x1FC7FFFF   0x01FC00000:0x01FC7FFFF   CacheMode=2, RO, Valid
0x1E000000:0x1E1FFFFF   0x01E000000:0x01E1FFFFF   CacheMode=2, RW, Valid
0x1E800000:0x1E9FFFFF   0x01E800000:0x01E9FFFFF   CacheMode=2, RW, Valid
0xFE000000:0xFE07FFFF   0x0FE000000:0x0FE07FFFF   CacheMode=2, RW, Valid
0x60000000:0x61FFFFFF   0x000000000:0x001FFFFFF   CacheMode=3, RO, Valid
0x62000000:0x627FFFFF   0x002000000:0x0027FFFFF   CacheMode=3, RO, Valid
0x62800000:0x62FFFFFF   0x002800000:0x002FFFFFF   CacheMode=3, RO, Valid
0x63000000:0x637FFFFF   0x003000000:0x0037FFFFF   CacheMode=3, RO, Valid
0x63800000:0x6381FFFF   0x003800000:0x00381FFFF   CacheMode=3, RO, Valid
0x63820000:0x6383FFFF   0x003820000:0x00383FFFF   CacheMode=3, RO, Valid
0x63840000:0x6385FFFF   0x003840000:0x00385FFFF   CacheMode=3, RO, Valid
0x63860000:0x63861FFF   0x003860000:0x003861FFF   CacheMode=3, RO, Valid
0x63862000:0x63863FFF   0x003862000:0x003863FFF   CacheMode=3, RO, Valid
0x63864000:0x63865FFF   0x003864000:0x003865FFF   CacheMode=3, RW, Valid
0x63866000:0x63867FFF   0x003866000:0x003867FFF   CacheMode=3, RW, Valid
0x63868000:0x6386FFFF   0x003868000:0x00386FFFF   CacheMode=3, RW, Valid
0x63870000:0x63877FFF   0x003870000:0x003877FFF   CacheMode=3, RW, Valid
0x63878000:0x6387FFFF   0x003878000:0x00387FFFF   CacheMode=3, RW, Valid
0x63880000:0x638FFFFF   0x003880000:0x0038FFFFF   CacheMode=3, RW, Valid
0x63900000:0x6397FFFF   0x003900000:0x00397FFFF   CacheMode=3, RW, Valid
0x63980000:0x639FFFFF   0x003980000:0x0039FFFFF   CacheMode=3, RW, Valid
0x63A00000:0x63BFFFFF   0x003A00000:0x003BFFFFF   CacheMode=3, RW, Valid
0x63C00000:0x63DFFFFF   0x003C00000:0x003DFFFFF   CacheMode=3, RW, Valid
0x63E00000:0x63FFFFFF   0x003E00000:0x003FFFFFF   CacheMode=3, RW, Valid
0x64000000:0x65FFFFFF   0x004000000:0x005FFFFFF   CacheMode=3, RW, Valid
0x66000000:0x67FFFFFF   0x006000000:0x007FFFFFF   CacheMode=3, RW, Valid
0x68000000:0x69FFFFFF   0x008000000:0x009FFFFFF   CacheMode=3, RW, Valid
0x6A000000:0x6BFFFFFF   0x00A000000:0x00BFFFFFF   CacheMode=3, RW, Valid
0x6C000000:0x6DFFFFFF   0x00C000000:0x00DFFFFFF   CacheMode=3, RW, Valid
0x6E000000:0x6FFFFFFF   0x020000000:0x021FFFFFF   CacheMode=3, RW, Valid
0x70000000:0x71FFFFFF   0x022000000:0x023FFFFFF   CacheMode=3, RW, Valid
0x72000000:0x73FFFFFF   0x024000000:0x025FFFFFF   CacheMode=3, RW, Valid
0x74000000:0x75FFFFFF   0x026000000:0x027FFFFFF   CacheMode=3, RW, Valid
0x76000000:0x77FFFFFF   0x028000000:0x029FFFFFF   CacheMode=3, RW, Valid
0x78000000:0x79FFFFFF   0x02A000000:0x02BFFFFFF   CacheMode=3, RW, Valid
0x7A000000:0x7BFFFFFF   0x02C000000:0x02DFFFFFF   CacheMode=3, RW, Valid
0x7C000000:0x7DFFFFFF   0x02E000000:0x02FFFFFFF   CacheMode=3, RW, Valid
0x0E000000:0x0FFFFFFF   0x00E000000:0x00FFFFFFF   CacheMode=2, RW, Valid
0x7E000000:0x7FFFFFFF   0x00E000000:0x00FFFFFFF   CacheMode=0, RW, Valid

0 spurious cache errors detected.


System Controller Network Interrupts
 Wrapper is NOT installed

Registered Interrupts:
 Level Mask               Count      Data       Interrupt Handler


------------------ show pci hardware ------------------


GT64120 External PCI Configuration registers:
PCI_0:
 Vendor / Device ID   : 0xAB112046 (b/s 0x462011AB)
 Status / Command     : 0x00000000 (b/s 0x00000000)
 Class / Revision     : 0x05800003 (b/s 0x03008005)
 Latency              : 0x00000000 (b/s 0x00000000)
 RAS[1:0] Base        : 0x00000000 (b/s 0x00000000)
 RAS[3:2] Base        : 0x00000000 (b/s 0x00000000)
 CS[2:0] Base         : 0x00000000 (b/s 0x00000000)
 CS[3] Base           : 0x00000000 (b/s 0x00000000)
 Mem Map Base         : 0x00000000 (b/s 0x00000000)
 IO Map Base          : 0x00000000 (b/s 0x00000000)
 Subsystem Vendor / D : 0x00000000 (b/s 0x00000000)
 Int Pin / Line       : 0x00000000 (b/s 0x00000000)
 Swap RAS[1:0] Base   : 0x00000000 (b/s 0x00000000)
 Swap RAS[3:2] Base   : 0x00000000 (b/s 0x00000000)
 Swap CS[3] Base      : 0x00000000 (b/s 0x00000000)
PCI_1:
 Vendor / Device ID   : 0x00000000 (b/s 0x00000000)
 Status / Command     : 0x00000000 (b/s 0x00000000)
 Class / Revision     : 0x00000000 (b/s 0x00000000)
 Latency              : 0x00000000 (b/s 0x00000000)
 RAS[1:0] Base        : 0x00000000 (b/s 0x00000000)
 RAS[3:2] Base        : 0x00000000 (b/s 0x00000000)
 CS[2:0] Base         : 0x00000000 (b/s 0x00000000)
 CS[3] Base           : 0x00000000 (b/s 0x00000000)
 Mem Map Base         : 0x00000000 (b/s 0x00000000)
 IO Map Base          : 0x00000000 (b/s 0x00000000)
 Subsystem Vendor / D : 0x00000000 (b/s 0x00000000)
 Int Pin / Line       : 0x00000000 (b/s 0x00000000)
 Swap RAS[1:0] Base   : 0x00000000 (b/s 0x00000000)
 Swap RAS[3:2] Base   : 0x00000000 (b/s 0x00000000)
 Swap CS[3] Base      : 0x00000000 (b/s 0x00000000)

Bridge 0, for PA Bay 0 (I/O Card, PCMCIA, Interfaces), Handle=0
DEC21050 bridge chip, config=0x0
(0x00):dev, vendor id       = 0x00011011
(0x04):status, command      = 0x00000000
(0x08):class code, revid    = 0x06040000
(0x0C):hdr, lat timer, cls  = 0x00000000
(0x18):sec lat,cls & bus no = 0x18020100
(0x1C):sec status, io base  = 0x00000000
(0x20):mem base & limit     = 0x00000000
(0x24):prefetch membase/lim = 0x00000000
(0x3C):bridge ctrl          = 0x00000000
(0x40):arb/serr, chip ctrl  = 0x00000000
(0x44):pri/sec trgt wait t. = 0x00000000
(0x48):sec write attmp ctr  = 0x00000000
(0x4C):pri write attmp ctr  = 0x00000000

CLPD6729 registers:
 (0x00) Chip Revision = 0x48
 (0x1E) Misc Control 2 = 0x08
 (0x1F) Chip Information = 0x00

 Socket 0:
  (0x01) Interface Status = 0xEF
  (0x02) Power Control = 0x90
  (0x03) Interrupt and General Control = 0x40
  (0x04) Card Status Change = 0x00
  (0x05) Management Interrupt Configuration = 0x38
  (0x06) Mapping Enable = 0x11
  (0x07) I/O Window Control = 0x00
  (0x08) System I/O Map 0 Start Address Low = 0x00
  (0x09) System I/O Map 0 Start Address High = 0x00
  (0x0A) System I/O Map 0 End Address Low = 0x00
  (0x0B) System I/O Map 0 End Address High = 0x00
  (0x0C) System I/O Map 1 Start Address Low = 0x00
  (0x0D) System I/O Map 1 Start Address High = 0x00
  (0x0E) System I/O Map 1 End Address Low = 0x00
  (0x0F) System I/O Map 1 End Address High = 0x00
  (0x10) System Memory Map 0 Start Address Low = 0x00
  (0x11) System Memory Map 0 Start Address High = 0x81
  (0x12) System Memory Map 0 End Address Low = 0xFF
  (0x13) System Memory Map 0 End Address High = 0x04
  (0x05 EXT) System Memory Map 0 Upper Address = 0x40
  (0x14) Card Memory Map 0 Offset Address Low = 0x00
  (0x15) Card Memory Map 0 Offset Address High = 0x3F
  (0x16) Misc Control 1 = 0x00
  (0x26) ATA Control = 0x00
  (0x17) FIFO Control = 0x80
  (0x18) System Memory Map 1 Start Address Low = 0x00
  (0x19) System Memory Map 1 Start Address High = 0x00
  (0x1A) System Memory Map 1 End Address Low = 0x00
  (0x1B) System Memory Map 1 End Address High = 0x00
  (0x06 EXT) System Memory Map 1 Upper Address = 0x40
  (0x1C) Card Memory Map 1 Offset Address Low = 0x00
  (0x1D) Card Memory Map 1 Offset Address High = 0x00
  (0x20) System Memory Map 2 Start Address Low = 0x00
  (0x21) System Memory Map 2 Start Address High = 0x00
  (0x22) System Memory Map 2 End Address Low = 0x00
  (0x23) System Memory Map 2 End Address High = 0x00
  (0x07 EXT) System Memory Map 2 Upper Address = 0x40
  (0x24) Card Memory Map 2 Offset Address Low = 0x00
  (0x25) Card Memory Map 2 Offset Address High = 0x00
  (0x26) ATA Control = 0x00
  (0x28) System Memory Map 3 Start Address Low = 0x00
  (0x29) System Memory Map 3 Start Address High = 0x00
  (0x2A) System Memory Map 3 End Address Low = 0x00
  (0x2B) System Memory Map 3 End Address High = 0x00
  (0x08 EXT) System Memory Map 3 Upper Address = 0x40
  (0x2C) Card Memory Map 3 Offset Address Low = 0x00
  (0x2D) Card Memory Map 3 Offset Address High = 0x00
  (0x30) System Memory Map 4 Start Address Low = 0x00
  (0x31) System Memory Map 4 Start Address High = 0x80
  (0x32) System Memory Map 4 End Address Low = 0xFF
  (0x33) System Memory Map 4 End Address High = 0x00
  (0x09 EXT) System Memory Map 4 Upper Address = 0x40
  (0x34) Card Memory Map 4 Offset Address Low = 0x00
  (0x35) Card Memory Map 4 Offset Address High = 0x40
  (0x36) Card I/O Map 0 Offset Address Low = 0x00
  (0x37) Card I/O Map 0 Offset Address High = 0x00
  (0x38) Card I/O Map 1 Offset Address Low = 0x00
  (0x39) Card I/O Map 1 Offset Address High = 0x00
  (0x3A) Setup Timing 0 = 0x04
  (0x3B) Command Timing 0 = 0x0A
  (0x3C) Recovery Timing 0 = 0x04
  (0x3D) Setup Timing 1 = 0x20
  (0x3E) Command Timing 1 = 0x48
  (0x3F) Recovery Timing 1 = 0x20
  (0x03 EXT) Extension Control 1 = 0x40
  (0x0B EXT) Extension Control 2 = 0x40

 Socket 1:
  (0x41) Interface Status = 0x80
  (0x42) Power Control = 0x90
  (0x43) Interrupt and General Control = 0x40
  (0x44) Card Status Change = 0x00
  (0x45) Management Interrupt Configuration = 0x38
  (0x46) Mapping Enable = 0x11
  (0x47) I/O Window Control = 0x00
  (0x48) System I/O Map 0 Start Address Low = 0x00
  (0x49) System I/O Map 0 Start Address High = 0x00
  (0x4A) System I/O Map 0 End Address Low = 0x00
  (0x4B) System I/O Map 0 End Address High = 0x00
  (0x4C) System I/O Map 1 Start Address Low = 0x00
  (0x4D) System I/O Map 1 Start Address High = 0x00
  (0x4E) System I/O Map 1 End Address Low = 0x00
  (0x4F) System I/O Map 1 End Address High = 0x00
  (0x50) System Memory Map 0 Start Address Low = 0x00
  (0x51) System Memory Map 0 Start Address High = 0x81
  (0x52) System Memory Map 0 End Address Low = 0xFF
  (0x53) System Memory Map 0 End Address High = 0x04
  (0x05 EXT) System Memory Map 0 Upper Address = 0x44
  (0x54) Card Memory Map 0 Offset Address Low = 0x00
  (0x55) Card Memory Map 0 Offset Address High = 0x3F
  (0x56) Misc Control 1 = 0x00
  (0x66) ATA Control = 0x00
  (0x57) FIFO Control = 0x80
  (0x58) System Memory Map 1 Start Address Low = 0x00
  (0x59) System Memory Map 1 Start Address High = 0x00
  (0x5A) System Memory Map 1 End Address Low = 0x00
  (0x5B) System Memory Map 1 End Address High = 0x00
  (0x06 EXT) System Memory Map 1 Upper Address = 0x44
  (0x5C) Card Memory Map 1 Offset Address Low = 0x00
  (0x5D) Card Memory Map 1 Offset Address High = 0x00
  (0x60) System Memory Map 2 Start Address Low = 0x00
  (0x61) System Memory Map 2 Start Address High = 0x00
  (0x62) System Memory Map 2 End Address Low = 0x00
  (0x63) System Memory Map 2 End Address High = 0x00
  (0x07 EXT) System Memory Map 2 Upper Address = 0x44
  (0x64) Card Memory Map 2 Offset Address Low = 0x00
  (0x65) Card Memory Map 2 Offset Address High = 0x00
  (0x66) ATA Control = 0x00
  (0x68) System Memory Map 3 Start Address Low = 0x00
  (0x69) System Memory Map 3 Start Address High = 0x00
  (0x6A) System Memory Map 3 End Address Low = 0x00
  (0x6B) System Memory Map 3 End Address High = 0x00
  (0x08 EXT) System Memory Map 3 Upper Address = 0x44
  (0x6C) Card Memory Map 3 Offset Address Low = 0x00
  (0x6D) Card Memory Map 3 Offset Address High = 0x00
  (0x70) System Memory Map 4 Start Address Low = 0x00
  (0x71) System Memory Map 4 Start Address High = 0x80
  (0x72) System Memory Map 4 End Address Low = 0xFF
  (0x73) System Memory Map 4 End Address High = 0x00
  (0x09 EXT) System Memory Map 4 Upper Address = 0x44
  (0x74) Card Memory Map 4 Offset Address Low = 0x00
  (0x75) Card Memory Map 4 Offset Address High = 0x40
  (0x76) Card I/O Map 0 Offset Address Low = 0x00
  (0x77) Card I/O Map 0 Offset Address High = 0x00
  (0x78) Card I/O Map 1 Offset Address Low = 0x00
  (0x79) Card I/O Map 1 Offset Address High = 0x00
  (0x7A) Setup Timing 0 = 0x04
  (0x7B) Command Timing 0 = 0x0A
  (0x7C) Recovery Timing 0 = 0x04
  (0x7D) Setup Timing 1 = 0x20
  (0x7E) Command Timing 1 = 0x48
  (0x7F) Recovery Timing 1 = 0x20
  (0x03 EXT) Extension Control 1 = 0x44
  (0x0B EXT) Extension Control 2 = 0x44


------------------ show pci controller ------------------


GT64120 Channel 0 DMA (Packet coalescing DMA engine):
 dma_list=0x667F3F4C, dma_ring=0xE187040, dma_entries=256
 dma_free=0x667F4398, dma_reqt=0x667F4398, dma_done=0x667F4398
 thread=0x667F4384, thread_end=0x667F4384
 backup_thread=0x0, backup_thread_end=0x0
 dma_working=0, dma_stalls=0, dma_stall_loop=0
 dma_complete=1300, post_coalesce_frames=1300
 exhausted_dma_entries=0, post_dma_callback=1169

GT64120 Rev level     : 5
GT64120 Register Dump : Registers at 0xB4000000
CPU Interface :
 cpu_interface_conf   : 0x00000000 (b/s 0x00000000)
 multi_gt             : 0x00000000 (b/s 0x00000000)
Processor Address Space :
 ras10_low            : 0x00000000 (b/s 0x00000000)
 ras10_high           : 0x7F000000 (b/s 0x0000007F)
 ras32_low            : 0x00010000 (b/s 0x00000100)
 ras32_high           : 0x7F000000 (b/s 0x0000007F)
 cs20_low             : 0x00000000 (b/s 0x00000000)
 cs20_high            : 0x00000000 (b/s 0x00000000)
 cs3_boot_low         : 0x00000000 (b/s 0x00000000)
 cs3_boot_high        : 0x00000000 (b/s 0x00000000)
 pci_io_low           : 0x00000000 (b/s 0x00000000)
 pci_io_high          : 0x00000000 (b/s 0x00000000)
 pci_mem_low          : 0x00000000 (b/s 0x00000000)
 pci_mem_high         : 0x00000000 (b/s 0x00000000)
 pci_mem1_low         : 0x00000000 (b/s 0x00000000)
 pci_mem1_high        : 0x00000000 (b/s 0x00000000)
 pci1_io_low          : 0x00000000 (b/s 0x00000000)
 pci1_io_high         : 0x00000000 (b/s 0x00000000)
 pci1_mem0_low        : 0x00000000 (b/s 0x00000000)
 pci1_mem0_high       : 0x00000000 (b/s 0x00000000)
 pci1_mem1_low        : 0x00000000 (b/s 0x00000000)
 pci1_mem1_high       : 0x00000000 (b/s 0x00000000)
 internal_spc_decode  : 0x00000000 (b/s 0x00000000)
 bus_err_low          : 0x00000000 (b/s 0x00000000)
 bus_err_high         : 0x00000000 (b/s 0x00000000)
 pci0_sync_barrier    : 0x00000000 (b/s 0x00000000)
 pci1_sync_barrier    : 0x00000000 (b/s 0x00000000)
 ras10_addr_remap     : 0x00000000 (b/s 0x00000000)
 ras32_addr_remap     : 0x00000000 (b/s 0x00000000)
 cs20_remap           : 0x00000000 (b/s 0x00000000)
 cs3_boot_remap       : 0x00000000 (b/s 0x00000000)
 pci0_io_remap        : 0x00000000 (b/s 0x00000000)
 pci0_mem0_remap      : 0x00000000 (b/s 0x00000000)
 pci0_mem1_remap      : 0x00000000 (b/s 0x00000000)
 pci1_io_remap        : 0x00000000 (b/s 0x00000000)
 pci1_mem0_remap      : 0x00000000 (b/s 0x00000000)
 pci1_mem1_remap      : 0x00000000 (b/s 0x00000000)
SDRAM/Device Address Space :
 ras0_low             : 0x00000000 (b/s 0x00000000)
 ras0_high            : 0xFF000000 (b/s 0x000000FF)
 ras1_low             : 0x7F000000 (b/s 0x0000007F)
 ras1_high            : 0x00000000 (b/s 0x00000000)
 ras2_low             : 0x00000000 (b/s 0x00000000)
 ras2_high            : 0xFF000000 (b/s 0x000000FF)
 ras3_low             : 0x7F000000 (b/s 0x0000007F)
 ras3_high            : 0x00000000 (b/s 0x00000000)
 cs0_low              : 0x00000000 (b/s 0x00000000)
 cs0_high             : 0x00000000 (b/s 0x00000000)
 cs1_low              : 0x00000000 (b/s 0x00000000)
 cs1_high             : 0x00000000 (b/s 0x00000000)
 cs2_low              : 0x00000000 (b/s 0x00000000)
 cs2_high             : 0x00000000 (b/s 0x00000000)
 cs3_low              : 0x00000000 (b/s 0x00000000)
 cs3_high             : 0x00000000 (b/s 0x00000000)
 boot_cs_low          : 0x00000000 (b/s 0x00000000)
 boot_cs_high         : 0x00000000 (b/s 0x00000000)
 addr_decode_err      : 0x00000000 (b/s 0x00000000)
 addr_decode          : 0x00000000 (b/s 0x00000000)
 dram_config          : 0x00000000 (b/s 0x00000000)
 dram_bank0_param     : 0x00000000 (b/s 0x00000000)
 dram_bank1_param     : 0x00000000 (b/s 0x00000000)
 dram_bank2_param     : 0x00000000 (b/s 0x00000000)
 dram_bank3_param     : 0x00000000 (b/s 0x00000000)
 dram_oper_mode       : 0x00000000 (b/s 0x00000000)
Device Parameters :
 device_bank0_param   : 0x00000000 (b/s 0x00000000)
 device_bank1_param   : 0x00000000 (b/s 0x00000000)
 device_bank2_param   : 0x00000000 (b/s 0x00000000)
 device_bank3_param   : 0x00000000 (b/s 0x00000000)
 boot_bank_param      : 0x00000000 (b/s 0x00000000)
DMA Channels :
 ch0_dma_count        : 0x00000000 (b/s 0x00000000)
 ch1_dma_count        : 0x00000000 (b/s 0x00000000)
 ch2_dma_count        : 0x00000000 (b/s 0x00000000)
 ch3_dma_count        : 0x00000000 (b/s 0x00000000)
 ch0_dma_src          : 0x0013470E (b/s 0x0E471300)
 ch1_dma_src          : 0x00000000 (b/s 0x00000000)
 ch2_dma_src          : 0x00000000 (b/s 0x00000000)
 ch3_dma_src          : 0x00000000 (b/s 0x00000000)
 ch0_dma_dst          : 0x8A9B000E (b/s 0x0E009B8A)
 ch1_dma_dst          : 0x00000000 (b/s 0x00000000)
 ch2_dma_dst          : 0x00000000 (b/s 0x00000000)
 ch3_dma_dst          : 0x00000000 (b/s 0x00000000)
 ch0_next_ptr         : 0x00000000 (b/s 0x00000000)
 ch1_next_ptr         : 0x00000000 (b/s 0x00000000)
 ch2_next_ptr         : 0x00000000 (b/s 0x00000000)
 ch3_next_ptr         : 0x00000000 (b/s 0x00000000)
 ch0_current_ptr      : 0x00000000 (b/s 0x00000000)
 ch1_current_ptr      : 0x00000000 (b/s 0x00000000)
 ch2_current_ptr      : 0x00000000 (b/s 0x00000000)
 ch3_current_ptr      : 0x00000000 (b/s 0x00000000)
 ch0_ctrl             : 0xC01C0000 (b/s 0x00001CC0)
 ch1_ctrl             : 0x00000000 (b/s 0x00000000)
 ch2_ctrl             : 0x00000000 (b/s 0x00000000)
 ch3_ctrl             : 0x00000000 (b/s 0x00000000)
 arbiter_ctrl         : 0x00000000 (b/s 0x00000000)
Timer/Counters :
 ct0                  : 0x00000000 (b/s 0x00000000)
 ct1                  : 0x00000000 (b/s 0x00000000)
 ct2                  : 0x00000000 (b/s 0x00000000)
 ct3                  : 0x00000000 (b/s 0x00000000)
 counter_ctrl         : 0x00000000 (b/s 0x00000000)
PCI Internal Registers :
 pci_cmd              : 0x01800000 (b/s 0x00008001)
 pci1_cmd             : 0x00000000 (b/s 0x00000000)
 pci_timeout          : 0x00000000 (b/s 0x00000000)
 pci1_timeout         : 0x00000000 (b/s 0x00000000)
 pci_ras10_size       : 0xFF0F0000 (b/s 0x00000FFF)
 pci1_ras10_size      : 0x00000000 (b/s 0x00000000)
 pci_ras32_size       : 0xFF0F0000 (b/s 0x00000FFF)
 pci1_ras32_size      : 0x00000000 (b/s 0x00000000)
 pci_cs20_size        : 0x00000000 (b/s 0x00000000)
 pci1_cs20_size       : 0x00000000 (b/s 0x00000000)
 pci_cs3_boot_size    : 0x00000000 (b/s 0x00000000)
 pci1_cs3_boot_size   : 0x00000000 (b/s 0x00000000)
 pci0_prefetch_burst_ : 0x00000000 (b/s 0x00000000)
 pci1_prefetch_burst_ : 0x00000000 (b/s 0x00000000)
 pci0_ras10_remap     : 0x00000000 (b/s 0x00000000)
 pci1_ras10_remap     : 0x00000000 (b/s 0x00000000)
 pci0_ras32_remap     : 0x00000000 (b/s 0x00000000)
 pci1_ras32_remap     : 0x00000000 (b/s 0x00000000)
 pci0_cs20_remap      : 0x00000000 (b/s 0x00000000)
 pci1_cs20_remap      : 0x00000000 (b/s 0x00000000)
 pci0_cs3_boot_remap  : 0x00000000 (b/s 0x00000000)
 pci1_cs3_boot_remap  : 0x00000000 (b/s 0x00000000)
 pci0_swapped_ras10_r : 0x00000000 (b/s 0x00000000)
 pci1_swapped_ras10_r : 0x00000000 (b/s 0x00000000)
 pci0_swapped_ras32_r : 0x00000000 (b/s 0x00000000)
 pci1_swapped_ras32_r : 0x00000000 (b/s 0x00000000)
 pci0_swapped_cs3_boo : 0x00000000 (b/s 0x00000000)
 pci1_swapped_cs3_boo : 0x00000000 (b/s 0x00000000)
 pci0_base_addr_regs_ : 0x00000000 (b/s 0x00000000)
Interrupt Control :
 pci_int_cause        : 0x00000000 (b/s 0x00000000)
 pci_high_int_cause   : 0x00000000 (b/s 0x00000000)
 pci_cpu_mask         : 0xF00F0000 (b/s 0x00000FF0)
 pci_high_cpu_mask    : 0x00000000 (b/s 0x00000000)
 pci_pci_mask         : 0x00000000 (b/s 0x00000000)
 pci0_high_pci_mask   : 0x00000000 (b/s 0x00000000)
 pci1_int_cause_mask  : 0x00000000 (b/s 0x00000000)
 pci1_high_int_cause_ : 0x00000000 (b/s 0x00000000)
 pci_serr_mask        : 0x00000000 (b/s 0x00000000)
 pci1_serr_mask       : 0x00000000 (b/s 0x00000000)
 pci0_int_select      : 0x00000000 (b/s 0x00000000)
 pci1_int_select      : 0x00000000 (b/s 0x00000000)
 cpu_int_select       : 0x00000000 (b/s 0x00000000)


------------------ show sysctlr ------------------



------------------ show buffers ------------------


Buffer elements:
     1093 in free list 
     20678 hits, 0 misses, 617 created

Public buffer pools:
Small buffers, 104 bytes (total 71, permanent 50, peak 71 @ 01:04:19):
     71 in free list (20 min, 150 max allowed)
     5241 hits, 7 misses, 0 trims, 21 created
     0 failures (0 no memory)
Middle buffers, 600 bytes (total 80, permanent 25, peak 80 @ 00:35:27):
     63 in free list (10 min, 150 max allowed)
     6719 hits, 19 misses, 0 trims, 55 created
     0 failures (0 no memory)
Big buffers, 1536 bytes (total 51, permanent 50, peak 51 @ 01:04:28):
     51 in free list (5 min, 150 max allowed)
     1418 hits, 0 misses, 0 trims, 1 created
     0 failures (0 no memory)
VeryBig buffers, 4520 bytes (total 11, permanent 10, peak 11 @ 01:04:28):
     11 in free list (0 min, 100 max allowed)
     0 hits, 0 misses, 0 trims, 1 created
     0 failures (0 no memory)
Large buffers, 5024 bytes (total 1, permanent 0, peak 1 @ 01:04:33):
     1 in free list (0 min, 10 max allowed)
     0 hits, 0 misses, 0 trims, 1 created
     0 failures (0 no memory)
Huge buffers, 18024 bytes (total 1, permanent 0, peak 1 @ 01:04:33):
     1 in free list (0 min, 4 max allowed)
     0 hits, 0 misses, 0 trims, 1 created
     0 failures (0 no memory)

Interface buffer pools:
Generic ED Pool buffers, 512 bytes (total 101, permanent 100, peak 101 @ 01:04:24):
     101 in free list (100 min, 100 max allowed)
     8 hits, 0 misses
Syslog ED Pool buffers, 600 bytes (total 133, permanent 132, peak 133 @ 01:04:24):
     101 in free list (132 min, 132 max allowed)
     119 hits, 0 misses
IPC buffers, 4096 bytes (total 2, permanent 2):
     1 in free list (1 min, 8 max allowed)
     1 hits, 0 fallbacks, 0 trims, 0 created
     0 failures (0 no memory)
IPC Medium buffers, 16384 bytes (total 2, permanent 2):
     2 in free list (1 min, 8 max allowed)
     0 hits, 0 fallbacks, 0 trims, 0 created
     0 failures (0 no memory)
IPC Large buffers, 65535 bytes (total 17, permanent 16, peak 17 @ 01:04:33):
     17 in free list (16 min, 16 max allowed)
     0 hits, 0 misses, 64 trims, 65 created
     0 failures (0 no memory)

Header pools:
Header buffers, 0 bytes (total 512, permanent 256, peak 512 @ 01:04:32):
     256 in free list (256 min, 1024 max allowed)
     171 hits, 85 misses, 0 trims, 256 created
     0 failures (0 no memory)
     256 max cache size, 256 in cache
     0 hits in cache, 0 misses in cache

Particle Clones:
     1024 clones, 0 hits, 0 misses

Public particle pools:
F/S buffers, 128 bytes (total 512, permanent 512):
     0 in free list (0 min, 512 max allowed)
     512 hits, 0 misses, 0 trims, 0 created
     0 failures (0 no memory)
     512 max cache size, 512 in cache
     0 hits in cache, 0 misses in cache
Normal buffers, 512 bytes (total 2048, permanent 2048):
     2048 in free list (1024 min, 4096 max allowed)
     0 hits, 0 misses, 0 trims, 0 created
     0 failures (0 no memory)

Private particle pools:
HQF Particle buffers, 0 bytes (total 2000, permanent 2000):
     2000 in free list (500 min, 2000 max allowed)
     0 hits, 0 misses, 0 trims, 0 created
     0 failures (0 no memory)
FastEthernet0/0 buffers, 512 bytes (total 400, permanent 400):
     0 in free list (0 min, 400 max allowed)
     400 hits, 0 fallbacks
     400 max cache size, 271 in cache
     393 hits in cache, 0 misses in cache
     14 buffer threshold, 0 threshold transitions
FastEthernet1/0 buffers, 768 bytes (total 529, permanent 400):
     129 in free list (128 min, 1200 max allowed)
     357 hits, 43 misses, 0 trims, 129 created
     0 failures (0 no memory)
     400 max cache size, 272 in cache
     226 hits in cache, 0 misses in cache
     14 buffer threshold, 0 threshold transitions
FastEthernet1/1 buffers, 768 bytes (total 529, permanent 400):
     129 in free list (128 min, 1200 max allowed)
     357 hits, 43 misses, 0 trims, 129 created
     0 failures (0 no memory)
     400 max cache size, 272 in cache
     128 hits in cache, 0 misses in cache
     14 buffer threshold, 0 threshold transitions
FastEthernet2/0 buffers, 768 bytes (total 529, permanent 400):
     129 in free list (128 min, 1200 max allowed)
     357 hits, 43 misses, 0 trims, 129 created
     0 failures (0 no memory)
     400 max cache size, 272 in cache
     128 hits in cache, 0 misses in cache
     14 buffer threshold, 0 threshold transitions
FastEthernet2/1 buffers, 768 bytes (total 529, permanent 400):
     129 in free list (128 min, 1200 max allowed)
     357 hits, 43 misses, 0 trims, 129 created
     0 failures (0 no memory)
     400 max cache size, 272 in cache
     128 hits in cache, 0 misses in cache
     14 buffer threshold, 0 threshold transitions
FastEthernet3/0 buffers, 768 bytes (total 529, permanent 400):
     129 in free list (128 min, 1200 max allowed)
     357 hits, 43 misses, 0 trims, 129 created
     0 failures (0 no memory)
     400 max cache size, 272 in cache
     4101 hits in cache, 0 misses in cache
     14 buffer threshold, 0 threshold transitions
FastEthernet3/1 buffers, 768 bytes (total 529, permanent 400):
     129 in free list (128 min, 1200 max allowed)
     357 hits, 43 misses, 0 trims, 129 created
     0 failures (0 no memory)
     400 max cache size, 272 in cache
     128 hits in cache, 0 misses in cache
     14 buffer threshold, 0 threshold transitions



------------------ show buffers usage ------------------


Statistics for the Small pool
Number of Buffers used by packets generated by system:   71
Number of Buffers used by incoming packets:               0

Statistics for the Middle pool
Output IDB   :      Fa3/0 count:        6
Caller pc    : 0x60F30C28 count:        6
Resource User: SSH Proces count:        6
Caller pc    : 0x62CC2180 count:        1
Resource User:   IP Input count:        1
Number of Buffers used by packets generated by system:   79
Number of Buffers used by incoming packets:               1

Statistics for the Big pool
Number of Buffers used by packets generated by system:   51
Number of Buffers used by incoming packets:               0

Statistics for the VeryBig pool
Number of Buffers used by packets generated by system:   11
Number of Buffers used by incoming packets:               0

Statistics for the Large pool
Number of Buffers used by packets generated by system:    1
Number of Buffers used by incoming packets:               0

Statistics for the Huge pool
Number of Buffers used by packets generated by system:    1
Number of Buffers used by incoming packets:               0

Statistics for the Generic ED Pool pool
Number of Buffers used by packets generated by system:  101
Number of Buffers used by incoming packets:               0

Statistics for the Syslog ED Pool pool
Caller pc    : 0x60869E4C count:       32
Resource User: EEM ED Sys count:       32
Number of Buffers used by packets generated by system:  133
Number of Buffers used by incoming packets:               0

Statistics for the IPC pool
Caller pc    : 0x62B99048 count:        1
Resource User:       Init count:        1
Number of Buffers used by packets generated by system:    2
Number of Buffers used by incoming packets:               0

Statistics for the IPC Medium pool
Number of Buffers used by packets generated by system:    2
Number of Buffers used by incoming packets:               0

Statistics for the IPC Large pool
Number of Buffers used by packets generated by system:   17
Number of Buffers used by incoming packets:               0

Statistics for the Header pool
Number of Buffers used by packets generated by system:  512
Number of Buffers used by incoming packets:               0

Statistics for the FS Header pool
Caller pc    : 0x62E4D3C0 count:        1
Resource User:       Init count:       22
Caller pc    : 0x62EFFE98 count:        6
Caller pc    : 0x63270364 count:        1
Caller pc    : 0x60982398 count:        1
Caller pc    : 0x63337A38 count:        1
Caller pc    : 0x633380B4 count:        1
Caller pc    : 0x620CE954 count:        8
Caller pc    : 0x62B0570C count:        1
Caller pc    : 0x61231678 count:        1
Caller pc    : 0x63337A78 count:        1
Number of Buffers used by packets generated by system:   38
Number of Buffers used by incoming packets:               0

Statistics for the l2frag pak pool pool
Number of Buffers used by packets generated by system:    0
Number of Buffers used by incoming packets:               0

Statistics for the SW Crypto Header pool
Caller pc    : 0x629FCC8C count:        1
Resource User:       Init count:        1
Number of Buffers used by packets generated by system:    2
Number of Buffers used by incoming packets:               0

Statistics for the Crypto Fragmentation Header pool
Caller pc    : 0x63672E1C count:        1
Resource User:       Init count:        1
Number of Buffers used by packets generated by system:    2
Number of Buffers used by incoming packets:               0



CR-R1#
DEBUG:netmiko:read_channel: 
DEBUG:netmiko:read_channel: 
DEBUG:netmiko:read_channel: 
DEBUG:netmiko:write_channel: b'\n'
DEBUG:netmiko:read_channel: 
DEBUG:netmiko:read_channel: 
CR-R1#
DEBUG:netmiko:read_channel: 
DEBUG:netmiko:read_channel: 
DEBUG:netmiko:read_channel: 
DEBUG:netmiko:[find_prompt()]: prompt is CR-R1#
DEBUG:netmiko:write_channel: b'\n'
DEBUG:netmiko:read_channel: 
DEBUG:netmiko:read_channel: 
DEBUG:netmiko:write_channel: b'exit\n'
DEBUG:paramiko.transport:EOF in transport thread
DEBUG:netmiko:read_channel: 
CR-R1#
DEBUG:netmiko:read_channel: 
DEBUG:netmiko:read_channel: 
DEBUG:netmiko:read_channel: 
DEBUG:netmiko:read_channel: 
DEBUG:netmiko:read_channel: 
------------------ show region ------------------


Region Manager:

      Start         End     Size(b)  Class  Media  Name
 0x0E000000  0x0FFFFFFF    33554432  Iomem  R/W    iomem
 0x60000000  0x7DFFFFFF   503316480  Local  R/W    main
 0x60008EB0  0x6386285F    59087280  IText  R/O    main:text
 0x63864000  0x64EB8C1F    23415840  IData  R/W    main:data
 0x64EB8C20  0x6558E3FF     7165920  IBss   R/W    main:bss
 0x6558E400  0x6658E3FF    16777216  Local  R/W    main:heap
 0x6658E4A0  0x6758E49F    16777216  Local  R/W    main:heap
 0x6758E540  0x6858E53F    16777216  Local  R/W    main:heap
 0x6858E5E0  0x6958E5DF    16777216  Local  R/W    main:heap
 0x7D000000  0x7DFFFFFF    16777216  Local  R/W    main:heap
 0x7E000000  0x7FFFFFFF    33554432  Iomem  R/W    iomem:(iomem_cwt)
 0x80000000  0x8DFFFFFF   234881024  Local  R/W    main:(main_k0)
 0xA0000000  0xADFFFFFF   234881024  Local  R/W    main:(main_k1)


Free Region Manager:

      Start         End     Size(b)  Class  Media  Name
 0x6958E680  0x7CFFFF5F   329717984  Local  R/W    heap



------------------ Mempool statistics ------------------


                Head    Total(b)     Used(b)     Free(b)   Lowest(b)  Largest(b)
Processor   6558E400   396826796    54091268   342735528   341688904   329717932
      I/O    E000000    33554432     5805924    27748508    27743012    27733404
Transient   7D000000    16777216      212024    16565192    16565192    16564348

-------------- Top 100 allocator pc summary -----------


Allocator PC Summary for: Processor
Displayed first 2048 Allocator PCs only

    PC          Total   Count  Name
0x6317567C    2255300     275  Process Stack
0x62827634    2182116     115  XOS_MEM_BASE
0x62BED270    1937628       2  RMON packet pool
0x62D5082C    1771740     965  *Packet Header*
0x62D50888    1331016     253  *Packet Data*
0x605DA3CC    1106016      12  event_trace_tbs
0x60C3A028    1040156       2  mfib_db
0x61E135B4    1036460    1108  *Init*
0x61E074C0    1006620      99  TW Buckets
0x61F7C7C4     880156       2  cef_interface
0x62022F18     880156       2  adjacency
0x60D4C214     880156       2  multicast topology
0x62D55330     738944      17  pak subblock chunk
0x60C6C150     640156       2  mfib_wire
0x62069200     640156       2  cef_ipv4
0x620E1158     640156       2  cef_ipv6
0x61BCD4AC     640156       2  event
0x60544020     595208      73  Init
0x60C3C660     560156       2  mfib_table
0x60C8856C     560156       2  mfib_ipv4
0x60C8C890     560156       2  mfib_ipv6
0x608D35A0     543276    5430  Init
0x6326723C     524340       1  L2X Hash Table
0x62D55FDC     514476     186  Normal
0x600625C4     480156       2  ARP
0x6281F048     467804      25  AToM LDP Adj Chunk
0x608D35C0     460956    5289  Init
0x61C77778     426344       5  Init
0x608D35B4     420268    5430  Init
0x61CCD4A8     408228       1  Init
0x60C2E458     400156       2  mfib_cable
0x60C50080     400156       2  mfib_events
0x61FD1E84     400156       2  oce_events
0x619187A8     384156       2  ppcp
0x61986290     384156       2  ppm
0x619EAB40     384156       2  ffmshim
0x634B8F40     376988       2  gdoi_exit
0x62B99768     341524    3169  IPC Global Info
0x62D60974     324660       1  Init
0x62D60988     324660       1  Init
0x62334658     312496    1059  PfR BR Appl Namelist: Column
0x61476584     291560       7  RRR_AUTOMESH hw subblock
0x63710374     269488      48  LSP_VIF radix trie
0x6371F6B4     262560       8  XC ST PW OAM Mgr DB
0x62B5B494     262352       4  IPC Message Hea
0x61CEE28C     262352       4  STP Port Control Block Chunk
0x61F73B4C     262248       2  CEF: hash table
0x605CFC24     262196       1  Init
0x61DB7160     232156       2  tunnel
0x61E50E40     228228     273  Process
0x615C21F0     197412       6  DSensor 256
0x62E78258     196764       3  Init
0x604BFADC     188240       1  NET ACCT LISTS
0x604BFB00     188240       1  SYS ACCT LISTS
0x604BFB28     188240       1  VRRS ACCT LISTS
0x6047FEB4     184236       1  DOT1X ACC LISTS
0x6047FEDC     184236       1  EOU ACC LISTS
0x6047FF14     184236       1  PPP ACC LISTS
0x6047FF50     168220       1  NET AUTHOR LISTS
0x6047FF80     168220       1  SUBSCRIBER-PROFILE AUTHOR LISTS
0x6009750C     153268       1  Init
0x6368350C     152156       2  tp_ss_events
0x6296C234     149524    1947  Init
0x61CCDAEC     149328       9  NBAR Attr Chunk
0x6119A460     144052       1  MPLS Event log
0x635037B0     140156       2  cfd
0x60628334     136156       2  nvram
0x61E00F24     132736       8  uEvent Elements
0x62007DD4     132008       4  TAL: MTRIE n08
0x604D3528     131512       4  AAA Huge Chunk
0x609F5828     131176       2  blt array
0x62D5CBF0     131124       1  *Init*
0x633B5EB0     131124       1  IP Lite hash buckets
0x61DCD64C     130676      13  RMI RO-RU Chunk
0x6365D168     128156       2  flexvpn
0x608A9204     128052       1  Init
0x61F78494     128052       1  CEF: fibidb table
0x61F784B4     128052       1  CEF: fibhwidb table
0x61A447D4     128052       1  Init
0x622E7EC8     112156       2  nhrp_error
0x63719B54     110064       5  RIB App Handlee Allocator
0x60539FC8     109968    1300  Parser Linkage
0x607D694C     105156      23  EEM Server
0x607D68B8     105156      23  EEM Server
0x607D68C8     105156      23  EEM Server
0x604D2A28      98356       1  AAA attr list handle IDs
0x6373DFD4      96128     279  *Init*
0x61E01890      94180      18  List Headers
0x608C2F64      93608     650  Init
0x61FCC8DC      92084       4  OCE reinject ha
0x6331607C      90692       3  BITLIST CHUNK
0x60906790      88156       2  fnf_mon
0x60DF5A58      87600       2  MVPN IDB up/down process queue events
0x62E781AC      85560      70  Init
0x608CAF60      84680     868  Init
0x61DF9D70      84076      29  keepalive
0x61336C0C      84052       1  Init
0x62D55F50      83512      30  Normal
0x61E01E18      80416       8  List Elements
0x622E7EFC      80156       2  nhrp_exception


Allocator PC Summary for: I/O

    PC          Total   Count  Name
0x62D56000    4752640      84  Normal
0x62D55F50     738944      10  Normal
0x62D50888     262432     216  *Packet Data*
0x62EFFA20      24960       6  FastEthernet1/0
0x62EFF994      12672       6  FastEthernet1/0
0x62C72598       4160       1  Init
0x62E51A54       4160       1  FastEthernet0/0
0x62E519C8       2112       1  FastEthernet0/0
0x62E519A4        256       1  FastEthernet0/0


Allocator PC Summary for: Transient

    PC          Total   Count  Name
0x60230C80     196764       3  BGP (2) update
0x61E4CDC0      15156       3  Watcher Info


------------------ show dmvpn detail ------------------

Legend: Attrb --> S - Static, D - Dynamic, I - Incomplete
	N - NATed, L - Local, X - No Socket
	# Ent --> Number of NHRP entries with same NBMA peer
	NHS Status: E --> Expecting Replies, R --> Responding, W --> Waiting
	UpDn Time --> Up or Down Time for a Tunnel
==========================================================================


------------------ show diag ------------------


Slot 0:
	Fast-ethernet on C7200 I/O card with MII or RJ45 Port adapter, 1 port
	Port adapter is analyzed 
	Port adapter insertion time 01:04:48 ago
	EEPROM contents at hardware discovery:
	Hardware revision 1.14        	Board revision A0
	Serial number     4294967295	Part number    73-2956-02
	FRU Part Number:  C7200-IO-FE-MII/RJ45=

	Test history      0x0         	RMA number     00-00-00
	EEPROM format version 1
	EEPROM contents (hex):
	  0x20: 01 83 01 0E FF FF FF FF 49 0B 8C 02 00 00 00 00
	  0x30: 50 00 00 00 98 12 28 00 00 FF FF FF FF FF FF FF

Slot 1:
	Dual Port FastEthernet (RJ45) Port adapter, 2 ports
	Port adapter is analyzed 
	Port adapter insertion time 01:04:48 ago
	EEPROM contents at hardware discovery:
	Controller Type          : 548
	Hardware Revision        : 1.0
	PCB Serial Number        : XXX00000000
	PCB Part Number          : 73-5420-04
	Board Revision           : A0
	RMA Test History         : 00
	RMA Number               : 0-0-0-0
	RMA History              : 00
	Deviation Number         : 0-0
	Product Identifier (PID) : PA-2FE-FX           
	Top Assy. Part Number    : 800-08352-04
	EEPROM format version 4
	EEPROM contents (hex):
	  0x00: 04 FF 40 02 24 41 01 00 C1 8B 58 58 58 30 30 30
	  0x10: 30 30 30 30 30 82 49 15 2C 04 42 41 30 03 00 81
	  0x20: 00 00 00 00 04 00 80 00 00 00 00 CB 94 50 41 2D
	  0x30: 32 46 45 2D 46 58 20 20 20 20 20 20 20 20 20 20
	  0x40: 20 C0 46 03 20 00 20 A0 04 FF FF FF FF FF FF FF
	  0x50: FF FF FF FF FF FF FF FF FF FF FF FF FF FF FF FF
	  0x60: FF FF FF FF FF FF FF FF FF FF FF FF FF FF FF FF
	  0x70: FF FF FF FF FF FF FF FF FF FF FF FF FF FF FF FF

Slot 2:
	Dual Port FastEthernet (RJ45) Port adapter, 2 ports
	Port adapter is analyzed 
	Port adapter insertion time 01:04:48 ago
	EEPROM contents at hardware discovery:
	Controller Type          : 548
	Hardware Revision        : 1.0
	PCB Serial Number        : XXX00000000
	PCB Part Number          : 73-5420-04
	Board Revision           : A0
	RMA Test History         : 00
	RMA Number               : 0-0-0-0
	RMA History              : 00
	Deviation Number         : 0-0
	Product Identifier (PID) : PA-2FE-FX           
	Top Assy. Part Number    : 800-08352-04
	EEPROM format version 4
	EEPROM contents (hex):
	  0x00: 04 FF 40 02 24 41 01 00 C1 8B 58 58 58 30 30 30
	  0x10: 30 30 30 30 30 82 49 15 2C 04 42 41 30 03 00 81
	  0x20: 00 00 00 00 04 00 80 00 00 00 00 CB 94 50 41 2D
	  0x30: 32 46 45 2D 46 58 20 20 20 20 20 20 20 20 20 20
	  0x40: 20 C0 46 03 20 00 20 A0 04 FF FF FF FF FF FF FF
	  0x50: FF FF FF FF FF FF FF FF FF FF FF FF FF FF FF FF
	  0x60: FF FF FF FF FF FF FF FF FF FF FF FF FF FF FF FF
	  0x70: FF FF FF FF FF FF FF FF FF FF FF FF FF FF FF FF

Slot 3:
	Dual Port FastEthernet (RJ45) Port adapter, 2 ports
	Port adapter is analyzed 
	Port adapter insertion time 01:04:47 ago
	EEPROM contents at hardware discovery:
	Controller Type          : 548
	Hardware Revision        : 1.0
	PCB Serial Number        : XXX00000000
	PCB Part Number          : 73-5420-04
	Board Revision           : A0
	RMA Test History         : 00
	RMA Number               : 0-0-0-0
	RMA History              : 00
	Deviation Number         : 0-0
	Product Identifier (PID) : PA-2FE-FX           
	Top Assy. Part Number    : 800-08352-04
	EEPROM format version 4
	EEPROM contents (hex):
	  0x00: 04 FF 40 02 24 41 01 00 C1 8B 58 58 58 30 30 30
	  0x10: 30 30 30 30 30 82 49 15 2C 04 42 41 30 03 00 81
	  0x20: 00 00 00 00 04 00 80 00 00 00 00 CB 94 50 41 2D
	  0x30: 32 46 45 2D 46 58 20 20 20 20 20 20 20 20 20 20
	  0x40: 20 C0 46 03 20 00 20 A0 04 FF FF FF FF FF FF FF
	  0x50: FF FF FF FF FF FF FF FF FF FF FF FF FF FF FF FF
	  0x60: FF FF FF FF FF FF FF FF FF FF FF FF FF FF FF FF
	  0x70: FF FF FF FF FF FF FF FF FF FF FF FF FF FF FF FF


------------------ show c7200 ------------------

Network IO Interrupt Throttling:
 throttle count=0, timer count=0
 active=0, configured=0
 netint usec=4000, netint mask usec=200

Midplane EEPROM:
	Hardware revision 2.1         	Board revision M0
	Serial number     4279256517	Part number    73-1539-03
	Test history      0x0         	RMA number     00-00-00
	MAC Pool Size     1024      	MAC Addr Base  ca06.0b27.0000
	Chassis Model     0x6         
	EEPROM format version 1
	EEPROM contents (hex):
	  0x00: 01 06 02 01 FF 10 45 C5 49 06 03 03 CA 06 0B 27
	  0x10: 00 00 04 00 00 00 00 00 4C 09 10 B0 FF FF 00 FF
	  0x20: 64 EC 00 00 65 7C 93 94 68 BD DA 58 65 7C 93 94
	  0x30: 68 CE 2C F8 68 BD DA 58 00 00 00 00 64 EC 00 00

C7206VXR CPU EEPROM:
	Controller Type          : 504
	Hardware Revision        : 1.0
	Top Assy. Part Number    : 800-08136-02
	PCB Part Number          : 73-5308-02
	Board Revision           : B0
	PCB Serial Number        : 11111111
	RMA History              : 00
	Fab Version              : 02
	Fab Part Number          : 28-4086-02
	Product Identifier (PID) : NPE-400
	Deviation Number         : 0-0
	EEPROM format version 4
	EEPROM contents (hex):
	  0x00: 04 FF 40 01 F8 41 01 00 C0 46 03 20 00 1F C8 02
	  0x10: 82 49 14 BC 02 42 42 30 C1 8B 31 31 31 31 31 31
	  0x20: 31 31 00 00 00 04 00 02 02 85 1C 0F F6 02 CB 87
	  0x30: 4E 50 45 2D 34 30 30 80 00 00 00 00 FF FF FF FF
	  0x40: FF FF FF FF FF FF FF FF FF FF FF FF FF FF FF FF
	  0x50: FF FF FF FF FF FF FF FF FF FF FF FF FF FF FF FF
	  0x60: FF FF FF FF FF FF FF FF FF FF FF FF FF FF FF FF
	  0x70: FF FF FF FF FF FF FF FF FF FF FF FF FF FF FF FF

TLB entries (51/64 used):
Virt Address range      Phy Address range         Attributes
0x4B000000:0x4B1FFFFF   0x14B000000:0x14B1FFFFF   CacheMode=2, RW, Valid
0x4B200000:0x4B3FFFFF   0x14B200000:0x14B3FFFFF   CacheMode=2, RW, Valid
0x10000000:0x10001FFF   0x100000000:0x100001FFF   CacheMode=2, RW, Valid
0x40000000:0x41FFFFFF   0x040000000:0x041FFFFFF   CacheMode=2, RW, Valid
0x44000000:0x45FFFFFF   0x044000000:0x045FFFFFF   CacheMode=2, RW, Valid
0x3C000000:0x3C7FFFFF   0x048000000:0x0487FFFFF   CacheMode=2, RW, Valid
0x3C800000:0x3CFFFFFF   0x048800000:0x048FFFFFF   CacheMode=2, RW, Valid
0x3D000000:0x3D7FFFFF   0x04D000000:0x04D7FFFFF   CacheMode=2, RW, Valid
0x3D800000:0x3DFFFFFF   0x049000000:0x0497FFFFF   CacheMode=2, RW, Valid
0x3E000000:0x3E7FFFFF   0x04D800000:0x04DFFFFFF   CacheMode=2, RW, Invalid
0x3E800000:0x3EFFFFFF   0x049800000:0x049FFFFFF   CacheMode=2, RW, Invalid
0x3F000000:0x3F7FFFFF   0x04E000000:0x04E7FFFFF   CacheMode=2, RW, Invalid
0x1FC00000:0x1FC7FFFF   0x01FC00000:0x01FC7FFFF   CacheMode=2, RO, Valid
0x1E000000:0x1E1FFFFF   0x01E000000:0x01E1FFFFF   CacheMode=2, RW, Valid
0x1E800000:0x1E9FFFFF   0x01E800000:0x01E9FFFFF   CacheMode=2, RW, Valid
0xFE000000:0xFE07FFFF   0x0FE000000:0x0FE07FFFF   CacheMode=2, RW, Valid
0x60000000:0x61FFFFFF   0x000000000:0x001FFFFFF   CacheMode=3, RO, Valid
0x62000000:0x627FFFFF   0x002000000:0x0027FFFFF   CacheMode=3, RO, Valid
0x62800000:0x62FFFFFF   0x002800000:0x002FFFFFF   CacheMode=3, RO, Valid
0x63000000:0x637FFFFF   0x003000000:0x0037FFFFF   CacheMode=3, RO, Valid
0x63800000:0x6381FFFF   0x003800000:0x00381FFFF   CacheMode=3, RO, Valid
0x63820000:0x6383FFFF   0x003820000:0x00383FFFF   CacheMode=3, RO, Valid
0x63840000:0x6385FFFF   0x003840000:0x00385FFFF   CacheMode=3, RO, Valid
0x63860000:0x63861FFF   0x003860000:0x003861FFF   CacheMode=3, RO, Valid
0x63862000:0x63863FFF   0x003862000:0x003863FFF   CacheMode=3, RO, Valid
0x63864000:0x63865FFF   0x003864000:0x003865FFF   CacheMode=3, RW, Valid
0x63866000:0x63867FFF   0x003866000:0x003867FFF   CacheMode=3, RW, Valid
0x63868000:0x6386FFFF   0x003868000:0x00386FFFF   CacheMode=3, RW, Valid
0x63870000:0x63877FFF   0x003870000:0x003877FFF   CacheMode=3, RW, Valid
0x63878000:0x6387FFFF   0x003878000:0x00387FFFF   CacheMode=3, RW, Valid
0x63880000:0x638FFFFF   0x003880000:0x0038FFFFF   CacheMode=3, RW, Valid
0x63900000:0x6397FFFF   0x003900000:0x00397FFFF   CacheMode=3, RW, Valid
0x63980000:0x639FFFFF   0x003980000:0x0039FFFFF   CacheMode=3, RW, Valid
0x63A00000:0x63BFFFFF   0x003A00000:0x003BFFFFF   CacheMode=3, RW, Valid
0x63C00000:0x63DFFFFF   0x003C00000:0x003DFFFFF   CacheMode=3, RW, Valid
0x63E00000:0x63FFFFFF   0x003E00000:0x003FFFFFF   CacheMode=3, RW, Valid
0x64000000:0x65FFFFFF   0x004000000:0x005FFFFFF   CacheMode=3, RW, Valid
0x66000000:0x67FFFFFF   0x006000000:0x007FFFFFF   CacheMode=3, RW, Valid
0x68000000:0x69FFFFFF   0x008000000:0x009FFFFFF   CacheMode=3, RW, Valid
0x6A000000:0x6BFFFFFF   0x00A000000:0x00BFFFFFF   CacheMode=3, RW, Valid
0x6C000000:0x6DFFFFFF   0x00C000000:0x00DFFFFFF   CacheMode=3, RW, Valid
0x6E000000:0x6FFFFFFF   0x020000000:0x021FFFFFF   CacheMode=3, RW, Valid
0x70000000:0x71FFFFFF   0x022000000:0x023FFFFFF   CacheMode=3, RW, Valid
0x72000000:0x73FFFFFF   0x024000000:0x025FFFFFF   CacheMode=3, RW, Valid
0x74000000:0x75FFFFFF   0x026000000:0x027FFFFFF   CacheMode=3, RW, Valid
0x76000000:0x77FFFFFF   0x028000000:0x029FFFFFF   CacheMode=3, RW, Valid
0x78000000:0x79FFFFFF   0x02A000000:0x02BFFFFFF   CacheMode=3, RW, Valid
0x7A000000:0x7BFFFFFF   0x02C000000:0x02DFFFFFF   CacheMode=3, RW, Valid
0x7C000000:0x7DFFFFFF   0x02E000000:0x02FFFFFFF   CacheMode=3, RW, Valid
0x0E000000:0x0FFFFFFF   0x00E000000:0x00FFFFFFF   CacheMode=2, RW, Valid
0x7E000000:0x7FFFFFFF   0x00E000000:0x00FFFFFFF   CacheMode=0, RW, Valid

0 spurious cache errors detected.


System Controller Network Interrupts
 Wrapper is NOT installed

Registered Interrupts:
 Level Mask               Count      Data       Interrupt Handler


------------------ show pci hardware ------------------


GT64120 External PCI Configuration registers:
PCI_0:
 Vendor / Device ID   : 0xAB112046 (b/s 0x462011AB)
 Status / Command     : 0x00000000 (b/s 0x00000000)
 Class / Revision     : 0x05800003 (b/s 0x03008005)
 Latency              : 0x00000000 (b/s 0x00000000)
 RAS[1:0] Base        : 0x00000000 (b/s 0x00000000)
 RAS[3:2] Base        : 0x00000000 (b/s 0x00000000)
 CS[2:0] Base         : 0x00000000 (b/s 0x00000000)
 CS[3] Base           : 0x00000000 (b/s 0x00000000)
 Mem Map Base         : 0x00000000 (b/s 0x00000000)
 IO Map Base          : 0x00000000 (b/s 0x00000000)
 Subsystem Vendor / D : 0x00000000 (b/s 0x00000000)
 Int Pin / Line       : 0x00000000 (b/s 0x00000000)
 Swap RAS[1:0] Base   : 0x00000000 (b/s 0x00000000)
 Swap RAS[3:2] Base   : 0x00000000 (b/s 0x00000000)
 Swap CS[3] Base      : 0x00000000 (b/s 0x00000000)
PCI_1:
 Vendor / Device ID   : 0x00000000 (b/s 0x00000000)
 Status / Command     : 0x00000000 (b/s 0x00000000)
 Class / Revision     : 0x00000000 (b/s 0x00000000)
 Latency              : 0x00000000 (b/s 0x00000000)
 RAS[1:0] Base        : 0x00000000 (b/s 0x00000000)
 RAS[3:2] Base        : 0x00000000 (b/s 0x00000000)
 CS[2:0] Base         : 0x00000000 (b/s 0x00000000)
 CS[3] Base           : 0x00000000 (b/s 0x00000000)
 Mem Map Base         : 0x00000000 (b/s 0x00000000)
 IO Map Base          : 0x00000000 (b/s 0x00000000)
 Subsystem Vendor / D : 0x00000000 (b/s 0x00000000)
 Int Pin / Line       : 0x00000000 (b/s 0x00000000)
 Swap RAS[1:0] Base   : 0x00000000 (b/s 0x00000000)
 Swap RAS[3:2] Base   : 0x00000000 (b/s 0x00000000)
 Swap CS[3] Base      : 0x00000000 (b/s 0x00000000)

Bridge 0, for PA Bay 0 (I/O Card, PCMCIA, Interfaces), Handle=0
DEC21050 bridge chip, config=0x0
(0x00):dev, vendor id       = 0x00011011
(0x04):status, command      = 0x00000000
(0x08):class code, revid    = 0x06040000
(0x0C):hdr, lat timer, cls  = 0x00000000
(0x18):sec lat,cls & bus no = 0x18020100
(0x1C):sec status, io base  = 0x00000000
(0x20):mem base & limit     = 0x00000000
(0x24):prefetch membase/lim = 0x00000000
(0x3C):bridge ctrl          = 0x00000000
(0x40):arb/serr, chip ctrl  = 0x00000000
(0x44):pri/sec trgt wait t. = 0x00000000
(0x48):sec write attmp ctr  = 0x00000000
(0x4C):pri write attmp ctr  = 0x00000000

CLPD6729 registers:
 (0x00) Chip Revision = 0x48
 (0x1E) Misc Control 2 = 0x08
 (0x1F) Chip Information = 0x00

 Socket 0:
  (0x01) Interface Status = 0xEF
  (0x02) Power Control = 0x90
  (0x03) Interrupt and General Control = 0x40
  (0x04) Card Status Change = 0x00
  (0x05) Management Interrupt Configuration = 0x38
  (0x06) Mapping Enable = 0x11
  (0x07) I/O Window Control = 0x00
  (0x08) System I/O Map 0 Start Address Low = 0x00
  (0x09) System I/O Map 0 Start Address High = 0x00
  (0x0A) System I/O Map 0 End Address Low = 0x00
  (0x0B) System I/O Map 0 End Address High = 0x00
  (0x0C) System I/O Map 1 Start Address Low = 0x00
  (0x0D) System I/O Map 1 Start Address High = 0x00
  (0x0E) System I/O Map 1 End Address Low = 0x00
  (0x0F) System I/O Map 1 End Address High = 0x00
  (0x10) System Memory Map 0 Start Address Low = 0x00
  (0x11) System Memory Map 0 Start Address High = 0x81
  (0x12) System Memory Map 0 End Address Low = 0xFF
  (0x13) System Memory Map 0 End Address High = 0x04
  (0x05 EXT) System Memory Map 0 Upper Address = 0x40
  (0x14) Card Memory Map 0 Offset Address Low = 0x00
  (0x15) Card Memory Map 0 Offset Address High = 0x3F
  (0x16) Misc Control 1 = 0x00
  (0x26) ATA Control = 0x00
  (0x17) FIFO Control = 0x80
  (0x18) System Memory Map 1 Start Address Low = 0x00
  (0x19) System Memory Map 1 Start Address High = 0x00
  (0x1A) System Memory Map 1 End Address Low = 0x00
  (0x1B) System Memory Map 1 End Address High = 0x00
  (0x06 EXT) System Memory Map 1 Upper Address = 0x40
  (0x1C) Card Memory Map 1 Offset Address Low = 0x00
  (0x1D) Card Memory Map 1 Offset Address High = 0x00
  (0x20) System Memory Map 2 Start Address Low = 0x00
  (0x21) System Memory Map 2 Start Address High = 0x00
  (0x22) System Memory Map 2 End Address Low = 0x00
  (0x23) System Memory Map 2 End Address High = 0x00
  (0x07 EXT) System Memory Map 2 Upper Address = 0x40
  (0x24) Card Memory Map 2 Offset Address Low = 0x00
  (0x25) Card Memory Map 2 Offset Address High = 0x00
  (0x26) ATA Control = 0x00
  (0x28) System Memory Map 3 Start Address Low = 0x00
  (0x29) System Memory Map 3 Start Address High = 0x00
  (0x2A) System Memory Map 3 End Address Low = 0x00
  (0x2B) System Memory Map 3 End Address High = 0x00
  (0x08 EXT) System Memory Map 3 Upper Address = 0x40
  (0x2C) Card Memory Map 3 Offset Address Low = 0x00
  (0x2D) Card Memory Map 3 Offset Address High = 0x00
  (0x30) System Memory Map 4 Start Address Low = 0x00
  (0x31) System Memory Map 4 Start Address High = 0x80
  (0x32) System Memory Map 4 End Address Low = 0xFF
  (0x33) System Memory Map 4 End Address High = 0x00
  (0x09 EXT) System Memory Map 4 Upper Address = 0x40
  (0x34) Card Memory Map 4 Offset Address Low = 0x00
  (0x35) Card Memory Map 4 Offset Address High = 0x40
  (0x36) Card I/O Map 0 Offset Address Low = 0x00
  (0x37) Card I/O Map 0 Offset Address High = 0x00
  (0x38) Card I/O Map 1 Offset Address Low = 0x00
  (0x39) Card I/O Map 1 Offset Address High = 0x00
  (0x3A) Setup Timing 0 = 0x04
  (0x3B) Command Timing 0 = 0x0A
  (0x3C) Recovery Timing 0 = 0x04
  (0x3D) Setup Timing 1 = 0x20
  (0x3E) Command Timing 1 = 0x48
  (0x3F) Recovery Timing 1 = 0x20
  (0x03 EXT) Extension Control 1 = 0x40
  (0x0B EXT) Extension Control 2 = 0x40

 Socket 1:
  (0x41) Interface Status = 0x80
  (0x42) Power Control = 0x90
  (0x43) Interrupt and General Control = 0x40
  (0x44) Card Status Change = 0x00
  (0x45) Management Interrupt Configuration = 0x38
  (0x46) Mapping Enable = 0x11
  (0x47) I/O Window Control = 0x00
  (0x48) System I/O Map 0 Start Address Low = 0x00
  (0x49) System I/O Map 0 Start Address High = 0x00
  (0x4A) System I/O Map 0 End Address Low = 0x00
  (0x4B) System I/O Map 0 End Address High = 0x00
  (0x4C) System I/O Map 1 Start Address Low = 0x00
  (0x4D) System I/O Map 1 Start Address High = 0x00
  (0x4E) System I/O Map 1 End Address Low = 0x00
  (0x4F) System I/O Map 1 End Address High = 0x00
  (0x50) System Memory Map 0 Start Address Low = 0x00
  (0x51) System Memory Map 0 Start Address High = 0x81
  (0x52) System Memory Map 0 End Address Low = 0xFF
  (0x53) System Memory Map 0 End Address High = 0x04
  (0x05 EXT) System Memory Map 0 Upper Address = 0x44
  (0x54) Card Memory Map 0 Offset Address Low = 0x00
  (0x55) Card Memory Map 0 Offset Address High = 0x3F
  (0x56) Misc Control 1 = 0x00
  (0x66) ATA Control = 0x00
  (0x57) FIFO Control = 0x80
  (0x58) System Memory Map 1 Start Address Low = 0x00
  (0x59) System Memory Map 1 Start Address High = 0x00
  (0x5A) System Memory Map 1 End Address Low = 0x00
  (0x5B) System Memory Map 1 End Address High = 0x00
  (0x06 EXT) System Memory Map 1 Upper Address = 0x44
  (0x5C) Card Memory Map 1 Offset Address Low = 0x00
  (0x5D) Card Memory Map 1 Offset Address High = 0x00
  (0x60) System Memory Map 2 Start Address Low = 0x00
  (0x61) System Memory Map 2 Start Address High = 0x00
  (0x62) System Memory Map 2 End Address Low = 0x00
  (0x63) System Memory Map 2 End Address High = 0x00
  (0x07 EXT) System Memory Map 2 Upper Address = 0x44
  (0x64) Card Memory Map 2 Offset Address Low = 0x00
  (0x65) Card Memory Map 2 Offset Address High = 0x00
  (0x66) ATA Control = 0x00
  (0x68) System Memory Map 3 Start Address Low = 0x00
  (0x69) System Memory Map 3 Start Address High = 0x00
  (0x6A) System Memory Map 3 End Address Low = 0x00
  (0x6B) System Memory Map 3 End Address High = 0x00
  (0x08 EXT) System Memory Map 3 Upper Address = 0x44
  (0x6C) Card Memory Map 3 Offset Address Low = 0x00
  (0x6D) Card Memory Map 3 Offset Address High = 0x00
  (0x70) System Memory Map 4 Start Address Low = 0x00
  (0x71) System Memory Map 4 Start Address High = 0x80
  (0x72) System Memory Map 4 End Address Low = 0xFF
  (0x73) System Memory Map 4 End Address High = 0x00
  (0x09 EXT) System Memory Map 4 Upper Address = 0x44
  (0x74) Card Memory Map 4 Offset Address Low = 0x00
  (0x75) Card Memory Map 4 Offset Address High = 0x40
  (0x76) Card I/O Map 0 Offset Address Low = 0x00
  (0x77) Card I/O Map 0 Offset Address High = 0x00
  (0x78) Card I/O Map 1 Offset Address Low = 0x00
  (0x79) Card I/O Map 1 Offset Address High = 0x00
  (0x7A) Setup Timing 0 = 0x04
  (0x7B) Command Timing 0 = 0x0A
  (0x7C) Recovery Timing 0 = 0x04
  (0x7D) Setup Timing 1 = 0x20
  (0x7E) Command Timing 1 = 0x48
  (0x7F) Recovery Timing 1 = 0x20
  (0x03 EXT) Extension Control 1 = 0x44
  (0x0B EXT) Extension Control 2 = 0x44


------------------ show pci controller ------------------


GT64120 Channel 0 DMA (Packet coalescing DMA engine):
 dma_list=0x667F3F4C, dma_ring=0xE187040, dma_entries=256
 dma_free=0x667F4410, dma_reqt=0x667F4410, dma_done=0x667F4410
 thread=0x667F43FC, thread_end=0x667F43FC
 backup_thread=0x0, backup_thread_end=0x0
 dma_working=0, dma_stalls=0, dma_stall_loop=0
 dma_complete=1049, post_coalesce_frames=1049
 exhausted_dma_entries=0, post_dma_callback=1034

GT64120 Rev level     : 5
GT64120 Register Dump : Registers at 0xB4000000
CPU Interface :
 cpu_interface_conf   : 0x00000000 (b/s 0x00000000)
 multi_gt             : 0x00000000 (b/s 0x00000000)
Processor Address Space :
 ras10_low            : 0x00000000 (b/s 0x00000000)
 ras10_high           : 0x7F000000 (b/s 0x0000007F)
 ras32_low            : 0x00010000 (b/s 0x00000100)
 ras32_high           : 0x7F000000 (b/s 0x0000007F)
 cs20_low             : 0x00000000 (b/s 0x00000000)
 cs20_high            : 0x00000000 (b/s 0x00000000)
 cs3_boot_low         : 0x00000000 (b/s 0x00000000)
 cs3_boot_high        : 0x00000000 (b/s 0x00000000)
 pci_io_low           : 0x00000000 (b/s 0x00000000)
 pci_io_high          : 0x00000000 (b/s 0x00000000)
 pci_mem_low          : 0x00000000 (b/s 0x00000000)
 pci_mem_high         : 0x00000000 (b/s 0x00000000)
 pci_mem1_low         : 0x00000000 (b/s 0x00000000)
 pci_mem1_high        : 0x00000000 (b/s 0x00000000)
 pci1_io_low          : 0x00000000 (b/s 0x00000000)
 pci1_io_high         : 0x00000000 (b/s 0x00000000)
 pci1_mem0_low        : 0x00000000 (b/s 0x00000000)
 pci1_mem0_high       : 0x00000000 (b/s 0x00000000)
 pci1_mem1_low        : 0x00000000 (b/s 0x00000000)
 pci1_mem1_high       : 0x00000000 (b/s 0x00000000)
 internal_spc_decode  : 0x00000000 (b/s 0x00000000)
 bus_err_low          : 0x00000000 (b/s 0x00000000)
 bus_err_high         : 0x00000000 (b/s 0x00000000)
 pci0_sync_barrier    : 0x00000000 (b/s 0x00000000)
 pci1_sync_barrier    : 0x00000000 (b/s 0x00000000)
 ras10_addr_remap     : 0x00000000 (b/s 0x00000000)
 ras32_addr_remap     : 0x00000000 (b/s 0x00000000)
 cs20_remap           : 0x00000000 (b/s 0x00000000)
 cs3_boot_remap       : 0x00000000 (b/s 0x00000000)
 pci0_io_remap        : 0x00000000 (b/s 0x00000000)
 pci0_mem0_remap      : 0x00000000 (b/s 0x00000000)
 pci0_mem1_remap      : 0x00000000 (b/s 0x00000000)
 pci1_io_remap        : 0x00000000 (b/s 0x00000000)
 pci1_mem0_remap      : 0x00000000 (b/s 0x00000000)
 pci1_mem1_remap      : 0x00000000 (b/s 0x00000000)
SDRAM/Device Address Space :
 ras0_low             : 0x00000000 (b/s 0x00000000)
 ras0_high            : 0xFF000000 (b/s 0x000000FF)
 ras1_low             : 0x7F000000 (b/s 0x0000007F)
 ras1_high            : 0x00000000 (b/s 0x00000000)
 ras2_low             : 0x00000000 (b/s 0x00000000)
 ras2_high            : 0xFF000000 (b/s 0x000000FF)
 ras3_low             : 0x7F000000 (b/s 0x0000007F)
 ras3_high            : 0x00000000 (b/s 0x00000000)
 cs0_low              : 0x00000000 (b/s 0x00000000)
 cs0_high             : 0x00000000 (b/s 0x00000000)
 cs1_low              : 0x00000000 (b/s 0x00000000)
 cs1_high             : 0x00000000 (b/s 0x00000000)
 cs2_low              : 0x00000000 (b/s 0x00000000)
 cs2_high             : 0x00000000 (b/s 0x00000000)
 cs3_low              : 0x00000000 (b/s 0x00000000)
 cs3_high             : 0x00000000 (b/s 0x00000000)
 boot_cs_low          : 0x00000000 (b/s 0x00000000)
 boot_cs_high         : 0x00000000 (b/s 0x00000000)
 addr_decode_err      : 0x00000000 (b/s 0x00000000)
 addr_decode          : 0x00000000 (b/s 0x00000000)
 dram_config          : 0x00000000 (b/s 0x00000000)
 dram_bank0_param     : 0x00000000 (b/s 0x00000000)
 dram_bank1_param     : 0x00000000 (b/s 0x00000000)
 dram_bank2_param     : 0x00000000 (b/s 0x00000000)
 dram_bank3_param     : 0x00000000 (b/s 0x00000000)
 dram_oper_mode       : 0x00000000 (b/s 0x00000000)
Device Parameters :
 device_bank0_param   : 0x00000000 (b/s 0x00000000)
 device_bank1_param   : 0x00000000 (b/s 0x00000000)
 device_bank2_param   : 0x00000000 (b/s 0x00000000)
 device_bank3_param   : 0x00000000 (b/s 0x00000000)
 boot_bank_param      : 0x00000000 (b/s 0x00000000)
DMA Channels :
 ch0_dma_count        : 0x00000000 (b/s 0x00000000)
 ch1_dma_count        : 0x00000000 (b/s 0x00000000)
 ch2_dma_count        : 0x00000000 (b/s 0x00000000)
 ch3_dma_count        : 0x00000000 (b/s 0x00000000)
 ch0_dma_src          : 0x00DD480E (b/s 0x0E48DD00)
 ch1_dma_src          : 0x00000000 (b/s 0x00000000)
 ch2_dma_src          : 0x00000000 (b/s 0x00000000)
 ch3_dma_src          : 0x00000000 (b/s 0x00000000)
 ch0_dma_dst          : 0x4A89560E (b/s 0x0E56894A)
 ch1_dma_dst          : 0x00000000 (b/s 0x00000000)
 ch2_dma_dst          : 0x00000000 (b/s 0x00000000)
 ch3_dma_dst          : 0x00000000 (b/s 0x00000000)
 ch0_next_ptr         : 0x00000000 (b/s 0x00000000)
 ch1_next_ptr         : 0x00000000 (b/s 0x00000000)
 ch2_next_ptr         : 0x00000000 (b/s 0x00000000)
 ch3_next_ptr         : 0x00000000 (b/s 0x00000000)
 ch0_current_ptr      : 0x00000000 (b/s 0x00000000)
 ch1_current_ptr      : 0x00000000 (b/s 0x00000000)
 ch2_current_ptr      : 0x00000000 (b/s 0x00000000)
 ch3_current_ptr      : 0x00000000 (b/s 0x00000000)
 ch0_ctrl             : 0xC01C0000 (b/s 0x00001CC0)
 ch1_ctrl             : 0x00000000 (b/s 0x00000000)
 ch2_ctrl             : 0x00000000 (b/s 0x00000000)
 ch3_ctrl             : 0x00000000 (b/s 0x00000000)
 arbiter_ctrl         : 0x00000000 (b/s 0x00000000)
Timer/Counters :
 ct0                  : 0x00000000 (b/s 0x00000000)
 ct1                  : 0x00000000 (b/s 0x00000000)
 ct2                  : 0x00000000 (b/s 0x00000000)
 ct3                  : 0x00000000 (b/s 0x00000000)
 counter_ctrl         : 0x00000000 (b/s 0x00000000)
PCI Internal Registers :
 pci_cmd              : 0x01800000 (b/s 0x00008001)
 pci1_cmd             : 0x00000000 (b/s 0x00000000)
 pci_timeout          : 0x00000000 (b/s 0x00000000)
 pci1_timeout         : 0x00000000 (b/s 0x00000000)
 pci_ras10_size       : 0xFF0F0000 (b/s 0x00000FFF)
 pci1_ras10_size      : 0x00000000 (b/s 0x00000000)
 pci_ras32_size       : 0xFF0F0000 (b/s 0x00000FFF)
 pci1_ras32_size      : 0x00000000 (b/s 0x00000000)
 pci_cs20_size        : 0x00000000 (b/s 0x00000000)
 pci1_cs20_size       : 0x00000000 (b/s 0x00000000)
 pci_cs3_boot_size    : 0x00000000 (b/s 0x00000000)
 pci1_cs3_boot_size   : 0x00000000 (b/s 0x00000000)
 pci0_prefetch_burst_ : 0x00000000 (b/s 0x00000000)
 pci1_prefetch_burst_ : 0x00000000 (b/s 0x00000000)
 pci0_ras10_remap     : 0x00000000 (b/s 0x00000000)
 pci1_ras10_remap     : 0x00000000 (b/s 0x00000000)
 pci0_ras32_remap     : 0x00000000 (b/s 0x00000000)
 pci1_ras32_remap     : 0x00000000 (b/s 0x00000000)
 pci0_cs20_remap      : 0x00000000 (b/s 0x00000000)
 pci1_cs20_remap      : 0x00000000 (b/s 0x00000000)
 pci0_cs3_boot_remap  : 0x00000000 (b/s 0x00000000)
 pci1_cs3_boot_remap  : 0x00000000 (b/s 0x00000000)
 pci0_swapped_ras10_r : 0x00000000 (b/s 0x00000000)
 pci1_swapped_ras10_r : 0x00000000 (b/s 0x00000000)
 pci0_swapped_ras32_r : 0x00000000 (b/s 0x00000000)
 pci1_swapped_ras32_r : 0x00000000 (b/s 0x00000000)
 pci0_swapped_cs3_boo : 0x00000000 (b/s 0x00000000)
 pci1_swapped_cs3_boo : 0x00000000 (b/s 0x00000000)
 pci0_base_addr_regs_ : 0x00000000 (b/s 0x00000000)
Interrupt Control :
 pci_int_cause        : 0x00000000 (b/s 0x00000000)
 pci_high_int_cause   : 0x00000000 (b/s 0x00000000)
 pci_cpu_mask         : 0xF00F0000 (b/s 0x00000FF0)
 pci_high_cpu_mask    : 0x00000000 (b/s 0x00000000)
 pci_pci_mask         : 0x00000000 (b/s 0x00000000)
 pci0_high_pci_mask   : 0x00000000 (b/s 0x00000000)
 pci1_int_cause_mask  : 0x00000000 (b/s 0x00000000)
 pci1_high_int_cause_ : 0x00000000 (b/s 0x00000000)
 pci_serr_mask        : 0x00000000 (b/s 0x00000000)
 pci1_serr_mask       : 0x00000000 (b/s 0x00000000)
 pci0_int_select      : 0x00000000 (b/s 0x00000000)
 pci1_int_select      : 0x00000000 (b/s 0x00000000)
 cpu_int_select       : 0x00000000 (b/s 0x00000000)


------------------ show sysctlr ------------------



------------------ show buffers ------------------


Buffer elements:
     1092 in free list 
     18887 hits, 0 misses, 617 created

Public buffer pools:
Small buffers, 104 bytes (total 71, permanent 50, peak 71 @ 01:04:35):
     55 in free list (20 min, 150 max allowed)
     4390 hits, 7 misses, 0 trims, 21 created
     0 failures (0 no memory)
Middle buffers, 600 bytes (total 79, permanent 25, peak 79 @ 00:35:38):
     45 in free list (10 min, 150 max allowed)
     7821 hits, 18 misses, 0 trims, 54 created
     0 failures (0 no memory)
Big buffers, 1536 bytes (total 51, permanent 50, peak 51 @ 01:04:46):
     51 in free list (5 min, 150 max allowed)
     1365 hits, 0 misses, 0 trims, 1 created
     0 failures (0 no memory)
VeryBig buffers, 4520 bytes (total 11, permanent 10, peak 11 @ 01:04:46):
     11 in free list (0 min, 100 max allowed)
     0 hits, 0 misses, 0 trims, 1 created
     0 failures (0 no memory)
Large buffers, 5024 bytes (total 1, permanent 0, peak 1 @ 01:04:51):
     1 in free list (0 min, 10 max allowed)
     0 hits, 0 misses, 0 trims, 1 created
     0 failures (0 no memory)
Huge buffers, 18024 bytes (total 1, permanent 0, peak 1 @ 01:04:51):
     1 in free list (0 min, 4 max allowed)
     0 hits, 0 misses, 0 trims, 1 created
     0 failures (0 no memory)

Interface buffer pools:
Generic ED Pool buffers, 512 bytes (total 101, permanent 100, peak 101 @ 01:04:41):
     101 in free list (100 min, 100 max allowed)
     17 hits, 0 misses
Syslog ED Pool buffers, 600 bytes (total 133, permanent 132, peak 133 @ 01:04:41):
     101 in free list (132 min, 132 max allowed)
     122 hits, 0 misses
IPC buffers, 4096 bytes (total 2, permanent 2):
     1 in free list (1 min, 8 max allowed)
     1 hits, 0 fallbacks, 0 trims, 0 created
     0 failures (0 no memory)
IPC Medium buffers, 16384 bytes (total 2, permanent 2):
     2 in free list (1 min, 8 max allowed)
     0 hits, 0 fallbacks, 0 trims, 0 created
     0 failures (0 no memory)
IPC Large buffers, 65535 bytes (total 17, permanent 16, peak 17 @ 01:04:51):
     17 in free list (16 min, 16 max allowed)
     0 hits, 0 misses, 64 trims, 65 created
     0 failures (0 no memory)

Header pools:
Header buffers, 0 bytes (total 512, permanent 256, peak 512 @ 01:04:50):
     256 in free list (256 min, 1024 max allowed)
     171 hits, 85 misses, 0 trims, 256 created
     0 failures (0 no memory)
     256 max cache size, 256 in cache
     0 hits in cache, 0 misses in cache

Particle Clones:
     1024 clones, 0 hits, 0 misses

Public particle pools:
F/S buffers, 128 bytes (total 512, permanent 512):
     0 in free list (0 min, 512 max allowed)
     512 hits, 0 misses, 0 trims, 0 created
     0 failures (0 no memory)
     512 max cache size, 512 in cache
     0 hits in cache, 0 misses in cache
Normal buffers, 512 bytes (total 2048, permanent 2048):
     2048 in free list (1024 min, 4096 max allowed)
     0 hits, 0 misses, 0 trims, 0 created
     0 failures (0 no memory)

Private particle pools:
HQF Particle buffers, 0 bytes (total 2000, permanent 2000):
     2000 in free list (500 min, 2000 max allowed)
     0 hits, 0 misses, 0 trims, 0 created
     0 failures (0 no memory)
FastEthernet0/0 buffers, 512 bytes (total 400, permanent 400):
     0 in free list (0 min, 400 max allowed)
     400 hits, 0 fallbacks
     400 max cache size, 271 in cache
     363 hits in cache, 0 misses in cache
     14 buffer threshold, 0 threshold transitions
FastEthernet1/0 buffers, 768 bytes (total 529, permanent 400):
     129 in free list (128 min, 1200 max allowed)
     357 hits, 43 misses, 0 trims, 129 created
     0 failures (0 no memory)
     400 max cache size, 272 in cache
     128 hits in cache, 0 misses in cache
     14 buffer threshold, 0 threshold transitions
FastEthernet1/1 buffers, 768 bytes (total 529, permanent 400):
     129 in free list (128 min, 1200 max allowed)
     357 hits, 43 misses, 0 trims, 129 created
     0 failures (0 no memory)
     400 max cache size, 272 in cache
     128 hits in cache, 0 misses in cache
     14 buffer threshold, 0 threshold transitions
FastEthernet2/0 buffers, 768 bytes (total 529, permanent 400):
     129 in free list (128 min, 1200 max allowed)
     357 hits, 43 misses, 0 trims, 129 created
     0 failures (0 no memory)
     400 max cache size, 272 in cache
     128 hits in cache, 0 misses in cache
     14 buffer threshold, 0 threshold transitions
FastEthernet2/1 buffers, 768 bytes (total 529, permanent 400):
     129 in free list (128 min, 1200 max allowed)
     357 hits, 43 misses, 0 trims, 129 created
     0 failures (0 no memory)
     400 max cache size, 272 in cache
     128 hits in cache, 0 misses in cache
     14 buffer threshold, 0 threshold transitions
FastEthernet3/0 buffers, 768 bytes (total 529, permanent 400):
     129 in free list (128 min, 1200 max allowed)
     357 hits, 43 misses, 0 trims, 129 created
     0 failures (0 no memory)
     400 max cache size, 272 in cache
     4389 hits in cache, 0 misses in cache
     14 buffer threshold, 0 threshold transitions
FastEthernet3/1 buffers, 768 bytes (total 529, permanent 400):
     129 in free list (128 min, 1200 max allowed)
     357 hits, 43 misses, 0 trims, 129 created
     0 failures (0 no memory)
     400 max cache size, 272 in cache
     128 hits in cache, 0 misses in cache
     14 buffer threshold, 0 threshold transitions



------------------ show buffers usage ------------------


Statistics for the Small pool
Input IDB    :      Fa3/0 count:        7
Caller pc    : 0x62CC2180 count:        7
Resource User:   IP Input count:        7
Number of Buffers used by packets generated by system:   64
Number of Buffers used by incoming packets:               7

Statistics for the Middle pool
Output IDB   :      Fa3/0 count:        7
Caller pc    : 0x60F30C28 count:        7
Resource User: SSH Proces count:        7
Caller pc    : 0x62CC2180 count:        1
Resource User:   IP Input count:        1
Number of Buffers used by packets generated by system:   78
Number of Buffers used by incoming packets:               1

Statistics for the Big pool
Number of Buffers used by packets generated by system:   51
Number of Buffers used by incoming packets:               0

Statistics for the VeryBig pool
Number of Buffers used by packets generated by system:   11
Number of Buffers used by incoming packets:               0

Statistics for the Large pool
Number of Buffers used by packets generated by system:    1
Number of Buffers used by incoming packets:               0

Statistics for the Huge pool
Number of Buffers used by packets generated by system:    1
Number of Buffers used by incoming packets:               0

Statistics for the Generic ED Pool pool
Number of Buffers used by packets generated by system:  101
Number of Buffers used by incoming packets:               0

Statistics for the Syslog ED Pool pool
Caller pc    : 0x60869E4C count:       32
Resource User: EEM ED Sys count:       32
Number of Buffers used by packets generated by system:  133
Number of Buffers used by incoming packets:               0

Statistics for the IPC pool
Caller pc    : 0x62B99048 count:        1
Resource User:       Init count:        1
Number of Buffers used by packets generated by system:    2
Number of Buffers used by incoming packets:               0

Statistics for the IPC Medium pool
Number of Buffers used by packets generated by system:    2
Number of Buffers used by incoming packets:               0

Statistics for the IPC Large pool
Number of Buffers used by packets generated by system:   17
Number of Buffers used by incoming packets:               0

Statistics for the Header pool
Number of Buffers used by packets generated by system:  512
Number of Buffers used by incoming packets:               0

Statistics for the FS Header pool
Caller pc    : 0x62E4D3C0 count:        1
Resource User:       Init count:       22
Caller pc    : 0x62EFFE98 count:        6
Caller pc    : 0x63270364 count:        1
Caller pc    : 0x60982398 count:        1
Caller pc    : 0x63337A38 count:        1
Caller pc    : 0x633380B4 count:        1
Caller pc    : 0x620CE954 count:        8
Caller pc    : 0x62B0570C count:        1
Caller pc    : 0x61231678 count:        1
Caller pc    : 0x63337A78 count:        1
Number of Buffers used by packets generated by system:   38
Number of Buffers used by incoming packets:               0

Statistics for the l2frag pak pool pool
Number of Buffers used by packets generated by system:    0
Number of Buffers used by incoming packets:               0

Statistics for the SW Crypto Header pool
Caller pc    : 0x629FCC8C count:        1
Resource User:       Init count:        1
Number of Buffers used by packets generated by system:    2
Number of Buffers used by incoming packets:               0

Statistics for the Crypto Fragmentation Header pool
Caller pc    : 0x63672E1C count:        1
Resource User:       Init count:        1
Number of Buffers used by packets generated by system:    2
Number of Buffers used by incoming packets:               0



B2#
DEBUG:netmiko:read_channel: 
DEBUG:netmiko:write_channel: b'\n'
DEBUG:netmiko:read_channel: 
DEBUG:netmiko:read_channel: 
B2#
DEBUG:netmiko:read_channel: 
------------------ show region ------------------


Region Manager:

      Start         End     Size(b)  Class  Media  Name
 0x0E000000  0x0FFFFFFF    33554432  Iomem  R/W    iomem
 0x60000000  0x7DFFFFFF   503316480  Local  R/W    main
 0x60008EB0  0x6386285F    59087280  IText  R/O    main:text
 0x63864000  0x64EB8C1F    23415840  IData  R/W    main:data
 0x64EB8C20  0x6558E3FF     7165920  IBss   R/W    main:bss
 0x6558E400  0x6658E3FF    16777216  Local  R/W    main:heap
 0x6658E4A0  0x6758E49F    16777216  Local  R/W    main:heap
 0x6758E540  0x6858E53F    16777216  Local  R/W    main:heap
 0x6858E5E0  0x6958E5DF    16777216  Local  R/W    main:heap
 0x7D000000  0x7DFFFFFF    16777216  Local  R/W    main:heap
 0x7E000000  0x7FFFFFFF    33554432  Iomem  R/W    iomem:(iomem_cwt)
 0x80000000  0x8DFFFFFF   234881024  Local  R/W    main:(main_k0)
 0xA0000000  0xADFFFFFF   234881024  Local  R/W    main:(main_k1)


Free Region Manager:

      Start         End     Size(b)  Class  Media  Name
 0x6958E680  0x7CFFFF5F   329717984  Local  R/W    heap



------------------ Mempool statistics ------------------


                Head    Total(b)     Used(b)     Free(b)   Lowest(b)  Largest(b)
Processor   6558E400   396826796    52578744   344248052   343169208   329717932
      I/O    E000000    33554432     5774244    27780188    27757220    27740892
Transient   7D000000    16777216       15260    16761956    16760036    16761600

-------------- Top 100 allocator pc summary -----------


Allocator PC Summary for: Processor

    PC          Total   Count  Name
0x62827634    2182172     115  XOS_MEM_BASE
0x6317567C    2173780     265  Process Stack
0x62BED270    1937628       2  RMON packet pool
0x62D5082C    1678104     914  *Packet Header*
0x62D50888    1331016     253  *Packet Data*
0x605DA3CC    1106016      12  event_trace_tbs
0x60C3A028    1040156       2  mfib_db
0x61E135B4    1036240    1106  *Init*
0x61E074C0    1006620      99  TW Buckets
0x61F7C7C4     880156       2  cef_interface
0x62022F18     880156       2  adjacency
0x60D4C214     880156       2  multicast topology
0x62D55330     738944      17  pak subblock chunk
0x60C6C150     640156       2  mfib_wire
0x62069200     640156       2  cef_ipv4
0x620E1158     640156       2  cef_ipv6
0x61BCD4AC     640156       2  event
0x60544020     595208      73  Init
0x60C3C660     560156       2  mfib_table
0x60C8856C     560156       2  mfib_ipv4
0x60C8C890     560156       2  mfib_ipv6
0x608D35A0     543276    5430  Init
0x6326723C     524340       1  L2X Hash Table
0x62D55FDC     514476     186  Normal
0x600625C4     480156       2  ARP
0x6281F048     467804      25  AToM LDP Adj Chunk
0x608D35C0     460956    5289  Init
0x61C77778     426344       5  Init
0x608D35B4     420268    5430  Init
0x61CCD4A8     408228       1  Init
0x60C2E458     400156       2  mfib_cable
0x60C50080     400156       2  mfib_events
0x61FD1E84     400156       2  oce_events
0x619187A8     384156       2  ppcp
0x61986290     384156       2  ppm
0x619EAB40     384156       2  ffmshim
0x634B8F40     376988       2  gdoi_exit
0x62B99768     341524    3169  IPC Global Info
0x62D60974     324660       1  Init
0x62D60988     324660       1  Init
0x62334658     312496    1059  PfR BR Appl Namelist: Column
0x61476584     291560       7  RRR_AUTOMESH hw subblock
0x63710374     267644      46  LSP_VIF radix trie
0x6371F6B4     262560       8  XC ST PW OAM Mgr DB
0x62B5B494     262352       4  IPC Message Hea
0x61CEE28C     262352       4  STP Port Control Block Chunk
0x61F73B4C     262248       2  CEF: hash table
0x605CFC24     262196       1  Init
0x606B8E58     250876      14  EIGRP: Queue elements
0x61DB7160     232156       2  tunnel
0x61E50E40     219868     263  Process
0x615C21F0     197268       6  DSensor 32
0x62E78258     196764       3  Init
0x604BFADC     188240       1  NET ACCT LISTS
0x604BFB00     188240       1  SYS ACCT LISTS
0x604BFB28     188240       1  VRRS ACCT LISTS
0x6047FEB4     184236       1  DOT1X ACC LISTS
0x6047FEDC     184236       1  EOU ACC LISTS
0x6047FF14     184236       1  PPP ACC LISTS
0x6047FF50     168220       1  NET AUTHOR LISTS
0x6047FF80     168220       1  SUBSCRIBER-PROFILE AUTHOR LISTS
0x6009750C     153268       1  Init
0x6368350C     152156       2  tp_ss_events
0x6296C234     149524    1947  Init
0x61CCDAEC     149328       9  NBAR Attr Chunk
0x6119A460     144052       1  MPLS Event log
0x635037B0     140156       2  cfd
0x60628334     136156       2  nvram
0x61E00F24     132736       8  uEvent Elements
0x62007DD4     132008       4  TAL: MTRIE n08
0x604D3528     131512       4  AAA Huge Chunk
0x609F5828     131176       2  blt array
0x62D5CBF0     131124       1  *Init*
0x633B5EB0     131124       1  IP Lite hash buckets
0x6365D168     128156       2  flexvpn
0x608A9204     128052       1  Init
0x61F78494     128052       1  CEF: fibidb table
0x61F784B4     128052       1  CEF: fibhwidb table
0x61A447D4     128052       1  Init
0x61DCD64C     120624      12  RMI RO-RU Chunk
0x622E7EC8     112156       2  nhrp_error
0x63719B54     110064       5  RIB App Handlee Allocator
0x60539FC8     109968    1300  Parser Linkage
0x607D694C     105156      23  EEM Server
0x607D68B8     105156      23  EEM Server
0x607D68C8     105156      23  EEM Server
0x604D2A28      98356       1  AAA attr list handle IDs
0x61E01890      94180      18  List Headers
0x608C2F64      93608     650  Init
0x6373DFD4      92708     269  *Init*
0x61FCC8DC      92084       4  OCE reinject ha
0x6331607C      90692       3  BITLIST CHUNK
0x60906790      88156       2  fnf_mon
0x60DF5A58      87600       2  MVPN IDB up/down process queue events
0x62E781AC      85560      70  Init
0x608CAF60      84680     868  Init
0x61DF9D70      84076      29  keepalive
0x61336C0C      84052       1  Init
0x62D55F50      83512      30  Normal
0x622E7EFC      80156       2  nhrp_exception


Allocator PC Summary for: I/O

    PC          Total   Count  Name
0x62D56000    4752640      84  Normal
0x62D55F50     738944      10  Normal
0x62D50888     230752     165  *Packet Data*
0x62EFFA20      24960       6  FastEthernet1/0
0x62EFF994      12672       6  FastEthernet1/0
0x62C72598       4160       1  Init
0x62E51A54       4160       1  FastEthernet0/0
0x62E519C8       2112       1  FastEthernet0/0
0x62E519A4        256       1  FastEthernet0/0


Allocator PC Summary for: Transient

    PC          Total   Count  Name
0x61E4CDC0      15156       3  Watcher Info


------------------ show dmvpn detail ------------------

Legend: Attrb --> S - Static, D - Dynamic, I - Incomplete
	N - NATed, L - Local, X - No Socket
	# Ent --> Number of NHRP entries with same NBMA peer
	NHS Status: E --> Expecting Replies, R --> Responding, W --> Waiting
	UpDn Time --> Up or Down Time for a Tunnel
==========================================================================


------------------ show diag ------------------


Slot 0:
	Fast-ethernet on C7200 I/O card with MII or RJ45 Port adapter, 1 port
	Port adapter is analyzed 
	Port adapter insertion time 01:04:00 ago
	EEPROM contents at hardware discovery:
	Hardware revision 1.14        	Board revision A0
	Serial number     4294967295	Part number    73-2956-02
	FRU Part Number:  C7200-IO-FE-MII/RJ45=

	Test history      0x0         	RMA number     00-00-00
	EEPROM format version 1
	EEPROM contents (hex):
	  0x20: 01 83 01 0E FF FF FF FF 49 0B 8C 02 00 00 00 00
	  0x30: 50 00 00 00 98 12 28 00 00 FF FF FF FF FF FF FF

Slot 1:
	Dual Port FastEthernet (RJ45) Port adapter, 2 ports
	Port adapter is analyzed 
	Port adapter insertion time 01:04:00 ago
	EEPROM contents at hardware discovery:
	Controller Type          : 548
	Hardware Revision        : 1.0
	PCB Serial Number        : XXX00000000
	PCB Part Number          : 73-5420-04
	Board Revision           : A0
	RMA Test History         : 00
	RMA Number               : 0-0-0-0
	RMA History              : 00
	Deviation Number         : 0-0
	Product Identifier (PID) : PA-2FE-FX           
	Top Assy. Part Number    : 800-08352-04
	EEPROM format version 4
	EEPROM contents (hex):
	  0x00: 04 FF 40 02 24 41 01 00 C1 8B 58 58 58 30 30 30
	  0x10: 30 30 30 30 30 82 49 15 2C 04 42 41 30 03 00 81
	  0x20: 00 00 00 00 04 00 80 00 00 00 00 CB 94 50 41 2D
	  0x30: 32 46 45 2D 46 58 20 20 20 20 20 20 20 20 20 20
	  0x40: 20 C0 46 03 20 00 20 A0 04 FF FF FF FF FF FF FF
	  0x50: FF FF FF FF FF FF FF FF FF FF FF FF FF FF FF FF
	  0x60: FF FF FF FF FF FF FF FF FF FF FF FF FF FF FF FF
	  0x70: FF FF FF FF FF FF FF FF FF FF FF FF FF FF FF FF

Slot 2:
	Dual Port FastEthernet (RJ45) Port adapter, 2 ports
	Port adapter is analyzed 
	Port adapter insertion time 01:04:00 ago
	EEPROM contents at hardware discovery:
	Controller Type          : 548
	Hardware Revision        : 1.0
	PCB Serial Number        : XXX00000000
	PCB Part Number          : 73-5420-04
	Board Revision           : A0
	RMA Test History         : 00
	RMA Number               : 0-0-0-0
	RMA History              : 00
	Deviation Number         : 0-0
	Product Identifier (PID) : PA-2FE-FX           
	Top Assy. Part Number    : 800-08352-04
	EEPROM format version 4
	EEPROM contents (hex):
	  0x00: 04 FF 40 02 24 41 01 00 C1 8B 58 58 58 30 30 30
	  0x10: 30 30 30 30 30 82 49 15 2C 04 42 41 30 03 00 81
	  0x20: 00 00 00 00 04 00 80 00 00 00 00 CB 94 50 41 2D
	  0x30: 32 46 45 2D 46 58 20 20 20 20 20 20 20 20 20 20
	  0x40: 20 C0 46 03 20 00 20 A0 04 FF FF FF FF FF FF FF
	  0x50: FF FF FF FF FF FF FF FF FF FF FF FF FF FF FF FF
	  0x60: FF FF FF FF FF FF FF FF FF FF FF FF FF FF FF FF
	  0x70: FF FF FF FF FF FF FF FF FF FF FF FF FF FF FF FF

Slot 3:
	Dual Port FastEthernet (RJ45) Port adapter, 2 ports
	Port adapter is analyzed 
	Port adapter insertion time 01:04:00 ago
	EEPROM contents at hardware discovery:
	Controller Type          : 548
	Hardware Revision        : 1.0
	PCB Serial Number        : XXX00000000
	PCB Part Number          : 73-5420-04
	Board Revision           : A0
	RMA Test History         : 00
	RMA Number               : 0-0-0-0
	RMA History              : 00
	Deviation Number         : 0-0
	Product Identifier (PID) : PA-2FE-FX           
	Top Assy. Part Number    : 800-08352-04
	EEPROM format version 4
	EEPROM contents (hex):
	  0x00: 04 FF 40 02 24 41 01 00 C1 8B 58 58 58 30 30 30
	  0x10: 30 30 30 30 30 82 49 15 2C 04 42 41 30 03 00 81
	  0x20: 00 00 00 00 04 00 80 00 00 00 00 CB 94 50 41 2D
	  0x30: 32 46 45 2D 46 58 20 20 20 20 20 20 20 20 20 20
	  0x40: 20 C0 46 03 20 00 20 A0 04 FF FF FF FF FF FF FF
	  0x50: FF FF FF FF FF FF FF FF FF FF FF FF FF FF FF FF
	  0x60: FF FF FF FF FF FF FF FF FF FF FF FF FF FF FF FF
	  0x70: FF FF FF FF FF FF FF FF FF FF FF FF FF FF FF FF


------------------ show c7200 ------------------

Network IO Interrupt Throttling:
 throttle count=0, timer count=0
 active=0, configured=0
 netint usec=4000, netint mask usec=200

Midplane EEPROM:
	Hardware revision 2.1         	Board revision M0
	Serial number     4279256517	Part number    73-1539-03
	Test history      0x0         	RMA number     00-00-00
	MAC Pool Size     1024      	MAC Addr Base  ca04.0b06.0000
	Chassis Model     0x6         
	EEPROM format version 1
	EEPROM contents (hex):
	  0x00: 01 06 02 01 FF 10 45 C5 49 06 03 03 CA 04 0B 06
	  0x10: 00 00 04 00 00 00 00 00 4C 09 10 B0 FF FF 00 FF
	  0x20: 64 EC 00 00 65 7C 93 94 68 BD DA 58 65 7C 93 94
	  0x30: 68 3C BD E8 68 BD DA 58 00 00 00 00 64 EC 00 00

C7206VXR CPU EEPROM:
	Controller Type          : 504
	Hardware Revision        : 1.0
	Top Assy. Part Number    : 800-08136-02
	PCB Part Number          : 73-5308-02
	Board Revision           : B0
	PCB Serial Number        : 11111111
	RMA History              : 00
	Fab Version              : 02
	Fab Part Number          : 28-4086-02
	Product Identifier (PID) : NPE-400
	Deviation Number         : 0-0
	EEPROM format version 4
	EEPROM contents (hex):
	  0x00: 04 FF 40 01 F8 41 01 00 C0 46 03 20 00 1F C8 02
	  0x10: 82 49 14 BC 02 42 42 30 C1 8B 31 31 31 31 31 31
	  0x20: 31 31 00 00 00 04 00 02 02 85 1C 0F F6 02 CB 87
	  0x30: 4E 50 45 2D 34 30 30 80 00 00 00 00 FF FF FF FF
	  0x40: FF FF FF FF FF FF FF FF FF FF FF FF FF FF FF FF
	  0x50: FF FF FF FF FF FF FF FF FF FF FF FF FF FF FF FF
	  0x60: FF FF FF FF FF FF FF FF FF FF FF FF FF FF FF FF
	  0x70: FF FF FF FF FF FF FF FF FF FF FF FF FF FF FF FF

TLB entries (51/64 used):
Virt Address range      Phy Address range         Attributes
0x4B000000:0x4B1FFFFF   0x14B000000:0x14B1FFFFF   CacheMode=2, RW, Valid
0x4B200000:0x4B3FFFFF   0x14B200000:0x14B3FFFFF   CacheMode=2, RW, Valid
0x10000000:0x10001FFF   0x100000000:0x100001FFF   CacheMode=2, RW, Valid
0x40000000:0x41FFFFFF   0x040000000:0x041FFFFFF   CacheMode=2, RW, Valid
0x44000000:0x45FFFFFF   0x044000000:0x045FFFFFF   CacheMode=2, RW, Valid
0x3C000000:0x3C7FFFFF   0x048000000:0x0487FFFFF   CacheMode=2, RW, Valid
0x3C800000:0x3CFFFFFF   0x048800000:0x048FFFFFF   CacheMode=2, RW, Valid
0x3D000000:0x3D7FFFFF   0x04D000000:0x04D7FFFFF   CacheMode=2, RW, Valid
0x3D800000:0x3DFFFFFF   0x049000000:0x0497FFFFF   CacheMode=2, RW, Valid
0x3E000000:0x3E7FFFFF   0x04D800000:0x04DFFFFFF   CacheMode=2, RW, Invalid
0x3E800000:0x3EFFFFFF   0x049800000:0x049FFFFFF   CacheMode=2, RW, Invalid
0x3F000000:0x3F7FFFFF   0x04E000000:0x04E7FFFFF   CacheMode=2, RW, Invalid
0x1FC00000:0x1FC7FFFF   0x01FC00000:0x01FC7FFFF   CacheMode=2, RO, Valid
0x1E000000:0x1E1FFFFF   0x01E000000:0x01E1FFFFF   CacheMode=2, RW, Valid
0x1E800000:0x1E9FFFFF   0x01E800000:0x01E9FFFFF   CacheMode=2, RW, Valid
0xFE000000:0xFE07FFFF   0x0FE000000:0x0FE07FFFF   CacheMode=2, RW, Valid
0x60000000:0x61FFFFFF   0x000000000:0x001FFFFFF   CacheMode=3, RO, Valid
0x62000000:0x627FFFFF   0x002000000:0x0027FFFFF   CacheMode=3, RO, Valid
0x62800000:0x62FFFFFF   0x002800000:0x002FFFFFF   CacheMode=3, RO, Valid
0x63000000:0x637FFFFF   0x003000000:0x0037FFFFF   CacheMode=3, RO, Valid
0x63800000:0x6381FFFF   0x003800000:0x00381FFFF   CacheMode=3, RO, Valid
0x63820000:0x6383FFFF   0x003820000:0x00383FFFF   CacheMode=3, RO, Valid
0x63840000:0x6385FFFF   0x003840000:0x00385FFFF   CacheMode=3, RO, Valid
0x63860000:0x63861FFF   0x003860000:0x003861FFF   CacheMode=3, RO, Valid
0x63862000:0x63863FFF   0x003862000:0x003863FFF   CacheMode=3, RO, Valid
0x63864000:0x63865FFF   0x003864000:0x003865FFF   CacheMode=3, RW, Valid
0x63866000:0x63867FFF   0x003866000:0x003867FFF   CacheMode=3, RW, Valid
0x63868000:0x6386FFFF   0x003868000:0x00386FFFF   CacheMode=3, RW, Valid
0x63870000:0x63877FFF   0x003870000:0x003877FFF   CacheMode=3, RW, Valid
0x63878000:0x6387FFFF   0x003878000:0x00387FFFF   CacheMode=3, RW, Valid
0x63880000:0x638FFFFF   0x003880000:0x0038FFFFF   CacheMode=3, RW, Valid
0x63900000:0x6397FFFF   0x003900000:0x00397FFFF   CacheMode=3, RW, Valid
0x63980000:0x639FFFFF   0x003980000:0x0039FFFFF   CacheMode=3, RW, Valid
0x63A00000:0x63BFFFFF   0x003A00000:0x003BFFFFF   CacheMode=3, RW, Valid
0x63C00000:0x63DFFFFF   0x003C00000:0x003DFFFFF   CacheMode=3, RW, Valid
0x63E00000:0x63FFFFFF   0x003E00000:0x003FFFFFF   CacheMode=3, RW, Valid
0x64000000:0x65FFFFFF   0x004000000:0x005FFFFFF   CacheMode=3, RW, Valid
0x66000000:0x67FFFFFF   0x006000000:0x007FFFFFF   CacheMode=3, RW, Valid
0x68000000:0x69FFFFFF   0x008000000:0x009FFFFFF   CacheMode=3, RW, Valid
0x6A000000:0x6BFFFFFF   0x00A000000:0x00BFFFFFF   CacheMode=3, RW, Valid
0x6C000000:0x6DFFFFFF   0x00C000000:0x00DFFFFFF   CacheMode=3, RW, Valid
0x6E000000:0x6FFFFFFF   0x020000000:0x021FFFFFF   CacheMode=3, RW, Valid
0x70000000:0x71FFFFFF   0x022000000:0x023FFFFFF   CacheMode=3, RW, Valid
0x72000000:0x73FFFFFF   0x024000000:0x025FFFFFF   CacheMode=3, RW, Valid
0x74000000:0x75FFFFFF   0x026000000:0x027FFFFFF   CacheMode=3, RW, Valid
0x76000000:0x77FFFFFF   0x028000000:0x029FFFFFF   CacheMode=3, RW, Valid
0x78000000:0x79FFFFFF   0x02A000000:0x02BFFFFFF   CacheMode=3, RW, Valid
0x7A000000:0x7BFFFFFF   0x02C000000:0x02DFFFFFF   CacheMode=3, RW, Valid
0x7C000000:0x7DFFFFFF   0x02E000000:0x02FFFFFFF   CacheMode=3, RW, Valid
0x0E000000:0x0FFFFFFF   0x00E000000:0x00FFFFFFF   CacheMode=2, RW, Valid
0x7E000000:0x7FFFFFFF   0x00E000000:0x00FFFFFFF   CacheMode=0, RW, Valid

0 spurious cache errors detected.


System Controller Network Interrupts
 Wrapper is NOT installed

Registered Interrupts:
 Level Mask               Count      Data       Interrupt Handler


DEBUG:netmiko:read_channel: 
DEBUG:netmiko:[find_prompt()]: prompt is B2#
DEBUG:netmiko:write_channel: b'\n'
DEBUG:netmiko:read_channel: 
B2#
DEBUG:netmiko:read_channel: 
------------------ show pci hardware ------------------


GT64120 External PCI Configuration registers:
PCI_0:
 Vendor / Device ID   : 0xAB112046 (b/s 0x462011AB)
 Status / Command     : 0x00000000 (b/s 0x00000000)
 Class / Revision     : 0x05800003 (b/s 0x03008005)
 Latency              : 0x00000000 (b/s 0x00000000)
 RAS[1:0] Base        : 0x00000000 (b/s 0x00000000)
 RAS[3:2] Base        : 0x00000000 (b/s 0x00000000)
 CS[2:0] Base         : 0x00000000 (b/s 0x00000000)
 CS[3] Base           : 0x00000000 (b/s 0x00000000)
 Mem Map Base         : 0x00000000 (b/s 0x00000000)
 IO Map Base          : 0x00000000 (b/s 0x00000000)
 Subsystem Vendor / D : 0x00000000 (b/s 0x00000000)
 Int Pin / Line       : 0x00000000 (b/s 0x00000000)
 Swap RAS[1:0] Base   : 0x00000000 (b/s 0x00000000)
 Swap RAS[3:2] Base   : 0x00000000 (b/s 0x00000000)
 Swap CS[3] Base      : 0x00000000 (b/s 0x00000000)
PCI_1:
 Vendor / Device ID   : 0x00000000 (b/s 0x00000000)
 Status / Command     : 0x00000000 (b/s 0x00000000)
 Class / Revision     : 0x00000000 (b/s 0x00000000)
 Latency              : 0x00000000 (b/s 0x00000000)
 RAS[1:0] Base        : 0x00000000 (b/s 0x00000000)
 RAS[3:2] Base        : 0x00000000 (b/s 0x00000000)
 CS[2:0] Base         : 0x00000000 (b/s 0x00000000)
 CS[3] Base           : 0x00000000 (b/s 0x00000000)
 Mem Map Base         : 0x00000000 (b/s 0x00000000)
 IO Map Base          : 0x00000000 (b/s 0x00000000)
 Subsystem Vendor / D : 0x00000000 (b/s 0x00000000)
 Int Pin / Line       : 0x00000000 (b/s 0x00000000)
 Swap RAS[1:0] Base   : 0x00000000 (b/s 0x00000000)
 Swap RAS[3:2] Base   : 0x00000000 (b/s 0x00000000)
 Swap CS[3] Base      : 0x00000000 (b/s 0x00000000)

Bridge 0, for PA Bay 0 (I/O Card, PCMCIA, Interfaces), Handle=0
DEC21050 bridge chip, config=0x0
(0x00):dev, vendor id       = 0x00011011
(0x04):status, command      = 0x00000000
(0x08):class code, revid    = 0x06040000
(0x0C):hdr, lat timer, cls  = 0x00000000
(0x18):sec lat,cls & bus no = 0x18020100
(0x1C):sec status, io base  = 0x00000000
(0x20):mem base & limit     = 0x00000000
(0x24):prefetch membase/lim = 0x00000000
(0x3C):bridge ctrl          = 0x00000000
(0x40):arb/serr, chip ctrl  = 0x00000000
(0x44):pri/sec trgt wait t. = 0x00000000
(0x48):sec write attmp ctr  = 0x00000000
(0x4C):pri write attmp ctr  = 0x00000000

CLPD6729 registers:
 (0x00) Chip Revision = 0x48
 (0x1E) Misc Control 2 = 0x08
 (0x1F) Chip Information = 0x00

 Socket 0:
  (0x01) Interface Status = 0xEF
  (0x02) Power Control = 0x90
  (0x03) Interrupt and General Control = 0x40
  (0x04) Card Status Change = 0x00
  (0x05) Management Interrupt Configuration = 0x38
  (0x06) Mapping Enable = 0x11
  (0x07) I/O Window Control = 0x00
  (0x08) System I/O Map 0 Start Address Low = 0x00
  (0x09) System I/O Map 0 Start Address High = 0x00
  (0x0A) System I/O Map 0 End Address Low = 0x00
  (0x0B) System I/O Map 0 End Address High = 0x00
  (0x0C) System I/O Map 1 Start Address Low = 0x00
  (0x0D) System I/O Map 1 Start Address High = 0x00
  (0x0E) System I/O Map 1 End Address Low = 0x00
  (0x0F) System I/O Map 1 End Address High = 0x00
  (0x10) System Memory Map 0 Start Address Low = 0x00
  (0x11) System Memory Map 0 Start Address High = 0x81
  (0x12) System Memory Map 0 End Address Low = 0xFF
  (0x13) System Memory Map 0 End Address High = 0x04
  (0x05 EXT) System Memory Map 0 Upper Address = 0x40
  (0x14) Card Memory Map 0 Offset Address Low = 0x00
  (0x15) Card Memory Map 0 Offset Address High = 0x3F
  (0x16) Misc Control 1 = 0x00
  (0x26) ATA Control = 0x00
  (0x17) FIFO Control = 0x80
  (0x18) System Memory Map 1 Start Address Low = 0x00
  (0x19) System Memory Map 1 Start Address High = 0x00
  (0x1A) System Memory Map 1 End Address Low = 0x00
  (0x1B) System Memory Map 1 End Address High = 0x00
  (0x06 EXT) System Memory Map 1 Upper Address = 0x40
  (0x1C) Card Memory Map 1 Offset Address Low = 0x00
  (0x1D) Card Memory Map 1 Offset Address High = 0x00
  (0x20) System Memory Map 2 Start Address Low = 0x00
  (0x21) System Memory Map 2 Start Address High = 0x00
  (0x22) System Memory Map 2 End Address Low = 0x00
  (0x23) System Memory Map 2 End Address High = 0x00
  (0x07 EXT) System Memory Map 2 Upper Address = 0x40
  (0x24) Card Memory Map 2 Offset Address Low = 0x00
  (0x25) Card Memory Map 2 Offset Address High = 0x00
  (0x26) ATA Control = 0x00
  (0x28) System Memory Map 3 Start Address Low = 0x00
  (0x29) System Memory Map 3 Start Address High = 0x00
  (0x2A) System Memory Map 3 End Address Low = 0x00
  (0x2B) System Memory Map 3 End Address High = 0x00
  (0x08 EXT) System Memory Map 3 Upper Address = 0x40
  (0x2C) Card Memory Map 3 Offset Address Low = 0x00
  (0x2D) Card Memory Map 3 Offset Address High = 0x00
  (0x30) System Memory Map 4 Start Address Low = 0x00
  (0x31) System Memory Map 4 Start Address High = 0x80
  (0x32) System Memory Map 4 End Address Low = 0xFF
  (0x33) System Memory Map 4 End Address High = 0x00
  (0x09 EXT) System Memory Map 4 Upper Address = 0x40
  (0x34) Card Memory Map 4 Offset Address Low = 0x00
  (0x35) Card Memory Map 4 Offset Address High = 0x40
  (0x36) Card I/O Map 0 Offset Address Low = 0x00
  (0x37) Card I/O Map 0 Offset Address High = 0x00
  (0x38) Card I/O Map 1 Offset Address Low = 0x00
  (0x39) Card I/O Map 1 Offset Address High = 0x00
  (0x3A) Setup Timing 0 = 0x04
  (0x3B) Command Timing 0 = 0x0A
  (0x3C) Recovery Timing 0 = 0x04
  (0x3D) Setup Timing 1 = 0x20
  (0x3E) Command Timing 1 = 0x48
  (0x3F) Recovery Timing 1 = 0x20
  (0x03 EXT) Extension Control 1 = 0x40
  (0x0B EXT) Extension Control 2 = 0x40

 Socket 1:
  (0x41) Interface Status = 0x80
  (0x42) Power Control = 0x90
  (0x43) Interrupt and General Control = 0x40
  (0x44) Card Status Change = 0x00
  (0x45) Management Interrupt Configuration = 0x38
  (0x46) Mapping Enable = 0x11
  (0x47) I/O Window Control = 0x00
  (0x48) System I/O Map 0 Start Address Low = 0x00
  (0x49) System I/O Map 0 Start Address High = 0x00
  (0x4A) System I/O Map 0 End Address Low = 0x00
  (0x4B) System I/O Map 0 End Address High = 0x00
  (0x4C) System I/O Map 1 Start Address Low = 0x00
  (0x4D) System I/O Map 1 Start Address High = 0x00
  (0x4E) System I/O Map 1 End Address Low = 0x00
  (0x4F) System I/O Map 1 End Address High = 0x00
  (0x50) System Memory Map 0 Start Address Low = 0x00
  (0x51) System Memory Map 0 Start Address High = 0x81
  (0x52) System Memory Map 0 End Address Low = 0xFF
  (0x53) System Memory Map 0 End Address High = 0x04
  (0x05 EXT) System Memory Map 0 Upper Address = 0x44
  (0x54) Card Memory Map 0 Offset Address Low = 0x00
  (0x55) Card Memory Map 0 Offset Address High = 0x3F
  (0x56) Misc Control 1 = 0x00
  (0x66) ATA Control = 0x00
  (0x57) FIFO Control = 0x80
  (0x58) System Memory Map 1 Start Address Low = 0x00
  (0x59) System Memory Map 1 Start Address High = 0x00
  (0x5A) System Memory Map 1 End Address Low = 0x00
  (0x5B) System Memory Map 1 End Address High = 0x00
  (0x06 EXT) System Memory Map 1 Upper Address = 0x44
  (0x5C) Card Memory Map 1 Offset Address Low = 0x00
  (0x5D) Card Memory Map 1 Offset Address High = 0x00
  (0x60) System Memory Map 2 Start Address Low = 0x00
  (0x61) System Memory Map 2 Start Address High = 0x00
  (0x62) System Memory Map 2 End Address Low = 0x00
  (0x63) System Memory Map 2 End Address High = 0x00
  (0x07 EXT) System Memory Map 2 Upper Address = 0x44
  (0x64) Card Memory Map 2 Offset Address Low = 0x00
  (0x65) Card Memory Map 2 Offset Address High = 0x00
  (0x66) ATA Control = 0x00
  (0x68) System Memory Map 3 Start Address Low = 0x00
  (0x69) System Memory Map 3 Start Address High = 0x00
  (0x6A) System Memory Map 3 End Address Low = 0x00
  (0x6B) System Memory Map 3 End Address High = 0x00
  (0x08 EXT) System Memory Map 3 Upper Address = 0x44
  (0x6C) Card Memory Map 3 Offset Address Low = 0x00
  (0x6D) Card Memory Map 3 Offset Address High = 0x00
  (0x70) System Memory Map 4 Start Address Low = 0x00
  (0x71) System Memory Map 4 Start Address High = 0x80
  (0x72) System Memory Map 4 End Address Low = 0xFF
  (0x73) System Memory Map 4 End Address High = 0x00
  (0x09 EXT) System Memory Map 4 Upper Address = 0x44
  (0x74) Card Memory Map 4 Offset Address Low = 0x00
  (0x75) Card Memory Map 4 Offset Address High = 0x40
  (0x76) Card I/O Map 0 Offset Address Low = 0x00
  (0x77) Card I/O Map 0 Offset Address High = 0x00
  (0x78) Card I/O Map 1 Offset Address Low = 0x00
  (0x79) Card I/O Map 1 Offset Address High = 0x00
  (0x7A) Setup Timing 0 = 0x04
  (0x7B) Command Timing 0 = 0x0A
  (0x7C) Recovery Timing 0 = 0x04
  (0x7D) Setup Timing 1 = 0x20
  (0x7E) Command Timing 1 = 0x48
  (0x7F) Recovery Timing 1 = 0x20
  (0x03 EXT) Extension Control 1 = 0x44
  (0x0B EXT) Extension Control 2 = 0x44


------------------ show pci controller ------------------


GT64120 Channel 0 DMA (Packet coalescing DMA engine):
 dma_list=0x667F3F4C, dma_ring=0xE187040, dma_entries=256
 dma_free=0x667F4FC8, dma_reqt=0x667F4FC8, dma_done=0x667F4FC8
 thread=0x667F4FB4, thread_end=0x667F4FB4
 backup_thread=0x0, backup_thread_end=0x0
 dma_working=0, dma_stalls=0, dma_stall_loop=0
 dma_complete=1198, post_coalesce_frames=1198
 exhausted_dma_entries=0, post_dma_callback=1191

GT64120 Rev level     : 5
GT64120 Register Dump : Registers at 0xB4000000
CPU Interface :
 cpu_interface_conf   : 0x00000000 (b/s 0x00000000)
 multi_gt             : 0x00000000 (b/s 0x00000000)
Processor Address Space :
 ras10_low            : 0x00000000 (b/s 0x00000000)
 ras10_high           : 0x7F000000 (b/s 0x0000007F)
 ras32_low            : 0x00010000 (b/s 0x00000100)
 ras32_high           : 0x7F000000 (b/s 0x0000007F)
 cs20_low             : 0x00000000 (b/s 0x00000000)
 cs20_high            : 0x00000000 (b/s 0x00000000)
 cs3_boot_low         : 0x00000000 (b/s 0x00000000)
 cs3_boot_high        : 0x00000000 (b/s 0x00000000)
 pci_io_low           : 0x00000000 (b/s 0x00000000)
 pci_io_high          : 0x00000000 (b/s 0x00000000)
 pci_mem_low          : 0x00000000 (b/s 0x00000000)
 pci_mem_high         : 0x00000000 (b/s 0x00000000)
 pci_mem1_low         : 0x00000000 (b/s 0x00000000)
 pci_mem1_high        : 0x00000000 (b/s 0x00000000)
 pci1_io_low          : 0x00000000 (b/s 0x00000000)
 pci1_io_high         : 0x00000000 (b/s 0x00000000)
 pci1_mem0_low        : 0x00000000 (b/s 0x00000000)
 pci1_mem0_high       : 0x00000000 (b/s 0x00000000)
 pci1_mem1_low        : 0x00000000 (b/s 0x00000000)
 pci1_mem1_high       : 0x00000000 (b/s 0x00000000)
 internal_spc_decode  : 0x00000000 (b/s 0x00000000)
 bus_err_low          : 0x00000000 (b/s 0x00000000)
 bus_err_high         : 0x00000000 (b/s 0x00000000)
 pci0_sync_barrier    : 0x00000000 (b/s 0x00000000)
 pci1_sync_barrier    : 0x00000000 (b/s 0x00000000)
 ras10_addr_remap     : 0x00000000 (b/s 0x00000000)
 ras32_addr_remap     : 0x00000000 (b/s 0x00000000)
 cs20_remap           : 0x00000000 (b/s 0x00000000)
 cs3_boot_remap       : 0x00000000 (b/s 0x00000000)
 pci0_io_remap        : 0x00000000 (b/s 0x00000000)
 pci0_mem0_remap      : 0x00000000 (b/s 0x00000000)
 pci0_mem1_remap      : 0x00000000 (b/s 0x00000000)
 pci1_io_remap        : 0x00000000 (b/s 0x00000000)
 pci1_mem0_remap      : 0x00000000 (b/s 0x00000000)
 pci1_mem1_remap      : 0x00000000 (b/s 0x00000000)
SDRAM/Device Address Space :
 ras0_low             : 0x00000000 (b/s 0x00000000)
 ras0_high            : 0xFF000000 (b/s 0x000000FF)
 ras1_low             : 0x7F000000 (b/s 0x0000007F)
 ras1_high            : 0x00000000 (b/s 0x00000000)
 ras2_low             : 0x00000000 (b/s 0x00000000)
 ras2_high            : 0xFF000000 (b/s 0x000000FF)
 ras3_low             : 0x7F000000 (b/s 0x0000007F)
 ras3_high            : 0x00000000 (b/s 0x00000000)
 cs0_low              : 0x00000000 (b/s 0x00000000)
 cs0_high             : 0x00000000 (b/s 0x00000000)
 cs1_low              : 0x00000000 (b/s 0x00000000)
 cs1_high             : 0x00000000 (b/s 0x00000000)
 cs2_low              : 0x00000000 (b/s 0x00000000)
 cs2_high             : 0x00000000 (b/s 0x00000000)
 cs3_low              : 0x00000000 (b/s 0x00000000)
 cs3_high             : 0x00000000 (b/s 0x00000000)
 boot_cs_low          : 0x00000000 (b/s 0x00000000)
 boot_cs_high         : 0x00000000 (b/s 0x00000000)
 addr_decode_err      : 0x00000000 (b/s 0x00000000)
 addr_decode          : 0x00000000 (b/s 0x00000000)
 dram_config          : 0x00000000 (b/s 0x00000000)
 dram_bank0_param     : 0x00000000 (b/s 0x00000000)
 dram_bank1_param     : 0x00000000 (b/s 0x00000000)
 dram_bank2_param     : 0x00000000 (b/s 0x00000000)
 dram_bank3_param     : 0x00000000 (b/s 0x00000000)
 dram_oper_mode       : 0x00000000 (b/s 0x00000000)
Device Parameters :
 device_bank0_param   : 0x00000000 (b/s 0x00000000)
 device_bank1_param   : 0x00000000 (b/s 0x00000000)
 device_bank2_param   : 0x00000000 (b/s 0x00000000)
 device_bank3_param   : 0x00000000 (b/s 0x00000000)
 boot_bank_param      : 0x00000000 (b/s 0x00000000)
DMA Channels :
 ch0_dma_count        : 0x00000000 (b/s 0x00000000)
 ch1_dma_count        : 0x00000000 (b/s 0x00000000)
 ch2_dma_count        : 0x00000000 (b/s 0x00000000)
 ch3_dma_count        : 0x00000000 (b/s 0x00000000)
 ch0_dma_src          : 0x00064A0E (b/s 0x0E4A0600)
 ch1_dma_src          : 0x00000000 (b/s 0x00000000)
 ch2_dma_src          : 0x00000000 (b/s 0x00000000)
 ch3_dma_src          : 0x00000000 (b/s 0x00000000)
 ch0_dma_dst          : 0x4AB2000E (b/s 0x0E00B24A)
 ch1_dma_dst          : 0x00000000 (b/s 0x00000000)
 ch2_dma_dst          : 0x00000000 (b/s 0x00000000)
 ch3_dma_dst          : 0x00000000 (b/s 0x00000000)
 ch0_next_ptr         : 0x00000000 (b/s 0x00000000)
 ch1_next_ptr         : 0x00000000 (b/s 0x00000000)
 ch2_next_ptr         : 0x00000000 (b/s 0x00000000)
 ch3_next_ptr         : 0x00000000 (b/s 0x00000000)
 ch0_current_ptr      : 0x00000000 (b/s 0x00000000)
 ch1_current_ptr      : 0x00000000 (b/s 0x00000000)
 ch2_current_ptr      : 0x00000000 (b/s 0x00000000)
 ch3_current_ptr      : 0x00000000 (b/s 0x00000000)
 ch0_ctrl             : 0xC01C0000 (b/s 0x00001CC0)
 ch1_ctrl             : 0x00000000 (b/s 0x00000000)
 ch2_ctrl             : 0x00000000 (b/s 0x00000000)
 ch3_ctrl             : 0x00000000 (b/s 0x00000000)
 arbiter_ctrl         : 0x00000000 (b/s 0x00000000)
Timer/Counters :
 ct0                  : 0x00000000 (b/s 0x00000000)
 ct1                  : 0x00000000 (b/s 0x00000000)
 ct2                  : 0x00000000 (b/s 0x00000000)
 ct3                  : 0x00000000 (b/s 0x00000000)
 counter_ctrl         : 0x00000000 (b/s 0x00000000)
PCI Internal Registers :
 pci_cmd              : 0x01800000 (b/s 0x00008001)
 pci1_cmd             : 0x00000000 (b/s 0x00000000)
 pci_timeout          : 0x00000000 (b/s 0x00000000)
 pci1_timeout         : 0x00000000 (b/s 0x00000000)
 pci_ras10_size       : 0xFF0F0000 (b/s 0x00000FFF)
 pci1_ras10_size      : 0x00000000 (b/s 0x00000000)
 pci_ras32_size       : 0xFF0F0000 (b/s 0x00000FFF)
 pci1_ras32_size      : 0x00000000 (b/s 0x00000000)
 pci_cs20_size        : 0x00000000 (b/s 0x00000000)
 pci1_cs20_size       : 0x00000000 (b/s 0x00000000)
 pci_cs3_boot_size    : 0x00000000 (b/s 0x00000000)
 pci1_cs3_boot_size   : 0x00000000 (b/s 0x00000000)
 pci0_prefetch_burst_ : 0x00000000 (b/s 0x00000000)
 pci1_prefetch_burst_ : 0x00000000 (b/s 0x00000000)
 pci0_ras10_remap     : 0x00000000 (b/s 0x00000000)
 pci1_ras10_remap     : 0x00000000 (b/s 0x00000000)
 pci0_ras32_remap     : 0x00000000 (b/s 0x00000000)
 pci1_ras32_remap     : 0x00000000 (b/s 0x00000000)
 pci0_cs20_remap      : 0x00000000 (b/s 0x00000000)
 pci1_cs20_remap      : 0x00000000 (b/s 0x00000000)
 pci0_cs3_boot_remap  : 0x00000000 (b/s 0x00000000)
 pci1_cs3_boot_remap  : 0x00000000 (b/s 0x00000000)
 pci0_swapped_ras10_r : 0x00000000 (b/s 0x00000000)
 pci1_swapped_ras10_r : 0x00000000 (b/s 0x00000000)
 pci0_swapped_ras32_r : 0x00000000 (b/s 0x00000000)
 pci1_swapped_ras32_r : 0x00000000 (b/s 0x00000000)
 pci0_swapped_cs3_boo : 0x00000000 (b/s 0x00000000)
 pci1_swapped_cs3_boo : 0x00000000 (b/s 0x00000000)
 pci0_base_addr_regs_ : 0x00000000 (b/s 0x00000000)
Interrupt Control :
 pci_int_cause        : 0x00000000 (b/s 0x00000000)
 pci_high_int_cause   : 0x00000000 (b/s 0x00000000)
 pci_cpu_mask         : 0xF00F0000 (b/s 0x00000FF0)
 pci_high_cpu_mask    : 0x00000000 (b/s 0x00000000)
 pci_pci_mask         : 0x00000000 (b/s 0x00000000)
 pci0_high_pci_mask   : 0x00000000 (b/s 0x00000000)
 pci1_int_cause_mask  : 0x00000000 (b/s 0x00000000)
 pci1_high_int_cause_ : 0x00000000 (b/s 0x00000000)
 pci_serr_mask        : 0x00000000 (b/s 0x00000000)
 pci1_serr_mask       : 0x00000000 (b/s 0x00000000)
 pci0_int_select      : 0x00000000 (b/s 0x00000000)
 pci1_int_select      : 0x00000000 (b/s 0x00000000)
 cpu_int_select       : 0x00000000 (b/s 0x00000000)


------------------ show sysctlr ------------------



------------------ show buffers ------------------


Buffer elements:
     1093 in free list 
     19418 hits, 0 misses, 617 created

Public buffer pools:
Small buffers, 104 bytes (total 50, permanent 50):
     34 in free list (20 min, 150 max allowed)
     4639 hits, 0 misses, 0 trims, 0 created
     0 failures (0 no memory)
Middle buffers, 600 bytes (total 49, permanent 25, peak 49 @ 01:00:30):
     32 in free list (10 min, 150 max allowed)
     6733 hits, 8 misses, 0 trims, 24 created
     0 failures (0 no memory)
Big buffers, 1536 bytes (total 51, permanent 50, peak 51 @ 01:03:59):
     51 in free list (5 min, 150 max allowed)
     1243 hits, 0 misses, 0 trims, 1 created
     0 failures (0 no memory)
VeryBig buffers, 4520 bytes (total 11, permanent 10, peak 11 @ 01:03:59):
     11 in free list (0 min, 100 max allowed)
     0 hits, 0 misses, 0 trims, 1 created
     0 failures (0 no memory)
Large buffers, 5024 bytes (total 1, permanent 0, peak 1 @ 01:04:04):
     1 in free list (0 min, 10 max allowed)
     0 hits, 0 misses, 0 trims, 1 created
     0 failures (0 no memory)
Huge buffers, 18024 bytes (total 1, permanent 0, peak 1 @ 01:04:04):
     1 in free list (0 min, 4 max allowed)
     0 hits, 0 misses, 0 trims, 1 created
     0 failures (0 no memory)

Interface buffer pools:
Generic ED Pool buffers, 512 bytes (total 101, permanent 100, peak 101 @ 01:03:55):
     101 in free list (100 min, 100 max allowed)
     21 hits, 0 misses
Syslog ED Pool buffers, 600 bytes (total 133, permanent 132, peak 133 @ 01:03:55):
     101 in free list (132 min, 132 max allowed)
     126 hits, 0 misses
IPC buffers, 4096 bytes (total 2, permanent 2):
     1 in free list (1 min, 8 max allowed)
     1 hits, 0 fallbacks, 0 trims, 0 created
     0 failures (0 no memory)
IPC Medium buffers, 16384 bytes (total 2, permanent 2):
     2 in free list (1 min, 8 max allowed)
     0 hits, 0 fallbacks, 0 trims, 0 created
     0 failures (0 no memory)
IPC Large buffers, 65535 bytes (total 17, permanent 16, peak 17 @ 01:04:04):
     17 in free list (16 min, 16 max allowed)
     0 hits, 0 misses, 63 trims, 64 created
     0 failures (0 no memory)

Header pools:
Header buffers, 0 bytes (total 512, permanent 256, peak 512 @ 01:04:03):
     256 in free list (256 min, 1024 max allowed)
     171 hits, 85 misses, 0 trims, 256 created
     0 failures (0 no memory)
     256 max cache size, 256 in cache
     0 hits in cache, 0 misses in cache

Particle Clones:
     1024 clones, 0 hits, 0 misses

Public particle pools:
F/S buffers, 128 bytes (total 512, permanent 512):
     0 in free list (0 min, 512 max allowed)
     512 hits, 0 misses, 0 trims, 0 created
     0 failures (0 no memory)
     512 max cache size, 512 in cache
     0 hits in cache, 0 misses in cache
Normal buffers, 512 bytes (total 2048, permanent 2048):
     2048 in free list (1024 min, 4096 max allowed)
     0 hits, 0 misses, 0 trims, 0 created
     0 failures (0 no memory)

Private particle pools:
HQF Particle buffers, 0 bytes (total 2000, permanent 2000):
     2000 in free list (500 min, 2000 max allowed)
     0 hits, 0 misses, 0 trims, 0 created
     0 failures (0 no memory)
FastEthernet0/0 buffers, 512 bytes (total 400, permanent 400):
     0 in free list (0 min, 400 max allowed)
     400 hits, 0 fallbacks
     400 max cache size, 271 in cache
     227 hits in cache, 0 misses in cache
     14 buffer threshold, 0 threshold transitions
FastEthernet1/0 buffers, 768 bytes (total 529, permanent 400):
     129 in free list (128 min, 1200 max allowed)
     357 hits, 43 misses, 0 trims, 129 created
     0 failures (0 no memory)
     400 max cache size, 272 in cache
     128 hits in cache, 0 misses in cache
     14 buffer threshold, 0 threshold transitions
FastEthernet1/1 buffers, 768 bytes (total 529, permanent 400):
     129 in free list (128 min, 1200 max allowed)
     357 hits, 43 misses, 0 trims, 129 created
     0 failures (0 no memory)
     400 max cache size, 272 in cache
     128 hits in cache, 0 misses in cache
     14 buffer threshold, 0 threshold transitions
FastEthernet2/0 buffers, 768 bytes (total 529, permanent 400):
     129 in free list (128 min, 1200 max allowed)
     357 hits, 43 misses, 0 trims, 129 created
     0 failures (0 no memory)
     400 max cache size, 272 in cache
     128 hits in cache, 0 misses in cache
     14 buffer threshold, 0 threshold transitions
FastEthernet2/1 buffers, 768 bytes (total 529, permanent 400):
     129 in free list (128 min, 1200 max allowed)
     357 hits, 43 misses, 0 trims, 129 created
     0 failures (0 no memory)
     400 max cache size, 272 in cache
     128 hits in cache, 0 misses in cache
     14 buffer threshold, 0 threshold transitions
FastEthernet3/0 buffers, 768 bytes (total 529, permanent 400):
     129 in free list (128 min, 1200 max allowed)
     357 hits, 43 misses, 0 trims, 129 created
     0 failures (0 no memory)
     400 max cache size, 272 in cache
     4194 hits in cache, 0 misses in cache
     14 buffer threshold, 0 threshold transitions
FastEthernet3/1 buffers, 768 bytes (total 529, permanent 400):
     129 in free list (128 min, 1200 max allowed)
     357 hits, 43 misses, 0 trims, 129 created
     0 failures (0 no memory)
     400 max cache size, 272 in cache
     128 hits in cache, 0 misses in cache
     14 buffer threshold, 0 threshold transitions



------------------ show buffers usage ------------------


Statistics for the Small pool
Number of Buffers used by packets generated by system:   50
Number of Buffers used by incoming packets:               0

Statistics for the Middle pool
Output IDB   :      Fa3/0 count:        6
Caller pc    : 0x60F30C28 count:        6
Resource User: SSH Proces count:        6
Caller pc    : 0x62CC2180 count:        1
Resource User:   IP Input count:        1
Number of Buffers used by packets generated by system:   48
Number of Buffers used by incoming packets:               1

Statistics for the Big pool
Number of Buffers used by packets generated by system:   51
Number of Buffers used by incoming packets:               0

Statistics for the VeryBig pool
Number of Buffers used by packets generated by system:   11
Number of Buffers used by incoming packets:               0

Statistics for the Large pool
Number of Buffers used by packets generated by system:    1
Number of Buffers used by incoming packets:               0

Statistics for the Huge pool
Number of Buffers used by packets generated by system:    1
Number of Buffers used by incoming packets:               0

Statistics for the Generic ED Pool pool
Number of Buffers used by packets generated by system:  101
Number of Buffers used by incoming packets:               0

Statistics for the Syslog ED Pool pool
Caller pc    : 0x60869E4C count:       32
Resource User: EEM ED Sys count:       32
Number of Buffers used by packets generated by system:  133
Number of Buffers used by incoming packets:               0

Statistics for the IPC pool
Caller pc    : 0x62B99048 count:        1
Resource User:       Init count:        1
Number of Buffers used by packets generated by system:    2
Number of Buffers used by incoming packets:               0

Statistics for the IPC Medium pool
Number of Buffers used by packets generated by system:    2
Number of Buffers used by incoming packets:               0

Statistics for the IPC Large pool
Number of Buffers used by packets generated by system:   17
Number of Buffers used by incoming packets:               0

Statistics for the Header pool
Number of Buffers used by packets generated by system:  512
Number of Buffers used by incoming packets:               0

Statistics for the FS Header pool
Caller pc    : 0x62E4D3C0 count:        1
Resource User:       Init count:       22
Caller pc    : 0x62EFFE98 count:        6
Caller pc    : 0x63270364 count:        1
Caller pc    : 0x60982398 count:        1
Caller pc    : 0x63337A38 count:        1
Caller pc    : 0x633380B4 count:        1
Caller pc    : 0x620CE954 count:        8
Caller pc    : 0x62B0570C count:        1
Caller pc    : 0x61231678 count:        1
Caller pc    : 0x63337A78 count:        1
Number of Buffers used by packets generated by system:   38
Number of Buffers used by incoming packets:               0

Statistics for the l2frag pak pool pool
Number of Buffers used by packets generated by system:    0
Number of Buffers used by incoming packets:               0

Statistics for the SW Crypto Header pool
Caller pc    : 0x629FCC8C count:        1
Resource User:       Init count:        1
Number of Buffers used by packets generated by system:    2
Number of Buffers used by incoming packets:               0

Statistics for the Crypto Fragmentation Header pool
Caller pc    : 0x63672E1C count:        1
Resource User:       Init count:        1
Number of Buffers used by packets generated by system:    2
Number of Buffers used by incoming packets:               0



CAMP-2#
DEBUG:netmiko:read_channel: 
DEBUG:netmiko:read_channel: 
DEBUG:netmiko:write_channel: b'\n'
DEBUG:netmiko:read_channel: 
CAMP-2#
DEBUG:netmiko:read_channel: 
DEBUG:netmiko:[find_prompt()]: prompt is CAMP-2#
DEBUG:netmiko:write_channel: b'\n'
DEBUG:netmiko:read_channel: 
DEBUG:netmiko:write_channel: b'exit\n'
DEBUG:paramiko.transport:EOF in transport thread
DEBUG:netmiko:read_channel: 
CAMP-2#
DEBUG:netmiko:read_channel: 
DEBUG:netmiko:read_channel: 
DEBUG:netmiko:write_channel: b'exit\n'
DEBUG:paramiko.transport:EOF in transport thread
DEBUG:netmiko:read_channel: 
DEBUG:netmiko:write_channel: b'exit\n'
DEBUG:paramiko.transport:EOF in transport thread
DEBUG:netmiko:read_channel: 
DEBUG:netmiko:write_channel: b'exit\n'
DEBUG:paramiko.transport:starting thread (client mode): 0x16a3abb0
DEBUG:paramiko.transport:starting thread (client mode): 0x16a45b20
DEBUG:paramiko.transport:starting thread (client mode): 0x16a3ab80
DEBUG:paramiko.transport:Local version/idstring: SSH-2.0-paramiko_2.7.1
DEBUG:paramiko.transport:Local version/idstring: SSH-2.0-paramiko_2.7.1
DEBUG:paramiko.transport:Local version/idstring: SSH-2.0-paramiko_2.7.1
DEBUG:paramiko.transport:Remote version/idstring: SSH-2.0-Cisco-1.25
INFO:paramiko.transport:Connected (version 2.0, client Cisco-1.25)
DEBUG:paramiko.transport:starting thread (client mode): 0x16a58b80
DEBUG:paramiko.transport:Local version/idstring: SSH-2.0-paramiko_2.7.1
DEBUG:paramiko.transport:Remote version/idstring: SSH-2.0-Cisco-1.25
INFO:paramiko.transport:Connected (version 2.0, client Cisco-1.25)
DEBUG:paramiko.transport:starting thread (client mode): 0x16a3aaf0
DEBUG:paramiko.transport:Remote version/idstring: SSH-1.99-Cisco-1.25
DEBUG:paramiko.transport:starting thread (client mode): 0x16a58640
DEBUG:paramiko.transport:starting thread (client mode): 0x16a3afd0
DEBUG:paramiko.transport:kex algos:['diffie-hellman-group1-sha1'] server key:['ssh-rsa'] client encrypt:['aes128-cbc', '3des-cbc', 'aes192-cbc', 'aes256-cbc'] server encrypt:['aes128-cbc', '3des-cbc', 'aes192-cbc', 'aes256-cbc'] client mac:['hmac-sha1', 'hmac-sha1-96', 'hmac-md5', 'hmac-md5-96'] server mac:['hmac-sha1', 'hmac-sha1-96', 'hmac-md5', 'hmac-md5-96'] client compress:['none'] server compress:['none'] client lang:[''] server lang:[''] kex follows?False
DEBUG:paramiko.transport:Kex agreed: diffie-hellman-group1-sha1
INFO:paramiko.transport:Connected (version 1.99, client Cisco-1.25)
DEBUG:paramiko.transport:Local version/idstring: SSH-2.0-paramiko_2.7.1
DEBUG:paramiko.transport:HostKey agreed: ssh-rsa
DEBUG:paramiko.transport:Local version/idstring: SSH-2.0-paramiko_2.7.1
DEBUG:paramiko.transport:Cipher agreed: aes128-cbc
DEBUG:paramiko.transport:MAC agreed: hmac-sha1
DEBUG:paramiko.transport:Compression agreed: none
DEBUG:paramiko.transport:Local version/idstring: SSH-2.0-paramiko_2.7.1
DEBUG:paramiko.transport:Remote version/idstring: SSH-2.0-Cisco-1.25
DEBUG:paramiko.transport:Remote version/idstring: SSH-2.0-Cisco-1.25
DEBUG:paramiko.transport:Remote version/idstring: SSH-2.0-Cisco-1.25
DEBUG:paramiko.transport:kex algos:['diffie-hellman-group1-sha1'] server key:['ssh-rsa'] client encrypt:['aes128-cbc', '3des-cbc', 'aes192-cbc', 'aes256-cbc'] server encrypt:['aes128-cbc', '3des-cbc', 'aes192-cbc', 'aes256-cbc'] client mac:['hmac-sha1', 'hmac-sha1-96', 'hmac-md5', 'hmac-md5-96'] server mac:['hmac-sha1', 'hmac-sha1-96', 'hmac-md5', 'hmac-md5-96'] client compress:['none'] server compress:['none'] client lang:[''] server lang:[''] kex follows?False
DEBUG:paramiko.transport:starting thread (client mode): 0x16a58e20
DEBUG:paramiko.transport:starting thread (client mode): 0x16a588e0
DEBUG:paramiko.transport:Remote version/idstring: SSH-1.99-Cisco-1.25
DEBUG:paramiko.transport:kex algos:['diffie-hellman-group-exchange-sha1', 'diffie-hellman-group14-sha1', 'diffie-hellman-group1-sha1'] server key:['ssh-rsa'] client encrypt:['aes128-cbc', '3des-cbc', 'aes192-cbc', 'aes256-cbc'] server encrypt:['aes128-cbc', '3des-cbc', 'aes192-cbc', 'aes256-cbc'] client mac:['hmac-sha1', 'hmac-sha1-96', 'hmac-md5', 'hmac-md5-96'] server mac:['hmac-sha1', 'hmac-sha1-96', 'hmac-md5', 'hmac-md5-96'] client compress:['none'] server compress:['none'] client lang:[''] server lang:[''] kex follows?False
INFO:paramiko.transport:Connected (version 2.0, client Cisco-1.25)
INFO:paramiko.transport:Connected (version 2.0, client Cisco-1.25)
INFO:paramiko.transport:Connected (version 2.0, client Cisco-1.25)
DEBUG:paramiko.transport:Kex agreed: diffie-hellman-group1-sha1
DEBUG:paramiko.transport:Local version/idstring: SSH-2.0-paramiko_2.7.1
INFO:paramiko.transport:Connected (version 1.99, client Cisco-1.25)
DEBUG:paramiko.transport:Local version/idstring: SSH-2.0-paramiko_2.7.1
DEBUG:paramiko.transport:Kex agreed: diffie-hellman-group-exchange-sha1
DEBUG:paramiko.transport:HostKey agreed: ssh-rsa
DEBUG:paramiko.transport:Remote version/idstring: SSH-2.0-Cisco-1.25
DEBUG:paramiko.transport:kex algos:['diffie-hellman-group-exchange-sha1', 'diffie-hellman-group14-sha1', 'diffie-hellman-group1-sha1'] server key:['ssh-rsa'] client encrypt:['aes128-cbc', '3des-cbc', 'aes192-cbc', 'aes256-cbc'] server encrypt:['aes128-cbc', '3des-cbc', 'aes192-cbc', 'aes256-cbc'] client mac:['hmac-sha1', 'hmac-sha1-96', 'hmac-md5', 'hmac-md5-96'] server mac:['hmac-sha1', 'hmac-sha1-96', 'hmac-md5', 'hmac-md5-96'] client compress:['none'] server compress:['none'] client lang:[''] server lang:[''] kex follows?False
DEBUG:paramiko.transport:HostKey agreed: ssh-rsa
DEBUG:paramiko.transport:Remote version/idstring: SSH-2.0-Cisco-1.25
DEBUG:paramiko.transport:Cipher agreed: aes128-cbc
INFO:paramiko.transport:Connected (version 2.0, client Cisco-1.25)
DEBUG:paramiko.transport:Kex agreed: diffie-hellman-group-exchange-sha1
DEBUG:paramiko.transport:Cipher agreed: aes128-cbc
INFO:paramiko.transport:Connected (version 2.0, client Cisco-1.25)
DEBUG:paramiko.transport:MAC agreed: hmac-sha1
DEBUG:paramiko.transport:HostKey agreed: ssh-rsa
DEBUG:paramiko.transport:MAC agreed: hmac-sha1
DEBUG:paramiko.transport:Compression agreed: none
DEBUG:paramiko.transport:Cipher agreed: aes128-cbc
DEBUG:paramiko.transport:Compression agreed: none
DEBUG:paramiko.transport:MAC agreed: hmac-sha1
DEBUG:paramiko.transport:kex algos:['diffie-hellman-group-exchange-sha1', 'diffie-hellman-group14-sha1', 'diffie-hellman-group1-sha1'] server key:['ssh-rsa'] client encrypt:['aes128-cbc', '3des-cbc', 'aes192-cbc', 'aes256-cbc'] server encrypt:['aes128-cbc', '3des-cbc', 'aes192-cbc', 'aes256-cbc'] client mac:['hmac-sha1', 'hmac-sha1-96', 'hmac-md5', 'hmac-md5-96'] server mac:['hmac-sha1', 'hmac-sha1-96', 'hmac-md5', 'hmac-md5-96'] client compress:['none'] server compress:['none'] client lang:[''] server lang:[''] kex follows?False
DEBUG:paramiko.transport:kex algos:['diffie-hellman-group-exchange-sha1', 'diffie-hellman-group14-sha1', 'diffie-hellman-group1-sha1'] server key:['ssh-rsa'] client encrypt:['aes128-cbc', '3des-cbc', 'aes192-cbc', 'aes256-cbc'] server encrypt:['aes128-cbc', '3des-cbc', 'aes192-cbc', 'aes256-cbc'] client mac:['hmac-sha1', 'hmac-sha1-96', 'hmac-md5', 'hmac-md5-96'] server mac:['hmac-sha1', 'hmac-sha1-96', 'hmac-md5', 'hmac-md5-96'] client compress:['none'] server compress:['none'] client lang:[''] server lang:[''] kex follows?False
DEBUG:paramiko.transport:kex algos:['diffie-hellman-group-exchange-sha1', 'diffie-hellman-group14-sha1', 'diffie-hellman-group1-sha1'] server key:['ssh-rsa'] client encrypt:['aes128-cbc', '3des-cbc', 'aes192-cbc', 'aes256-cbc'] server encrypt:['aes128-cbc', '3des-cbc', 'aes192-cbc', 'aes256-cbc'] client mac:['hmac-sha1', 'hmac-sha1-96', 'hmac-md5', 'hmac-md5-96'] server mac:['hmac-sha1', 'hmac-sha1-96', 'hmac-md5', 'hmac-md5-96'] client compress:['none'] server compress:['none'] client lang:[''] server lang:[''] kex follows?False
DEBUG:paramiko.transport:kex algos:['diffie-hellman-group-exchange-sha1', 'diffie-hellman-group14-sha1', 'diffie-hellman-group1-sha1'] server key:['ssh-rsa'] client encrypt:['aes128-cbc', '3des-cbc', 'aes192-cbc', 'aes256-cbc'] server encrypt:['aes128-cbc', '3des-cbc', 'aes192-cbc', 'aes256-cbc'] client mac:['hmac-sha1', 'hmac-sha1-96', 'hmac-md5', 'hmac-md5-96'] server mac:['hmac-sha1', 'hmac-sha1-96', 'hmac-md5', 'hmac-md5-96'] client compress:['none'] server compress:['none'] client lang:[''] server lang:[''] kex follows?False
DEBUG:paramiko.transport:Compression agreed: none
DEBUG:paramiko.transport:Kex agreed: diffie-hellman-group-exchange-sha1
DEBUG:paramiko.transport:Kex agreed: diffie-hellman-group-exchange-sha1
DEBUG:paramiko.transport:Kex agreed: diffie-hellman-group-exchange-sha1
DEBUG:paramiko.transport:Kex agreed: diffie-hellman-group-exchange-sha1
DEBUG:paramiko.transport:HostKey agreed: ssh-rsa
DEBUG:paramiko.transport:HostKey agreed: ssh-rsa
DEBUG:paramiko.transport:HostKey agreed: ssh-rsa
DEBUG:paramiko.transport:HostKey agreed: ssh-rsa
DEBUG:paramiko.transport:Cipher agreed: aes128-cbc
DEBUG:paramiko.transport:Cipher agreed: aes128-cbc
DEBUG:paramiko.transport:Cipher agreed: aes128-cbc
DEBUG:paramiko.transport:Cipher agreed: aes128-cbc
DEBUG:paramiko.transport:MAC agreed: hmac-sha1
DEBUG:paramiko.transport:MAC agreed: hmac-sha1
DEBUG:paramiko.transport:MAC agreed: hmac-sha1
DEBUG:paramiko.transport:MAC agreed: hmac-sha1
DEBUG:paramiko.transport:Compression agreed: none
DEBUG:paramiko.transport:Compression agreed: none
DEBUG:paramiko.transport:Compression agreed: none
DEBUG:paramiko.transport:Compression agreed: none
DEBUG:paramiko.transport:Got server p (2048 bits)
DEBUG:paramiko.transport:kex algos:['diffie-hellman-group-exchange-sha1', 'diffie-hellman-group14-sha1', 'diffie-hellman-group1-sha1'] server key:['ssh-rsa'] client encrypt:['aes128-cbc', '3des-cbc', 'aes192-cbc', 'aes256-cbc'] server encrypt:['aes128-cbc', '3des-cbc', 'aes192-cbc', 'aes256-cbc'] client mac:['hmac-sha1', 'hmac-sha1-96', 'hmac-md5', 'hmac-md5-96'] server mac:['hmac-sha1', 'hmac-sha1-96', 'hmac-md5', 'hmac-md5-96'] client compress:['none'] server compress:['none'] client lang:[''] server lang:[''] kex follows?False
DEBUG:paramiko.transport:Got server p (2048 bits)
DEBUG:paramiko.transport:Got server p (2048 bits)
DEBUG:paramiko.transport:Kex agreed: diffie-hellman-group-exchange-sha1
DEBUG:paramiko.transport:Got server p (2048 bits)
DEBUG:paramiko.transport:HostKey agreed: ssh-rsa
DEBUG:paramiko.transport:Cipher agreed: aes128-cbc
DEBUG:paramiko.transport:MAC agreed: hmac-sha1
DEBUG:paramiko.transport:Compression agreed: none
DEBUG:paramiko.transport:Got server p (2048 bits)
DEBUG:paramiko.transport:Got server p (2048 bits)
DEBUG:paramiko.transport:Got server p (2048 bits)
DEBUG:paramiko.transport:kex engine KexGex specified hash_algo <built-in function openssl_sha1>
DEBUG:paramiko.transport:kex engine KexGex specified hash_algo <built-in function openssl_sha1>
DEBUG:paramiko.transport:kex engine KexGex specified hash_algo <built-in function openssl_sha1>
DEBUG:paramiko.transport:kex engine KexGroup1 specified hash_algo <built-in function openssl_sha1>
DEBUG:paramiko.transport:kex engine KexGex specified hash_algo <built-in function openssl_sha1>
DEBUG:paramiko.transport:Switch to new keys ...
DEBUG:paramiko.transport:Switch to new keys ...
DEBUG:paramiko.transport:kex engine KexGroup1 specified hash_algo <built-in function openssl_sha1>
DEBUG:paramiko.transport:Switch to new keys ...
DEBUG:paramiko.transport:Switch to new keys ...
DEBUG:paramiko.transport:Adding ssh-rsa host key for 123.123.1.18: b'a4da7fb29dcdd65dd80304f489202085'
DEBUG:paramiko.transport:Switch to new keys ...
DEBUG:paramiko.transport:Adding ssh-rsa host key for 123.123.1.13: b'cec2a3a33e83b6b9222dbc0e408ca84e'
DEBUG:paramiko.transport:Adding ssh-rsa host key for 123.123.1.16: b'1c85ef063bd93c1565f4826bb82f26fd'
DEBUG:paramiko.transport:Switch to new keys ...
DEBUG:paramiko.transport:Adding ssh-rsa host key for 123.123.1.15: b'15c19f48f5899b154df7a80698b56034'
DEBUG:paramiko.transport:Adding ssh-rsa host key for 123.123.1.11: b'21d1094a344929c9eca5703098b9e67a'
DEBUG:paramiko.transport:Adding ssh-rsa host key for 123.123.1.14: b'7aea766b56198c00a915d0a620f89c87'
DEBUG:paramiko.transport:kex engine KexGex specified hash_algo <built-in function openssl_sha1>
DEBUG:paramiko.transport:kex engine KexGex specified hash_algo <built-in function openssl_sha1>
DEBUG:paramiko.transport:Switch to new keys ...
DEBUG:paramiko.transport:Switch to new keys ...
DEBUG:paramiko.transport:Adding ssh-rsa host key for 123.123.1.19: b'08ddefb1f4824b884799501ba0cfadd8'
DEBUG:paramiko.transport:Adding ssh-rsa host key for 123.123.1.12: b'f05d3c38c9d8395c49a0fc3423174fdc'
DEBUG:paramiko.transport:kex engine KexGex specified hash_algo <built-in function openssl_sha1>
DEBUG:paramiko.transport:Switch to new keys ...
DEBUG:paramiko.transport:Adding ssh-rsa host key for 123.123.1.17: b'7aea8ef985ee2a4c9521fd46af50ff9c'
DEBUG:paramiko.transport:userauth is OK
INFO:paramiko.transport:Authentication (password) successful!
DEBUG:paramiko.transport:[chan 0] Max packet in: 32768 bytes
DEBUG:paramiko.transport:[chan 0] Max packet out: 4096 bytes
DEBUG:paramiko.transport:userauth is OK
DEBUG:paramiko.transport:Secsh channel 0 opened.
DEBUG:paramiko.transport:userauth is OK
DEBUG:paramiko.transport:[chan 0] Sesch channel 0 request ok
DEBUG:paramiko.transport:userauth is OK
DEBUG:paramiko.transport:[chan 0] Sesch channel 0 request ok
INFO:paramiko.transport:Authentication (password) successful!
DEBUG:paramiko.transport:[chan 0] Max packet in: 32768 bytes
INFO:paramiko.transport:Authentication (password) successful!
DEBUG:paramiko.transport:[chan 0] Max packet in: 32768 bytes
DEBUG:paramiko.transport:[chan 0] Max packet out: 4096 bytes
DEBUG:paramiko.transport:Secsh channel 0 opened.
DEBUG:paramiko.transport:[chan 0] Sesch channel 0 request ok
DEBUG:paramiko.transport:userauth is OK
DEBUG:paramiko.transport:userauth is OK
DEBUG:paramiko.transport:[chan 0] Sesch channel 0 request ok
INFO:paramiko.transport:Authentication (password) successful!
INFO:paramiko.transport:Authentication (password) successful!
DEBUG:paramiko.transport:[chan 0] Max packet in: 32768 bytes
DEBUG:paramiko.transport:[chan 0] Max packet in: 32768 bytes
DEBUG:paramiko.transport:[chan 0] Max packet out: 4096 bytes
DEBUG:paramiko.transport:Secsh channel 0 opened.
DEBUG:paramiko.transport:[chan 0] Sesch channel 0 request ok
DEBUG:paramiko.transport:[chan 0] Max packet out: 4096 bytes
DEBUG:paramiko.transport:Secsh channel 0 opened.
DEBUG:paramiko.transport:[chan 0] Max packet out: 4096 bytes
DEBUG:paramiko.transport:Secsh channel 0 opened.
DEBUG:paramiko.transport:[chan 0] Sesch channel 0 request ok
DEBUG:paramiko.transport:[chan 0] Sesch channel 0 request ok
DEBUG:paramiko.transport:[chan 0] Sesch channel 0 request ok
INFO:paramiko.transport:Authentication (password) successful!
DEBUG:paramiko.transport:[chan 0] Max packet in: 32768 bytes
DEBUG:paramiko.transport:[chan 0] Sesch channel 0 request ok
DEBUG:paramiko.transport:[chan 0] Sesch channel 0 request ok
DEBUG:paramiko.transport:userauth is OK
DEBUG:paramiko.transport:[chan 0] Max packet out: 4096 bytes
DEBUG:paramiko.transport:Secsh channel 0 opened.
INFO:paramiko.transport:Authentication (password) successful!
DEBUG:paramiko.transport:[chan 0] Max packet in: 32768 bytes
DEBUG:paramiko.transport:[chan 0] Sesch channel 0 request ok
DEBUG:paramiko.transport:[chan 0] Max packet out: 4096 bytes
DEBUG:paramiko.transport:Secsh channel 0 opened.
DEBUG:paramiko.transport:[chan 0] Sesch channel 0 request ok
DEBUG:paramiko.transport:[chan 0] Sesch channel 0 request ok
DEBUG:paramiko.transport:[chan 0] Sesch channel 0 request ok
DEBUG:paramiko.transport:userauth is OK
INFO:paramiko.transport:Authentication (password) successful!
DEBUG:paramiko.transport:[chan 0] Max packet in: 32768 bytes
DEBUG:paramiko.transport:userauth is OK
DEBUG:paramiko.transport:[chan 0] Max packet out: 4096 bytes
DEBUG:paramiko.transport:Secsh channel 0 opened.
DEBUG:paramiko.transport:[chan 0] Sesch channel 0 request ok
INFO:paramiko.transport:Authentication (password) successful!
DEBUG:paramiko.transport:[chan 0] Max packet in: 32768 bytes
DEBUG:paramiko.transport:[chan 0] Sesch channel 0 request ok
DEBUG:paramiko.transport:[chan 0] Max packet out: 4096 bytes
DEBUG:paramiko.transport:Secsh channel 0 opened.
DEBUG:paramiko.transport:[chan 0] Sesch channel 0 request ok
DEBUG:paramiko.transport:[chan 0] Sesch channel 0 request ok
DEBUG:netmiko:read_channel: 
CR-SW1>
DEBUG:netmiko:read_channel: 
B1>
DEBUG:netmiko:read_channel: CAMP-1>
DEBUG:netmiko:read_channel: 
DEBUG:netmiko:read_channel: SD-WN>
DEBUG:netmiko:read_channel: CR-R2>
DEBUG:netmiko:read_channel: 
DEBUG:netmiko:read_channel: CR-R1>
DEBUG:netmiko:read_channel: DC>
DEBUG:netmiko:read_channel: 
DEBUG:netmiko:read_channel: 
DEBUG:netmiko:read_channel: 
DEBUG:netmiko:read_channel: 
DEBUG:netmiko:read_channel: 
DEBUG:netmiko:read_channel: Only Authorized Users granted. Unauthorized access prohibited!B2>
DEBUG:netmiko:read_channel: CAMP-2>
DEBUG:netmiko:read_channel: 
DEBUG:netmiko:read_channel: 
DEBUG:netmiko:read_channel: 
DEBUG:netmiko:read_channel: 
DEBUG:netmiko:read_channel: 
DEBUG:netmiko:read_channel: 
DEBUG:netmiko:write_channel: b'\n'
DEBUG:netmiko:read_channel: 
DEBUG:netmiko:read_channel: 
DEBUG:netmiko:read_channel: 
DEBUG:netmiko:write_channel: b'\n'
DEBUG:netmiko:read_channel: 
DEBUG:netmiko:read_channel: 
DEBUG:netmiko:read_channel: 
DEBUG:netmiko:read_channel: 
CR-SW1>
DEBUG:netmiko:write_channel: b'\n'
DEBUG:netmiko:read_channel: 
DEBUG:netmiko:read_channel: 
DEBUG:netmiko:write_channel: b'\n'
DEBUG:netmiko:write_channel: b'\n'
DEBUG:netmiko:read_channel: 
B1>
DEBUG:netmiko:read_channel: 
DEBUG:netmiko:write_channel: b'\n'
DEBUG:netmiko:read_channel: 
DEBUG:netmiko:write_channel: b'\n'
DEBUG:netmiko:read_channel: 
DEBUG:netmiko:read_channel: 
CAMP-1>
DEBUG:netmiko:read_channel: 
DEBUG:netmiko:read_channel: 
CR-R2>
DEBUG:netmiko:read_channel: 
SD-WN>
DEBUG:netmiko:read_channel: 
CR-R1>
DEBUG:netmiko:read_channel: 
DC>
DEBUG:netmiko:read_channel: 
DEBUG:netmiko:write_channel: b'\n'
DEBUG:netmiko:read_channel: 
DEBUG:netmiko:[find_prompt()]: prompt is CR-SW1>
DEBUG:netmiko:read_channel: 
DEBUG:netmiko:write_channel: b'\n'
DEBUG:netmiko:read_channel: 
DEBUG:netmiko:[find_prompt()]: prompt is B1>
DEBUG:netmiko:read_channel: 
B2>
DEBUG:netmiko:read_channel: 
DEBUG:netmiko:[find_prompt()]: prompt is CAMP-1>
DEBUG:netmiko:read_channel: 
CAMP-2>
DEBUG:netmiko:read_channel: 
DEBUG:netmiko:read_channel: 
DEBUG:netmiko:[find_prompt()]: prompt is CR-R2>
DEBUG:netmiko:[find_prompt()]: prompt is SD-WN>
DEBUG:netmiko:read_channel: 
DEBUG:netmiko:[find_prompt()]: prompt is CR-R1>
DEBUG:netmiko:read_channel: 
DEBUG:netmiko:[find_prompt()]: prompt is DC>
DEBUG:netmiko:read_channel: 
DEBUG:netmiko:In disable_paging
DEBUG:netmiko:Command: terminal length 0

DEBUG:netmiko:write_channel: b'terminal length 0\n'
DEBUG:netmiko:Pattern is: CR\-SW1
DEBUG:netmiko:_read_channel_expect read_data: t
DEBUG:netmiko:read_channel: 
DEBUG:netmiko:In disable_paging
DEBUG:netmiko:Command: terminal length 0

DEBUG:netmiko:write_channel: b'terminal length 0\n'
DEBUG:netmiko:Pattern is: B1
DEBUG:netmiko:_read_channel_expect read_data: t
DEBUG:netmiko:read_channel: 
DEBUG:netmiko:[find_prompt()]: prompt is B2>
DEBUG:netmiko:read_channel: 
DEBUG:netmiko:In disable_paging
DEBUG:netmiko:Command: terminal length 0

DEBUG:netmiko:write_channel: b'terminal length 0\n'
DEBUG:netmiko:Pattern is: CAMP\-1
DEBUG:netmiko:read_channel: 
DEBUG:netmiko:[find_prompt()]: prompt is CAMP-2>
DEBUG:netmiko:_read_channel_expect read_data: t
DEBUG:netmiko:read_channel: 
DEBUG:netmiko:In disable_paging
DEBUG:netmiko:read_channel: 
DEBUG:netmiko:Command: terminal length 0

DEBUG:netmiko:In disable_paging
DEBUG:netmiko:Command: terminal length 0

DEBUG:netmiko:write_channel: b'terminal length 0\n'
DEBUG:netmiko:Pattern is: CR\-R2
DEBUG:netmiko:write_channel: b'terminal length 0\n'
DEBUG:netmiko:Pattern is: SD\-WN
DEBUG:netmiko:_read_channel_expect read_data: erminal l
DEBUG:netmiko:_read_channel_expect read_data: t
DEBUG:netmiko:_read_channel_expect read_data: t
DEBUG:netmiko:_read_channel_expect read_data: erminal length 0
B1>
DEBUG:netmiko:Pattern found: B1 terminal length 0
B1>
DEBUG:netmiko:terminal length 0
B1>
DEBUG:netmiko:Exiting disable_paging
DEBUG:netmiko:write_channel: b'terminal width 511\n'
DEBUG:netmiko:Pattern is: B1
DEBUG:netmiko:_read_channel_expect read_data: termin
DEBUG:netmiko:read_channel: 
DEBUG:netmiko:In disable_paging
DEBUG:netmiko:Command: terminal length 0

DEBUG:netmiko:write_channel: b'terminal length 0\n'
DEBUG:netmiko:Pattern is: CR\-R1
DEBUG:netmiko:_read_channel_expect read_data: t
DEBUG:netmiko:read_channel: 
DEBUG:netmiko:In disable_paging
DEBUG:netmiko:Command: terminal length 0

DEBUG:netmiko:write_channel: b'terminal length 0\n'
DEBUG:netmiko:Pattern is: DC
DEBUG:netmiko:_read_channel_expect read_data: t
DEBUG:netmiko:_read_channel_expect read_data: erminal length 0
CAMP-1>
DEBUG:netmiko:Pattern found: CAMP\-1 terminal length 0
CAMP-1>
DEBUG:netmiko:terminal length 0
CAMP-1>
DEBUG:netmiko:Exiting disable_paging
DEBUG:netmiko:write_channel: b'terminal width 511\n'
DEBUG:netmiko:Pattern is: CAMP\-1
DEBUG:netmiko:_read_channel_expect read_data: ength 0
CR-SW1>
DEBUG:netmiko:Pattern found: CR\-SW1 terminal length 0
CR-SW1>
DEBUG:netmiko:terminal length 0
CR-SW1>
DEBUG:netmiko:Exiting disable_paging
DEBUG:netmiko:write_channel: b'terminal width 511\n'
DEBUG:netmiko:Pattern is: CR\-SW1
DEBUG:netmiko:_read_channel_expect read_data: t
DEBUG:netmiko:_read_channel_expect read_data: erminal length 0
CR-R2>
DEBUG:netmiko:Pattern found: CR\-R2 terminal length 0
CR-R2>
DEBUG:netmiko:terminal length 0
CR-R2>
DEBUG:netmiko:Exiting disable_paging
DEBUG:netmiko:write_channel: b'terminal width 511\n'
DEBUG:netmiko:Pattern is: CR\-R2
DEBUG:netmiko:_read_channel_expect read_data: erminal length 0
SD-WN>
DEBUG:netmiko:Pattern found: SD\-WN terminal length 0
SD-WN>
DEBUG:netmiko:terminal length 0
SD-WN>
DEBUG:netmiko:Exiting disable_paging
DEBUG:netmiko:write_channel: b'terminal width 511\n'
DEBUG:netmiko:Pattern is: SD\-WN
DEBUG:netmiko:_read_channel_expect read_data: t
DEBUG:netmiko:_read_channel_expect read_data: t
DEBUG:netmiko:_read_channel_expect read_data: term
DEBUG:netmiko:_read_channel_expect read_data: al width 511
B1>
DEBUG:netmiko:Pattern found: B1 terminal width 511
B1>
DEBUG:netmiko:_read_channel_expect read_data: erminal length 0
CR-R1>
DEBUG:netmiko:Pattern found: CR\-R1 terminal length 0
CR-R1>
DEBUG:netmiko:terminal length 0
CR-R1>
DEBUG:netmiko:Exiting disable_paging
DEBUG:netmiko:write_channel: b'terminal width 511\n'
DEBUG:netmiko:Pattern is: CR\-R1
DEBUG:netmiko:_read_channel_expect read_data: ter
DEBUG:netmiko:read_channel: 
DEBUG:netmiko:In disable_paging
DEBUG:netmiko:Command: terminal length 0

DEBUG:netmiko:write_channel: b'terminal length 0\n'
DEBUG:netmiko:Pattern is: B2
DEBUG:netmiko:_read_channel_expect read_data: erminal length 0
DC>
DEBUG:netmiko:Pattern found: DC terminal length 0
DC>
DEBUG:netmiko:terminal length 0
DC>
DEBUG:netmiko:Exiting disable_paging
DEBUG:netmiko:write_channel: b'terminal width 511\n'
DEBUG:netmiko:Pattern is: DC
DEBUG:netmiko:_read_channel_expect read_data: t
DEBUG:netmiko:_read_channel_expect read_data: t
DEBUG:netmiko:read_channel: 
DEBUG:netmiko:In disable_paging
DEBUG:netmiko:Command: terminal length 0

DEBUG:netmiko:write_channel: b'terminal length 0\n'
DEBUG:netmiko:Pattern is: CAMP\-2
DEBUG:netmiko:_read_channel_expect read_data: t
DEBUG:netmiko:_read_channel_expect read_data: erminal width 511
CAMP-1>
DEBUG:netmiko:Pattern found: CAMP\-1 terminal width 511
CAMP-1>
DEBUG:netmiko:_read_channel_expect read_data: erminal w
DEBUG:netmiko:_read_channel_expect read_data: erminal width 511
CR-R2>
DEBUG:netmiko:Pattern found: CR\-R2 terminal width 511
CR-R2>
DEBUG:netmiko:_read_channel_expect read_data: inal width 511
SD-WN>
DEBUG:netmiko:Pattern found: SD\-WN terminal width 511
SD-WN>
DEBUG:netmiko:_read_channel_expect read_data: minal width 511
CR-R1>
DEBUG:netmiko:Pattern found: CR\-R1 terminal width 511
CR-R1>
DEBUG:netmiko:_read_channel_expect read_data: erminal length 0
B2>
DEBUG:netmiko:Pattern found: B2 terminal length 0
B2>
DEBUG:netmiko:terminal length 0
B2>
DEBUG:netmiko:Exiting disable_paging
DEBUG:netmiko:write_channel: b'terminal width 511\n'
DEBUG:netmiko:Pattern is: B2
DEBUG:netmiko:_read_channel_expect read_data: erminal width 511
DC>
DEBUG:netmiko:Pattern found: DC terminal width 511
DC>
DEBUG:netmiko:_read_channel_expect read_data: t
DEBUG:netmiko:_read_channel_expect read_data: erminal length 0
CAMP-2>
DEBUG:netmiko:Pattern found: CAMP\-2 terminal length 0
CAMP-2>
DEBUG:netmiko:terminal length 0
CAMP-2>
DEBUG:netmiko:Exiting disable_paging
DEBUG:netmiko:write_channel: b'terminal width 511\n'
DEBUG:netmiko:Pattern is: CAMP\-2
DEBUG:netmiko:_read_channel_expect read_data: t
DEBUG:netmiko:_read_channel_expect read_data: idth 511
CR-SW1>
DEBUG:netmiko:Pattern found: CR\-SW1 terminal width 511
CR-SW1>
DEBUG:netmiko:_read_channel_expect read_data: erminal width 511
B2>
DEBUG:netmiko:Pattern found: B2 terminal width 511
B2>
DEBUG:netmiko:_read_channel_expect read_data: erminal width 511
CAMP-2>
DEBUG:netmiko:Pattern found: CAMP\-2 terminal width 511
CAMP-2>
DEBUG:netmiko:read_channel: 
DEBUG:netmiko:write_channel: b'\n'
DEBUG:netmiko:Pattern is: B1
DEBUG:netmiko:_read_channel_expect read_data: 

DEBUG:netmiko:read_channel: 
DEBUG:netmiko:write_channel: b'\n'
DEBUG:netmiko:Pattern is: CAMP\-1
DEBUG:netmiko:read_channel: 
DEBUG:netmiko:write_channel: b'\n'
DEBUG:netmiko:Pattern is: CR\-R2
DEBUG:netmiko:_read_channel_expect read_data: 

DEBUG:netmiko:read_channel: 
DEBUG:netmiko:write_channel: b'\n'
DEBUG:netmiko:Pattern is: SD\-WN
DEBUG:netmiko:_read_channel_expect read_data: 

DEBUG:netmiko:_read_channel_expect read_data: 

DEBUG:netmiko:_read_channel_expect read_data: B1>
DEBUG:netmiko:Pattern found: B1 
B1>
DEBUG:netmiko:write_channel: b'enable\n'
DEBUG:netmiko:Pattern is: (B1|ssword)
DEBUG:netmiko:_read_channel_expect read_data: en
DEBUG:netmiko:read_channel: 
DEBUG:netmiko:write_channel: b'\n'
DEBUG:netmiko:Pattern is: CR\-R1
DEBUG:netmiko:_read_channel_expect read_data: 

DEBUG:netmiko:read_channel: 
DEBUG:netmiko:write_channel: b'\n'
DEBUG:netmiko:Pattern is: DC
DEBUG:netmiko:_read_channel_expect read_data: 

DEBUG:netmiko:read_channel: 
DEBUG:netmiko:write_channel: b'\n'
DEBUG:netmiko:Pattern is: CR\-SW1
DEBUG:netmiko:_read_channel_expect read_data: 

DEBUG:netmiko:_read_channel_expect read_data: CAMP-1>
DEBUG:netmiko:Pattern found: CAMP\-1 
CAMP-1>
DEBUG:netmiko:write_channel: b'enable\n'
DEBUG:netmiko:Pattern is: (CAMP\-1|ssword)
DEBUG:netmiko:_read_channel_expect read_data: e
DEBUG:netmiko:_read_channel_expect read_data: CR-R2>
DEBUG:netmiko:Pattern found: CR\-R2 
CR-R2>
DEBUG:netmiko:write_channel: b'enable\n'
DEBUG:netmiko:Pattern is: (CR\-R2|ssword)
DEBUG:netmiko:_read_channel_expect read_data: SD-WN>
DEBUG:netmiko:Pattern found: SD\-WN 
SD-WN>
DEBUG:netmiko:write_channel: b'enable\n'
DEBUG:netmiko:Pattern is: (SD\-WN|ssword)
DEBUG:netmiko:_read_channel_expect read_data: enable

DEBUG:netmiko:_read_channel_expect read_data: e
DEBUG:netmiko:_read_channel_expect read_data: able
Password: 
DEBUG:netmiko:Pattern found: (B1|ssword) enable
Password: 
DEBUG:netmiko:write_channel: b'cisco\n'
DEBUG:netmiko:Pattern is: B1
DEBUG:netmiko:_read_channel_expect read_data: CR-R1>
DEBUG:netmiko:Pattern found: CR\-R1 
CR-R1>
DEBUG:netmiko:write_channel: b'enable\n'
DEBUG:netmiko:Pattern is: (CR\-R1|ssword)
DEBUG:netmiko:_read_channel_expect read_data: 
B1#
DEBUG:netmiko:Pattern found: B1 
B1#
DEBUG:netmiko:write_channel: b'\n'
DEBUG:netmiko:Pattern is: B1
DEBUG:netmiko:_read_channel_expect read_data: DC>
DEBUG:netmiko:Pattern found: DC 
DC>
DEBUG:netmiko:write_channel: b'enable\n'
DEBUG:netmiko:Pattern is: (DC|ssword)
DEBUG:netmiko:read_channel: 
DEBUG:netmiko:write_channel: b'\n'
DEBUG:netmiko:Pattern is: B2
DEBUG:netmiko:_read_channel_expect read_data: e
DEBUG:netmiko:_read_channel_expect read_data: 

DEBUG:netmiko:_read_channel_expect read_data: e
DEBUG:netmiko:_read_channel_expect read_data: 

DEBUG:netmiko:read_channel: 
DEBUG:netmiko:write_channel: b'\n'
DEBUG:netmiko:Pattern is: CAMP\-2
DEBUG:netmiko:_read_channel_expect read_data: 

DEBUG:netmiko:_read_channel_expect read_data: CR-SW1>
DEBUG:netmiko:Pattern found: CR\-SW1 
CR-SW1>
DEBUG:netmiko:write_channel: b'enable\n'
DEBUG:netmiko:Pattern is: (CR\-SW1|ssword)
DEBUG:netmiko:_read_channel_expect read_data: e
DEBUG:netmiko:_read_channel_expect read_data: nable
Password: 
DEBUG:netmiko:Pattern found: (CAMP\-1|ssword) enable
Password: 
DEBUG:netmiko:write_channel: b'cisco\n'
DEBUG:netmiko:Pattern is: CAMP\-1
DEBUG:netmiko:_read_channel_expect read_data: Password: 
DEBUG:netmiko:Pattern found: (CR\-R2|ssword) enable
Password: 
DEBUG:netmiko:write_channel: b'cisco\n'
DEBUG:netmiko:Pattern is: CR\-R2
DEBUG:netmiko:_read_channel_expect read_data: nable
Password: 
DEBUG:netmiko:Pattern found: (SD\-WN|ssword) enable
Password: 
DEBUG:netmiko:write_channel: b'cisco\n'
DEBUG:netmiko:Pattern is: SD\-WN
DEBUG:netmiko:_read_channel_expect read_data: 
CAMP-1#
DEBUG:netmiko:Pattern found: CAMP\-1 
CAMP-1#
DEBUG:netmiko:write_channel: b'\n'
DEBUG:netmiko:Pattern is: CAMP\-1
DEBUG:netmiko:_read_channel_expect read_data: 
SD-WN#
DEBUG:netmiko:Pattern found: SD\-WN 
SD-WN#
DEBUG:netmiko:write_channel: b'\n'
DEBUG:netmiko:Pattern is: SD\-WN
DEBUG:netmiko:_read_channel_expect read_data: 

DEBUG:netmiko:_read_channel_expect read_data: 
CR-R2#
DEBUG:netmiko:Pattern found: CR\-R2 
CR-R2#
DEBUG:netmiko:write_channel: b'\n'
DEBUG:netmiko:Pattern is: CR\-R2
DEBUG:netmiko:_read_channel_expect read_data: 

DEBUG:netmiko:_read_channel_expect read_data: 

DEBUG:netmiko:_read_channel_expect read_data: nable
Password: 
DEBUG:netmiko:Pattern found: (CR\-R1|ssword) enable
Password: 
DEBUG:netmiko:write_channel: b'cisco\n'
DEBUG:netmiko:Pattern is: CR\-R1
DEBUG:netmiko:_read_channel_expect read_data: B1#
DEBUG:netmiko:Pattern found: B1 
B1#
DEBUG:netmiko:_read_channel_expect read_data: nable
Password: 
DEBUG:netmiko:Pattern found: (DC|ssword) enable
Password: 
DEBUG:netmiko:write_channel: b'cisco\n'
DEBUG:netmiko:Pattern is: DC
DEBUG:netmiko:_read_channel_expect read_data: B2>
DEBUG:netmiko:Pattern found: B2 
B2>
DEBUG:netmiko:write_channel: b'enable\n'
DEBUG:netmiko:Pattern is: (B2|ssword)
DEBUG:netmiko:_read_channel_expect read_data: 
CR-R1#
DEBUG:netmiko:Pattern found: CR\-R1 
CR-R1#
DEBUG:netmiko:write_channel: b'\n'
DEBUG:netmiko:Pattern is: CR\-R1
DEBUG:netmiko:_read_channel_expect read_data: 
DC#
DEBUG:netmiko:Pattern found: DC 
DC#
DEBUG:netmiko:write_channel: b'\n'
DEBUG:netmiko:Pattern is: DC
DEBUG:netmiko:_read_channel_expect read_data: 

DEBUG:netmiko:_read_channel_expect read_data: CAMP-2>
DEBUG:netmiko:Pattern found: CAMP\-2 
CAMP-2>
DEBUG:netmiko:write_channel: b'enable\n'
DEBUG:netmiko:_read_channel_expect read_data: e
DEBUG:netmiko:Pattern is: (CAMP\-2|ssword)
DEBUG:netmiko:_read_channel_expect read_data: 

DEBUG:netmiko:_read_channel_expect read_data: en
DEBUG:netmiko:_read_channel_expect read_data: nable
Password: 
DEBUG:netmiko:Pattern found: (CR\-SW1|ssword) enable
Password: 
DEBUG:netmiko:write_channel: b'cisco\n'
DEBUG:netmiko:Pattern is: CR\-SW1
DEBUG:netmiko:_read_channel_expect read_data: CAMP-1#
DEBUG:netmiko:Pattern found: CAMP\-1 
CAMP-1#
DEBUG:netmiko:_read_channel_expect read_data: SD-WN#
DEBUG:netmiko:Pattern found: SD\-WN 
SD-WN#
DEBUG:netmiko:_read_channel_expect read_data: CR-R2#
DEBUG:netmiko:Pattern found: CR\-R2 
CR-R2#
DEBUG:netmiko:read_channel: 
DEBUG:netmiko:write_channel: b'\n'
DEBUG:netmiko:_read_channel_expect read_data: 
CR-SW1#
DEBUG:netmiko:Pattern found: CR\-SW1 
CR-SW1#
DEBUG:netmiko:write_channel: b'\n'
DEBUG:netmiko:Pattern is: CR\-SW1
DEBUG:netmiko:_read_channel_expect read_data: CR-R1#
DEBUG:netmiko:Pattern found: CR\-R1 
CR-R1#
DEBUG:netmiko:_read_channel_expect read_data: nable
Password: 
DEBUG:netmiko:Pattern found: (B2|ssword) enable
Password: 
DEBUG:netmiko:write_channel: b'cisco\n'
DEBUG:netmiko:Pattern is: B2
DEBUG:netmiko:_read_channel_expect read_data: 

DEBUG:netmiko:_read_channel_expect read_data: DC#
DEBUG:netmiko:Pattern found: DC 
DC#
DEBUG:netmiko:_read_channel_expect read_data: able
Password: 
DEBUG:netmiko:Pattern found: (CAMP\-2|ssword) enable
Password: 
DEBUG:netmiko:write_channel: b'cisco\n'
DEBUG:netmiko:Pattern is: CAMP\-2
DEBUG:netmiko:_read_channel_expect read_data: 
B2#
DEBUG:netmiko:Pattern found: B2 
B2#
DEBUG:netmiko:write_channel: b'\n'
DEBUG:netmiko:Pattern is: B2
DEBUG:netmiko:_read_channel_expect read_data: 

DEBUG:netmiko:_read_channel_expect read_data: 
CAMP-2#
DEBUG:netmiko:Pattern found: CAMP\-2 
CAMP-2#
DEBUG:netmiko:write_channel: b'\n'
DEBUG:netmiko:Pattern is: CAMP\-2
DEBUG:netmiko:_read_channel_expect read_data: 

DEBUG:netmiko:read_channel: 
DEBUG:netmiko:write_channel: b'\n'
DEBUG:netmiko:read_channel: 
DEBUG:netmiko:write_channel: b'\n'
DEBUG:netmiko:read_channel: 
DEBUG:netmiko:write_channel: b'\n'
DEBUG:netmiko:read_channel: 
B1#
DEBUG:netmiko:read_channel: 
DEBUG:netmiko:write_channel: b'\n'
DEBUG:netmiko:_read_channel_expect read_data: CR-SW1#
DEBUG:netmiko:Pattern found: CR\-SW1 
CR-SW1#
DEBUG:netmiko:read_channel: 
DEBUG:netmiko:write_channel: b'\n'
DEBUG:netmiko:_read_channel_expect read_data: B2#
DEBUG:netmiko:Pattern found: B2 
B2#
DEBUG:netmiko:_read_channel_expect read_data: CAMP-2#
DEBUG:netmiko:Pattern found: CAMP\-2 
CAMP-2#
DEBUG:netmiko:read_channel: 
CAMP-1#
DEBUG:netmiko:read_channel: 
SD-WN#
DEBUG:netmiko:read_channel: 
CR-R2#
DEBUG:netmiko:read_channel: 
CR-R1#
DEBUG:netmiko:read_channel: 
DEBUG:netmiko:write_channel: b'\n'
DEBUG:netmiko:read_channel: 
DC#
DEBUG:netmiko:read_channel: 
DEBUG:netmiko:write_channel: b'\n'
DEBUG:netmiko:read_channel: 
DEBUG:netmiko:write_channel: b'\n'
DEBUG:netmiko:read_channel: 
DEBUG:netmiko:[find_prompt()]: prompt is B1#
DEBUG:netmiko:read_channel: 
CR-SW1#
DEBUG:netmiko:read_channel: 
B2#
DEBUG:netmiko:read_channel: 
CAMP-2#
DEBUG:netmiko:read_channel: 
DEBUG:netmiko:[find_prompt()]: prompt is CAMP-1#
DEBUG:netmiko:read_channel: 
DEBUG:netmiko:[find_prompt()]: prompt is SD-WN#
DEBUG:netmiko:read_channel: 
DEBUG:netmiko:[find_prompt()]: prompt is CR-R2#
DEBUG:netmiko:read_channel: 
DEBUG:netmiko:[find_prompt()]: prompt is CR-R1#
DEBUG:netmiko:read_channel: 
DEBUG:netmiko:[find_prompt()]: prompt is DC#
DEBUG:netmiko:read_channel: 
DEBUG:netmiko:[find_prompt()]: prompt is CR-SW1#
DEBUG:netmiko:read_channel: 
DEBUG:netmiko:[find_prompt()]: prompt is B2#
DEBUG:netmiko:read_channel: 
DEBUG:netmiko:[find_prompt()]: prompt is CAMP-2#
DEBUG:netmiko:read_channel: 
DEBUG:netmiko:write_channel: b'show ip int brief\n'
DEBUG:netmiko:Pattern is: show\ ip\ int\ brief
DEBUG:netmiko:_read_channel_expect read_data: s
DEBUG:netmiko:read_channel: 
DEBUG:netmiko:write_channel: b'show ip int brief\n'
DEBUG:netmiko:Pattern is: show\ ip\ int\ brief
DEBUG:netmiko:_read_channel_expect read_data: s
DEBUG:netmiko:read_channel: 
DEBUG:netmiko:write_channel: b'show ip int brief\n'
DEBUG:netmiko:Pattern is: show\ ip\ int\ brief
DEBUG:netmiko:read_channel: 
DEBUG:netmiko:write_channel: b'show ip int brief\n'
DEBUG:netmiko:Pattern is: show\ ip\ int\ brief
DEBUG:netmiko:_read_channel_expect read_data: sh
DEBUG:netmiko:_read_channel_expect read_data: show ip int brie
DEBUG:netmiko:_read_channel_expect read_data: how ip int brief
Interface                  IP-Address      OK? Method Status                Protocol
FastEthernet0/0            172.16.1.2      YES NVRAM  up                    up      
FastEthernet0/1            unassigned      YES NVRAM  administratively down down    
FastEthernet1/0            unassigned      YES NVRAM  administratively down down    
FastEthernet2/0            unassigned      YES NVRAM  administratively down down    
FastEthernet3/0            123.123.1.11    YES NVRAM  up                    up      
Loopback1                  1.1.1.1         YES NVRAM  up                    up      
Loopback11                 11.11.11.11     YES NVRAM  up                    up      
Loopback100                100.100.100.100 YES NVRAM  up                    up      
Loopback101                101.101.101.101 YES NVRAM  up                    up      
Loopback110                110.110.110.110 YES NVRAM  up                    up      
Loopback111                111.111.111.111 YES NVRAM  up                    up      
Loopback190                190.1.1.1       YES NVRAM  up                    up      
B1#
DEBUG:netmiko:Pattern found: show\ ip\ int\ brief show ip int brief
Interface                  IP-Address      OK? Method Status                Protocol
FastEthernet0/0            172.16.1.2      YES NVRAM  up                    up      
FastEthernet0/1            unassigned      YES NVRAM  administratively down down    
FastEthernet1/0            unassigned      YES NVRAM  administratively down down    
FastEthernet2/0            unassigned      YES NVRAM  administratively down down    
FastEthernet3/0            123.123.1.11    YES NVRAM  up                    up      
Loopback1                  1.1.1.1         YES NVRAM  up                    up      
Loopback11                 11.11.11.11     YES NVRAM  up                    up      
Loopback100                100.100.100.100 YES NVRAM  up                    up      
Loopback101                101.101.101.101 YES NVRAM  up                    up      
Loopback110                110.110.110.110 YES NVRAM  up                    up      
Loopback111                111.111.111.111 YES NVRAM  up                    up      
Loopback190                190.1.1.1       YES NVRAM  up                    up      
B1#
DEBUG:netmiko:read_channel: 
DEBUG:netmiko:write_channel: b'show ip int brief\n'
DEBUG:netmiko:Pattern is: show\ ip\ int\ brief
DEBUG:netmiko:_read_channel_expect read_data: s
DEBUG:netmiko:read_channel: 
DEBUG:netmiko:write_channel: b'show ip int brief\n'
DEBUG:netmiko:Pattern is: show\ ip\ int\ brief
DEBUG:netmiko:_read_channel_expect read_data: s
DEBUG:netmiko:_read_channel_expect read_data: how ip int brief
Interface              IP-Address      OK? Method Status                Protocol
FastEthernet0/0        192.168.200.1   YES NVRAM  up                    up      
FastEthernet1/0        unassigned      YES NVRAM  administratively down down    
FastEthernet1/1        unassigned      YES NVRAM  administratively down down    
FastEthernet2/0        unassigned      YES NVRAM  administratively down down    
FastEthernet2/1        unassigned      YES NVRAM  administratively down down    
FastEthernet3/0        123.123.1.16    YES NVRAM  up                    up      
FastEthernet3/1        unassigned      YES NVRAM  administratively down down    
Loopback151            151.151.151.151 YES NVRAM  up                    up      
Loopback152            152.152.152.152 YES NVRAM  up                    up      
Loopback153            153.153.153.153 YES NVRAM  up                    up      
Loopback154            154.154.154.154 YES NVRAM  up                    up      
Loopback155            155.155.155.155 YES NVRAM  up                    up      
Loopback156            156.156.156.156 YES NVRAM  up                    up      
Loopback157            157.157.157.157 YES NVRAM  up                    up      
Loopback158            158.158.158.158 YES NVRAM  up                    up      
Loopback159            159.159.159.159 YES NVRAM  up                    up      
Loopback190            190.1.1.6       YES NVRAM  up                    up      
CAMP-1#
DEBUG:netmiko:Pattern found: show\ ip\ int\ brief show ip int brief
Interface              IP-Address      OK? Method Status                Protocol
FastEthernet0/0        192.168.200.1   YES NVRAM  up                    up      
FastEthernet1/0        unassigned      YES NVRAM  administratively down down    
FastEthernet1/1        unassigned      YES NVRAM  administratively down down    
FastEthernet2/0        unassigned      YES NVRAM  administratively down down    
FastEthernet2/1        unassigned      YES NVRAM  administratively down down    
FastEthernet3/0        123.123.1.16    YES NVRAM  up                    up      
FastEthernet3/1        unassigned      YES NVRAM  administratively down down    
Loopback151            151.151.151.151 YES NVRAM  up                    up      
Loopback152            152.152.152.152 YES NVRAM  up                    up      
Loopback153            153.153.153.153 YES NVRAM  up                    up      
Loopback154            154.154.154.154 YES NVRAM  up                    up      
Loopback155            155.155.155.155 YES NVRAM  up                    up      
Loopback156            156.156.156.156 YES NVRAM  up                    up      
Loopback157            157.157.157.157 YES NVRAM  up                    up      
Loopback158            158.158.158.158 YES NVRAM  up                    up      
Loopback159            159.159.159.159 YES NVRAM  up                    up      
Loopback190            190.1.1.6       YES NVRAM  up                    up      
CAMP-1#
DEBUG:netmiko:_read_channel_expect read_data: ow ip int brief
Interface              IP-Address      OK? Method Status                Protocol
FastEthernet0/0        192.188.188.1   YES NVRAM  up                    up      
FastEthernet1/0        unassigned      YES NVRAM  administratively down down    
FastEthernet1/1        unassigned      YES NVRAM  administratively down down    
FastEthernet2/0        unassigned      YES NVRAM  administratively down down    
FastEthernet2/1        unassigned      YES NVRAM  administratively down down    
FastEthernet3/0        123.123.1.18    YES NVRAM  up                    up      
FastEthernet3/1        unassigned      YES NVRAM  administratively down down    
Loopback171            171.171.171.171 YES NVRAM  up                    up      
Loopback172            172.172.172.172 YES NVRAM  up                    up      
Loopback173            173.173.173.173 YES NVRAM  up                    up      
Loopback174            174.174.174.174 YES NVRAM  up                    up      
Loopback175            175.175.175.175 YES NVRAM  up                    up      
Loopback176            176.176.176.176 YES NVRAM  up                    up      
Loopback177            177.177.177.177 YES NVRAM  up                    up      
Loopback178            178.178.178.178 YES NVRAM  up                    up      
Loopback179            179.179.179.179 YES NVRAM  up                    up      
Loopback180            180.180.180.180 YES NVRAM  up                    up      
Loopback181            181.181.181.181 YES NVRAM  up                    up      
Loopback182            182.182.182.182 YES NVRAM  up                    up      
Loopback183            183.183.183.183 YES NVRAM  up                    up      
Loopback184            184.184.184.184 YES NVRAM  up                    up      
Loopback185            185.185.185.185 YES NVRAM  up                    up      
Loopback186            186.186.186.186 YES NVRAM  up                    up      
Loopback188            188.188.188.188 YES NVRAM  up                    up      
Loopback189            189.189.189.189 YES NVRAM  up                    up      
Loopback190            190.1.1.8       YES NVRAM  up                    up      
SD-WN#
DEBUG:netmiko:Pattern found: show\ ip\ int\ brief show ip int brief
Interface              IP-Address      OK? Method Status                Protocol
FastEthernet0/0        192.188.188.1   YES NVRAM  up                    up      
FastEthernet1/0        unassigned      YES NVRAM  administratively down down    
FastEthernet1/1        unassigned      YES NVRAM  administratively down down    
FastEthernet2/0        unassigned      YES NVRAM  administratively down down    
FastEthernet2/1        unassigned      YES NVRAM  administratively down down    
FastEthernet3/0        123.123.1.18    YES NVRAM  up                    up      
FastEthernet3/1        unassigned      YES NVRAM  administratively down down    
Loopback171            171.171.171.171 YES NVRAM  up                    up      
Loopback172            172.172.172.172 YES NVRAM  up                    up      
Loopback173            173.173.173.173 YES NVRAM  up                    up      
Loopback174            174.174.174.174 YES NVRAM  up                    up      
Loopback175            175.175.175.175 YES NVRAM  up                    up      
Loopback176            176.176.176.176 YES NVRAM  up                    up      
Loopback177            177.177.177.177 YES NVRAM  up                    up      
Loopback178            178.178.178.178 YES NVRAM  up                    up      
Loopback179            179.179.179.179 YES NVRAM  up                    up      
Loopback180            180.180.180.180 YES NVRAM  up                    up      
Loopback181            181.181.181.181 YES NVRAM  up                    up      
Loopback182            182.182.182.182 YES NVRAM  up                    up      
Loopback183            183.183.183.183 YES NVRAM  up                    up      
Loopback184            184.184.184.184 YES NVRAM  up                    up      
Loopback185            185.185.185.185 YES NVRAM  up                    up      
Loopback186            186.186.186.186 YES NVRAM  up                    up      
Loopback188            188.188.188.188 YES NVRAM  up                    up      
Loopback189            189.189.189.189 YES NVRAM  up                    up      
Loopback190            190.1.1.8       YES NVRAM  up                    up      
SD-WN#
DEBUG:netmiko:_read_channel_expect read_data: f
Interface              IP-Address      OK? Method Status                Protocol
FastEthernet0/0        172.16.2.1      YES NVRAM  up                    up      
FastEthernet1/0        192.168.1.2     YES NVRAM  up                    up      
FastEthernet1/1        unassigned      YES NVRAM  administratively down down    
FastEthernet2/0        unassigned      YES NVRAM  administratively down down    
FastEthernet2/1        unassigned      YES NVRAM  administratively down down    
FastEthernet3/0        123.123.1.14    YES NVRAM  up                    up      
FastEthernet3/1        unassigned      YES NVRAM  administratively down down    
Loopback190            190.1.1.4       YES NVRAM  up                    up      
CR-R2#
DEBUG:netmiko:Pattern found: show\ ip\ int\ brief show ip int brief
Interface              IP-Address      OK? Method Status                Protocol
FastEthernet0/0        172.16.2.1      YES NVRAM  up                    up      
FastEthernet1/0        192.168.1.2     YES NVRAM  up                    up      
FastEthernet1/1        unassigned      YES NVRAM  administratively down down    
FastEthernet2/0        unassigned      YES NVRAM  administratively down down    
FastEthernet2/1        unassigned      YES NVRAM  administratively down down    
FastEthernet3/0        123.123.1.14    YES NVRAM  up                    up      
FastEthernet3/1        unassigned      YES NVRAM  administratively down down    
Loopback190            190.1.1.4       YES NVRAM  up                    up      
CR-R2#
DEBUG:netmiko:read_channel: 
DEBUG:netmiko:write_channel: b'\n'
DEBUG:netmiko:read_channel: 
DEBUG:netmiko:_read_channel_expect read_data: how ip int brief
Interface              IP-Address      OK? Method Status                Protocol
FastEthernet0/0        172.16.1.1      YES NVRAM  up                    up      
FastEthernet1/0        192.168.1.1     YES NVRAM  up                    up      
FastEthernet1/1        unassigned      YES NVRAM  administratively down down    
FastEthernet2/0        unassigned      YES NVRAM  administratively down down    
FastEthernet2/1        unassigned      YES NVRAM  administratively down down    
FastEthernet3/0        123.123.1.13    YES NVRAM  up                    up      
FastEthernet3/1        unassigned      YES NVRAM  administratively down down    
Loopback190            190.1.1.3       YES NVRAM  up                    up      
CR-R1#
DEBUG:netmiko:Pattern found: show\ ip\ int\ brief show ip int brief
Interface              IP-Address      OK? Method Status                Protocol
FastEthernet0/0        172.16.1.1      YES NVRAM  up                    up      
FastEthernet1/0        192.168.1.1     YES NVRAM  up                    up      
FastEthernet1/1        unassigned      YES NVRAM  administratively down down    
FastEthernet2/0        unassigned      YES NVRAM  administratively down down    
FastEthernet2/1        unassigned      YES NVRAM  administratively down down    
FastEthernet3/0        123.123.1.13    YES NVRAM  up                    up      
FastEthernet3/1        unassigned      YES NVRAM  administratively down down    
Loopback190            190.1.1.3       YES NVRAM  up                    up      
CR-R1#
DEBUG:netmiko:write_channel: b'show ip int brief\n'
DEBUG:netmiko:Pattern is: show\ ip\ int\ brief
DEBUG:netmiko:_read_channel_expect read_data: s
DEBUG:netmiko:_read_channel_expect read_data: how ip int brief
Interface              IP-Address      OK? Method Status                Protocol
FastEthernet0/0        192.168.250.1   YES NVRAM  up                    up      
FastEthernet1/0        unassigned      YES NVRAM  administratively down down    
FastEthernet1/1        unassigned      YES NVRAM  administratively down down    
FastEthernet2/0        unassigned      YES NVRAM  administratively down down    
FastEthernet2/1        unassigned      YES NVRAM  administratively down down    
FastEthernet3/0        123.123.1.19    YES NVRAM  up                    up      
FastEthernet3/1        unassigned      YES NVRAM  administratively down down    
Loopback190            190.1.1.9       YES NVRAM  up                    up      
Loopback191            191.191.191.191 YES NVRAM  up                    up      
Loopback192            192.192.192.192 YES NVRAM  up                    up      
Loopback193            193.193.193.193 YES NVRAM  up                    up      
Loopback194            194.194.194.194 YES NVRAM  up                    up      
Loopback195            195.195.195.195 YES NVRAM  up                    up      
Loopback196            196.196.196.196 YES NVRAM  up                    up      
Loopback199            199.199.199.199 YES NVRAM  up                    up      
DC#
DEBUG:netmiko:Pattern found: show\ ip\ int\ brief show ip int brief
Interface              IP-Address      OK? Method Status                Protocol
FastEthernet0/0        192.168.250.1   YES NVRAM  up                    up      
FastEthernet1/0        unassigned      YES NVRAM  administratively down down    
FastEthernet1/1        unassigned      YES NVRAM  administratively down down    
FastEthernet2/0        unassigned      YES NVRAM  administratively down down    
FastEthernet2/1        unassigned      YES NVRAM  administratively down down    
FastEthernet3/0        123.123.1.19    YES NVRAM  up                    up      
FastEthernet3/1        unassigned      YES NVRAM  administratively down down    
Loopback190            190.1.1.9       YES NVRAM  up                    up      
Loopback191            191.191.191.191 YES NVRAM  up                    up      
Loopback192            192.192.192.192 YES NVRAM  up                    up      
Loopback193            193.193.193.193 YES NVRAM  up                    up      
Loopback194            194.194.194.194 YES NVRAM  up                    up      
Loopback195            195.195.195.195 YES NVRAM  up                    up      
Loopback196            196.196.196.196 YES NVRAM  up                    up      
Loopback199            199.199.199.199 YES NVRAM  up                    up      
DC#
DEBUG:netmiko:read_channel: 
DEBUG:netmiko:write_channel: b'show ip int brief\n'
DEBUG:netmiko:Pattern is: show\ ip\ int\ brief
DEBUG:netmiko:read_channel: 
DEBUG:netmiko:write_channel: b'show ip int brief\n'
DEBUG:netmiko:Pattern is: show\ ip\ int\ brief
DEBUG:netmiko:_read_channel_expect read_data: s
DEBUG:netmiko:_read_channel_expect read_data: s
DEBUG:netmiko:read_channel: 
DEBUG:netmiko:write_channel: b'\n'
DEBUG:netmiko:read_channel: 
DEBUG:netmiko:write_channel: b'\n'
DEBUG:netmiko:read_channel: 
DEBUG:netmiko:write_channel: b'\n'
DEBUG:netmiko:read_channel: 
B1#
DEBUG:netmiko:read_channel: 
DEBUG:netmiko:write_channel: b'\n'
DEBUG:netmiko:_read_channel_expect read_data: how ip in
DEBUG:netmiko:read_channel: 
DEBUG:netmiko:write_channel: b'\n'
DEBUG:netmiko:_read_channel_expect read_data: how ip int brief
Interface              IP-Address      OK? Method Status                Protocol
FastEthernet0/0        172.16.2.2      YES NVRAM  up                    up      
FastEthernet1/0        unassigned      YES NVRAM  administratively down down    
FastEthernet1/1        unassigned      YES NVRAM  administratively down down    
FastEthernet2/0        unassigned      YES NVRAM  administratively down down    
FastEthernet2/1        unassigned      YES NVRAM  administratively down down    
FastEthernet3/0        123.123.1.12    YES NVRAM  up                    up      
FastEthernet3/1        unassigned      YES NVRAM  administratively down down    
Loopback2              2.2.2.2         YES NVRAM  up                    up      
Loopback22             22.22.22.22     YES NVRAM  up                    up      
Loopback190            190.1.1.2       YES NVRAM  up                    up      
Loopback200            100.100.100.100 YES NVRAM  up                    up      
Loopback202            202.202.202.202 YES NVRAM  up                    up      
Loopback220            220.220.220.220 YES NVRAM  up                    up      
Loopback222            222.222.222.222 YES NVRAM  up                    up      
B2#
DEBUG:netmiko:Pattern found: show\ ip\ int\ brief show ip int brief
Interface              IP-Address      OK? Method Status                Protocol
FastEthernet0/0        172.16.2.2      YES NVRAM  up                    up      
FastEthernet1/0        unassigned      YES NVRAM  administratively down down    
FastEthernet1/1        unassigned      YES NVRAM  administratively down down    
FastEthernet2/0        unassigned      YES NVRAM  administratively down down    
FastEthernet2/1        unassigned      YES NVRAM  administratively down down    
FastEthernet3/0        123.123.1.12    YES NVRAM  up                    up      
FastEthernet3/1        unassigned      YES NVRAM  administratively down down    
Loopback2              2.2.2.2         YES NVRAM  up                    up      
Loopback22             22.22.22.22     YES NVRAM  up                    up      
Loopback190            190.1.1.2       YES NVRAM  up                    up      
Loopback200            100.100.100.100 YES NVRAM  up                    up      
Loopback202            202.202.202.202 YES NVRAM  up                    up      
Loopback220            220.220.220.220 YES NVRAM  up                    up      
Loopback222            222.222.222.222 YES NVRAM  up                    up      
B2#
DEBUG:netmiko:_read_channel_expect read_data: how ip int brief
Interface              IP-Address      OK? Method Status                Protocol
FastEthernet0/0        192.168.230.1   YES NVRAM  up                    up      
FastEthernet1/0        unassigned      YES NVRAM  administratively down down    
FastEthernet1/1        unassigned      YES NVRAM  administratively down down    
FastEthernet2/0        unassigned      YES NVRAM  administratively down down    
FastEthernet2/1        unassigned      YES NVRAM  administratively down down    
FastEthernet3/0        123.123.1.17    YES NVRAM  up                    up      
FastEthernet3/1        unassigned      YES NVRAM  administratively down down    
Loopback161            161.161.161.161 YES NVRAM  up                    up      
Loopback162            162.162.162.162 YES NVRAM  up                    up      
Loopback163            163.163.163.163 YES NVRAM  up                    up      
Loopback164            164.164.164.164 YES NVRAM  up                    up      
Loopback165            165.165.165.165 YES NVRAM  up                    up      
Loopback166            166.166.166.166 YES NVRAM  up                    up      
Loopback167            167.167.167.167 YES NVRAM  up                    up      
Loopback168            168.168.168.168 YES NVRAM  up                    up      
Loopback169            169.169.169.169 YES NVRAM  up                    up      
Loopback190            190.1.1.7       YES NVRAM  up                    up      
CAMP-2#
DEBUG:netmiko:Pattern found: show\ ip\ int\ brief show ip int brief
Interface              IP-Address      OK? Method Status                Protocol
FastEthernet0/0        192.168.230.1   YES NVRAM  up                    up      
FastEthernet1/0        unassigned      YES NVRAM  administratively down down    
FastEthernet1/1        unassigned      YES NVRAM  administratively down down    
FastEthernet2/0        unassigned      YES NVRAM  administratively down down    
FastEthernet2/1        unassigned      YES NVRAM  administratively down down    
FastEthernet3/0        123.123.1.17    YES NVRAM  up                    up      
FastEthernet3/1        unassigned      YES NVRAM  administratively down down    
Loopback161            161.161.161.161 YES NVRAM  up                    up      
Loopback162            162.162.162.162 YES NVRAM  up                    up      
Loopback163            163.163.163.163 YES NVRAM  up                    up      
Loopback164            164.164.164.164 YES NVRAM  up                    up      
Loopback165            165.165.165.165 YES NVRAM  up                    up      
Loopback166            166.166.166.166 YES NVRAM  up                    up      
Loopback167            167.167.167.167 YES NVRAM  up                    up      
Loopback168            168.168.168.168 YES NVRAM  up                    up      
Loopback169            169.169.169.169 YES NVRAM  up                    up      
Loopback190            190.1.1.7       YES NVRAM  up                    up      
CAMP-2#
DEBUG:netmiko:read_channel: 
CAMP-1#
DEBUG:netmiko:read_channel: 
SD-WN#
DEBUG:netmiko:read_channel: 
CR-R2#
DEBUG:netmiko:read_channel: 
CR-R1#
DEBUG:netmiko:_read_channel_expect read_data: t brief
Interface                  IP-Address      OK? Method Status                Protocol
FastEthernet0/0            123.123.1.15    YES NVRAM  up                    up      
FastEthernet0/1            unassigned      YES NVRAM  administratively down down    
FastEthernet1/0            unassigned      YES unset  up                    up      
FastEthernet1/1            unassigned      YES unset  up                    up      
FastEthernet1/2            unassigned      YES unset  up                    up      
FastEthernet1/3            unassigned      YES unset  up                    up      
FastEthernet1/4            unassigned      YES unset  up                    up      
FastEthernet1/5            unassigned      YES unset  up                    up      
FastEthernet1/6            unassigned      YES unset  up                    down    
FastEthernet1/7            unassigned      YES unset  up                    down    
FastEthernet1/8            unassigned      YES unset  up                    do
DEBUG:netmiko:Pattern found: show\ ip\ int\ brief show ip int brief
Interface                  IP-Address      OK? Method Status                Protocol
FastEthernet0/0            123.123.1.15    YES NVRAM  up                    up      
FastEthernet0/1            unassigned      YES NVRAM  administratively down down    
FastEthernet1/0            unassigned      YES unset  up                    up      
FastEthernet1/1            unassigned      YES unset  up                    up      
FastEthernet1/2            unassigned      YES unset  up                    up      
FastEthernet1/3            unassigned      YES unset  up                    up      
FastEthernet1/4            unassigned      YES unset  up                    up      
FastEthernet1/5            unassigned      YES unset  up                    up      
FastEthernet1/6            unassigned      YES unset  up                    down    
FastEthernet1/7            unassigned      YES unset  up                    down    
FastEthernet1/8            unassigned      YES unset  up                    do
DEBUG:netmiko:read_channel: 
DC#
DEBUG:netmiko:read_channel: 
DEBUG:netmiko:read_channel: 
DEBUG:netmiko:write_channel: b'\n'
DEBUG:netmiko:write_channel: b'\n'
DEBUG:netmiko:read_channel: 
DEBUG:netmiko:[find_prompt()]: prompt is B1#
DEBUG:netmiko:write_channel: b'\n'
DEBUG:netmiko:read_channel: 
CAMP-2#
DEBUG:netmiko:read_channel: 
B2#
DEBUG:netmiko:read_channel: 
DEBUG:netmiko:[find_prompt()]: prompt is CAMP-1#
DEBUG:netmiko:write_channel: b'\n'
DEBUG:netmiko:read_channel: 
DEBUG:netmiko:[find_prompt()]: prompt is SD-WN#
DEBUG:netmiko:write_channel: b'\n'
DEBUG:netmiko:read_channel: 
DEBUG:netmiko:[find_prompt()]: prompt is CR-R2#
DEBUG:netmiko:write_channel: b'\n'
DEBUG:netmiko:read_channel: 
B1#
DEBUG:netmiko:read_channel: 
DEBUG:netmiko:[find_prompt()]: prompt is CR-R1#
DEBUG:netmiko:write_channel: b'\n'
DEBUG:netmiko:read_channel: wn    
FastEthernet1/9            unassigned      YES unset  up                    down    
FastEthernet1/10           unassigned      YES unset  up                    down    
FastEthernet1/11           unassigned      YES unset  up                    down    
FastEthernet1/12           unassigned      YES unset  up                    down    
FastEthernet1/13           unassigned      YES unset  up                    down    
FastEthernet1/14           unassigned      YES unset  up                    down    
FastEthernet1/15           unassigned      YES unset  up                    down    
Vlan1                      unassigned      YES NVRAM  up                    down    
Vlan100                    192.168.1.100   YES NVRAM  up                    down    
Vlan200                    192.168.200.2   YES NVRAM  up                    down    
Vlan300                    192.168.230.2   YES NVRAM  up                    down    
Vlan400                    192.188.188.2   YES NVRAM  up                    down    
Vlan1000                   192.168.250.2   YES NVRAM  up                    down    
Loopback190                190.1.1.5       YES NVRAM  up                    up      
CR-SW1#
DEBUG:netmiko:read_channel: 
DEBUG:netmiko:[find_prompt()]: prompt is DC#
DEBUG:netmiko:write_channel: b'\n'
DEBUG:netmiko:read_channel: 
CAMP-1#
DEBUG:netmiko:read_channel: 
SD-WN#
DEBUG:netmiko:read_channel: 
CR-R2#
DEBUG:netmiko:read_channel: 
DEBUG:netmiko:read_channel: 
CR-R1#
DEBUG:netmiko:read_channel: 
DEBUG:netmiko:write_channel: b'\n'
DEBUG:netmiko:read_channel: 
DC#
DEBUG:netmiko:read_channel: 
DEBUG:netmiko:read_channel: 
DEBUG:netmiko:[find_prompt()]: prompt is CAMP-2#
DEBUG:netmiko:[find_prompt()]: prompt is B2#
DEBUG:netmiko:write_channel: b'\n'
DEBUG:netmiko:write_channel: b'\n'
DEBUG:netmiko:read_channel: 
DEBUG:netmiko:read_channel: 
DEBUG:netmiko:read_channel: 
DEBUG:netmiko:read_channel: 
DEBUG:netmiko:read_channel: 
CR-SW1#
DEBUG:netmiko:read_channel: 
DEBUG:netmiko:read_channel: 
B2#
DEBUG:netmiko:read_channel: 
CAMP-2#
DEBUG:netmiko:read_channel: 
DEBUG:netmiko:read_channel: 
DEBUG:netmiko:read_channel: 
DEBUG:netmiko:[find_prompt()]: prompt is CR-SW1#
DEBUG:netmiko:write_channel: b'\n'
DEBUG:netmiko:read_channel: 
CR-SW1#
DEBUG:netmiko:read_channel: 
DEBUG:netmiko:read_channel: 
DEBUG:netmiko:write_channel: b'exit\n'
DEBUG:paramiko.transport:EOF in transport thread
DEBUG:netmiko:read_channel: 
DEBUG:netmiko:write_channel: b'exit\n'
DEBUG:paramiko.transport:EOF in transport thread
DEBUG:netmiko:read_channel: 
DEBUG:netmiko:write_channel: b'exit\n'
DEBUG:netmiko:read_channel: 
DEBUG:netmiko:write_channel: b'exit\n'
DEBUG:paramiko.transport:EOF in transport thread
DEBUG:paramiko.transport:EOF in transport thread
DEBUG:netmiko:read_channel: 
DEBUG:netmiko:write_channel: b'exit\n'
DEBUG:netmiko:read_channel: 
DEBUG:netmiko:write_channel: b'exit\n'
DEBUG:paramiko.transport:EOF in transport thread
DEBUG:paramiko.transport:EOF in transport thread
DEBUG:netmiko:read_channel: 
DEBUG:netmiko:read_channel: 
DEBUG:netmiko:write_channel: b'exit\n'
DEBUG:netmiko:write_channel: b'exit\n'
DEBUG:paramiko.transport:EOF in transport thread
DEBUG:paramiko.transport:EOF in transport thread
DEBUG:netmiko:read_channel: 
DEBUG:netmiko:write_channel: b'exit\n'
DEBUG:paramiko.transport:starting thread (client mode): 0xf4e39bb0
DEBUG:paramiko.transport:Local version/idstring: SSH-2.0-paramiko_2.7.1
DEBUG:paramiko.transport:starting thread (client mode): 0xf4e44760
DEBUG:paramiko.transport:Local version/idstring: SSH-2.0-paramiko_2.7.1
DEBUG:paramiko.transport:starting thread (client mode): 0xf4e44040
DEBUG:paramiko.transport:Local version/idstring: SSH-2.0-paramiko_2.7.1
DEBUG:paramiko.transport:starting thread (client mode): 0xf4e39af0
DEBUG:paramiko.transport:Local version/idstring: SSH-2.0-paramiko_2.7.1
DEBUG:paramiko.transport:Remote version/idstring: SSH-1.99-Cisco-1.25
DEBUG:paramiko.transport:starting thread (client mode): 0xf4e54af0
INFO:paramiko.transport:Connected (version 1.99, client Cisco-1.25)
DEBUG:paramiko.transport:Remote version/idstring: SSH-2.0-Cisco-1.25
DEBUG:paramiko.transport:Local version/idstring: SSH-2.0-paramiko_2.7.1
INFO:paramiko.transport:Connected (version 2.0, client Cisco-1.25)
DEBUG:paramiko.transport:kex algos:['diffie-hellman-group1-sha1'] server key:['ssh-rsa'] client encrypt:['aes128-cbc', '3des-cbc', 'aes192-cbc', 'aes256-cbc'] server encrypt:['aes128-cbc', '3des-cbc', 'aes192-cbc', 'aes256-cbc'] client mac:['hmac-sha1', 'hmac-sha1-96', 'hmac-md5', 'hmac-md5-96'] server mac:['hmac-sha1', 'hmac-sha1-96', 'hmac-md5', 'hmac-md5-96'] client compress:['none'] server compress:['none'] client lang:[''] server lang:[''] kex follows?False
DEBUG:paramiko.transport:Kex agreed: diffie-hellman-group1-sha1
DEBUG:paramiko.transport:HostKey agreed: ssh-rsa
DEBUG:paramiko.transport:Cipher agreed: aes128-cbc
DEBUG:paramiko.transport:MAC agreed: hmac-sha1
DEBUG:paramiko.transport:Remote version/idstring: SSH-2.0-Cisco-1.25
INFO:paramiko.transport:Connected (version 2.0, client Cisco-1.25)
DEBUG:paramiko.transport:starting thread (client mode): 0xf4e443a0
DEBUG:paramiko.transport:Compression agreed: none
DEBUG:paramiko.transport:Local version/idstring: SSH-2.0-paramiko_2.7.1
DEBUG:paramiko.transport:Remote version/idstring: SSH-1.99-Cisco-1.25
DEBUG:paramiko.transport:Remote version/idstring: SSH-2.0-Cisco-1.25
INFO:paramiko.transport:Connected (version 1.99, client Cisco-1.25)
INFO:paramiko.transport:Connected (version 2.0, client Cisco-1.25)
DEBUG:paramiko.transport:kex algos:['diffie-hellman-group1-sha1'] server key:['ssh-rsa'] client encrypt:['aes128-cbc', '3des-cbc', 'aes192-cbc', 'aes256-cbc'] server encrypt:['aes128-cbc', '3des-cbc', 'aes192-cbc', 'aes256-cbc'] client mac:['hmac-sha1', 'hmac-sha1-96', 'hmac-md5', 'hmac-md5-96'] server mac:['hmac-sha1', 'hmac-sha1-96', 'hmac-md5', 'hmac-md5-96'] client compress:['none'] server compress:['none'] client lang:[''] server lang:[''] kex follows?False
DEBUG:paramiko.transport:Remote version/idstring: SSH-2.0-Cisco-1.25
INFO:paramiko.transport:Connected (version 2.0, client Cisco-1.25)
DEBUG:paramiko.transport:starting thread (client mode): 0xf4e54850
DEBUG:paramiko.transport:starting thread (client mode): 0xf4e54d90
DEBUG:paramiko.transport:starting thread (client mode): 0xf45fbf10
DEBUG:paramiko.transport:Local version/idstring: SSH-2.0-paramiko_2.7.1
DEBUG:paramiko.transport:kex algos:['diffie-hellman-group-exchange-sha1', 'diffie-hellman-group14-sha1', 'diffie-hellman-group1-sha1'] server key:['ssh-rsa'] client encrypt:['aes128-cbc', '3des-cbc', 'aes192-cbc', 'aes256-cbc'] server encrypt:['aes128-cbc', '3des-cbc', 'aes192-cbc', 'aes256-cbc'] client mac:['hmac-sha1', 'hmac-sha1-96', 'hmac-md5', 'hmac-md5-96'] server mac:['hmac-sha1', 'hmac-sha1-96', 'hmac-md5', 'hmac-md5-96'] client compress:['none'] server compress:['none'] client lang:[''] server lang:[''] kex follows?False
DEBUG:paramiko.transport:Local version/idstring: SSH-2.0-paramiko_2.7.1
DEBUG:paramiko.transport:kex algos:['diffie-hellman-group-exchange-sha1', 'diffie-hellman-group14-sha1', 'diffie-hellman-group1-sha1'] server key:['ssh-rsa'] client encrypt:['aes128-cbc', '3des-cbc', 'aes192-cbc', 'aes256-cbc'] server encrypt:['aes128-cbc', '3des-cbc', 'aes192-cbc', 'aes256-cbc'] client mac:['hmac-sha1', 'hmac-sha1-96', 'hmac-md5', 'hmac-md5-96'] server mac:['hmac-sha1', 'hmac-sha1-96', 'hmac-md5', 'hmac-md5-96'] client compress:['none'] server compress:['none'] client lang:[''] server lang:[''] kex follows?False
DEBUG:paramiko.transport:Local version/idstring: SSH-2.0-paramiko_2.7.1
DEBUG:paramiko.transport:Kex agreed: diffie-hellman-group1-sha1
DEBUG:paramiko.transport:kex algos:['diffie-hellman-group-exchange-sha1', 'diffie-hellman-group14-sha1', 'diffie-hellman-group1-sha1'] server key:['ssh-rsa'] client encrypt:['aes128-cbc', '3des-cbc', 'aes192-cbc', 'aes256-cbc'] server encrypt:['aes128-cbc', '3des-cbc', 'aes192-cbc', 'aes256-cbc'] client mac:['hmac-sha1', 'hmac-sha1-96', 'hmac-md5', 'hmac-md5-96'] server mac:['hmac-sha1', 'hmac-sha1-96', 'hmac-md5', 'hmac-md5-96'] client compress:['none'] server compress:['none'] client lang:[''] server lang:[''] kex follows?False
DEBUG:paramiko.transport:kex algos:['diffie-hellman-group-exchange-sha1', 'diffie-hellman-group14-sha1', 'diffie-hellman-group1-sha1'] server key:['ssh-rsa'] client encrypt:['aes128-cbc', '3des-cbc', 'aes192-cbc', 'aes256-cbc'] server encrypt:['aes128-cbc', '3des-cbc', 'aes192-cbc', 'aes256-cbc'] client mac:['hmac-sha1', 'hmac-sha1-96', 'hmac-md5', 'hmac-md5-96'] server mac:['hmac-sha1', 'hmac-sha1-96', 'hmac-md5', 'hmac-md5-96'] client compress:['none'] server compress:['none'] client lang:[''] server lang:[''] kex follows?False
DEBUG:paramiko.transport:Kex agreed: diffie-hellman-group-exchange-sha1
DEBUG:paramiko.transport:Remote version/idstring: SSH-2.0-Cisco-1.25
DEBUG:paramiko.transport:Kex agreed: diffie-hellman-group-exchange-sha1
DEBUG:paramiko.transport:HostKey agreed: ssh-rsa
DEBUG:paramiko.transport:Kex agreed: diffie-hellman-group-exchange-sha1
DEBUG:paramiko.transport:Kex agreed: diffie-hellman-group-exchange-sha1
DEBUG:paramiko.transport:HostKey agreed: ssh-rsa
INFO:paramiko.transport:Connected (version 2.0, client Cisco-1.25)
DEBUG:paramiko.transport:HostKey agreed: ssh-rsa
DEBUG:paramiko.transport:Cipher agreed: aes128-cbc
DEBUG:paramiko.transport:HostKey agreed: ssh-rsa
DEBUG:paramiko.transport:HostKey agreed: ssh-rsa
DEBUG:paramiko.transport:Cipher agreed: aes128-cbc
DEBUG:paramiko.transport:Cipher agreed: aes128-cbc
DEBUG:paramiko.transport:Remote version/idstring: SSH-2.0-Cisco-1.25
DEBUG:paramiko.transport:MAC agreed: hmac-sha1
DEBUG:paramiko.transport:Cipher agreed: aes128-cbc
DEBUG:paramiko.transport:Cipher agreed: aes128-cbc
DEBUG:paramiko.transport:kex algos:['diffie-hellman-group-exchange-sha1', 'diffie-hellman-group14-sha1', 'diffie-hellman-group1-sha1'] server key:['ssh-rsa'] client encrypt:['aes128-cbc', '3des-cbc', 'aes192-cbc', 'aes256-cbc'] server encrypt:['aes128-cbc', '3des-cbc', 'aes192-cbc', 'aes256-cbc'] client mac:['hmac-sha1', 'hmac-sha1-96', 'hmac-md5', 'hmac-md5-96'] server mac:['hmac-sha1', 'hmac-sha1-96', 'hmac-md5', 'hmac-md5-96'] client compress:['none'] server compress:['none'] client lang:[''] server lang:[''] kex follows?False
DEBUG:paramiko.transport:MAC agreed: hmac-sha1
DEBUG:paramiko.transport:MAC agreed: hmac-sha1
INFO:paramiko.transport:Connected (version 2.0, client Cisco-1.25)
DEBUG:paramiko.transport:Compression agreed: none
DEBUG:paramiko.transport:MAC agreed: hmac-sha1
DEBUG:paramiko.transport:MAC agreed: hmac-sha1
DEBUG:paramiko.transport:Kex agreed: diffie-hellman-group-exchange-sha1
DEBUG:paramiko.transport:Compression agreed: none
DEBUG:paramiko.transport:Compression agreed: none
DEBUG:paramiko.transport:Compression agreed: none
DEBUG:paramiko.transport:Compression agreed: none
DEBUG:paramiko.transport:HostKey agreed: ssh-rsa
DEBUG:paramiko.transport:Cipher agreed: aes128-cbc
DEBUG:paramiko.transport:MAC agreed: hmac-sha1
DEBUG:paramiko.transport:Compression agreed: none
DEBUG:paramiko.transport:Remote version/idstring: SSH-2.0-Cisco-1.25
INFO:paramiko.transport:Connected (version 2.0, client Cisco-1.25)
DEBUG:paramiko.transport:kex algos:['diffie-hellman-group-exchange-sha1', 'diffie-hellman-group14-sha1', 'diffie-hellman-group1-sha1'] server key:['ssh-rsa'] client encrypt:['aes128-cbc', '3des-cbc', 'aes192-cbc', 'aes256-cbc'] server encrypt:['aes128-cbc', '3des-cbc', 'aes192-cbc', 'aes256-cbc'] client mac:['hmac-sha1', 'hmac-sha1-96', 'hmac-md5', 'hmac-md5-96'] server mac:['hmac-sha1', 'hmac-sha1-96', 'hmac-md5', 'hmac-md5-96'] client compress:['none'] server compress:['none'] client lang:[''] server lang:[''] kex follows?False
DEBUG:paramiko.transport:Kex agreed: diffie-hellman-group-exchange-sha1
DEBUG:paramiko.transport:Got server p (2048 bits)
DEBUG:paramiko.transport:HostKey agreed: ssh-rsa
DEBUG:paramiko.transport:Cipher agreed: aes128-cbc
DEBUG:paramiko.transport:Got server p (2048 bits)
DEBUG:paramiko.transport:kex algos:['diffie-hellman-group-exchange-sha1', 'diffie-hellman-group14-sha1', 'diffie-hellman-group1-sha1'] server key:['ssh-rsa'] client encrypt:['aes128-cbc', '3des-cbc', 'aes192-cbc', 'aes256-cbc'] server encrypt:['aes128-cbc', '3des-cbc', 'aes192-cbc', 'aes256-cbc'] client mac:['hmac-sha1', 'hmac-sha1-96', 'hmac-md5', 'hmac-md5-96'] server mac:['hmac-sha1', 'hmac-sha1-96', 'hmac-md5', 'hmac-md5-96'] client compress:['none'] server compress:['none'] client lang:[''] server lang:[''] kex follows?False
DEBUG:paramiko.transport:MAC agreed: hmac-sha1
DEBUG:paramiko.transport:Kex agreed: diffie-hellman-group-exchange-sha1
DEBUG:paramiko.transport:Compression agreed: none
DEBUG:paramiko.transport:HostKey agreed: ssh-rsa
DEBUG:paramiko.transport:Cipher agreed: aes128-cbc
DEBUG:paramiko.transport:MAC agreed: hmac-sha1
DEBUG:paramiko.transport:Compression agreed: none
DEBUG:paramiko.transport:Got server p (2048 bits)
DEBUG:paramiko.transport:Got server p (2048 bits)
DEBUG:paramiko.transport:Got server p (2048 bits)
DEBUG:paramiko.transport:Got server p (2048 bits)
DEBUG:paramiko.transport:Got server p (2048 bits)
DEBUG:paramiko.transport:kex engine KexGex specified hash_algo <built-in function openssl_sha1>
DEBUG:paramiko.transport:Switch to new keys ...
DEBUG:paramiko.transport:Adding ssh-rsa host key for 123.123.1.18: b'a4da7fb29dcdd65dd80304f489202085'
DEBUG:paramiko.transport:kex engine KexGex specified hash_algo <built-in function openssl_sha1>
DEBUG:paramiko.transport:Switch to new keys ...
DEBUG:paramiko.transport:Adding ssh-rsa host key for 123.123.1.13: b'cec2a3a33e83b6b9222dbc0e408ca84e'
DEBUG:paramiko.transport:kex engine KexGroup1 specified hash_algo <built-in function openssl_sha1>
DEBUG:paramiko.transport:Switch to new keys ...
DEBUG:paramiko.transport:Adding ssh-rsa host key for 123.123.1.15: b'15c19f48f5899b154df7a80698b56034'
DEBUG:paramiko.transport:kex engine KexGex specified hash_algo <built-in function openssl_sha1>
DEBUG:paramiko.transport:kex engine KexGex specified hash_algo <built-in function openssl_sha1>
DEBUG:paramiko.transport:kex engine KexGroup1 specified hash_algo <built-in function openssl_sha1>
DEBUG:paramiko.transport:Switch to new keys ...
DEBUG:paramiko.transport:Switch to new keys ...
DEBUG:paramiko.transport:Adding ssh-rsa host key for 123.123.1.19: b'08ddefb1f4824b884799501ba0cfadd8'
DEBUG:paramiko.transport:Switch to new keys ...
DEBUG:paramiko.transport:Adding ssh-rsa host key for 123.123.1.11: b'21d1094a344929c9eca5703098b9e67a'
DEBUG:paramiko.transport:Adding ssh-rsa host key for 123.123.1.16: b'1c85ef063bd93c1565f4826bb82f26fd'
DEBUG:paramiko.transport:userauth is OK
INFO:paramiko.transport:Authentication (password) successful!
DEBUG:paramiko.transport:[chan 0] Max packet in: 32768 bytes
DEBUG:paramiko.transport:[chan 0] Max packet out: 4096 bytes
DEBUG:paramiko.transport:Secsh channel 0 opened.
DEBUG:paramiko.transport:[chan 0] Sesch channel 0 request ok
DEBUG:paramiko.transport:userauth is OK
DEBUG:paramiko.transport:userauth is OK
DEBUG:paramiko.transport:userauth is OK
DEBUG:paramiko.transport:kex engine KexGex specified hash_algo <built-in function openssl_sha1>
DEBUG:paramiko.transport:kex engine KexGex specified hash_algo <built-in function openssl_sha1>
DEBUG:paramiko.transport:kex engine KexGex specified hash_algo <built-in function openssl_sha1>
DEBUG:paramiko.transport:Switch to new keys ...
DEBUG:paramiko.transport:Switch to new keys ...
DEBUG:paramiko.transport:Adding ssh-rsa host key for 123.123.1.12: b'f05d3c38c9d8395c49a0fc3423174fdc'
DEBUG:paramiko.transport:Switch to new keys ...
DEBUG:paramiko.transport:Adding ssh-rsa host key for 123.123.1.17: b'7aea8ef985ee2a4c9521fd46af50ff9c'
DEBUG:paramiko.transport:Adding ssh-rsa host key for 123.123.1.14: b'7aea766b56198c00a915d0a620f89c87'
DEBUG:paramiko.transport:[chan 0] Sesch channel 0 request ok
INFO:paramiko.transport:Authentication (password) successful!
DEBUG:paramiko.transport:[chan 0] Max packet in: 32768 bytes
INFO:paramiko.transport:Authentication (password) successful!
DEBUG:paramiko.transport:[chan 0] Max packet in: 32768 bytes
INFO:paramiko.transport:Authentication (password) successful!
DEBUG:paramiko.transport:[chan 0] Max packet in: 32768 bytes
DEBUG:paramiko.transport:[chan 0] Max packet out: 4096 bytes
DEBUG:paramiko.transport:Secsh channel 0 opened.
DEBUG:paramiko.transport:[chan 0] Max packet out: 4096 bytes
DEBUG:paramiko.transport:Secsh channel 0 opened.
DEBUG:paramiko.transport:[chan 0] Sesch channel 0 request ok
DEBUG:paramiko.transport:[chan 0] Sesch channel 0 request ok
DEBUG:paramiko.transport:userauth is OK
DEBUG:paramiko.transport:[chan 0] Sesch channel 0 request ok
DEBUG:paramiko.transport:[chan 0] Sesch channel 0 request ok
DEBUG:paramiko.transport:[chan 0] Max packet out: 4096 bytes
DEBUG:paramiko.transport:Secsh channel 0 opened.
DEBUG:paramiko.transport:[chan 0] Sesch channel 0 request ok
DEBUG:paramiko.transport:[chan 0] Sesch channel 0 request ok
DEBUG:paramiko.transport:userauth is OK
INFO:paramiko.transport:Authentication (password) successful!
DEBUG:paramiko.transport:[chan 0] Max packet in: 32768 bytes
DEBUG:paramiko.transport:[chan 0] Max packet out: 4096 bytes
DEBUG:paramiko.transport:Secsh channel 0 opened.
DEBUG:paramiko.transport:[chan 0] Sesch channel 0 request ok
DEBUG:paramiko.transport:[chan 0] Sesch channel 0 request ok
DEBUG:paramiko.transport:userauth is OK
DEBUG:paramiko.transport:userauth is OK
INFO:paramiko.transport:Authentication (password) successful!
DEBUG:paramiko.transport:[chan 0] Max packet in: 32768 bytes
DEBUG:paramiko.transport:[chan 0] Max packet out: 4096 bytes
DEBUG:paramiko.transport:Secsh channel 0 opened.
DEBUG:paramiko.transport:[chan 0] Sesch channel 0 request ok
DEBUG:paramiko.transport:[chan 0] Sesch channel 0 request ok
INFO:paramiko.transport:Authentication (password) successful!
DEBUG:paramiko.transport:[chan 0] Max packet in: 32768 bytes
DEBUG:paramiko.transport:userauth is OK
DEBUG:paramiko.transport:[chan 0] Max packet out: 4096 bytes
DEBUG:paramiko.transport:Secsh channel 0 opened.
INFO:paramiko.transport:Authentication (password) successful!
DEBUG:paramiko.transport:[chan 0] Max packet in: 32768 bytes
DEBUG:paramiko.transport:[chan 0] Sesch channel 0 request ok
DEBUG:paramiko.transport:[chan 0] Max packet out: 4096 bytes
DEBUG:paramiko.transport:Secsh channel 0 opened.
DEBUG:paramiko.transport:[chan 0] Sesch channel 0 request ok
DEBUG:paramiko.transport:[chan 0] Sesch channel 0 request ok
DEBUG:paramiko.transport:[chan 0] Sesch channel 0 request ok
DEBUG:netmiko:read_channel: 
CR-SW1>
DEBUG:netmiko:read_channel: CAMP-1>
DEBUG:netmiko:read_channel: SD-WN>
DEBUG:netmiko:read_channel: CR-R1>
DEBUG:netmiko:read_channel: 
DEBUG:netmiko:read_channel: 
DEBUG:netmiko:read_channel: 
DEBUG:netmiko:read_channel: DC>
DEBUG:netmiko:read_channel: 
DEBUG:netmiko:read_channel: 
DEBUG:netmiko:read_channel: Only Authorized Users granted. Unauthorized access prohibited!
B2>
DEBUG:netmiko:read_channel: CR-R2>
DEBUG:netmiko:read_channel: CAMP-2>
DEBUG:netmiko:read_channel: 
DEBUG:netmiko:read_channel: 
DEBUG:netmiko:read_channel: 
INFO:paramiko.transport:Authentication (password) failed.
DEBUG:paramiko.transport:EOF in transport thread
DEBUG:netmiko:read_channel: 
DEBUG:netmiko:read_channel: 
DEBUG:netmiko:read_channel: 
DEBUG:netmiko:read_channel: 
DEBUG:netmiko:read_channel: 
DEBUG:netmiko:write_channel: b'\n'
DEBUG:netmiko:read_channel: 
DEBUG:netmiko:write_channel: b'\n'
DEBUG:netmiko:read_channel: 
DEBUG:netmiko:write_channel: b'\n'
DEBUG:netmiko:read_channel: 
DEBUG:netmiko:read_channel: 
DEBUG:netmiko:write_channel: b'\n'
DEBUG:netmiko:read_channel: 
CR-SW1>
DEBUG:netmiko:read_channel: 
CAMP-1>
DEBUG:netmiko:read_channel: 
SD-WN>
DEBUG:netmiko:read_channel: 
DEBUG:netmiko:write_channel: b'\n'
DEBUG:netmiko:read_channel: 
CR-R1>
DEBUG:netmiko:read_channel: 
DEBUG:netmiko:read_channel: 
DEBUG:netmiko:read_channel: 
DC>
DEBUG:netmiko:read_channel: 
DEBUG:netmiko:read_channel: 
DEBUG:netmiko:[find_prompt()]: prompt is CR-SW1>
DEBUG:netmiko:read_channel: 
DEBUG:netmiko:write_channel: b'\n'
DEBUG:netmiko:read_channel: 
DEBUG:netmiko:[find_prompt()]: prompt is CAMP-1>
DEBUG:netmiko:read_channel: 
DEBUG:netmiko:[find_prompt()]: prompt is SD-WN>
DEBUG:netmiko:read_channel: 
DEBUG:netmiko:write_channel: b'\n'
DEBUG:netmiko:read_channel: 
DEBUG:netmiko:[find_prompt()]: prompt is CR-R1>
DEBUG:netmiko:read_channel: 
DEBUG:netmiko:write_channel: b'\n'
DEBUG:netmiko:read_channel: 
B2>
DEBUG:netmiko:read_channel: 
CR-R2>
DEBUG:netmiko:read_channel: 
DEBUG:netmiko:[find_prompt()]: prompt is DC>
DEBUG:netmiko:read_channel: 
CAMP-2>
DEBUG:netmiko:read_channel: 
DEBUG:netmiko:In disable_paging
DEBUG:netmiko:Command: terminal length 0

DEBUG:netmiko:write_channel: b'terminal length 0\n'
DEBUG:netmiko:Pattern is: CR\-SW1
DEBUG:netmiko:_read_channel_expect read_data: t
DEBUG:netmiko:read_channel: 
DEBUG:netmiko:In disable_paging
DEBUG:netmiko:Command: terminal length 0

DEBUG:netmiko:write_channel: b'terminal length 0\n'
DEBUG:netmiko:Pattern is: CAMP\-1
DEBUG:netmiko:read_channel: 
DEBUG:netmiko:In disable_paging
DEBUG:netmiko:Command: terminal length 0

DEBUG:netmiko:write_channel: b'terminal length 0\n'
DEBUG:netmiko:Pattern is: SD\-WN
DEBUG:netmiko:_read_channel_expect read_data: ter
DEBUG:netmiko:_read_channel_expect read_data: t
DEBUG:netmiko:read_channel: 
DEBUG:netmiko:In disable_paging
DEBUG:netmiko:Command: terminal length 0

DEBUG:netmiko:write_channel: b'terminal length 0\n'
DEBUG:netmiko:Pattern is: CR\-R1
DEBUG:netmiko:_read_channel_expect read_data: t
DEBUG:netmiko:_read_channel_expect read_data: erminal l
DEBUG:netmiko:read_channel: 
DEBUG:netmiko:[find_prompt()]: prompt is B2>
DEBUG:netmiko:_read_channel_expect read_data: minal length 0
CAMP-1>
DEBUG:netmiko:Pattern found: CAMP\-1 terminal length 0
CAMP-1>
DEBUG:netmiko:terminal length 0
CAMP-1>
DEBUG:netmiko:Exiting disable_paging
DEBUG:netmiko:write_channel: b'terminal width 511\n'
DEBUG:netmiko:Pattern is: CAMP\-1
DEBUG:netmiko:_read_channel_expect read_data: erminal length 0
SD-WN>
DEBUG:netmiko:Pattern found: SD\-WN terminal length 0
SD-WN>
DEBUG:netmiko:_read_channel_expect read_data: te
DEBUG:netmiko:terminal length 0
SD-WN>
DEBUG:netmiko:Exiting disable_paging
DEBUG:netmiko:write_channel: b'terminal width 511\n'
DEBUG:netmiko:Pattern is: SD\-WN
DEBUG:netmiko:_read_channel_expect read_data: t
DEBUG:netmiko:read_channel: 
DEBUG:netmiko:[find_prompt()]: prompt is CR-R2>
DEBUG:netmiko:read_channel: 
DEBUG:netmiko:In disable_paging
DEBUG:netmiko:Command: terminal length 0

DEBUG:netmiko:write_channel: b'terminal length 0\n'
DEBUG:netmiko:Pattern is: DC
DEBUG:netmiko:_read_channel_expect read_data: t
DEBUG:netmiko:_read_channel_expect read_data: erminal length 0
CR-R1>
DEBUG:netmiko:Pattern found: CR\-R1 terminal length 0
CR-R1>
DEBUG:netmiko:terminal length 0
CR-R1>
DEBUG:netmiko:Exiting disable_paging
DEBUG:netmiko:write_channel: b'terminal width 511\n'
DEBUG:netmiko:Pattern is: CR\-R1
DEBUG:netmiko:read_channel: 
DEBUG:netmiko:[find_prompt()]: prompt is CAMP-2>
DEBUG:netmiko:_read_channel_expect read_data: t
DEBUG:netmiko:_read_channel_expect read_data: ength 0
CR-SW1>
DEBUG:netmiko:Pattern found: CR\-SW1 terminal length 0
CR-SW1>
DEBUG:netmiko:terminal length 0
CR-SW1>
DEBUG:netmiko:Exiting disable_paging
DEBUG:netmiko:write_channel: b'terminal width 511\n'
DEBUG:netmiko:Pattern is: CR\-SW1
DEBUG:netmiko:_read_channel_expect read_data: t
DEBUG:netmiko:_read_channel_expect read_data: rminal width 511
CAMP-1>
DEBUG:netmiko:Pattern found: CAMP\-1 terminal width 511
CAMP-1>
DEBUG:netmiko:_read_channel_expect read_data: erminal width 511
SD-WN>
DEBUG:netmiko:Pattern found: SD\-WN terminal width 511
SD-WN>
DEBUG:netmiko:_read_channel_expect read_data: erminal length 0
DC>
DEBUG:netmiko:Pattern found: DC terminal length 0
DC>
DEBUG:netmiko:terminal length 0
DC>
DEBUG:netmiko:Exiting disable_paging
DEBUG:netmiko:write_channel: b'terminal width 511\n'
DEBUG:netmiko:Pattern is: DC
DEBUG:netmiko:_read_channel_expect read_data: t
DEBUG:netmiko:_read_channel_expect read_data: erminal width 511
CR-R1>
DEBUG:netmiko:Pattern found: CR\-R1 terminal width 511
CR-R1>
DEBUG:netmiko:read_channel: 
DEBUG:netmiko:In disable_paging
DEBUG:netmiko:Command: terminal length 0

DEBUG:netmiko:write_channel: b'terminal length 0\n'
DEBUG:netmiko:Pattern is: B2
DEBUG:netmiko:_read_channel_expect read_data: erminal w
DEBUG:netmiko:_read_channel_expect read_data: t
DEBUG:netmiko:read_channel: 
DEBUG:netmiko:In disable_paging
DEBUG:netmiko:Command: terminal length 0

DEBUG:netmiko:write_channel: b'terminal length 0\n'
DEBUG:netmiko:Pattern is: CR\-R2
DEBUG:netmiko:read_channel: 
DEBUG:netmiko:In disable_paging
DEBUG:netmiko:Command: terminal length 0

DEBUG:netmiko:_read_channel_expect read_data: t
DEBUG:netmiko:write_channel: b'terminal length 0\n'
DEBUG:netmiko:Pattern is: CAMP\-2
DEBUG:netmiko:_read_channel_expect read_data: t
DEBUG:netmiko:_read_channel_expect read_data: erminal width 511
DC>
DEBUG:netmiko:Pattern found: DC terminal width 511
DC>
DEBUG:netmiko:_read_channel_expect read_data: idth 511
CR-SW1>
DEBUG:netmiko:Pattern found: CR\-SW1 terminal width 511
CR-SW1>
DEBUG:netmiko:_read_channel_expect read_data: erminal length 0
B2>
DEBUG:netmiko:Pattern found: B2 terminal length 0
B2>
DEBUG:netmiko:terminal length 0
B2>
DEBUG:netmiko:Exiting disable_paging
DEBUG:netmiko:write_channel: b'terminal width 511\n'
DEBUG:netmiko:Pattern is: B2
DEBUG:netmiko:_read_channel_expect read_data: t
DEBUG:netmiko:_read_channel_expect read_data: erminal length 0
CR-R2>
DEBUG:netmiko:Pattern found: CR\-R2 terminal length 0
CR-R2>
DEBUG:netmiko:terminal length 0
CR-R2>
DEBUG:netmiko:Exiting disable_paging
DEBUG:netmiko:write_channel: b'terminal width 511\n'
DEBUG:netmiko:Pattern is: CR\-R2
DEBUG:netmiko:_read_channel_expect read_data: erminal length 0
CAMP-2>
DEBUG:netmiko:Pattern found: CAMP\-2 terminal length 0
CAMP-2>
DEBUG:netmiko:terminal length 0
CAMP-2>
DEBUG:netmiko:Exiting disable_paging
DEBUG:netmiko:write_channel: b'terminal width 511\n'
DEBUG:netmiko:Pattern is: CAMP\-2
DEBUG:netmiko:_read_channel_expect read_data: t
DEBUG:netmiko:_read_channel_expect read_data: t
DEBUG:netmiko:_read_channel_expect read_data: erminal width 511
B2>
DEBUG:netmiko:Pattern found: B2 terminal width 511
B2>
DEBUG:netmiko:_read_channel_expect read_data: erminal width 511
CR-R2>
DEBUG:netmiko:Pattern found: CR\-R2 terminal width 511
CR-R2>
DEBUG:netmiko:_read_channel_expect read_data: erminal width 511
CAMP-2>
DEBUG:netmiko:Pattern found: CAMP\-2 terminal width 511
CAMP-2>
DEBUG:netmiko:read_channel: 
DEBUG:netmiko:write_channel: b'\n'
DEBUG:netmiko:Pattern is: CAMP\-1
DEBUG:netmiko:read_channel: 
DEBUG:netmiko:write_channel: b'\n'
DEBUG:netmiko:Pattern is: SD\-WN
DEBUG:netmiko:_read_channel_expect read_data: 

DEBUG:netmiko:_read_channel_expect read_data: 

DEBUG:netmiko:read_channel: 
DEBUG:netmiko:write_channel: b'\n'
DEBUG:netmiko:Pattern is: CR\-R1
DEBUG:netmiko:_read_channel_expect read_data: 

DEBUG:netmiko:_read_channel_expect read_data: CAMP-1>
DEBUG:netmiko:Pattern found: CAMP\-1 
CAMP-1>
DEBUG:netmiko:write_channel: b'enable\n'
DEBUG:netmiko:Pattern is: (CAMP\-1|ssword)
DEBUG:netmiko:_read_channel_expect read_data: SD-WN>
DEBUG:netmiko:Pattern found: SD\-WN 
SD-WN>
DEBUG:netmiko:_read_channel_expect read_data: e
DEBUG:netmiko:write_channel: b'enable\n'
DEBUG:netmiko:Pattern is: (SD\-WN|ssword)
DEBUG:netmiko:_read_channel_expect read_data: e
DEBUG:netmiko:read_channel: 
DEBUG:netmiko:write_channel: b'\n'
DEBUG:netmiko:Pattern is: DC
DEBUG:netmiko:_read_channel_expect read_data: 

DEBUG:netmiko:_read_channel_expect read_data: CR-R1>
DEBUG:netmiko:Pattern found: CR\-R1 
CR-R1>
DEBUG:netmiko:write_channel: b'enable\n'
DEBUG:netmiko:Pattern is: (CR\-R1|ssword)
DEBUG:netmiko:_read_channel_expect read_data: e
DEBUG:netmiko:read_channel: 
DEBUG:netmiko:write_channel: b'\n'
DEBUG:netmiko:Pattern is: CR\-SW1
DEBUG:netmiko:_read_channel_expect read_data: 

DEBUG:netmiko:_read_channel_expect read_data: nable
Password: 
DEBUG:netmiko:Pattern found: (CAMP\-1|ssword) enable
Password: 
DEBUG:netmiko:write_channel: b'cisco\n'
DEBUG:netmiko:Pattern is: CAMP\-1
DEBUG:netmiko:_read_channel_expect read_data: nable
Password: 
DEBUG:netmiko:Pattern found: (SD\-WN|ssword) enable
Password: 
DEBUG:netmiko:write_channel: b'cisco\n'
DEBUG:netmiko:Pattern is: SD\-WN
DEBUG:netmiko:_read_channel_expect read_data: 
CAMP-1#
DEBUG:netmiko:Pattern found: CAMP\-1 
CAMP-1#
DEBUG:netmiko:write_channel: b'\n'
DEBUG:netmiko:Pattern is: CAMP\-1
DEBUG:netmiko:_read_channel_expect read_data: DC>
DEBUG:netmiko:Pattern found: DC 
DC>
DEBUG:netmiko:write_channel: b'enable\n'
DEBUG:netmiko:Pattern is: (DC|ssword)
DEBUG:netmiko:_read_channel_expect read_data: 

DEBUG:netmiko:_read_channel_expect read_data: ena
DEBUG:netmiko:_read_channel_expect read_data: nable
Password: 
DEBUG:netmiko:Pattern found: (CR\-R1|ssword) enable
Password: 
DEBUG:netmiko:write_channel: b'cisco\n'
DEBUG:netmiko:Pattern is: CR\-R1
DEBUG:netmiko:_read_channel_expect read_data: 
SD-WN#
DEBUG:netmiko:Pattern found: SD\-WN 
SD-WN#
DEBUG:netmiko:write_channel: b'\n'
DEBUG:netmiko:Pattern is: SD\-WN
DEBUG:netmiko:_read_channel_expect read_data: CR-SW1>
DEBUG:netmiko:Pattern found: CR\-SW1 
CR-SW1>
DEBUG:netmiko:write_channel: b'enable\n'
DEBUG:netmiko:Pattern is: (CR\-SW1|ssword)
DEBUG:netmiko:_read_channel_expect read_data: 

DEBUG:netmiko:_read_channel_expect read_data: 
CR-R1#
DEBUG:netmiko:Pattern found: CR\-R1 
CR-R1#
DEBUG:netmiko:write_channel: b'\n'
DEBUG:netmiko:Pattern is: CR\-R1
DEBUG:netmiko:_read_channel_expect read_data: 

DEBUG:netmiko:_read_channel_expect read_data: e
DEBUG:netmiko:read_channel: 
DEBUG:netmiko:write_channel: b'\n'
DEBUG:netmiko:Pattern is: B2
DEBUG:netmiko:_read_channel_expect read_data: 

DEBUG:netmiko:read_channel: 
DEBUG:netmiko:write_channel: b'\n'
DEBUG:netmiko:Pattern is: CR\-R2
DEBUG:netmiko:_read_channel_expect read_data: 

DEBUG:netmiko:read_channel: 
DEBUG:netmiko:write_channel: b'\n'
DEBUG:netmiko:Pattern is: CAMP\-2
DEBUG:netmiko:_read_channel_expect read_data: 

DEBUG:netmiko:_read_channel_expect read_data: CAMP-1#
DEBUG:netmiko:Pattern found: CAMP\-1 
CAMP-1#
DEBUG:netmiko:_read_channel_expect read_data: ble
Password: 
DEBUG:netmiko:Pattern found: (DC|ssword) enable
Password: 
DEBUG:netmiko:write_channel: b'cisco\n'
DEBUG:netmiko:Pattern is: DC
DEBUG:netmiko:_read_channel_expect read_data: SD-WN#
DEBUG:netmiko:Pattern found: SD\-WN 
SD-WN#
DEBUG:netmiko:_read_channel_expect read_data: 
DC#
DEBUG:netmiko:Pattern found: DC 
DC#
DEBUG:netmiko:write_channel: b'\n'
DEBUG:netmiko:Pattern is: DC
DEBUG:netmiko:_read_channel_expect read_data: CR-R1#
DEBUG:netmiko:Pattern found: CR\-R1 
CR-R1#
DEBUG:netmiko:_read_channel_expect read_data: nable
Password: 
DEBUG:netmiko:Pattern found: (CR\-SW1|ssword) enable
Password: 
DEBUG:netmiko:write_channel: b'cisco\n'
DEBUG:netmiko:Pattern is: CR\-SW1
DEBUG:netmiko:_read_channel_expect read_data: 

DEBUG:netmiko:_read_channel_expect read_data: B2>
DEBUG:netmiko:Pattern found: B2 
B2>
DEBUG:netmiko:write_channel: b'enable\n'
DEBUG:netmiko:Pattern is: (B2|ssword)
DEBUG:netmiko:_read_channel_expect read_data: e
DEBUG:netmiko:_read_channel_expect read_data: CR-R2>
DEBUG:netmiko:Pattern found: CR\-R2 
CR-R2>
DEBUG:netmiko:write_channel: b'enable\n'
DEBUG:netmiko:Pattern is: (CR\-R2|ssword)
DEBUG:netmiko:_read_channel_expect read_data: CAMP-2>
DEBUG:netmiko:Pattern found: CAMP\-2 
CAMP-2>
DEBUG:netmiko:write_channel: b'enable\n'
DEBUG:netmiko:Pattern is: (CAMP\-2|ssword)
DEBUG:netmiko:read_channel: 
DEBUG:netmiko:write_channel: b'\n'
DEBUG:netmiko:_read_channel_expect read_data: e
DEBUG:netmiko:_read_channel_expect read_data: 
CR-SW1#
DEBUG:netmiko:Pattern found: CR\-SW1 
CR-SW1#
DEBUG:netmiko:write_channel: b'\n'
DEBUG:netmiko:Pattern is: CR\-SW1
DEBUG:netmiko:_read_channel_expect read_data: enable

DEBUG:netmiko:_read_channel_expect read_data: 

DEBUG:netmiko:read_channel: 
DEBUG:netmiko:write_channel: b'\n'
DEBUG:netmiko:read_channel: 
DEBUG:netmiko:write_channel: b'\n'
DEBUG:netmiko:_read_channel_expect read_data: DC#
DEBUG:netmiko:Pattern found: DC 
DC#
DEBUG:netmiko:_read_channel_expect read_data: nable
Password: 
DEBUG:netmiko:Pattern found: (B2|ssword) enable
Password: 
DEBUG:netmiko:write_channel: b'cisco\n'
DEBUG:netmiko:Pattern is: B2
DEBUG:netmiko:_read_channel_expect read_data: 
B2#
DEBUG:netmiko:Pattern found: B2 
B2#
DEBUG:netmiko:write_channel: b'\n'
DEBUG:netmiko:Pattern is: B2
DEBUG:netmiko:_read_channel_expect read_data: 

DEBUG:netmiko:read_channel: 
CAMP-1#
DEBUG:netmiko:_read_channel_expect read_data: nable
Password: 
DEBUG:netmiko:Pattern found: (CR\-R2|ssword) enable
Password: 
DEBUG:netmiko:write_channel: b'cisco\n'
DEBUG:netmiko:Pattern is: CR\-R2
DEBUG:netmiko:_read_channel_expect read_data: Password: 
DEBUG:netmiko:Pattern found: (CAMP\-2|ssword) enable
Password: 
DEBUG:netmiko:write_channel: b'cisco\n'
DEBUG:netmiko:Pattern is: CAMP\-2
DEBUG:netmiko:_read_channel_expect read_data: CR-SW1#
DEBUG:netmiko:Pattern found: CR\-SW1 
CR-SW1#
DEBUG:netmiko:read_channel: 
SD-WN#
DEBUG:netmiko:_read_channel_expect read_data: 
CAMP-2#
DEBUG:netmiko:Pattern found: CAMP\-2 
CAMP-2#
DEBUG:netmiko:write_channel: b'\n'
DEBUG:netmiko:Pattern is: CAMP\-2
DEBUG:netmiko:read_channel: 
CR-R1#
DEBUG:netmiko:_read_channel_expect read_data: 
CR-R2#
DEBUG:netmiko:Pattern found: CR\-R2 
CR-R2#
DEBUG:netmiko:write_channel: b'\n'
DEBUG:netmiko:Pattern is: CR\-R2
DEBUG:netmiko:read_channel: 
DEBUG:netmiko:write_channel: b'\n'
DEBUG:netmiko:_read_channel_expect read_data: 

DEBUG:netmiko:_read_channel_expect read_data: 

DEBUG:netmiko:_read_channel_expect read_data: B2#
DEBUG:netmiko:Pattern found: B2 
B2#
DEBUG:netmiko:read_channel: 
DEBUG:netmiko:write_channel: b'\n'
DEBUG:netmiko:read_channel: 
DC#
DEBUG:netmiko:_read_channel_expect read_data: CAMP-2#
DEBUG:netmiko:Pattern found: CAMP\-2 
CAMP-2#
DEBUG:netmiko:_read_channel_expect read_data: CR-R2#
DEBUG:netmiko:Pattern found: CR\-R2 
CR-R2#
DEBUG:netmiko:read_channel: 
DEBUG:netmiko:write_channel: b'\n'
DEBUG:netmiko:read_channel: 
DEBUG:netmiko:[find_prompt()]: prompt is CAMP-1#
DEBUG:netmiko:read_channel: 
CR-SW1#
DEBUG:netmiko:read_channel: 
DEBUG:netmiko:[find_prompt()]: prompt is SD-WN#
DEBUG:netmiko:read_channel: 
DEBUG:netmiko:[find_prompt()]: prompt is CR-R1#
DEBUG:netmiko:read_channel: 
DEBUG:netmiko:write_channel: b'\n'
DEBUG:netmiko:read_channel: 
DEBUG:netmiko:write_channel: b'\n'
DEBUG:netmiko:read_channel: 
B2#
DEBUG:netmiko:read_channel: 
DEBUG:netmiko:[find_prompt()]: prompt is DC#
DEBUG:netmiko:read_channel: 
CAMP-2#
DEBUG:netmiko:read_channel: 
CR-R2#
DEBUG:netmiko:read_channel: 
DEBUG:netmiko:[find_prompt()]: prompt is CR-SW1#
DEBUG:netmiko:read_channel: 
DEBUG:netmiko:[find_prompt()]: prompt is B2#
DEBUG:netmiko:read_channel: 
DEBUG:netmiko:write_channel: b'show ip int brief\n'
DEBUG:netmiko:Pattern is: show\ ip\ int\ brief
DEBUG:netmiko:_read_channel_expect read_data: s
DEBUG:netmiko:read_channel: 
DEBUG:netmiko:write_channel: b'show ip int brief\n'
DEBUG:netmiko:Pattern is: show\ ip\ int\ brief
DEBUG:netmiko:_read_channel_expect read_data: s
DEBUG:netmiko:read_channel: 
DEBUG:netmiko:write_channel: b'show ip int brief\n'
DEBUG:netmiko:Pattern is: show\ ip\ int\ brief
DEBUG:netmiko:_read_channel_expect read_data: sh
DEBUG:netmiko:read_channel: 
DEBUG:netmiko:[find_prompt()]: prompt is CAMP-2#
DEBUG:netmiko:read_channel: 
DEBUG:netmiko:[find_prompt()]: prompt is CR-R2#
DEBUG:netmiko:_read_channel_expect read_data: how ip int brief
Interface              IP-Address      OK? Method Status                Protocol
FastEthernet0/0        192.168.200.1   YES NVRAM  up                    up      
FastEthernet1/0        unassigned      YES NVRAM  administratively down down    
FastEthernet1/1        unassigned      YES NVRAM  administratively down down    
FastEthernet2/0        unassigned      YES NVRAM  administratively down down    
FastEthernet2/1        unassigned      YES NVRAM  administratively down down    
FastEthernet3/0        123.123.1.16    YES NVRAM  up                    up      
FastEthernet3/1        unassigned      YES NVRAM  administratively down down    
Loopback151            151.151.151.151 YES NVRAM  up                    up      
Loopback152            152.152.152.152 YES NVRAM  up                    up      
Loopback153            153.153.153.153 YES NVRAM  up                    up      
Loopback154            154.154.154.154 YES NVRAM  up                    up      
Loopback155            155.155.155.155 YES NVRAM  up                    up      
Loopback156            156.156.156.156 YES NVRAM  up                    up      
Loopback157            157.157.157.157 YES NVRAM  up                    up      
Loopback158            158.158.158.158 YES NVRAM  up                    up      
Loopback159            159.159.159.159 YES NVRAM  up                    up      
Loopback190            190.1.1.6       YES NVRAM  up                    up      
CAMP-1#
DEBUG:netmiko:Pattern found: show\ ip\ int\ brief show ip int brief
Interface              IP-Address      OK? Method Status                Protocol
FastEthernet0/0        192.168.200.1   YES NVRAM  up                    up      
FastEthernet1/0        unassigned      YES NVRAM  administratively down down    
FastEthernet1/1        unassigned      YES NVRAM  administratively down down    
FastEthernet2/0        unassigned      YES NVRAM  administratively down down    
FastEthernet2/1        unassigned      YES NVRAM  administratively down down    
FastEthernet3/0        123.123.1.16    YES NVRAM  up                    up      
FastEthernet3/1        unassigned      YES NVRAM  administratively down down    
Loopback151            151.151.151.151 YES NVRAM  up                    up      
Loopback152            152.152.152.152 YES NVRAM  up                    up      
Loopback153            153.153.153.153 YES NVRAM  up                    up      
Loopback154            154.154.154.154 YES NVRAM  up                    up      
Loopback155            155.155.155.155 YES NVRAM  up                    up      
Loopback156            156.156.156.156 YES NVRAM  up                    up      
Loopback157            157.157.157.157 YES NVRAM  up                    up      
Loopback158            158.158.158.158 YES NVRAM  up                    up      
Loopback159            159.159.159.159 YES NVRAM  up                    up      
Loopback190            190.1.1.6       YES NVRAM  up                    up      
CAMP-1#
DEBUG:netmiko:_read_channel_expect read_data: how ip int brief
Interface              IP-Address      OK? Method Status                Protocol
FastEthernet0/0        192.188.188.1   YES NVRAM  up                    up      
FastEthernet1/0        unassigned      YES NVRAM  administratively down down    
FastEthernet1/1        unassigned      YES NVRAM  administratively down down    
FastEthernet2/0        unassigned      YES NVRAM  administratively down down    
FastEthernet2/1        unassigned      YES NVRAM  administratively down down    
FastEthernet3/0        123.123.1.18    YES NVRAM  up                    up      
FastEthernet3/1        unassigned      YES NVRAM  administratively down down    
Loopback171            171.171.171.171 YES NVRAM  up                    up      
Loopback172            172.172.172.172 YES NVRAM  up                    up      
Loopback173            173.173.173.173 YES NVRAM  up                    up      
Loopback174            174.174.174.174 YES NVRAM  up                    up      
Loopback175            175.175.175.175 YES NVRAM  up                    up      
Loopback176            176.176.176.176 YES NVRAM  up                    up      
Loopback177            177.177.177.177 YES NVRAM  up                    up      
Loopback178            178.178.178.178 YES NVRAM  up                    up      
Loopback179            179.179.179.179 YES NVRAM  up                    up      
Loopback180            180.180.180.180 YES NVRAM  up                    up      
Loopback181            181.181.181.181 YES NVRAM  up                    up      
Loopback182            182.182.182.182 YES NVRAM  up                    up      
Loopback183            183.183.183.183 YES NVRAM  up                    up      
Loopback184            184.184.184.184 YES NVRAM  up                    up      
Loopback185            185.185.185.185 YES NVRAM  up                    up      
Loopback186            186.186.186.186 YES NVRAM  up                    up      
Loopback188            188.188.188.188 YES NVRAM  up                    up      
Loopback189            189.189.189.189 YES NVRAM  up                    up      
Loopback190            190.1.1.8       YES NVRAM  up                    up      
SD-WN#
DEBUG:netmiko:Pattern found: show\ ip\ int\ brief show ip int brief
Interface              IP-Address      OK? Method Status                Protocol
FastEthernet0/0        192.188.188.1   YES NVRAM  up                    up      
FastEthernet1/0        unassigned      YES NVRAM  administratively down down    
FastEthernet1/1        unassigned      YES NVRAM  administratively down down    
FastEthernet2/0        unassigned      YES NVRAM  administratively down down    
FastEthernet2/1        unassigned      YES NVRAM  administratively down down    
FastEthernet3/0        123.123.1.18    YES NVRAM  up                    up      
FastEthernet3/1        unassigned      YES NVRAM  administratively down down    
Loopback171            171.171.171.171 YES NVRAM  up                    up      
Loopback172            172.172.172.172 YES NVRAM  up                    up      
Loopback173            173.173.173.173 YES NVRAM  up                    up      
Loopback174            174.174.174.174 YES NVRAM  up                    up      
Loopback175            175.175.175.175 YES NVRAM  up                    up      
Loopback176            176.176.176.176 YES NVRAM  up                    up      
Loopback177            177.177.177.177 YES NVRAM  up                    up      
Loopback178            178.178.178.178 YES NVRAM  up                    up      
Loopback179            179.179.179.179 YES NVRAM  up                    up      
Loopback180            180.180.180.180 YES NVRAM  up                    up      
Loopback181            181.181.181.181 YES NVRAM  up                    up      
Loopback182            182.182.182.182 YES NVRAM  up                    up      
Loopback183            183.183.183.183 YES NVRAM  up                    up      
Loopback184            184.184.184.184 YES NVRAM  up                    up      
Loopback185            185.185.185.185 YES NVRAM  up                    up      
Loopback186            186.186.186.186 YES NVRAM  up                    up      
Loopback188            188.188.188.188 YES NVRAM  up                    up      
Loopback189            189.189.189.189 YES NVRAM  up                    up      
Loopback190            190.1.1.8       YES NVRAM  up                    up      
SD-WN#
DEBUG:netmiko:_read_channel_expect read_data: ow ip int brief
Interface              IP-Address      OK? Method Status                Protocol
FastEthernet0/0        172.16.1.1      YES NVRAM  up                    up      
FastEthernet1/0        192.168.1.1     YES NVRAM  up                    up      
FastEthernet1/1        unassigned      YES NVRAM  administratively down down    
FastEthernet2/0        unassigned      YES NVRAM  administratively down down    
FastEthernet2/1        unassigned      YES NVRAM  administratively down down    
FastEthernet3/0        123.123.1.13    YES NVRAM  up                    up      
FastEthernet3/1        unassigned      YES NVRAM  administratively down down    
Loopback190            190.1.1.3       YES NVRAM  up                    up      
CR-R1#
DEBUG:netmiko:read_channel: 
DEBUG:netmiko:Pattern found: show\ ip\ int\ brief show ip int brief
Interface              IP-Address      OK? Method Status                Protocol
FastEthernet0/0        172.16.1.1      YES NVRAM  up                    up      
FastEthernet1/0        192.168.1.1     YES NVRAM  up                    up      
FastEthernet1/1        unassigned      YES NVRAM  administratively down down    
FastEthernet2/0        unassigned      YES NVRAM  administratively down down    
FastEthernet2/1        unassigned      YES NVRAM  administratively down down    
FastEthernet3/0        123.123.1.13    YES NVRAM  up                    up      
FastEthernet3/1        unassigned      YES NVRAM  administratively down down    
Loopback190            190.1.1.3       YES NVRAM  up                    up      
CR-R1#
DEBUG:netmiko:write_channel: b'show ip int brief\n'
DEBUG:netmiko:Pattern is: show\ ip\ int\ brief
DEBUG:netmiko:_read_channel_expect read_data: show
DEBUG:netmiko:read_channel: 
DEBUG:netmiko:write_channel: b'\n'
DEBUG:netmiko:read_channel: 
DEBUG:netmiko:write_channel: b'show ip int brief\n'
DEBUG:netmiko:Pattern is: show\ ip\ int\ brief
DEBUG:netmiko:_read_channel_expect read_data: s
DEBUG:netmiko:read_channel: 
DEBUG:netmiko:write_channel: b'\n'
DEBUG:netmiko:read_channel: 
DEBUG:netmiko:write_channel: b'\n'
DEBUG:netmiko:_read_channel_expect read_data:  ip int brief
Interface              IP-Address      OK? Method Status                Protocol
FastEthernet0/0        192.168.250.1   YES NVRAM  up                    up      
FastEthernet1/0        unassigned      YES NVRAM  administratively down down    
FastEthernet1/1        unassigned      YES NVRAM  administratively down down    
FastEthernet2/0        unassigned      YES NVRAM  administratively down down    
FastEthernet2/1        unassigned      YES NVRAM  administratively down down    
FastEthernet3/0        123.123.1.19    YES NVRAM  up                    up      
FastEthernet3/1        unassigned      YES NVRAM  administratively down down    
Loopback190            190.1.1.9       YES NVRAM  up                    up      
Loopback191            191.191.191.191 YES NVRAM  up                    up      
Loopback192            192.192.192.192 YES NVRAM  up                    up      
Loopback193            193.193.193.193 YES NVRAM  up                    up      
Loopback194            194.194.194.194 YES NVRAM  up                    up      
Loopback195            195.195.195.195 YES NVRAM  up                    up      
Loopback196            196.196.196.196 YES NVRAM  up                    up      
Loopback199            199.199.199.199 YES NVRAM  up                    up      
DC#
DEBUG:netmiko:Pattern found: show\ ip\ int\ brief show ip int brief
Interface              IP-Address      OK? Method Status                Protocol
FastEthernet0/0        192.168.250.1   YES NVRAM  up                    up      
FastEthernet1/0        unassigned      YES NVRAM  administratively down down    
FastEthernet1/1        unassigned      YES NVRAM  administratively down down    
FastEthernet2/0        unassigned      YES NVRAM  administratively down down    
FastEthernet2/1        unassigned      YES NVRAM  administratively down down    
FastEthernet3/0        123.123.1.19    YES NVRAM  up                    up      
FastEthernet3/1        unassigned      YES NVRAM  administratively down down    
Loopback190            190.1.1.9       YES NVRAM  up                    up      
Loopback191            191.191.191.191 YES NVRAM  up                    up      
Loopback192            192.192.192.192 YES NVRAM  up                    up      
Loopback193            193.193.193.193 YES NVRAM  up                    up      
Loopback194            194.194.194.194 YES NVRAM  up                    up      
Loopback195            195.195.195.195 YES NVRAM  up                    up      
Loopback196            196.196.196.196 YES NVRAM  up                    up      
Loopback199            199.199.199.199 YES NVRAM  up                    up      
DC#
DEBUG:netmiko:read_channel: 
DEBUG:netmiko:write_channel: b'show ip int brief\n'
DEBUG:netmiko:Pattern is: show\ ip\ int\ brief
DEBUG:netmiko:read_channel: 
CAMP-1#
DEBUG:netmiko:_read_channel_expect read_data: s
DEBUG:netmiko:_read_channel_expect read_data: how ip in
DEBUG:netmiko:read_channel: 
SD-WN#
DEBUG:netmiko:read_channel: 
CR-R1#
DEBUG:netmiko:read_channel: 
DEBUG:netmiko:write_channel: b'show ip int brief\n'
DEBUG:netmiko:Pattern is: show\ ip\ int\ brief
DEBUG:netmiko:read_channel: 
DEBUG:netmiko:write_channel: b'show ip int brief\n'
DEBUG:netmiko:Pattern is: show\ ip\ int\ brief
DEBUG:netmiko:_read_channel_expect read_data: s
DEBUG:netmiko:_read_channel_expect read_data: s
DEBUG:netmiko:read_channel: 
DEBUG:netmiko:write_channel: b'\n'
DEBUG:netmiko:_read_channel_expect read_data: how ip int brief
Interface              IP-Address      OK? Method Status                Protocol
FastEthernet0/0        172.16.2.2      YES NVRAM  up                    up      
FastEthernet1/0        unassigned      YES NVRAM  administratively down down    
FastEthernet1/1        unassigned      YES NVRAM  administratively down down    
FastEthernet2/0        unassigned      YES NVRAM  administratively down down    
FastEthernet2/1        unassigned      YES NVRAM  administratively down down    
FastEthernet3/0        123.123.1.12    YES NVRAM  up                    up      
FastEthernet3/1        unassigned      YES NVRAM  administratively down down    
Loopback2              2.2.2.2         YES NVRAM  up                    up      
Loopback22             22.22.22.22     YES NVRAM  up                    up      
Loopback190            190.1.1.2       YES NVRAM  up                    up      
Loopback200            100.100.100.100 YES NVRAM  up                    up      
Loopback202            202.202.202.202 YES NVRAM  up                    up      
Loopback220            220.220.220.220 YES NVRAM  up                    up      
Loopback222            222.222.222.222 YES NVRAM  up                    up      
B2#
DEBUG:netmiko:Pattern found: show\ ip\ int\ brief show ip int brief
Interface              IP-Address      OK? Method Status                Protocol
FastEthernet0/0        172.16.2.2      YES NVRAM  up                    up      
FastEthernet1/0        unassigned      YES NVRAM  administratively down down    
FastEthernet1/1        unassigned      YES NVRAM  administratively down down    
FastEthernet2/0        unassigned      YES NVRAM  administratively down down    
FastEthernet2/1        unassigned      YES NVRAM  administratively down down    
FastEthernet3/0        123.123.1.12    YES NVRAM  up                    up      
FastEthernet3/1        unassigned      YES NVRAM  administratively down down    
Loopback2              2.2.2.2         YES NVRAM  up                    up      
Loopback22             22.22.22.22     YES NVRAM  up                    up      
Loopback190            190.1.1.2       YES NVRAM  up                    up      
Loopback200            100.100.100.100 YES NVRAM  up                    up      
Loopback202            202.202.202.202 YES NVRAM  up                    up      
Loopback220            220.220.220.220 YES NVRAM  up                    up      
Loopback222            222.222.222.222 YES NVRAM  up                    up      
B2#
DEBUG:netmiko:_read_channel_expect read_data: t brief
Interface                  IP-Address      OK? Method Status                Protocol
FastEthernet0/0            123.123.1.15    YES NVRAM  up                    up      
FastEthernet0/1            unassigned      YES NVRAM  administratively down down    
FastEthernet1/0            unassigned      YES unset  up                    up      
FastEthernet1/1            unassigned      YES unset  up                    up      
FastEthernet1/2            unassigned      YES unset  up                    up      
FastEthernet1/3            unassigned      YES unset  up                    up      
FastEthernet1/4            unassigned      YES unset  up                    up      
FastEthernet1/5            unassigned      YES unset  up                    up      
FastEthernet1/6            unassigned      YES unset  up                    down    
FastEthernet1/7            unassigned      YES unset  up                    down    
FastEthernet1/8            unassigned      YES unset  up                    do
DEBUG:netmiko:Pattern found: show\ ip\ int\ brief show ip int brief
Interface                  IP-Address      OK? Method Status                Protocol
FastEthernet0/0            123.123.1.15    YES NVRAM  up                    up      
FastEthernet0/1            unassigned      YES NVRAM  administratively down down    
FastEthernet1/0            unassigned      YES unset  up                    up      
FastEthernet1/1            unassigned      YES unset  up                    up      
FastEthernet1/2            unassigned      YES unset  up                    up      
FastEthernet1/3            unassigned      YES unset  up                    up      
FastEthernet1/4            unassigned      YES unset  up                    up      
FastEthernet1/5            unassigned      YES unset  up                    up      
FastEthernet1/6            unassigned      YES unset  up                    down    
FastEthernet1/7            unassigned      YES unset  up                    down    
FastEthernet1/8            unassigned      YES unset  up                    do
DEBUG:netmiko:_read_channel_expect read_data: how ip int brief
Interface              IP-Address      OK? Method Status                Protocol
FastEthernet0/0        192.168.230.1   YES NVRAM  up                    up      
FastEthernet1/0        unassigned      YES NVRAM  administratively down down    
FastEthernet1/1        unassigned      YES NVRAM  administratively down down    
FastEthernet2/0        unassigned      YES NVRAM  administratively down down    
FastEthernet2/1        unassigned      YES NVRAM  administratively down down    
FastEthernet3/0        123.123.1.17    YES NVRAM  up                    up      
FastEthernet3/1        unassigned      YES NVRAM  administratively down down    
Loopback161            161.161.161.161 YES NVRAM  up                    up      
Loopback162            162.162.162.162 YES NVRAM  up                    up      
Loopback163            163.163.163.163 YES NVRAM  up                    up      
Loopback164            164.164.164.164 YES NVRAM  up                    up      
Loopback165            165.165.165.165 YES NVRAM  up                    up      
Loopback166            166.166.166.166 YES NVRAM  up                    up      
Loopback167            167.167.167.167 YES NVRAM  up                    up      
Loopback168            168.168.168.168 YES NVRAM  up                    up      
Loopback169            169.169.169.169 YES NVRAM  up                    up      
Loopback190            190.1.1.7       YES NVRAM  up                    up      
CAMP-2#
DEBUG:netmiko:Pattern found: show\ ip\ int\ brief show ip int brief
Interface              IP-Address      OK? Method Status                Protocol
FastEthernet0/0        192.168.230.1   YES NVRAM  up                    up      
FastEthernet1/0        unassigned      YES NVRAM  administratively down down    
FastEthernet1/1        unassigned      YES NVRAM  administratively down down    
FastEthernet2/0        unassigned      YES NVRAM  administratively down down    
FastEthernet2/1        unassigned      YES NVRAM  administratively down down    
FastEthernet3/0        123.123.1.17    YES NVRAM  up                    up      
FastEthernet3/1        unassigned      YES NVRAM  administratively down down    
Loopback161            161.161.161.161 YES NVRAM  up                    up      
Loopback162            162.162.162.162 YES NVRAM  up                    up      
Loopback163            163.163.163.163 YES NVRAM  up                    up      
Loopback164            164.164.164.164 YES NVRAM  up                    up      
Loopback165            165.165.165.165 YES NVRAM  up                    up      
Loopback166            166.166.166.166 YES NVRAM  up                    up      
Loopback167            167.167.167.167 YES NVRAM  up                    up      
Loopback168            168.168.168.168 YES NVRAM  up                    up      
Loopback169            169.169.169.169 YES NVRAM  up                    up      
Loopback190            190.1.1.7       YES NVRAM  up                    up      
CAMP-2#
DEBUG:netmiko:_read_channel_expect read_data: how ip int brief
Interface              IP-Address      OK? Method Status                Protocol
FastEthernet0/0        172.16.2.1      YES NVRAM  up                    up      
FastEthernet1/0        192.168.1.2     YES NVRAM  up                    up      
FastEthernet1/1        unassigned      YES NVRAM  administratively down down    
FastEthernet2/0        unassigned      YES NVRAM  administratively down down    
FastEthernet2/1        unassigned      YES NVRAM  administratively down down    
FastEthernet3/0        123.123.1.14    YES NVRAM  up                    up      
FastEthernet3/1        unassigned      YES NVRAM  administratively down down    
Loopback190            190.1.1.4       YES NVRAM  up                    up      
CR-R2#
DEBUG:netmiko:Pattern found: show\ ip\ int\ brief show ip int brief
Interface              IP-Address      OK? Method Status                Protocol
FastEthernet0/0        172.16.2.1      YES NVRAM  up                    up      
FastEthernet1/0        192.168.1.2     YES NVRAM  up                    up      
FastEthernet1/1        unassigned      YES NVRAM  administratively down down    
FastEthernet2/0        unassigned      YES NVRAM  administratively down down    
FastEthernet2/1        unassigned      YES NVRAM  administratively down down    
FastEthernet3/0        123.123.1.14    YES NVRAM  up                    up      
FastEthernet3/1        unassigned      YES NVRAM  administratively down down    
Loopback190            190.1.1.4       YES NVRAM  up                    up      
CR-R2#
DEBUG:netmiko:read_channel: 
DC#
DEBUG:netmiko:read_channel: 
DEBUG:netmiko:[find_prompt()]: prompt is CAMP-1#
DEBUG:netmiko:write_channel: b'\n'
DEBUG:netmiko:read_channel: 
DEBUG:netmiko:write_channel: b'\n'
DEBUG:netmiko:read_channel: 
DEBUG:netmiko:[find_prompt()]: prompt is SD-WN#
DEBUG:netmiko:write_channel: b'\n'
DEBUG:netmiko:read_channel: 
DEBUG:netmiko:[find_prompt()]: prompt is CR-R1#
DEBUG:netmiko:write_channel: b'\n'
DEBUG:netmiko:read_channel: 
DEBUG:netmiko:write_channel: b'\n'
DEBUG:netmiko:read_channel: 
DEBUG:netmiko:write_channel: b'\n'
DEBUG:netmiko:read_channel: 
CAMP-1#
DEBUG:netmiko:read_channel: 
B2#
DEBUG:netmiko:read_channel: wn    
FastEthernet1/9            unassigned      YES unset  up                    down    
FastEthernet1/10           unassigned      YES unset  up                    down    
FastEthernet1/11           unassigned      YES unset  up                    down    
FastEthernet1/12           unassigned      YES unset  up                    down    
FastEthernet1/13           unassigned      YES unset  up                    down    
FastEthernet1/14           unassigned      YES unset  up                    down    
FastEthernet1/15           unassigned      YES unset  up                    down    
Vlan1                      unassigned      YES NVRAM  up                    down    
Vlan100                    192.168.1.100   YES NVRAM  up                    down    
Vlan200                    192.168.200.2   YES NVRAM  up                    down    
Vlan300                    192.168.230.2   YES NVRAM  up                    down    
Vlan400                    192.188.188.2   YES NVRAM  up                    down    
Vlan1000                   192.168.250.2   YES NVRAM  up                    down    
Loopback190                190.1.1.5       YES NVRAM  up                    up      
CR-SW1#
DEBUG:netmiko:read_channel: 
SD-WN#
DEBUG:netmiko:read_channel: 
CR-R1#
DEBUG:netmiko:read_channel: 
CAMP-2#
DEBUG:netmiko:read_channel: 
CR-R2#
DEBUG:netmiko:read_channel: 
DEBUG:netmiko:[find_prompt()]: prompt is DC#
DEBUG:netmiko:write_channel: b'\n'
DEBUG:netmiko:read_channel: 
DEBUG:netmiko:read_channel: 
DEBUG:netmiko:write_channel: b'\n'
DEBUG:netmiko:read_channel: 
DEBUG:netmiko:read_channel: 
DEBUG:netmiko:read_channel: 
DC#
DEBUG:netmiko:read_channel: 
DEBUG:netmiko:[find_prompt()]: prompt is B2#
DEBUG:netmiko:write_channel: b'\n'
DEBUG:netmiko:read_channel: 
CR-SW1#
DEBUG:netmiko:read_channel: 
DEBUG:netmiko:[find_prompt()]: prompt is CAMP-2#
DEBUG:netmiko:write_channel: b'\n'
DEBUG:netmiko:read_channel: 
DEBUG:netmiko:[find_prompt()]: prompt is CR-R2#
DEBUG:netmiko:write_channel: b'\n'
DEBUG:netmiko:read_channel: 
DEBUG:netmiko:read_channel: 
B2#
DEBUG:netmiko:read_channel: 
CAMP-2#
DEBUG:netmiko:read_channel: 
CR-R2#
DEBUG:netmiko:read_channel: 
DEBUG:netmiko:read_channel: 
DEBUG:netmiko:[find_prompt()]: prompt is CR-SW1#
DEBUG:netmiko:write_channel: b'\n'
DEBUG:netmiko:read_channel: 
DEBUG:netmiko:read_channel: 
DEBUG:netmiko:read_channel: 
CR-SW1#
DEBUG:netmiko:read_channel: 
DEBUG:netmiko:read_channel: 
DEBUG:netmiko:write_channel: b'exit\n'
DEBUG:paramiko.transport:EOF in transport thread
DEBUG:netmiko:read_channel: 
DEBUG:netmiko:write_channel: b'exit\n'
DEBUG:netmiko:read_channel: 
DEBUG:netmiko:write_channel: b'exit\n'
DEBUG:paramiko.transport:EOF in transport thread
DEBUG:paramiko.transport:EOF in transport thread
DEBUG:netmiko:read_channel: 
DEBUG:netmiko:write_channel: b'exit\n'
DEBUG:paramiko.transport:EOF in transport thread
DEBUG:netmiko:read_channel: 
DEBUG:netmiko:write_channel: b'exit\n'
DEBUG:paramiko.transport:EOF in transport thread
DEBUG:netmiko:read_channel: 
DEBUG:netmiko:write_channel: b'exit\n'
DEBUG:netmiko:read_channel: 
DEBUG:netmiko:write_channel: b'exit\n'
DEBUG:paramiko.transport:EOF in transport thread
DEBUG:paramiko.transport:EOF in transport thread
DEBUG:netmiko:read_channel: 
DEBUG:netmiko:write_channel: b'exit\n'
DEBUG:paramiko.transport:starting thread (client mode): 0xc6574bb0
DEBUG:paramiko.transport:Local version/idstring: SSH-2.0-paramiko_2.7.1
DEBUG:paramiko.transport:Remote version/idstring: SSH-2.0-Cisco-1.25
INFO:paramiko.transport:Connected (version 2.0, client Cisco-1.25)
DEBUG:paramiko.transport:starting thread (client mode): 0xc657f6d0
DEBUG:paramiko.transport:Local version/idstring: SSH-2.0-paramiko_2.7.1
DEBUG:paramiko.transport:kex algos:['diffie-hellman-group1-sha1'] server key:['ssh-rsa'] client encrypt:['aes128-cbc', '3des-cbc', 'aes192-cbc', 'aes256-cbc'] server encrypt:['aes128-cbc', '3des-cbc', 'aes192-cbc', 'aes256-cbc'] client mac:['hmac-sha1', 'hmac-sha1-96', 'hmac-md5', 'hmac-md5-96'] server mac:['hmac-sha1', 'hmac-sha1-96', 'hmac-md5', 'hmac-md5-96'] client compress:['none'] server compress:['none'] client lang:[''] server lang:[''] kex follows?False
DEBUG:paramiko.transport:Kex agreed: diffie-hellman-group1-sha1
DEBUG:paramiko.transport:HostKey agreed: ssh-rsa
DEBUG:paramiko.transport:Cipher agreed: aes128-cbc
DEBUG:paramiko.transport:MAC agreed: hmac-sha1
DEBUG:paramiko.transport:Compression agreed: none
DEBUG:paramiko.transport:starting thread (client mode): 0xc6574af0
DEBUG:paramiko.transport:Remote version/idstring: SSH-1.99-Cisco-1.25
INFO:paramiko.transport:Connected (version 1.99, client Cisco-1.25)
DEBUG:paramiko.transport:starting thread (client mode): 0xc6574b80
DEBUG:paramiko.transport:starting thread (client mode): 0xc658a550
DEBUG:paramiko.transport:starting thread (client mode): 0xc657feb0
DEBUG:paramiko.transport:Local version/idstring: SSH-2.0-paramiko_2.7.1
DEBUG:paramiko.transport:starting thread (client mode): 0xc657f040
DEBUG:paramiko.transport:Local version/idstring: SSH-2.0-paramiko_2.7.1
DEBUG:paramiko.transport:Local version/idstring: SSH-2.0-paramiko_2.7.1
DEBUG:paramiko.transport:Remote version/idstring: SSH-2.0-Cisco-1.25
INFO:paramiko.transport:Connected (version 2.0, client Cisco-1.25)
DEBUG:paramiko.transport:Local version/idstring: SSH-2.0-paramiko_2.7.1
DEBUG:paramiko.transport:kex algos:['diffie-hellman-group1-sha1'] server key:['ssh-rsa'] client encrypt:['aes128-cbc', '3des-cbc', 'aes192-cbc', 'aes256-cbc'] server encrypt:['aes128-cbc', '3des-cbc', 'aes192-cbc', 'aes256-cbc'] client mac:['hmac-sha1', 'hmac-sha1-96', 'hmac-md5', 'hmac-md5-96'] server mac:['hmac-sha1', 'hmac-sha1-96', 'hmac-md5', 'hmac-md5-96'] client compress:['none'] server compress:['none'] client lang:[''] server lang:[''] kex follows?False
DEBUG:paramiko.transport:Kex agreed: diffie-hellman-group1-sha1
DEBUG:paramiko.transport:HostKey agreed: ssh-rsa
DEBUG:paramiko.transport:Cipher agreed: aes128-cbc
DEBUG:paramiko.transport:MAC agreed: hmac-sha1
DEBUG:paramiko.transport:Compression agreed: none
DEBUG:paramiko.transport:Local version/idstring: SSH-2.0-paramiko_2.7.1
DEBUG:paramiko.transport:Remote version/idstring: SSH-1.99-Cisco-1.25
DEBUG:paramiko.transport:Remote version/idstring: SSH-2.0-Cisco-1.25
INFO:paramiko.transport:Connected (version 1.99, client Cisco-1.25)
INFO:paramiko.transport:Connected (version 2.0, client Cisco-1.25)
DEBUG:paramiko.transport:kex algos:['diffie-hellman-group-exchange-sha1', 'diffie-hellman-group14-sha1', 'diffie-hellman-group1-sha1'] server key:['ssh-rsa'] client encrypt:['aes128-cbc', '3des-cbc', 'aes192-cbc', 'aes256-cbc'] server encrypt:['aes128-cbc', '3des-cbc', 'aes192-cbc', 'aes256-cbc'] client mac:['hmac-sha1', 'hmac-sha1-96', 'hmac-md5', 'hmac-md5-96'] server mac:['hmac-sha1', 'hmac-sha1-96', 'hmac-md5', 'hmac-md5-96'] client compress:['none'] server compress:['none'] client lang:[''] server lang:[''] kex follows?False
DEBUG:paramiko.transport:Kex agreed: diffie-hellman-group-exchange-sha1
DEBUG:paramiko.transport:starting thread (client mode): 0xc657fa60
DEBUG:paramiko.transport:starting thread (client mode): 0xc658a220
DEBUG:paramiko.transport:kex algos:['diffie-hellman-group-exchange-sha1', 'diffie-hellman-group14-sha1', 'diffie-hellman-group1-sha1'] server key:['ssh-rsa'] client encrypt:['aes128-cbc', '3des-cbc', 'aes192-cbc', 'aes256-cbc'] server encrypt:['aes128-cbc', '3des-cbc', 'aes192-cbc', 'aes256-cbc'] client mac:['hmac-sha1', 'hmac-sha1-96', 'hmac-md5', 'hmac-md5-96'] server mac:['hmac-sha1', 'hmac-sha1-96', 'hmac-md5', 'hmac-md5-96'] client compress:['none'] server compress:['none'] client lang:[''] server lang:[''] kex follows?False
DEBUG:paramiko.transport:kex algos:['diffie-hellman-group-exchange-sha1', 'diffie-hellman-group14-sha1', 'diffie-hellman-group1-sha1'] server key:['ssh-rsa'] client encrypt:['aes128-cbc', '3des-cbc', 'aes192-cbc', 'aes256-cbc'] server encrypt:['aes128-cbc', '3des-cbc', 'aes192-cbc', 'aes256-cbc'] client mac:['hmac-sha1', 'hmac-sha1-96', 'hmac-md5', 'hmac-md5-96'] server mac:['hmac-sha1', 'hmac-sha1-96', 'hmac-md5', 'hmac-md5-96'] client compress:['none'] server compress:['none'] client lang:[''] server lang:[''] kex follows?False
DEBUG:paramiko.transport:HostKey agreed: ssh-rsa
DEBUG:paramiko.transport:Local version/idstring: SSH-2.0-paramiko_2.7.1
DEBUG:paramiko.transport:Kex agreed: diffie-hellman-group-exchange-sha1
DEBUG:paramiko.transport:Local version/idstring: SSH-2.0-paramiko_2.7.1
DEBUG:paramiko.transport:Kex agreed: diffie-hellman-group-exchange-sha1
DEBUG:paramiko.transport:Cipher agreed: aes128-cbc
DEBUG:paramiko.transport:HostKey agreed: ssh-rsa
DEBUG:paramiko.transport:HostKey agreed: ssh-rsa
DEBUG:paramiko.transport:MAC agreed: hmac-sha1
DEBUG:paramiko.transport:Cipher agreed: aes128-cbc
DEBUG:paramiko.transport:Cipher agreed: aes128-cbc
DEBUG:paramiko.transport:Compression agreed: none
DEBUG:paramiko.transport:MAC agreed: hmac-sha1
DEBUG:paramiko.transport:MAC agreed: hmac-sha1
DEBUG:paramiko.transport:Compression agreed: none
DEBUG:paramiko.transport:Compression agreed: none
DEBUG:paramiko.transport:Remote version/idstring: SSH-2.0-Cisco-1.25
INFO:paramiko.transport:Connected (version 2.0, client Cisco-1.25)
DEBUG:paramiko.transport:Remote version/idstring: SSH-2.0-Cisco-1.25
DEBUG:paramiko.transport:Remote version/idstring: SSH-2.0-Cisco-1.25
DEBUG:paramiko.transport:Remote version/idstring: SSH-2.0-Cisco-1.25
INFO:paramiko.transport:Connected (version 2.0, client Cisco-1.25)
INFO:paramiko.transport:Connected (version 2.0, client Cisco-1.25)
INFO:paramiko.transport:Connected (version 2.0, client Cisco-1.25)
DEBUG:paramiko.transport:kex algos:['diffie-hellman-group-exchange-sha1', 'diffie-hellman-group14-sha1', 'diffie-hellman-group1-sha1'] server key:['ssh-rsa'] client encrypt:['aes128-cbc', '3des-cbc', 'aes192-cbc', 'aes256-cbc'] server encrypt:['aes128-cbc', '3des-cbc', 'aes192-cbc', 'aes256-cbc'] client mac:['hmac-sha1', 'hmac-sha1-96', 'hmac-md5', 'hmac-md5-96'] server mac:['hmac-sha1', 'hmac-sha1-96', 'hmac-md5', 'hmac-md5-96'] client compress:['none'] server compress:['none'] client lang:[''] server lang:[''] kex follows?False
DEBUG:paramiko.transport:Kex agreed: diffie-hellman-group-exchange-sha1
DEBUG:paramiko.transport:HostKey agreed: ssh-rsa
DEBUG:paramiko.transport:Cipher agreed: aes128-cbc
DEBUG:paramiko.transport:MAC agreed: hmac-sha1
DEBUG:paramiko.transport:Compression agreed: none
DEBUG:paramiko.transport:kex algos:['diffie-hellman-group-exchange-sha1', 'diffie-hellman-group14-sha1', 'diffie-hellman-group1-sha1'] server key:['ssh-rsa'] client encrypt:['aes128-cbc', '3des-cbc', 'aes192-cbc', 'aes256-cbc'] server encrypt:['aes128-cbc', '3des-cbc', 'aes192-cbc', 'aes256-cbc'] client mac:['hmac-sha1', 'hmac-sha1-96', 'hmac-md5', 'hmac-md5-96'] server mac:['hmac-sha1', 'hmac-sha1-96', 'hmac-md5', 'hmac-md5-96'] client compress:['none'] server compress:['none'] client lang:[''] server lang:[''] kex follows?False
DEBUG:paramiko.transport:kex algos:['diffie-hellman-group-exchange-sha1', 'diffie-hellman-group14-sha1', 'diffie-hellman-group1-sha1'] server key:['ssh-rsa'] client encrypt:['aes128-cbc', '3des-cbc', 'aes192-cbc', 'aes256-cbc'] server encrypt:['aes128-cbc', '3des-cbc', 'aes192-cbc', 'aes256-cbc'] client mac:['hmac-sha1', 'hmac-sha1-96', 'hmac-md5', 'hmac-md5-96'] server mac:['hmac-sha1', 'hmac-sha1-96', 'hmac-md5', 'hmac-md5-96'] client compress:['none'] server compress:['none'] client lang:[''] server lang:[''] kex follows?False
DEBUG:paramiko.transport:Kex agreed: diffie-hellman-group-exchange-sha1
DEBUG:paramiko.transport:kex algos:['diffie-hellman-group-exchange-sha1', 'diffie-hellman-group14-sha1', 'diffie-hellman-group1-sha1'] server key:['ssh-rsa'] client encrypt:['aes128-cbc', '3des-cbc', 'aes192-cbc', 'aes256-cbc'] server encrypt:['aes128-cbc', '3des-cbc', 'aes192-cbc', 'aes256-cbc'] client mac:['hmac-sha1', 'hmac-sha1-96', 'hmac-md5', 'hmac-md5-96'] server mac:['hmac-sha1', 'hmac-sha1-96', 'hmac-md5', 'hmac-md5-96'] client compress:['none'] server compress:['none'] client lang:[''] server lang:[''] kex follows?False
DEBUG:paramiko.transport:Kex agreed: diffie-hellman-group-exchange-sha1
DEBUG:paramiko.transport:HostKey agreed: ssh-rsa
DEBUG:paramiko.transport:Kex agreed: diffie-hellman-group-exchange-sha1
DEBUG:paramiko.transport:HostKey agreed: ssh-rsa
DEBUG:paramiko.transport:Cipher agreed: aes128-cbc
DEBUG:paramiko.transport:HostKey agreed: ssh-rsa
DEBUG:paramiko.transport:Cipher agreed: aes128-cbc
DEBUG:paramiko.transport:MAC agreed: hmac-sha1
DEBUG:paramiko.transport:Cipher agreed: aes128-cbc
DEBUG:paramiko.transport:MAC agreed: hmac-sha1
DEBUG:paramiko.transport:Compression agreed: none
DEBUG:paramiko.transport:MAC agreed: hmac-sha1
DEBUG:paramiko.transport:Compression agreed: none
DEBUG:paramiko.transport:Compression agreed: none
DEBUG:paramiko.transport:Got server p (2048 bits)
DEBUG:paramiko.transport:Got server p (2048 bits)
DEBUG:paramiko.transport:Got server p (2048 bits)
DEBUG:paramiko.transport:Got server p (2048 bits)
DEBUG:paramiko.transport:Got server p (2048 bits)
DEBUG:paramiko.transport:Got server p (2048 bits)
DEBUG:paramiko.transport:Got server p (2048 bits)
DEBUG:paramiko.transport:kex engine KexGroup1 specified hash_algo <built-in function openssl_sha1>
DEBUG:paramiko.transport:Switch to new keys ...
DEBUG:paramiko.transport:Adding ssh-rsa host key for 123.123.1.15: b'15c19f48f5899b154df7a80698b56034'
DEBUG:paramiko.transport:kex engine KexGex specified hash_algo <built-in function openssl_sha1>
DEBUG:paramiko.transport:Switch to new keys ...
DEBUG:paramiko.transport:Adding ssh-rsa host key for 123.123.1.16: b'1c85ef063bd93c1565f4826bb82f26fd'
DEBUG:paramiko.transport:kex engine KexGroup1 specified hash_algo <built-in function openssl_sha1>
DEBUG:paramiko.transport:Switch to new keys ...
DEBUG:paramiko.transport:Adding ssh-rsa host key for 123.123.1.11: b'21d1094a344929c9eca5703098b9e67a'
DEBUG:paramiko.transport:kex engine KexGex specified hash_algo <built-in function openssl_sha1>
DEBUG:paramiko.transport:Switch to new keys ...
DEBUG:paramiko.transport:Adding ssh-rsa host key for 123.123.1.14: b'7aea766b56198c00a915d0a620f89c87'
DEBUG:paramiko.transport:userauth is OK
DEBUG:paramiko.transport:userauth is OK
INFO:paramiko.transport:Authentication (password) successful!
DEBUG:paramiko.transport:kex engine KexGex specified hash_algo <built-in function openssl_sha1>
DEBUG:paramiko.transport:[chan 0] Max packet in: 32768 bytes
DEBUG:paramiko.transport:kex engine KexGex specified hash_algo <built-in function openssl_sha1>
DEBUG:paramiko.transport:userauth is OK
DEBUG:paramiko.transport:Switch to new keys ...
INFO:paramiko.transport:Authentication (password) successful!
DEBUG:paramiko.transport:kex engine KexGex specified hash_algo <built-in function openssl_sha1>
DEBUG:paramiko.transport:Switch to new keys ...
DEBUG:paramiko.transport:kex engine KexGex specified hash_algo <built-in function openssl_sha1>
DEBUG:paramiko.transport:[chan 0] Max packet out: 4096 bytes
DEBUG:paramiko.transport:kex engine KexGex specified hash_algo <built-in function openssl_sha1>
DEBUG:paramiko.transport:[chan 0] Max packet in: 32768 bytes
DEBUG:paramiko.transport:Adding ssh-rsa host key for 123.123.1.12: b'f05d3c38c9d8395c49a0fc3423174fdc'
DEBUG:paramiko.transport:Secsh channel 0 opened.
DEBUG:paramiko.transport:Switch to new keys ...
DEBUG:paramiko.transport:Switch to new keys ...
DEBUG:paramiko.transport:Adding ssh-rsa host key for 123.123.1.18: b'a4da7fb29dcdd65dd80304f489202085'
DEBUG:paramiko.transport:Switch to new keys ...
DEBUG:paramiko.transport:Adding ssh-rsa host key for 123.123.1.19: b'08ddefb1f4824b884799501ba0cfadd8'
DEBUG:paramiko.transport:Adding ssh-rsa host key for 123.123.1.13: b'cec2a3a33e83b6b9222dbc0e408ca84e'
DEBUG:paramiko.transport:Adding ssh-rsa host key for 123.123.1.17: b'7aea8ef985ee2a4c9521fd46af50ff9c'
DEBUG:paramiko.transport:[chan 0] Max packet out: 4096 bytes
DEBUG:paramiko.transport:Secsh channel 0 opened.
DEBUG:paramiko.transport:[chan 0] Sesch channel 0 request ok
DEBUG:paramiko.transport:[chan 0] Sesch channel 0 request ok
DEBUG:paramiko.transport:[chan 0] Sesch channel 0 request ok
DEBUG:paramiko.transport:[chan 0] Sesch channel 0 request ok
DEBUG:paramiko.transport:userauth is OK
INFO:paramiko.transport:Authentication (password) successful!
DEBUG:paramiko.transport:[chan 0] Max packet in: 32768 bytes
DEBUG:paramiko.transport:[chan 0] Max packet out: 4096 bytes
DEBUG:paramiko.transport:Secsh channel 0 opened.
DEBUG:paramiko.transport:[chan 0] Sesch channel 0 request ok
DEBUG:paramiko.transport:[chan 0] Sesch channel 0 request ok
DEBUG:paramiko.transport:userauth is OK
DEBUG:paramiko.transport:userauth is OK
DEBUG:paramiko.transport:userauth is OK
INFO:paramiko.transport:Authentication (password) successful!
DEBUG:paramiko.transport:[chan 0] Max packet in: 32768 bytes
INFO:paramiko.transport:Authentication (password) successful!
DEBUG:paramiko.transport:[chan 0] Max packet in: 32768 bytes
DEBUG:paramiko.transport:[chan 0] Max packet out: 4096 bytes
DEBUG:paramiko.transport:Secsh channel 0 opened.
DEBUG:paramiko.transport:[chan 0] Max packet out: 4096 bytes
DEBUG:paramiko.transport:Secsh channel 0 opened.
DEBUG:paramiko.transport:[chan 0] Sesch channel 0 request ok
DEBUG:paramiko.transport:userauth is OK
DEBUG:paramiko.transport:[chan 0] Sesch channel 0 request ok
DEBUG:paramiko.transport:[chan 0] Sesch channel 0 request ok
DEBUG:paramiko.transport:[chan 0] Sesch channel 0 request ok
DEBUG:paramiko.transport:userauth is OK
INFO:paramiko.transport:Authentication (password) successful!
DEBUG:paramiko.transport:[chan 0] Max packet in: 32768 bytes
INFO:paramiko.transport:Authentication (password) successful!
DEBUG:paramiko.transport:[chan 0] Max packet in: 32768 bytes
DEBUG:paramiko.transport:[chan 0] Max packet out: 4096 bytes
DEBUG:paramiko.transport:Secsh channel 0 opened.
INFO:paramiko.transport:Authentication (password) successful!
DEBUG:paramiko.transport:[chan 0] Sesch channel 0 request ok
DEBUG:paramiko.transport:[chan 0] Max packet in: 32768 bytes
DEBUG:paramiko.transport:[chan 0] Max packet out: 4096 bytes
DEBUG:paramiko.transport:Secsh channel 0 opened.
DEBUG:paramiko.transport:[chan 0] Max packet out: 4096 bytes
DEBUG:paramiko.transport:[chan 0] Sesch channel 0 request ok
DEBUG:paramiko.transport:Secsh channel 0 opened.
DEBUG:paramiko.transport:[chan 0] Sesch channel 0 request ok
DEBUG:paramiko.transport:[chan 0] Sesch channel 0 request ok
DEBUG:paramiko.transport:[chan 0] Sesch channel 0 request ok
DEBUG:paramiko.transport:[chan 0] Sesch channel 0 request ok
DEBUG:netmiko:read_channel: 
CR-SW1>
DEBUG:netmiko:read_channel: CAMP-1>
DEBUG:netmiko:read_channel: 
DEBUG:netmiko:read_channel: 
DEBUG:netmiko:read_channel: CR-R2>
DEBUG:netmiko:read_channel: SD-WN>
DEBUG:netmiko:read_channel: CR-R1>
DEBUG:netmiko:read_channel: 
DEBUG:netmiko:read_channel: CAMP-2>
DEBUG:netmiko:read_channel: DC>
DEBUG:netmiko:read_channel: Only Authorized Users granted. Unauthorized access prohibited!B2>
DEBUG:netmiko:read_channel: 
DEBUG:netmiko:read_channel: 
DEBUG:netmiko:read_channel: 
DEBUG:netmiko:read_channel: 
DEBUG:netmiko:read_channel: 
INFO:paramiko.transport:Authentication (password) failed.
DEBUG:paramiko.transport:EOF in transport thread
DEBUG:netmiko:read_channel: 
DEBUG:netmiko:read_channel: 
DEBUG:netmiko:read_channel: 
DEBUG:netmiko:write_channel: b'\n'
DEBUG:netmiko:read_channel: 
DEBUG:netmiko:write_channel: b'\n'
DEBUG:netmiko:read_channel: 
DEBUG:netmiko:read_channel: 
CR-SW1>
DEBUG:netmiko:read_channel: 
CAMP-1>
DEBUG:netmiko:read_channel: 
DEBUG:netmiko:read_channel: 
DEBUG:netmiko:read_channel: 
DEBUG:netmiko:write_channel: b'\n'
DEBUG:netmiko:read_channel: 
DEBUG:netmiko:read_channel: 
DEBUG:netmiko:read_channel: 
DEBUG:netmiko:read_channel: 
DEBUG:netmiko:write_channel: b'\n'
DEBUG:netmiko:read_channel: 
DEBUG:netmiko:write_channel: b'\n'
DEBUG:netmiko:read_channel: 
CR-R2>
DEBUG:netmiko:read_channel: 
DEBUG:netmiko:write_channel: b'\n'
DEBUG:netmiko:read_channel: 
DEBUG:netmiko:[find_prompt()]: prompt is CR-SW1>
DEBUG:netmiko:read_channel: 
DEBUG:netmiko:[find_prompt()]: prompt is CAMP-1>
DEBUG:netmiko:read_channel: 
DEBUG:netmiko:read_channel: 
DEBUG:netmiko:write_channel: b'\n'
DEBUG:netmiko:write_channel: b'\n'
DEBUG:netmiko:read_channel: 
SD-WN>
DEBUG:netmiko:read_channel: 
CR-R1>
DEBUG:netmiko:read_channel: 
CAMP-2>
DEBUG:netmiko:read_channel: 
DC>
DEBUG:netmiko:read_channel: 
B2>
DEBUG:netmiko:read_channel: 
DEBUG:netmiko:[find_prompt()]: prompt is CR-R2>
DEBUG:netmiko:read_channel: 
DEBUG:netmiko:In disable_paging
DEBUG:netmiko:Command: terminal length 0

DEBUG:netmiko:write_channel: b'terminal length 0\n'
DEBUG:netmiko:Pattern is: CR\-SW1
DEBUG:netmiko:read_channel: 
DEBUG:netmiko:In disable_paging
DEBUG:netmiko:Command: terminal length 0

DEBUG:netmiko:write_channel: b'terminal length 0\n'
DEBUG:netmiko:Pattern is: CAMP\-1
DEBUG:netmiko:_read_channel_expect read_data: t
DEBUG:netmiko:_read_channel_expect read_data: terminal l
DEBUG:netmiko:read_channel: 
DEBUG:netmiko:[find_prompt()]: prompt is SD-WN>
DEBUG:netmiko:read_channel: 
DEBUG:netmiko:[find_prompt()]: prompt is CR-R1>
DEBUG:netmiko:read_channel: 
DEBUG:netmiko:[find_prompt()]: prompt is CAMP-2>
DEBUG:netmiko:read_channel: 
DEBUG:netmiko:read_channel: 
DEBUG:netmiko:[find_prompt()]: prompt is B2>
DEBUG:netmiko:[find_prompt()]: prompt is DC>
DEBUG:netmiko:_read_channel_expect read_data: erminal le
DEBUG:netmiko:_read_channel_expect read_data: ength 0
CAMP-1>
DEBUG:netmiko:Pattern found: CAMP\-1 terminal length 0
CAMP-1>
DEBUG:netmiko:terminal length 0
CAMP-1>
DEBUG:netmiko:Exiting disable_paging
DEBUG:netmiko:write_channel: b'terminal width 511\n'
DEBUG:netmiko:Pattern is: CAMP\-1
DEBUG:netmiko:_read_channel_expect read_data: t
DEBUG:netmiko:read_channel: 
DEBUG:netmiko:In disable_paging
DEBUG:netmiko:Command: terminal length 0

DEBUG:netmiko:write_channel: b'terminal length 0\n'
DEBUG:netmiko:Pattern is: CR\-R2
DEBUG:netmiko:_read_channel_expect read_data: t
DEBUG:netmiko:_read_channel_expect read_data: ngth 0
CR-SW1>
DEBUG:netmiko:Pattern found: CR\-SW1 terminal length 0
CR-SW1>
DEBUG:netmiko:terminal length 0
CR-SW1>
DEBUG:netmiko:Exiting disable_paging
DEBUG:netmiko:write_channel: b'terminal width 511\n'
DEBUG:netmiko:Pattern is: CR\-SW1
DEBUG:netmiko:_read_channel_expect read_data: erminal width 511
CAMP-1>
DEBUG:netmiko:Pattern found: CAMP\-1 terminal width 511
CAMP-1>
DEBUG:netmiko:_read_channel_expect read_data: t
DEBUG:netmiko:read_channel: 
DEBUG:netmiko:In disable_paging
DEBUG:netmiko:Command: terminal length 0

DEBUG:netmiko:write_channel: b'terminal length 0\n'
DEBUG:netmiko:Pattern is: SD\-WN
DEBUG:netmiko:read_channel: 
DEBUG:netmiko:In disable_paging
DEBUG:netmiko:Command: terminal length 0

DEBUG:netmiko:write_channel: b'terminal length 0\n'
DEBUG:netmiko:Pattern is: CR\-R1
DEBUG:netmiko:_read_channel_expect read_data: t
DEBUG:netmiko:_read_channel_expect read_data: t
DEBUG:netmiko:read_channel: 
DEBUG:netmiko:In disable_paging
DEBUG:netmiko:Command: terminal length 0

DEBUG:netmiko:write_channel: b'terminal length 0\n'
DEBUG:netmiko:Pattern is: CAMP\-2
DEBUG:netmiko:_read_channel_expect read_data: t
DEBUG:netmiko:_read_channel_expect read_data: erminal length 0
CR-R2>
DEBUG:netmiko:Pattern found: CR\-R2 terminal length 0
CR-R2>
DEBUG:netmiko:terminal length 0
CR-R2>
DEBUG:netmiko:Exiting disable_paging
DEBUG:netmiko:write_channel: b'terminal width 511\n'
DEBUG:netmiko:Pattern is: CR\-R2
DEBUG:netmiko:read_channel: 
DEBUG:netmiko:read_channel: 
DEBUG:netmiko:In disable_paging
DEBUG:netmiko:In disable_paging
DEBUG:netmiko:Command: terminal length 0

DEBUG:netmiko:Command: terminal length 0

DEBUG:netmiko:write_channel: b'terminal length 0\n'
DEBUG:netmiko:write_channel: b'terminal length 0\n'
DEBUG:netmiko:Pattern is: B2
DEBUG:netmiko:Pattern is: DC
DEBUG:netmiko:_read_channel_expect read_data: t
DEBUG:netmiko:_read_channel_expect read_data: t
DEBUG:netmiko:_read_channel_expect read_data: t
DEBUG:netmiko:_read_channel_expect read_data: erminal w
DEBUG:netmiko:_read_channel_expect read_data: erminal length 0
SD-WN>
DEBUG:netmiko:Pattern found: SD\-WN terminal length 0
SD-WN>
DEBUG:netmiko:terminal length 0
SD-WN>
DEBUG:netmiko:Exiting disable_paging
DEBUG:netmiko:write_channel: b'terminal width 511\n'
DEBUG:netmiko:Pattern is: SD\-WN
DEBUG:netmiko:_read_channel_expect read_data: erminal length 0
CR-R1>
DEBUG:netmiko:Pattern found: CR\-R1 terminal length 0
CR-R1>
DEBUG:netmiko:terminal length 0
CR-R1>
DEBUG:netmiko:Exiting disable_paging
DEBUG:netmiko:write_channel: b'terminal width 511\n'
DEBUG:netmiko:Pattern is: CR\-R1
DEBUG:netmiko:_read_channel_expect read_data: ter
DEBUG:netmiko:_read_channel_expect read_data: term
DEBUG:netmiko:_read_channel_expect read_data: erminal length 0
CAMP-2>
DEBUG:netmiko:Pattern found: CAMP\-2 terminal length 0
CAMP-2>
DEBUG:netmiko:terminal length 0
CAMP-2>
DEBUG:netmiko:Exiting disable_paging
DEBUG:netmiko:write_channel: b'terminal width 511\n'
DEBUG:netmiko:Pattern is: CAMP\-2
DEBUG:netmiko:_read_channel_expect read_data: t
DEBUG:netmiko:_read_channel_expect read_data: erminal width 511
CR-R2>
DEBUG:netmiko:Pattern found: CR\-R2 terminal width 511
CR-R2>
DEBUG:netmiko:_read_channel_expect read_data: erminal length 0
DC>
DEBUG:netmiko:Pattern found: DC terminal length 0
DC>
DEBUG:netmiko:terminal length 0
DC>
DEBUG:netmiko:Exiting disable_paging
DEBUG:netmiko:write_channel: b'terminal width 511\n'
DEBUG:netmiko:Pattern is: DC
DEBUG:netmiko:_read_channel_expect read_data: erminal length 0
B2>
DEBUG:netmiko:Pattern found: B2 terminal length 0
B2>
DEBUG:netmiko:terminal length 0
B2>
DEBUG:netmiko:Exiting disable_paging
DEBUG:netmiko:write_channel: b'terminal width 511\n'
DEBUG:netmiko:Pattern is: B2
DEBUG:netmiko:_read_channel_expect read_data: idth 511
CR-SW1>
DEBUG:netmiko:Pattern found: CR\-SW1 terminal width 511
CR-SW1>
DEBUG:netmiko:_read_channel_expect read_data: t
DEBUG:netmiko:_read_channel_expect read_data: t
DEBUG:netmiko:_read_channel_expect read_data: minal width 511
SD-WN>
DEBUG:netmiko:Pattern found: SD\-WN terminal width 511
SD-WN>
DEBUG:netmiko:_read_channel_expect read_data: inal width 511
CR-R1>
DEBUG:netmiko:Pattern found: CR\-R1 terminal width 511
CR-R1>
DEBUG:netmiko:_read_channel_expect read_data: erminal width 511
CAMP-2>
DEBUG:netmiko:Pattern found: CAMP\-2 terminal width 511
CAMP-2>
DEBUG:netmiko:_read_channel_expect read_data: erminal width 511
B2>
DEBUG:netmiko:_read_channel_expect read_data: erminal width 511
DC>
DEBUG:netmiko:Pattern found: B2 terminal width 511
B2>
DEBUG:netmiko:Pattern found: DC terminal width 511
DC>
DEBUG:netmiko:read_channel: 
DEBUG:netmiko:write_channel: b'\n'
DEBUG:netmiko:Pattern is: CAMP\-1
DEBUG:netmiko:_read_channel_expect read_data: 

DEBUG:netmiko:_read_channel_expect read_data: CAMP-1>
DEBUG:netmiko:Pattern found: CAMP\-1 
CAMP-1>
DEBUG:netmiko:write_channel: b'enable\n'
DEBUG:netmiko:Pattern is: (CAMP\-1|ssword)
DEBUG:netmiko:_read_channel_expect read_data: e
DEBUG:netmiko:read_channel: 
DEBUG:netmiko:write_channel: b'\n'
DEBUG:netmiko:Pattern is: CR\-R2
DEBUG:netmiko:_read_channel_expect read_data: 

DEBUG:netmiko:read_channel: 
DEBUG:netmiko:write_channel: b'\n'
DEBUG:netmiko:Pattern is: CR\-SW1
DEBUG:netmiko:_read_channel_expect read_data: 

DEBUG:netmiko:_read_channel_expect read_data: nable
Password: 
DEBUG:netmiko:Pattern found: (CAMP\-1|ssword) enable
Password: 
DEBUG:netmiko:write_channel: b'cisco\n'
DEBUG:netmiko:Pattern is: CAMP\-1
DEBUG:netmiko:read_channel: 
DEBUG:netmiko:write_channel: b'\n'
DEBUG:netmiko:Pattern is: SD\-WN
DEBUG:netmiko:_read_channel_expect read_data: 

DEBUG:netmiko:read_channel: 
DEBUG:netmiko:write_channel: b'\n'
DEBUG:netmiko:Pattern is: CR\-R1
DEBUG:netmiko:_read_channel_expect read_data: 

DEBUG:netmiko:_read_channel_expect read_data: 
CAMP-1#
DEBUG:netmiko:Pattern found: CAMP\-1 
CAMP-1#
DEBUG:netmiko:write_channel: b'\n'
DEBUG:netmiko:Pattern is: CAMP\-1
DEBUG:netmiko:_read_channel_expect read_data: 

DEBUG:netmiko:read_channel: 
DEBUG:netmiko:write_channel: b'\n'
DEBUG:netmiko:Pattern is: CAMP\-2
DEBUG:netmiko:_read_channel_expect read_data: 
CAMP-2>
DEBUG:netmiko:Pattern found: CAMP\-2 
CAMP-2>
DEBUG:netmiko:write_channel: b'enable\n'
DEBUG:netmiko:Pattern is: (CAMP\-2|ssword)
DEBUG:netmiko:_read_channel_expect read_data: CR-R2>
DEBUG:netmiko:Pattern found: CR\-R2 
CR-R2>
DEBUG:netmiko:write_channel: b'enable\n'
DEBUG:netmiko:Pattern is: (CR\-R2|ssword)
DEBUG:netmiko:_read_channel_expect read_data: e
DEBUG:netmiko:_read_channel_expect read_data: e
DEBUG:netmiko:read_channel: 
DEBUG:netmiko:write_channel: b'\n'
DEBUG:netmiko:read_channel: 
DEBUG:netmiko:Pattern is: B2
DEBUG:netmiko:write_channel: b'\n'
DEBUG:netmiko:Pattern is: DC
DEBUG:netmiko:_read_channel_expect read_data: 

DEBUG:netmiko:_read_channel_expect read_data: 

DEBUG:netmiko:_read_channel_expect read_data: CR-SW1>
DEBUG:netmiko:Pattern found: CR\-SW1 
CR-SW1>
DEBUG:netmiko:write_channel: b'enable\n'
DEBUG:netmiko:Pattern is: (CR\-SW1|ssword)
DEBUG:netmiko:_read_channel_expect read_data: e
DEBUG:netmiko:_read_channel_expect read_data: SD-WN>
DEBUG:netmiko:Pattern found: SD\-WN 
SD-WN>
DEBUG:netmiko:write_channel: b'enable\n'
DEBUG:netmiko:Pattern is: (SD\-WN|ssword)
DEBUG:netmiko:_read_channel_expect read_data: CR-R1>
DEBUG:netmiko:Pattern found: CR\-R1 
CR-R1>
DEBUG:netmiko:write_channel: b'enable\n'
DEBUG:netmiko:Pattern is: (CR\-R1|ssword)
DEBUG:netmiko:_read_channel_expect read_data: e
DEBUG:netmiko:_read_channel_expect read_data: e
DEBUG:netmiko:_read_channel_expect read_data: CAMP-1#
DEBUG:netmiko:Pattern found: CAMP\-1 
CAMP-1#
DEBUG:netmiko:_read_channel_expect read_data: nable
Password: 
DEBUG:netmiko:Pattern found: (CAMP\-2|ssword) enable
Password: 
DEBUG:netmiko:write_channel: b'cisco\n'
DEBUG:netmiko:Pattern is: CAMP\-2
DEBUG:netmiko:_read_channel_expect read_data: nable
Password: 
DEBUG:netmiko:Pattern found: (CR\-R2|ssword) enable
Password: 
DEBUG:netmiko:write_channel: b'cisco\n'
DEBUG:netmiko:Pattern is: CR\-R2
DEBUG:netmiko:_read_channel_expect read_data: B2>
DEBUG:netmiko:Pattern found: B2 
B2>
DEBUG:netmiko:write_channel: b'enable\n'
DEBUG:netmiko:Pattern is: (B2|ssword)
DEBUG:netmiko:_read_channel_expect read_data: 
CAMP-2#
DEBUG:netmiko:Pattern found: CAMP\-2 
CAMP-2#
DEBUG:netmiko:write_channel: b'\n'
DEBUG:netmiko:Pattern is: CAMP\-2
DEBUG:netmiko:_read_channel_expect read_data: e
DEBUG:netmiko:_read_channel_expect read_data: DC>
DEBUG:netmiko:_read_channel_expect read_data: 

DEBUG:netmiko:_read_channel_expect read_data: 
CR-R2#
DEBUG:netmiko:Pattern found: DC 
DC>
DEBUG:netmiko:Pattern found: CR\-R2 
CR-R2#
DEBUG:netmiko:write_channel: b'enable\n'
DEBUG:netmiko:Pattern is: (DC|ssword)
DEBUG:netmiko:write_channel: b'\n'
DEBUG:netmiko:Pattern is: CR\-R2
DEBUG:netmiko:_read_channel_expect read_data: e
DEBUG:netmiko:_read_channel_expect read_data: 

DEBUG:netmiko:_read_channel_expect read_data: nable
Password: 
DEBUG:netmiko:Pattern found: (CR\-SW1|ssword) enable
Password: 
DEBUG:netmiko:write_channel: b'cisco\n'
DEBUG:netmiko:Pattern is: CR\-SW1
DEBUG:netmiko:_read_channel_expect read_data: nable
Password: 
DEBUG:netmiko:Pattern found: (SD\-WN|ssword) enable
Password: 
DEBUG:netmiko:write_channel: b'cisco\n'
DEBUG:netmiko:Pattern is: SD\-WN
DEBUG:netmiko:_read_channel_expect read_data: nable
Password: 
DEBUG:netmiko:Pattern found: (CR\-R1|ssword) enable
Password: 
DEBUG:netmiko:write_channel: b'cisco\n'
DEBUG:netmiko:Pattern is: CR\-R1
DEBUG:netmiko:_read_channel_expect read_data: 
SD-WN#
DEBUG:netmiko:read_channel: 
DEBUG:netmiko:Pattern found: SD\-WN 
SD-WN#
DEBUG:netmiko:write_channel: b'\n'
DEBUG:netmiko:write_channel: b'\n'
DEBUG:netmiko:Pattern is: SD\-WN
DEBUG:netmiko:_read_channel_expect read_data: 
CR-R1#
DEBUG:netmiko:Pattern found: CR\-R1 
CR-R1#
DEBUG:netmiko:write_channel: b'\n'
DEBUG:netmiko:Pattern is: CR\-R1
DEBUG:netmiko:_read_channel_expect read_data: 

DEBUG:netmiko:_read_channel_expect read_data: 

DEBUG:netmiko:_read_channel_expect read_data: 
CR-SW1#
DEBUG:netmiko:Pattern found: CR\-SW1 
CR-SW1#
DEBUG:netmiko:write_channel: b'\n'
DEBUG:netmiko:Pattern is: CR\-SW1
DEBUG:netmiko:_read_channel_expect read_data: 

DEBUG:netmiko:_read_channel_expect read_data: nable
Password: 
DEBUG:netmiko:Pattern found: (B2|ssword) enable
Password: 
DEBUG:netmiko:write_channel: b'cisco\n'
DEBUG:netmiko:Pattern is: B2
DEBUG:netmiko:_read_channel_expect read_data: CAMP-2#
DEBUG:netmiko:Pattern found: CAMP\-2 
CAMP-2#
DEBUG:netmiko:_read_channel_expect read_data: nable
Password: 
DEBUG:netmiko:Pattern found: (DC|ssword) enable
Password: 
DEBUG:netmiko:_read_channel_expect read_data: CR-R2#
DEBUG:netmiko:Pattern found: CR\-R2 
CR-R2#
DEBUG:netmiko:write_channel: b'cisco\n'
DEBUG:netmiko:Pattern is: DC
DEBUG:netmiko:_read_channel_expect read_data: 
B2#
DEBUG:netmiko:Pattern found: B2 
B2#
DEBUG:netmiko:write_channel: b'\n'
DEBUG:netmiko:Pattern is: B2
DEBUG:netmiko:_read_channel_expect read_data: 

DEBUG:netmiko:_read_channel_expect read_data: 
DC#
DEBUG:netmiko:Pattern found: DC 
DC#
DEBUG:netmiko:write_channel: b'\n'
DEBUG:netmiko:Pattern is: DC
DEBUG:netmiko:_read_channel_expect read_data: 

DEBUG:netmiko:read_channel: 
CAMP-1#
DEBUG:netmiko:_read_channel_expect read_data: SD-WN#
DEBUG:netmiko:Pattern found: SD\-WN 
SD-WN#
DEBUG:netmiko:_read_channel_expect read_data: CR-R1#
DEBUG:netmiko:Pattern found: CR\-R1 
CR-R1#
DEBUG:netmiko:_read_channel_expect read_data: CR-SW1#
DEBUG:netmiko:Pattern found: CR\-SW1 
CR-SW1#
DEBUG:netmiko:read_channel: 
DEBUG:netmiko:write_channel: b'\n'
DEBUG:netmiko:read_channel: 
DEBUG:netmiko:write_channel: b'\n'
DEBUG:netmiko:_read_channel_expect read_data: B2#
DEBUG:netmiko:Pattern found: B2 
B2#
DEBUG:netmiko:_read_channel_expect read_data: DC#
DEBUG:netmiko:Pattern found: DC 
DC#
DEBUG:netmiko:read_channel: 
DEBUG:netmiko:write_channel: b'\n'
DEBUG:netmiko:read_channel: 
DEBUG:netmiko:write_channel: b'\n'
DEBUG:netmiko:read_channel: 
DEBUG:netmiko:write_channel: b'\n'
DEBUG:netmiko:read_channel: 
CAMP-2#
DEBUG:netmiko:read_channel: 
CR-R2#
DEBUG:netmiko:read_channel: 
DEBUG:netmiko:write_channel: b'\n'
DEBUG:netmiko:read_channel: 
DEBUG:netmiko:write_channel: b'\n'
DEBUG:netmiko:read_channel: 
DEBUG:netmiko:[find_prompt()]: prompt is CAMP-1#
DEBUG:netmiko:read_channel: 
SD-WN#
DEBUG:netmiko:read_channel: 
CR-R1#
DEBUG:netmiko:read_channel: 
CR-SW1#
DEBUG:netmiko:read_channel: 
B2#
DEBUG:netmiko:read_channel: 
DC#
DEBUG:netmiko:read_channel: 
DEBUG:netmiko:[find_prompt()]: prompt is CAMP-2#
DEBUG:netmiko:read_channel: 
DEBUG:netmiko:[find_prompt()]: prompt is CR-R2#
DEBUG:netmiko:read_channel: 
DEBUG:netmiko:[find_prompt()]: prompt is SD-WN#
DEBUG:netmiko:read_channel: 
DEBUG:netmiko:[find_prompt()]: prompt is CR-R1#
DEBUG:netmiko:read_channel: 
DEBUG:netmiko:[find_prompt()]: prompt is CR-SW1#
DEBUG:netmiko:read_channel: 
DEBUG:netmiko:[find_prompt()]: prompt is B2#
DEBUG:netmiko:read_channel: 
DEBUG:netmiko:[find_prompt()]: prompt is DC#
DEBUG:netmiko:read_channel: 
DEBUG:netmiko:write_channel: b'show ip int brief\n'
DEBUG:netmiko:Pattern is: show\ ip\ int\ brief
DEBUG:netmiko:_read_channel_expect read_data: s
DEBUG:netmiko:_read_channel_expect read_data: how ip int brief
Interface              IP-Address      OK? Method Status                Protocol
FastEthernet0/0        192.168.200.1   YES NVRAM  up                    up      
FastEthernet1/0        unassigned      YES NVRAM  administratively down down    
FastEthernet1/1        unassigned      YES NVRAM  administratively down down    
FastEthernet2/0        unassigned      YES NVRAM  administratively down down    
FastEthernet2/1        unassigned      YES NVRAM  administratively down down    
FastEthernet3/0        123.123.1.16    YES NVRAM  up                    up      
FastEthernet3/1        unassigned      YES NVRAM  administratively down down    
Loopback151            151.151.151.151 YES NVRAM  up                    up      
Loopback152            152.152.152.152 YES NVRAM  up                    up      
Loopback153            153.153.153.153 YES NVRAM  up                    up      
Loopback154            154.154.154.154 YES NVRAM  up                    up      
Loopback155            155.155.155.155 YES NVRAM  up                    up      
Loopback156            156.156.156.156 YES NVRAM  up                    up      
Loopback157            157.157.157.157 YES NVRAM  up                    up      
Loopback158            158.158.158.158 YES NVRAM  up                    up      
Loopback159            159.159.159.159 YES NVRAM  up                    up      
Loopback190            190.1.1.6       YES NVRAM  up                    up      
CAMP-1#
DEBUG:netmiko:Pattern found: show\ ip\ int\ brief show ip int brief
Interface              IP-Address      OK? Method Status                Protocol
FastEthernet0/0        192.168.200.1   YES NVRAM  up                    up      
FastEthernet1/0        unassigned      YES NVRAM  administratively down down    
FastEthernet1/1        unassigned      YES NVRAM  administratively down down    
FastEthernet2/0        unassigned      YES NVRAM  administratively down down    
FastEthernet2/1        unassigned      YES NVRAM  administratively down down    
FastEthernet3/0        123.123.1.16    YES NVRAM  up                    up      
FastEthernet3/1        unassigned      YES NVRAM  administratively down down    
Loopback151            151.151.151.151 YES NVRAM  up                    up      
Loopback152            152.152.152.152 YES NVRAM  up                    up      
Loopback153            153.153.153.153 YES NVRAM  up                    up      
Loopback154            154.154.154.154 YES NVRAM  up                    up      
Loopback155            155.155.155.155 YES NVRAM  up                    up      
Loopback156            156.156.156.156 YES NVRAM  up                    up      
Loopback157            157.157.157.157 YES NVRAM  up                    up      
Loopback158            158.158.158.158 YES NVRAM  up                    up      
Loopback159            159.159.159.159 YES NVRAM  up                    up      
Loopback190            190.1.1.6       YES NVRAM  up                    up      
CAMP-1#
DEBUG:netmiko:read_channel: 
DEBUG:netmiko:write_channel: b'show ip int brief\n'
DEBUG:netmiko:Pattern is: show\ ip\ int\ brief
DEBUG:netmiko:read_channel: 
DEBUG:netmiko:write_channel: b'show ip int brief\n'
DEBUG:netmiko:Pattern is: show\ ip\ int\ brief
DEBUG:netmiko:_read_channel_expect read_data: s
DEBUG:netmiko:_read_channel_expect read_data: s
DEBUG:netmiko:read_channel: 
DEBUG:netmiko:write_channel: b'show ip int brief\n'
DEBUG:netmiko:Pattern is: show\ ip\ int\ brief
DEBUG:netmiko:_read_channel_expect read_data: show
DEBUG:netmiko:read_channel: 
DEBUG:netmiko:write_channel: b'\n'
DEBUG:netmiko:read_channel: 
DEBUG:netmiko:write_channel: b'show ip int brief\n'
DEBUG:netmiko:Pattern is: show\ ip\ int\ brief
DEBUG:netmiko:_read_channel_expect read_data: s
DEBUG:netmiko:read_channel: 
DEBUG:netmiko:write_channel: b'show ip int brief\n'
DEBUG:netmiko:Pattern is: show\ ip\ int\ brief
DEBUG:netmiko:_read_channel_expect read_data: s
DEBUG:netmiko:_read_channel_expect read_data: how ip int brief
Interface              IP-Address      OK? Method Status                Protocol
FastEthernet0/0        192.168.230.1   YES NVRAM  up                    up      
FastEthernet1/0        unassigned      YES NVRAM  administratively down down    
FastEthernet1/1        unassigned      YES NVRAM  administratively down down    
FastEthernet2/0        unassigned      YES NVRAM  administratively down down    
FastEthernet2/1        unassigned      YES NVRAM  administratively down down    
FastEthernet3/0        123.123.1.17    YES NVRAM  up                    up      
FastEthernet3/1        unassigned      YES NVRAM  administratively down down    
Loopback161            161.161.161.161 YES NVRAM  up                    up      
Loopback162            162.162.162.162 YES NVRAM  up                    up      
Loopback163            163.163.163.163 YES NVRAM  up                    up      
Loopback164            164.164.164.164 YES NVRAM  up                    up      
Loopback165            165.165.165.165 YES NVRAM  up                    up      
Loopback166            166.166.166.166 YES NVRAM  up                    up      
Loopback167            167.167.167.167 YES NVRAM  up                    up      
Loopback168            168.168.168.168 YES NVRAM  up                    up      
Loopback169            169.169.169.169 YES NVRAM  up                    up      
Loopback190            190.1.1.7       YES NVRAM  up                    up      
CAMP-2#
DEBUG:netmiko:Pattern found: show\ ip\ int\ brief show ip int brief
Interface              IP-Address      OK? Method Status                Protocol
FastEthernet0/0        192.168.230.1   YES NVRAM  up                    up      
FastEthernet1/0        unassigned      YES NVRAM  administratively down down    
FastEthernet1/1        unassigned      YES NVRAM  administratively down down    
FastEthernet2/0        unassigned      YES NVRAM  administratively down down    
FastEthernet2/1        unassigned      YES NVRAM  administratively down down    
FastEthernet3/0        123.123.1.17    YES NVRAM  up                    up      
FastEthernet3/1        unassigned      YES NVRAM  administratively down down    
Loopback161            161.161.161.161 YES NVRAM  up                    up      
Loopback162            162.162.162.162 YES NVRAM  up                    up      
Loopback163            163.163.163.163 YES NVRAM  up                    up      
Loopback164            164.164.164.164 YES NVRAM  up                    up      
Loopback165            165.165.165.165 YES NVRAM  up                    up      
Loopback166            166.166.166.166 YES NVRAM  up                    up      
Loopback167            167.167.167.167 YES NVRAM  up                    up      
Loopback168            168.168.168.168 YES NVRAM  up                    up      
Loopback169            169.169.169.169 YES NVRAM  up                    up      
Loopback190            190.1.1.7       YES NVRAM  up                    up      
CAMP-2#
DEBUG:netmiko:read_channel: 
DEBUG:netmiko:write_channel: b'show ip int brief\n'
DEBUG:netmiko:Pattern is: show\ ip\ int\ brief
DEBUG:netmiko:_read_channel_expect read_data: s
DEBUG:netmiko:_read_channel_expect read_data: how ip int brief
Interface              IP-Address      OK? Method Status                Protocol
FastEthernet0/0        172.16.2.1      YES NVRAM  up                    up      
FastEthernet1/0        192.168.1.2     YES NVRAM  up                    up      
FastEthernet1/1        unassigned      YES NVRAM  administratively down down    
FastEthernet2/0        unassigned      YES NVRAM  administratively down down    
FastEthernet2/1        unassigned      YES NVRAM  administratively down down    
FastEthernet3/0        123.123.1.14    YES NVRAM  up                    up      
FastEthernet3/1        unassigned      YES NVRAM  administratively down down    
Loopback190            190.1.1.4       YES NVRAM  up                    up      
CR-R2#
DEBUG:netmiko:Pattern found: show\ ip\ int\ brief show ip int brief
Interface              IP-Address      OK? Method Status                Protocol
FastEthernet0/0        172.16.2.1      YES NVRAM  up                    up      
FastEthernet1/0        192.168.1.2     YES NVRAM  up                    up      
FastEthernet1/1        unassigned      YES NVRAM  administratively down down    
FastEthernet2/0        unassigned      YES NVRAM  administratively down down    
FastEthernet2/1        unassigned      YES NVRAM  administratively down down    
FastEthernet3/0        123.123.1.14    YES NVRAM  up                    up      
FastEthernet3/1        unassigned      YES NVRAM  administratively down down    
Loopback190            190.1.1.4       YES NVRAM  up                    up      
CR-R2#
DEBUG:netmiko:read_channel: 
DEBUG:netmiko:write_channel: b'show ip int brief\n'
DEBUG:netmiko:Pattern is: show\ ip\ int\ brief
DEBUG:netmiko:_read_channel_expect read_data: s
DEBUG:netmiko:_read_channel_expect read_data:  ip int brief
Interface              IP-Address      OK? Method Status                Protocol
FastEthernet0/0        192.188.188.1   YES NVRAM  up                    up      
FastEthernet1/0        unassigned      YES NVRAM  administratively down down    
FastEthernet1/1        unassigned      YES NVRAM  administratively down down    
FastEthernet2/0        unassigned      YES NVRAM  administratively down down    
FastEthernet2/1        unassigned      YES NVRAM  administratively down down    
FastEthernet3/0        123.123.1.18    YES NVRAM  up                    up      
FastEthernet3/1        unassigned      YES NVRAM  administratively down down    
Loopback171            171.171.171.171 YES NVRAM  up                    up      
Loopback172            172.172.172.172 YES NVRAM  up                    up      
Loopback173            173.173.173.173 YES NVRAM  up                    up      
Loopback174            174.174.174.174 YES NVRAM  up                    up      
Loopback175            175.175.175.175 YES NVRAM  up                    up      
Loopback176            176.176.176.176 YES NVRAM  up                    up      
Loopback177            177.177.177.177 YES NVRAM  up                    up      
Loopback178            178.178.178.178 YES NVRAM  up                    up      
Loopback179            179.179.179.179 YES NVRAM  up                    up      
Loopback180            180.180.180.180 YES NVRAM  up                    up      
Loopback181            181.181.181.181 YES NVRAM  up                    up      
Loopback182            182.182.182.182 YES NVRAM  up                    up      
Loopback183            183.183.183.183 YES NVRAM  up                    up      
Loopback184            184.184.184.184 YES NVRAM  up                    up      
Loopback185            185.185.185.185 YES NVRAM  up                    up      
Loopback186            186.186.186.186 YES NVRAM  up                    up      
Loopback188            188.188.188.188 YES NVRAM  up                    up      
Loopback189            189.189.189.189 YES NVRAM  up                    up      
Loopback190            190.1.1.8       YES NVRAM  up                    up      
SD-WN#
DEBUG:netmiko:Pattern found: show\ ip\ int\ brief show ip int brief
Interface              IP-Address      OK? Method Status                Protocol
FastEthernet0/0        192.188.188.1   YES NVRAM  up                    up      
FastEthernet1/0        unassigned      YES NVRAM  administratively down down    
FastEthernet1/1        unassigned      YES NVRAM  administratively down down    
FastEthernet2/0        unassigned      YES NVRAM  administratively down down    
FastEthernet2/1        unassigned      YES NVRAM  administratively down down    
FastEthernet3/0        123.123.1.18    YES NVRAM  up                    up      
FastEthernet3/1        unassigned      YES NVRAM  administratively down down    
Loopback171            171.171.171.171 YES NVRAM  up                    up      
Loopback172            172.172.172.172 YES NVRAM  up                    up      
Loopback173            173.173.173.173 YES NVRAM  up                    up      
Loopback174            174.174.174.174 YES NVRAM  up                    up      
Loopback175            175.175.175.175 YES NVRAM  up                    up      
Loopback176            176.176.176.176 YES NVRAM  up                    up      
Loopback177            177.177.177.177 YES NVRAM  up                    up      
Loopback178            178.178.178.178 YES NVRAM  up                    up      
Loopback179            179.179.179.179 YES NVRAM  up                    up      
Loopback180            180.180.180.180 YES NVRAM  up                    up      
Loopback181            181.181.181.181 YES NVRAM  up                    up      
Loopback182            182.182.182.182 YES NVRAM  up                    up      
Loopback183            183.183.183.183 YES NVRAM  up                    up      
Loopback184            184.184.184.184 YES NVRAM  up                    up      
Loopback185            185.185.185.185 YES NVRAM  up                    up      
Loopback186            186.186.186.186 YES NVRAM  up                    up      
Loopback188            188.188.188.188 YES NVRAM  up                    up      
Loopback189            189.189.189.189 YES NVRAM  up                    up      
Loopback190            190.1.1.8       YES NVRAM  up                    up      
SD-WN#
DEBUG:netmiko:read_channel: 
CAMP-1#
DEBUG:netmiko:_read_channel_expect read_data: how ip int brief
Interface              IP-Address      OK? Method Status                Protocol
FastEthernet0/0        172.16.1.1      YES NVRAM  up                    up      
FastEthernet1/0        192.168.1.1     YES NVRAM  up                    up      
FastEthernet1/1        unassigned      YES NVRAM  administratively down down    
FastEthernet2/0        unassigned      YES NVRAM  administratively down down    
FastEthernet2/1        unassigned      YES NVRAM  administratively down down    
FastEthernet3/0        123.123.1.13    YES NVRAM  up                    up      
FastEthernet3/1        unassigned      YES NVRAM  administratively down down    
Loopback190            190.1.1.3       YES NVRAM  up                    up      
CR-R1#
DEBUG:netmiko:Pattern found: show\ ip\ int\ brief show ip int brief
Interface              IP-Address      OK? Method Status                Protocol
FastEthernet0/0        172.16.1.1      YES NVRAM  up                    up      
FastEthernet1/0        192.168.1.1     YES NVRAM  up                    up      
FastEthernet1/1        unassigned      YES NVRAM  administratively down down    
FastEthernet2/0        unassigned      YES NVRAM  administratively down down    
FastEthernet2/1        unassigned      YES NVRAM  administratively down down    
FastEthernet3/0        123.123.1.13    YES NVRAM  up                    up      
FastEthernet3/1        unassigned      YES NVRAM  administratively down down    
Loopback190            190.1.1.3       YES NVRAM  up                    up      
CR-R1#
DEBUG:netmiko:_read_channel_expect read_data: how ip in
DEBUG:netmiko:read_channel: 
DEBUG:netmiko:write_channel: b'\n'
DEBUG:netmiko:_read_channel_expect read_data: how ip int brief
Interface              IP-Address      OK? Method Status                Protocol
FastEthernet0/0        172.16.2.2      YES NVRAM  up                    up      
FastEthernet1/0        unassigned      YES NVRAM  administratively down down    
FastEthernet1/1        unassigned      YES NVRAM  administratively down down    
FastEthernet2/0        unassigned      YES NVRAM  administratively down down    
FastEthernet2/1        unassigned      YES NVRAM  administratively down down    
FastEthernet3/0        123.123.1.12    YES NVRAM  up                    up      
FastEthernet3/1        unassigned      YES NVRAM  administratively down down    
Loopback2              2.2.2.2         YES NVRAM  up                    up      
Loopback22             22.22.22.22     YES NVRAM  up                    up      
Loopback190            190.1.1.2       YES NVRAM  up                    up      
Loopback200            100.100.100.100 YES NVRAM  up                    up      
Loopback202            202.202.202.202 YES NVRAM  up                    up      
Loopback220            220.220.220.220 YES NVRAM  up                    up      
Loopback222            222.222.222.222 YES NVRAM  up                    up      
B2#
DEBUG:netmiko:Pattern found: show\ ip\ int\ brief show ip int brief
Interface              IP-Address      OK? Method Status                Protocol
FastEthernet0/0        172.16.2.2      YES NVRAM  up                    up      
FastEthernet1/0        unassigned      YES NVRAM  administratively down down    
FastEthernet1/1        unassigned      YES NVRAM  administratively down down    
FastEthernet2/0        unassigned      YES NVRAM  administratively down down    
FastEthernet2/1        unassigned      YES NVRAM  administratively down down    
FastEthernet3/0        123.123.1.12    YES NVRAM  up                    up      
FastEthernet3/1        unassigned      YES NVRAM  administratively down down    
Loopback2              2.2.2.2         YES NVRAM  up                    up      
Loopback22             22.22.22.22     YES NVRAM  up                    up      
Loopback190            190.1.1.2       YES NVRAM  up                    up      
Loopback200            100.100.100.100 YES NVRAM  up                    up      
Loopback202            202.202.202.202 YES NVRAM  up                    up      
Loopback220            220.220.220.220 YES NVRAM  up                    up      
Loopback222            222.222.222.222 YES NVRAM  up                    up      
B2#
DEBUG:netmiko:read_channel: 
DEBUG:netmiko:write_channel: b'\n'
DEBUG:netmiko:_read_channel_expect read_data: how ip int brief
Interface              IP-Address      OK? Method Status                Protocol
FastEthernet0/0        192.168.250.1   YES NVRAM  up                    up      
FastEthernet1/0        unassigned      YES NVRAM  administratively down down    
FastEthernet1/1        unassigned      YES NVRAM  administratively down down    
FastEthernet2/0        unassigned      YES NVRAM  administratively down down    
FastEthernet2/1        unassigned      YES NVRAM  administratively down down    
FastEthernet3/0        123.123.1.19    YES NVRAM  up                    up      
FastEthernet3/1        unassigned      YES NVRAM  administratively down down    
Loopback190            190.1.1.9       YES NVRAM  up                    up      
Loopback191            191.191.191.191 YES NVRAM  up                    up      
Loopback192            192.192.192.192 YES NVRAM  up                    up      
Loopback193            193.193.193.193 YES NVRAM  up                    up      
Loopback194            194.194.194.194 YES NVRAM  up                    up      
Loopback195            195.195.195.195 YES NVRAM  up                    up      
Loopback196            196.196.196.196 YES NVRAM  up                    up      
Loopback199            199.199.199.199 YES NVRAM  up                    up      
DC#
DEBUG:netmiko:Pattern found: show\ ip\ int\ brief show ip int brief
Interface              IP-Address      OK? Method Status                Protocol
FastEthernet0/0        192.168.250.1   YES NVRAM  up                    up      
FastEthernet1/0        unassigned      YES NVRAM  administratively down down    
FastEthernet1/1        unassigned      YES NVRAM  administratively down down    
FastEthernet2/0        unassigned      YES NVRAM  administratively down down    
FastEthernet2/1        unassigned      YES NVRAM  administratively down down    
FastEthernet3/0        123.123.1.19    YES NVRAM  up                    up      
FastEthernet3/1        unassigned      YES NVRAM  administratively down down    
Loopback190            190.1.1.9       YES NVRAM  up                    up      
Loopback191            191.191.191.191 YES NVRAM  up                    up      
Loopback192            192.192.192.192 YES NVRAM  up                    up      
Loopback193            193.193.193.193 YES NVRAM  up                    up      
Loopback194            194.194.194.194 YES NVRAM  up                    up      
Loopback195            195.195.195.195 YES NVRAM  up                    up      
Loopback196            196.196.196.196 YES NVRAM  up                    up      
Loopback199            199.199.199.199 YES NVRAM  up                    up      
DC#
DEBUG:netmiko:read_channel: 
DEBUG:netmiko:write_channel: b'\n'
DEBUG:netmiko:read_channel: 
DEBUG:netmiko:write_channel: b'\n'
DEBUG:netmiko:_read_channel_expect read_data: t brief
Interface                  IP-Address      OK? Method Status                Protocol
FastEthernet0/0            123.123.1.15    YES NVRAM  up                    up      
FastEthernet0/1            unassigned      YES NVRAM  administratively down down    
FastEthernet1/0            unassigned      YES unset  up                    up      
FastEthernet1/1            unassigned      YES unset  up                    up      
FastEthernet1/2            unassigned      YES unset  up                    up      
FastEthernet1/3            unassigned      YES unset  up                    up      
FastEthernet1/4            unassigned      YES unset  up                    up      
FastEthernet1/5            unassigned      YES unset  up                    up      
FastEthernet1/6            unassigned      YES unset  up                    down    
FastEthernet1/7            unassigned      YES unset  up                    down    
FastEthernet1/8            unassigned      YES unset  up                    do
DEBUG:netmiko:Pattern found: show\ ip\ int\ brief show ip int brief
Interface                  IP-Address      OK? Method Status                Protocol
FastEthernet0/0            123.123.1.15    YES NVRAM  up                    up      
FastEthernet0/1            unassigned      YES NVRAM  administratively down down    
FastEthernet1/0            unassigned      YES unset  up                    up      
FastEthernet1/1            unassigned      YES unset  up                    up      
FastEthernet1/2            unassigned      YES unset  up                    up      
FastEthernet1/3            unassigned      YES unset  up                    up      
FastEthernet1/4            unassigned      YES unset  up                    up      
FastEthernet1/5            unassigned      YES unset  up                    up      
FastEthernet1/6            unassigned      YES unset  up                    down    
FastEthernet1/7            unassigned      YES unset  up                    down    
FastEthernet1/8            unassigned      YES unset  up                    do
DEBUG:netmiko:read_channel: 
CAMP-2#
DEBUG:netmiko:read_channel: 
DEBUG:netmiko:write_channel: b'\n'
DEBUG:netmiko:read_channel: 
CR-R2#
DEBUG:netmiko:read_channel: 
DEBUG:netmiko:write_channel: b'\n'
DEBUG:netmiko:read_channel: 
SD-WN#
DEBUG:netmiko:read_channel: 
DEBUG:netmiko:[find_prompt()]: prompt is CAMP-1#
DEBUG:netmiko:write_channel: b'\n'
DEBUG:netmiko:read_channel: 
CR-R1#
DEBUG:netmiko:read_channel: 
B2#
DEBUG:netmiko:read_channel: 
DC#
DEBUG:netmiko:read_channel: 
CAMP-1#
DEBUG:netmiko:read_channel: wn    
FastEthernet1/9            unassigned      YES unset  up                    down    
FastEthernet1/10           unassigned      YES unset  up                    down    
FastEthernet1/11           unassigned      YES unset  up                    down    
FastEthernet1/12           unassigned      YES unset  up                    down    
FastEthernet1/13           unassigned      YES unset  up                    down    
FastEthernet1/14           unassigned      YES unset  up                    down    
FastEthernet1/15           unassigned      YES unset  up                    down    
Vlan1                      unassigned      YES NVRAM  up                    down    
Vlan100                    192.168.1.100   YES NVRAM  up                    down    
Vlan200                    192.168.200.2   YES NVRAM  up                    down    
Vlan300                    192.168.230.2   YES NVRAM  up                    down    
Vlan400                    192.188.188.2   YES NVRAM  up                    down    
Vlan1000                   192.168.250.2   YES NVRAM  up                    down    
Loopback190                190.1.1.5       YES NVRAM  up                    up      
CR-SW1#
DEBUG:netmiko:read_channel: 
DEBUG:netmiko:[find_prompt()]: prompt is CAMP-2#
DEBUG:netmiko:write_channel: b'\n'
DEBUG:netmiko:read_channel: 
DEBUG:netmiko:[find_prompt()]: prompt is CR-R2#
DEBUG:netmiko:write_channel: b'\n'
DEBUG:netmiko:read_channel: 
DEBUG:netmiko:[find_prompt()]: prompt is SD-WN#
DEBUG:netmiko:write_channel: b'\n'
DEBUG:netmiko:read_channel: 
DEBUG:netmiko:read_channel: 
DEBUG:netmiko:[find_prompt()]: prompt is CR-R1#
DEBUG:netmiko:write_channel: b'\n'
DEBUG:netmiko:read_channel: 
DEBUG:netmiko:write_channel: b'\n'
DEBUG:netmiko:read_channel: 
CAMP-2#
DEBUG:netmiko:read_channel: 
DEBUG:netmiko:[find_prompt()]: prompt is B2#
DEBUG:netmiko:write_channel: b'\n'
DEBUG:netmiko:read_channel: 
CR-R2#
DEBUG:netmiko:read_channel: 
DEBUG:netmiko:[find_prompt()]: prompt is DC#
DEBUG:netmiko:write_channel: b'\n'
DEBUG:netmiko:read_channel: 
SD-WN#
DEBUG:netmiko:read_channel: 
CR-R1#
DEBUG:netmiko:read_channel: 
CR-SW1#
DEBUG:netmiko:read_channel: 
DEBUG:netmiko:read_channel: 
B2#
DEBUG:netmiko:read_channel: 
DEBUG:netmiko:read_channel: 
DC#
DEBUG:netmiko:read_channel: 
DEBUG:netmiko:read_channel: 
DEBUG:netmiko:read_channel: 
DEBUG:netmiko:read_channel: 
DEBUG:netmiko:read_channel: 
DEBUG:netmiko:[find_prompt()]: prompt is CR-SW1#
DEBUG:netmiko:write_channel: b'\n'
DEBUG:netmiko:read_channel: 
CR-SW1#
DEBUG:netmiko:read_channel: 
DEBUG:netmiko:read_channel: 
DEBUG:netmiko:write_channel: b'exit\n'
DEBUG:paramiko.transport:EOF in transport thread
DEBUG:netmiko:read_channel: 
DEBUG:netmiko:write_channel: b'exit\n'
DEBUG:netmiko:read_channel: 
DEBUG:netmiko:write_channel: b'exit\n'
DEBUG:paramiko.transport:EOF in transport thread
DEBUG:paramiko.transport:EOF in transport thread
DEBUG:netmiko:read_channel: 
DEBUG:netmiko:write_channel: b'exit\n'
DEBUG:paramiko.transport:EOF in transport thread
DEBUG:netmiko:read_channel: 
DEBUG:netmiko:write_channel: b'exit\n'
DEBUG:paramiko.transport:EOF in transport thread
DEBUG:netmiko:read_channel: 
DEBUG:netmiko:write_channel: b'exit\n'
DEBUG:paramiko.transport:EOF in transport thread
DEBUG:netmiko:read_channel: 
DEBUG:netmiko:write_channel: b'exit\n'
DEBUG:paramiko.transport:EOF in transport thread
DEBUG:netmiko:read_channel: 
DEBUG:netmiko:write_channel: b'exit\n'
DEBUG:paramiko.transport:starting thread (client mode): 0x716ebaf0
DEBUG:paramiko.transport:starting thread (client mode): 0x717024f0
DEBUG:paramiko.transport:starting thread (client mode): 0x716ebbb0
DEBUG:paramiko.transport:starting thread (client mode): 0x716ebc40
DEBUG:paramiko.transport:starting thread (client mode): 0x717028b0
DEBUG:paramiko.transport:starting thread (client mode): 0x716ebfd0
DEBUG:paramiko.transport:Local version/idstring: SSH-2.0-paramiko_2.7.1
DEBUG:paramiko.transport:Local version/idstring: SSH-2.0-paramiko_2.7.1
DEBUG:paramiko.transport:Local version/idstring: SSH-2.0-paramiko_2.7.1
DEBUG:paramiko.transport:Local version/idstring: SSH-2.0-paramiko_2.7.1
DEBUG:paramiko.transport:Local version/idstring: SSH-2.0-paramiko_2.7.1
DEBUG:paramiko.transport:Local version/idstring: SSH-2.0-paramiko_2.7.1
DEBUG:paramiko.transport:Remote version/idstring: SSH-1.99-Cisco-1.25
DEBUG:paramiko.transport:Remote version/idstring: SSH-2.0-Cisco-1.25
DEBUG:paramiko.transport:Remote version/idstring: SSH-2.0-Cisco-1.25
DEBUG:paramiko.transport:Remote version/idstring: SSH-2.0-Cisco-1.25
DEBUG:paramiko.transport:Remote version/idstring: SSH-1.99-Cisco-1.25
DEBUG:paramiko.transport:Remote version/idstring: SSH-2.0-Cisco-1.25
INFO:paramiko.transport:Connected (version 1.99, client Cisco-1.25)
INFO:paramiko.transport:Connected (version 2.0, client Cisco-1.25)
INFO:paramiko.transport:Connected (version 2.0, client Cisco-1.25)
INFO:paramiko.transport:Connected (version 2.0, client Cisco-1.25)
INFO:paramiko.transport:Connected (version 1.99, client Cisco-1.25)
INFO:paramiko.transport:Connected (version 2.0, client Cisco-1.25)
DEBUG:paramiko.transport:starting thread (client mode): 0x717021f0
DEBUG:paramiko.transport:Local version/idstring: SSH-2.0-paramiko_2.7.1
DEBUG:paramiko.transport:kex algos:['diffie-hellman-group-exchange-sha1', 'diffie-hellman-group14-sha1', 'diffie-hellman-group1-sha1'] server key:['ssh-rsa'] client encrypt:['aes128-cbc', '3des-cbc', 'aes192-cbc', 'aes256-cbc'] server encrypt:['aes128-cbc', '3des-cbc', 'aes192-cbc', 'aes256-cbc'] client mac:['hmac-sha1', 'hmac-sha1-96', 'hmac-md5', 'hmac-md5-96'] server mac:['hmac-sha1', 'hmac-sha1-96', 'hmac-md5', 'hmac-md5-96'] client compress:['none'] server compress:['none'] client lang:[''] server lang:[''] kex follows?False
DEBUG:paramiko.transport:Kex agreed: diffie-hellman-group-exchange-sha1
DEBUG:paramiko.transport:HostKey agreed: ssh-rsa
DEBUG:paramiko.transport:kex algos:['diffie-hellman-group1-sha1'] server key:['ssh-rsa'] client encrypt:['aes128-cbc', '3des-cbc', 'aes192-cbc', 'aes256-cbc'] server encrypt:['aes128-cbc', '3des-cbc', 'aes192-cbc', 'aes256-cbc'] client mac:['hmac-sha1', 'hmac-sha1-96', 'hmac-md5', 'hmac-md5-96'] server mac:['hmac-sha1', 'hmac-sha1-96', 'hmac-md5', 'hmac-md5-96'] client compress:['none'] server compress:['none'] client lang:[''] server lang:[''] kex follows?False
DEBUG:paramiko.transport:Cipher agreed: aes128-cbc
DEBUG:paramiko.transport:Kex agreed: diffie-hellman-group1-sha1
DEBUG:paramiko.transport:MAC agreed: hmac-sha1
DEBUG:paramiko.transport:HostKey agreed: ssh-rsa
DEBUG:paramiko.transport:Compression agreed: none
DEBUG:paramiko.transport:Cipher agreed: aes128-cbc
DEBUG:paramiko.transport:MAC agreed: hmac-sha1
DEBUG:paramiko.transport:Compression agreed: none
DEBUG:paramiko.transport:kex algos:['diffie-hellman-group-exchange-sha1', 'diffie-hellman-group14-sha1', 'diffie-hellman-group1-sha1'] server key:['ssh-rsa'] client encrypt:['aes128-cbc', '3des-cbc', 'aes192-cbc', 'aes256-cbc'] server encrypt:['aes128-cbc', '3des-cbc', 'aes192-cbc', 'aes256-cbc'] client mac:['hmac-sha1', 'hmac-sha1-96', 'hmac-md5', 'hmac-md5-96'] server mac:['hmac-sha1', 'hmac-sha1-96', 'hmac-md5', 'hmac-md5-96'] client compress:['none'] server compress:['none'] client lang:[''] server lang:[''] kex follows?False
DEBUG:paramiko.transport:Kex agreed: diffie-hellman-group-exchange-sha1
DEBUG:paramiko.transport:HostKey agreed: ssh-rsa
DEBUG:paramiko.transport:Cipher agreed: aes128-cbc
DEBUG:paramiko.transport:MAC agreed: hmac-sha1
DEBUG:paramiko.transport:Compression agreed: none
DEBUG:paramiko.transport:kex algos:['diffie-hellman-group1-sha1'] server key:['ssh-rsa'] client encrypt:['aes128-cbc', '3des-cbc', 'aes192-cbc', 'aes256-cbc'] server encrypt:['aes128-cbc', '3des-cbc', 'aes192-cbc', 'aes256-cbc'] client mac:['hmac-sha1', 'hmac-sha1-96', 'hmac-md5', 'hmac-md5-96'] server mac:['hmac-sha1', 'hmac-sha1-96', 'hmac-md5', 'hmac-md5-96'] client compress:['none'] server compress:['none'] client lang:[''] server lang:[''] kex follows?False
DEBUG:paramiko.transport:Kex agreed: diffie-hellman-group1-sha1
DEBUG:paramiko.transport:HostKey agreed: ssh-rsa
DEBUG:paramiko.transport:starting thread (client mode): 0x716f6e50
DEBUG:paramiko.transport:Cipher agreed: aes128-cbc
DEBUG:paramiko.transport:starting thread (client mode): 0x716ebb80
DEBUG:paramiko.transport:kex algos:['diffie-hellman-group-exchange-sha1', 'diffie-hellman-group14-sha1', 'diffie-hellman-group1-sha1'] server key:['ssh-rsa'] client encrypt:['aes128-cbc', '3des-cbc', 'aes192-cbc', 'aes256-cbc'] server encrypt:['aes128-cbc', '3des-cbc', 'aes192-cbc', 'aes256-cbc'] client mac:['hmac-sha1', 'hmac-sha1-96', 'hmac-md5', 'hmac-md5-96'] server mac:['hmac-sha1', 'hmac-sha1-96', 'hmac-md5', 'hmac-md5-96'] client compress:['none'] server compress:['none'] client lang:[''] server lang:[''] kex follows?False
DEBUG:paramiko.transport:Kex agreed: diffie-hellman-group-exchange-sha1
DEBUG:paramiko.transport:Local version/idstring: SSH-2.0-paramiko_2.7.1
DEBUG:paramiko.transport:Local version/idstring: SSH-2.0-paramiko_2.7.1
DEBUG:paramiko.transport:HostKey agreed: ssh-rsa
DEBUG:paramiko.transport:MAC agreed: hmac-sha1
DEBUG:paramiko.transport:Cipher agreed: aes128-cbc
DEBUG:paramiko.transport:Compression agreed: none
DEBUG:paramiko.transport:MAC agreed: hmac-sha1
DEBUG:paramiko.transport:Compression agreed: none
DEBUG:paramiko.transport:Remote version/idstring: SSH-2.0-Cisco-1.25
DEBUG:paramiko.transport:Remote version/idstring: SSH-2.0-Cisco-1.25
INFO:paramiko.transport:Connected (version 2.0, client Cisco-1.25)
INFO:paramiko.transport:Connected (version 2.0, client Cisco-1.25)
DEBUG:paramiko.transport:kex algos:['diffie-hellman-group-exchange-sha1', 'diffie-hellman-group14-sha1', 'diffie-hellman-group1-sha1'] server key:['ssh-rsa'] client encrypt:['aes128-cbc', '3des-cbc', 'aes192-cbc', 'aes256-cbc'] server encrypt:['aes128-cbc', '3des-cbc', 'aes192-cbc', 'aes256-cbc'] client mac:['hmac-sha1', 'hmac-sha1-96', 'hmac-md5', 'hmac-md5-96'] server mac:['hmac-sha1', 'hmac-sha1-96', 'hmac-md5', 'hmac-md5-96'] client compress:['none'] server compress:['none'] client lang:[''] server lang:[''] kex follows?False
DEBUG:paramiko.transport:Kex agreed: diffie-hellman-group-exchange-sha1
DEBUG:paramiko.transport:HostKey agreed: ssh-rsa
DEBUG:paramiko.transport:Cipher agreed: aes128-cbc
DEBUG:paramiko.transport:MAC agreed: hmac-sha1
DEBUG:paramiko.transport:Compression agreed: none
DEBUG:paramiko.transport:kex algos:['diffie-hellman-group-exchange-sha1', 'diffie-hellman-group14-sha1', 'diffie-hellman-group1-sha1'] server key:['ssh-rsa'] client encrypt:['aes128-cbc', '3des-cbc', 'aes192-cbc', 'aes256-cbc'] server encrypt:['aes128-cbc', '3des-cbc', 'aes192-cbc', 'aes256-cbc'] client mac:['hmac-sha1', 'hmac-sha1-96', 'hmac-md5', 'hmac-md5-96'] server mac:['hmac-sha1', 'hmac-sha1-96', 'hmac-md5', 'hmac-md5-96'] client compress:['none'] server compress:['none'] client lang:[''] server lang:[''] kex follows?False
DEBUG:paramiko.transport:kex algos:['diffie-hellman-group-exchange-sha1', 'diffie-hellman-group14-sha1', 'diffie-hellman-group1-sha1'] server key:['ssh-rsa'] client encrypt:['aes128-cbc', '3des-cbc', 'aes192-cbc', 'aes256-cbc'] server encrypt:['aes128-cbc', '3des-cbc', 'aes192-cbc', 'aes256-cbc'] client mac:['hmac-sha1', 'hmac-sha1-96', 'hmac-md5', 'hmac-md5-96'] server mac:['hmac-sha1', 'hmac-sha1-96', 'hmac-md5', 'hmac-md5-96'] client compress:['none'] server compress:['none'] client lang:[''] server lang:[''] kex follows?False
DEBUG:paramiko.transport:Remote version/idstring: SSH-2.0-Cisco-1.25
INFO:paramiko.transport:Connected (version 2.0, client Cisco-1.25)
DEBUG:paramiko.transport:Kex agreed: diffie-hellman-group-exchange-sha1
DEBUG:paramiko.transport:Kex agreed: diffie-hellman-group-exchange-sha1
DEBUG:paramiko.transport:HostKey agreed: ssh-rsa
DEBUG:paramiko.transport:HostKey agreed: ssh-rsa
DEBUG:paramiko.transport:Cipher agreed: aes128-cbc
DEBUG:paramiko.transport:MAC agreed: hmac-sha1
DEBUG:paramiko.transport:Cipher agreed: aes128-cbc
DEBUG:paramiko.transport:Compression agreed: none
DEBUG:paramiko.transport:MAC agreed: hmac-sha1
DEBUG:paramiko.transport:Compression agreed: none
DEBUG:paramiko.transport:Got server p (2048 bits)
DEBUG:paramiko.transport:kex algos:['diffie-hellman-group-exchange-sha1', 'diffie-hellman-group14-sha1', 'diffie-hellman-group1-sha1'] server key:['ssh-rsa'] client encrypt:['aes128-cbc', '3des-cbc', 'aes192-cbc', 'aes256-cbc'] server encrypt:['aes128-cbc', '3des-cbc', 'aes192-cbc', 'aes256-cbc'] client mac:['hmac-sha1', 'hmac-sha1-96', 'hmac-md5', 'hmac-md5-96'] server mac:['hmac-sha1', 'hmac-sha1-96', 'hmac-md5', 'hmac-md5-96'] client compress:['none'] server compress:['none'] client lang:[''] server lang:[''] kex follows?False
DEBUG:paramiko.transport:Got server p (2048 bits)
DEBUG:paramiko.transport:Kex agreed: diffie-hellman-group-exchange-sha1
DEBUG:paramiko.transport:HostKey agreed: ssh-rsa
DEBUG:paramiko.transport:Cipher agreed: aes128-cbc
DEBUG:paramiko.transport:MAC agreed: hmac-sha1
DEBUG:paramiko.transport:Compression agreed: none
DEBUG:paramiko.transport:Got server p (2048 bits)
DEBUG:paramiko.transport:Got server p (2048 bits)
DEBUG:paramiko.transport:Got server p (2048 bits)
DEBUG:paramiko.transport:Got server p (2048 bits)
DEBUG:paramiko.transport:Got server p (2048 bits)
DEBUG:paramiko.transport:kex engine KexGroup1 specified hash_algo <built-in function openssl_sha1>
DEBUG:paramiko.transport:kex engine KexGex specified hash_algo <built-in function openssl_sha1>
DEBUG:paramiko.transport:Switch to new keys ...
DEBUG:paramiko.transport:Switch to new keys ...
DEBUG:paramiko.transport:kex engine KexGroup1 specified hash_algo <built-in function openssl_sha1>
DEBUG:paramiko.transport:kex engine KexGex specified hash_algo <built-in function openssl_sha1>
DEBUG:paramiko.transport:Switch to new keys ...
DEBUG:paramiko.transport:Switch to new keys ...
DEBUG:paramiko.transport:Adding ssh-rsa host key for 123.123.1.15: b'15c19f48f5899b154df7a80698b56034'
DEBUG:paramiko.transport:Adding ssh-rsa host key for 123.123.1.11: b'21d1094a344929c9eca5703098b9e67a'
DEBUG:paramiko.transport:Adding ssh-rsa host key for 123.123.1.16: b'1c85ef063bd93c1565f4826bb82f26fd'
DEBUG:paramiko.transport:Adding ssh-rsa host key for 123.123.1.17: b'7aea8ef985ee2a4c9521fd46af50ff9c'
DEBUG:paramiko.transport:kex engine KexGex specified hash_algo <built-in function openssl_sha1>
DEBUG:paramiko.transport:Switch to new keys ...
DEBUG:paramiko.transport:Adding ssh-rsa host key for 123.123.1.14: b'7aea766b56198c00a915d0a620f89c87'
DEBUG:paramiko.transport:userauth is OK
DEBUG:paramiko.transport:kex engine KexGex specified hash_algo <built-in function openssl_sha1>
DEBUG:paramiko.transport:kex engine KexGex specified hash_algo <built-in function openssl_sha1>
DEBUG:paramiko.transport:Switch to new keys ...
DEBUG:paramiko.transport:Switch to new keys ...
DEBUG:paramiko.transport:Adding ssh-rsa host key for 123.123.1.12: b'f05d3c38c9d8395c49a0fc3423174fdc'
DEBUG:paramiko.transport:Adding ssh-rsa host key for 123.123.1.18: b'a4da7fb29dcdd65dd80304f489202085'
INFO:paramiko.transport:Authentication (password) successful!
DEBUG:paramiko.transport:[chan 0] Max packet in: 32768 bytes
DEBUG:paramiko.transport:userauth is OK
DEBUG:paramiko.transport:[chan 0] Max packet out: 4096 bytes
DEBUG:paramiko.transport:Secsh channel 0 opened.
DEBUG:paramiko.transport:[chan 0] Sesch channel 0 request ok
DEBUG:paramiko.transport:userauth is OK
DEBUG:paramiko.transport:kex engine KexGex specified hash_algo <built-in function openssl_sha1>
DEBUG:paramiko.transport:kex engine KexGex specified hash_algo <built-in function openssl_sha1>
DEBUG:paramiko.transport:Switch to new keys ...
DEBUG:paramiko.transport:Switch to new keys ...
DEBUG:paramiko.transport:Adding ssh-rsa host key for 123.123.1.13: b'cec2a3a33e83b6b9222dbc0e408ca84e'
DEBUG:paramiko.transport:Adding ssh-rsa host key for 123.123.1.19: b'08ddefb1f4824b884799501ba0cfadd8'
DEBUG:paramiko.transport:[chan 0] Sesch channel 0 request ok
DEBUG:paramiko.transport:userauth is OK
INFO:paramiko.transport:Authentication (password) successful!
DEBUG:paramiko.transport:[chan 0] Max packet in: 32768 bytes
DEBUG:paramiko.transport:[chan 0] Max packet out: 4096 bytes
DEBUG:paramiko.transport:Secsh channel 0 opened.
DEBUG:paramiko.transport:userauth is OK
INFO:paramiko.transport:Authentication (password) successful!
DEBUG:paramiko.transport:[chan 0] Max packet in: 32768 bytes
DEBUG:paramiko.transport:[chan 0] Sesch channel 0 request ok
DEBUG:paramiko.transport:[chan 0] Max packet out: 4096 bytes
DEBUG:paramiko.transport:Secsh channel 0 opened.
DEBUG:paramiko.transport:[chan 0] Sesch channel 0 request ok
INFO:paramiko.transport:Authentication (password) successful!
DEBUG:paramiko.transport:[chan 0] Max packet in: 32768 bytes
DEBUG:paramiko.transport:[chan 0] Sesch channel 0 request ok
DEBUG:paramiko.transport:[chan 0] Max packet out: 4096 bytes
DEBUG:paramiko.transport:Secsh channel 0 opened.
DEBUG:paramiko.transport:[chan 0] Sesch channel 0 request ok
DEBUG:paramiko.transport:[chan 0] Sesch channel 0 request ok
DEBUG:paramiko.transport:[chan 0] Sesch channel 0 request ok
DEBUG:paramiko.transport:userauth is OK
DEBUG:paramiko.transport:userauth is OK
INFO:paramiko.transport:Authentication (password) successful!
DEBUG:paramiko.transport:[chan 0] Max packet in: 32768 bytes
DEBUG:paramiko.transport:[chan 0] Max packet out: 4096 bytes
DEBUG:paramiko.transport:Secsh channel 0 opened.
INFO:paramiko.transport:Authentication (password) successful!
DEBUG:paramiko.transport:[chan 0] Max packet in: 32768 bytes
DEBUG:paramiko.transport:[chan 0] Max packet out: 4096 bytes
DEBUG:paramiko.transport:Secsh channel 0 opened.
DEBUG:paramiko.transport:[chan 0] Sesch channel 0 request ok
DEBUG:paramiko.transport:[chan 0] Sesch channel 0 request ok
DEBUG:paramiko.transport:userauth is OK
DEBUG:paramiko.transport:[chan 0] Sesch channel 0 request ok
INFO:paramiko.transport:Authentication (password) successful!
DEBUG:paramiko.transport:[chan 0] Max packet in: 32768 bytes
DEBUG:paramiko.transport:[chan 0] Max packet out: 4096 bytes
DEBUG:paramiko.transport:Secsh channel 0 opened.
DEBUG:paramiko.transport:[chan 0] Sesch channel 0 request ok
DEBUG:paramiko.transport:[chan 0] Sesch channel 0 request ok
DEBUG:paramiko.transport:[chan 0] Sesch channel 0 request ok
DEBUG:paramiko.transport:userauth is OK
INFO:paramiko.transport:Authentication (password) successful!
DEBUG:paramiko.transport:[chan 0] Max packet in: 32768 bytes
DEBUG:paramiko.transport:[chan 0] Max packet out: 4096 bytes
DEBUG:paramiko.transport:Secsh channel 0 opened.
DEBUG:paramiko.transport:[chan 0] Sesch channel 0 request ok
DEBUG:paramiko.transport:[chan 0] Sesch channel 0 request ok
DEBUG:netmiko:read_channel: 
CR-SW1>
DEBUG:netmiko:read_channel: 
CAMP-2>
DEBUG:netmiko:read_channel: 
CAMP-1>
DEBUG:netmiko:read_channel: 
CR-R2>
DEBUG:netmiko:read_channel: 
DEBUG:netmiko:read_channel: 
DEBUG:netmiko:read_channel: 
DEBUG:netmiko:read_channel: 
DEBUG:netmiko:read_channel: 
SD-WN>
DEBUG:netmiko:read_channel: Only Authorized Users granted. Unauthorized access prohibited!
B2>
DEBUG:netmiko:read_channel: 
DC>
DEBUG:netmiko:read_channel: 
DEBUG:netmiko:read_channel: 
CR-R1>
DEBUG:netmiko:read_channel: 
DEBUG:netmiko:read_channel: 
DEBUG:netmiko:read_channel: 
INFO:paramiko.transport:Authentication (password) failed.
DEBUG:paramiko.transport:EOF in transport thread
DEBUG:netmiko:read_channel: 
DEBUG:netmiko:read_channel: 
DEBUG:netmiko:read_channel: 
DEBUG:netmiko:read_channel: 
DEBUG:netmiko:read_channel: 
DEBUG:netmiko:write_channel: b'\n'
DEBUG:netmiko:read_channel: 
DEBUG:netmiko:write_channel: b'\n'
DEBUG:netmiko:read_channel: 
DEBUG:netmiko:write_channel: b'\n'
DEBUG:netmiko:read_channel: 
DEBUG:netmiko:write_channel: b'\n'
DEBUG:netmiko:read_channel: 
CR-SW1>
DEBUG:netmiko:read_channel: 
CAMP-2>
DEBUG:netmiko:read_channel: 
CAMP-1>
DEBUG:netmiko:read_channel: 
DEBUG:netmiko:read_channel: 
CR-R2>
DEBUG:netmiko:read_channel: 
DEBUG:netmiko:read_channel: 
DEBUG:netmiko:read_channel: 
DEBUG:netmiko:write_channel: b'\n'
DEBUG:netmiko:read_channel: 
DEBUG:netmiko:read_channel: 
DEBUG:netmiko:[find_prompt()]: prompt is CR-SW1>
DEBUG:netmiko:read_channel: 
DEBUG:netmiko:write_channel: b'\n'
DEBUG:netmiko:read_channel: 
DEBUG:netmiko:write_channel: b'\n'
DEBUG:netmiko:read_channel: 
DEBUG:netmiko:[find_prompt()]: prompt is CAMP-2>
DEBUG:netmiko:read_channel: 
DEBUG:netmiko:[find_prompt()]: prompt is CAMP-1>
DEBUG:netmiko:read_channel: 
SD-WN>
DEBUG:netmiko:read_channel: 
DEBUG:netmiko:[find_prompt()]: prompt is CR-R2>
DEBUG:netmiko:read_channel: 
DEBUG:netmiko:write_channel: b'\n'
DEBUG:netmiko:read_channel: 
B2>
DEBUG:netmiko:read_channel: 
DC>
DEBUG:netmiko:read_channel: 
CR-R1>
DEBUG:netmiko:read_channel: 
DEBUG:netmiko:In disable_paging
DEBUG:netmiko:Command: terminal length 0

DEBUG:netmiko:write_channel: b'terminal length 0\n'
DEBUG:netmiko:Pattern is: CR\-SW1
DEBUG:netmiko:_read_channel_expect read_data: t
DEBUG:netmiko:read_channel: 
DEBUG:netmiko:In disable_paging
DEBUG:netmiko:Command: terminal length 0

DEBUG:netmiko:write_channel: b'terminal length 0\n'
DEBUG:netmiko:Pattern is: CAMP\-2
DEBUG:netmiko:_read_channel_expect read_data: t
DEBUG:netmiko:read_channel: 
DEBUG:netmiko:In disable_paging
DEBUG:netmiko:Command: terminal length 0

DEBUG:netmiko:write_channel: b'terminal length 0\n'
DEBUG:netmiko:Pattern is: CAMP\-1
DEBUG:netmiko:_read_channel_expect read_data: term
DEBUG:netmiko:read_channel: 
DEBUG:netmiko:[find_prompt()]: prompt is SD-WN>
DEBUG:netmiko:read_channel: 
DEBUG:netmiko:In disable_paging
DEBUG:netmiko:Command: terminal length 0

DEBUG:netmiko:write_channel: b'terminal length 0\n'
DEBUG:netmiko:Pattern is: CR\-R2
DEBUG:netmiko:_read_channel_expect read_data: t
DEBUG:netmiko:_read_channel_expect read_data: erminal l
DEBUG:netmiko:read_channel: 
DEBUG:netmiko:[find_prompt()]: prompt is B2>
DEBUG:netmiko:read_channel: 
DEBUG:netmiko:[find_prompt()]: prompt is DC>
DEBUG:netmiko:_read_channel_expect read_data: erminal length 0
CAMP-2>
DEBUG:netmiko:Pattern found: CAMP\-2 terminal length 0
CAMP-2>
DEBUG:netmiko:terminal length 0
CAMP-2>
DEBUG:netmiko:Exiting disable_paging
DEBUG:netmiko:write_channel: b'terminal width 511\n'
DEBUG:netmiko:Pattern is: CAMP\-2
DEBUG:netmiko:_read_channel_expect read_data: t
DEBUG:netmiko:_read_channel_expect read_data: inal length 0
CAMP-1>
DEBUG:netmiko:Pattern found: CAMP\-1 terminal length 0
CAMP-1>
DEBUG:netmiko:terminal length 0
CAMP-1>
DEBUG:netmiko:Exiting disable_paging
DEBUG:netmiko:write_channel: b'terminal width 511\n'
DEBUG:netmiko:Pattern is: CAMP\-1
DEBUG:netmiko:_read_channel_expect read_data: term
DEBUG:netmiko:_read_channel_expect read_data: erminal length 0
CR-R2>
DEBUG:netmiko:Pattern found: CR\-R2 terminal length 0
CR-R2>
DEBUG:netmiko:terminal length 0
CR-R2>
DEBUG:netmiko:Exiting disable_paging
DEBUG:netmiko:write_channel: b'terminal width 511\n'
DEBUG:netmiko:Pattern is: CR\-R2
DEBUG:netmiko:_read_channel_expect read_data: t
DEBUG:netmiko:read_channel: 
DEBUG:netmiko:[find_prompt()]: prompt is CR-R1>
DEBUG:netmiko:_read_channel_expect read_data: ength 0
CR-SW1>
DEBUG:netmiko:Pattern found: CR\-SW1 terminal length 0
CR-SW1>
DEBUG:netmiko:terminal length 0
CR-SW1>
DEBUG:netmiko:Exiting disable_paging
DEBUG:netmiko:write_channel: b'terminal width 511\n'
DEBUG:netmiko:Pattern is: CR\-SW1
DEBUG:netmiko:_read_channel_expect read_data: t
DEBUG:netmiko:_read_channel_expect read_data: erminal width 511
CAMP-2>
DEBUG:netmiko:Pattern found: CAMP\-2 terminal width 511
CAMP-2>
DEBUG:netmiko:read_channel: 
DEBUG:netmiko:In disable_paging
DEBUG:netmiko:Command: terminal length 0

DEBUG:netmiko:write_channel: b'terminal length 0\n'
DEBUG:netmiko:Pattern is: SD\-WN
DEBUG:netmiko:_read_channel_expect read_data: inal width 511
CAMP-1>
DEBUG:netmiko:Pattern found: CAMP\-1 terminal width 511
CAMP-1>
DEBUG:netmiko:_read_channel_expect read_data: t
DEBUG:netmiko:_read_channel_expect read_data: erminal width 511
CR-R2>
DEBUG:netmiko:Pattern found: CR\-R2 terminal width 511
CR-R2>
DEBUG:netmiko:_read_channel_expect read_data: erminal w
DEBUG:netmiko:read_channel: 
DEBUG:netmiko:In disable_paging
DEBUG:netmiko:Command: terminal length 0

DEBUG:netmiko:write_channel: b'terminal length 0\n'
DEBUG:netmiko:Pattern is: B2
DEBUG:netmiko:_read_channel_expect read_data: t
DEBUG:netmiko:read_channel: 
DEBUG:netmiko:In disable_paging
DEBUG:netmiko:Command: terminal length 0

DEBUG:netmiko:write_channel: b'terminal length 0\n'
DEBUG:netmiko:Pattern is: DC
DEBUG:netmiko:_read_channel_expect read_data: ter
DEBUG:netmiko:_read_channel_expect read_data: erminal length 0
SD-WN>
DEBUG:netmiko:Pattern found: SD\-WN terminal length 0
SD-WN>
DEBUG:netmiko:terminal length 0
SD-WN>
DEBUG:netmiko:Exiting disable_paging
DEBUG:netmiko:write_channel: b'terminal width 511\n'
DEBUG:netmiko:Pattern is: SD\-WN
DEBUG:netmiko:_read_channel_expect read_data: t
DEBUG:netmiko:read_channel: 
DEBUG:netmiko:In disable_paging
DEBUG:netmiko:Command: terminal length 0

DEBUG:netmiko:write_channel: b'terminal length 0\n'
DEBUG:netmiko:Pattern is: CR\-R1
DEBUG:netmiko:_read_channel_expect read_data: termin
DEBUG:netmiko:_read_channel_expect read_data: idth 511
CR-SW1>
DEBUG:netmiko:Pattern found: CR\-SW1 terminal width 511
CR-SW1>
DEBUG:netmiko:_read_channel_expect read_data: erminal length 0
B2>
DEBUG:netmiko:Pattern found: B2 terminal length 0
B2>
DEBUG:netmiko:terminal length 0
B2>
DEBUG:netmiko:Exiting disable_paging
DEBUG:netmiko:write_channel: b'terminal width 511\n'
DEBUG:netmiko:Pattern is: B2
DEBUG:netmiko:_read_channel_expect read_data: t
DEBUG:netmiko:_read_channel_expect read_data: minal length 0
DC>
DEBUG:netmiko:Pattern found: DC terminal length 0
DC>
DEBUG:netmiko:terminal length 0
DC>
DEBUG:netmiko:Exiting disable_paging
DEBUG:netmiko:write_channel: b'terminal width 511\n'
DEBUG:netmiko:Pattern is: DC
DEBUG:netmiko:_read_channel_expect read_data: t
DEBUG:netmiko:_read_channel_expect read_data: erminal width 511
SD-WN>
DEBUG:netmiko:Pattern found: SD\-WN terminal width 511
SD-WN>
DEBUG:netmiko:_read_channel_expect read_data: al length 0
CR-R1>
DEBUG:netmiko:Pattern found: CR\-R1 terminal length 0
CR-R1>
DEBUG:netmiko:terminal length 0
CR-R1>
DEBUG:netmiko:Exiting disable_paging
DEBUG:netmiko:write_channel: b'terminal width 511\n'
DEBUG:netmiko:Pattern is: CR\-R1
DEBUG:netmiko:_read_channel_expect read_data: t
DEBUG:netmiko:_read_channel_expect read_data: erminal width 511
B2>
DEBUG:netmiko:Pattern found: B2 terminal width 511
B2>
DEBUG:netmiko:_read_channel_expect read_data: erminal width 511
DC>
DEBUG:netmiko:Pattern found: DC terminal width 511
DC>
DEBUG:netmiko:_read_channel_expect read_data: erminal width 511
CR-R1>
DEBUG:netmiko:Pattern found: CR\-R1 terminal width 511
CR-R1>
DEBUG:netmiko:read_channel: 
DEBUG:netmiko:write_channel: b'\n'
DEBUG:netmiko:Pattern is: CAMP\-2
DEBUG:netmiko:_read_channel_expect read_data: 

DEBUG:netmiko:read_channel: 
DEBUG:netmiko:write_channel: b'\n'
DEBUG:netmiko:Pattern is: CAMP\-1
DEBUG:netmiko:_read_channel_expect read_data: 

DEBUG:netmiko:read_channel: 
DEBUG:netmiko:write_channel: b'\n'
DEBUG:netmiko:Pattern is: CR\-R2
DEBUG:netmiko:_read_channel_expect read_data: 

DEBUG:netmiko:_read_channel_expect read_data: CAMP-2>
DEBUG:netmiko:Pattern found: CAMP\-2 
CAMP-2>
DEBUG:netmiko:write_channel: b'enable\n'
DEBUG:netmiko:Pattern is: (CAMP\-2|ssword)
DEBUG:netmiko:_read_channel_expect read_data: e
DEBUG:netmiko:_read_channel_expect read_data: CAMP-1>
DEBUG:netmiko:Pattern found: CAMP\-1 
CAMP-1>
DEBUG:netmiko:write_channel: b'enable\n'
DEBUG:netmiko:Pattern is: (CAMP\-1|ssword)
DEBUG:netmiko:_read_channel_expect read_data: enabl
DEBUG:netmiko:_read_channel_expect read_data: CR-R2>
DEBUG:netmiko:Pattern found: CR\-R2 
CR-R2>
DEBUG:netmiko:write_channel: b'enable\n'
DEBUG:netmiko:Pattern is: (CR\-R2|ssword)
DEBUG:netmiko:_read_channel_expect read_data: e
DEBUG:netmiko:read_channel: 
DEBUG:netmiko:write_channel: b'\n'
DEBUG:netmiko:Pattern is: CR\-SW1
DEBUG:netmiko:_read_channel_expect read_data: 

DEBUG:netmiko:_read_channel_expect read_data: nable
Password: 
DEBUG:netmiko:Pattern found: (CAMP\-2|ssword) enable
Password: 
DEBUG:netmiko:write_channel: b'cisco\n'
DEBUG:netmiko:Pattern is: CAMP\-2
DEBUG:netmiko:_read_channel_expect read_data: e
Password: 
DEBUG:netmiko:Pattern found: (CAMP\-1|ssword) enable
Password: 
DEBUG:netmiko:write_channel: b'cisco\n'
DEBUG:netmiko:Pattern is: CAMP\-1
DEBUG:netmiko:_read_channel_expect read_data: 
CAMP-2#
DEBUG:netmiko:Pattern found: CAMP\-2 
CAMP-2#
DEBUG:netmiko:write_channel: b'\n'
DEBUG:netmiko:Pattern is: CAMP\-2
DEBUG:netmiko:read_channel: 
DEBUG:netmiko:write_channel: b'\n'
DEBUG:netmiko:Pattern is: SD\-WN
DEBUG:netmiko:_read_channel_expect read_data: 

DEBUG:netmiko:_read_channel_expect read_data: 

DEBUG:netmiko:_read_channel_expect read_data: nable
Password: 
DEBUG:netmiko:Pattern found: (CR\-R2|ssword) enable
Password: 
DEBUG:netmiko:write_channel: b'cisco\n'
DEBUG:netmiko:Pattern is: CR\-R2
DEBUG:netmiko:_read_channel_expect read_data: 
CAMP-1#
DEBUG:netmiko:Pattern found: CAMP\-1 
CAMP-1#
DEBUG:netmiko:write_channel: b'\n'
DEBUG:netmiko:Pattern is: CAMP\-1
DEBUG:netmiko:_read_channel_expect read_data: 

DEBUG:netmiko:_read_channel_expect read_data: 
CR-R2#
DEBUG:netmiko:Pattern found: CR\-R2 
CR-R2#
DEBUG:netmiko:write_channel: b'\n'
DEBUG:netmiko:Pattern is: CR\-R2
DEBUG:netmiko:_read_channel_expect read_data: 

DEBUG:netmiko:_read_channel_expect read_data: CR-SW1>
DEBUG:netmiko:Pattern found: CR\-SW1 
CR-SW1>
DEBUG:netmiko:write_channel: b'enable\n'
DEBUG:netmiko:Pattern is: (CR\-SW1|ssword)
DEBUG:netmiko:_read_channel_expect read_data: e
DEBUG:netmiko:read_channel: 
DEBUG:netmiko:write_channel: b'\n'
DEBUG:netmiko:Pattern is: B2
DEBUG:netmiko:_read_channel_expect read_data: 
B2>
DEBUG:netmiko:Pattern found: B2 
B2>
DEBUG:netmiko:write_channel: b'enable\n'
DEBUG:netmiko:Pattern is: (B2|ssword)
DEBUG:netmiko:read_channel: 
DEBUG:netmiko:write_channel: b'\n'
DEBUG:netmiko:Pattern is: DC
DEBUG:netmiko:_read_channel_expect read_data: e
DEBUG:netmiko:_read_channel_expect read_data: 

DEBUG:netmiko:_read_channel_expect read_data: SD-WN>
DEBUG:netmiko:Pattern found: SD\-WN 
SD-WN>
DEBUG:netmiko:write_channel: b'enable\n'
DEBUG:netmiko:Pattern is: (SD\-WN|ssword)
DEBUG:netmiko:_read_channel_expect read_data: CAMP-2#
DEBUG:netmiko:Pattern found: CAMP\-2 
CAMP-2#
DEBUG:netmiko:_read_channel_expect read_data: e
DEBUG:netmiko:read_channel: 
DEBUG:netmiko:write_channel: b'\n'
DEBUG:netmiko:Pattern is: CR\-R1
DEBUG:netmiko:_read_channel_expect read_data: CAMP-1#
DEBUG:netmiko:Pattern found: CAMP\-1 
CAMP-1#
DEBUG:netmiko:_read_channel_expect read_data: 

DEBUG:netmiko:_read_channel_expect read_data: CR-R2#
DEBUG:netmiko:Pattern found: CR\-R2 
CR-R2#
DEBUG:netmiko:_read_channel_expect read_data: nable
Password: 
DEBUG:netmiko:Pattern found: (CR\-SW1|ssword) enable
Password: 
DEBUG:netmiko:write_channel: b'cisco\n'
DEBUG:netmiko:Pattern is: CR\-SW1
DEBUG:netmiko:_read_channel_expect read_data: nable
Password: 
DEBUG:netmiko:Pattern found: (B2|ssword) enable
Password: 
DEBUG:netmiko:write_channel: b'cisco\n'
DEBUG:netmiko:Pattern is: B2
DEBUG:netmiko:_read_channel_expect read_data: DC>
DEBUG:netmiko:Pattern found: DC 
DC>
DEBUG:netmiko:write_channel: b'enable\n'
DEBUG:netmiko:Pattern is: (DC|ssword)
DEBUG:netmiko:_read_channel_expect read_data: e
DEBUG:netmiko:_read_channel_expect read_data: 
B2#
DEBUG:netmiko:Pattern found: B2 
B2#
DEBUG:netmiko:write_channel: b'\n'
DEBUG:netmiko:Pattern is: B2
DEBUG:netmiko:_read_channel_expect read_data: 

DEBUG:netmiko:read_channel: 
DEBUG:netmiko:write_channel: b'\n'
DEBUG:netmiko:_read_channel_expect read_data: nable
Password: 
DEBUG:netmiko:Pattern found: (SD\-WN|ssword) enable
Password: 
DEBUG:netmiko:write_channel: b'cisco\n'
DEBUG:netmiko:Pattern is: SD\-WN
DEBUG:netmiko:_read_channel_expect read_data: 
CR-SW1#
DEBUG:netmiko:Pattern found: CR\-SW1 
CR-SW1#
DEBUG:netmiko:write_channel: b'\n'
DEBUG:netmiko:Pattern is: CR\-SW1
DEBUG:netmiko:read_channel: 
DEBUG:netmiko:write_channel: b'\n'
DEBUG:netmiko:_read_channel_expect read_data: 

DEBUG:netmiko:_read_channel_expect read_data: CR-R1>
DEBUG:netmiko:Pattern found: CR\-R1 
CR-R1>
DEBUG:netmiko:write_channel: b'enable\n'
DEBUG:netmiko:_read_channel_expect read_data: 
SD-WN#
DEBUG:netmiko:Pattern is: (CR\-R1|ssword)
DEBUG:netmiko:Pattern found: SD\-WN 
SD-WN#
DEBUG:netmiko:write_channel: b'\n'
DEBUG:netmiko:Pattern is: SD\-WN
DEBUG:netmiko:read_channel: 
DEBUG:netmiko:write_channel: b'\n'
DEBUG:netmiko:_read_channel_expect read_data: en
DEBUG:netmiko:_read_channel_expect read_data: 

DEBUG:netmiko:_read_channel_expect read_data: nable
Password: 
DEBUG:netmiko:Pattern found: (DC|ssword) enable
Password: 
DEBUG:netmiko:write_channel: b'cisco\n'
DEBUG:netmiko:Pattern is: DC
DEBUG:netmiko:_read_channel_expect read_data: B2#
DEBUG:netmiko:Pattern found: B2 
B2#
DEBUG:netmiko:_read_channel_expect read_data: 
DC#
DEBUG:netmiko:Pattern found: DC 
DC#
DEBUG:netmiko:write_channel: b'\n'
DEBUG:netmiko:Pattern is: DC
DEBUG:netmiko:read_channel: 
CAMP-2#
DEBUG:netmiko:_read_channel_expect read_data: 

DEBUG:netmiko:read_channel: 
CAMP-1#
DEBUG:netmiko:_read_channel_expect read_data: CR-SW1#
DEBUG:netmiko:Pattern found: CR\-SW1 
CR-SW1#
DEBUG:netmiko:read_channel: 
CR-R2#
DEBUG:netmiko:_read_channel_expect read_data: able
Password: 
DEBUG:netmiko:Pattern found: (CR\-R1|ssword) enable
Password: 
DEBUG:netmiko:_read_channel_expect read_data: SD-WN#
DEBUG:netmiko:Pattern found: SD\-WN 
SD-WN#
DEBUG:netmiko:write_channel: b'cisco\n'
DEBUG:netmiko:Pattern is: CR\-R1
DEBUG:netmiko:_read_channel_expect read_data: 
CR-R1#
DEBUG:netmiko:Pattern found: CR\-R1 
CR-R1#
DEBUG:netmiko:write_channel: b'\n'
DEBUG:netmiko:Pattern is: CR\-R1
DEBUG:netmiko:_read_channel_expect read_data: 

DEBUG:netmiko:read_channel: 
DEBUG:netmiko:write_channel: b'\n'
DEBUG:netmiko:_read_channel_expect read_data: DC#
DEBUG:netmiko:Pattern found: DC 
DC#
DEBUG:netmiko:read_channel: 
DEBUG:netmiko:write_channel: b'\n'
DEBUG:netmiko:read_channel: 
DEBUG:netmiko:write_channel: b'\n'
DEBUG:netmiko:_read_channel_expect read_data: CR-R1#
DEBUG:netmiko:Pattern found: CR\-R1 
CR-R1#
DEBUG:netmiko:read_channel: 
B2#
DEBUG:netmiko:read_channel: 
DEBUG:netmiko:[find_prompt()]: prompt is CAMP-2#
DEBUG:netmiko:read_channel: 
DEBUG:netmiko:write_channel: b'\n'
DEBUG:netmiko:read_channel: 
DEBUG:netmiko:[find_prompt()]: prompt is CAMP-1#
DEBUG:netmiko:read_channel: 
CR-SW1#
DEBUG:netmiko:read_channel: 
DEBUG:netmiko:[find_prompt()]: prompt is CR-R2#
DEBUG:netmiko:read_channel: 
SD-WN#
DEBUG:netmiko:read_channel: 
DEBUG:netmiko:write_channel: b'\n'
DEBUG:netmiko:read_channel: 
DC#
DEBUG:netmiko:read_channel: 
CR-R1#
DEBUG:netmiko:read_channel: 
DEBUG:netmiko:[find_prompt()]: prompt is B2#
DEBUG:netmiko:read_channel: 
DEBUG:netmiko:[find_prompt()]: prompt is CR-SW1#
DEBUG:netmiko:read_channel: 
DEBUG:netmiko:[find_prompt()]: prompt is SD-WN#
DEBUG:netmiko:read_channel: 
DEBUG:netmiko:write_channel: b'show run\n'
DEBUG:netmiko:Pattern is: show\ run
DEBUG:netmiko:read_channel: 
DEBUG:netmiko:[find_prompt()]: prompt is DC#
DEBUG:netmiko:_read_channel_expect read_data: s
DEBUG:netmiko:read_channel: 
DEBUG:netmiko:write_channel: b'show run\n'
DEBUG:netmiko:Pattern is: show\ run
DEBUG:netmiko:_read_channel_expect read_data: s
DEBUG:netmiko:read_channel: 
DEBUG:netmiko:write_channel: b'show run\n'
DEBUG:netmiko:Pattern is: show\ run
DEBUG:netmiko:_read_channel_expect read_data: s
DEBUG:netmiko:read_channel: 
DEBUG:netmiko:[find_prompt()]: prompt is CR-R1#
DEBUG:netmiko:_read_channel_expect read_data: how run
Building configuration...

DEBUG:netmiko:Pattern found: show\ run show run
Building configuration...

DEBUG:netmiko:_read_channel_expect read_data: how run
Building configuration...

DEBUG:netmiko:Pattern found: show\ run show run
Building configuration...

DEBUG:netmiko:_read_channel_expect read_data: how run
Building configuration...

DEBUG:netmiko:Pattern found: show\ run show run
Building configuration...

DEBUG:netmiko:read_channel: 
DEBUG:netmiko:write_channel: b'show run\n'
DEBUG:netmiko:Pattern is: show\ run
DEBUG:netmiko:_read_channel_expect read_data: s
DEBUG:netmiko:read_channel: 
DEBUG:netmiko:write_channel: b'show run\n'
DEBUG:netmiko:Pattern is: show\ run
DEBUG:netmiko:_read_channel_expect read_data: s
DEBUG:netmiko:read_channel: 
DEBUG:netmiko:write_channel: b'show run\n'
DEBUG:netmiko:Pattern is: show\ run
DEBUG:netmiko:_read_channel_expect read_data: show run

DEBUG:netmiko:Pattern found: show\ run show run

DEBUG:netmiko:_read_channel_expect read_data: how run
Building configuration...

DEBUG:netmiko:Pattern found: show\ run show run
Building configuration...

DEBUG:netmiko:read_channel: 
DEBUG:netmiko:write_channel: b'show run\n'
DEBUG:netmiko:Pattern is: show\ run
DEBUG:netmiko:read_channel: 
DEBUG:netmiko:_read_channel_expect read_data: show ru
DEBUG:netmiko:read_channel: 
DEBUG:netmiko:_read_channel_expect read_data: how run
Building configuration...

DEBUG:netmiko:Pattern found: show\ run show run
Building configuration...

DEBUG:netmiko:read_channel: 
DEBUG:netmiko:read_channel: 
DEBUG:netmiko:write_channel: b'show run\n'
DEBUG:netmiko:Pattern is: show\ run
DEBUG:netmiko:_read_channel_expect read_data: show ru
DEBUG:netmiko:_read_channel_expect read_data: n
Building configuration...

DEBUG:netmiko:Pattern found: show\ run show run
Building configuration...

DEBUG:netmiko:read_channel: Building configuration...

DEBUG:netmiko:_read_channel_expect read_data: n
Building configuration...

DEBUG:netmiko:Pattern found: show\ run show run
Building configuration...

DEBUG:netmiko:read_channel: 
DEBUG:netmiko:read_channel: 
DEBUG:netmiko:read_channel: 
DEBUG:netmiko:read_channel: 
DEBUG:netmiko:read_channel: 
DEBUG:netmiko:read_channel: 
DEBUG:netmiko:read_channel: 
DEBUG:netmiko:read_channel: 
DEBUG:netmiko:read_channel: 
DEBUG:netmiko:read_channel: 
DEBUG:netmiko:read_channel: 
DEBUG:netmiko:read_channel: 
DEBUG:netmiko:read_channel: 
DEBUG:netmiko:read_channel: 
DEBUG:netmiko:read_channel: 
DEBUG:netmiko:read_channel: 
DEBUG:netmiko:read_channel: 
DEBUG:netmiko:read_channel: 
DEBUG:netmiko:read_channel: 
DEBUG:netmiko:read_channel: 
DEBUG:netmiko:read_channel: 
DEBUG:netmiko:read_channel: 
DEBUG:netmiko:read_channel: 
DEBUG:netmiko:read_channel: 
DEBUG:netmiko:read_channel: 
DEBUG:netmiko:read_channel: 
DEBUG:netmiko:read_channel: 
Current configuration : 3681 bytes
!
version 15.2
service timestamps debug datetime msec
service timestamps log datetime msec
!
hostname CAMP-1
!
boot-start-marker
boot-end-marker
!
!
enable secret 5 $1$05Vq$r3p416FsB1kWN6zuIKyMN.
!
no aaa new-model
no ip icmp rate-limit unreachable
ip cef
!
!
!
!
!
!
no ip domain lookup
ip domain name gns3.lab
no ipv6 cef
!
!
multilink bundle-name authenticated
!
!
file prompt quiet
!
!
!
!
!
username admin password 0 admin
username suhas privilege 15 password 0 cisco123
!
!
ip tcp synwait-time 5
ip ssh version 2
ip scp server enable
! 
!
!
!
!
!
!
!
!
!
!
!
interface Loopback151
 ip address 151.151.151.151 255.255.255.255
!
interface Loopback152
 ip address 152.152.152.152 255.255.255.255
!
interface Loopback153
 ip address 153.153.153.153 255.255.255.255
!
interface Loopback154
 ip address 154.154.154.154 255.255.255.255
!
interface Loopback155
 ip address 155.155.155.155 255.255.255.255
!
interface Loopback156
 ip address 156.156.156.156 255.255.255.255
!
interface Loopback157
 ip address 157.157.157.157 255.255.255.255
!
interface Loopback158
 ip address 158.158.158.158 255.255.255.255
!
interface Loopback159
 ip address 159.159.159.159 255.255.255.255
!
interface Loopback190
 ip address 190.1.1.6 255.255.255.255
!
interface FastEthernet0/0
 ip address 192.168.200.1 255.255.255.252
 duplex full
!
interface FastEthernet1/0
 no ip address
 shutdown
 speed auto
 duplex full
!
interface FastEthernet1/1
 no ip address
 shutdown
 speed auto
 duplex full
!
interface FastEthernet2/0
 no ip address
 shutdown
 speed auto
 duplex full
!
interface FastEthernet2/1
 no ip address
 shutdown
 speed auto
 duplex full
!
interface FastEthernet3/0
 description *****MNGMT*****
 ip address 123.123.1.16 255.255.255.0
 speed auto
 duplex full
!
interface FastEthernet3/1
 no ip address
 shutdown
 speed auto
 duplex full
!
!
router eigrp 200
 network 151.151.151.151 0.0.0.0
 network 152.152.152.152 0.0.0.0
 network 153.153.153.153 0.0.0.0
 network 154.154.154.154 0.0.0.0
 network 155.155.155.155 0.0.0.0
 network 156.156.156.156 0.0.0.0
 network 157.157.157.157 0.0.0.0
 network 158.158.158.158 0.0.0.0
 network 159.159.159.159 0.0.0.0
 network 190.1.1.6 0.0.0.0
 network 192.168.200.0 0.0.0.3
!
ip forward-protocol nd
!
!
no ip http server
no ip http secure-server
!
ip access-list extended interface_acl
 remark Allow EAPoUDP
 permit udp any any eq 21862
 remark Allow DHCP
 permit udp any eq bootpc any eq bootps
 remark Allow DNS
 permit udp any any eq domain
 remark Allow HTTP access to update server
 permit tcp any host 10.0.200.30 eq www
 remark Allow ICMP for test purposes
 permit icmp any any
 remark Implicit Deny
 deny   ip any any
 permit tcp any host 190.1.1.9 eq www
 permit tcp any host 191.191.191.191 eq www
 permit tcp any host 192.192.192.192 eq www
 permit tcp any host 193.193.193.193 eq www
 permit tcp any host 194.194.194.194 eq www
 permit tcp any host 195.195.195.195 eq www
 permit tcp any host 196.196.196.196 eq www
 permit tcp any host 197.197.197.197 eq www
 permit tcp any host 198.198.198.198 eq www
 permit tcp any host 199.199.199.199 eq www
!
access-list 102 deny   tcp any any eq ftp
access-list 102 deny   tcp any any eq ftp-data
access-list 102 deny   tcp any any eq telnet
access-list 102 deny   tcp any any eq www
access-list 102 deny   tcp any any eq whois
access-list 102 deny   tcp any any eq talk
access-list 102 deny   tcp any any eq gopher
access-list 102 permit ip any any
!
!
!
control-plane
!
!
line con 0
 exec-timeout 0 0
 privilege level 15
 logging synchronous
 stopbits 1
line aux 0
 exec-timeout 0 0
 privilege level 15
 logging synchronous
 stopbits 1
line vty 0 4
 login local
 transport input ssh
!
!
end

CAMP-1#
DEBUG:netmiko:read_channel: 
DEBUG:netmiko:read_channel: 
Current configuration : 3105 bytes
!
version 15.2
service timestamps debug datetime msec
service timestamps log datetime msec
!
hostname CR-R2
!
boot-start-marker
boot-end-marker
!
!
enable secret 5 $1$i..4$rZ2z9h4GAg9loR94iXdlL/
!
no aaa new-model
no ip icmp rate-limit unreachable
ip cef
!
!
!
!
!
!
no ip domain lookup
ip domain name gns3.lab
no ipv6 cef
!
!
multilink bundle-name authenticated
!
!
file prompt quiet
!
!
!
!
!
username admin password 0 admin
username suhas privilege 15 password 0 cisco123
!
!
ip tcp synwait-time 5
ip ssh version 2
ip scp server enable
! 
!
!
!
!
!
!
!
!
!
!
!
interface Loopback190
 ip address 190.1.1.4 255.255.255.255
!
interface FastEthernet0/0
 ip address 172.16.2.1 255.255.255.252
 duplex full
!
interface FastEthernet1/0
 ip address 192.168.1.2 255.255.255.0
 speed auto
 duplex full
!
interface FastEthernet1/1
 no ip address
 shutdown
 speed auto
 duplex full
!
interface FastEthernet2/0
 no ip address
 shutdown
 speed auto
 duplex full
!
interface FastEthernet2/1
 no ip address
 shutdown
 speed auto
 duplex full
!
interface FastEthernet3/0
 description *****MNGMT*****
 ip address 123.123.1.14 255.255.255.0
 speed auto
 duplex full
!
interface FastEthernet3/1
 no ip address
 shutdown
 speed auto
 duplex full
!
!
router eigrp 100
 network 190.1.1.4 0.0.0.0
 network 192.168.1.0
 redistribute static
 redistribute bgp 4000 metric 1000 1 255 1 1500
!
router bgp 4000
 bgp log-neighbor-changes
 network 172.16.2.0 mask 255.255.255.252
 network 190.1.1.4 mask 255.255.255.255
 redistribute connected
 redistribute static
 redistribute eigrp 100
 neighbor 172.16.2.2 remote-as 3000
 neighbor 172.16.2.2 next-hop-self
!
ip forward-protocol nd
!
!
no ip http server
no ip http secure-server
!
ip access-list extended interface_acl
 remark Allow EAPoUDP
 permit udp any any eq 21862
 remark Allow DHCP
 permit udp any eq bootpc any eq bootps
 remark Allow DNS
 permit udp any any eq domain
 remark Allow HTTP access to update server
 permit tcp any host 10.0.200.30 eq www
 remark Allow ICMP for test purposes
 permit icmp any any
 remark Implicit Deny
 deny   ip any any
 permit tcp any host 190.1.1.9 eq www
 permit tcp any host 191.191.191.191 eq www
 permit tcp any host 192.192.192.192 eq www
 permit tcp any host 193.193.193.193 eq www
 permit tcp any host 194.194.194.194 eq www
 permit tcp any host 195.195.195.195 eq www
 permit tcp any host 196.196.196.196 eq www
 permit tcp any host 197.197.197.197 eq www
 permit tcp any host 198.198.198.198 eq www
 permit tcp any host 199.199.199.199 eq www
!
access-list 102 deny   tcp any any eq ftp
access-list 102 deny   tcp any any eq ftp-data
access-list 102 deny   tcp any any eq telnet
access-list 102 deny   tcp any any eq www
access-list 102 deny   tcp any any eq whois
access-list 102 deny   tcp any any eq talk
access-list 102 deny   tcp any any eq gopher
access-list 102 permit ip any any
!
!
!
control-plane
!
!
line con 0
 exec-timeout 0 0
 privilege level 15
 logging synchronous
 stopbits 1
line aux 0
 exec-timeout 0 0
 privilege level 15
 logging synchronous
 stopbits 1
line vty 0 4
 login local
 transport input ssh
!
!
end

CR-R2#
DEBUG:netmiko:read_channel: 
DEBUG:netmiko:read_channel: 
DEBUG:netmiko:write_channel: b'\n'
DEBUG:netmiko:read_channel: 
DEBUG:netmiko:write_channel: b'\n'
DEBUG:netmiko:read_channel: 
DEBUG:netmiko:read_channel: 
DEBUG:netmiko:read_channel: 
DEBUG:netmiko:read_channel: 
Current configuration : 3681 bytes
!
version 15.2
service timestamps debug datetime msec
service timestamps log datetime msec
!
hostname CAMP-2
!
boot-start-marker
boot-end-marker
!
!
enable secret 5 $1$QAlH$Fdg5xcW3AlGPC1psLQ6wV/
!
no aaa new-model
no ip icmp rate-limit unreachable
ip cef
!
!
!
!
!
!
no ip domain lookup
ip domain name gns3.lab
no ipv6 cef
!
!
multilink bundle-name authenticated
!
!
file prompt quiet
!
!
!
!
!
username admin password 0 admin
username suhas privilege 15 password 0 cisco123
!
!
ip tcp synwait-time 5
ip ssh version 2
ip scp server enable
! 
!
!
!
!
!
!
!
!
!
!
!
interface Loopback161
 ip address 161.161.161.161 255.255.255.255
!
interface Loopback162
 ip address 162.162.162.162 255.255.255.255
!
interface Loopback163
 ip address 163.163.163.163 255.255.255.255
!
interface Loopback164
 ip address 164.164.164.164 255.255.255.255
!
interface Loopback165
 ip address 165.165.165.165 255.255.255.255
!
interface Loopback166
 ip address 166.166.166.166 255.255.255.255
!
interface Loopback167
 ip address 167.167.167.167 255.255.255.255
!
interface Loopback168
 ip address 168.168.168.168 255.255.255.255
!
interface Loopback169
 ip address 169.169.169.169 255.255.255.255
!
interface Loopback190
 ip address 190.1.1.7 255.255.255.255
!
interface FastEthernet0/0
 ip address 192.168.230.1 255.255.255.252
 duplex full
!
interface FastEthernet1/0
 no ip address
 shutdown
 speed auto
 duplex full
!
interface FastEthernet1/1
 no ip address
 shutdown
 speed auto
 duplex full
!
interface FastEthernet2/0
 no ip address
 shutdown
 speed auto
 duplex full
!
interface FastEthernet2/1
 no ip address
 shutdown
 speed auto
 duplex full
!
interface FastEthernet3/0
 description *****MNGMT*****
 ip address 123.123.1.17 255.255.255.0
 speed auto
 duplex full
!
interface FastEthernet3/1
 no ip address
 shutdown
 speed auto
 duplex full
!
!
router eigrp 300
 network 161.161.161.161 0.0.0.0
 network 162.162.162.162 0.0.0.0
 network 163.163.163.163 0.0.0.0
 network 164.164.164.164 0.0.0.0
 network 165.165.165.165 0.0.0.0
 network 166.166.166.166 0.0.0.0
 network 167.167.167.167 0.0.0.0
 network 168.168.168.168 0.0.0.0
 network 169.169.169.169 0.0.0.0
 network 190.1.1.7 0.0.0.0
 network 192.168.230.0 0.0.0.3
!
ip forward-protocol nd
!
!
no ip http server
no ip http secure-server
!
ip access-list extended interface_acl
 remark Allow EAPoUDP
 permit udp any any eq 21862
 remark Allow DHCP
 permit udp any eq bootpc any eq bootps
 remark Allow DNS
 permit udp any any eq domain
 remark Allow HTTP access to update server
 permit tcp any host 10.0.200.30 eq www
 remark Allow ICMP for test purposes
 permit icmp any any
 remark Implicit Deny
 deny   ip any any
 permit tcp any host 190.1.1.9 eq www
 permit tcp any host 191.191.191.191 eq www
 permit tcp any host 192.192.192.192 eq www
 permit tcp any host 193.193.193.193 eq www
 permit tcp any host 194.194.194.194 eq www
 permit tcp any host 195.195.195.195 eq www
 permit tcp any host 196.196.196.196 eq www
 permit tcp any host 197.197.197.197 eq www
 permit tcp any host 198.198.198.198 eq www
 permit tcp any host 199.199.199.199 eq www
!
access-list 102 deny   tcp any any eq ftp
access-list 102 deny   tcp any any eq ftp-data
access-list 102 deny   tcp any any eq telnet
access-list 102 deny   tcp any any eq www
access-list 102 deny   tcp any any eq whois
access-list 102 deny   tcp any any eq talk
access-list 102 deny   tcp any any eq gopher
access-list 102 permit ip any any
!
!
!
control-plane
!
!
line con 0
 exec-timeout 0 0
 privilege level 15
 logging synchronous
 stopbits 1
line aux 0
 exec-timeout 0 0
 privilege level 15
 logging synchronous
 stopbits 1
line vty 0 4
 login local
 transport input ssh
!
!
end

CAMP-2#
DEBUG:netmiko:read_channel: 
CAMP-1#
DEBUG:netmiko:read_channel: 
DEBUG:netmiko:read_channel: 
CR-R2#
DEBUG:netmiko:read_channel: 
DEBUG:netmiko:write_channel: b'\n'
DEBUG:netmiko:read_channel: 
Current configuration : 4919 bytes
!
version 15.2
service timestamps debug datetime msec
service timestamps log datetime msec
!
hostname DC
!
boot-start-marker
boot-end-marker
!
!
enable secret 5 $1$0GG.$wX7GdL4sBKwe.Y3TpOk9D/
!
no aaa new-model
no ip icmp rate-limit unreachable
ip cef
!
!
!
!
!
!
no ip domain lookup
ip domain name gns3.lab
no ipv6 cef
!
!
multilink bundle-name authenticated
!
!
file prompt quiet
!
!
!
!
!
username admin password 0 admin
username suhas privilege 15 password 0 cisco123
!
!
ip tcp synwait-time 5
ip ssh version 2
ip scp server enable
! 
!
!
!
!
!
!
!
!
!
!
!
interface Loopback190
 ip address 190.1.1.9 255.255.255.255
!
interface Loopback191
 ip address 191.191.191.191 255.255.255.255
!
interface Loopback192
 ip address 192.192.192.192 255.255.255.255
!
interface Loopback193
 ip address 193.193.193.193 255.255.255.255
!
interface Loopback194
 ip address 194.194.194.194 255.255.255.255
!
interface Loopback195
 ip address 195.195.195.195 255.255.255.255
!
interface Loopback196
 ip address 196.196.196.196 255.255.255.255
!
interface Loopback199
 ip address 199.199.199.199 255.255.255.255
!
interface FastEthernet0/0
 ip address 192.168.250.1 255.255.255.252
 duplex full
!
interface FastEthernet1/0
 no ip address
 shutdown
 speed auto
 duplex full
!
interface FastEthernet1/1
 no ip address
 shutdown
 speed auto
 duplex full
!
interface FastEthernet2/0
 no ip address
 shutdown
 speed auto
 duplex full
!
interface FastEthernet2/1
 no ip address
 shutdown
 speed auto
 duplex full
!
interface FastEthernet3/0
 description *****MNGMT*****
 ip address 123.123.1.19 255.255.255.0
 speed auto
 duplex full
!
interface FastEthernet3/1
 no ip address
 shutdown
 speed auto
 duplex full
!
ip forward-protocol nd
!
!
no ip http server
no ip http secure-server
ip route 1.1.1.1 255.255.255.255 192.168.250.2 tag 900
ip route 2.2.2.2 255.255.255.255 192.168.250.2 tag 900
ip route 22.22.22.22 255.255.255.255 192.168.250.2 tag 900
ip route 92.168.230.1 255.255.255.255 192.168.250.2 tag 900
ip route 100.100.100.100 255.255.255.255 192.168.250.2 tag 900
ip route 101.101.101.101 255.255.255.255 192.168.250.2 tag 900
ip route 110.110.110.110 255.255.255.255 192.168.250.2 tag 900
ip route 111.111.111.111 255.255.255.255 192.168.250.2 tag 900
ip route 151.151.151.151 255.255.255.255 192.168.250.2 tag 900
ip route 152.152.152.152 255.255.255.255 192.168.250.2 tag 900
ip route 153.153.153.153 255.255.255.255 192.168.250.2 tag 900
ip route 154.154.154.154 255.255.255.255 192.168.250.2 tag 900
ip route 155.155.155.155 255.255.255.255 192.168.250.2 tag 900
ip route 156.156.156.156 255.255.255.255 192.168.250.2 tag 900
ip route 157.157.157.157 255.255.255.255 192.168.250.2 tag 900
ip route 158.158.158.158 255.255.255.255 192.168.250.2 tag 900
ip route 172.16.1.1 255.255.255.255 192.168.250.2 tag 900
ip route 172.16.2.1 255.255.255.255 192.168.250.2 tag 900
ip route 190.1.1.1 255.255.255.255 192.168.250.2 tag 900
ip route 190.1.1.2 255.255.255.255 192.168.250.2 tag 900
ip route 190.1.1.3 255.255.255.255 192.168.250.2 tag 900
ip route 190.1.1.4 255.255.255.255 192.168.250.2 tag 900
ip route 190.1.1.6 255.255.255.255 192.168.250.2 tag 900
ip route 192.168.1.1 255.255.255.255 192.168.250.2 tag 900
ip route 192.168.1.2 255.255.255.255 192.168.250.2 tag 900
ip route 192.168.200.1 255.255.255.255 192.168.250.2 tag 900
ip route 202.202.202.202 255.255.255.255 192.168.250.2 tag 900
ip route 220.220.220.220 255.255.255.255 192.168.250.2 tag 900
ip route 222.222.222.222 255.255.255.255 192.168.250.2 tag 900
!
ip access-list extended interface_acl
 remark Allow EAPoUDP
 permit udp any any eq 21862
 remark Allow DHCP
 permit udp any eq bootpc any eq bootps
 remark Allow DNS
 permit udp any any eq domain
 remark Allow HTTP access to update server
 permit tcp any host 10.0.200.30 eq www
 remark Allow ICMP for test purposes
 permit icmp any any
 remark Implicit Deny
 deny   ip any any
 permit tcp any host 190.1.1.9 eq www
 permit tcp any host 191.191.191.191 eq www
 permit tcp any host 192.192.192.192 eq www
 permit tcp any host 193.193.193.193 eq www
 permit tcp any host 194.194.194.194 eq www
 permit tcp any host 195.195.195.195 eq www
 permit tcp any host 196.196.196.196 eq www
 permit tcp any host 197.197.197.197 eq www
 permit tcp any host 198.198.198.198 eq www
 permit tcp any host 199.199.199.199 eq www
!
access-list 102 deny   tcp any any eq ftp
access-list 102 deny   tcp any any eq ftp-data
access-list 102 deny   tcp any any eq telnet
access-list 102 deny   tcp any any eq www
access-list 102 deny   tcp any any eq whois
access-list 102 deny   tcp any any eq talk
access-list 102 deny   tcp any any eq gopher
access-list 102 permit ip any any
!
!
!
control-plane
!
!
line con 0
 exec-timeout 0 0
 privilege level 15
 logging synchronous
 stopbits 1
line aux 0
 exec-timeout 0 0
 privilege level 15
 logging synchronous
 stopbits 1
line vty 0 4
 login local
 transport input ssh
!
!
end

DC#
DEBUG:netmiko:read_channel: 
DEBUG:netmiko:read_channel: 
Current configuration : 3084 bytes
!
version 15.2
service timestamps debug datetime msec
service timestamps log datetime msec
!
hostname CR-R1
!
boot-start-marker
boot-end-marker
!
!
enable secret 5 $1$J5ER$46bCgENUD.e77PisBrQdD.
!
no aaa new-model
no ip icmp rate-limit unreachable
ip cef
!
!
!
!
!
!
no ip domain lookup
ip domain name gns3.lab
no ipv6 cef
!
!
multilink bundle-name authenticated
!
!
file prompt quiet
!
!
!
!
!
username admin password 0 admin
username suhas privilege 15 password 0 cisco123
!
!
ip tcp synwait-time 5
ip ssh version 2
ip scp server enable
! 
!
!
!
!
!
!
!
!
!
!
!
interface Loopback190
 ip address 190.1.1.3 255.255.255.255
!
interface FastEthernet0/0
 ip address 172.16.1.1 255.255.255.252
 duplex full
!
interface FastEthernet1/0
 ip address 192.168.1.1 255.255.255.0
 speed auto
 duplex full
!
interface FastEthernet1/1
 no ip address
 shutdown
 speed auto
 duplex full
!
interface FastEthernet2/0
 no ip address
 shutdown
 speed auto
 duplex full
!
interface FastEthernet2/1
 no ip address
 shutdown
 speed auto
 duplex full
!
interface FastEthernet3/0
 description *****MNGMT*****
 ip address 123.123.1.13 255.255.255.0
 speed auto
 duplex full
!
interface FastEthernet3/1
 no ip address
 shutdown
 speed auto
 duplex full
!
!
router eigrp 100
 network 190.1.1.3 0.0.0.0
 network 192.168.1.0
 redistribute bgp 2000 metric 1000 1 255 1 1500
!
router bgp 2000
 bgp log-neighbor-changes
 network 172.16.1.0 mask 255.255.255.252
 network 190.1.1.3 mask 255.255.255.255
 redistribute connected
 redistribute static
 redistribute eigrp 100
 neighbor 172.16.1.2 remote-as 1000
 neighbor 172.16.1.2 next-hop-self
!
ip forward-protocol nd
!
!
no ip http server
no ip http secure-server
!
ip access-list extended interface_acl
 remark Allow EAPoUDP
 permit udp any any eq 21862
 remark Allow DHCP
 permit udp any eq bootpc any eq bootps
 remark Allow DNS
 permit udp any any eq domain
 remark Allow HTTP access to update server
 permit tcp any host 10.0.200.30 eq www
 remark Allow ICMP for test purposes
 permit icmp any any
 remark Implicit Deny
 deny   ip any any
 permit tcp any host 190.1.1.9 eq www
 permit tcp any host 191.191.191.191 eq www
 permit tcp any host 192.192.192.192 eq www
 permit tcp any host 193.193.193.193 eq www
 permit tcp any host 194.194.194.194 eq www
 permit tcp any host 195.195.195.195 eq www
 permit tcp any host 196.196.196.196 eq www
 permit tcp any host 197.197.197.197 eq www
 permit tcp any host 198.198.198.198 eq www
 permit tcp any host 199.199.199.199 eq www
!
access-list 102 deny   tcp any any eq ftp
access-list 102 deny   tcp any any eq ftp-data
access-list 102 deny   tcp any any eq telnet
access-list 102 deny   tcp any any eq www
access-list 102 deny   tcp any any eq whois
access-list 102 deny   tcp any any eq talk
access-list 102 deny   tcp any any eq gopher
access-list 102 permit ip any any
!
!
!
control-plane
!
!
line con 0
 exec-timeout 0 0
 privilege level 15
 logging synchronous
 stopbits 1
line aux 0
 exec-timeout 0 0
 privilege level 15
 logging synchronous
 stopbits 1
line vty 0 4
 login local
 transport input ssh
!
!
end

CR-R1#
DEBUG:netmiko:read_channel: 
DEBUG:netmiko:read_channel: 
CAMP-2#
DEBUG:netmiko:read_channel: 
DEBUG:netmiko:write_channel: b'\n'
DEBUG:netmiko:read_channel: 
DEBUG:netmiko:[find_prompt()]: prompt is CAMP-1#
DEBUG:netmiko:write_channel: b'\n'
DEBUG:netmiko:read_channel: 
DEBUG:netmiko:read_channel: 
DEBUG:netmiko:[find_prompt()]: prompt is CR-R2#
DEBUG:netmiko:write_channel: b'\n'
DEBUG:netmiko:read_channel: 
DEBUG:netmiko:write_channel: b'\n'
DEBUG:netmiko:read_channel: 
DC#
DEBUG:netmiko:read_channel: 
CAMP-1#
DEBUG:netmiko:read_channel: 
CR-R2#
DEBUG:netmiko:read_channel: 
DEBUG:netmiko:read_channel: 
CR-R1#
DEBUG:netmiko:read_channel: 
Current configuration : 3347 bytes
!
version 15.2
service timestamps debug datetime msec
service timestamps log datetime msec
!
hostname B2
!
boot-start-marker
boot-end-marker
!
!
enable secret 5 $1$EOOT$bRs3k5uVIYPG9MdQetnMH.
!
aaa new-model
!
!
aaa authentication login default local
aaa authorization exec default local if-authenticated 
aaa accounting exec default
!
!
!
!
!
!
aaa session-id common
no ip icmp rate-limit unreachable
ip cef
!
!
!
!
!
!
no ip domain lookup
ip domain name gns3.lab
no ipv6 cef
!
!
multilink bundle-name authenticated
!
!
file prompt quiet
!
!
!
!
!
username admin password 0 admin
username suhas privilege 15 password 0 cisco123
!
!
ip tcp synwait-time 5
ip scp server enable
! 
!
!
!
!
!
!
!
!
!
!
!
interface Loopback2
 ip address 2.2.2.2 255.255.255.255
!
interface Loopback22
 ip address 22.22.22.22 255.255.255.255
!
interface Loopback190
 ip address 190.1.1.2 255.255.255.255
!
interface Loopback200
 ip address 100.100.100.100 255.255.255.255
!
interface Loopback202
 ip address 202.202.202.202 255.255.255.255
!
interface Loopback220
 ip address 220.220.220.220 255.255.255.255
!
interface Loopback222
 ip address 222.222.222.222 255.255.255.255
!
interface FastEthernet0/0
 ip address 172.16.2.2 255.255.255.252
 duplex full
!
interface FastEthernet1/0
 no ip address
 shutdown
 speed auto
 duplex auto
!
interface FastEthernet1/1
 no ip address
 shutdown
 speed auto
 duplex auto
!
interface FastEthernet2/0
 no ip address
 shutdown
 speed auto
 duplex auto
!
interface FastEthernet2/1
 no ip address
 shutdown
 speed auto
 duplex auto
!
interface FastEthernet3/0
 ip address 123.123.1.12 255.255.255.0
 speed auto
 duplex auto
!
interface FastEthernet3/1
 no ip address
 shutdown
 speed auto
 duplex auto
!
router rip
 network 0.0.0.0
!
router bgp 3000
 bgp log-neighbor-changes
 network 2.2.2.2 mask 255.255.255.255
 network 22.22.22.22 mask 255.255.255.255
 network 172.16.1.0 mask 255.255.255.252
 network 190.1.1.2 mask 255.255.255.255
 network 200.200.200.200 mask 255.255.255.255
 network 202.202.202.202 mask 255.255.255.255
 network 220.220.220.220 mask 255.255.255.255
 network 222.222.222.222 mask 255.255.255.255
 neighbor 172.16.2.1 remote-as 4000
 neighbor 172.16.2.1 default-originate
 default-information originate
!
ip forward-protocol nd
!
!
no ip http server
no ip http secure-server
!
ip access-list extended interface_acl
 remark Allow EAPoUDP
 permit udp any any eq 21862
 remark Allow DHCP
 permit udp any eq bootpc any eq bootps
 remark Allow DNS
 permit udp any any eq domain
 remark Allow HTTP access to update server
 permit tcp any host 10.0.200.30 eq www
 remark Allow ICMP for test purposes
 permit icmp any any
 remark Implicit Deny
 deny   ip any any
!
access-list 102 deny   tcp any any eq ftp
access-list 102 deny   tcp any any eq ftp-data
access-list 102 deny   tcp any any eq telnet
access-list 102 deny   tcp any any eq www
access-list 102 deny   tcp any any eq whois
access-list 102 deny   tcp any any eq talk
access-list 102 deny   tcp any any eq gopher
access-list 102 permit ip any any
!
!
!
!
control-plane
!
banner motd ^COnly Authorized Users granted. Unauthorized access prohibited!^C
!
line con 0
 exec-timeout 0 0
 privilege level 15
 logging synchronous
 stopbits 1
line aux 0
 exec-timeout 0 0
 privilege level 15
 logging synchronous
 stopbits 1
line vty 0 4
 transport input ssh
!
!
end

B2#
DEBUG:netmiko:read_channel: 
DEBUG:netmiko:[find_prompt()]: prompt is CAMP-2#
DEBUG:netmiko:write_channel: b'\n'
DEBUG:netmiko:read_channel: 
DEBUG:netmiko:read_channel: 
DEBUG:netmiko:read_channel: 
DEBUG:netmiko:read_channel: 
DEBUG:netmiko:write_channel: b'\n'
DEBUG:netmiko:read_channel: 
CAMP-2#
DEBUG:netmiko:read_channel: 
DEBUG:netmiko:[find_prompt()]: prompt is DC#
DEBUG:netmiko:write_channel: b'\n'
DEBUG:netmiko:read_channel: 
Current configuration : 4726 bytes
!
version 15.2
service timestamps debug datetime msec
service timestamps log datetime msec
!
hostname SD-WN
!
boot-start-marker
boot-end-marker
!
!
enable secret 5 $1$BB11$ZRC4nDH3N0R8Q4EoUxmRw0
!
no aaa new-model
no ip icmp rate-limit unreachable
ip cef
!
!
!
!
!
!
no ip domain lookup
ip domain name gns3.lab
no ipv6 cef
!
!
multilink bundle-name authenticated
!
!
file prompt quiet
!
!
!
!
!
username admin password 0 admin
username suhas privilege 15 password 0 cisco123
!
!
ip tcp synwait-time 5
ip ssh version 2
ip scp server enable
! 
!
!
!
!
!
!
!
!
!
!
!
interface Loopback171
 ip address 171.171.171.171 255.255.255.255
!
interface Loopback172
 ip address 172.172.172.172 255.255.255.255
!
interface Loopback173
 ip address 173.173.173.173 255.255.255.255
!
interface Loopback174
 ip address 174.174.174.174 255.255.255.255
!
interface Loopback175
 ip address 175.175.175.175 255.255.255.255
!
interface Loopback176
 ip address 176.176.176.176 255.255.255.255
!
interface Loopback177
 ip address 177.177.177.177 255.255.255.255
!
interface Loopback178
 ip address 178.178.178.178 255.255.255.255
!
interface Loopback179
 ip address 179.179.179.179 255.255.255.255
!
interface Loopback180
 ip address 180.180.180.180 255.255.255.255
!
interface Loopback181
 ip address 181.181.181.181 255.255.255.255
!
interface Loopback182
 ip address 182.182.182.182 255.255.255.255
!
interface Loopback183
 ip address 183.183.183.183 255.255.255.255
!
interface Loopback184
 ip address 184.184.184.184 255.255.255.255
!
interface Loopback185
 ip address 185.185.185.185 255.255.255.255
!
interface Loopback186
 ip address 186.186.186.186 255.255.255.255
!
interface Loopback188
 ip address 188.188.188.188 255.255.255.255
!
interface Loopback189
 ip address 189.189.189.189 255.255.255.255
!
interface Loopback190
 ip address 190.1.1.8 255.255.255.255
!
interface FastEthernet0/0
 ip address 192.188.188.1 255.255.255.252
 duplex full
!
interface FastEthernet1/0
 no ip address
 shutdown
 speed auto
 duplex full
!
interface FastEthernet1/1
 no ip address
 shutdown
 speed auto
 duplex full
!
interface FastEthernet2/0
 no ip address
 shutdown
 speed auto
 duplex full
!
interface FastEthernet2/1
 no ip address
 shutdown
 speed auto
 duplex full
!
interface FastEthernet3/0
 description *****MNGMT*****
 ip address 123.123.1.18 255.255.255.0
 speed auto
 duplex full
!
interface FastEthernet3/1
 no ip address
 shutdown
 speed auto
 duplex full
!
router ospf 400
 network 171.171.171.171 0.0.0.0 area 0
 network 172.172.172.172 0.0.0.0 area 0
 network 173.173.173.173 0.0.0.0 area 0
 network 174.174.174.174 0.0.0.0 area 0
 network 175.175.175.175 0.0.0.0 area 0
 network 176.176.176.176 0.0.0.0 area 0
 network 177.177.177.177 0.0.0.0 area 0
 network 178.178.178.178 0.0.0.0 area 0
 network 179.179.179.179 0.0.0.0 area 0
 network 180.180.180.180 0.0.0.0 area 0
 network 181.181.181.181 0.0.0.0 area 0
 network 182.182.182.182 0.0.0.0 area 0
 network 183.183.183.183 0.0.0.0 area 0
 network 184.184.184.184 0.0.0.0 area 0
 network 185.185.185.185 0.0.0.0 area 0
 network 186.186.186.186 0.0.0.0 area 0
 network 188.188.188.188 0.0.0.0 area 0
 network 189.189.189.189 0.0.0.0 area 0
 network 190.1.1.8 0.0.0.0 area 0
 network 192.188.188.0 0.0.0.3 area 0
!
ip forward-protocol nd
!
!
no ip http server
no ip http secure-server
!
ip access-list extended interface_acl
 remark Allow EAPoUDP
 permit udp any any eq 21862
 remark Allow DHCP
 permit udp any eq bootpc any eq bootps
 remark Allow DNS
 permit udp any any eq domain
 remark Allow HTTP access to update server
 permit tcp any host 10.0.200.30 eq www
 remark Allow ICMP for test purposes
 permit icmp any any
 remark Implicit Deny
 deny   ip any any
 permit tcp any host 190.1.1.9 eq www
 permit tcp any host 191.191.191.191 eq www
 permit tcp any host 192.192.192.192 eq www
 permit tcp any host 193.193.193.193 eq www
 permit tcp any host 194.194.194.194 eq www
 permit tcp any host 195.195.195.195 eq www
 permit tcp any host 196.196.196.196 eq www
 permit tcp any host 197.197.197.197 eq www
 permit tcp any host 198.198.198.198 eq www
 permit tcp any host 199.199.199.199 eq www
!
access-list 102 deny   tcp any any eq ftp
access-list 102 deny   tcp any any eq ftp-data
access-list 102 deny   tcp any any eq telnet
access-list 102 deny   tcp any any eq www
access-list 102 deny   tcp any any eq whois
access-list 102 deny   tcp any any eq talk
access-list 102 deny   tcp any any eq gopher
access-list 102 permit ip any any
!
!
!
control-plane
!
!
line con 0
 exec-timeout 0 0
 privilege level 15
 logging synchronous
 stopbits 1
line aux 0
 exec-timeout 0 0
 privilege level 15
 logging synchronous
 stopbits 1
line vty 0 4
 login local
 transport input ssh
!
!
end

SD-WN#
DEBUG:netmiko:read_channel: 
DEBUG:netmiko:[find_prompt()]: prompt is CR-R1#
DEBUG:netmiko:write_channel: b'\n'
DEBUG:netmiko:read_channel: 
B2#
DEBUG:netmiko:read_channel: 
DEBUG:netmiko:read_channel: 
DC#
DEBUG:netmiko:read_channel: 
DEBUG:netmiko:read_channel: 
DEBUG:netmiko:write_channel: b'\n'
DEBUG:netmiko:read_channel: 
CR-R1#
DEBUG:netmiko:read_channel: 
DEBUG:netmiko:read_channel: 
SD-WN#
DEBUG:netmiko:read_channel: 
DEBUG:netmiko:read_channel: 
DEBUG:netmiko:[find_prompt()]: prompt is B2#
DEBUG:netmiko:write_channel: b'\n'
DEBUG:netmiko:read_channel: 
DEBUG:netmiko:read_channel: 
B2#
DEBUG:netmiko:read_channel: 
DEBUG:netmiko:[find_prompt()]: prompt is SD-WN#
DEBUG:netmiko:write_channel: b'\n'
DEBUG:netmiko:read_channel: 
DEBUG:netmiko:read_channel: 
DEBUG:netmiko:read_channel: 
SD-WN#
DEBUG:netmiko:read_channel: 
DEBUG:netmiko:read_channel: 
DEBUG:netmiko:read_channel: 
DEBUG:netmiko:read_channel: 
DEBUG:netmiko:read_channel: 
Current configuration : 6678 bytes
!
version 12.4
service timestamps debug datetime msec
service timestamps log datetime msec
no service password-encryption
!
hostname CR-SW1
!
boot-start-marker
boot-end-marker
!
enable secret 5 $1$8.RH$ynW0vME59CauVj5FOaHK5.
!
no aaa new-model
memory-size iomem 5
no ip icmp rate-limit unreachable
ip cef
!
!
!
!
no ip domain lookup
ip domain name gns3.lab
!
multilink bundle-name authenticated
!
!
!
!
!
!
!
!
!
!
!
!
!
!
!
!
!
!
!
!
!
file prompt quiet
username admin password 0 admin
username suhas privilege 15 password 0 cisco123
archive
 log config
  hidekeys
! 
!
!
!
ip tcp synwait-time 5
ip scp server enable
!
!
!
!
interface Loopback190
 ip address 190.1.1.5 255.255.255.0
!
interface FastEthernet0/0
 ip address 123.123.1.15 255.255.255.0
 duplex auto
 speed 100
!
interface FastEthernet0/1
 no ip address
 shutdown
 duplex auto
 speed auto
!
interface FastEthernet1/0
 switchport access vlan 100
 speed 100
!
interface FastEthernet1/1
 switchport access vlan 100
 speed 100
!
interface FastEthernet1/2
 switchport access vlan 200
 speed 100
!
interface FastEthernet1/3
 switchport access vlan 300
 speed 100
!
interface FastEthernet1/4
 switchport access vlan 400
 speed 100
!
interface FastEthernet1/5
 switchport access vlan 1000
 speed 100
!
interface FastEthernet1/6
 speed 100
!
interface FastEthernet1/7
 speed 100
!
interface FastEthernet1/8
 speed 100
!
interface FastEthernet1/9
 speed 100
!
interface FastEthernet1/10
 speed 100
!
interface FastEthernet1/11
 speed 100
!
interface FastEthernet1/12
 speed 100
!
interface FastEthernet1/13
 speed 100
!
interface FastEthernet1/14
 speed 100
!
interface FastEthernet1/15
 speed 100
!
interface Vlan1
 no ip address
!
interface Vlan100
 description ***EIGRP-100-Process***
 ip address 192.168.1.100 255.255.255.0
!
interface Vlan200
 ip address 192.168.200.2 255.255.255.252
!
interface Vlan300
 ip address 192.168.230.2 255.255.255.252
!
interface Vlan400
 ip address 192.188.188.2 255.255.255.252
!
interface Vlan1000
 ip address 192.168.250.2 255.255.255.252
!
router eigrp 200
 redistribute eigrp 300 route-map EIGRP300-->EIGRP200
 redistribute ospf 400 metric 100000 10 255 1 1500 route-map OSPF400-->EIGRP100
 redistribute eigrp 100 route-map EIGRP100-->EIGRP200
 network 192.168.200.0 0.0.0.3
 no auto-summary
!
router eigrp 300
 redistribute eigrp 200 route-map EIGRP200-->EIGRP300
 redistribute ospf 400 metric 100000 10 255 1 1500 route-map OSPF400-->EIGRP100
 redistribute eigrp 100 route-map EIGRP100-->EIGRP300
 network 192.168.230.0 0.0.0.3
 no auto-summary
!
router eigrp 100
 redistribute static route-map STATIC-->EIGRP100
 redistribute eigrp 200 route-map EIGRP200-->EIGRP100
 redistribute eigrp 300 route-map EIGRP300-->EIGRP100
 redistribute ospf 400 metric 100000 10 255 1 1500 route-map OSPF400-->EIGRP100
 network 190.1.1.5 0.0.0.0
 network 192.168.1.0
 auto-summary
!
router ospf 400
 log-adjacency-changes
 redistribute eigrp 200 subnets route-map EIGRP200-->OSPF400
 redistribute eigrp 300 subnets route-map EIGRP300-->OSPF400
 redistribute eigrp 100 metric 1 subnets route-map EIGRP100-->OSPF400
 network 192.188.188.0 0.0.0.3 area 0
!
ip forward-protocol nd
ip route 190.1.1.9 255.255.255.255 192.168.250.1
ip route 191.191.191.191 255.255.255.255 192.168.250.1
ip route 192.192.192.192 255.255.255.255 192.168.250.1
ip route 193.193.193.193 255.255.255.255 192.168.250.1
ip route 194.194.194.194 255.255.255.255 192.168.250.1
ip route 195.195.195.195 255.255.255.255 192.168.250.1
ip route 196.196.196.196 255.255.255.255 192.168.250.1
ip route 197.197.197.197 255.255.255.255 192.168.250.1
ip route 198.198.198.198 255.255.255.255 192.168.250.1
ip route 199.199.199.199 255.255.255.255 192.168.250.1
!
!
no ip http server
no ip http secure-server
!
ip access-list extended interface_acl
 remark Allow EAPoUDP
 permit udp any any eq 21862
 remark Allow DHCP
 permit udp any eq bootpc any eq bootps
 remark Allow DNS
 permit udp any any eq domain
 remark Allow HTTP access to update server
 permit tcp any host 10.0.200.30 eq www
 remark Allow ICMP for test purposes
 permit icmp any any
 remark Implicit Deny
 deny   ip any any
 permit tcp any host 190.1.1.9 eq www
 permit tcp any host 191.191.191.191 eq www
 permit tcp any host 192.192.192.192 eq www
 permit tcp any host 193.193.193.193 eq www
 permit tcp any host 194.194.194.194 eq www
 permit tcp any host 195.195.195.195 eq www
 permit tcp any host 196.196.196.196 eq www
 permit tcp any host 197.197.197.197 eq www
 permit tcp any host 198.198.198.198 eq www
 permit tcp any host 199.199.199.199 eq www
!
!
ip prefix-list STATIC-->EIGRP100 seq 1 permit 0.0.0.0/0 le 32
ip prefix-list STATIC-->EIGRP100 seq 5 permit 0.0.0.0/0 ge 30
access-list 102 deny   tcp any any eq ftp
access-list 102 deny   tcp any any eq ftp-data
access-list 102 deny   tcp any any eq telnet
access-list 102 deny   tcp any any eq www
access-list 102 deny   tcp any any eq whois
access-list 102 deny   tcp any any eq talk
access-list 102 deny   tcp any any eq gopher
access-list 102 permit ip any any
no cdp log mismatch duplex
!
!
!
route-map EIGRP100-->EIGRP300 permit 5
 set tag 100
!
route-map EIGRP100-->EIGRP300 deny 10
 match tag 400
!
route-map EIGRP100-->EIGRP300 deny 15
 match tag 200 300
!
route-map EIGRP100-->EIGRP300 permit 25
 match tag 100 200 300
!
route-map EIGRP300-->EIGRP100 permit 5
 set tag 300
!
route-map EIGRP300-->EIGRP100 deny 10
 match tag 400
!
route-map EIGRP300-->EIGRP100 deny 15
 match tag 100 200
!
route-map EIGRP100-->EIGRP200 permit 5
 set tag 100
!
route-map EIGRP100-->EIGRP200 deny 10
 match tag 400
!
route-map EIGRP200-->EIGRP100 permit 5
 set tag 200
!
route-map EIGRP200-->EIGRP100 deny 10
 match tag 400
!
route-map EIGRP200-->EIGRP100 deny 15
 match tag 100 300
!
route-map EIGRP200-->EIGRP300 permit 5
 set tag 200
!
route-map EIGRP200-->EIGRP300 deny 10
DEBUG:netmiko:read_channel: 
 match tag 400
!
route-map EIGRP200-->EIGRP300 deny 15
 match tag 100 300
!
route-map EIGRP300-->EIGRP200 permit 5
 set tag 300
!
route-map EIGRP300-->EIGRP200 deny 10
 match tag 400
!
route-map EIGRP300-->EIGRP200 deny 15
 match tag 100 200
!
route-map EIGRP300-->EIGRP200 permit 25
 match tag 200 300
!
route-map STATIC-->EIGRP100 permit 10
 match ip address prefix-list STATIC-->EIGRP100
!
route-map EIGRP100-->OSPF400 permit 20
 set tag 100
!
route-map OSPF400-->EIGRP100 permit 20
 set tag 400
!
route-map EIGRP300-->OSPF400 permit 20
 set tag 300
!
route-map EIGRP200-->OSPF400 permit 20
 set tag 200
!
!
!
!
control-plane
!
!
!
!
!
!
!
!
!
!
line con 0
 exec-timeout 0 0
 privilege level 15
 logging synchronous
line aux 0
 exec-timeout 0 0
 privilege level 15
 logging synchronous
line vty 0 4
 login local
 transport input ssh
!
!
end

CR-SW1#
DEBUG:netmiko:read_channel: 
DEBUG:netmiko:write_channel: b'\n'
DEBUG:netmiko:read_channel: 
CR-SW1#
DEBUG:netmiko:read_channel: 
DEBUG:netmiko:write_channel: b'exit\n'
DEBUG:paramiko.transport:EOF in transport thread
DEBUG:netmiko:read_channel: 
DEBUG:netmiko:[find_prompt()]: prompt is CR-SW1#
DEBUG:netmiko:write_channel: b'\n'
DEBUG:netmiko:read_channel: 
DEBUG:netmiko:write_channel: b'exit\n'
DEBUG:paramiko.transport:EOF in transport thread
DEBUG:netmiko:read_channel: 
CR-SW1#
DEBUG:netmiko:read_channel: 
DEBUG:netmiko:write_channel: b'exit\n'
DEBUG:paramiko.transport:EOF in transport thread
DEBUG:netmiko:read_channel: 
DEBUG:netmiko:read_channel: 
DEBUG:netmiko:write_channel: b'exit\n'
DEBUG:paramiko.transport:EOF in transport thread
DEBUG:netmiko:read_channel: 
DEBUG:netmiko:write_channel: b'exit\n'
DEBUG:paramiko.transport:EOF in transport thread
DEBUG:netmiko:read_channel: 
DEBUG:netmiko:write_channel: b'exit\n'
DEBUG:paramiko.transport:EOF in transport thread
DEBUG:netmiko:read_channel: 
DEBUG:netmiko:write_channel: b'exit\n'
DEBUG:paramiko.transport:EOF in transport thread
DEBUG:netmiko:read_channel: 
DEBUG:netmiko:write_channel: b'exit\n'
DEBUG:paramiko.transport:starting thread (client mode): 0x22026bb0
DEBUG:paramiko.transport:Local version/idstring: SSH-2.0-paramiko_2.7.1
DEBUG:paramiko.transport:Remote version/idstring: SSH-2.0-Cisco-1.25
INFO:paramiko.transport:Connected (version 2.0, client Cisco-1.25)
DEBUG:paramiko.transport:starting thread (client mode): 0x2203d970
DEBUG:paramiko.transport:starting thread (client mode): 0x22031670
DEBUG:paramiko.transport:Local version/idstring: SSH-2.0-paramiko_2.7.1
DEBUG:paramiko.transport:Local version/idstring: SSH-2.0-paramiko_2.7.1
DEBUG:paramiko.transport:starting thread (client mode): 0x22026af0
DEBUG:paramiko.transport:Local version/idstring: SSH-2.0-paramiko_2.7.1
DEBUG:paramiko.transport:kex algos:['diffie-hellman-group1-sha1'] server key:['ssh-rsa'] client encrypt:['aes128-cbc', '3des-cbc', 'aes192-cbc', 'aes256-cbc'] server encrypt:['aes128-cbc', '3des-cbc', 'aes192-cbc', 'aes256-cbc'] client mac:['hmac-sha1', 'hmac-sha1-96', 'hmac-md5', 'hmac-md5-96'] server mac:['hmac-sha1', 'hmac-sha1-96', 'hmac-md5', 'hmac-md5-96'] client compress:['none'] server compress:['none'] client lang:[''] server lang:[''] kex follows?False
DEBUG:paramiko.transport:Kex agreed: diffie-hellman-group1-sha1
DEBUG:paramiko.transport:HostKey agreed: ssh-rsa
DEBUG:paramiko.transport:Cipher agreed: aes128-cbc
DEBUG:paramiko.transport:MAC agreed: hmac-sha1
DEBUG:paramiko.transport:Compression agreed: none
DEBUG:paramiko.transport:starting thread (client mode): 0x2203df40
DEBUG:paramiko.transport:starting thread (client mode): 0x22026fd0
DEBUG:paramiko.transport:Local version/idstring: SSH-2.0-paramiko_2.7.1
DEBUG:paramiko.transport:Remote version/idstring: SSH-2.0-Cisco-1.25
INFO:paramiko.transport:Connected (version 2.0, client Cisco-1.25)
DEBUG:paramiko.transport:starting thread (client mode): 0x2203dca0
DEBUG:paramiko.transport:Local version/idstring: SSH-2.0-paramiko_2.7.1
DEBUG:paramiko.transport:Local version/idstring: SSH-2.0-paramiko_2.7.1
DEBUG:paramiko.transport:starting thread (client mode): 0x22031340
DEBUG:paramiko.transport:Local version/idstring: SSH-2.0-paramiko_2.7.1
DEBUG:paramiko.transport:Remote version/idstring: SSH-1.99-Cisco-1.25
INFO:paramiko.transport:Connected (version 1.99, client Cisco-1.25)
DEBUG:paramiko.transport:Remote version/idstring: SSH-2.0-Cisco-1.25
DEBUG:paramiko.transport:starting thread (client mode): 0x22031e50
INFO:paramiko.transport:Connected (version 2.0, client Cisco-1.25)
DEBUG:paramiko.transport:kex algos:['diffie-hellman-group1-sha1'] server key:['ssh-rsa'] client encrypt:['aes128-cbc', '3des-cbc', 'aes192-cbc', 'aes256-cbc'] server encrypt:['aes128-cbc', '3des-cbc', 'aes192-cbc', 'aes256-cbc'] client mac:['hmac-sha1', 'hmac-sha1-96', 'hmac-md5', 'hmac-md5-96'] server mac:['hmac-sha1', 'hmac-sha1-96', 'hmac-md5', 'hmac-md5-96'] client compress:['none'] server compress:['none'] client lang:[''] server lang:[''] kex follows?False
DEBUG:paramiko.transport:Kex agreed: diffie-hellman-group1-sha1
DEBUG:paramiko.transport:HostKey agreed: ssh-rsa
DEBUG:paramiko.transport:Cipher agreed: aes128-cbc
DEBUG:paramiko.transport:MAC agreed: hmac-sha1
DEBUG:paramiko.transport:Compression agreed: none
DEBUG:paramiko.transport:Local version/idstring: SSH-2.0-paramiko_2.7.1
DEBUG:paramiko.transport:Remote version/idstring: SSH-2.0-Cisco-1.25
DEBUG:paramiko.transport:kex algos:['diffie-hellman-group-exchange-sha1', 'diffie-hellman-group14-sha1', 'diffie-hellman-group1-sha1'] server key:['ssh-rsa'] client encrypt:['aes128-cbc', '3des-cbc', 'aes192-cbc', 'aes256-cbc'] server encrypt:['aes128-cbc', '3des-cbc', 'aes192-cbc', 'aes256-cbc'] client mac:['hmac-sha1', 'hmac-sha1-96', 'hmac-md5', 'hmac-md5-96'] server mac:['hmac-sha1', 'hmac-sha1-96', 'hmac-md5', 'hmac-md5-96'] client compress:['none'] server compress:['none'] client lang:[''] server lang:[''] kex follows?False
INFO:paramiko.transport:Connected (version 2.0, client Cisco-1.25)
DEBUG:paramiko.transport:kex algos:['diffie-hellman-group-exchange-sha1', 'diffie-hellman-group14-sha1', 'diffie-hellman-group1-sha1'] server key:['ssh-rsa'] client encrypt:['aes128-cbc', '3des-cbc', 'aes192-cbc', 'aes256-cbc'] server encrypt:['aes128-cbc', '3des-cbc', 'aes192-cbc', 'aes256-cbc'] client mac:['hmac-sha1', 'hmac-sha1-96', 'hmac-md5', 'hmac-md5-96'] server mac:['hmac-sha1', 'hmac-sha1-96', 'hmac-md5', 'hmac-md5-96'] client compress:['none'] server compress:['none'] client lang:[''] server lang:[''] kex follows?False
DEBUG:paramiko.transport:Kex agreed: diffie-hellman-group-exchange-sha1
DEBUG:paramiko.transport:Kex agreed: diffie-hellman-group-exchange-sha1
DEBUG:paramiko.transport:Remote version/idstring: SSH-2.0-Cisco-1.25
DEBUG:paramiko.transport:HostKey agreed: ssh-rsa
DEBUG:paramiko.transport:HostKey agreed: ssh-rsa
INFO:paramiko.transport:Connected (version 2.0, client Cisco-1.25)
DEBUG:paramiko.transport:Cipher agreed: aes128-cbc
DEBUG:paramiko.transport:Cipher agreed: aes128-cbc
DEBUG:paramiko.transport:MAC agreed: hmac-sha1
DEBUG:paramiko.transport:MAC agreed: hmac-sha1
DEBUG:paramiko.transport:Compression agreed: none
DEBUG:paramiko.transport:Compression agreed: none
DEBUG:paramiko.transport:Remote version/idstring: SSH-2.0-Cisco-1.25
DEBUG:paramiko.transport:Remote version/idstring: SSH-2.0-Cisco-1.25
INFO:paramiko.transport:Connected (version 2.0, client Cisco-1.25)
INFO:paramiko.transport:Connected (version 2.0, client Cisco-1.25)
DEBUG:paramiko.transport:kex algos:['diffie-hellman-group-exchange-sha1', 'diffie-hellman-group14-sha1', 'diffie-hellman-group1-sha1'] server key:['ssh-rsa'] client encrypt:['aes128-cbc', '3des-cbc', 'aes192-cbc', 'aes256-cbc'] server encrypt:['aes128-cbc', '3des-cbc', 'aes192-cbc', 'aes256-cbc'] client mac:['hmac-sha1', 'hmac-sha1-96', 'hmac-md5', 'hmac-md5-96'] server mac:['hmac-sha1', 'hmac-sha1-96', 'hmac-md5', 'hmac-md5-96'] client compress:['none'] server compress:['none'] client lang:[''] server lang:[''] kex follows?False
DEBUG:paramiko.transport:Kex agreed: diffie-hellman-group-exchange-sha1
DEBUG:paramiko.transport:HostKey agreed: ssh-rsa
DEBUG:paramiko.transport:Cipher agreed: aes128-cbc
DEBUG:paramiko.transport:MAC agreed: hmac-sha1
DEBUG:paramiko.transport:Compression agreed: none
DEBUG:paramiko.transport:Remote version/idstring: SSH-1.99-Cisco-1.25
INFO:paramiko.transport:Connected (version 1.99, client Cisco-1.25)
DEBUG:paramiko.transport:kex algos:['diffie-hellman-group-exchange-sha1', 'diffie-hellman-group14-sha1', 'diffie-hellman-group1-sha1'] server key:['ssh-rsa'] client encrypt:['aes128-cbc', '3des-cbc', 'aes192-cbc', 'aes256-cbc'] server encrypt:['aes128-cbc', '3des-cbc', 'aes192-cbc', 'aes256-cbc'] client mac:['hmac-sha1', 'hmac-sha1-96', 'hmac-md5', 'hmac-md5-96'] server mac:['hmac-sha1', 'hmac-sha1-96', 'hmac-md5', 'hmac-md5-96'] client compress:['none'] server compress:['none'] client lang:[''] server lang:[''] kex follows?False
DEBUG:paramiko.transport:Kex agreed: diffie-hellman-group-exchange-sha1
DEBUG:paramiko.transport:HostKey agreed: ssh-rsa
DEBUG:paramiko.transport:Cipher agreed: aes128-cbc
DEBUG:paramiko.transport:MAC agreed: hmac-sha1
DEBUG:paramiko.transport:Compression agreed: none
DEBUG:paramiko.transport:kex algos:['diffie-hellman-group-exchange-sha1', 'diffie-hellman-group14-sha1', 'diffie-hellman-group1-sha1'] server key:['ssh-rsa'] client encrypt:['aes128-cbc', '3des-cbc', 'aes192-cbc', 'aes256-cbc'] server encrypt:['aes128-cbc', '3des-cbc', 'aes192-cbc', 'aes256-cbc'] client mac:['hmac-sha1', 'hmac-sha1-96', 'hmac-md5', 'hmac-md5-96'] server mac:['hmac-sha1', 'hmac-sha1-96', 'hmac-md5', 'hmac-md5-96'] client compress:['none'] server compress:['none'] client lang:[''] server lang:[''] kex follows?False
DEBUG:paramiko.transport:Kex agreed: diffie-hellman-group-exchange-sha1
DEBUG:paramiko.transport:HostKey agreed: ssh-rsa
DEBUG:paramiko.transport:kex algos:['diffie-hellman-group-exchange-sha1', 'diffie-hellman-group14-sha1', 'diffie-hellman-group1-sha1'] server key:['ssh-rsa'] client encrypt:['aes128-cbc', '3des-cbc', 'aes192-cbc', 'aes256-cbc'] server encrypt:['aes128-cbc', '3des-cbc', 'aes192-cbc', 'aes256-cbc'] client mac:['hmac-sha1', 'hmac-sha1-96', 'hmac-md5', 'hmac-md5-96'] server mac:['hmac-sha1', 'hmac-sha1-96', 'hmac-md5', 'hmac-md5-96'] client compress:['none'] server compress:['none'] client lang:[''] server lang:[''] kex follows?False
DEBUG:paramiko.transport:Cipher agreed: aes128-cbc
DEBUG:paramiko.transport:Kex agreed: diffie-hellman-group-exchange-sha1
DEBUG:paramiko.transport:MAC agreed: hmac-sha1
DEBUG:paramiko.transport:HostKey agreed: ssh-rsa
DEBUG:paramiko.transport:Compression agreed: none
DEBUG:paramiko.transport:Cipher agreed: aes128-cbc
DEBUG:paramiko.transport:MAC agreed: hmac-sha1
DEBUG:paramiko.transport:Compression agreed: none
DEBUG:paramiko.transport:Got server p (2048 bits)
DEBUG:paramiko.transport:Got server p (2048 bits)
DEBUG:paramiko.transport:Got server p (2048 bits)
DEBUG:paramiko.transport:Got server p (2048 bits)
DEBUG:paramiko.transport:kex algos:['diffie-hellman-group-exchange-sha1', 'diffie-hellman-group14-sha1', 'diffie-hellman-group1-sha1'] server key:['ssh-rsa'] client encrypt:['aes128-cbc', '3des-cbc', 'aes192-cbc', 'aes256-cbc'] server encrypt:['aes128-cbc', '3des-cbc', 'aes192-cbc', 'aes256-cbc'] client mac:['hmac-sha1', 'hmac-sha1-96', 'hmac-md5', 'hmac-md5-96'] server mac:['hmac-sha1', 'hmac-sha1-96', 'hmac-md5', 'hmac-md5-96'] client compress:['none'] server compress:['none'] client lang:[''] server lang:[''] kex follows?False
DEBUG:paramiko.transport:Kex agreed: diffie-hellman-group-exchange-sha1
DEBUG:paramiko.transport:HostKey agreed: ssh-rsa
DEBUG:paramiko.transport:Cipher agreed: aes128-cbc
DEBUG:paramiko.transport:MAC agreed: hmac-sha1
DEBUG:paramiko.transport:Compression agreed: none
DEBUG:paramiko.transport:Got server p (2048 bits)
DEBUG:paramiko.transport:Got server p (2048 bits)
DEBUG:paramiko.transport:Got server p (2048 bits)
DEBUG:paramiko.transport:kex engine KexGex specified hash_algo <built-in function openssl_sha1>
DEBUG:paramiko.transport:kex engine KexGroup1 specified hash_algo <built-in function openssl_sha1>
DEBUG:paramiko.transport:kex engine KexGex specified hash_algo <built-in function openssl_sha1>
DEBUG:paramiko.transport:kex engine KexGex specified hash_algo <built-in function openssl_sha1>
DEBUG:paramiko.transport:Switch to new keys ...
DEBUG:paramiko.transport:Switch to new keys ...
DEBUG:paramiko.transport:Switch to new keys ...
DEBUG:paramiko.transport:kex engine KexGroup1 specified hash_algo <built-in function openssl_sha1>
DEBUG:paramiko.transport:Adding ssh-rsa host key for 123.123.1.16: b'1c85ef063bd93c1565f4826bb82f26fd'
DEBUG:paramiko.transport:kex engine KexGex specified hash_algo <built-in function openssl_sha1>
DEBUG:paramiko.transport:Adding ssh-rsa host key for 123.123.1.15: b'15c19f48f5899b154df7a80698b56034'
DEBUG:paramiko.transport:Switch to new keys ...
DEBUG:paramiko.transport:Adding ssh-rsa host key for 123.123.1.14: b'7aea766b56198c00a915d0a620f89c87'
DEBUG:paramiko.transport:Switch to new keys ...
DEBUG:paramiko.transport:Switch to new keys ...
DEBUG:paramiko.transport:Adding ssh-rsa host key for 123.123.1.17: b'7aea8ef985ee2a4c9521fd46af50ff9c'
DEBUG:paramiko.transport:Adding ssh-rsa host key for 123.123.1.11: b'21d1094a344929c9eca5703098b9e67a'
DEBUG:paramiko.transport:Adding ssh-rsa host key for 123.123.1.18: b'a4da7fb29dcdd65dd80304f489202085'
DEBUG:paramiko.transport:kex engine KexGex specified hash_algo <built-in function openssl_sha1>
DEBUG:paramiko.transport:Switch to new keys ...
DEBUG:paramiko.transport:Adding ssh-rsa host key for 123.123.1.13: b'cec2a3a33e83b6b9222dbc0e408ca84e'
DEBUG:paramiko.transport:kex engine KexGex specified hash_algo <built-in function openssl_sha1>
DEBUG:paramiko.transport:Switch to new keys ...
DEBUG:paramiko.transport:Adding ssh-rsa host key for 123.123.1.19: b'08ddefb1f4824b884799501ba0cfadd8'
DEBUG:paramiko.transport:userauth is OK
DEBUG:paramiko.transport:userauth is OK
DEBUG:paramiko.transport:userauth is OK
DEBUG:paramiko.transport:kex engine KexGex specified hash_algo <built-in function openssl_sha1>
DEBUG:paramiko.transport:Switch to new keys ...
DEBUG:paramiko.transport:Adding ssh-rsa host key for 123.123.1.12: b'f05d3c38c9d8395c49a0fc3423174fdc'
INFO:paramiko.transport:Authentication (password) successful!
DEBUG:paramiko.transport:[chan 0] Max packet in: 32768 bytes
INFO:paramiko.transport:Authentication (password) successful!
DEBUG:paramiko.transport:[chan 0] Max packet in: 32768 bytes
INFO:paramiko.transport:Authentication (password) successful!
DEBUG:paramiko.transport:[chan 0] Max packet in: 32768 bytes
DEBUG:paramiko.transport:[chan 0] Max packet out: 4096 bytes
DEBUG:paramiko.transport:Secsh channel 0 opened.
DEBUG:paramiko.transport:userauth is OK
DEBUG:paramiko.transport:[chan 0] Max packet out: 4096 bytes
DEBUG:paramiko.transport:Secsh channel 0 opened.
DEBUG:paramiko.transport:userauth is OK
DEBUG:paramiko.transport:[chan 0] Sesch channel 0 request ok
DEBUG:paramiko.transport:[chan 0] Max packet out: 4096 bytes
DEBUG:paramiko.transport:Secsh channel 0 opened.
DEBUG:paramiko.transport:userauth is OK
DEBUG:paramiko.transport:[chan 0] Sesch channel 0 request ok
DEBUG:paramiko.transport:[chan 0] Sesch channel 0 request ok
DEBUG:paramiko.transport:[chan 0] Sesch channel 0 request ok
INFO:paramiko.transport:Authentication (password) successful!
DEBUG:paramiko.transport:[chan 0] Max packet in: 32768 bytes
DEBUG:paramiko.transport:[chan 0] Sesch channel 0 request ok
INFO:paramiko.transport:Authentication (password) successful!
DEBUG:paramiko.transport:[chan 0] Max packet in: 32768 bytes
DEBUG:paramiko.transport:[chan 0] Max packet out: 4096 bytes
DEBUG:paramiko.transport:Secsh channel 0 opened.
DEBUG:paramiko.transport:[chan 0] Sesch channel 0 request ok
DEBUG:paramiko.transport:[chan 0] Max packet out: 4096 bytes
DEBUG:paramiko.transport:Secsh channel 0 opened.
DEBUG:paramiko.transport:[chan 0] Sesch channel 0 request ok
DEBUG:paramiko.transport:[chan 0] Sesch channel 0 request ok
DEBUG:paramiko.transport:[chan 0] Sesch channel 0 request ok
DEBUG:paramiko.transport:[chan 0] Sesch channel 0 request ok
DEBUG:paramiko.transport:userauth is OK
DEBUG:paramiko.transport:userauth is OK
INFO:paramiko.transport:Authentication (password) successful!
DEBUG:paramiko.transport:userauth is OK
DEBUG:paramiko.transport:[chan 0] Max packet in: 32768 bytes
INFO:paramiko.transport:Authentication (password) successful!
DEBUG:paramiko.transport:[chan 0] Max packet in: 32768 bytes
INFO:paramiko.transport:Authentication (password) successful!
DEBUG:paramiko.transport:[chan 0] Max packet out: 4096 bytes
DEBUG:paramiko.transport:Secsh channel 0 opened.
DEBUG:paramiko.transport:[chan 0] Max packet in: 32768 bytes
DEBUG:paramiko.transport:[chan 0] Max packet out: 4096 bytes
DEBUG:paramiko.transport:Secsh channel 0 opened.
DEBUG:paramiko.transport:[chan 0] Max packet out: 4096 bytes
DEBUG:paramiko.transport:Secsh channel 0 opened.
DEBUG:paramiko.transport:[chan 0] Sesch channel 0 request ok
DEBUG:paramiko.transport:[chan 0] Sesch channel 0 request ok
DEBUG:paramiko.transport:[chan 0] Sesch channel 0 request ok
DEBUG:paramiko.transport:[chan 0] Sesch channel 0 request ok
DEBUG:paramiko.transport:[chan 0] Sesch channel 0 request ok
DEBUG:paramiko.transport:[chan 0] Sesch channel 0 request ok
DEBUG:netmiko:read_channel: 
CR-SW1>
DEBUG:netmiko:read_channel: CAMP-1>
DEBUG:netmiko:read_channel: CR-R2>
DEBUG:netmiko:read_channel: CAMP-2>
DEBUG:netmiko:read_channel: SD-WN>
DEBUG:netmiko:read_channel: 
DEBUG:netmiko:read_channel: 
DEBUG:netmiko:read_channel: 
DEBUG:netmiko:read_channel: 
DEBUG:netmiko:read_channel: 
DEBUG:netmiko:read_channel: Only Authorized Users granted. Unauthorized access prohibited!B2>
DEBUG:netmiko:read_channel: CR-R1>
DEBUG:netmiko:read_channel: DC>
DEBUG:netmiko:read_channel: 
DEBUG:netmiko:read_channel: 
DEBUG:netmiko:read_channel: 
INFO:paramiko.transport:Authentication (password) failed.
DEBUG:paramiko.transport:EOF in transport thread
DEBUG:netmiko:read_channel: 
DEBUG:netmiko:read_channel: 
DEBUG:netmiko:read_channel: 
DEBUG:netmiko:read_channel: 
DEBUG:netmiko:read_channel: 
DEBUG:netmiko:read_channel: 
DEBUG:netmiko:write_channel: b'\n'
DEBUG:netmiko:read_channel: 
DEBUG:netmiko:write_channel: b'\n'
DEBUG:netmiko:read_channel: 
DEBUG:netmiko:write_channel: b'\n'
DEBUG:netmiko:read_channel: 
DEBUG:netmiko:write_channel: b'\n'
DEBUG:netmiko:read_channel: 
DEBUG:netmiko:write_channel: b'\n'
DEBUG:netmiko:read_channel: 
CR-SW1>
DEBUG:netmiko:read_channel: 
CAMP-1>
DEBUG:netmiko:read_channel: 
CR-R2>
DEBUG:netmiko:read_channel: 
DEBUG:netmiko:read_channel: 
DEBUG:netmiko:read_channel: 
CAMP-2>
DEBUG:netmiko:read_channel: 
SD-WN>
DEBUG:netmiko:read_channel: 
DEBUG:netmiko:read_channel: 
DEBUG:netmiko:read_channel: 
DEBUG:netmiko:write_channel: b'\n'
DEBUG:netmiko:write_channel: b'\n'
DEBUG:netmiko:read_channel: 
DEBUG:netmiko:write_channel: b'\n'
DEBUG:netmiko:read_channel: 
DEBUG:netmiko:[find_prompt()]: prompt is CR-SW1>
DEBUG:netmiko:read_channel: 
DEBUG:netmiko:[find_prompt()]: prompt is CAMP-1>
DEBUG:netmiko:read_channel: 
DEBUG:netmiko:[find_prompt()]: prompt is CR-R2>
DEBUG:netmiko:read_channel: 
DEBUG:netmiko:[find_prompt()]: prompt is CAMP-2>
DEBUG:netmiko:read_channel: 
B2>
DEBUG:netmiko:read_channel: 
CR-R1>
DEBUG:netmiko:read_channel: 
DEBUG:netmiko:[find_prompt()]: prompt is SD-WN>
DEBUG:netmiko:read_channel: 
DC>
DEBUG:netmiko:read_channel: 
DEBUG:netmiko:In disable_paging
DEBUG:netmiko:Command: terminal length 0

DEBUG:netmiko:write_channel: b'terminal length 0\n'
DEBUG:netmiko:Pattern is: CR\-SW1
DEBUG:netmiko:read_channel: 
DEBUG:netmiko:In disable_paging
DEBUG:netmiko:Command: terminal length 0

DEBUG:netmiko:write_channel: b'terminal length 0\n'
DEBUG:netmiko:Pattern is: CAMP\-1
DEBUG:netmiko:read_channel: 
DEBUG:netmiko:In disable_paging
DEBUG:netmiko:Command: terminal length 0

DEBUG:netmiko:write_channel: b'terminal length 0\n'
DEBUG:netmiko:Pattern is: CR\-R2
DEBUG:netmiko:_read_channel_expect read_data: t
DEBUG:netmiko:_read_channel_expect read_data: t
DEBUG:netmiko:_read_channel_expect read_data: t
DEBUG:netmiko:read_channel: 
DEBUG:netmiko:In disable_paging
DEBUG:netmiko:Command: terminal length 0

DEBUG:netmiko:write_channel: b'terminal length 0\n'
DEBUG:netmiko:Pattern is: CAMP\-2
DEBUG:netmiko:read_channel: 
DEBUG:netmiko:[find_prompt()]: prompt is B2>
DEBUG:netmiko:read_channel: 
DEBUG:netmiko:[find_prompt()]: prompt is CR-R1>
DEBUG:netmiko:read_channel: 
DEBUG:netmiko:In disable_paging
DEBUG:netmiko:Command: terminal length 0

DEBUG:netmiko:write_channel: b'terminal length 0\n'
DEBUG:netmiko:Pattern is: SD\-WN
DEBUG:netmiko:read_channel: 
DEBUG:netmiko:[find_prompt()]: prompt is DC>
DEBUG:netmiko:_read_channel_expect read_data: t
DEBUG:netmiko:_read_channel_expect read_data: terminal length 
DEBUG:netmiko:_read_channel_expect read_data: erminal length 0
CR-R2>
DEBUG:netmiko:Pattern found: CR\-R2 terminal length 0
CR-R2>
DEBUG:netmiko:terminal length 0
CR-R2>
DEBUG:netmiko:Exiting disable_paging
DEBUG:netmiko:write_channel: b'terminal width 511\n'
DEBUG:netmiko:Pattern is: CR\-R2
DEBUG:netmiko:_read_channel_expect read_data: erminal le
DEBUG:netmiko:_read_channel_expect read_data: erminal length 0
CAMP-1>
DEBUG:netmiko:Pattern found: CAMP\-1 terminal length 0
CAMP-1>
DEBUG:netmiko:terminal length 0
CAMP-1>
DEBUG:netmiko:Exiting disable_paging
DEBUG:netmiko:write_channel: b'terminal width 511\n'
DEBUG:netmiko:Pattern is: CAMP\-1
DEBUG:netmiko:_read_channel_expect read_data: te
DEBUG:netmiko:_read_channel_expect read_data: t
DEBUG:netmiko:_read_channel_expect read_data: erminal length 0
SD-WN>
DEBUG:netmiko:Pattern found: SD\-WN terminal length 0
SD-WN>
DEBUG:netmiko:terminal length 0
SD-WN>
DEBUG:netmiko:Exiting disable_paging
DEBUG:netmiko:_read_channel_expect read_data: 0
CAMP-2>
DEBUG:netmiko:Pattern found: CAMP\-2 terminal length 0
CAMP-2>
DEBUG:netmiko:terminal length 0
CAMP-2>
DEBUG:netmiko:write_channel: b'terminal width 511\n'
DEBUG:netmiko:Pattern is: SD\-WN
DEBUG:netmiko:Exiting disable_paging
DEBUG:netmiko:write_channel: b'terminal width 511\n'
DEBUG:netmiko:Pattern is: CAMP\-2
DEBUG:netmiko:_read_channel_expect read_data: t
DEBUG:netmiko:_read_channel_expect read_data: t
DEBUG:netmiko:_read_channel_expect read_data: ngth 0
CR-SW1>
DEBUG:netmiko:Pattern found: CR\-SW1 terminal length 0
CR-SW1>
DEBUG:netmiko:terminal length 0
CR-SW1>
DEBUG:netmiko:Exiting disable_paging
DEBUG:netmiko:write_channel: b'terminal width 511\n'
DEBUG:netmiko:Pattern is: CR\-SW1
DEBUG:netmiko:read_channel: 
DEBUG:netmiko:In disable_paging
DEBUG:netmiko:Command: terminal length 0

DEBUG:netmiko:_read_channel_expect read_data: rminal width 511
CR-R2>
DEBUG:netmiko:Pattern found: CR\-R2 terminal width 511
CR-R2>
DEBUG:netmiko:write_channel: b'terminal length 0\n'
DEBUG:netmiko:Pattern is: B2
DEBUG:netmiko:_read_channel_expect read_data: erminal width 511
CAMP-1>
DEBUG:netmiko:_read_channel_expect read_data: t
DEBUG:netmiko:read_channel: 
DEBUG:netmiko:Pattern found: CAMP\-1 terminal width 511
CAMP-1>
DEBUG:netmiko:In disable_paging
DEBUG:netmiko:Command: terminal length 0

DEBUG:netmiko:write_channel: b'terminal length 0\n'
DEBUG:netmiko:Pattern is: CR\-R1
DEBUG:netmiko:read_channel: 
DEBUG:netmiko:In disable_paging
DEBUG:netmiko:Command: terminal length 0

DEBUG:netmiko:write_channel: b'terminal length 0\n'
DEBUG:netmiko:Pattern is: DC
DEBUG:netmiko:_read_channel_expect read_data: t
DEBUG:netmiko:_read_channel_expect read_data: t
DEBUG:netmiko:_read_channel_expect read_data: t
DEBUG:netmiko:_read_channel_expect read_data: erminal width 511
SD-WN>
DEBUG:netmiko:_read_channel_expect read_data: erminal width 511
CAMP-2>
DEBUG:netmiko:Pattern found: SD\-WN terminal width 511
SD-WN>
DEBUG:netmiko:Pattern found: CAMP\-2 terminal width 511
CAMP-2>
DEBUG:netmiko:_read_channel_expect read_data: erminal w
DEBUG:netmiko:_read_channel_expect read_data: erminal length 0
CR-R1>
DEBUG:netmiko:Pattern found: CR\-R1 terminal length 0
CR-R1>
DEBUG:netmiko:terminal length 0
CR-R1>
DEBUG:netmiko:Exiting disable_paging
DEBUG:netmiko:write_channel: b'terminal width 511\n'
DEBUG:netmiko:Pattern is: CR\-R1
DEBUG:netmiko:_read_channel_expect read_data: erminal length 0
B2>
DEBUG:netmiko:Pattern found: B2 terminal length 0
B2>
DEBUG:netmiko:terminal length 0
B2>
DEBUG:netmiko:Exiting disable_paging
DEBUG:netmiko:write_channel: b'terminal width 511\n'
DEBUG:netmiko:Pattern is: B2
DEBUG:netmiko:_read_channel_expect read_data: erminal length 0
DC>
DEBUG:netmiko:Pattern found: DC terminal length 0
DC>
DEBUG:netmiko:terminal length 0
DC>
DEBUG:netmiko:Exiting disable_paging
DEBUG:netmiko:write_channel: b'terminal width 511\n'
DEBUG:netmiko:_read_channel_expect read_data: t
DEBUG:netmiko:_read_channel_expect read_data: t
DEBUG:netmiko:Pattern is: DC
DEBUG:netmiko:_read_channel_expect read_data: t
DEBUG:netmiko:_read_channel_expect read_data: idth 511
CR-SW1>
DEBUG:netmiko:Pattern found: CR\-SW1 terminal width 511
CR-SW1>
DEBUG:netmiko:_read_channel_expect read_data: erminal width 511
CR-R1>
DEBUG:netmiko:Pattern found: CR\-R1 terminal width 511
CR-R1>
DEBUG:netmiko:_read_channel_expect read_data: erminal width 511
B2>
DEBUG:netmiko:Pattern found: B2 terminal width 511
B2>
DEBUG:netmiko:_read_channel_expect read_data: erminal width 511
DC>
DEBUG:netmiko:Pattern found: DC terminal width 511
DC>
DEBUG:netmiko:read_channel: 
DEBUG:netmiko:write_channel: b'\n'
DEBUG:netmiko:Pattern is: CR\-R2
DEBUG:netmiko:read_channel: 
DEBUG:netmiko:write_channel: b'\n'
DEBUG:netmiko:Pattern is: CAMP\-1
DEBUG:netmiko:_read_channel_expect read_data: 

DEBUG:netmiko:_read_channel_expect read_data: 

DEBUG:netmiko:read_channel: 
DEBUG:netmiko:read_channel: 
DEBUG:netmiko:write_channel: b'\n'
DEBUG:netmiko:Pattern is: SD\-WN
DEBUG:netmiko:write_channel: b'\n'
DEBUG:netmiko:Pattern is: CAMP\-2
DEBUG:netmiko:_read_channel_expect read_data: 

DEBUG:netmiko:_read_channel_expect read_data: 

DEBUG:netmiko:_read_channel_expect read_data: CR-R2>
DEBUG:netmiko:Pattern found: CR\-R2 
CR-R2>
DEBUG:netmiko:_read_channel_expect read_data: CAMP-1>
DEBUG:netmiko:write_channel: b'enable\n'
DEBUG:netmiko:Pattern found: CAMP\-1 
CAMP-1>
DEBUG:netmiko:Pattern is: (CR\-R2|ssword)
DEBUG:netmiko:write_channel: b'enable\n'
DEBUG:netmiko:Pattern is: (CAMP\-1|ssword)
DEBUG:netmiko:_read_channel_expect read_data: e
DEBUG:netmiko:_read_channel_expect read_data: e
DEBUG:netmiko:_read_channel_expect read_data: CAMP-2>
DEBUG:netmiko:Pattern found: CAMP\-2 
CAMP-2>
DEBUG:netmiko:write_channel: b'enable\n'
DEBUG:netmiko:Pattern is: (CAMP\-2|ssword)
DEBUG:netmiko:_read_channel_expect read_data: SD-WN>
DEBUG:netmiko:Pattern found: SD\-WN 
SD-WN>
DEBUG:netmiko:write_channel: b'enable\n'
DEBUG:netmiko:Pattern is: (SD\-WN|ssword)
DEBUG:netmiko:_read_channel_expect read_data: e
DEBUG:netmiko:_read_channel_expect read_data: e
DEBUG:netmiko:read_channel: 
DEBUG:netmiko:write_channel: b'\n'
DEBUG:netmiko:Pattern is: CR\-SW1
DEBUG:netmiko:_read_channel_expect read_data: 

DEBUG:netmiko:_read_channel_expect read_data: nable
Password: 
DEBUG:netmiko:Pattern found: (CR\-R2|ssword) enable
Password: 
DEBUG:netmiko:write_channel: b'cisco\n'
DEBUG:netmiko:Pattern is: CR\-R2
DEBUG:netmiko:read_channel: 
DEBUG:netmiko:write_channel: b'\n'
DEBUG:netmiko:Pattern is: CR\-R1
DEBUG:netmiko:_read_channel_expect read_data: nable
Password: 
DEBUG:netmiko:Pattern found: (CAMP\-1|ssword) enable
Password: 
DEBUG:netmiko:read_channel: 
DEBUG:netmiko:write_channel: b'cisco\n'
DEBUG:netmiko:Pattern is: CAMP\-1
DEBUG:netmiko:write_channel: b'\n'
DEBUG:netmiko:Pattern is: B2
DEBUG:netmiko:read_channel: 
DEBUG:netmiko:write_channel: b'\n'
DEBUG:netmiko:Pattern is: DC
DEBUG:netmiko:_read_channel_expect read_data: 
CR-R1>
DEBUG:netmiko:Pattern found: CR\-R1 
CR-R1>
DEBUG:netmiko:_read_channel_expect read_data: 
B2>
DEBUG:netmiko:Pattern found: B2 
B2>
DEBUG:netmiko:write_channel: b'enable\n'
DEBUG:netmiko:Pattern is: (B2|ssword)
DEBUG:netmiko:write_channel: b'enable\n'
DEBUG:netmiko:Pattern is: (CR\-R1|ssword)
DEBUG:netmiko:_read_channel_expect read_data: nable
Password: 
DEBUG:netmiko:Pattern found: (SD\-WN|ssword) enable
Password: 
DEBUG:netmiko:_read_channel_expect read_data: 
CR-R2#
DEBUG:netmiko:Pattern found: CR\-R2 
CR-R2#
DEBUG:netmiko:_read_channel_expect read_data: nable
Password: 
DEBUG:netmiko:write_channel: b'cisco\n'
DEBUG:netmiko:_read_channel_expect read_data: 

DEBUG:netmiko:_read_channel_expect read_data: e
DEBUG:netmiko:Pattern found: (CAMP\-2|ssword) enable
Password: 
DEBUG:netmiko:Pattern is: SD\-WN
DEBUG:netmiko:write_channel: b'\n'
DEBUG:netmiko:_read_channel_expect read_data: e
DEBUG:netmiko:write_channel: b'cisco\n'
DEBUG:netmiko:Pattern is: CR\-R2
DEBUG:netmiko:Pattern is: CAMP\-2
DEBUG:netmiko:_read_channel_expect read_data: 
CR-R2#
DEBUG:netmiko:Pattern found: CR\-R2 
CR-R2#
DEBUG:netmiko:_read_channel_expect read_data: 
CAMP-1#
DEBUG:netmiko:Pattern found: CAMP\-1 
CAMP-1#
DEBUG:netmiko:write_channel: b'\n'
DEBUG:netmiko:Pattern is: CAMP\-1
DEBUG:netmiko:_read_channel_expect read_data: 
SD-WN#
DEBUG:netmiko:Pattern found: SD\-WN 
SD-WN#
DEBUG:netmiko:_read_channel_expect read_data: 
CAMP-2#
DEBUG:netmiko:write_channel: b'\n'
DEBUG:netmiko:Pattern found: CAMP\-2 
CAMP-2#
DEBUG:netmiko:_read_channel_expect read_data: 

DEBUG:netmiko:Pattern is: SD\-WN
DEBUG:netmiko:write_channel: b'\n'
DEBUG:netmiko:Pattern is: CAMP\-2
DEBUG:netmiko:_read_channel_expect read_data: 

DEBUG:netmiko:_read_channel_expect read_data: 

DEBUG:netmiko:_read_channel_expect read_data: CR-SW1>
DEBUG:netmiko:Pattern found: CR\-SW1 
CR-SW1>
DEBUG:netmiko:write_channel: b'enable\n'
DEBUG:netmiko:Pattern is: (CR\-SW1|ssword)
DEBUG:netmiko:_read_channel_expect read_data: e
DEBUG:netmiko:_read_channel_expect read_data: DC>
DEBUG:netmiko:Pattern found: DC 
DC>
DEBUG:netmiko:_read_channel_expect read_data: nable
Password: 
DEBUG:netmiko:Pattern found: (B2|ssword) enable
Password: 
DEBUG:netmiko:write_channel: b'cisco\n'
DEBUG:netmiko:Pattern is: B2
DEBUG:netmiko:_read_channel_expect read_data: nable
Password: 
DEBUG:netmiko:write_channel: b'enable\n'
DEBUG:netmiko:Pattern found: (CR\-R1|ssword) enable
Password: 
DEBUG:netmiko:Pattern is: (DC|ssword)
DEBUG:netmiko:write_channel: b'cisco\n'
DEBUG:netmiko:Pattern is: CR\-R1
DEBUG:netmiko:read_channel: 
DEBUG:netmiko:write_channel: b'\n'
DEBUG:netmiko:_read_channel_expect read_data: enab
DEBUG:netmiko:_read_channel_expect read_data: CAMP-1#
DEBUG:netmiko:Pattern found: CAMP\-1 
CAMP-1#
DEBUG:netmiko:_read_channel_expect read_data: CAMP-2#
DEBUG:netmiko:_read_channel_expect read_data: SD-WN#
DEBUG:netmiko:Pattern found: CAMP\-2 
CAMP-2#
DEBUG:netmiko:Pattern found: SD\-WN 
SD-WN#
DEBUG:netmiko:_read_channel_expect read_data: 
CR-R1#
DEBUG:netmiko:Pattern found: CR\-R1 
CR-R1#
DEBUG:netmiko:write_channel: b'\n'
DEBUG:netmiko:Pattern is: CR\-R1
DEBUG:netmiko:_read_channel_expect read_data: 

DEBUG:netmiko:_read_channel_expect read_data: 
B2#
DEBUG:netmiko:Pattern found: B2 
B2#
DEBUG:netmiko:write_channel: b'\n'
DEBUG:netmiko:Pattern is: B2
DEBUG:netmiko:_read_channel_expect read_data: 
B2#
DEBUG:netmiko:Pattern found: B2 
B2#
DEBUG:netmiko:_read_channel_expect read_data: nable
Password: 
DEBUG:netmiko:Pattern found: (CR\-SW1|ssword) enable
Password: 
DEBUG:netmiko:write_channel: b'cisco\n'
DEBUG:netmiko:Pattern is: CR\-SW1
DEBUG:netmiko:read_channel: 
CR-R2#
DEBUG:netmiko:_read_channel_expect read_data: le
Password: 
DEBUG:netmiko:Pattern found: (DC|ssword) enable
Password: 
DEBUG:netmiko:write_channel: b'cisco\n'
DEBUG:netmiko:Pattern is: DC
DEBUG:netmiko:read_channel: 
DEBUG:netmiko:write_channel: b'\n'
DEBUG:netmiko:read_channel: 
DEBUG:netmiko:write_channel: b'\n'
DEBUG:netmiko:read_channel: 
DEBUG:netmiko:write_channel: b'\n'
DEBUG:netmiko:_read_channel_expect read_data: 
CR-SW1#
DEBUG:netmiko:Pattern found: CR\-SW1 
CR-SW1#
DEBUG:netmiko:write_channel: b'\n'
DEBUG:netmiko:Pattern is: CR\-SW1
DEBUG:netmiko:_read_channel_expect read_data: CR-R1#
DEBUG:netmiko:Pattern found: CR\-R1 
CR-R1#
DEBUG:netmiko:_read_channel_expect read_data: 

DEBUG:netmiko:_read_channel_expect read_data: 
DC#
DEBUG:netmiko:Pattern found: DC 
DC#
DEBUG:netmiko:write_channel: b'\n'
DEBUG:netmiko:Pattern is: DC
DEBUG:netmiko:_read_channel_expect read_data: 
DC#
DEBUG:netmiko:Pattern found: DC 
DC#
DEBUG:netmiko:read_channel: 
DEBUG:netmiko:write_channel: b'\n'
DEBUG:netmiko:read_channel: 
CAMP-1#
DEBUG:netmiko:read_channel: 
CAMP-2#
DEBUG:netmiko:read_channel: 
SD-WN#
DEBUG:netmiko:read_channel: 
DEBUG:netmiko:_read_channel_expect read_data: CR-SW1#
DEBUG:netmiko:write_channel: b'\n'
DEBUG:netmiko:Pattern found: CR\-SW1 
CR-SW1#
DEBUG:netmiko:read_channel: 
DEBUG:netmiko:write_channel: b'\n'
DEBUG:netmiko:read_channel: 
B2#
DEBUG:netmiko:read_channel: 
DEBUG:netmiko:[find_prompt()]: prompt is CR-R2#
DEBUG:netmiko:read_channel: 
CR-R1#
DEBUG:netmiko:read_channel: 
DEBUG:netmiko:write_channel: b'\n'
DEBUG:netmiko:read_channel: 
DC#
DEBUG:netmiko:read_channel: 
DEBUG:netmiko:[find_prompt()]: prompt is CAMP-1#
DEBUG:netmiko:read_channel: 
DEBUG:netmiko:[find_prompt()]: prompt is CAMP-2#
DEBUG:netmiko:read_channel: 
DEBUG:netmiko:[find_prompt()]: prompt is SD-WN#
DEBUG:netmiko:read_channel: 
CR-SW1#
DEBUG:netmiko:read_channel: 
DEBUG:netmiko:[find_prompt()]: prompt is B2#
DEBUG:netmiko:read_channel: 
DEBUG:netmiko:[find_prompt()]: prompt is CR-R1#
DEBUG:netmiko:read_channel: 
DEBUG:netmiko:[find_prompt()]: prompt is DC#
DEBUG:netmiko:read_channel: 
DEBUG:netmiko:write_channel: b'show run\n'
DEBUG:netmiko:Pattern is: show\ run
DEBUG:netmiko:_read_channel_expect read_data: s
DEBUG:netmiko:read_channel: 
DEBUG:netmiko:[find_prompt()]: prompt is CR-SW1#
DEBUG:netmiko:_read_channel_expect read_data: how run
Building configuration...

DEBUG:netmiko:Pattern found: show\ run show run
Building configuration...

DEBUG:netmiko:read_channel: 
DEBUG:netmiko:write_channel: b'show run\n'
DEBUG:netmiko:Pattern is: show\ run
DEBUG:netmiko:_read_channel_expect read_data: s
DEBUG:netmiko:read_channel: 
DEBUG:netmiko:write_channel: b'show run\n'
DEBUG:netmiko:Pattern is: show\ run
DEBUG:netmiko:read_channel: 
DEBUG:netmiko:write_channel: b'show run\n'
DEBUG:netmiko:Pattern is: show\ run
DEBUG:netmiko:_read_channel_expect read_data: s
DEBUG:netmiko:_read_channel_expect read_data: s
DEBUG:netmiko:read_channel: 
DEBUG:netmiko:write_channel: b'show run\n'
DEBUG:netmiko:Pattern is: show\ run
DEBUG:netmiko:_read_channel_expect read_data: sh
DEBUG:netmiko:_read_channel_expect read_data: how run
Building configuration...

DEBUG:netmiko:Pattern found: show\ run show run
Building configuration...

DEBUG:netmiko:_read_channel_expect read_data: how run
Building configuration...

DEBUG:netmiko:Pattern found: show\ run show run
Building configuration...

DEBUG:netmiko:_read_channel_expect read_data: how run
Building configuration...

DEBUG:netmiko:Pattern found: show\ run show run
Building configuration...

DEBUG:netmiko:read_channel: 
DEBUG:netmiko:write_channel: b'show run\n'
DEBUG:netmiko:Pattern is: show\ run
DEBUG:netmiko:_read_channel_expect read_data: s
DEBUG:netmiko:read_channel: 
DEBUG:netmiko:write_channel: b'show run\n'
DEBUG:netmiko:Pattern is: show\ run
DEBUG:netmiko:_read_channel_expect read_data: ow run
Building configuration...

DEBUG:netmiko:Pattern found: show\ run show run
Building configuration...

DEBUG:netmiko:_read_channel_expect read_data: show run
Building configuration...

DEBUG:netmiko:Pattern found: show\ run show run
Building configuration...

DEBUG:netmiko:read_channel: 
DEBUG:netmiko:read_channel: 
DEBUG:netmiko:write_channel: b'show run\n'
DEBUG:netmiko:Pattern is: show\ run
DEBUG:netmiko:_read_channel_expect read_data: how run
Building configuration...

DEBUG:netmiko:Pattern found: show\ run show run
Building configuration...

DEBUG:netmiko:_read_channel_expect read_data: s
DEBUG:netmiko:read_channel: 
DEBUG:netmiko:read_channel: 
DEBUG:netmiko:read_channel: 
DEBUG:netmiko:_read_channel_expect read_data: how run
Building configuration...

DEBUG:netmiko:Pattern found: show\ run show run
Building configuration...

DEBUG:netmiko:read_channel: 
DEBUG:netmiko:read_channel: 
DEBUG:netmiko:read_channel: 
DEBUG:netmiko:read_channel: 
DEBUG:netmiko:read_channel: 
DEBUG:netmiko:read_channel: 
DEBUG:netmiko:read_channel: 
DEBUG:netmiko:read_channel: 
DEBUG:netmiko:read_channel: 
DEBUG:netmiko:read_channel: 
DEBUG:netmiko:read_channel: 
DEBUG:netmiko:read_channel: 
DEBUG:netmiko:read_channel: 
DEBUG:netmiko:read_channel: 
DEBUG:netmiko:read_channel: 
DEBUG:netmiko:read_channel: 
DEBUG:netmiko:read_channel: 
DEBUG:netmiko:read_channel: 
DEBUG:netmiko:read_channel: 
DEBUG:netmiko:read_channel: 
DEBUG:netmiko:read_channel: 
DEBUG:netmiko:read_channel: 
DEBUG:netmiko:read_channel: 
DEBUG:netmiko:read_channel: 
DEBUG:netmiko:read_channel: 
DEBUG:netmiko:read_channel: 
DEBUG:netmiko:read_channel: 
Current configuration : 3105 bytes
!
version 15.2
service timestamps debug datetime msec
service timestamps log datetime msec
!
hostname CR-R2
!
boot-start-marker
boot-end-marker
!
!
enable secret 5 $1$i..4$rZ2z9h4GAg9loR94iXdlL/
!
no aaa new-model
no ip icmp rate-limit unreachable
ip cef
!
!
!
!
!
!
no ip domain lookup
ip domain name gns3.lab
no ipv6 cef
!
!
multilink bundle-name authenticated
!
!
file prompt quiet
!
!
!
!
!
username admin password 0 admin
username suhas privilege 15 password 0 cisco123
!
!
ip tcp synwait-time 5
ip ssh version 2
ip scp server enable
! 
!
!
!
!
!
!
!
!
!
!
!
interface Loopback190
 ip address 190.1.1.4 255.255.255.255
!
interface FastEthernet0/0
 ip address 172.16.2.1 255.255.255.252
 duplex full
!
interface FastEthernet1/0
 ip address 192.168.1.2 255.255.255.0
 speed auto
 duplex full
!
interface FastEthernet1/1
 no ip address
 shutdown
 speed auto
 duplex full
!
interface FastEthernet2/0
 no ip address
 shutdown
 speed auto
 duplex full
!
interface FastEthernet2/1
 no ip address
 shutdown
 speed auto
 duplex full
!
interface FastEthernet3/0
 description *****MNGMT*****
 ip address 123.123.1.14 255.255.255.0
 speed auto
 duplex full
!
interface FastEthernet3/1
 no ip address
 shutdown
 speed auto
 duplex full
!
!
router eigrp 100
 network 190.1.1.4 0.0.0.0
 network 192.168.1.0
 redistribute static
 redistribute bgp 4000 metric 1000 1 255 1 1500
!
router bgp 4000
 bgp log-neighbor-changes
 network 172.16.2.0 mask 255.255.255.252
 network 190.1.1.4 mask 255.255.255.255
 redistribute connected
 redistribute static
 redistribute eigrp 100
 neighbor 172.16.2.2 remote-as 3000
 neighbor 172.16.2.2 next-hop-self
!
ip forward-protocol nd
!
!
no ip http server
no ip http secure-server
!
ip access-list extended interface_acl
 remark Allow EAPoUDP
 permit udp any any eq 21862
 remark Allow DHCP
 permit udp any eq bootpc any eq bootps
 remark Allow DNS
 permit udp any any eq domain
 remark Allow HTTP access to update server
 permit tcp any host 10.0.200.30 eq www
 remark Allow ICMP for test purposes
 permit icmp any any
 remark Implicit Deny
 deny   ip any any
 permit tcp any host 190.1.1.9 eq www
 permit tcp any host 191.191.191.191 eq www
 permit tcp any host 192.192.192.192 eq www
 permit tcp any host 193.193.193.193 eq www
 permit tcp any host 194.194.194.194 eq www
 permit tcp any host 195.195.195.195 eq www
 permit tcp any host 196.196.196.196 eq www
 permit tcp any host 197.197.197.197 eq www
 permit tcp any host 198.198.198.198 eq www
 permit tcp any host 199.199.199.199 eq www
!
access-list 102 deny   tcp any any eq ftp
access-list 102 deny   tcp any any eq ftp-data
access-list 102 deny   tcp any any eq telnet
access-list 102 deny   tcp any any eq www
access-list 102 deny   tcp any any eq whois
access-list 102 deny   tcp any any eq talk
access-list 102 deny   tcp any any eq gopher
access-list 102 permit ip any any
!
!
!
control-plane
!
!
line con 0
 exec-timeout 0 0
 privilege level 15
 logging synchronous
 stopbits 1
line aux 0
 exec-timeout 0 0
 privilege level 15
 logging synchronous
 stopbits 1
line vty 0 4
 login local
 transport input ssh
!
!
end

CR-R2#
DEBUG:netmiko:read_channel: 
DEBUG:netmiko:read_channel: 
DEBUG:netmiko:write_channel: b'\n'
DEBUG:netmiko:read_channel: 
DEBUG:netmiko:read_channel: 
Current configuration : 3681 bytes
!
version 15.2
service timestamps debug datetime msec
service timestamps log datetime msec
!
hostname CAMP-2
!
boot-start-marker
boot-end-marker
!
!
enable secret 5 $1$QAlH$Fdg5xcW3AlGPC1psLQ6wV/
!
no aaa new-model
no ip icmp rate-limit unreachable
ip cef
!
!
!
!
!
!
no ip domain lookup
ip domain name gns3.lab
no ipv6 cef
!
!
multilink bundle-name authenticated
!
!
file prompt quiet
!
!
!
!
!
username admin password 0 admin
username suhas privilege 15 password 0 cisco123
!
!
ip tcp synwait-time 5
ip ssh version 2
ip scp server enable
! 
!
!
!
!
!
!
!
!
!
!
!
interface Loopback161
 ip address 161.161.161.161 255.255.255.255
!
interface Loopback162
 ip address 162.162.162.162 255.255.255.255
!
interface Loopback163
 ip address 163.163.163.163 255.255.255.255
!
interface Loopback164
 ip address 164.164.164.164 255.255.255.255
!
interface Loopback165
 ip address 165.165.165.165 255.255.255.255
!
interface Loopback166
 ip address 166.166.166.166 255.255.255.255
!
interface Loopback167
 ip address 167.167.167.167 255.255.255.255
!
interface Loopback168
 ip address 168.168.168.168 255.255.255.255
!
interface Loopback169
 ip address 169.169.169.169 255.255.255.255
!
interface Loopback190
 ip address 190.1.1.7 255.255.255.255
!
interface FastEthernet0/0
 ip address 192.168.230.1 255.255.255.252
 duplex full
!
interface FastEthernet1/0
 no ip address
 shutdown
 speed auto
 duplex full
!
interface FastEthernet1/1
 no ip address
 shutdown
 speed auto
 duplex full
!
interface FastEthernet2/0
 no ip address
 shutdown
 speed auto
 duplex full
!
interface FastEthernet2/1
 no ip address
 shutdown
 speed auto
 duplex full
!
interface FastEthernet3/0
 description *****MNGMT*****
 ip address 123.123.1.17 255.255.255.0
 speed auto
 duplex full
!
interface FastEthernet3/1
 no ip address
 shutdown
 speed auto
 duplex full
!
!
router eigrp 300
 network 161.161.161.161 0.0.0.0
 network 162.162.162.162 0.0.0.0
 network 163.163.163.163 0.0.0.0
 network 164.164.164.164 0.0.0.0
 network 165.165.165.165 0.0.0.0
 network 166.166.166.166 0.0.0.0
 network 167.167.167.167 0.0.0.0
 network 168.168.168.168 0.0.0.0
 network 169.169.169.169 0.0.0.0
 network 190.1.1.7 0.0.0.0
 network 192.168.230.0 0.0.0.3
!
ip forward-protocol nd
!
!
no ip http server
no ip http secure-server
!
ip access-list extended interface_acl
 remark Allow EAPoUDP
 permit udp any any eq 21862
 remark Allow DHCP
 permit udp any eq bootpc any eq bootps
 remark Allow DNS
 permit udp any any eq domain
 remark Allow HTTP access to update server
 permit tcp any host 10.0.200.30 eq www
 remark Allow ICMP for test purposes
 permit icmp any any
 remark Implicit Deny
 deny   ip any any
 permit tcp any host 190.1.1.9 eq www
 permit tcp any host 191.191.191.191 eq www
 permit tcp any host 192.192.192.192 eq www
 permit tcp any host 193.193.193.193 eq www
 permit tcp any host 194.194.194.194 eq www
 permit tcp any host 195.195.195.195 eq www
 permit tcp any host 196.196.196.196 eq www
 permit tcp any host 197.197.197.197 eq www
 permit tcp any host 198.198.198.198 eq www
 permit tcp any host 199.199.199.199 eq www
!
access-list 102 deny   tcp any any eq ftp
access-list 102 deny   tcp any any eq ftp-data
access-list 102 deny   tcp any any eq telnet
access-list 102 deny   tcp any any eq www
access-list 102 deny   tcp any any eq whois
access-list 102 deny   tcp any any eq talk
access-list 102 deny   tcp any any eq gopher
access-list 102 permit ip any any
!
!
!
control-plane
!
!
line con 0
 exec-timeout 0 0
 privilege level 15
 logging synchronous
 stopbits 1
line aux 0
 exec-timeout 0 0
 privilege level 15
 logging synchronous
 stopbits 1
line vty 0 4
 login local
 transport input ssh
!
!
end

CAMP-2#
DEBUG:netmiko:read_channel: 
DEBUG:netmiko:read_channel: 
DEBUG:netmiko:read_channel: 
DEBUG:netmiko:read_channel: 
DEBUG:netmiko:read_channel: 
CR-R2#
DEBUG:netmiko:read_channel: 
DEBUG:netmiko:write_channel: b'\n'
DEBUG:netmiko:read_channel: 
DEBUG:netmiko:read_channel: 
Current configuration : 3681 bytes
!
version 15.2
service timestamps debug datetime msec
service timestamps log datetime msec
!
hostname CAMP-1
!
boot-start-marker
boot-end-marker
!
!
enable secret 5 $1$05Vq$r3p416FsB1kWN6zuIKyMN.
!
no aaa new-model
no ip icmp rate-limit unreachable
ip cef
!
!
!
!
!
!
no ip domain lookup
ip domain name gns3.lab
no ipv6 cef
!
!
multilink bundle-name authenticated
!
!
file prompt quiet
!
!
!
!
!
username admin password 0 admin
username suhas privilege 15 password 0 cisco123
!
!
ip tcp synwait-time 5
ip ssh version 2
ip scp server enable
! 
!
!
!
!
!
!
!
!
!
!
!
interface Loopback151
 ip address 151.151.151.151 255.255.255.255
!
interface Loopback152
 ip address 152.152.152.152 255.255.255.255
!
interface Loopback153
 ip address 153.153.153.153 255.255.255.255
!
interface Loopback154
 ip address 154.154.154.154 255.255.255.255
!
interface Loopback155
 ip address 155.155.155.155 255.255.255.255
!
interface Loopback156
 ip address 156.156.156.156 255.255.255.255
!
interface Loopback157
 ip address 157.157.157.157 255.255.255.255
!
interface Loopback158
 ip address 158.158.158.158 255.255.255.255
!
interface Loopback159
 ip address 159.159.159.159 255.255.255.255
!
interface Loopback190
 ip address 190.1.1.6 255.255.255.255
!
interface FastEthernet0/0
 ip address 192.168.200.1 255.255.255.252
 duplex full
!
interface FastEthernet1/0
 no ip address
 shutdown
 speed auto
 duplex full
!
interface FastEthernet1/1
 no ip address
 shutdown
 speed auto
 duplex full
!
interface FastEthernet2/0
 no ip address
 shutdown
 speed auto
 duplex full
!
interface FastEthernet2/1
 no ip address
 shutdown
 speed auto
 duplex full
!
interface FastEthernet3/0
 description *****MNGMT*****
 ip address 123.123.1.16 255.255.255.0
 speed auto
 duplex full
!
interface FastEthernet3/1
 no ip address
 shutdown
 speed auto
 duplex full
!
!
router eigrp 200
 network 151.151.151.151 0.0.0.0
 network 152.152.152.152 0.0.0.0
 network 153.153.153.153 0.0.0.0
 network 154.154.154.154 0.0.0.0
 network 155.155.155.155 0.0.0.0
 network 156.156.156.156 0.0.0.0
 network 157.157.157.157 0.0.0.0
 network 158.158.158.158 0.0.0.0
 network 159.159.159.159 0.0.0.0
 network 190.1.1.6 0.0.0.0
 network 192.168.200.0 0.0.0.3
!
ip forward-protocol nd
!
!
no ip http server
no ip http secure-server
!
ip access-list extended interface_acl
 remark Allow EAPoUDP
 permit udp any any eq 21862
 remark Allow DHCP
 permit udp any eq bootpc any eq bootps
 remark Allow DNS
 permit udp any any eq domain
 remark Allow HTTP access to update server
 permit tcp any host 10.0.200.30 eq www
 remark Allow ICMP for test purposes
 permit icmp any any
 remark Implicit Deny
 deny   ip any any
 permit tcp any host 190.1.1.9 eq www
 permit tcp any host 191.191.191.191 eq www
 permit tcp any host 192.192.192.192 eq www
 permit tcp any host 193.193.193.193 eq www
 permit tcp any host 194.194.194.194 eq www
 permit tcp any host 195.195.195.195 eq www
 permit tcp any host 196.196.196.196 eq www
 permit tcp any host 197.197.197.197 eq www
 permit tcp any host 198.198.198.198 eq www
 permit tcp any host 199.199.199.199 eq www
!
access-list 102 deny   tcp any any eq ftp
access-list 102 deny   tcp any any eq ftp-data
access-list 102 deny   tcp any any eq telnet
access-list 102 deny   tcp any any eq www
access-list 102 deny   tcp any any eq whois
access-list 102 deny   tcp any any eq talk
access-list 102 deny   tcp any any eq gopher
access-list 102 permit ip any any
!
!
!
control-plane
!
!
line con 0
 exec-timeout 0 0
 privilege level 15
 logging synchronous
 stopbits 1
line aux 0
 exec-timeout 0 0
 privilege level 15
 logging synchronous
 stopbits 1
line vty 0 4
 login local
 transport input ssh
!
!
end

CAMP-1#
DEBUG:netmiko:read_channel: 
DEBUG:netmiko:read_channel: 
CAMP-2#
DEBUG:netmiko:read_channel: 
DEBUG:netmiko:read_channel: 
Current configuration : 3453 bytes
!
! Last configuration change at 13:55:31 UTC Tue Aug 25 2020 by admin
!
version 15.2
service timestamps debug datetime msec
service timestamps log datetime msec
!
hostname B2
!
boot-start-marker
boot-end-marker
!
!
enable secret 5 $1$EOOT$bRs3k5uVIYPG9MdQetnMH.
!
aaa new-model
!
!
aaa authentication login default local
aaa authorization exec default local if-authenticated 
aaa accounting exec default
!
!
!
!
!
!
aaa session-id common
no ip icmp rate-limit unreachable
ip cef
!
!
!
!
!
!
no ip domain lookup
ip domain name gns3.lab
no ipv6 cef
!
!
multilink bundle-name authenticated
!
!
file prompt quiet
!
!
!
!
!
username admin password 0 admin
username suhas privilege 15 password 0 cisco123
!
!
ip tcp synwait-time 5
ip scp server enable
! 
!
!
!
!
!
!
!
!
!
!
!
interface Loopback2
 ip address 2.2.2.2 255.255.255.255
!
interface Loopback22
 ip address 22.22.22.22 255.255.255.255
!
interface Loopback190
 ip address 190.1.1.2 255.255.255.255
!
interface Loopback200
 ip address 100.100.100.100 255.255.255.255
!
interface Loopback202
 ip address 202.202.202.202 255.255.255.255
!
interface Loopback220
 ip address 220.220.220.220 255.255.255.255
!
interface Loopback222
 ip address 222.222.222.222 255.255.255.255
!
interface FastEthernet0/0
 ip address 172.16.2.2 255.255.255.252
 duplex full
!
interface FastEthernet1/0
 no ip address
 shutdown
 speed auto
 duplex auto
!
interface FastEthernet1/1
 no ip address
 shutdown
 speed auto
 duplex auto
!
interface FastEthernet2/0
 no ip address
 shutdown
 speed auto
 duplex auto
!
interface FastEthernet2/1
 no ip address
 shutdown
 speed auto
 duplex auto
!
interface FastEthernet3/0
 ip address 123.123.1.12 255.255.255.0
 speed auto
 duplex auto
!
interface FastEthernet3/1
 no ip address
 shutdown
 speed auto
 duplex auto
!
router rip
 network 0.0.0.0
!
router bgp 3000
 bgp log-neighbor-changes
 network 2.2.2.2 mask 255.255.255.255
 network 22.22.22.22 mask 255.255.255.255
 network 172.16.1.0 mask 255.255.255.252
 network 190.1.1.2 mask 255.255.255.255
 network 200.200.200.200 mask 255.255.255.255
 network 202.202.202.202 mask 255.255.255.255
 network 220.220.220.220 mask 255.255.255.255
 network 222.222.222.222 mask 255.255.255.255
 neighbor 172.16.2.1 remote-as 4000
 neighbor 172.16.2.1 default-originate
 default-information originate
!
ip forward-protocol nd
!
!
no ip http server
no ip http secure-server
!
ip access-list extended interface_acl
 remark Allow EAPoUDP
 permit udp any any eq 21862
 remark Allow DHCP
 permit udp any eq bootpc any eq bootps
 remark Allow DNS
 permit udp any any eq domain
 remark Allow HTTP access to update server
 permit tcp any host 10.0.200.30 eq www
 remark Allow ICMP for test purposes
 permit icmp any any
 remark Implicit Deny
 deny   ip any any
!
access-list 102 deny   tcp any any eq ftp
access-list 102 deny   tcp any any eq ftp-data
access-list 102 deny   tcp any any eq telnet
access-list 102 deny   tcp any any eq www
access-list 102 deny   tcp any any eq whois
access-list 102 deny   tcp any any eq talk
access-list 102 deny   tcp any any eq gopher
access-list 102 permit ip any any
!
!
!
!
control-plane
!
banner motd ^COnly Authorized Users granted. Unauthorized access prohibited!^C
!
line con 0
 exec-timeout 0 0
 privilege level 15
 logging synchronous
 stopbits 1
line aux 0
 exec-timeout 0 0
 privilege level 15
 logging synchronous
 stopbits 1
line vty 0 3
 transport input ssh
line vty 4
 transport input telnet
!
!
end

B2#
DEBUG:netmiko:read_channel: 
DEBUG:netmiko:read_channel: 
DEBUG:netmiko:[find_prompt()]: prompt is CR-R2#
DEBUG:netmiko:write_channel: b'\n'
DEBUG:netmiko:read_channel: 
DEBUG:netmiko:write_channel: b'\n'
DEBUG:netmiko:read_channel: 
DEBUG:netmiko:read_channel: 
DEBUG:netmiko:write_channel: b'\n'
DEBUG:netmiko:read_channel: 
CR-R2#
DEBUG:netmiko:read_channel: 
CAMP-1#
DEBUG:netmiko:read_channel: 
Current configuration : 4726 bytes
!
version 15.2
service timestamps debug datetime msec
service timestamps log datetime msec
!
hostname SD-WN
!
boot-start-marker
boot-end-marker
!
!
enable secret 5 $1$BB11$ZRC4nDH3N0R8Q4EoUxmRw0
!
no aaa new-model
no ip icmp rate-limit unreachable
ip cef
!
!
!
!
!
!
no ip domain lookup
ip domain name gns3.lab
no ipv6 cef
!
!
multilink bundle-name authenticated
!
!
file prompt quiet
!
!
!
!
!
username admin password 0 admin
username suhas privilege 15 password 0 cisco123
!
!
ip tcp synwait-time 5
ip ssh version 2
ip scp server enable
! 
!
!
!
!
!
!
!
!
!
!
!
interface Loopback171
 ip address 171.171.171.171 255.255.255.255
!
interface Loopback172
 ip address 172.172.172.172 255.255.255.255
!
interface Loopback173
 ip address 173.173.173.173 255.255.255.255
!
interface Loopback174
 ip address 174.174.174.174 255.255.255.255
!
interface Loopback175
 ip address 175.175.175.175 255.255.255.255
!
interface Loopback176
 ip address 176.176.176.176 255.255.255.255
!
interface Loopback177
 ip address 177.177.177.177 255.255.255.255
!
interface Loopback178
 ip address 178.178.178.178 255.255.255.255
!
interface Loopback179
 ip address 179.179.179.179 255.255.255.255
!
interface Loopback180
 ip address 180.180.180.180 255.255.255.255
!
interface Loopback181
 ip address 181.181.181.181 255.255.255.255
!
interface Loopback182
 ip address 182.182.182.182 255.255.255.255
!
interface Loopback183
 ip address 183.183.183.183 255.255.255.255
!
interface Loopback184
 ip address 184.184.184.184 255.255.255.255
!
interface Loopback185
 ip address 185.185.185.185 255.255.255.255
!
interface Loopback186
 ip address 186.186.186.186 255.255.255.255
!
interface Loopback188
 ip address 188.188.188.188 255.255.255.255
!
interface Loopback189
 ip address 189.189.189.189 255.255.255.255
!
interface Loopback190
 ip address 190.1.1.8 255.255.255.255
!
interface FastEthernet0/0
 ip address 192.188.188.1 255.255.255.252
 duplex full
!
interface FastEthernet1/0
 no ip address
 shutdown
 speed auto
 duplex full
!
interface FastEthernet1/1
 no ip address
 shutdown
 speed auto
 duplex full
!
interface FastEthernet2/0
 no ip address
 shutdown
 speed auto
 duplex full
!
interface FastEthernet2/1
 no ip address
 shutdown
 speed auto
 duplex full
!
interface FastEthernet3/0
 description *****MNGMT*****
 ip address 123.123.1.18 255.255.255.0
 speed auto
 duplex full
!
interface FastEthernet3/1
 no ip address
 shutdown
 speed auto
 duplex full
!
router ospf 400
 network 171.171.171.171 0.0.0.0 area 0
 network 172.172.172.172 0.0.0.0 area 0
 network 173.173.173.173 0.0.0.0 area 0
 network 174.174.174.174 0.0.0.0 area 0
 network 175.175.175.175 0.0.0.0 area 0
 network 176.176.176.176 0.0.0.0 area 0
 network 177.177.177.177 0.0.0.0 area 0
 network 178.178.178.178 0.0.0.0 area 0
 network 179.179.179.179 0.0.0.0 area 0
 network 180.180.180.180 0.0.0.0 area 0
 network 181.181.181.181 0.0.0.0 area 0
 network 182.182.182.182 0.0.0.0 area 0
 network 183.183.183.183 0.0.0.0 area 0
 network 184.184.184.184 0.0.0.0 area 0
 network 185.185.185.185 0.0.0.0 area 0
 network 186.186.186.186 0.0.0.0 area 0
 network 188.188.188.188 0.0.0.0 area 0
 network 189.189.189.189 0.0.0.0 area 0
 network 190.1.1.8 0.0.0.0 area 0
 network 192.188.188.0 0.0.0.3 area 0
!
ip forward-protocol nd
!
!
no ip http server
no ip http secure-server
!
ip access-list extended interface_acl
 remark Allow EAPoUDP
 permit udp any any eq 21862
 remark Allow DHCP
 permit udp any eq bootpc any eq bootps
 remark Allow DNS
 permit udp any any eq domain
 remark Allow HTTP access to update server
 permit tcp any host 10.0.200.30 eq www
 remark Allow ICMP for test purposes
 permit icmp any any
 remark Implicit Deny
 deny   ip any any
 permit tcp any host 190.1.1.9 eq www
 permit tcp any host 191.191.191.191 eq www
 permit tcp any host 192.192.192.192 eq www
 permit tcp any host 193.193.193.193 eq www
 permit tcp any host 194.194.194.194 eq www
 permit tcp any host 195.195.195.195 eq www
 permit tcp any host 196.196.196.196 eq www
 permit tcp any host 197.197.197.197 eq www
 permit tcp any host 198.198.198.198 eq www
 permit tcp any host 199.199.199.199 eq www
!
access-list 102 deny   tcp any any eq ftp
access-list 102 deny   tcp any any eq ftp-data
access-list 102 deny   tcp any any eq telnet
access-list 102 deny   tcp any any eq www
access-list 102 deny   tcp any any eq whois
access-list 102 deny   tcp any any eq talk
access-list 102 deny   tcp any any eq gopher
access-list 102 permit ip any any
!
!
!
control-plane
!
!
line con 0
 exec-timeout 0 0
 privilege level 15
 logging synchronous
 stopbits 1
line aux 0
 exec-timeout 0 0
 privilege level 15
 logging synchronous
 stopbits 1
line vty 0 4
 login local
 transport input ssh
!
!
end

SD-WN#
DEBUG:netmiko:read_channel: 
DEBUG:netmiko:[find_prompt()]: prompt is CAMP-2#
DEBUG:netmiko:write_channel: b'\n'
DEBUG:netmiko:read_channel: 
DEBUG:netmiko:read_channel: 
B2#
DEBUG:netmiko:read_channel: 
Current configuration : 4919 bytes
!
version 15.2
service timestamps debug datetime msec
service timestamps log datetime msec
!
hostname DC
!
boot-start-marker
boot-end-marker
!
!
enable secret 5 $1$0GG.$wX7GdL4sBKwe.Y3TpOk9D/
!
no aaa new-model
no ip icmp rate-limit unreachable
ip cef
!
!
!
!
!
!
no ip domain lookup
ip domain name gns3.lab
no ipv6 cef
!
!
multilink bundle-name authenticated
!
!
file prompt quiet
!
!
!
!
!
username admin password 0 admin
username suhas privilege 15 password 0 cisco123
!
!
ip tcp synwait-time 5
ip ssh version 2
ip scp server enable
! 
!
!
!
!
!
!
!
!
!
!
!
interface Loopback190
 ip address 190.1.1.9 255.255.255.255
!
interface Loopback191
 ip address 191.191.191.191 255.255.255.255
!
interface Loopback192
 ip address 192.192.192.192 255.255.255.255
!
interface Loopback193
 ip address 193.193.193.193 255.255.255.255
!
interface Loopback194
 ip address 194.194.194.194 255.255.255.255
!
interface Loopback195
 ip address 195.195.195.195 255.255.255.255
!
interface Loopback196
 ip address 196.196.196.196 255.255.255.255
!
interface Loopback199
 ip address 199.199.199.199 255.255.255.255
!
interface FastEthernet0/0
 ip address 192.168.250.1 255.255.255.252
 duplex full
!
interface FastEthernet1/0
 no ip address
 shutdown
 speed auto
 duplex full
!
interface FastEthernet1/1
 no ip address
 shutdown
 speed auto
 duplex full
!
interface FastEthernet2/0
 no ip address
 shutdown
 speed auto
 duplex full
!
interface FastEthernet2/1
 no ip address
 shutdown
 speed auto
 duplex full
!
interface FastEthernet3/0
 description *****MNGMT*****
 ip address 123.123.1.19 255.255.255.0
 speed auto
 duplex full
!
interface FastEthernet3/1
 no ip address
 shutdown
 speed auto
 duplex full
!
ip forward-protocol nd
!
!
no ip http server
no ip http secure-server
ip route 1.1.1.1 255.255.255.255 192.168.250.2 tag 900
ip route 2.2.2.2 255.255.255.255 192.168.250.2 tag 900
ip route 22.22.22.22 255.255.255.255 192.168.250.2 tag 900
ip route 92.168.230.1 255.255.255.255 192.168.250.2 tag 900
ip route 100.100.100.100 255.255.255.255 192.168.250.2 tag 900
ip route 101.101.101.101 255.255.255.255 192.168.250.2 tag 900
ip route 110.110.110.110 255.255.255.255 192.168.250.2 tag 900
ip route 111.111.111.111 255.255.255.255 192.168.250.2 tag 900
ip route 151.151.151.151 255.255.255.255 192.168.250.2 tag 900
ip route 152.152.152.152 255.255.255.255 192.168.250.2 tag 900
ip route 153.153.153.153 255.255.255.255 192.168.250.2 tag 900
ip route 154.154.154.154 255.255.255.255 192.168.250.2 tag 900
ip route 155.155.155.155 255.255.255.255 192.168.250.2 tag 900
ip route 156.156.156.156 255.255.255.255 192.168.250.2 tag 900
ip route 157.157.157.157 255.255.255.255 192.168.250.2 tag 900
ip route 158.158.158.158 255.255.255.255 192.168.250.2 tag 900
ip route 172.16.1.1 255.255.255.255 192.168.250.2 tag 900
ip route 172.16.2.1 255.255.255.255 192.168.250.2 tag 900
ip route 190.1.1.1 255.255.255.255 192.168.250.2 tag 900
ip route 190.1.1.2 255.255.255.255 192.168.250.2 tag 900
ip route 190.1.1.3 255.255.255.255 192.168.250.2 tag 900
ip route 190.1.1.4 255.255.255.255 192.168.250.2 tag 900
ip route 190.1.1.6 255.255.255.255 192.168.250.2 tag 900
ip route 192.168.1.1 255.255.255.255 192.168.250.2 tag 900
ip route 192.168.1.2 255.255.255.255 192.168.250.2 tag 900
ip route 192.168.200.1 255.255.255.255 192.168.250.2 tag 900
ip route 202.202.202.202 255.255.255.255 192.168.250.2 tag 900
ip route 220.220.220.220 255.255.255.255 192.168.250.2 tag 900
ip route 222.222.222.222 255.255.255.255 192.168.250.2 tag 900
!
ip access-list extended interface_acl
 remark Allow EAPoUDP
 permit udp any any eq 21862
 remark Allow DHCP
 permit udp any eq bootpc any eq bootps
 remark Allow DNS
 permit udp any any eq domain
 remark Allow HTTP access to update server
 permit tcp any host 10.0.200.30 eq www
 remark Allow ICMP for test purposes
 permit icmp any any
 remark Implicit Deny
 deny   ip any any
 permit tcp any host 190.1.1.9 eq www
 permit tcp any host 191.191.191.191 eq www
 permit tcp any host 192.192.192.192 eq www
 permit tcp any host 193.193.193.193 eq www
 permit tcp any host 194.194.194.194 eq www
 permit tcp any host 195.195.195.195 eq www
 permit tcp any host 196.196.196.196 eq www
 permit tcp any host 197.197.197.197 eq www
 permit tcp any host 198.198.198.198 eq www
 permit tcp any host 199.199.199.199 eq www
!
access-list 102 deny   tcp any any eq ftp
access-list 102 deny   tcp any any eq ftp-data
access-list 102 deny   tcp any any eq telnet
access-list 102 deny   tcp any any eq www
access-list 102 deny   tcp any any eq whois
access-list 102 deny   tcp any any eq talk
access-list 102 deny   tcp any any eq gopher
access-list 102 permit ip any any
!
!
!
control-plane
!
!
line con 0
 exec-timeout 0 0
 privilege level 15
 logging synchronous
 stopbits 1
line aux 0
 exec-timeout 0 0
 privilege level 15
 logging synchronous
 stopbits 1
line vty 0 4
 login local
 transport input ssh
!
!
end

DC#
DEBUG:netmiko:read_channel: 
DEBUG:netmiko:read_channel: 
DEBUG:netmiko:write_channel: b'\n'
DEBUG:netmiko:read_channel: 
CAMP-2#
DEBUG:netmiko:read_channel: 
Current configuration : 3084 bytes
!
version 15.2
service timestamps debug datetime msec
service timestamps log datetime msec
!
hostname CR-R1
!
boot-start-marker
boot-end-marker
!
!
enable secret 5 $1$J5ER$46bCgENUD.e77PisBrQdD.
!
no aaa new-model
no ip icmp rate-limit unreachable
ip cef
!
!
!
!
!
!
no ip domain lookup
ip domain name gns3.lab
no ipv6 cef
!
!
multilink bundle-name authenticated
!
!
file prompt quiet
!
!
!
!
!
username admin password 0 admin
username suhas privilege 15 password 0 cisco123
!
!
ip tcp synwait-time 5
ip ssh version 2
ip scp server enable
! 
!
!
!
!
!
!
!
!
!
!
!
interface Loopback190
 ip address 190.1.1.3 255.255.255.255
!
interface FastEthernet0/0
 ip address 172.16.1.1 255.255.255.252
 duplex full
!
interface FastEthernet1/0
 ip address 192.168.1.1 255.255.255.0
 speed auto
 duplex full
!
interface FastEthernet1/1
 no ip address
 shutdown
 speed auto
 duplex full
!
interface FastEthernet2/0
 no ip address
 shutdown
 speed auto
 duplex full
!
interface FastEthernet2/1
 no ip address
 shutdown
 speed auto
 duplex full
!
interface FastEthernet3/0
 description *****MNGMT*****
 ip address 123.123.1.13 255.255.255.0
 speed auto
 duplex full
!
interface FastEthernet3/1
 no ip address
 shutdown
 speed auto
 duplex full
!
!
router eigrp 100
 network 190.1.1.3 0.0.0.0
 network 192.168.1.0
 redistribute bgp 2000 metric 1000 1 255 1 1500
!
router bgp 2000
 bgp log-neighbor-changes
 network 172.16.1.0 mask 255.255.255.252
 network 190.1.1.3 mask 255.255.255.255
 redistribute connected
 redistribute static
 redistribute eigrp 100
 neighbor 172.16.1.2 remote-as 1000
 neighbor 172.16.1.2 next-hop-self
!
ip forward-protocol nd
!
!
no ip http server
no ip http secure-server
!
ip access-list extended interface_acl
 remark Allow EAPoUDP
 permit udp any any eq 21862
 remark Allow DHCP
 permit udp any eq bootpc any eq bootps
 remark Allow DNS
 permit udp any any eq domain
 remark Allow HTTP access to update server
 permit tcp any host 10.0.200.30 eq www
 remark Allow ICMP for test purposes
 permit icmp any any
 remark Implicit Deny
 deny   ip any any
 permit tcp any host 190.1.1.9 eq www
 permit tcp any host 191.191.191.191 eq www
 permit tcp any host 192.192.192.192 eq www
 permit tcp any host 193.193.193.193 eq www
 permit tcp any host 194.194.194.194 eq www
 permit tcp any host 195.195.195.195 eq www
 permit tcp any host 196.196.196.196 eq www
 permit tcp any host 197.197.197.197 eq www
 permit tcp any host 198.198.198.198 eq www
 permit tcp any host 199.199.199.199 eq www
!
access-list 102 deny   tcp any any eq ftp
access-list 102 deny   tcp any any eq ftp-data
access-list 102 deny   tcp any any eq telnet
access-list 102 deny   tcp any any eq www
access-list 102 deny   tcp any any eq whois
access-list 102 deny   tcp any any eq talk
access-list 102 deny   tcp any any eq gopher
access-list 102 permit ip any any
!
!
!
control-plane
!
!
line con 0
 exec-timeout 0 0
 privilege level 15
 logging synchronous
 stopbits 1
line aux 0
 exec-timeout 0 0
 privilege level 15
 logging synchronous
 stopbits 1
line vty 0 4
 login local
 transport input ssh
!
!
end

CR-R1#
DEBUG:netmiko:read_channel: 
DEBUG:netmiko:write_channel: b'\n'
DEBUG:netmiko:read_channel: 
DEBUG:netmiko:[find_prompt()]: prompt is CAMP-1#
DEBUG:netmiko:write_channel: b'\n'
DEBUG:netmiko:read_channel: 
SD-WN#
DEBUG:netmiko:read_channel: 
DEBUG:netmiko:read_channel: 
DEBUG:netmiko:read_channel: 
DEBUG:netmiko:write_channel: b'\n'
DEBUG:netmiko:read_channel: 
DEBUG:netmiko:[find_prompt()]: prompt is B2#
DEBUG:netmiko:write_channel: b'\n'
DEBUG:netmiko:read_channel: 
DC#
DEBUG:netmiko:read_channel: 
CAMP-1#
DEBUG:netmiko:read_channel: 
CR-R1#
DEBUG:netmiko:read_channel: 
B2#
DEBUG:netmiko:read_channel: 
DEBUG:netmiko:read_channel: 
DEBUG:netmiko:[find_prompt()]: prompt is SD-WN#
DEBUG:netmiko:write_channel: b'\n'
DEBUG:netmiko:read_channel: 
DEBUG:netmiko:read_channel: 
DEBUG:netmiko:read_channel: 
DEBUG:netmiko:[find_prompt()]: prompt is DC#
DEBUG:netmiko:write_channel: b'\n'
DEBUG:netmiko:read_channel: 
SD-WN#
DEBUG:netmiko:read_channel: 
DEBUG:netmiko:[find_prompt()]: prompt is CR-R1#
DEBUG:netmiko:write_channel: b'\n'
DEBUG:netmiko:read_channel: 
DC#
DEBUG:netmiko:read_channel: 
DEBUG:netmiko:read_channel: 
DEBUG:netmiko:read_channel: 
CR-R1#
DEBUG:netmiko:read_channel: 
DEBUG:netmiko:read_channel: 
DEBUG:netmiko:read_channel: 
DEBUG:netmiko:read_channel: 
DEBUG:netmiko:read_channel: 
DEBUG:netmiko:read_channel: 
DEBUG:netmiko:read_channel: 
Current configuration : 6678 bytes
!
version 12.4
service timestamps debug datetime msec
service timestamps log datetime msec
no service password-encryption
!
hostname CR-SW1
!
boot-start-marker
boot-end-marker
!
enable secret 5 $1$8.RH$ynW0vME59CauVj5FOaHK5.
!
no aaa new-model
memory-size iomem 5
no ip icmp rate-limit unreachable
ip cef
!
!
!
!
no ip domain lookup
ip domain name gns3.lab
!
multilink bundle-name authenticated
!
!
!
!
!
!
!
!
!
!
!
!
!
!
!
!
!
!
!
!
!
file prompt quiet
username admin password 0 admin
username suhas privilege 15 password 0 cisco123
archive
 log config
  hidekeys
! 
!
!
!
ip tcp synwait-time 5
ip scp server enable
!
!
!
!
interface Loopback190
 ip address 190.1.1.5 255.255.255.0
!
interface FastEthernet0/0
 ip address 123.123.1.15 255.255.255.0
 duplex auto
 speed 100
!
interface FastEthernet0/1
 no ip address
 shutdown
 duplex auto
 speed auto
!
interface FastEthernet1/0
 switchport access vlan 100
 speed 100
!
interface FastEthernet1/1
 switchport access vlan 100
 speed 100
!
interface FastEthernet1/2
 switchport access vlan 200
 speed 100
!
interface FastEthernet1/3
 switchport access vlan 300
 speed 100
!
interface FastEthernet1/4
 switchport access vlan 400
 speed 100
!
interface FastEthernet1/5
 switchport access vlan 1000
 speed 100
!
interface FastEthernet1/6
 speed 100
!
interface FastEthernet1/7
 speed 100
!
interface FastEthernet1/8
 speed 100
!
interface FastEthernet1/9
 speed 100
!
interface FastEthernet1/10
 speed 100
!
interface FastEthernet1/11
 speed 100
!
interface FastEthernet1/12
 speed 100
!
interface FastEthernet1/13
 speed 100
!
interface FastEthernet1/14
 speed 100
!
interface FastEthernet1/15
 speed 100
!
interface Vlan1
 no ip address
!
interface Vlan100
 description ***EIGRP-100-Process***
 ip address 192.168.1.100 255.255.255.0
!
interface Vlan200
 ip address 192.168.200.2 255.255.255.252
!
interface Vlan300
 ip address 192.168.230.2 255.255.255.252
!
interface Vlan400
 ip address 192.188.188.2 255.255.255.252
!
interface Vlan1000
 ip address 192.168.250.2 255.255.255.252
!
router eigrp 200
 redistribute eigrp 300 route-map EIGRP300-->EIGRP200
 redistribute ospf 400 metric 100000 10 255 1 1500 route-map OSPF400-->EIGRP100
 redistribute eigrp 100 route-map EIGRP100-->EIGRP200
 network 192.168.200.0 0.0.0.3
 no auto-summary
!
router eigrp 300
 redistribute eigrp 200 route-map EIGRP200-->EIGRP300
 redistribute ospf 400 metric 100000 10 255 1 1500 route-map OSPF400-->EIGRP100
 redistribute eigrp 100 route-map EIGRP100-->EIGRP300
 network 192.168.230.0 0.0.0.3
 no auto-summary
!
router eigrp 100
 redistribute static route-map STATIC-->EIGRP100
 redistribute eigrp 200 route-map EIGRP200-->EIGRP100
 redistribute eigrp 300 route-map EIGRP300-->EIGRP100
 redistribute ospf 400 metric 100000 10 255 1 1500 route-map OSPF400-->EIGRP100
 network 190.1.1.5 0.0.0.0
 network 192.168.1.0
 auto-summary
!
router ospf 400
 log-adjacency-changes
 redistribute eigrp 200 subnets route-map EIGRP200-->OSPF400
 redistribute eigrp 300 subnets route-map EIGRP300-->OSPF400
 redistribute eigrp 100 metric 1 subnets route-map EIGRP100-->OSPF400
 network 192.188.188.0 0.0.0.3 area 0
!
ip forward-protocol nd
ip route 190.1.1.9 255.255.255.255 192.168.250.1
ip route 191.191.191.191 255.255.255.255 192.168.250.1
ip route 192.192.192.192 255.255.255.255 192.168.250.1
ip route 193.193.193.193 255.255.255.255 192.168.250.1
ip route 194.194.194.194 255.255.255.255 192.168.250.1
ip route 195.195.195.195 255.255.255.255 192.168.250.1
ip route 196.196.196.196 255.255.255.255 192.168.250.1
ip route 197.197.197.197 255.255.255.255 192.168.250.1
ip route 198.198.198.198 255.255.255.255 192.168.250.1
ip route 199.199.199.199 255.255.255.255 192.168.250.1
!
!
no ip http server
no ip http secure-server
!
ip access-list extended interface_acl
 remark Allow EAPoUDP
 permit udp any any eq 21862
 remark Allow DHCP
 permit udp any eq bootpc any eq bootps
 remark Allow DNS
 permit udp any any eq domain
 remark Allow HTTP access to update server
 permit tcp any host 10.0.200.30 eq www
 remark Allow ICMP for test purposes
 permit icmp any any
 remark Implicit Deny
 deny   ip any any
 permit tcp any host 190.1.1.9 eq www
 permit tcp any host 191.191.191.191 eq www
 permit tcp any host 192.192.192.192 eq www
 permit tcp any host 193.193.193.193 eq www
 permit tcp any host 194.194.194.194 eq www
 permit tcp any host 195.195.195.195 eq www
 permit tcp any host 196.196.196.196 eq www
 permit tcp any host 197.197.197.197 eq www
 permit tcp any host 198.198.198.198 eq www
 permit tcp any host 199.199.199.199 eq www
!
!
ip prefix-list STATIC-->EIGRP100 seq 1 permit 0.0.0.0/0 le 32
ip prefix-list STATIC-->EIGRP100 seq 5 permit 0.0.0.0/0 ge 30
access-list 102 deny   tcp any any eq ftp
access-list 102 deny   tcp any any eq ftp-data
access-list 102 deny   tcp any any eq telnet
access-list 102 deny   tcp any any eq www
access-list 102 deny   tcp any any eq whois
access-list 102 deny   tcp any any eq talk
access-list 102 deny   tcp any any eq gopher
access-list 102 permit ip any any
no cdp log mismatch duplex
!
!
!
route-map EIGRP100-->EIGRP300 permit 5
 set tag 100
!
route-map EIGRP100-->EIGRP300 deny 10
 match tag 400
!
route-map EIGRP100-->EIGRP300 deny 15
 match tag 200 300
!
route-map EIGRP100-->EIGRP300 permit 25
 match tag 100 200 300
!
route-map EIGRP300-->EIGRP100 permit 5
 set tag 300
!
route-map EIGRP300-->EIGRP100 deny 10
 match tag 400
!
route-map EIGRP300-->EIGRP100 deny 15
 match tag 100 200
!
route-map EIGRP100-->EIGRP200 permit 5
 set tag 100
!
route-map EIGRP100-->EIGRP200 deny 10
 match tag 400
!
route-map EIGRP200-->EIGRP100 permit 5
 set tag 200
!
route-map EIGRP200-->EIGRP100 deny 10
 match tag 400
!
route-map EIGRP200-->EIGRP100 deny 15
 match tag 100 300
!
route-map EIGRP200-->EIGRP300 permit 5
 set tag 200
!
route-map EIGRP200-->EIGRP300 deny 10
 match tag 400
!
route-map EIGRP200-->EIGRP300 deny 15
 match tag 100 300
!
route-map EIGRP300-->EIGRP200 permit 5
 set tag 300
!
route-map EIGRP300-->EIGRP200 deny 10
 match tag 400
!
route-map EIGRP300-->EIGRP200 deny 15
 match tag 100 200
!
route-map EIGRP300-->EIGRP200 permit 25
 match tag 200 300
!
route-map STATIC-->EIGRP100 permit 10
 match ip address prefix-list STATIC-->EIGRP100
!
route-map EIGRP100-->OSPF400 permit 20
 set tag 100
!
route-map OSPF400-->EIGRP100 permit 20
 set tag 400
!
route-map EIGRP300-->OSPF400 permit 20
 set tag 300
!
route-map EIGRP200-->OSPF400 permit 20
 set tag 200
!
!
!
!
control-plane
!
!
!
!
!
!
!
!
!
!
line con 0
 exec-timeout 0 0
 privilege level 15
 logging synchronous
line aux 0
 exec-timeout 0 0
 privilege level 15
 logging synchronous
line vty 0 4
 login local
 transport input ssh
!
!
end

CR-SW1#
DEBUG:netmiko:read_channel: 
DEBUG:netmiko:write_channel: b'\n'
DEBUG:netmiko:read_channel: 
CR-SW1#
DEBUG:netmiko:read_channel: 
DEBUG:netmiko:[find_prompt()]: prompt is CR-SW1#
DEBUG:netmiko:write_channel: b'\n'
DEBUG:netmiko:read_channel: 
DEBUG:netmiko:write_channel: b'exit\n'
DEBUG:paramiko.transport:EOF in transport thread
DEBUG:netmiko:read_channel: 
CR-SW1#
DEBUG:netmiko:read_channel: 
DEBUG:netmiko:write_channel: b'exit\n'
DEBUG:paramiko.transport:EOF in transport thread
DEBUG:netmiko:read_channel: 
DEBUG:netmiko:read_channel: 
DEBUG:netmiko:write_channel: b'exit\n'
DEBUG:paramiko.transport:EOF in transport thread
DEBUG:netmiko:read_channel: 
DEBUG:netmiko:write_channel: b'exit\n'
DEBUG:paramiko.transport:EOF in transport thread
DEBUG:netmiko:read_channel: 
DEBUG:netmiko:write_channel: b'exit\n'
DEBUG:paramiko.transport:EOF in transport thread
DEBUG:netmiko:read_channel: 
DEBUG:netmiko:write_channel: b'exit\n'
DEBUG:paramiko.transport:EOF in transport thread
DEBUG:netmiko:read_channel: 
DEBUG:netmiko:write_channel: b'exit\n'
DEBUG:paramiko.transport:EOF in transport thread
DEBUG:netmiko:read_channel: 
DEBUG:netmiko:write_channel: b'exit\n'
DEBUG:paramiko.transport:starting thread (client mode): 0x9cb7e5e0
DEBUG:paramiko.transport:Local version/idstring: SSH-2.0-paramiko_2.7.1
DEBUG:paramiko.transport:Remote version/idstring: SSH-2.0-Cisco-1.25
DEBUG:paramiko.transport:starting thread (client mode): 0x9cb736d0
DEBUG:paramiko.transport:starting thread (client mode): 0x9cb92eb0
DEBUG:paramiko.transport:Local version/idstring: SSH-2.0-paramiko_2.7.1
INFO:paramiko.transport:Connected (version 2.0, client Cisco-1.25)
DEBUG:paramiko.transport:starting thread (client mode): 0x9cb7efd0
DEBUG:paramiko.transport:starting thread (client mode): 0x9cb73ee0
DEBUG:paramiko.transport:Local version/idstring: SSH-2.0-paramiko_2.7.1
DEBUG:paramiko.transport:kex algos:['diffie-hellman-group1-sha1'] server key:['ssh-rsa'] client encrypt:['aes128-cbc', '3des-cbc', 'aes192-cbc', 'aes256-cbc'] server encrypt:['aes128-cbc', '3des-cbc', 'aes192-cbc', 'aes256-cbc'] client mac:['hmac-sha1', 'hmac-sha1-96', 'hmac-md5', 'hmac-md5-96'] server mac:['hmac-sha1', 'hmac-sha1-96', 'hmac-md5', 'hmac-md5-96'] client compress:['none'] server compress:['none'] client lang:[''] server lang:[''] kex follows?False
DEBUG:paramiko.transport:Local version/idstring: SSH-2.0-paramiko_2.7.1
DEBUG:paramiko.transport:Kex agreed: diffie-hellman-group1-sha1
DEBUG:paramiko.transport:Local version/idstring: SSH-2.0-paramiko_2.7.1
DEBUG:paramiko.transport:HostKey agreed: ssh-rsa
DEBUG:paramiko.transport:Cipher agreed: aes128-cbc
DEBUG:paramiko.transport:MAC agreed: hmac-sha1
DEBUG:paramiko.transport:Compression agreed: none
DEBUG:paramiko.transport:Remote version/idstring: SSH-2.0-Cisco-1.25
INFO:paramiko.transport:Connected (version 2.0, client Cisco-1.25)
DEBUG:paramiko.transport:Remote version/idstring: SSH-1.99-Cisco-1.25
DEBUG:paramiko.transport:Remote version/idstring: SSH-2.0-Cisco-1.25
DEBUG:paramiko.transport:Remote version/idstring: SSH-2.0-Cisco-1.25
DEBUG:paramiko.transport:starting thread (client mode): 0x9cb7e220
INFO:paramiko.transport:Connected (version 1.99, client Cisco-1.25)
INFO:paramiko.transport:Connected (version 2.0, client Cisco-1.25)
INFO:paramiko.transport:Connected (version 2.0, client Cisco-1.25)
DEBUG:paramiko.transport:Local version/idstring: SSH-2.0-paramiko_2.7.1
DEBUG:paramiko.transport:kex algos:['diffie-hellman-group-exchange-sha1', 'diffie-hellman-group14-sha1', 'diffie-hellman-group1-sha1'] server key:['ssh-rsa'] client encrypt:['aes128-cbc', '3des-cbc', 'aes192-cbc', 'aes256-cbc'] server encrypt:['aes128-cbc', '3des-cbc', 'aes192-cbc', 'aes256-cbc'] client mac:['hmac-sha1', 'hmac-sha1-96', 'hmac-md5', 'hmac-md5-96'] server mac:['hmac-sha1', 'hmac-sha1-96', 'hmac-md5', 'hmac-md5-96'] client compress:['none'] server compress:['none'] client lang:[''] server lang:[''] kex follows?False
DEBUG:paramiko.transport:Kex agreed: diffie-hellman-group-exchange-sha1
DEBUG:paramiko.transport:HostKey agreed: ssh-rsa
DEBUG:paramiko.transport:Cipher agreed: aes128-cbc
DEBUG:paramiko.transport:MAC agreed: hmac-sha1
DEBUG:paramiko.transport:Compression agreed: none
DEBUG:paramiko.transport:kex algos:['diffie-hellman-group-exchange-sha1', 'diffie-hellman-group14-sha1', 'diffie-hellman-group1-sha1'] server key:['ssh-rsa'] client encrypt:['aes128-cbc', '3des-cbc', 'aes192-cbc', 'aes256-cbc'] server encrypt:['aes128-cbc', '3des-cbc', 'aes192-cbc', 'aes256-cbc'] client mac:['hmac-sha1', 'hmac-sha1-96', 'hmac-md5', 'hmac-md5-96'] server mac:['hmac-sha1', 'hmac-sha1-96', 'hmac-md5', 'hmac-md5-96'] client compress:['none'] server compress:['none'] client lang:[''] server lang:[''] kex follows?False
DEBUG:paramiko.transport:Kex agreed: diffie-hellman-group-exchange-sha1
DEBUG:paramiko.transport:HostKey agreed: ssh-rsa
DEBUG:paramiko.transport:Cipher agreed: aes128-cbc
DEBUG:paramiko.transport:MAC agreed: hmac-sha1
DEBUG:paramiko.transport:Compression agreed: none
DEBUG:paramiko.transport:Remote version/idstring: SSH-2.0-Cisco-1.25
INFO:paramiko.transport:Connected (version 2.0, client Cisco-1.25)
DEBUG:paramiko.transport:kex algos:['diffie-hellman-group-exchange-sha1', 'diffie-hellman-group14-sha1', 'diffie-hellman-group1-sha1'] server key:['ssh-rsa'] client encrypt:['aes128-cbc', '3des-cbc', 'aes192-cbc', 'aes256-cbc'] server encrypt:['aes128-cbc', '3des-cbc', 'aes192-cbc', 'aes256-cbc'] client mac:['hmac-sha1', 'hmac-sha1-96', 'hmac-md5', 'hmac-md5-96'] server mac:['hmac-sha1', 'hmac-sha1-96', 'hmac-md5', 'hmac-md5-96'] client compress:['none'] server compress:['none'] client lang:[''] server lang:[''] kex follows?False
DEBUG:paramiko.transport:Kex agreed: diffie-hellman-group-exchange-sha1
DEBUG:paramiko.transport:HostKey agreed: ssh-rsa
DEBUG:paramiko.transport:Cipher agreed: aes128-cbc
DEBUG:paramiko.transport:MAC agreed: hmac-sha1
DEBUG:paramiko.transport:Compression agreed: none
DEBUG:paramiko.transport:starting thread (client mode): 0x9cb73040
DEBUG:paramiko.transport:starting thread (client mode): 0x9cb68b80
DEBUG:paramiko.transport:Local version/idstring: SSH-2.0-paramiko_2.7.1
DEBUG:paramiko.transport:kex algos:['diffie-hellman-group-exchange-sha1', 'diffie-hellman-group14-sha1', 'diffie-hellman-group1-sha1'] server key:['ssh-rsa'] client encrypt:['aes128-cbc', '3des-cbc', 'aes192-cbc', 'aes256-cbc'] server encrypt:['aes128-cbc', '3des-cbc', 'aes192-cbc', 'aes256-cbc'] client mac:['hmac-sha1', 'hmac-sha1-96', 'hmac-md5', 'hmac-md5-96'] server mac:['hmac-sha1', 'hmac-sha1-96', 'hmac-md5', 'hmac-md5-96'] client compress:['none'] server compress:['none'] client lang:[''] server lang:[''] kex follows?False
DEBUG:paramiko.transport:kex algos:['diffie-hellman-group1-sha1'] server key:['ssh-rsa'] client encrypt:['aes128-cbc', '3des-cbc', 'aes192-cbc', 'aes256-cbc'] server encrypt:['aes128-cbc', '3des-cbc', 'aes192-cbc', 'aes256-cbc'] client mac:['hmac-sha1', 'hmac-sha1-96', 'hmac-md5', 'hmac-md5-96'] server mac:['hmac-sha1', 'hmac-sha1-96', 'hmac-md5', 'hmac-md5-96'] client compress:['none'] server compress:['none'] client lang:[''] server lang:[''] kex follows?False
DEBUG:paramiko.transport:Local version/idstring: SSH-2.0-paramiko_2.7.1
DEBUG:paramiko.transport:Kex agreed: diffie-hellman-group-exchange-sha1
DEBUG:paramiko.transport:Kex agreed: diffie-hellman-group1-sha1
DEBUG:paramiko.transport:HostKey agreed: ssh-rsa
DEBUG:paramiko.transport:HostKey agreed: ssh-rsa
DEBUG:paramiko.transport:Cipher agreed: aes128-cbc
DEBUG:paramiko.transport:Cipher agreed: aes128-cbc
DEBUG:paramiko.transport:MAC agreed: hmac-sha1
DEBUG:paramiko.transport:MAC agreed: hmac-sha1
DEBUG:paramiko.transport:Compression agreed: none
DEBUG:paramiko.transport:Compression agreed: none
DEBUG:paramiko.transport:Remote version/idstring: SSH-2.0-Cisco-1.25
INFO:paramiko.transport:Connected (version 2.0, client Cisco-1.25)
DEBUG:paramiko.transport:starting thread (client mode): 0x9cb68af0
DEBUG:paramiko.transport:Got server p (2048 bits)
DEBUG:paramiko.transport:Local version/idstring: SSH-2.0-paramiko_2.7.1
ERROR:paramiko.transport:Exception: Error reading SSH protocol banner
DEBUG:paramiko.transport:kex algos:['diffie-hellman-group-exchange-sha1', 'diffie-hellman-group14-sha1', 'diffie-hellman-group1-sha1'] server key:['ssh-rsa'] client encrypt:['aes128-cbc', '3des-cbc', 'aes192-cbc', 'aes256-cbc'] server encrypt:['aes128-cbc', '3des-cbc', 'aes192-cbc', 'aes256-cbc'] client mac:['hmac-sha1', 'hmac-sha1-96', 'hmac-md5', 'hmac-md5-96'] server mac:['hmac-sha1', 'hmac-sha1-96', 'hmac-md5', 'hmac-md5-96'] client compress:['none'] server compress:['none'] client lang:[''] server lang:[''] kex follows?False
DEBUG:paramiko.transport:Kex agreed: diffie-hellman-group-exchange-sha1
DEBUG:paramiko.transport:HostKey agreed: ssh-rsa
DEBUG:paramiko.transport:Cipher agreed: aes128-cbc
DEBUG:paramiko.transport:MAC agreed: hmac-sha1
DEBUG:paramiko.transport:Remote version/idstring: SSH-2.0-Cisco-1.25
DEBUG:paramiko.transport:Compression agreed: none
INFO:paramiko.transport:Connected (version 2.0, client Cisco-1.25)
DEBUG:paramiko.transport:kex algos:['diffie-hellman-group-exchange-sha1', 'diffie-hellman-group14-sha1', 'diffie-hellman-group1-sha1'] server key:['ssh-rsa'] client encrypt:['aes128-cbc', '3des-cbc', 'aes192-cbc', 'aes256-cbc'] server encrypt:['aes128-cbc', '3des-cbc', 'aes192-cbc', 'aes256-cbc'] client mac:['hmac-sha1', 'hmac-sha1-96', 'hmac-md5', 'hmac-md5-96'] server mac:['hmac-sha1', 'hmac-sha1-96', 'hmac-md5', 'hmac-md5-96'] client compress:['none'] server compress:['none'] client lang:[''] server lang:[''] kex follows?False
DEBUG:paramiko.transport:Kex agreed: diffie-hellman-group-exchange-sha1
DEBUG:paramiko.transport:Got server p (2048 bits)
DEBUG:paramiko.transport:HostKey agreed: ssh-rsa
DEBUG:paramiko.transport:Cipher agreed: aes128-cbc
DEBUG:paramiko.transport:MAC agreed: hmac-sha1
DEBUG:paramiko.transport:Compression agreed: none
DEBUG:paramiko.transport:Got server p (2048 bits)
ERROR:paramiko.transport:Traceback (most recent call last):
ERROR:paramiko.transport:  File "/usr/local/lib/python3.8/dist-packages/paramiko/transport.py", line 2211, in _check_banner
ERROR:paramiko.transport:    buf = self.packetizer.readline(timeout)
ERROR:paramiko.transport:  File "/usr/local/lib/python3.8/dist-packages/paramiko/packet.py", line 380, in readline
ERROR:paramiko.transport:    buf += self._read_timeout(timeout)
ERROR:paramiko.transport:  File "/usr/local/lib/python3.8/dist-packages/paramiko/packet.py", line 609, in _read_timeout
ERROR:paramiko.transport:    raise EOFError()
ERROR:paramiko.transport:EOFError
ERROR:paramiko.transport:
ERROR:paramiko.transport:During handling of the above exception, another exception occurred:
ERROR:paramiko.transport:
ERROR:paramiko.transport:Traceback (most recent call last):
ERROR:paramiko.transport:  File "/usr/local/lib/python3.8/dist-packages/paramiko/transport.py", line 2039, in run
ERROR:paramiko.transport:    self._check_banner()
ERROR:paramiko.transport:  File "/usr/local/lib/python3.8/dist-packages/paramiko/transport.py", line 2215, in _check_banner
ERROR:paramiko.transport:    raise SSHException(
ERROR:paramiko.transport:paramiko.ssh_exception.SSHException: Error reading SSH protocol banner
ERROR:paramiko.transport:
DEBUG:paramiko.transport:Got server p (2048 bits)
DEBUG:paramiko.transport:Got server p (2048 bits)
DEBUG:paramiko.transport:Got server p (2048 bits)
DEBUG:paramiko.transport:kex engine KexGex specified hash_algo <built-in function openssl_sha1>
DEBUG:paramiko.transport:Switch to new keys ...
DEBUG:paramiko.transport:Adding ssh-rsa host key for 123.123.1.14: b'7aea766b56198c00a915d0a620f89c87'
DEBUG:paramiko.transport:kex engine KexGex specified hash_algo <built-in function openssl_sha1>
DEBUG:paramiko.transport:kex engine KexGroup1 specified hash_algo <built-in function openssl_sha1>
DEBUG:paramiko.transport:Switch to new keys ...
DEBUG:paramiko.transport:Adding ssh-rsa host key for 123.123.1.15: b'15c19f48f5899b154df7a80698b56034'
DEBUG:paramiko.transport:Switch to new keys ...
DEBUG:paramiko.transport:Adding ssh-rsa host key for 123.123.1.13: b'cec2a3a33e83b6b9222dbc0e408ca84e'
DEBUG:paramiko.transport:kex engine KexGex specified hash_algo <built-in function openssl_sha1>
DEBUG:paramiko.transport:Switch to new keys ...
DEBUG:paramiko.transport:Adding ssh-rsa host key for 123.123.1.19: b'08ddefb1f4824b884799501ba0cfadd8'
DEBUG:paramiko.transport:kex engine KexGroup1 specified hash_algo <built-in function openssl_sha1>
DEBUG:paramiko.transport:Switch to new keys ...
DEBUG:paramiko.transport:Adding ssh-rsa host key for 123.123.1.11: b'21d1094a344929c9eca5703098b9e67a'
DEBUG:paramiko.transport:kex engine KexGex specified hash_algo <built-in function openssl_sha1>
DEBUG:paramiko.transport:Switch to new keys ...
DEBUG:paramiko.transport:Adding ssh-rsa host key for 123.123.1.16: b'1c85ef063bd93c1565f4826bb82f26fd'
DEBUG:paramiko.transport:userauth is OK
DEBUG:paramiko.transport:userauth is OK
INFO:paramiko.transport:Authentication (password) successful!
DEBUG:paramiko.transport:[chan 0] Max packet in: 32768 bytes
DEBUG:paramiko.transport:[chan 0] Max packet out: 4096 bytes
DEBUG:paramiko.transport:Secsh channel 0 opened.
INFO:paramiko.transport:Authentication (password) successful!
DEBUG:paramiko.transport:[chan 0] Max packet in: 32768 bytes
DEBUG:paramiko.transport:[chan 0] Sesch channel 0 request ok
DEBUG:paramiko.transport:[chan 0] Max packet out: 4096 bytes
DEBUG:paramiko.transport:Secsh channel 0 opened.
DEBUG:paramiko.transport:[chan 0] Sesch channel 0 request ok
DEBUG:paramiko.transport:userauth is OK
DEBUG:paramiko.transport:[chan 0] Sesch channel 0 request ok
DEBUG:paramiko.transport:[chan 0] Sesch channel 0 request ok
INFO:paramiko.transport:Authentication (password) successful!
DEBUG:paramiko.transport:[chan 0] Max packet in: 32768 bytes
DEBUG:paramiko.transport:[chan 0] Max packet out: 4096 bytes
DEBUG:paramiko.transport:Secsh channel 0 opened.
DEBUG:paramiko.transport:userauth is OK
DEBUG:paramiko.transport:[chan 0] Sesch channel 0 request ok
DEBUG:paramiko.transport:userauth is OK
DEBUG:paramiko.transport:[chan 0] Sesch channel 0 request ok
INFO:paramiko.transport:Authentication (password) successful!
DEBUG:paramiko.transport:[chan 0] Max packet in: 32768 bytes
DEBUG:paramiko.transport:[chan 0] Max packet out: 4096 bytes
DEBUG:paramiko.transport:Secsh channel 0 opened.
DEBUG:paramiko.transport:[chan 0] Sesch channel 0 request ok
DEBUG:paramiko.transport:[chan 0] Sesch channel 0 request ok
DEBUG:paramiko.transport:kex engine KexGex specified hash_algo <built-in function openssl_sha1>
DEBUG:paramiko.transport:kex engine KexGex specified hash_algo <built-in function openssl_sha1>
DEBUG:paramiko.transport:Switch to new keys ...
DEBUG:paramiko.transport:Switch to new keys ...
DEBUG:paramiko.transport:Adding ssh-rsa host key for 123.123.1.18: b'a4da7fb29dcdd65dd80304f489202085'
DEBUG:paramiko.transport:Adding ssh-rsa host key for 123.123.1.17: b'7aea8ef985ee2a4c9521fd46af50ff9c'
DEBUG:paramiko.transport:userauth is OK
INFO:paramiko.transport:Authentication (password) successful!
DEBUG:paramiko.transport:[chan 0] Max packet in: 32768 bytes
DEBUG:paramiko.transport:[chan 0] Max packet out: 4096 bytes
DEBUG:paramiko.transport:Secsh channel 0 opened.
DEBUG:paramiko.transport:[chan 0] Sesch channel 0 request ok
DEBUG:paramiko.transport:[chan 0] Sesch channel 0 request ok
DEBUG:paramiko.transport:userauth is OK
DEBUG:paramiko.transport:userauth is OK
INFO:paramiko.transport:Authentication (password) successful!
DEBUG:paramiko.transport:[chan 0] Max packet in: 32768 bytes
INFO:paramiko.transport:Authentication (password) successful!
DEBUG:paramiko.transport:[chan 0] Max packet in: 32768 bytes
DEBUG:paramiko.transport:[chan 0] Max packet out: 4096 bytes
DEBUG:paramiko.transport:Secsh channel 0 opened.
DEBUG:paramiko.transport:[chan 0] Max packet out: 4096 bytes
DEBUG:paramiko.transport:Secsh channel 0 opened.
DEBUG:paramiko.transport:[chan 0] Sesch channel 0 request ok
DEBUG:paramiko.transport:[chan 0] Sesch channel 0 request ok
DEBUG:paramiko.transport:[chan 0] Sesch channel 0 request ok
DEBUG:paramiko.transport:[chan 0] Sesch channel 0 request ok
DEBUG:netmiko:read_channel: 
CR-SW1>
DEBUG:netmiko:read_channel: CR-R2>
DEBUG:netmiko:read_channel: CR-R1>
DEBUG:netmiko:read_channel: 
DEBUG:netmiko:read_channel: 
DEBUG:netmiko:read_channel: DC>
DEBUG:netmiko:read_channel: 
DEBUG:netmiko:read_channel: 
DEBUG:netmiko:read_channel: CAMP-1>
DEBUG:netmiko:read_channel: CAMP-2>
DEBUG:netmiko:read_channel: 
DEBUG:netmiko:read_channel: SD-WN>
DEBUG:netmiko:read_channel: 
DEBUG:netmiko:read_channel: 
INFO:paramiko.transport:Authentication (password) failed.
DEBUG:paramiko.transport:EOF in transport thread
DEBUG:netmiko:read_channel: 
DEBUG:netmiko:read_channel: 
DEBUG:netmiko:read_channel: 
DEBUG:netmiko:read_channel: 
DEBUG:netmiko:write_channel: b'\n'
DEBUG:netmiko:read_channel: 
DEBUG:netmiko:write_channel: b'\n'
DEBUG:netmiko:read_channel: 
DEBUG:netmiko:read_channel: 
DEBUG:netmiko:write_channel: b'\n'
DEBUG:netmiko:read_channel: 
CR-SW1>
DEBUG:netmiko:read_channel: 
CR-R2>
DEBUG:netmiko:read_channel: 
DEBUG:netmiko:write_channel: b'\n'
DEBUG:netmiko:read_channel: 
CR-R1>
DEBUG:netmiko:read_channel: 
DC>
DEBUG:netmiko:read_channel: 
DEBUG:netmiko:read_channel: 
DEBUG:netmiko:[find_prompt()]: prompt is CR-SW1>
DEBUG:netmiko:read_channel: 
DEBUG:netmiko:[find_prompt()]: prompt is CR-R2>
DEBUG:netmiko:read_channel: 
DEBUG:netmiko:[find_prompt()]: prompt is CR-R1>
DEBUG:netmiko:read_channel: 
DEBUG:netmiko:read_channel: 
DEBUG:netmiko:read_channel: 
DEBUG:netmiko:write_channel: b'\n'
DEBUG:netmiko:read_channel: 
DEBUG:netmiko:[find_prompt()]: prompt is DC>
DEBUG:netmiko:read_channel: 
DEBUG:netmiko:write_channel: b'\n'
DEBUG:netmiko:read_channel: 
DEBUG:netmiko:read_channel: 
CAMP-1>
DEBUG:netmiko:write_channel: b'\n'
DEBUG:netmiko:read_channel: 
DEBUG:netmiko:In disable_paging
DEBUG:netmiko:Command: terminal length 0

DEBUG:netmiko:write_channel: b'terminal length 0\n'
DEBUG:netmiko:Pattern is: CR\-SW1
DEBUG:netmiko:read_channel: 
DEBUG:netmiko:In disable_paging
DEBUG:netmiko:Command: terminal length 0

DEBUG:netmiko:write_channel: b'terminal length 0\n'
DEBUG:netmiko:Pattern is: CR\-R2
DEBUG:netmiko:_read_channel_expect read_data: t
DEBUG:netmiko:_read_channel_expect read_data: t
DEBUG:netmiko:read_channel: 
DEBUG:netmiko:In disable_paging
DEBUG:netmiko:Command: terminal length 0

DEBUG:netmiko:write_channel: b'terminal length 0\n'
DEBUG:netmiko:Pattern is: CR\-R1
DEBUG:netmiko:_read_channel_expect read_data: t
DEBUG:netmiko:read_channel: 
CAMP-2>
DEBUG:netmiko:read_channel: 
SD-WN>
DEBUG:netmiko:_read_channel_expect read_data: erminal length 0
CR-R2>
DEBUG:netmiko:Pattern found: CR\-R2 terminal length 0
CR-R2>
DEBUG:netmiko:terminal length 0
CR-R2>
DEBUG:netmiko:Exiting disable_paging
DEBUG:netmiko:write_channel: b'terminal width 511\n'
DEBUG:netmiko:Pattern is: CR\-R2
DEBUG:netmiko:_read_channel_expect read_data: erminal l
DEBUG:netmiko:_read_channel_expect read_data: t
DEBUG:netmiko:read_channel: 
DEBUG:netmiko:In disable_paging
DEBUG:netmiko:Command: terminal length 0

DEBUG:netmiko:write_channel: b'terminal length 0\n'
DEBUG:netmiko:Pattern is: DC
DEBUG:netmiko:_read_channel_expect read_data: t
DEBUG:netmiko:_read_channel_expect read_data: erminal length 0
CR-R1>
DEBUG:netmiko:Pattern found: CR\-R1 terminal length 0
CR-R1>
DEBUG:netmiko:terminal length 0
CR-R1>
DEBUG:netmiko:Exiting disable_paging
DEBUG:netmiko:write_channel: b'terminal width 511\n'
DEBUG:netmiko:Pattern is: CR\-R1
DEBUG:netmiko:_read_channel_expect read_data: t
DEBUG:netmiko:read_channel: 
DEBUG:netmiko:[find_prompt()]: prompt is CAMP-1>
DEBUG:netmiko:_read_channel_expect read_data: ength 0
CR-SW1>
DEBUG:netmiko:Pattern found: CR\-SW1 terminal length 0
CR-SW1>
DEBUG:netmiko:terminal length 0
CR-SW1>
DEBUG:netmiko:Exiting disable_paging
DEBUG:netmiko:write_channel: b'terminal width 511\n'
DEBUG:netmiko:Pattern is: CR\-SW1
DEBUG:netmiko:_read_channel_expect read_data: erminal width 511
CR-R2>
DEBUG:netmiko:Pattern found: CR\-R2 terminal width 511
CR-R2>
DEBUG:netmiko:_read_channel_expect read_data: t
DEBUG:netmiko:_read_channel_expect read_data: erminal length 0
DC>
DEBUG:netmiko:Pattern found: DC terminal length 0
DC>
DEBUG:netmiko:terminal length 0
DC>
DEBUG:netmiko:Exiting disable_paging
DEBUG:netmiko:write_channel: b'terminal width 511\n'
DEBUG:netmiko:Pattern is: DC
DEBUG:netmiko:_read_channel_expect read_data: t
DEBUG:netmiko:read_channel: 
DEBUG:netmiko:[find_prompt()]: prompt is CAMP-2>
DEBUG:netmiko:_read_channel_expect read_data: erminal width 511
CR-R1>
DEBUG:netmiko:Pattern found: CR\-R1 terminal width 511
CR-R1>
DEBUG:netmiko:read_channel: 
DEBUG:netmiko:[find_prompt()]: prompt is SD-WN>
DEBUG:netmiko:_read_channel_expect read_data: erminal w
DEBUG:netmiko:_read_channel_expect read_data: erminal width 511
DC>
DEBUG:netmiko:Pattern found: DC terminal width 511
DC>
DEBUG:netmiko:read_channel: 
DEBUG:netmiko:In disable_paging
DEBUG:netmiko:Command: terminal length 0

DEBUG:netmiko:write_channel: b'terminal length 0\n'
DEBUG:netmiko:Pattern is: CAMP\-1
DEBUG:netmiko:_read_channel_expect read_data: t
DEBUG:netmiko:_read_channel_expect read_data: idth 511
CR-SW1>
DEBUG:netmiko:Pattern found: CR\-SW1 terminal width 511
CR-SW1>
DEBUG:netmiko:read_channel: 
DEBUG:netmiko:In disable_paging
DEBUG:netmiko:Command: terminal length 0

DEBUG:netmiko:write_channel: b'terminal length 0\n'
DEBUG:netmiko:Pattern is: CAMP\-2
DEBUG:netmiko:read_channel: 
DEBUG:netmiko:In disable_paging
DEBUG:netmiko:Command: terminal length 0

DEBUG:netmiko:write_channel: b'terminal length 0\n'
DEBUG:netmiko:Pattern is: SD\-WN
DEBUG:netmiko:_read_channel_expect read_data: t
DEBUG:netmiko:_read_channel_expect read_data: erminal length 0
CAMP-1>
DEBUG:netmiko:Pattern found: CAMP\-1 terminal length 0
CAMP-1>
DEBUG:netmiko:terminal length 0
CAMP-1>
DEBUG:netmiko:Exiting disable_paging
DEBUG:netmiko:_read_channel_expect read_data: te
DEBUG:netmiko:write_channel: b'terminal width 511\n'
DEBUG:netmiko:Pattern is: CAMP\-1
DEBUG:netmiko:_read_channel_expect read_data: te
DEBUG:netmiko:_read_channel_expect read_data: erminal length 0
CAMP-2>
DEBUG:netmiko:Pattern found: CAMP\-2 terminal length 0
CAMP-2>
DEBUG:netmiko:terminal length 0
CAMP-2>
DEBUG:netmiko:Exiting disable_paging
DEBUG:netmiko:write_channel: b'terminal width 511\n'
DEBUG:netmiko:Pattern is: CAMP\-2
DEBUG:netmiko:_read_channel_expect read_data: rminal length 0
SD-WN>
DEBUG:netmiko:Pattern found: SD\-WN terminal length 0
SD-WN>
DEBUG:netmiko:terminal length 0
SD-WN>
DEBUG:netmiko:Exiting disable_paging
DEBUG:netmiko:write_channel: b'terminal width 511\n'
DEBUG:netmiko:Pattern is: SD\-WN
DEBUG:netmiko:_read_channel_expect read_data: t
DEBUG:netmiko:_read_channel_expect read_data: rminal width 511
CAMP-1>
DEBUG:netmiko:Pattern found: CAMP\-1 terminal width 511
CAMP-1>
DEBUG:netmiko:_read_channel_expect read_data: t
DEBUG:netmiko:read_channel: 
DEBUG:netmiko:write_channel: b'\n'
DEBUG:netmiko:Pattern is: CR\-R2
DEBUG:netmiko:_read_channel_expect read_data: 

DEBUG:netmiko:read_channel: 
DEBUG:netmiko:write_channel: b'\n'
DEBUG:netmiko:Pattern is: CR\-R1
DEBUG:netmiko:_read_channel_expect read_data: 

DEBUG:netmiko:_read_channel_expect read_data: erminal width 511
SD-WN>
DEBUG:netmiko:Pattern found: SD\-WN terminal width 511
SD-WN>
DEBUG:netmiko:_read_channel_expect read_data: erminal width 511
CAMP-2>
DEBUG:netmiko:Pattern found: CAMP\-2 terminal width 511
CAMP-2>
DEBUG:netmiko:_read_channel_expect read_data: CR-R2>
DEBUG:netmiko:Pattern found: CR\-R2 
CR-R2>
DEBUG:netmiko:write_channel: b'enable\n'
DEBUG:netmiko:Pattern is: (CR\-R2|ssword)
DEBUG:netmiko:_read_channel_expect read_data: en
DEBUG:netmiko:read_channel: 
DEBUG:netmiko:write_channel: b'\n'
DEBUG:netmiko:Pattern is: DC
DEBUG:netmiko:_read_channel_expect read_data: 
DC>
DEBUG:netmiko:Pattern found: DC 
DC>
DEBUG:netmiko:write_channel: b'enable\n'
DEBUG:netmiko:Pattern is: (DC|ssword)
DEBUG:netmiko:_read_channel_expect read_data: e
DEBUG:netmiko:_read_channel_expect read_data: CR-R1>
DEBUG:netmiko:Pattern found: CR\-R1 
CR-R1>
DEBUG:netmiko:write_channel: b'enable\n'
DEBUG:netmiko:Pattern is: (CR\-R1|ssword)
DEBUG:netmiko:_read_channel_expect read_data: e
DEBUG:netmiko:read_channel: 
DEBUG:netmiko:write_channel: b'\n'
DEBUG:netmiko:Pattern is: CR\-SW1
DEBUG:netmiko:_read_channel_expect read_data: 

DEBUG:netmiko:_read_channel_expect read_data: able
Password: 
DEBUG:netmiko:Pattern found: (CR\-R2|ssword) enable
Password: 
DEBUG:netmiko:write_channel: b'cisco\n'
DEBUG:netmiko:Pattern is: CR\-R2
DEBUG:netmiko:_read_channel_expect read_data: 
CR-R2#
DEBUG:netmiko:Pattern found: CR\-R2 
CR-R2#
DEBUG:netmiko:write_channel: b'\n'
DEBUG:netmiko:Pattern is: CR\-R2
DEBUG:netmiko:_read_channel_expect read_data: 

DEBUG:netmiko:_read_channel_expect read_data: nable
Password: 
DEBUG:netmiko:Pattern found: (DC|ssword) enable
Password: 
DEBUG:netmiko:write_channel: b'cisco\n'
DEBUG:netmiko:Pattern is: DC
DEBUG:netmiko:_read_channel_expect read_data: nable
Password: 
DEBUG:netmiko:Pattern found: (CR\-R1|ssword) enable
Password: 
DEBUG:netmiko:write_channel: b'cisco\n'
DEBUG:netmiko:Pattern is: CR\-R1
DEBUG:netmiko:_read_channel_expect read_data: 
DC#
DEBUG:netmiko:Pattern found: DC 
DC#
DEBUG:netmiko:write_channel: b'\n'
DEBUG:netmiko:Pattern is: DC
DEBUG:netmiko:_read_channel_expect read_data: 

DEBUG:netmiko:_read_channel_expect read_data: 
CR-R1#
DEBUG:netmiko:Pattern found: CR\-R1 
CR-R1#
DEBUG:netmiko:write_channel: b'\n'
DEBUG:netmiko:Pattern is: CR\-R1
DEBUG:netmiko:_read_channel_expect read_data: 

DEBUG:netmiko:_read_channel_expect read_data: CR-SW1>
DEBUG:netmiko:Pattern found: CR\-SW1 
CR-SW1>
DEBUG:netmiko:write_channel: b'enable\n'
DEBUG:netmiko:Pattern is: (CR\-SW1|ssword)
DEBUG:netmiko:_read_channel_expect read_data: e
DEBUG:netmiko:_read_channel_expect read_data: CR-R2#
DEBUG:netmiko:Pattern found: CR\-R2 
CR-R2#
DEBUG:netmiko:read_channel: 
DEBUG:netmiko:write_channel: b'\n'
DEBUG:netmiko:Pattern is: CAMP\-1
DEBUG:netmiko:_read_channel_expect read_data: 

DEBUG:netmiko:_read_channel_expect read_data: DC#
DEBUG:netmiko:Pattern found: DC 
DC#
DEBUG:netmiko:_read_channel_expect read_data: CR-R1#
DEBUG:netmiko:Pattern found: CR\-R1 
CR-R1#
DEBUG:netmiko:_read_channel_expect read_data: nable
Password: 
DEBUG:netmiko:Pattern found: (CR\-SW1|ssword) enable
Password: 
DEBUG:netmiko:write_channel: b'cisco\n'
DEBUG:netmiko:Pattern is: CR\-SW1
DEBUG:netmiko:read_channel: 
DEBUG:netmiko:write_channel: b'\n'
DEBUG:netmiko:read_channel: 
DEBUG:netmiko:write_channel: b'\n'
DEBUG:netmiko:Pattern is: SD\-WN
DEBUG:netmiko:read_channel: 
DEBUG:netmiko:write_channel: b'\n'
DEBUG:netmiko:Pattern is: CAMP\-2
DEBUG:netmiko:_read_channel_expect read_data: 
SD-WN>
DEBUG:netmiko:Pattern found: SD\-WN 
SD-WN>
DEBUG:netmiko:write_channel: b'enable\n'
DEBUG:netmiko:Pattern is: (SD\-WN|ssword)
DEBUG:netmiko:_read_channel_expect read_data: e
DEBUG:netmiko:_read_channel_expect read_data: CAMP-1>
DEBUG:netmiko:_read_channel_expect read_data: 
CAMP-2>
DEBUG:netmiko:Pattern found: CAMP\-1 
CAMP-1>
DEBUG:netmiko:Pattern found: CAMP\-2 
CAMP-2>
DEBUG:netmiko:write_channel: b'enable\n'
DEBUG:netmiko:Pattern is: (CAMP\-1|ssword)
DEBUG:netmiko:write_channel: b'enable\n'
DEBUG:netmiko:Pattern is: (CAMP\-2|ssword)
DEBUG:netmiko:read_channel: 
DEBUG:netmiko:write_channel: b'\n'
DEBUG:netmiko:_read_channel_expect read_data: e
DEBUG:netmiko:_read_channel_expect read_data: 
CR-SW1#
DEBUG:netmiko:_read_channel_expect read_data: e
DEBUG:netmiko:Pattern found: CR\-SW1 
CR-SW1#
DEBUG:netmiko:write_channel: b'\n'
DEBUG:netmiko:Pattern is: CR\-SW1
DEBUG:netmiko:read_channel: 
DEBUG:netmiko:write_channel: b'\n'
DEBUG:netmiko:_read_channel_expect read_data: 

DEBUG:netmiko:read_channel: 
CR-R2#
DEBUG:netmiko:_read_channel_expect read_data: nable
Password: 
DEBUG:netmiko:Pattern found: (SD\-WN|ssword) enable
Password: 
DEBUG:netmiko:write_channel: b'cisco\n'
DEBUG:netmiko:Pattern is: SD\-WN
DEBUG:netmiko:read_channel: 
DC#
DEBUG:netmiko:_read_channel_expect read_data: nable
Password: 
DEBUG:netmiko:Pattern found: (CAMP\-2|ssword) enable
Password: 
DEBUG:netmiko:write_channel: b'cisco\n'
DEBUG:netmiko:Pattern is: CAMP\-2
DEBUG:netmiko:_read_channel_expect read_data: nable
Password: 
DEBUG:netmiko:Pattern found: (CAMP\-1|ssword) enable
Password: 
DEBUG:netmiko:write_channel: b'cisco\n'
DEBUG:netmiko:Pattern is: CAMP\-1
DEBUG:netmiko:read_channel: 
CR-R1#
DEBUG:netmiko:_read_channel_expect read_data: CR-SW1#
DEBUG:netmiko:Pattern found: CR\-SW1 
CR-SW1#
DEBUG:netmiko:_read_channel_expect read_data: 
CAMP-1#
DEBUG:netmiko:_read_channel_expect read_data: 
CAMP-2#
DEBUG:netmiko:Pattern found: CAMP\-1 
CAMP-1#
DEBUG:netmiko:_read_channel_expect read_data: 
SD-WN#
DEBUG:netmiko:Pattern found: CAMP\-2 
CAMP-2#
DEBUG:netmiko:Pattern found: SD\-WN 
SD-WN#
DEBUG:netmiko:write_channel: b'\n'
DEBUG:netmiko:write_channel: b'\n'
DEBUG:netmiko:Pattern is: CAMP\-1
DEBUG:netmiko:write_channel: b'\n'
DEBUG:netmiko:Pattern is: CAMP\-2
DEBUG:netmiko:Pattern is: SD\-WN
DEBUG:netmiko:_read_channel_expect read_data: 

DEBUG:netmiko:_read_channel_expect read_data: 

DEBUG:netmiko:_read_channel_expect read_data: 

DEBUG:netmiko:read_channel: 
DEBUG:netmiko:write_channel: b'\n'
DEBUG:netmiko:_read_channel_expect read_data: CAMP-2#
DEBUG:netmiko:Pattern found: CAMP\-2 
CAMP-2#
DEBUG:netmiko:_read_channel_expect read_data: SD-WN#
DEBUG:netmiko:Pattern found: SD\-WN 
SD-WN#
DEBUG:netmiko:_read_channel_expect read_data: CAMP-1#
DEBUG:netmiko:Pattern found: CAMP\-1 
CAMP-1#
DEBUG:netmiko:read_channel: 
DEBUG:netmiko:[find_prompt()]: prompt is CR-R2#
DEBUG:netmiko:read_channel: 
DEBUG:netmiko:[find_prompt()]: prompt is DC#
DEBUG:netmiko:read_channel: 
DEBUG:netmiko:[find_prompt()]: prompt is CR-R1#
DEBUG:netmiko:read_channel: 
CR-SW1#
DEBUG:netmiko:read_channel: 
DEBUG:netmiko:read_channel: 
DEBUG:netmiko:write_channel: b'\n'
DEBUG:netmiko:read_channel: 
DEBUG:netmiko:write_channel: b'\n'
DEBUG:netmiko:write_channel: b'\n'
DEBUG:netmiko:read_channel: 
CAMP-2#
DEBUG:netmiko:read_channel: 
CAMP-1#
DEBUG:netmiko:read_channel: 
SD-WN#
DEBUG:netmiko:read_channel: 
DEBUG:netmiko:[find_prompt()]: prompt is CR-SW1#
DEBUG:netmiko:read_channel: 
DEBUG:netmiko:write_channel: b'show run\n'
DEBUG:netmiko:Pattern is: show\ run
DEBUG:netmiko:_read_channel_expect read_data: s
DEBUG:netmiko:read_channel: 
DEBUG:netmiko:write_channel: b'show run\n'
DEBUG:netmiko:Pattern is: show\ run
DEBUG:netmiko:_read_channel_expect read_data: s
DEBUG:netmiko:read_channel: 
DEBUG:netmiko:write_channel: b'show run\n'
DEBUG:netmiko:Pattern is: show\ run
DEBUG:netmiko:_read_channel_expect read_data: s
DEBUG:netmiko:read_channel: 
DEBUG:netmiko:[find_prompt()]: prompt is CAMP-2#
DEBUG:netmiko:read_channel: 
DEBUG:netmiko:[find_prompt()]: prompt is CAMP-1#
DEBUG:netmiko:read_channel: 
DEBUG:netmiko:[find_prompt()]: prompt is SD-WN#
DEBUG:netmiko:_read_channel_expect read_data: how run
Building configuration...

DEBUG:netmiko:Pattern found: show\ run show run
Building configuration...

DEBUG:netmiko:_read_channel_expect read_data: how run
Building configuration...

DEBUG:netmiko:Pattern found: show\ run show run
Building configuration...

DEBUG:netmiko:_read_channel_expect read_data: how run
Building configuration...

DEBUG:netmiko:Pattern found: show\ run show run
Building configuration...

DEBUG:netmiko:read_channel: 
DEBUG:netmiko:write_channel: b'show run\n'
DEBUG:netmiko:Pattern is: show\ run
DEBUG:netmiko:_read_channel_expect read_data: s
DEBUG:netmiko:read_channel: 
DEBUG:netmiko:read_channel: 
DEBUG:netmiko:read_channel: 
DEBUG:netmiko:_read_channel_expect read_data: how run
Building configuration...

DEBUG:netmiko:Pattern found: show\ run show run
Building configuration...

DEBUG:netmiko:read_channel: 
DEBUG:netmiko:read_channel: 
DEBUG:netmiko:read_channel: 
DEBUG:netmiko:write_channel: b'show run\n'
DEBUG:netmiko:Pattern is: show\ run
DEBUG:netmiko:write_channel: b'show run\n'
DEBUG:netmiko:write_channel: b'show run\n'
DEBUG:netmiko:Pattern is: show\ run
DEBUG:netmiko:Pattern is: show\ run
DEBUG:netmiko:_read_channel_expect read_data: show
DEBUG:netmiko:_read_channel_expect read_data: show r
DEBUG:netmiko:_read_channel_expect read_data: show run
Building configuration...

DEBUG:netmiko:Pattern found: show\ run show run
Building configuration...

DEBUG:netmiko:_read_channel_expect read_data:  run
Building configuration...

DEBUG:netmiko:Pattern found: show\ run show run
Building configuration...

DEBUG:netmiko:_read_channel_expect read_data: un
Building configuration...

DEBUG:netmiko:Pattern found: show\ run show run
Building configuration...

DEBUG:netmiko:read_channel: 
DEBUG:netmiko:read_channel: 
DEBUG:netmiko:read_channel: 
DEBUG:netmiko:read_channel: 
DEBUG:netmiko:read_channel: 
DEBUG:netmiko:read_channel: 
DEBUG:netmiko:read_channel: 
DEBUG:netmiko:read_channel: 
DEBUG:netmiko:read_channel: 
DEBUG:netmiko:read_channel: 
DEBUG:netmiko:read_channel: 
DEBUG:netmiko:read_channel: 
DEBUG:netmiko:read_channel: 
DEBUG:netmiko:read_channel: 
DEBUG:netmiko:read_channel: 
DEBUG:netmiko:read_channel: 
DEBUG:netmiko:read_channel: 
Current configuration : 3084 bytes
!
version 15.2
service timestamps debug datetime msec
service timestamps log datetime msec
!
hostname CR-R1
!
boot-start-marker
boot-end-marker
!
!
enable secret 5 $1$J5ER$46bCgENUD.e77PisBrQdD.
!
no aaa new-model
no ip icmp rate-limit unreachable
ip cef
!
!
!
!
!
!
no ip domain lookup
ip domain name gns3.lab
no ipv6 cef
!
!
multilink bundle-name authenticated
!
!
file prompt quiet
!
!
!
!
!
username admin password 0 admin
username suhas privilege 15 password 0 cisco123
!
!
ip tcp synwait-time 5
ip ssh version 2
ip scp server enable
! 
!
!
!
!
!
!
!
!
!
!
!
interface Loopback190
 ip address 190.1.1.3 255.255.255.255
!
interface FastEthernet0/0
 ip address 172.16.1.1 255.255.255.252
 duplex full
!
interface FastEthernet1/0
 ip address 192.168.1.1 255.255.255.0
 speed auto
 duplex full
!
interface FastEthernet1/1
 no ip address
 shutdown
 speed auto
 duplex full
!
interface FastEthernet2/0
 no ip address
 shutdown
 speed auto
 duplex full
!
interface FastEthernet2/1
 no ip address
 shutdown
 speed auto
 duplex full
!
interface FastEthernet3/0
 description *****MNGMT*****
 ip address 123.123.1.13 255.255.255.0
 speed auto
 duplex full
!
interface FastEthernet3/1
 no ip address
 shutdown
 speed auto
 duplex full
!
!
router eigrp 100
 network 190.1.1.3 0.0.0.0
 network 192.168.1.0
 redistribute bgp 2000 metric 1000 1 255 1 1500
!
router bgp 2000
 bgp log-neighbor-changes
 network 172.16.1.0 mask 255.255.255.252
 network 190.1.1.3 mask 255.255.255.255
 redistribute connected
 redistribute static
 redistribute eigrp 100
 neighbor 172.16.1.2 remote-as 1000
 neighbor 172.16.1.2 next-hop-self
!
ip forward-protocol nd
!
!
no ip http server
no ip http secure-server
!
ip access-list extended interface_acl
 remark Allow EAPoUDP
 permit udp any any eq 21862
 remark Allow DHCP
 permit udp any eq bootpc any eq bootps
 remark Allow DNS
 permit udp any any eq domain
 remark Allow HTTP access to update server
 permit tcp any host 10.0.200.30 eq www
 remark Allow ICMP for test purposes
 permit icmp any any
 remark Implicit Deny
 deny   ip any any
 permit tcp any host 190.1.1.9 eq www
 permit tcp any host 191.191.191.191 eq www
 permit tcp any host 192.192.192.192 eq www
 permit tcp any host 193.193.193.193 eq www
 permit tcp any host 194.194.194.194 eq www
 permit tcp any host 195.195.195.195 eq www
 permit tcp any host 196.196.196.196 eq www
 permit tcp any host 197.197.197.197 eq www
 permit tcp any host 198.198.198.198 eq www
 permit tcp any host 199.199.199.199 eq www
!
access-list 102 deny   tcp any any eq ftp
access-list 102 deny   tcp any any eq ftp-data
access-list 102 deny   tcp any any eq telnet
access-list 102 deny   tcp any any eq www
access-list 102 deny   tcp any any eq whois
access-list 102 deny   tcp any any eq talk
access-list 102 deny   tcp any any eq gopher
access-list 102 permit ip any any
!
!
!
control-plane
!
!
line con 0
 exec-timeout 0 0
 privilege level 15
 logging synchronous
 stopbits 1
line aux 0
 exec-timeout 0 0
 privilege level 15
 logging synchronous
 stopbits 1
line vty 0 4
 login local
 transport input ssh
!
!
end

CR-R1#
DEBUG:netmiko:read_channel: 
DEBUG:netmiko:read_channel: 
DEBUG:netmiko:read_channel: 
DEBUG:netmiko:write_channel: b'\n'
DEBUG:netmiko:read_channel: 
DEBUG:netmiko:read_channel: 
DEBUG:netmiko:read_channel: 
DEBUG:netmiko:read_channel: 
Current configuration : 4919 bytes
!
version 15.2
service timestamps debug datetime msec
service timestamps log datetime msec
!
hostname DC
!
boot-start-marker
boot-end-marker
!
!
enable secret 5 $1$0GG.$wX7GdL4sBKwe.Y3TpOk9D/
!
no aaa new-model
no ip icmp rate-limit unreachable
ip cef
!
!
!
!
!
!
no ip domain lookup
ip domain name gns3.lab
no ipv6 cef
!
!
multilink bundle-name authenticated
!
!
file prompt quiet
!
!
!
!
!
username admin password 0 admin
username suhas privilege 15 password 0 cisco123
!
!
ip tcp synwait-time 5
ip ssh version 2
ip scp server enable
! 
!
!
!
!
!
!
!
!
!
!
!
interface Loopback190
 ip address 190.1.1.9 255.255.255.255
!
interface Loopback191
 ip address 191.191.191.191 255.255.255.255
!
interface Loopback192
 ip address 192.192.192.192 255.255.255.255
!
interface Loopback193
 ip address 193.193.193.193 255.255.255.255
!
interface Loopback194
 ip address 194.194.194.194 255.255.255.255
!
interface Loopback195
 ip address 195.195.195.195 255.255.255.255
!
interface Loopback196
 ip address 196.196.196.196 255.255.255.255
!
interface Loopback199
 ip address 199.199.199.199 255.255.255.255
!
interface FastEthernet0/0
 ip address 192.168.250.1 255.255.255.252
 duplex full
!
interface FastEthernet1/0
 no ip address
 shutdown
 speed auto
 duplex full
!
interface FastEthernet1/1
 no ip address
 shutdown
 speed auto
 duplex full
!
interface FastEthernet2/0
 no ip address
 shutdown
 speed auto
 duplex full
!
interface FastEthernet2/1
 no ip address
 shutdown
 speed auto
 duplex full
!
interface FastEthernet3/0
 description *****MNGMT*****
 ip address 123.123.1.19 255.255.255.0
 speed auto
 duplex full
!
interface FastEthernet3/1
 no ip address
 shutdown
 speed auto
 duplex full
!
ip forward-protocol nd
!
!
no ip http server
no ip http secure-server
ip route 1.1.1.1 255.255.255.255 192.168.250.2 tag 900
ip route 2.2.2.2 255.255.255.255 192.168.250.2 tag 900
ip route 22.22.22.22 255.255.255.255 192.168.250.2 tag 900
ip route 92.168.230.1 255.255.255.255 192.168.250.2 tag 900
ip route 100.100.100.100 255.255.255.255 192.168.250.2 tag 900
ip route 101.101.101.101 255.255.255.255 192.168.250.2 tag 900
ip route 110.110.110.110 255.255.255.255 192.168.250.2 tag 900
ip route 111.111.111.111 255.255.255.255 192.168.250.2 tag 900
ip route 151.151.151.151 255.255.255.255 192.168.250.2 tag 900
ip route 152.152.152.152 255.255.255.255 192.168.250.2 tag 900
ip route 153.153.153.153 255.255.255.255 192.168.250.2 tag 900
ip route 154.154.154.154 255.255.255.255 192.168.250.2 tag 900
ip route 155.155.155.155 255.255.255.255 192.168.250.2 tag 900
ip route 156.156.156.156 255.255.255.255 192.168.250.2 tag 900
ip route 157.157.157.157 255.255.255.255 192.168.250.2 tag 900
ip route 158.158.158.158 255.255.255.255 192.168.250.2 tag 900
ip route 172.16.1.1 255.255.255.255 192.168.250.2 tag 900
ip route 172.16.2.1 255.255.255.255 192.168.250.2 tag 900
ip route 190.1.1.1 255.255.255.255 192.168.250.2 tag 900
ip route 190.1.1.2 255.255.255.255 192.168.250.2 tag 900
ip route 190.1.1.3 255.255.255.255 192.168.250.2 tag 900
ip route 190.1.1.4 255.255.255.255 192.168.250.2 tag 900
ip route 190.1.1.6 255.255.255.255 192.168.250.2 tag 900
ip route 192.168.1.1 255.255.255.255 192.168.250.2 tag 900
ip route 192.168.1.2 255.255.255.255 192.168.250.2 tag 900
ip route 192.168.200.1 255.255.255.255 192.168.250.2 tag 900
ip route 202.202.202.202 255.255.255.255 192.168.250.2 tag 900
ip route 220.220.220.220 255.255.255.255 192.168.250.2 tag 900
ip route 222.222.222.222 255.255.255.255 192.168.250.2 tag 900
!
ip access-list extended interface_acl
 remark Allow EAPoUDP
 permit udp any any eq 21862
 remark Allow DHCP
 permit udp any eq bootpc any eq bootps
 remark Allow DNS
 permit udp any any eq domain
 remark Allow HTTP access to update server
 permit tcp any host 10.0.200.30 eq www
 remark Allow ICMP for test purposes
 permit icmp any any
 remark Implicit Deny
 deny   ip any any
 permit tcp any host 190.1.1.9 eq www
 permit tcp any host 191.191.191.191 eq www
 permit tcp any host 192.192.192.192 eq www
 permit tcp any host 193.193.193.193 eq www
 permit tcp any host 194.194.194.194 eq www
 permit tcp any host 195.195.195.195 eq www
 permit tcp any host 196.196.196.196 eq www
 permit tcp any host 197.197.197.197 eq www
 permit tcp any host 198.198.198.198 eq www
 permit tcp any host 199.199.199.199 eq www
!
access-list 102 deny   tcp any any eq ftp
access-list 102 deny   tcp any any eq ftp-data
access-list 102 deny   tcp any any eq telnet
access-list 102 deny   tcp any any eq www
access-list 102 deny   tcp any any eq whois
access-list 102 deny   tcp any any eq talk
access-list 102 deny   tcp any any eq gopher
access-list 102 permit ip any any
!
!
!
control-plane
!
!
line con 0
 exec-timeout 0 0
 privilege level 15
 logging synchronous
 stopbits 1
line aux 0
 exec-timeout 0 0
 privilege level 15
 logging synchronous
 stopbits 1
line vty 0 4
 login local
 transport input ssh
!
!
end

DC#
DEBUG:netmiko:read_channel: 
CR-R1#
DEBUG:netmiko:read_channel: 
DEBUG:netmiko:read_channel: 
DEBUG:netmiko:read_channel: 
DEBUG:netmiko:write_channel: b'\n'
DEBUG:netmiko:read_channel: 
DEBUG:netmiko:read_channel: 
DEBUG:netmiko:read_channel: 
Current configuration : 3105 bytes
!
version 15.2
service timestamps debug datetime msec
service timestamps log datetime msec
!
hostname CR-R2
!
boot-start-marker
boot-end-marker
!
!
enable secret 5 $1$i..4$rZ2z9h4GAg9loR94iXdlL/
!
no aaa new-model
no ip icmp rate-limit unreachable
ip cef
!
!
!
!
!
!
no ip domain lookup
ip domain name gns3.lab
no ipv6 cef
!
!
multilink bundle-name authenticated
!
!
file prompt quiet
!
!
!
!
!
username admin password 0 admin
username suhas privilege 15 password 0 cisco123
!
!
ip tcp synwait-time 5
ip ssh version 2
ip scp server enable
! 
!
!
!
!
!
!
!
!
!
!
!
interface Loopback190
 ip address 190.1.1.4 255.255.255.255
!
interface FastEthernet0/0
 ip address 172.16.2.1 255.255.255.252
 duplex full
!
interface FastEthernet1/0
 ip address 192.168.1.2 255.255.255.0
 speed auto
 duplex full
!
interface FastEthernet1/1
 no ip address
 shutdown
 speed auto
 duplex full
!
interface FastEthernet2/0
 no ip address
 shutdown
 speed auto
 duplex full
!
interface FastEthernet2/1
 no ip address
 shutdown
 speed auto
 duplex full
!
interface FastEthernet3/0
 description *****MNGMT*****
 ip address 123.123.1.14 255.255.255.0
 speed auto
 duplex full
!
interface FastEthernet3/1
 no ip address
 shutdown
 speed auto
 duplex full
!
!
router eigrp 100
 network 190.1.1.4 0.0.0.0
 network 192.168.1.0
 redistribute static
 redistribute bgp 4000 metric 1000 1 255 1 1500
!
router bgp 4000
 bgp log-neighbor-changes
 network 172.16.2.0 mask 255.255.255.252
 network 190.1.1.4 mask 255.255.255.255
 redistribute connected
 redistribute static
 redistribute eigrp 100
 neighbor 172.16.2.2 remote-as 3000
 neighbor 172.16.2.2 next-hop-self
!
ip forward-protocol nd
!
!
no ip http server
no ip http secure-server
!
ip access-list extended interface_acl
 remark Allow EAPoUDP
 permit udp any any eq 21862
 remark Allow DHCP
 permit udp any eq bootpc any eq bootps
 remark Allow DNS
 permit udp any any eq domain
 remark Allow HTTP access to update server
 permit tcp any host 10.0.200.30 eq www
 remark Allow ICMP for test purposes
 permit icmp any any
 remark Implicit Deny
 deny   ip any any
 permit tcp any host 190.1.1.9 eq www
 permit tcp any host 191.191.191.191 eq www
 permit tcp any host 192.192.192.192 eq www
 permit tcp any host 193.193.193.193 eq www
 permit tcp any host 194.194.194.194 eq www
 permit tcp any host 195.195.195.195 eq www
 permit tcp any host 196.196.196.196 eq www
 permit tcp any host 197.197.197.197 eq www
 permit tcp any host 198.198.198.198 eq www
 permit tcp any host 199.199.199.199 eq www
!
access-list 102 deny   tcp any any eq ftp
access-list 102 deny   tcp any any eq ftp-data
access-list 102 deny   tcp any any eq telnet
access-list 102 deny   tcp any any eq www
access-list 102 deny   tcp any any eq whois
access-list 102 deny   tcp any any eq talk
access-list 102 deny   tcp any any eq gopher
access-list 102 permit ip any any
!
!
!
control-plane
!
!
line con 0
 exec-timeout 0 0
 privilege level 15
 logging synchronous
 stopbits 1
line aux 0
 exec-timeout 0 0
 privilege level 15
 logging synchronous
 stopbits 1
line vty 0 4
 login local
 transport input ssh
!
!
end

CR-R2#
DEBUG:netmiko:read_channel: 
DC#
DEBUG:netmiko:read_channel: 
DEBUG:netmiko:[find_prompt()]: prompt is CR-R1#
DEBUG:netmiko:write_channel: b'\n'
DEBUG:netmiko:read_channel: 
DEBUG:netmiko:read_channel: 
DEBUG:netmiko:read_channel: 
DEBUG:netmiko:write_channel: b'\n'
DEBUG:netmiko:read_channel: 
CR-R1#
DEBUG:netmiko:read_channel: 
DEBUG:netmiko:read_channel: 
Current configuration : 3681 bytes
!
version 15.2
service timestamps debug datetime msec
service timestamps log datetime msec
!
hostname CAMP-2
!
boot-start-marker
boot-end-marker
!
!
enable secret 5 $1$QAlH$Fdg5xcW3AlGPC1psLQ6wV/
!
no aaa new-model
no ip icmp rate-limit unreachable
ip cef
!
!
!
!
!
!
no ip domain lookup
ip domain name gns3.lab
no ipv6 cef
!
!
multilink bundle-name authenticated
!
!
file prompt quiet
!
!
!
!
!
username admin password 0 admin
username suhas privilege 15 password 0 cisco123
!
!
ip tcp synwait-time 5
ip ssh version 2
ip scp server enable
! 
!
!
!
!
!
!
!
!
!
!
!
interface Loopback161
 ip address 161.161.161.161 255.255.255.255
!
interface Loopback162
 ip address 162.162.162.162 255.255.255.255
!
interface Loopback163
 ip address 163.163.163.163 255.255.255.255
!
interface Loopback164
 ip address 164.164.164.164 255.255.255.255
!
interface Loopback165
 ip address 165.165.165.165 255.255.255.255
!
interface Loopback166
 ip address 166.166.166.166 255.255.255.255
!
interface Loopback167
 ip address 167.167.167.167 255.255.255.255
!
interface Loopback168
 ip address 168.168.168.168 255.255.255.255
!
interface Loopback169
 ip address 169.169.169.169 255.255.255.255
!
interface Loopback190
 ip address 190.1.1.7 255.255.255.255
!
interface FastEthernet0/0
 ip address 192.168.230.1 255.255.255.252
 duplex full
!
interface FastEthernet1/0
 no ip address
 shutdown
 speed auto
 duplex full
!
interface FastEthernet1/1
 no ip address
 shutdown
 speed auto
 duplex full
!
interface FastEthernet2/0
 no ip address
 shutdown
 speed auto
 duplex full
!
interface FastEthernet2/1
 no ip address
 shutdown
 speed auto
 duplex full
!
interface FastEthernet3/0
 description *****MNGMT*****
 ip address 123.123.1.17 255.255.255.0
 speed auto
 duplex full
!
interface FastEthernet3/1
 no ip address
 shutdown
 speed auto
 duplex full
!
!
router eigrp 300
 network 161.161.161.161 0.0.0.0
 network 162.162.162.162 0.0.0.0
 network 163.163.163.163 0.0.0.0
 network 164.164.164.164 0.0.0.0
 network 165.165.165.165 0.0.0.0
 network 166.166.166.166 0.0.0.0
 network 167.167.167.167 0.0.0.0
 network 168.168.168.168 0.0.0.0
 network 169.169.169.169 0.0.0.0
 network 190.1.1.7 0.0.0.0
 network 192.168.230.0 0.0.0.3
!
ip forward-protocol nd
!
!
no ip http server
no ip http secure-server
!
ip access-list extended interface_acl
 remark Allow EAPoUDP
 permit udp any any eq 21862
 remark Allow DHCP
 permit udp any eq bootpc any eq bootps
 remark Allow DNS
 permit udp any any eq domain
 remark Allow HTTP access to update server
 permit tcp any host 10.0.200.30 eq www
 remark Allow ICMP for test purposes
 permit icmp any any
 remark Implicit Deny
 deny   ip any any
 permit tcp any host 190.1.1.9 eq www
 permit tcp any host 191.191.191.191 eq www
 permit tcp any host 192.192.192.192 eq www
 permit tcp any host 193.193.193.193 eq www
 permit tcp any host 194.194.194.194 eq www
 permit tcp any host 195.195.195.195 eq www
 permit tcp any host 196.196.196.196 eq www
 permit tcp any host 197.197.197.197 eq www
 permit tcp any host 198.198.198.198 eq www
 permit tcp any host 199.199.199.199 eq www
!
access-list 102 deny   tcp any any eq ftp
access-list 102 deny   tcp any any eq ftp-data
access-list 102 deny   tcp any any eq telnet
access-list 102 deny   tcp any any eq www
access-list 102 deny   tcp any any eq whois
access-list 102 deny   tcp any any eq talk
access-list 102 deny   tcp any any eq gopher
access-list 102 permit ip any any
!
!
!
control-plane
!
!
line con 0
 exec-timeout 0 0
 privilege level 15
 logging synchronous
 stopbits 1
line aux 0
 exec-timeout 0 0
 privilege level 15
 logging synchronous
 stopbits 1
line vty 0 4
 login local
 transport input ssh
!
!
end

CAMP-2#
DEBUG:netmiko:read_channel: 
CR-R2#
DEBUG:netmiko:read_channel: 
DEBUG:netmiko:[find_prompt()]: prompt is DC#
DEBUG:netmiko:write_channel: b'\n'
DEBUG:netmiko:read_channel: 
DEBUG:netmiko:read_channel: 
DEBUG:netmiko:read_channel: 
DEBUG:netmiko:write_channel: b'\n'
DEBUG:netmiko:read_channel: 
Current configuration : 4726 bytes
!
version 15.2
service timestamps debug datetime msec
service timestamps log datetime msec
!
hostname SD-WN
!
boot-start-marker
boot-end-marker
!
!
enable secret 5 $1$BB11$ZRC4nDH3N0R8Q4EoUxmRw0
!
no aaa new-model
no ip icmp rate-limit unreachable
ip cef
!
!
!
!
!
!
no ip domain lookup
ip domain name gns3.lab
no ipv6 cef
!
!
multilink bundle-name authenticated
!
!
file prompt quiet
!
!
!
!
!
username admin password 0 admin
username suhas privilege 15 password 0 cisco123
!
!
ip tcp synwait-time 5
ip ssh version 2
ip scp server enable
! 
!
!
!
!
!
!
!
!
!
!
!
interface Loopback171
 ip address 171.171.171.171 255.255.255.255
!
interface Loopback172
 ip address 172.172.172.172 255.255.255.255
!
interface Loopback173
 ip address 173.173.173.173 255.255.255.255
!
interface Loopback174
 ip address 174.174.174.174 255.255.255.255
!
interface Loopback175
 ip address 175.175.175.175 255.255.255.255
!
interface Loopback176
 ip address 176.176.176.176 255.255.255.255
!
interface Loopback177
 ip address 177.177.177.177 255.255.255.255
!
interface Loopback178
 ip address 178.178.178.178 255.255.255.255
!
interface Loopback179
 ip address 179.179.179.179 255.255.255.255
!
interface Loopback180
 ip address 180.180.180.180 255.255.255.255
!
interface Loopback181
 ip address 181.181.181.181 255.255.255.255
!
interface Loopback182
 ip address 182.182.182.182 255.255.255.255
!
interface Loopback183
 ip address 183.183.183.183 255.255.255.255
!
interface Loopback184
 ip address 184.184.184.184 255.255.255.255
!
interface Loopback185
 ip address 185.185.185.185 255.255.255.255
!
interface Loopback186
 ip address 186.186.186.186 255.255.255.255
!
interface Loopback188
 ip address 188.188.188.188 255.255.255.255
!
interface Loopback189
 ip address 189.189.189.189 255.255.255.255
!
interface Loopback190
 ip address 190.1.1.8 255.255.255.255
!
interface FastEthernet0/0
 ip address 192.188.188.1 255.255.255.252
 duplex full
!
interface FastEthernet1/0
 no ip address
 shutdown
 speed auto
 duplex full
!
interface FastEthernet1/1
 no ip address
 shutdown
 speed auto
 duplex full
!
interface FastEthernet2/0
 no ip address
 shutdown
 speed auto
 duplex full
!
interface FastEthernet2/1
 no ip address
 shutdown
 speed auto
 duplex full
!
interface FastEthernet3/0
 description *****MNGMT*****
 ip address 123.123.1.18 255.255.255.0
 speed auto
 duplex full
!
interface FastEthernet3/1
 no ip address
 shutdown
 speed auto
 duplex full
!
router ospf 400
 network 171.171.171.171 0.0.0.0 area 0
 network 172.172.172.172 0.0.0.0 area 0
 network 173.173.173.173 0.0.0.0 area 0
 network 174.174.174.174 0.0.0.0 area 0
 network 175.175.175.175 0.0.0.0 area 0
 network 176.176.176.176 0.0.0.0 area 0
 network 177.177.177.177 0.0.0.0 area 0
 network 178.178.178.178 0.0.0.0 area 0
 network 179.179.179.179 0.0.0.0 area 0
 network 180.180.180.180 0.0.0.0 area 0
 network 181.181.181.181 0.0.0.0 area 0
 network 182.182.182.182 0.0.0.0 area 0
 network 183.183.183.183 0.0.0.0 area 0
 network 184.184.184.184 0.0.0.0 area 0
 network 185.185.185.185 0.0.0.0 area 0
 network 186.186.186.186 0.0.0.0 area 0
 network 188.188.188.188 0.0.0.0 area 0
 network 189.189.189.189 0.0.0.0 area 0
 network 190.1.1.8 0.0.0.0 area 0
 network 192.188.188.0 0.0.0.3 area 0
!
ip forward-protocol nd
!
!
no ip http server
no ip http secure-server
!
ip access-list extended interface_acl
 remark Allow EAPoUDP
 permit udp any any eq 21862
 remark Allow DHCP
 permit udp any eq bootpc any eq bootps
 remark Allow DNS
 permit udp any any eq domain
 remark Allow HTTP access to update server
 permit tcp any host 10.0.200.30 eq www
 remark Allow ICMP for test purposes
 permit icmp any any
 remark Implicit Deny
 deny   ip any any
 permit tcp any host 190.1.1.9 eq www
 permit tcp any host 191.191.191.191 eq www
 permit tcp any host 192.192.192.192 eq www
 permit tcp any host 193.193.193.193 eq www
 permit tcp any host 194.194.194.194 eq www
 permit tcp any host 195.195.195.195 eq www
 permit tcp any host 196.196.196.196 eq www
 permit tcp any host 197.197.197.197 eq www
 permit tcp any host 198.198.198.198 eq www
 permit tcp any host 199.199.199.199 eq www
!
access-list 102 deny   tcp any any eq ftp
access-list 102 deny   tcp any any eq ftp-data
access-list 102 deny   tcp any any eq telnet
access-list 102 deny   tcp any any eq www
access-list 102 deny   tcp any any eq whois
access-list 102 deny   tcp any any eq talk
access-list 102 deny   tcp any any eq gopher
access-list 102 permit ip any any
!
!
!
control-plane
!
!
line con 0
 exec-timeout 0 0
 privilege level 15
 logging synchronous
 stopbits 1
line aux 0
 exec-timeout 0 0
 privilege level 15
 logging synchronous
 stopbits 1
line vty 0 4
 login local
 transport input ssh
!
!
end

SD-WN#
DEBUG:netmiko:read_channel: 
DC#
DEBUG:netmiko:read_channel: 
Current configuration : 3681 bytes
!
version 15.2
service timestamps debug datetime msec
service timestamps log datetime msec
!
hostname CAMP-1
!
boot-start-marker
boot-end-marker
!
!
enable secret 5 $1$05Vq$r3p416FsB1kWN6zuIKyMN.
!
no aaa new-model
no ip icmp rate-limit unreachable
ip cef
!
!
!
!
!
!
no ip domain lookup
ip domain name gns3.lab
no ipv6 cef
!
!
multilink bundle-name authenticated
!
!
file prompt quiet
!
!
!
!
!
username admin password 0 admin
username suhas privilege 15 password 0 cisco123
!
!
ip tcp synwait-time 5
ip ssh version 2
ip scp server enable
! 
!
!
!
!
!
!
!
!
!
!
!
interface Loopback151
 ip address 151.151.151.151 255.255.255.255
!
interface Loopback152
 ip address 152.152.152.152 255.255.255.255
!
interface Loopback153
 ip address 153.153.153.153 255.255.255.255
!
interface Loopback154
 ip address 154.154.154.154 255.255.255.255
!
interface Loopback155
 ip address 155.155.155.155 255.255.255.255
!
interface Loopback156
 ip address 156.156.156.156 255.255.255.255
!
interface Loopback157
 ip address 157.157.157.157 255.255.255.255
!
interface Loopback158
 ip address 158.158.158.158 255.255.255.255
!
interface Loopback159
 ip address 159.159.159.159 255.255.255.255
!
interface Loopback190
 ip address 190.1.1.6 255.255.255.255
!
interface FastEthernet0/0
 ip address 192.168.200.1 255.255.255.252
 duplex full
!
interface FastEthernet1/0
 no ip address
 shutdown
 speed auto
 duplex full
!
interface FastEthernet1/1
 no ip address
 shutdown
 speed auto
 duplex full
!
interface FastEthernet2/0
 no ip address
 shutdown
 speed auto
 duplex full
!
interface FastEthernet2/1
 no ip address
 shutdown
 speed auto
 duplex full
!
interface FastEthernet3/0
 description *****MNGMT*****
 ip address 123.123.1.16 255.255.255.0
 speed auto
 duplex full
!
interface FastEthernet3/1
 no ip address
 shutdown
 speed auto
 duplex full
!
!
router eigrp 200
 network 151.151.151.151 0.0.0.0
 network 152.152.152.152 0.0.0.0
 network 153.153.153.153 0.0.0.0
 network 154.154.154.154 0.0.0.0
 network 155.155.155.155 0.0.0.0
 network 156.156.156.156 0.0.0.0
 network 157.157.157.157 0.0.0.0
 network 158.158.158.158 0.0.0.0
 network 159.159.159.159 0.0.0.0
 network 190.1.1.6 0.0.0.0
 network 192.168.200.0 0.0.0.3
!
ip forward-protocol nd
!
!
no ip http server
no ip http secure-server
!
ip access-list extended interface_acl
 remark Allow EAPoUDP
 permit udp any any eq 21862
 remark Allow DHCP
 permit udp any eq bootpc any eq bootps
 remark Allow DNS
 permit udp any any eq domain
 remark Allow HTTP access to update server
 permit tcp any host 10.0.200.30 eq www
 remark Allow ICMP for test purposes
 permit icmp any any
 remark Implicit Deny
 deny   ip any any
 permit tcp any host 190.1.1.9 eq www
 permit tcp any host 191.191.191.191 eq www
 permit tcp any host 192.192.192.192 eq www
 permit tcp any host 193.193.193.193 eq www
 permit tcp any host 194.194.194.194 eq www
 permit tcp any host 195.195.195.195 eq www
 permit tcp any host 196.196.196.196 eq www
 permit tcp any host 197.197.197.197 eq www
 permit tcp any host 198.198.198.198 eq www
 permit tcp any host 199.199.199.199 eq www
!
access-list 102 deny   tcp any any eq ftp
access-list 102 deny   tcp any any eq ftp-data
access-list 102 deny   tcp any any eq telnet
access-list 102 deny   tcp any any eq www
access-list 102 deny   tcp any any eq whois
access-list 102 deny   tcp any any eq talk
access-list 102 deny   tcp any any eq gopher
access-list 102 permit ip any any
!
!
!
control-plane
!
!
line con 0
 exec-timeout 0 0
 privilege level 15
 logging synchronous
 stopbits 1
line aux 0
 exec-timeout 0 0
 privilege level 15
 logging synchronous
 stopbits 1
line vty 0 4
 login local
 transport input ssh
!
!
end

CAMP-1#
DEBUG:netmiko:read_channel: 
CAMP-2#
DEBUG:netmiko:read_channel: 
DEBUG:netmiko:write_channel: b'\n'
DEBUG:netmiko:read_channel: 
DEBUG:netmiko:[find_prompt()]: prompt is CR-R2#
DEBUG:netmiko:write_channel: b'\n'
DEBUG:netmiko:read_channel: 
DEBUG:netmiko:read_channel: 
DEBUG:netmiko:read_channel: 
DEBUG:netmiko:write_channel: b'\n'
DEBUG:netmiko:read_channel: 
SD-WN#
DEBUG:netmiko:read_channel: 
CR-R2#
DEBUG:netmiko:read_channel: 
CAMP-1#
DEBUG:netmiko:read_channel: 
DEBUG:netmiko:[find_prompt()]: prompt is CAMP-2#
DEBUG:netmiko:write_channel: b'\n'
DEBUG:netmiko:read_channel: 
DEBUG:netmiko:read_channel: 
DEBUG:netmiko:read_channel: 
CAMP-2#
DEBUG:netmiko:read_channel: 
DEBUG:netmiko:[find_prompt()]: prompt is SD-WN#
DEBUG:netmiko:write_channel: b'\n'
DEBUG:netmiko:read_channel: 
DEBUG:netmiko:[find_prompt()]: prompt is CAMP-1#
DEBUG:netmiko:write_channel: b'\n'
DEBUG:netmiko:read_channel: 
DEBUG:netmiko:read_channel: 
SD-WN#
DEBUG:netmiko:read_channel: 
DEBUG:netmiko:read_channel: 
CAMP-1#
DEBUG:netmiko:read_channel: 
DEBUG:netmiko:read_channel: 
DEBUG:netmiko:read_channel: 
DEBUG:netmiko:read_channel: 
Current configuration : 6678 bytes
!
version 12.4
service timestamps debug datetime msec
service timestamps log datetime msec
no service password-encryption
!
hostname CR-SW1
!
boot-start-marker
boot-end-marker
!
enable secret 5 $1$8.RH$ynW0vME59CauVj5FOaHK5.
!
no aaa new-model
memory-size iomem 5
no ip icmp rate-limit unreachable
ip cef
!
!
!
!
no ip domain lookup
ip domain name gns3.lab
!
multilink bundle-name authenticated
!
!
!
!
!
!
!
!
!
!
!
!
!
!
!
!
!
!
!
!
!
file prompt quiet
username admin password 0 admin
username suhas privilege 15 password 0 cisco123
archive
 log config
  hidekeys
! 
!
!
!
ip tcp synwait-time 5
ip scp server enable
!
!
!
!
interface Loopback190
 ip address 190.1.1.5 255.255.255.0
!
interface FastEthernet0/0
 ip address 123.123.1.15 255.255.255.0
 duplex auto
 speed 100
!
interface FastEthernet0/1
 no ip address
 shutdown
 duplex auto
 speed auto
!
interface FastEthernet1/0
 switchport access vlan 100
DEBUG:netmiko:read_channel: 
 speed 100
!
interface FastEthernet1/1
 switchport access vlan 100
 speed 100
!
interface FastEthernet1/2
 switchport access vlan 200
 speed 100
!
interface FastEthernet1/3
 switchport access vlan 300
 speed 100
!
interface FastEthernet1/4
 switchport access vlan 400
 speed 100
!
interface FastEthernet1/5
 switchport access vlan 1000
 speed 100
!
interface FastEthernet1/6
 speed 100
!
interface FastEthernet1/7
 speed 100
!
interface FastEthernet1/8
 speed 100
!
interface FastEthernet1/9
 speed 100
!
interface FastEthernet1/10
 speed 100
!
interface FastEthernet1/11
 speed 100
!
interface FastEthernet1/12
 speed 100
!
interface FastEthernet1/13
 speed 100
!
interface FastEthernet1/14
 speed 100
!
interface FastEthernet1/15
 speed 100
!
interface Vlan1
 no ip address
!
interface Vlan100
 description ***EIGRP-100-Process***
 ip address 192.168.1.100 255.255.255.0
!
interface Vlan200
 ip address 192.168.200.2 255.255.255.252
!
interface Vlan300
 ip address 192.168.230.2 255.255.255.252
!
interface Vlan400
 ip address 192.188.188.2 255.255.255.252
!
interface Vlan1000
 ip address 192.168.250.2 255.255.255.252
!
router eigrp 200
 redistribute eigrp 300 route-map EIGRP300-->EIGRP200
 redistribute ospf 400 metric 100000 10 255 1 1500 route-map OSPF400-->EIGRP100
 redistribute eigrp 100 route-map EIGRP100-->EIGRP200
 network 192.168.200.0 0.0.0.3
 no auto-summary
!
router eigrp 300
 redistribute eigrp 200 route-map EIGRP200-->EIGRP300
 redistribute ospf 400 metric 100000 10 255 1 1500 route-map OSPF400-->EIGRP100
 redistribute eigrp 100 route-map EIGRP100-->EIGRP300
 network 192.168.230.0 0.0.0.3
 no auto-summary
!
router eigrp 100
 redistribute static route-map STATIC-->EIGRP100
 redistribute eigrp 200 route-map EIGRP200-->EIGRP100
 redistribute eigrp 300 route-map EIGRP300-->EIGRP100
 redistribute ospf 400 metric 100000 10 255 1 1500 route-map OSPF400-->EIGRP100
 network 190.1.1.5 0.0.0.0
 network 192.168.1.0
 auto-summary
!
router ospf 400
 log-adjacency-changes
 redistribute eigrp 200 subnets route-map EIGRP200-->OSPF400
 redistribute eigrp 300 subnets route-map EIGRP300-->OSPF400
 redistribute eigrp 100 metric 1 subnets route-map EIGRP100-->OSPF400
 network 192.188.188.0 0.0.0.3 area 0
!
ip forward-protocol nd
ip route 190.1.1.9 255.255.255.255 192.168.250.1
ip route 191.191.191.191 255.255.255.255 192.168.250.1
ip route 192.192.192.192 255.255.255.255 192.168.250.1
ip route 193.193.193.193 255.255.255.255 192.168.250.1
ip route 194.194.194.194 255.255.255.255 192.168.250.1
ip route 195.195.195.195 255.255.255.255 192.168.250.1
ip route 196.196.196.196 255.255.255.255 192.168.250.1
ip route 197.197.197.197 255.255.255.255 192.168.250.1
ip route 198.198.198.198 255.255.255.255 192.168.250.1
ip route 199.199.199.199 255.255.255.255 192.168.250.1
!
!
no ip http server
no ip http secure-server
!
ip access-list extended interface_acl
 remark Allow EAPoUDP
 permit udp any any eq 21862
 remark Allow DHCP
 permit udp any eq bootpc any eq bootps
 remark Allow DNS
 permit udp any any eq domain
 remark Allow HTTP access to update server
 permit tcp any host 10.0.200.30 eq www
 remark Allow ICMP for test purposes
 permit icmp any any
 remark Implicit Deny
 deny   ip any any
 permit tcp any host 190.1.1.9 eq www
 permit tcp any host 191.191.191.191 eq www
 permit tcp any host 192.192.192.192 eq www
 permit tcp any host 193.193.193.193 eq www
 permit tcp any host 194.194.194.194 eq www
 permit tcp any host 195.195.195.195 eq www
 permit tcp any host 196.196.196.196 eq www
 permit tcp any host 197.197.197.197 eq www
 permit tcp any host 198.198.198.198 eq www
 permit tcp any host 199.199.199.199 eq www
!
!
ip prefix-list STATIC-->EIGRP100 seq 1 permit 0.0.0.0/0 le 32
ip prefix-list STATIC-->EIGRP100 seq 5 permit 0.0.0.0/0 ge 30
access-list 102 deny   tcp any any eq ftp
access-list 102 deny   tcp any any eq ftp-data
access-list 102 deny   tcp any any eq telnet
access-list 102 deny   tcp any any eq www
access-list 102 deny   tcp any any eq whois
access-list 102 deny   tcp any any eq talk
access-list 102 deny   tcp any any eq gopher
access-list 102 permit ip any any
no cdp log mismatch duplex
!
!
!
route-map EIGRP100-->EIGRP300 permit 5
 set tag 100
!
route-map EIGRP100-->EIGRP300 deny 10
 match tag 400
!
route-map EIGRP100-->EIGRP300 deny 15
 match tag 200 300
!
route-map EIGRP100-->EIGRP300 permit 25
 match tag 100 200 300
!
route-map EIGRP300-->EIGRP100 permit 5
 set tag 300
!
route-map EIGRP300-->EIGRP100 deny 10
 match tag 400
!
route-map EIGRP300-->EIGRP100 deny 15
 match tag 100 200
!
route-map EIGRP100-->EIGRP200 permit 5
 set tag 100
!
route-map EIGRP100-->EIGRP200 deny 10
 match tag 400
!
route-map EIGRP200-->EIGRP100 permit 5
 set tag 200
!
route-map EIGRP200-->EIGRP100 deny 10
 match tag 400
!
route-map EIGRP200-->EIGRP100 deny 15
 match tag 100 300
!
route-map EIGRP200-->EIGRP300 permit 5
 set tag 200
!
route-map EIGRP200-->EIGRP300 deny 10
 match tag 400
!
route-map EIGRP200-->EIGRP300 deny 15
 match tag 100 300
!
route-map EIGRP300-->EIGRP200 permit 5
 set tag 300
!
route-map EIGRP300-->EIGRP200 deny 10
 match tag 400
!
route-map EIGRP300-->EIGRP200 deny 15
 match tag 100 200
!
route-map EIGRP300-->EIGRP200 permit 25
 match tag 200 300
!
route-map STATIC-->EIGRP100 permit 10
 match ip address prefix-list STATIC-->EIGRP100
!
route-map EIGRP100-->OSPF400 permit 20
 set tag 100
!
route-map OSPF400-->EIGRP100 permit 20
 set tag 400
!
route-map EIGRP300-->OSPF400 permit 20
 set tag 300
!
route-map EIGRP200-->OSPF400 permit 20
 set tag 200
!
!
!
!
control-plane
!
!
!
!
!
!
!
!
!
!
line con 0
 exec-timeout 0 0
 privilege level 15
 logging synchronous
line aux 0
 exec-timeout 0 0
 privilege level 15
 logging synchronous
line vty 0 4
 login local
 transport input ssh
!
!
end

CR-SW1#
DEBUG:netmiko:read_channel: 
DEBUG:netmiko:write_channel: b'\n'
DEBUG:netmiko:read_channel: 
CR-SW1#
DEBUG:netmiko:read_channel: 
DEBUG:netmiko:[find_prompt()]: prompt is CR-SW1#
DEBUG:netmiko:write_channel: b'\n'
DEBUG:netmiko:read_channel: 
CR-SW1#
DEBUG:netmiko:read_channel: 
DEBUG:netmiko:read_channel: 
DEBUG:netmiko:write_channel: b'exit\n'
DEBUG:paramiko.transport:EOF in transport thread
DEBUG:netmiko:read_channel: 
DEBUG:netmiko:write_channel: b'exit\n'
DEBUG:paramiko.transport:EOF in transport thread
DEBUG:netmiko:read_channel: 
DEBUG:netmiko:write_channel: b'exit\n'
DEBUG:paramiko.transport:EOF in transport thread
DEBUG:netmiko:read_channel: 
DEBUG:netmiko:write_channel: b'exit\n'
DEBUG:paramiko.transport:EOF in transport thread
DEBUG:netmiko:read_channel: 
DEBUG:netmiko:write_channel: b'exit\n'
DEBUG:paramiko.transport:EOF in transport thread
DEBUG:netmiko:read_channel: 
DEBUG:netmiko:write_channel: b'exit\n'
DEBUG:paramiko.transport:EOF in transport thread
DEBUG:netmiko:read_channel: 
DEBUG:netmiko:write_channel: b'exit\n'
